layer at (0,0) size 800x600 clip at (0,0) size 785x600 scrollHeight 611
  LayoutView at (0,0) size 800x600
layer at (0,0) size 785x600
  LayoutBlockFlow {HTML} at (0,0) size 785x600
    LayoutBlockFlow {BODY} at (8,8) size 769x576
      LayoutBlockFlow {P} at (0,0) size 769x20
        LayoutText {#text} at (0,0) size 133x19
          text run at (0,0) width 133: "This is to test a fix for "
        LayoutInline {A} at (0,0) size 66x19 [color=#0000EE]
          LayoutText {#text} at (133,0) size 66x19
            text run at (133,0) width 66: "bug 26660"
        LayoutText {#text} at (199,0) size 4x19
          text run at (199,0) width 4: "."
      LayoutBlockFlow {P} at (0,560) size 769x0
layer at (8,103) size 252x50 transparent
  LayoutBlockFlow {DIV} at (0,95) size 252x50 [border: (1px solid #008000)]
    LayoutText {#text} at (1,4) size 248x44
      text run at (1,4) width 248: "Straight \x{916}\x{94B}\x{91C}\x{947}\x{902} \x{92C}\x{941}\x{927}\x{935}\x{93E}\x{930} \x{915}\x{940} \x{938}\x{941}\x{92C}\x{939} \x{939}\x{94B}\x{928}\x{947} \x{935}\x{93E}\x{932}\x{93E} \x{92A}\x{942}\x{930}\x{94D}\x{923}"
      text run at (1,29) width 50: "123 abc"
layer at (8,228) size 252x58 transparent
  LayoutBlockFlow {DIV} at (0,220) size 252x58 [border: (1px solid #008000)]
    LayoutText {#text} at (1,4) size 227x47
      text run at (1,4) width 227: "Now rotated \x{916}\x{94B}\x{91C}\x{947}\x{902} \x{92C}\x{941}\x{927}\x{935}\x{93E}\x{930} \x{915}\x{940} \x{938}\x{941}\x{92C}\x{939} \x{939}\x{94B}\x{928}\x{947}"
      text run at (1,32) width 103: "\x{935}\x{93E}\x{932}\x{93E} \x{92A}\x{942}\x{930}\x{94D}\x{923} 123 abc"
layer at (8,361) size 252x58 transparent
  LayoutBlockFlow {DIV} at (0,353) size 252x58 [border: (1px solid #008000)]
    LayoutText {#text} at (1,4) size 227x47
      text run at (1,4) width 227: "Now rotated \x{916}\x{94B}\x{91C}\x{947}\x{902} \x{92C}\x{941}\x{927}\x{935}\x{93E}\x{930} \x{915}\x{940} \x{938}\x{941}\x{92C}\x{939} \x{939}\x{94B}\x{928}\x{947}"
      text run at (1,32) width 103: "\x{935}\x{93E}\x{932}\x{93E} \x{92A}\x{942}\x{930}\x{94D}\x{923} 123 abc"
layer at (8,494) size 252x58 transparent
  LayoutBlockFlow {DIV} at (0,486) size 252x58 [border: (1px solid #008000)]
    LayoutText {#text} at (1,4) size 227x47
      text run at (1,4) width 114: "Now rotated \x{916}\x{94B}\x{91C}\x{947}\x{902} "
      text run at (115,4) width 113: "\x{92C}\x{941}\x{927}\x{935}\x{93E}\x{930} \x{915}\x{940} \x{938}\x{941}\x{92C}\x{939} \x{939}\x{94B}\x{928}\x{947}"
      text run at (1,32) width 103: "\x{935}\x{93E}\x{932}\x{93E} \x{92A}\x{942}\x{930}\x{94D}\x{923} 123 abc"
