layer at (0,0) size 800x600
  LayoutView at (0,0) size 800x600
layer at (0,0) size 800x600
  LayoutBlockFlow {HTML} at (0,0) size 800x600
    LayoutBlockFlow {BODY} at (8,8) size 784x584
      LayoutBlockFlow {P} at (0,0) size 784x20
        LayoutText {#text} at (0,0) size 721x19
          text run at (0,0) width 721: "This tests for a bug where deleting from the start of a paragraph after a table would leave the caret in the wrong position."
      LayoutBlockFlow {DIV} at (0,36) size 784x50
        LayoutTable {TABLE} at (0,0) size 335x30 [border: (1px outset #808080)]
          LayoutTableSection {TBODY} at (1,1) size 333x28
            LayoutTableRow {TR} at (0,2) size 333x24
              LayoutTableCell {TD} at (2,2) size 323x24 [border: (1px inset #808080)] [r=0 c=0 rs=1 cs=1]
                LayoutText {#text} at (2,2) size 319x19
                  text run at (2,2) width 319: "The caret should be between these two parenthesis: ("
              LayoutTableCell {TD} at (327,12) size 4x4 [border: (1px inset #808080)] [r=0 c=1 rs=1 cs=1]
        LayoutBlockFlow {DIV} at (0,30) size 784x20
          LayoutText {#text} at (0,0) size 9x19
            text run at (0,0) width 9: ")."
caret: position 0 of child 0 {#text} of child 1 {DIV} of child 2 {DIV} of body
