layer at (0,0) size 800x600
  LayoutView at (0,0) size 800x600
layer at (0,0) size 800x600
  LayoutBlockFlow {HTML} at (0,0) size 800x600
    LayoutBlockFlow {BODY} at (8,8) size 784x584
      LayoutBlockFlow {P} at (0,0) size 784x40
        LayoutText {#text} at (0,0) size 758x39
          text run at (0,0) width 758: "This tests to see that deleting a selection that starts just before a table and ends inside the table does not insert a placeholder br"
          text run at (0,20) width 86: "unnecessarily. "
          text run at (85,20) width 243: "You should see two ToDos, one empty. "
          text run at (327,20) width 261: "The caret should be just before the second."
      LayoutBlockFlow {DIV} at (0,56) size 784x52
        LayoutTable {TABLE} at (0,0) size 127x26
          LayoutTableSection {TBODY} at (0,0) size 127x26
            LayoutTableRow {TR} at (0,2) size 127x22
              LayoutTableCell {TD} at (2,2) size 15x22 [r=0 c=0 rs=1 cs=1]
                LayoutText {#text} at (1,1) size 13x19
                  text run at (1,1) width 13: "\x{21D2}"
              LayoutTableCell {TD} at (19,2) size 89x22 [r=0 c=1 rs=1 cs=1]
                LayoutText {#text} at (1,1) size 87x19
                  text run at (1,1) width 87: "ToDo Content"
              LayoutTableCell {TD} at (110,2) size 15x22 [r=0 c=2 rs=1 cs=1]
                LayoutText {#text} at (1,1) size 13x19
                  text run at (1,1) width 13: "\x{21E3}"
        LayoutTable {TABLE} at (0,26) size 40x26
          LayoutTableSection {TBODY} at (0,0) size 40x26
            LayoutTableRow {TR} at (0,2) size 40x22
              LayoutTableCell {TD} at (2,2) size 15x22 [r=0 c=0 rs=1 cs=1]
                LayoutText {#text} at (1,1) size 13x19
                  text run at (1,1) width 13: "\x{21D2}"
              LayoutTableCell {TD} at (19,2) size 2x22 [r=0 c=1 rs=1 cs=1]
              LayoutTableCell {TD} at (23,2) size 15x22 [r=0 c=2 rs=1 cs=1]
                LayoutText {#text} at (1,1) size 13x19
                  text run at (1,1) width 13: "\x{21E3}"
caret: position 0 of child 3 {TABLE} of child 2 {DIV} of body
