EDITING DELEGATE: webViewDidChangeSelection:WebViewDidChangeSelectionNotification
EDITING DELEGATE: webViewDidChangeSelection:WebViewDidChangeSelectionNotification
EDITING DELEGATE: webViewDidChangeSelection:WebViewDidChangeSelectionNotification
EDITING DELEGATE: webViewDidChangeSelection:WebViewDidChangeSelectionNotification
EDITING DELEGATE: webViewDidChangeSelection:WebViewDidChangeSelectionNotification
EDITING DELEGATE: webViewDidChangeSelection:WebViewDidChangeSelectionNotification
EDITING DELEGATE: webViewDidChange:WebViewDidChangeNotification
layer at (0,0) size 800x600
  LayoutView at (0,0) size 800x600
layer at (0,0) size 800x600
  LayoutBlockFlow {HTML} at (0,0) size 800x600
    LayoutBlockFlow {BODY} at (8,8) size 784x584
      LayoutBlockFlow {DIV} at (0,0) size 784x84 [border: (2px solid #FF0000)]
        LayoutBlockFlow {DIV} at (14,14) size 756x56
          LayoutText {#text} at (0,0) size 82x27
            text run at (0,0) width 82: "OneTwo"
          LayoutBR {BR} at (81,21) size 1x0
          LayoutText {#text} at (0,28) size 56x27
            text run at (0,28) width 56: "Three"
caret: position 4 of child 0 {#text} of child 1 {DIV} of child 1 {DIV} of body
