EDITING DELEGATE: webViewDidChangeSelection:WebViewDidChangeSelectionNotification
EDITING DELEGATE: webViewDidChangeSelection:WebViewDidChangeSelectionNotification
EDITING DELEGATE: webViewDidChangeSelection:WebViewDidChangeSelectionNotification
EDITING DELEGATE: webViewDidChangeSelection:WebViewDidChangeSelectionNotification
EDITING DELEGATE: webViewDidChangeSelection:WebViewDidChangeSelectionNotification
EDITING DELEGATE: webViewDidChangeSelection:WebViewDidChangeSelectionNotification
EDITING DELEGATE: webViewDidChangeSelection:WebViewDidChangeSelectionNotification
EDITING DELEGATE: webViewDidChangeSelection:WebViewDidChangeSelectionNotification
EDITING DELEGATE: webViewDidChangeSelection:WebViewDidChangeSelectionNotification
EDITING DELEGATE: webViewDidChange:WebViewDidChangeNotification
layer at (0,0) size 800x600
  LayoutView at (0,0) size 800x600
layer at (0,0) size 800x600
  LayoutBlockFlow {HTML} at (0,0) size 800x600
    LayoutBlockFlow {BODY} at (8,8) size 784x584 [border: (2px solid #FF0000)]
      LayoutBlockFlow {DIV} at (14,14) size 756x28
        LayoutInline {B} at (0,0) size 25x26
          LayoutText {#text} at (0,0) size 25x26
            text run at (0,0) width 25: "on"
        LayoutInline {I} at (0,0) size 12x27
          LayoutText {#text} at (25,0) size 12x27
            text run at (25,0) width 12: "o"
      LayoutBlockFlow {DIV} at (14,42) size 756x28
        LayoutInline {B} at (0,0) size 54x26
          LayoutText {#text} at (0,0) size 54x26
            text run at (0,0) width 54: "three"
        LayoutInline {I} at (0,0) size 43x27
          LayoutText {#text} at (53,0) size 43x27
            text run at (53,0) width 43: "four"
caret: position 2 of child 0 {#text} of child 0 {B} of child 1 {DIV} of body
