EDITING DELEGATE: webViewDidChangeSelection:WebViewDidChangeSelectionNotification
EDITING DELEGATE: webViewDidChangeSelection:WebViewDidChangeSelectionNotification
EDITING DELEGATE: webViewDidChangeSelection:WebViewDidChangeSelectionNotification
EDITING DELEGATE: webViewDidChangeSelection:WebViewDidChangeSelectionNotification
EDITING DELEGATE: webViewDidChangeSelection:WebViewDidChangeSelectionNotification
EDITING DELEGATE: webViewDidChangeSelection:WebViewDidChangeSelectionNotification
EDITING DELEGATE: webViewDidChangeSelection:WebViewDidChangeSelectionNotification
EDITING DELEGATE: webViewDidChangeSelection:WebViewDidChangeSelectionNotification
EDITING DELEGATE: webViewDidChangeSelection:WebViewDidChangeSelectionNotification
EDITING DELEGATE: webViewDidChangeSelection:WebViewDidChangeSelectionNotification
EDITING DELEGATE: webViewDidChange:WebViewDidChangeNotification
layer at (0,0) size 800x600
  LayoutView at (0,0) size 800x600
layer at (0,0) size 800x600
  LayoutBlockFlow {HTML} at (0,0) size 800x600
    LayoutBlockFlow {BODY} at (8,8) size 784x584
      LayoutBlockFlow (anonymous) at (0,0) size 784x20
        LayoutText {#text} at (0,0) size 288x19
          text run at (0,0) width 288: "Should see a blank line between \"foo\" and \"baz\""
      LayoutBlockFlow {DIV} at (0,20) size 784x24
      LayoutBlockFlow {DIV} at (0,44) size 784x112 [border: (2px solid #FF0000)]
        LayoutBlockFlow {DIV} at (14,14) size 756x28
          LayoutText {#text} at (0,0) size 32x27
            text run at (0,0) width 32: "foo"
        LayoutBlockFlow (anonymous) at (14,42) size 756x28
          LayoutBR {BR} at (0,0) size 0x27
        LayoutBlockFlow {DIV} at (14,70) size 756x28
          LayoutText {#text} at (0,0) size 33x27
            text run at (0,0) width 33: "baz"
caret: position 0 of child 2 {BR} of child 3 {DIV} of body
