EDITING DELEGATE: webViewDidChangeSelection:WebViewDidChangeSelectionNotification
EDITING DELEGATE: webViewDidChangeSelection:WebViewDidChangeSelectionNotification
EDITING DELEGATE: webViewDidChangeSelection:WebViewDidChangeSelectionNotification
EDITING DELEGATE: webViewDidChangeSelection:WebViewDidChangeSelectionNotification
EDITING DELEGATE: webViewDidChangeSelection:WebViewDidChangeSelectionNotification
EDITING DELEGATE: webViewDidChange:WebViewDidChangeNotification
layer at (0,0) size 800x600
  LayoutView at (0,0) size 800x600
layer at (0,0) size 800x600
  LayoutBlockFlow {HTML} at (0,0) size 800x600
    LayoutBlockFlow {BODY} at (8,8) size 784x584
      LayoutBlockFlow {DIV} at (0,0) size 784x238 [border: (2px solid #0000FF)]
        LayoutBlockFlow {DIV} at (14,14) size 756x83
          LayoutText {#text} at (0,0) size 64x26
            text run at (0,0) width 64: "Tests: "
          LayoutBR {BR} at (0,0) size 0x0
          LayoutText {#text} at (0,27) size 730x55
            text run at (0,27) width 730: "Deleting when a selection starts in a blank line created by a BR element and"
            text run at (0,55) width 345: "extends to the end of the document."
        LayoutBlockFlow {DIV} at (14,113) size 756x111
          LayoutText {#text} at (0,0) size 189x26
            text run at (0,0) width 189: "Expected Results: "
          LayoutBR {BR} at (189,21) size 0x0
          LayoutText {#text} at (0,27) size 733x83
            text run at (0,27) width 707: "Should see the two lines in the red box. First line should be \"A\". Next one"
            text run at (0,55) width 733: "should be empty. Insertion point should be blinking at the start of the second"
            text run at (0,83) width 41: "line."
      LayoutBlockFlow {DIV} at (0,262) size 784x60
        LayoutBlockFlow {DIV} at (0,0) size 784x60 [border: (2px solid #FF0000)]
          LayoutBlockFlow {P} at (2,2) size 780x28
            LayoutText {#text} at (0,0) size 17x27
              text run at (0,0) width 17: "A"
          LayoutBlockFlow (anonymous) at (2,30) size 780x28
            LayoutBR {BR} at (0,0) size 0x27
caret: position 0 of child 3 {BR} of child 1 {DIV} of child 3 {DIV} of body
