EDITING DELEGATE: webViewDidChangeSelection:WebViewDidChangeSelectionNotification
EDITING DELEGATE: webViewDidChangeSelection:WebViewDidChangeSelectionNotification
EDITING DELEGATE: webViewDidChangeSelection:WebViewDidChangeSelectionNotification
EDITING DELEGATE: webViewDidChangeSelection:WebViewDidChangeSelectionNotification
EDITING DELEGATE: webViewDidChangeSelection:WebViewDidChangeSelectionNotification
EDITING DELEGATE: webViewDidChange:WebViewDidChangeNotification
EDITING DELEGATE: webViewDidChangeSelection:WebViewDidChangeSelectionNotification
EDITING DELEGATE: webViewDidChange:WebViewDidChangeNotification
EDITING DELEGATE: webViewDidChangeSelection:WebViewDidChangeSelectionNotification
EDITING DELEGATE: webViewDidChangeSelection:WebViewDidChangeSelectionNotification
EDITING DELEGATE: webViewDidChange:WebViewDidChangeNotification
layer at (0,0) size 800x600
  LayoutView at (0,0) size 800x600
layer at (0,0) size 800x600
  LayoutBlockFlow {HTML} at (0,0) size 800x600
    LayoutBlockFlow {BODY} at (8,8) size 784x584
      LayoutBlockFlow {DIV} at (0,0) size 784x56 [border: (2px solid #FF0000)]
        LayoutInline {SPAN} at (0,0) size 60x27
          LayoutText {#text} at (14,14) size 20x27
            text run at (14,14) width 20: "fo"
          LayoutInline {SPAN} at (0,0) size 28x27
            LayoutText {#text} at (34,14) size 28x27
              text run at (34,14) width 28: "\x{9}"
          LayoutText {#text} at (62,14) size 12x27
            text run at (62,14) width 12: "o"
        LayoutText {#text} at (0,0) size 0x0
caret: position 1 of child 0 {#text} of child 1 {SPAN} of child 1 {SPAN} of child 1 {DIV} of body
