EDITING DELEGATE: webViewDidChangeSelection:WebViewDidChangeSelectionNotification
EDITING DELEGATE: webViewDidChangeSelection:WebViewDidChangeSelectionNotification
EDITING DELEGATE: webViewDidChange:WebViewDidChangeNotification
EDITING DELEGATE: webViewDidChangeSelection:WebViewDidChangeSelectionNotification
EDITING DELEGATE: webViewDidChange:WebViewDidChangeNotification
layer at (0,0) size 800x600
  LayoutView at (0,0) size 800x600
layer at (0,0) size 800x600
  LayoutBlockFlow {HTML} at (0,0) size 800x600
    LayoutBlockFlow {BODY} at (8,8) size 784x576
      LayoutBlockFlow {P} at (0,0) size 784x40
        LayoutText {#text} at (0,0) size 766x39
          text run at (0,0) width 766: "This tests deletion when the caret is in an empty list item at the beginning of the document. It also makes sure that the style inside"
          text run at (0,20) width 181: "the empty list item is retained. "
          text run at (181,20) width 99: "You should see '"
        LayoutInline {B} at (0,0) size 22x19
          LayoutText {#text} at (279,20) size 22x19
            text run at (279,20) width 22: "foo"
        LayoutText {#text} at (300,20) size 237x19
          text run at (300,20) width 237: "' followed by a list item containing 'bar'."
      LayoutBlockFlow {DIV} at (0,56) size 784x56
        LayoutBlockFlow {DIV} at (0,0) size 784x20
          LayoutInline {B} at (0,0) size 21x19
            LayoutText {#text} at (0,0) size 21x19
              text run at (0,0) width 21: "foo"
        LayoutBlockFlow {UL} at (0,36) size 784x20
          LayoutListItem {LI} at (40,0) size 744x20
            LayoutListMarker (anonymous) at (-18,0) size 7x19: bullet
            LayoutText {#text} at (0,0) size 20x19
              text run at (0,0) width 20: "bar"
caret: position 3 of child 0 {#text} of child 0 {B} of child 0 {DIV} of child 2 {DIV} of body
