EDITING DELEGATE: webViewDidChangeSelection:WebViewDidChangeSelectionNotification
EDITING DELEGATE: webViewDidChangeSelection:WebViewDidChangeSelectionNotification
EDITING DELEGATE: webViewDidChangeSelection:WebViewDidChangeSelectionNotification
EDITING DELEGATE: webViewDidChange:WebViewDidChangeNotification
layer at (0,0) size 800x600
  LayoutView at (0,0) size 800x600
layer at (0,0) size 800x600
  LayoutBlockFlow {HTML} at (0,0) size 800x600
    LayoutBlockFlow {BODY} at (8,8) size 784x584
      LayoutBlockFlow {P} at (0,0) size 784x20
        LayoutText {#text} at (0,0) size 512x19
          text run at (0,0) width 512: "This tests deleting the line break before a paragraph that ends with unrendered space."
      LayoutBlockFlow {DIV} at (0,36) size 784x40
        LayoutBlockFlow (anonymous) at (0,0) size 784x20
          LayoutText {#text} at (0,0) size 20x19
            text run at (0,0) width 20: "foo"
          LayoutText {#text} at (20,0) size 20x19
            text run at (20,0) width 20: "bar"
        LayoutBlockFlow {DIV} at (0,20) size 784x20
          LayoutText {#text} at (0,0) size 21x19
            text run at (0,0) width 21: "baz"
caret: position 3 of child 0 {#text} of child 2 {DIV} of body
