EDITING DELEGATE: webViewDidChangeSelection:WebViewDidChangeSelectionNotification
EDITING DELEGATE: webViewDidChangeSelection:WebViewDidChangeSelectionNotification
EDITING DELEGATE: webViewDidChangeSelection:WebViewDidChangeSelectionNotification
EDITING DELEGATE: webViewDidChange:WebViewDidChangeNotification
layer at (0,0) size 800x600
  LayoutView at (0,0) size 800x600
layer at (0,0) size 800x600
  LayoutBlockFlow {HTML} at (0,0) size 800x600
    LayoutBlockFlow {BODY} at (8,8) size 784x584
      LayoutBlockFlow {P} at (0,0) size 784x40
        LayoutText {#text} at (0,0) size 750x19
          text run at (0,0) width 631: "This tests to see if deletion correctly prunes the containers of the paragraph being moved during a merge. "
          text run at (630,0) width 120: "You should see 'foo"
        LayoutInline {B} at (0,0) size 23x19
          LayoutText {#text} at (749,0) size 23x19
            text run at (749,0) width 23: "bar"
        LayoutText {#text} at (771,0) size 775x39
          text run at (771,0) width 4: "'"
          text run at (0,20) width 40: "below."
      LayoutBlockFlow {DIV} at (0,56) size 784x20
        LayoutBlockFlow {DIV} at (0,0) size 784x20
          LayoutText {#text} at (0,0) size 20x19
            text run at (0,0) width 20: "foo"
          LayoutInline {SPAN} at (0,0) size 22x19
            LayoutText {#text} at (20,0) size 22x19
              text run at (20,0) width 22: "bar"
caret: position 3 of child 0 {#text} of child 0 {DIV} of child 2 {DIV} of body
