EDITING DELEGATE: webViewDidChangeSelection:WebViewDidChangeSelectionNotification
EDITING DELEGATE: webViewDidChangeSelection:WebViewDidChangeSelectionNotification
EDITING DELEGATE: webViewDidChangeSelection:WebViewDidChangeSelectionNotification
EDITING DELEGATE: webViewDidChangeSelection:WebViewDidChangeSelectionNotification
EDITING DELEGATE: webViewDidChange:WebViewDidChangeNotification
layer at (0,0) size 800x600
  LayoutView at (0,0) size 800x600
layer at (0,0) size 800x600
  LayoutBlockFlow {HTML} at (0,0) size 800x600
    LayoutBlockFlow {BODY} at (8,8) size 784x584
      LayoutBlockFlow {P} at (0,0) size 784x40
        LayoutText {#text} at (0,0) size 764x39
          text run at (0,0) width 284: "This tests a change made with the fix for 8145. "
          text run at (284,0) width 480: "The paragraph separator inserted to prevent nesting blocks from the fragment to"
          text run at (0,20) width 738: "paste inside the block where the paste occured was incorrectly inserted when the paste occured at the start of a paragraph."
      LayoutBlockFlow {DIV} at (0,56) size 784x82 [border: (1px solid #000000)]
        LayoutBlockFlow (anonymous) at (1,1) size 782x20
          LayoutText {#text} at (0,0) size 20x19
            text run at (0,0) width 20: "foo"
          LayoutBR {BR} at (20,15) size 0x0
        LayoutBlockFlow {DIV} at (1,21) size 782x20
          LayoutText {#text} at (0,0) size 20x19
            text run at (0,0) width 20: "foo"
        LayoutBlockFlow (anonymous) at (1,41) size 782x40
          LayoutText {#text} at (0,0) size 20x19
            text run at (0,0) width 20: "bar"
          LayoutText {#text} at (20,0) size 20x19
            text run at (20,0) width 20: "bar"
          LayoutBR {BR} at (40,15) size 0x0
          LayoutText {#text} at (0,20) size 21x19
            text run at (0,20) width 21: "baz"
caret: position 3 of child 3 {#text} of child 2 {DIV} of body
