EDITING DELEGATE: webViewDidChangeSelection:WebViewDidChangeSelectionNotification
EDITING DELEGATE: webViewDidChangeSelection:WebViewDidChangeSelectionNotification
EDITING DELEGATE: webViewDidChange:WebViewDidChangeNotification
layer at (0,0) size 800x600
  LayoutView at (0,0) size 800x600
layer at (0,0) size 800x600
  LayoutBlockFlow {HTML} at (0,0) size 800x600
    LayoutBlockFlow {BODY} at (8,8) size 784x584
      LayoutBlockFlow {P} at (0,0) size 784x20
        LayoutText {#text} at (0,0) size 573x19
          text run at (0,0) width 573: "This is a test to make sure that a placeholder is removed when it is displaced by pasted content."
      LayoutBlockFlow {DIV} at (0,36) size 784x40
        LayoutBlockFlow (anonymous) at (0,0) size 784x20
          LayoutText {#text} at (0,0) size 96x19
            text run at (0,0) width 96: "First paragraph."
        LayoutBlockFlow {DIV} at (0,20) size 784x20
          LayoutText {#text} at (0,0) size 115x19
            text run at (0,0) width 115: "Second paragraph."
caret: position 17 of child 0 {#text} of child 1 {DIV} of child 2 {DIV} of body
