EDITING DELEGATE: webViewDidChangeSelection:WebViewDidChangeSelectionNotification
EDITING DELEGATE: webViewDidChangeSelection:WebViewDidChangeSelectionNotification
EDITING DELEGATE: webViewDidChangeSelection:WebViewDidChangeSelectionNotification
EDITING DELEGATE: webViewDidChange:WebViewDidChangeNotification
layer at (0,0) size 800x600
  LayoutView at (0,0) size 800x600
layer at (0,0) size 800x600
  LayoutBlockFlow {HTML} at (0,0) size 800x600
    LayoutBlockFlow {BODY} at (8,8) size 784x584
      LayoutBlockFlow {P} at (0,0) size 784x20
        LayoutText {#text} at (0,0) size 771x19
          text run at (0,0) width 771: "This tests non-smartmove drag/drop. The space should be deleted on move, but not reinserted on drop, resulting in \"worldhello\"."
      LayoutBlockFlow {DIV} at (0,36) size 784x20
        LayoutText {#text} at (0,0) size 63x19
          text run at (0,0) width 63: "worldhello"
selection start: position 5 of child 0 {#text} of child 3 {DIV} of body
selection end:   position 10 of child 0 {#text} of child 3 {DIV} of body
