EDITING DELEGATE: webViewDidChangeSelection:WebViewDidChangeSelectionNotification
EDITING DELEGATE: webViewDidChangeSelection:WebViewDidChangeSelectionNotification
EDITING DELEGATE: webViewDidChangeSelection:WebViewDidChangeSelectionNotification
EDITING DELEGATE: webViewDidChangeSelection:WebViewDidChangeSelectionNotification
EDITING DELEGATE: webViewDidChange:WebViewDidChangeNotification
layer at (0,0) size 800x600
  LayoutView at (0,0) size 800x600
layer at (0,0) size 800x600
  LayoutBlockFlow {HTML} at (0,0) size 800x600
    LayoutBlockFlow {BODY} at (8,8) size 784x584
      LayoutBlockFlow {P} at (0,0) size 784x40
        LayoutText {#text} at (0,0) size 763x39
          text run at (0,0) width 763: "Tests that drag/drop after double-click does a smart drag. Specifically the end result should have a space: \"world hello\". To test"
          text run at (0,20) width 380: "manually double click on the \"hello\" and drag it to after \"world\"."
      LayoutBlockFlow {DIV} at (0,56) size 784x20
        LayoutText {#text} at (0,0) size 35x19
          text run at (0,0) width 35: "world"
        LayoutInline {SPAN} at (0,0) size 32x19
          LayoutText {#text} at (35,0) size 32x19
            text run at (35,0) width 32: " hello"
        LayoutText {#text} at (67,0) size 4x19
          text run at (67,0) width 4: " "
selection start: position 0 of child 0 {#text} of child 1 {SPAN} of child 3 {DIV} of body
selection end:   position 1 of child 2 {#text} of child 3 {DIV} of body
