layer at (0,0) size 800x600
  LayoutView at (0,0) size 800x600
layer at (0,0) size 800x600
  LayoutBlockFlow {HTML} at (0,0) size 800x600
    LayoutBlockFlow {BODY} at (8,8) size 784x584 [bgcolor=#CCCCCC]
      LayoutBlockFlow {P} at (0,0) size 784x18
        LayoutText {#text} at (0,0) size 363x17
          text run at (0,0) width 363: "The style declarations which apply to the text below are:"
      LayoutBlockFlow {PRE} at (0,34) size 784x48
        LayoutText {#text} at (0,0) size 288x48
          text run at (0,0) width 288: ".one {list-style-position: outside;}"
          text run at (288,0) width 0: " "
          text run at (0,16) width 280: ".two {list-style-position: inside;}"
          text run at (280,16) width 0: " "
          text run at (0,32) width 0: " "
      LayoutBlockFlow {HR} at (0,95) size 784x2 [border: (1px inset #EEEEEE)]
      LayoutBlockFlow {UL} at (0,113) size 784x36
        LayoutListItem {LI} at (40,0) size 744x36
          LayoutListMarker (anonymous) at (-17,0) size 7x17: bullet
          LayoutText {#text} at (0,0) size 743x35
            text run at (0,0) width 743: "The text in this item should behave as expected; that is, it should line up with itself on the left margin, leaving blank"
            text run at (0,18) width 158: "space beneath the bullet."
      LayoutBlockFlow {UL} at (0,165) size 784x36
        LayoutListItem {LI} at (40,0) size 744x36
          LayoutListMarker (anonymous) at (-1,0) size 7x17: bullet
          LayoutText {#text} at (14,0) size 719x35
            text run at (14,0) width 705: "The text in this item should not behave as expected; that is, it should line up with the bullet on the left margin,"
            text run at (0,18) width 268: "leaving no blank space beneath the bullet."
      LayoutTable {TABLE} at (0,217) size 784x140 [border: (1px outset #808080)]
        LayoutTableSection {TBODY} at (1,1) size 782x138
          LayoutTableRow {TR} at (0,0) size 782x26
            LayoutTableCell {TD} at (0,0) size 782x26 [bgcolor=#C0C0C0] [border: (1px inset #808080)] [r=0 c=0 rs=1 cs=2]
              LayoutInline {STRONG} at (0,0) size 161x17
                LayoutText {#text} at (4,4) size 161x17
                  text run at (4,4) width 161: "TABLE Testing Section"
          LayoutTableRow {TR} at (0,26) size 782x112
            LayoutTableCell {TD} at (0,69) size 12x26 [bgcolor=#C0C0C0] [border: (1px inset #808080)] [r=1 c=0 rs=1 cs=1]
              LayoutText {#text} at (4,4) size 4x17
                text run at (4,4) width 4: " "
            LayoutTableCell {TD} at (12,26) size 770x112 [border: (1px inset #808080)] [r=1 c=1 rs=1 cs=1]
              LayoutBlockFlow {UL} at (4,4) size 762x36
                LayoutListItem {LI} at (40,0) size 722x36
                  LayoutListMarker (anonymous) at (-17,0) size 7x17: bullet
                  LayoutText {#text} at (0,0) size 704x35
                    text run at (0,0) width 704: "The text in this item should behave as expected; that is, it should line up with itself on the left margin, leaving"
                    text run at (0,18) width 197: "blank space beneath the bullet."
              LayoutBlockFlow {UL} at (4,56) size 762x36
                LayoutListItem {LI} at (40,0) size 722x36
                  LayoutListMarker (anonymous) at (-1,0) size 7x17: bullet
                  LayoutText {#text} at (14,0) size 719x35
                    text run at (14,0) width 705: "The text in this item should not behave as expected; that is, it should line up with the bullet on the left margin,"
                    text run at (0,18) width 268: "leaving no blank space beneath the bullet."
