layer at (0,0) size 800x600 clip at (0,0) size 785x600 scrollHeight 1537
  LayoutView at (0,0) size 800x600
layer at (0,0) size 785x1537 backgroundClip at (0,0) size 785x600 clip at (0,0) size 785x600
  LayoutBlockFlow {HTML} at (0,0) size 785x1537
    LayoutBlockFlow {BODY} at (8,8) size 769x1521 [bgcolor=#CCCCCC]
      LayoutBlockFlow {P} at (0,0) size 769x18
        LayoutText {#text} at (0,0) size 363x17
          text run at (0,0) width 363: "The style declarations which apply to the text below are:"
      LayoutBlockFlow {PRE} at (0,34) size 769x160
        LayoutText {#text} at (0,0) size 304x160
          text run at (0,0) width 232: ".one {list-style-type: disc;}"
          text run at (232,0) width 0: " "
          text run at (0,16) width 248: ".two {list-style-type: circle;}"
          text run at (248,16) width 0: " "
          text run at (0,32) width 264: ".three {list-style-type: square;}"
          text run at (264,32) width 0: " "
          text run at (0,48) width 296: ".four {list-style-type: lower-roman;}"
          text run at (296,48) width 0: " "
          text run at (0,64) width 296: ".five {list-style-type: upper-roman;}"
          text run at (296,64) width 0: " "
          text run at (0,80) width 288: ".six {list-style-type: lower-alpha;}"
          text run at (288,80) width 0: " "
          text run at (0,96) width 304: ".seven {list-style-type: upper-alpha;}"
          text run at (304,96) width 0: " "
          text run at (0,112) width 272: ".eight {list-style-type: decimal;}"
          text run at (272,112) width 0: " "
          text run at (0,128) width 240: ".nine {list-style-type: none;}"
          text run at (240,128) width 0: " "
          text run at (0,144) width 0: " "
      LayoutBlockFlow {HR} at (0,207) size 769x2 [border: (1px inset #EEEEEE)]
      LayoutBlockFlow {UL} at (0,225) size 769x54
        LayoutListItem {LI} at (40,0) size 729x18
          LayoutListMarker (anonymous) at (-17,0) size 7x17: bullet
          LayoutText {#text} at (0,0) size 64x17
            text run at (0,0) width 64: "This list..."
        LayoutListItem {LI} at (40,18) size 729x18
          LayoutListMarker (anonymous) at (-17,0) size 7x17: bullet
          LayoutText {#text} at (0,0) size 116x17
            text run at (0,0) width 116: "...should feature..."
        LayoutListItem {LI} at (40,36) size 729x18
          LayoutListMarker (anonymous) at (-17,0) size 7x17: bullet
          LayoutText {#text} at (0,0) size 137x17
            text run at (0,0) width 137: "...discs for each item."
      LayoutBlockFlow {UL} at (0,295) size 769x54
        LayoutListItem {LI} at (40,0) size 729x18
          LayoutListMarker (anonymous) at (-17,0) size 7x17: white bullet
          LayoutText {#text} at (0,0) size 64x17
            text run at (0,0) width 64: "This list..."
        LayoutListItem {LI} at (40,18) size 729x18
          LayoutListMarker (anonymous) at (-17,0) size 7x17: white bullet
          LayoutText {#text} at (0,0) size 116x17
            text run at (0,0) width 116: "...should feature..."
        LayoutListItem {LI} at (40,36) size 729x18
          LayoutListMarker (anonymous) at (-17,0) size 7x17: white bullet
          LayoutText {#text} at (0,0) size 147x17
            text run at (0,0) width 147: "...circles for each item."
      LayoutBlockFlow {UL} at (0,365) size 769x54
        LayoutListItem {LI} at (40,0) size 729x18
          LayoutListMarker (anonymous) at (-17,0) size 7x17: black square
          LayoutText {#text} at (0,0) size 64x17
            text run at (0,0) width 64: "This list..."
        LayoutListItem {LI} at (40,18) size 729x18
          LayoutListMarker (anonymous) at (-17,0) size 7x17: black square
          LayoutText {#text} at (0,0) size 116x17
            text run at (0,0) width 116: "...should feature..."
        LayoutListItem {LI} at (40,36) size 729x18
          LayoutListMarker (anonymous) at (-17,0) size 7x17: black square
          LayoutText {#text} at (0,0) size 153x17
            text run at (0,0) width 153: "...squares for each item."
      LayoutBlockFlow {OL} at (0,435) size 769x54
        LayoutListItem {LI} at (40,0) size 729x18
          LayoutListMarker (anonymous) at (-12.44,0) size 12.44x17: "i"
          LayoutText {#text} at (0,0) size 64x17
            text run at (0,0) width 64: "This list..."
        LayoutListItem {LI} at (40,18) size 729x18
          LayoutListMarker (anonymous) at (-16.89,0) size 16.89x17: "ii"
          LayoutText {#text} at (0,0) size 116x17
            text run at (0,0) width 116: "...should feature..."
        LayoutListItem {LI} at (40,36) size 729x18
          LayoutListMarker (anonymous) at (-21.33,0) size 21.33x17: "iii"
          LayoutText {#text} at (0,0) size 282x17
            text run at (0,0) width 282: "...lowercase Roman numerals for each item."
      LayoutBlockFlow {OL} at (0,505) size 769x54
        LayoutListItem {LI} at (40,0) size 729x18
          LayoutListMarker (anonymous) at (-13.33,0) size 13.33x17: "I"
          LayoutText {#text} at (0,0) size 64x17
            text run at (0,0) width 64: "This list..."
        LayoutListItem {LI} at (40,18) size 729x18
          LayoutListMarker (anonymous) at (-18.66,0) size 18.66x17: "II"
          LayoutText {#text} at (0,0) size 116x17
            text run at (0,0) width 116: "...should feature..."
        LayoutListItem {LI} at (40,36) size 729x18
          LayoutListMarker (anonymous) at (-23.98,0) size 23.98x17: "III"
          LayoutText {#text} at (0,0) size 282x17
            text run at (0,0) width 282: "...uppercase Roman numerals for each item."
      LayoutBlockFlow {OL} at (0,575) size 769x54
        LayoutListItem {LI} at (40,0) size 729x18
          LayoutListMarker (anonymous) at (-15.09,0) size 15.09x17: "a"
          LayoutText {#text} at (0,0) size 64x17
            text run at (0,0) width 64: "This list..."
        LayoutListItem {LI} at (40,18) size 729x18
          LayoutListMarker (anonymous) at (-16,0) size 16x17: "b"
          LayoutText {#text} at (0,0) size 116x17
            text run at (0,0) width 116: "...should feature..."
        LayoutListItem {LI} at (40,36) size 729x18
          LayoutListMarker (anonymous) at (-15.09,0) size 15.09x17: "c"
          LayoutText {#text} at (0,0) size 212x17
            text run at (0,0) width 212: "...lowercase letters for each item."
      LayoutBlockFlow {OL} at (0,645) size 769x54
        LayoutListItem {LI} at (40,0) size 729x18
          LayoutListMarker (anonymous) at (-19.55,0) size 19.55x17: "A"
          LayoutText {#text} at (0,0) size 64x17
            text run at (0,0) width 64: "This list..."
        LayoutListItem {LI} at (40,18) size 729x18
          LayoutListMarker (anonymous) at (-18.67,0) size 18.67x17: "B"
          LayoutText {#text} at (0,0) size 116x17
            text run at (0,0) width 116: "...should feature..."
        LayoutListItem {LI} at (40,36) size 729x18
          LayoutListMarker (anonymous) at (-18.67,0) size 18.67x17: "C"
          LayoutText {#text} at (0,0) size 212x17
            text run at (0,0) width 212: "...uppercase letters for each item."
      LayoutBlockFlow {OL} at (0,715) size 769x54
        LayoutListItem {LI} at (40,0) size 729x18
          LayoutListMarker (anonymous) at (-19.55,0) size 19.55x17: "A"
          LayoutText {#text} at (0,0) size 160x17
            text run at (0,0) width 160: "This list should feature..."
        LayoutListItem {LI} at (40,18) size 729x18
          LayoutListMarker (anonymous) at (-18.67,0) size 18.67x17: "B"
          LayoutText {#text} at (0,0) size 152x17
            text run at (0,0) width 152: "...letters for each item..."
        LayoutListItem {LI} at (40,36) size 729x18
          LayoutListMarker (anonymous) at (-16,0) size 16x17: "3"
          LayoutText {#text} at (0,0) size 112x17
            text run at (0,0) width 112: "...except this one."
      LayoutBlockFlow {UL} at (0,785) size 769x54
        LayoutListItem {LI} at (40,0) size 729x18
          LayoutText {#text} at (0,0) size 64x17
            text run at (0,0) width 64: "This list..."
        LayoutListItem {LI} at (40,18) size 729x18
          LayoutText {#text} at (0,0) size 116x17
            text run at (0,0) width 116: "...should feature..."
        LayoutListItem {LI} at (40,36) size 729x18
          LayoutText {#text} at (0,0) size 154x17
            text run at (0,0) width 154: "...nothing for each item."
      LayoutTable {TABLE} at (0,855) size 344x666 [border: (1px outset #808080)]
        LayoutTableSection {TBODY} at (1,1) size 342x664
          LayoutTableRow {TR} at (0,0) size 342x26
            LayoutTableCell {TD} at (0,0) size 342x26 [bgcolor=#C0C0C0] [border: (1px inset #808080)] [r=0 c=0 rs=1 cs=2]
              LayoutInline {STRONG} at (0,0) size 161x17
                LayoutText {#text} at (4,4) size 161x17
                  text run at (4,4) width 161: "TABLE Testing Section"
          LayoutTableRow {TR} at (0,26) size 342x638
            LayoutTableCell {TD} at (0,332) size 12x26 [bgcolor=#C0C0C0] [border: (1px inset #808080)] [r=1 c=0 rs=1 cs=1]
              LayoutText {#text} at (4,4) size 4x17
                text run at (4,4) width 4: " "
            LayoutTableCell {TD} at (12,26) size 330x638 [border: (1px inset #808080)] [r=1 c=1 rs=1 cs=1]
              LayoutBlockFlow {UL} at (4,4) size 322x54
                LayoutListItem {LI} at (40,0) size 282x18
                  LayoutListMarker (anonymous) at (-17,0) size 7x17: bullet
                  LayoutText {#text} at (0,0) size 64x17
                    text run at (0,0) width 64: "This list..."
                LayoutListItem {LI} at (40,18) size 282x18
                  LayoutListMarker (anonymous) at (-17,0) size 7x17: bullet
                  LayoutText {#text} at (0,0) size 116x17
                    text run at (0,0) width 116: "...should feature..."
                LayoutListItem {LI} at (40,36) size 282x18
                  LayoutListMarker (anonymous) at (-17,0) size 7x17: bullet
                  LayoutText {#text} at (0,0) size 137x17
                    text run at (0,0) width 137: "...discs for each item."
              LayoutBlockFlow {UL} at (4,74) size 322x54
                LayoutListItem {LI} at (40,0) size 282x18
                  LayoutListMarker (anonymous) at (-17,0) size 7x17: white bullet
                  LayoutText {#text} at (0,0) size 64x17
                    text run at (0,0) width 64: "This list..."
                LayoutListItem {LI} at (40,18) size 282x18
                  LayoutListMarker (anonymous) at (-17,0) size 7x17: white bullet
                  LayoutText {#text} at (0,0) size 116x17
                    text run at (0,0) width 116: "...should feature..."
                LayoutListItem {LI} at (40,36) size 282x18
                  LayoutListMarker (anonymous) at (-17,0) size 7x17: white bullet
                  LayoutText {#text} at (0,0) size 147x17
                    text run at (0,0) width 147: "...circles for each item."
              LayoutBlockFlow {UL} at (4,144) size 322x54
                LayoutListItem {LI} at (40,0) size 282x18
                  LayoutListMarker (anonymous) at (-17,0) size 7x17: black square
                  LayoutText {#text} at (0,0) size 64x17
                    text run at (0,0) width 64: "This list..."
                LayoutListItem {LI} at (40,18) size 282x18
                  LayoutListMarker (anonymous) at (-17,0) size 7x17: black square
                  LayoutText {#text} at (0,0) size 116x17
                    text run at (0,0) width 116: "...should feature..."
                LayoutListItem {LI} at (40,36) size 282x18
                  LayoutListMarker (anonymous) at (-17,0) size 7x17: black square
                  LayoutText {#text} at (0,0) size 153x17
                    text run at (0,0) width 153: "...squares for each item."
              LayoutBlockFlow {OL} at (4,214) size 322x54
                LayoutListItem {LI} at (40,0) size 282x18
                  LayoutListMarker (anonymous) at (-12.44,0) size 12.44x17: "i"
                  LayoutText {#text} at (0,0) size 64x17
                    text run at (0,0) width 64: "This list..."
                LayoutListItem {LI} at (40,18) size 282x18
                  LayoutListMarker (anonymous) at (-16.89,0) size 16.89x17: "ii"
                  LayoutText {#text} at (0,0) size 116x17
                    text run at (0,0) width 116: "...should feature..."
                LayoutListItem {LI} at (40,36) size 282x18
                  LayoutListMarker (anonymous) at (-21.33,0) size 21.33x17: "iii"
                  LayoutText {#text} at (0,0) size 282x17
                    text run at (0,0) width 282: "...lowercase Roman numerals for each item."
              LayoutBlockFlow {OL} at (4,284) size 322x54
                LayoutListItem {LI} at (40,0) size 282x18
                  LayoutListMarker (anonymous) at (-13.33,0) size 13.33x17: "I"
                  LayoutText {#text} at (0,0) size 64x17
                    text run at (0,0) width 64: "This list..."
                LayoutListItem {LI} at (40,18) size 282x18
                  LayoutListMarker (anonymous) at (-18.66,0) size 18.66x17: "II"
                  LayoutText {#text} at (0,0) size 116x17
                    text run at (0,0) width 116: "...should feature..."
                LayoutListItem {LI} at (40,36) size 282x18
                  LayoutListMarker (anonymous) at (-23.98,0) size 23.98x17: "III"
                  LayoutText {#text} at (0,0) size 282x17
                    text run at (0,0) width 282: "...uppercase Roman numerals for each item."
              LayoutBlockFlow {OL} at (4,354) size 322x54
                LayoutListItem {LI} at (40,0) size 282x18
                  LayoutListMarker (anonymous) at (-15.09,0) size 15.09x17: "a"
                  LayoutText {#text} at (0,0) size 64x17
                    text run at (0,0) width 64: "This list..."
                LayoutListItem {LI} at (40,18) size 282x18
                  LayoutListMarker (anonymous) at (-16,0) size 16x17: "b"
                  LayoutText {#text} at (0,0) size 116x17
                    text run at (0,0) width 116: "...should feature..."
                LayoutListItem {LI} at (40,36) size 282x18
                  LayoutListMarker (anonymous) at (-15.09,0) size 15.09x17: "c"
                  LayoutText {#text} at (0,0) size 212x17
                    text run at (0,0) width 212: "...lowercase letters for each item."
              LayoutBlockFlow {OL} at (4,424) size 322x54
                LayoutListItem {LI} at (40,0) size 282x18
                  LayoutListMarker (anonymous) at (-19.55,0) size 19.55x17: "A"
                  LayoutText {#text} at (0,0) size 64x17
                    text run at (0,0) width 64: "This list..."
                LayoutListItem {LI} at (40,18) size 282x18
                  LayoutListMarker (anonymous) at (-18.67,0) size 18.67x17: "B"
                  LayoutText {#text} at (0,0) size 116x17
                    text run at (0,0) width 116: "...should feature..."
                LayoutListItem {LI} at (40,36) size 282x18
                  LayoutListMarker (anonymous) at (-18.67,0) size 18.67x17: "C"
                  LayoutText {#text} at (0,0) size 212x17
                    text run at (0,0) width 212: "...uppercase letters for each item."
              LayoutBlockFlow {OL} at (4,494) size 322x54
                LayoutListItem {LI} at (40,0) size 282x18
                  LayoutListMarker (anonymous) at (-19.55,0) size 19.55x17: "A"
                  LayoutText {#text} at (0,0) size 160x17
                    text run at (0,0) width 160: "This list should feature..."
                LayoutListItem {LI} at (40,18) size 282x18
                  LayoutListMarker (anonymous) at (-18.67,0) size 18.67x17: "B"
                  LayoutText {#text} at (0,0) size 152x17
                    text run at (0,0) width 152: "...letters for each item..."
                LayoutListItem {LI} at (40,36) size 282x18
                  LayoutListMarker (anonymous) at (-16,0) size 16x17: "3"
                  LayoutText {#text} at (0,0) size 112x17
                    text run at (0,0) width 112: "...except this one."
              LayoutBlockFlow {UL} at (4,564) size 322x54
                LayoutListItem {LI} at (40,0) size 282x18
                  LayoutText {#text} at (0,0) size 64x17
                    text run at (0,0) width 64: "This list..."
                LayoutListItem {LI} at (40,18) size 282x18
                  LayoutText {#text} at (0,0) size 116x17
                    text run at (0,0) width 116: "...should feature..."
                LayoutListItem {LI} at (40,36) size 282x18
                  LayoutText {#text} at (0,0) size 154x17
                    text run at (0,0) width 154: "...nothing for each item."
