layer at (0,0) size 800x600 scrollHeight 2041
  LayoutView at (0,0) size 800x600
layer at (0,0) size 800x2041 backgroundClip at (0,0) size 800x600 clip at (0,0) size 800x600
  LayoutBlockFlow {HTML} at (0,0) size 800x2041
    LayoutBlockFlow {BODY} at (8,8) size 784x2025
      LayoutBlockFlow {DIV} at (320,0) size 464x1980
        LayoutInline {B} at (0,0) size 451x675 [color=#0000FF]
          LayoutText {#text} at (0,0) size 451x90
            text run at (0,0) width 451: "This test passes if no text is"
            text run at (0,45) width 211: "overlapping."
          LayoutBR {BR} at (210,45) size 1x45
          LayoutText {#text} at (0,90) size 451x585
            text run at (0,90) width 451: "Autosize Autosize Autosize"
            text run at (0,135) width 451: "Autosize Autosize Autosize"
            text run at (0,180) width 451: "Autosize Autosize Autosize"
            text run at (0,225) width 451: "Autosize Autosize Autosize"
            text run at (0,270) width 451: "Autosize Autosize Autosize"
            text run at (0,315) width 451: "Autosize Autosize Autosize"
            text run at (0,360) width 451: "Autosize Autosize Autosize"
            text run at (0,405) width 451: "Autosize Autosize Autosize"
            text run at (0,450) width 451: "Autosize Autosize Autosize"
            text run at (0,495) width 451: "Autosize Autosize Autosize"
            text run at (0,540) width 451: "Autosize Autosize Autosize"
            text run at (0,585) width 451: "Autosize Autosize Autosize"
            text run at (0,630) width 451: "Autosize Autosize Autosize"
        LayoutInline {B} at (0,0) size 451x1305
          LayoutText {#text} at (0,675) size 451x1305
            text run at (0,675) width 451: "Autosize Autosize Autosize"
            text run at (0,720) width 451: "Autosize Autosize Autosize"
            text run at (0,765) width 451: "Autosize Autosize Autosize"
            text run at (0,810) width 451: "Autosize Autosize Autosize"
            text run at (0,855) width 451: "Autosize Autosize Autosize"
            text run at (0,900) width 451: "Autosize Autosize Autosize"
            text run at (0,945) width 451: "Autosize Autosize Autosize"
            text run at (0,990) width 451: "Autosize Autosize Autosize"
            text run at (0,1035) width 451: "Autosize Autosize Autosize"
            text run at (0,1080) width 451: "Autosize Autosize Autosize"
            text run at (0,1125) width 451: "Autosize Autosize Autosize"
            text run at (0,1170) width 451: "Autosize Autosize Autosize"
            text run at (0,1215) width 451: "Autosize Autosize Autosize"
            text run at (0,1260) width 451: "Autosize Autosize Autosize"
            text run at (0,1305) width 451: "Autosize Autosize Autosize"
            text run at (0,1350) width 451: "Autosize Autosize Autosize"
            text run at (0,1395) width 451: "Autosize Autosize Autosize"
            text run at (0,1440) width 451: "Autosize Autosize Autosize"
            text run at (0,1485) width 451: "Autosize Autosize Autosize"
            text run at (0,1530) width 451: "Autosize Autosize Autosize"
            text run at (0,1575) width 451: "Autosize Autosize Autosize"
            text run at (0,1620) width 451: "Autosize Autosize Autosize"
            text run at (0,1665) width 451: "Autosize Autosize Autosize"
            text run at (0,1710) width 451: "Autosize Autosize Autosize"
            text run at (0,1755) width 451: "Autosize Autosize Autosize"
            text run at (0,1800) width 451: "Autosize Autosize Autosize"
            text run at (0,1845) width 451: "Autosize Autosize Autosize"
            text run at (0,1890) width 451: "Autosize Autosize Autosize"
            text run at (0,1935) width 307: "Autosize Autosize "
          LayoutInline {I} at (0,0) size 75x45
            LayoutText {#text} at (307,1935) size 75x45
              text run at (307,1935) width 75: "test2"
          LayoutText {#text} at (0,0) size 0x0
        LayoutText {#text} at (0,0) size 0x0
      LayoutBlockFlow {DIV} at (0,1980) size 784x45
        LayoutInline {B} at (0,0) size 79x45
          LayoutText {#text} at (0,0) size 79x45
            text run at (0,0) width 79: "test1"
