layer at (0,0) size 800x600
  LayoutView at (0,0) size 800x600
layer at (0,0) size 800x579
  LayoutBlockFlow {HTML} at (0,0) size 800x579
    LayoutBlockFlow {BODY} at (0,0) size 800x322
      LayoutBlockFlow {DIV} at (0,0) size 800x322
        LayoutText {#text} at (0,0) size 799x322
          text run at (0,0) width 799: "This test verifies that FastTextAutosizer considers"
          text run at (0,46) width 720: "a list item (LI) to be \"text\" for the purpose of"
          text run at (0,92) width 780: "determining the deepest block containing all text"
          text run at (0,138) width 767: "(DBCAT). If this were not the case, the cluster's"
          text run at (0,184) width 759: "DBCAT would be the DIV inside the LI, which"
          text run at (0,230) width 763: "hasn't entered layout yet when the list marker is"
          text run at (0,276) width 669: "autosized (causing the autosizer to crash)."
      LayoutBlockFlow (floating) {UL} at (0,338) size 800x225
        LayoutListItem {LI} at (40,0) size 760x225
          LayoutBlockFlow {DIV} at (0,0) size 760x225
            LayoutListMarker (anonymous) at (-31,0) size 14x45: bullet
            LayoutText {#text} at (0,0) size 733x225
              text run at (0,0) width 725: "List item list item list item list item list item list"
              text run at (0,45) width 733: "item list item list item list item list item list item"
              text run at (0,90) width 712: "list item list item list item list item list item list"
              text run at (0,135) width 733: "item list item list item list item list item list item"
              text run at (0,180) width 124: "list item"
