layer at (0,0) size 800x600
  LayoutView at (0,0) size 800x600
layer at (0,0) size 800x240
  LayoutBlockFlow {HTML} at (0,0) size 800x240
    LayoutBlockFlow {BODY} at (0,0) size 500x239
      LayoutBlockFlow {DIV} at (0,0) size 600x36
        LayoutText {#text} at (0,0) size 227x15
          text run at (0,0) width 227: "Table autosizing tests - table-cell-inflation.html"
        LayoutBR {BR} at (226,0) size 1x15
        LayoutText {#text} at (0,16) size 361x15
          text run at (0,16) width 361: "This test passes if there are no numbers overflowing outside this green box."
      LayoutTable {TABLE} at (1,37) size 693x202 [border: none]
        LayoutTableSection {TBODY} at (0,0) size 692x201
          LayoutTableRow {TR} at (0,0) size 692x201
            LayoutTableCell {TD} at (0,0) size 692x201 [bgcolor=#F0FFF0] [border: (1px dotted #006400)] [r=0 c=0 rs=1 cs=1]
              LayoutText {#text} at (2,2) size 439x21
                text run at (2,2) width 439: "The pi approximation below should not overrun this block."
              LayoutBR {BR} at (441,2) size 0x21
              LayoutText {#text} at (2,24) size 689x21
                text run at (2,24) width 689: "3.141592653589793238462643383279502884197169399375105820974944592307816406286"
              LayoutBR {BR} at (691,24) size 0x21
              LayoutText {#text} at (2,46) size 675x153
                text run at (2,46) width 675: "hello hello hello hello hello hello hello hello hello hello hello hello hello hello hello hello hello"
                text run at (2,68) width 675: "hello hello hello hello hello hello hello hello hello hello hello hello hello hello hello hello hello"
                text run at (2,90) width 675: "hello hello hello hello hello hello hello hello hello hello hello hello hello hello hello hello hello"
                text run at (2,112) width 675: "hello hello hello hello hello hello hello hello hello hello hello hello hello hello hello hello hello"
                text run at (2,134) width 675: "hello hello hello hello hello hello hello hello hello hello hello hello hello hello hello hello hello"
                text run at (2,156) width 675: "hello hello hello hello hello hello hello hello hello hello hello hello hello hello hello hello hello"
                text run at (2,178) width 235: "hello hello hello hello hello hello"
