layer at (0,0) size 800x600
  LayoutView at (0,0) size 800x600
layer at (0,0) size 800x177
  LayoutBlockFlow {HTML} at (0,0) size 800x177
    LayoutBlockFlow {BODY} at (0,0) size 800x176
      LayoutBlockFlow {DIV} at (0,0) size 600x36
        LayoutText {#text} at (0,0) size 242x15
          text run at (0,0) width 242: "Table autosizing tests - wide-specified-width.html"
        LayoutBR {BR} at (241,0) size 1x15
        LayoutText {#text} at (0,16) size 472x15
          text run at (0,16) width 472: "This test passes if the cell with lots of text is autosized and none of the other 5 cells are autosized."
      LayoutTable {TABLE} at (1,37) size 500x139 [border: none]
        LayoutTableSection {TBODY} at (0,0) size 499x138
          LayoutTableRow {TR} at (0,0) size 499x25
            LayoutTableCell {TD} at (0,3) size 26x19 [bgcolor=#F0FFF0] [border: (1px dotted #006400)] [r=0 c=0 rs=1 cs=1]
              LayoutText {#text} at (2,2) size 23x15
                text run at (2,2) width 23: "hello"
            LayoutTableCell {TD} at (26,0) size 447x25 [bgcolor=#F0FFF0] [border: (1px dotted #006400)] [r=0 c=1 rs=1 cs=1]
              LayoutText {#text} at (2,2) size 35x21
                text run at (2,2) width 35: "hello"
            LayoutTableCell {TD} at (473,3) size 26x19 [bgcolor=#F0FFF0] [border: (1px dotted #006400)] [r=0 c=2 rs=1 cs=1]
              LayoutText {#text} at (2,2) size 23x15
                text run at (2,2) width 23: "hello"
          LayoutTableRow {TR} at (0,25) size 499x113
            LayoutTableCell {TD} at (0,72) size 26x19 [bgcolor=#F0FFF0] [border: (1px dotted #006400)] [r=1 c=0 rs=1 cs=1]
              LayoutText {#text} at (2,2) size 23x15
                text run at (2,2) width 23: "hello"
            LayoutTableCell {TD} at (26,25) size 447x113 [bgcolor=#F0FFF0] [border: (1px dotted #006400)] [r=1 c=1 rs=1 cs=1]
              LayoutText {#text} at (2,2) size 435x109
                text run at (2,2) width 435: "hello hello hello hello hello hello hello hello hello hello hello"
                text run at (2,24) width 435: "hello hello hello hello hello hello hello hello hello hello hello"
                text run at (2,46) width 435: "hello hello hello hello hello hello hello hello hello hello hello"
                text run at (2,68) width 435: "hello hello hello hello hello hello hello hello hello hello hello"
                text run at (2,90) width 315: "hello hello hello hello hello hello hello hello"
            LayoutTableCell {TD} at (473,72) size 26x19 [bgcolor=#F0FFF0] [border: (1px dotted #006400)] [r=1 c=2 rs=1 cs=1]
              LayoutText {#text} at (2,2) size 23x15
                text run at (2,2) width 23: "hello"
