layer at (0,0) size 800x600
  LayoutView at (0,0) size 800x600
layer at (0,0) size 800x54
  LayoutBlockFlow {HTML} at (0,0) size 800x54
    LayoutBlockFlow {BODY} at (8,8) size 784x38
      LayoutBR {BR} at (123,0) size 0x18
      LayoutTextControl {INPUT} at (0,19) size 123x19 [bgcolor=#FFFFFF] [border: (2px inset #EEEEEE)]
        LayoutFlexibleBox {DIV} at (3,3) size 117x13
          LayoutBlockFlow {DIV} at (0,0) size 104x13
      LayoutText {#text} at (0,0) size 0x0
layer at (11,30) size 104x13
  LayoutBlockFlow {DIV} at (0,0) size 104x13
    LayoutText {#text} at (0,0) size 14x13
      text run at (0,0) width 14: "10"
layer at (8,8) size 123x19 transparent
  LayoutTextControl {INPUT} at (0,0) size 123x19 [bgcolor=#FFFFFF] [border: (2px inset #EEEEEE)]
    LayoutFlexibleBox {DIV} at (3,3) size 117x13
      LayoutBlockFlow {DIV} at (0,0) size 104x13
layer at (11,11) size 104x13
  LayoutBlockFlow {DIV} at (0,0) size 104x13
    LayoutText {#text} at (0,0) size 14x13
      text run at (0,0) width 14: "10"
layer at (115,10) size 13x15 transparent
  LayoutBlockFlow {DIV} at (104,-1) size 13x15
layer at (115,29) size 13x15 transparent
  LayoutBlockFlow {DIV} at (104,-1) size 13x15
