layer at (0,0) size 800x600
  LayoutView at (0,0) size 800x600
layer at (0,0) size 800x600
  LayoutBlockFlow {HTML} at (0,0) size 800x600
    LayoutBlockFlow {BODY} at (8,8) size 784x584
      LayoutBlockFlow {P} at (0,0) size 784x36
        LayoutText {#text} at (0,0) size 762x36
          text run at (0,0) width 762: "Test appearances of spin buttons. Disabled state and read-only state should have appearances different from the normal"
          text run at (0,18) width 34: "state."
      LayoutBlockFlow {DIV} at (0,52) size 784x29
        LayoutInline {LABEL} at (0,0) size 303x18
          LayoutTextControl {INPUT} at (0,0) size 216x29 [bgcolor=#FFFFFF] [border: (2px inset #EEEEEE)]
            LayoutFlexibleBox {DIV} at (3,3) size 210x23
              LayoutBlockFlow {DIV} at (0,0) size 197x23
              LayoutBlockFlow {DIV} at (197,4) size 13x15
          LayoutText {#text} at (216,8) size 87x18
            text run at (216,8) width 87: " Normal state"
      LayoutBlockFlow {DIV} at (0,81) size 784x29
        LayoutInline {LABEL} at (0,0) size 311x18
          LayoutTextControl {INPUT} at (0,0) size 216x29 [color=#545454] [bgcolor=#FFFFFF] [border: (2px inset #EEEEEE)]
            LayoutFlexibleBox {DIV} at (3,3) size 210x23
              LayoutBlockFlow {DIV} at (0,0) size 197x23
          LayoutText {#text} at (216,8) size 95x18
            text run at (216,8) width 95: " Disabled state"
      LayoutBlockFlow {DIV} at (0,110) size 784x29
        LayoutInline {LABEL} at (0,0) size 320x18
          LayoutTextControl {INPUT} at (0,0) size 216x29 [bgcolor=#FFFFFF] [border: (2px inset #EEEEEE)]
            LayoutFlexibleBox {DIV} at (3,3) size 210x23
              LayoutBlockFlow {DIV} at (0,0) size 197x23
          LayoutText {#text} at (216,8) size 104x18
            text run at (216,8) width 104: " Read-only state"
layer at (11,63) size 197x23
  LayoutBlockFlow {DIV} at (0,0) size 197x23
    LayoutText {#text} at (0,0) size 13x23
      text run at (0,0) width 13: "0"
layer at (11,92) size 197x23
  LayoutBlockFlow {DIV} at (0,0) size 197x23
    LayoutText {#text} at (0,0) size 13x23
      text run at (0,0) width 13: "0"
layer at (11,121) size 197x23
  LayoutBlockFlow {DIV} at (0,0) size 197x23
    LayoutText {#text} at (0,0) size 13x23
      text run at (0,0) width 13: "0"
layer at (208,96) size 13x15 transparent
  LayoutBlockFlow {DIV} at (197,4) size 13x15
layer at (208,125) size 13x15 transparent
  LayoutBlockFlow {DIV} at (197,4) size 13x15
caret: position 0 of child 0 {#text} of child 0 {DIV} of child 0 {DIV} of child 0 {DIV} of {#document-fragment} of child 0 {INPUT} of child 0 {LABEL} of child 9 {DIV} of body
