layer at (0,0) size 800x600
  LayoutView at (0,0) size 800x600
layer at (0,0) size 800x68
  LayoutBlockFlow {test} at (0,0) size 800x68
    LayoutBlockFlow {p} at (0,16) size 800x18 [bgcolor=#00FF00]
      LayoutText {#text} at (0,0) size 488x17
        text run at (0,0) width 409: "This paragraph should have green background because CLASS "
        text run at (408,0) width 80: "contains \"b\""
    LayoutBlockFlow {address} at (0,50) size 800x18 [bgcolor=#00FF00]
      LayoutInline {span} at (0,0) size 159x17
        LayoutText {#text} at (0,0) size 159x17
          text run at (0,0) width 159: "This address should also"
      LayoutText {#text} at (158,0) size 5x17
        text run at (158,0) width 5: " "
      LayoutInline {span} at (0,0) size 607x17
        LayoutText {#text} at (162,0) size 607x17
          text run at (162,0) width 355: "have green background because the selector in the last "
          text run at (516,0) width 253: "rule does not apply to the inner SPANs."
      LayoutText {#text} at (0,0) size 0x0
