layer at (0,0) size 800x600
  LayoutView at (0,0) size 800x600
layer at (0,0) size 800x136
  LayoutBlockFlow {test} at (0,0) size 800x136
    LayoutBlockFlow {p} at (0,16) size 800x18 [color=#000080]
      LayoutText {#text} at (0,0) size 163x17
        text run at (0,0) width 163: "The background color of "
      LayoutInline {a} at (0,0) size 116x17 [color=#0000EE]
        LayoutText {#text} at (162,0) size 81x17
          text run at (162,0) width 81: "this anchor ("
        LayoutInline {strong} at (0,0) size 31x17
          LayoutText {#text} at (242,0) size 31x17
            text run at (242,0) width 31: "here"
        LayoutText {#text} at (272,0) size 6x17
          text run at (272,0) width 6: ")"
      LayoutText {#text} at (277,0) size 395x17
        text run at (277,0) width 395: " should turn to green when the pointing device hovers over it."
    LayoutBlockFlow {p} at (0,50) size 800x18 [color=#000080]
      LayoutText {#text} at (0,0) size 163x17
        text run at (0,0) width 163: "The background color of "
      LayoutInline {a} at (0,0) size 116x17 [color=#FFFFFF] [bgcolor=#008000]
        LayoutText {#text} at (162,0) size 81x17
          text run at (162,0) width 81: "this anchor ("
        LayoutInline {strong} at (0,0) size 31x17
          LayoutText {#text} at (242,0) size 31x17
            text run at (242,0) width 31: "here"
        LayoutText {#text} at (272,0) size 6x17
          text run at (272,0) width 6: ")"
      LayoutText {#text} at (277,0) size 52x17
        text run at (277,0) width 52: " should "
      LayoutInline {strong} at (0,0) size 218x17
        LayoutText {#text} at (328,0) size 218x17
          text run at (328,0) width 218: "remain green when you hover it"
      LayoutText {#text} at (545,0) size 5x17
        text run at (545,0) width 5: "."
    LayoutBlockFlow {p} at (0,84) size 800x36 [color=#000080]
      LayoutText {#text} at (0,0) size 163x17
        text run at (0,0) width 163: "The background color of "
      LayoutInline {a} at (0,0) size 116x17 [color=#FFFFFF] [bgcolor=#008000]
        LayoutText {#text} at (162,0) size 81x17
          text run at (162,0) width 81: "this anchor ("
        LayoutInline {strong} at (0,0) size 31x17
          LayoutText {#text} at (242,0) size 31x17
            text run at (242,0) width 31: "here"
        LayoutText {#text} at (272,0) size 6x17
          text run at (272,0) width 6: ")"
      LayoutText {#text} at (277,0) size 52x17
        text run at (277,0) width 52: " should "
      LayoutInline {strong} at (0,0) size 362x17
        LayoutText {#text} at (328,0) size 362x17
          text run at (328,0) width 362: "remain green when the pointing device hovers over it"
      LayoutText {#text} at (689,0) size 786x35
        text run at (689,0) width 97: " (do not follow"
        text run at (0,18) width 63: "that link)."
