layer at (0,0) size 800x600
  LayoutView at (0,0) size 800x600
layer at (0,0) size 800x384
  LayoutBlockFlow {test} at (0,0) size 800x384
    LayoutBlockFlow {p} at (0,16) size 800x18 [bgcolor=#00FF00]
      LayoutText {#text} at (0,0) size 297x17
        text run at (0,0) width 297: "This paragraph should have green background"
    LayoutBlockFlow {address} at (0,50) size 800x18
      LayoutText {#text} at (0,0) size 339x17
        text run at (0,0) width 339: "But this address is here only to fill space in the dom.."
    LayoutBlockFlow {p} at (0,84) size 800x18
      LayoutText {#text} at (0,0) size 155x17
        text run at (0,0) width 155: "So does this paragraph !"
    LayoutBlockFlow {p} at (0,118) size 800x18
      LayoutText {#text} at (0,0) size 162x17
        text run at (0,0) width 162: "And so does this one too."
    LayoutBlockFlow {dl} at (0,152) size 800x216
      LayoutBlockFlow {dt} at (0,0) size 800x18
        LayoutText {#text} at (0,0) size 129x17
          text run at (0,0) width 129: "First definition term"
      LayoutBlockFlow {dd} at (40,18) size 760x18
        LayoutText {#text} at (0,0) size 96x17
          text run at (0,0) width 96: "First definition"
      LayoutBlockFlow {dt} at (0,36) size 800x18
        LayoutText {#text} at (0,0) size 147x17
          text run at (0,0) width 147: "Second definition term"
      LayoutBlockFlow {dd} at (40,54) size 760x18
        LayoutText {#text} at (0,0) size 114x17
          text run at (0,0) width 114: "Second definition"
      LayoutBlockFlow {dt} at (0,72) size 800x18 [bgcolor=#00FF00]
        LayoutText {#text} at (0,0) size 363x17
          text run at (0,0) width 363: "Third definition term that should have green background"
      LayoutBlockFlow {dd} at (40,90) size 760x18 [bgcolor=#00FF00]
        LayoutText {#text} at (0,0) size 330x17
          text run at (0,0) width 330: "Third definition that should have green background"
      LayoutBlockFlow {dt} at (0,108) size 800x18
        LayoutText {#text} at (0,0) size 143x17
          text run at (0,0) width 143: "Fourth definition term"
      LayoutBlockFlow {dd} at (40,126) size 760x18
        LayoutText {#text} at (0,0) size 109x17
          text run at (0,0) width 109: "Fourth definition"
      LayoutBlockFlow {dt} at (0,144) size 800x18
        LayoutText {#text} at (0,0) size 131x17
          text run at (0,0) width 131: "Fifth definition term"
      LayoutBlockFlow {dd} at (40,162) size 760x18
        LayoutText {#text} at (0,0) size 98x17
          text run at (0,0) width 98: "Fifth definition"
      LayoutBlockFlow {dt} at (0,180) size 800x18 [bgcolor=#00FF00]
        LayoutText {#text} at (0,0) size 362x17
          text run at (0,0) width 362: "Sixth definition term that should have green background"
      LayoutBlockFlow {dd} at (40,198) size 760x18 [bgcolor=#00FF00]
        LayoutText {#text} at (0,0) size 328x17
          text run at (0,0) width 328: "Sixth definition that should have green background"
