EDITING DELEGATE: webViewDidChangeSelection:WebViewDidChangeSelectionNotification
EDITING DELEGATE: webViewDidChangeSelection:WebViewDidChangeSelectionNotification
EDITING DELEGATE: webViewDidChangeSelection:WebViewDidChangeSelectionNotification
EDITING DELEGATE: webViewDidChange:WebViewDidChangeNotification
layer at (0,0) size 800x600
  LayoutView at (0,0) size 800x600
layer at (0,0) size 800x600
  LayoutBlockFlow {HTML} at (0,0) size 800x600
    LayoutBlockFlow {BODY} at (8,8) size 784x584
      LayoutBlockFlow {P} at (0,0) size 784x36
        LayoutText {#text} at (0,0) size 781x36
          text run at (0,0) width 673: "This tests for a bug when creating markup for a selection that contained unrendered nodes with children. "
          text run at (672,0) width 109: "You should see a"
          text run at (0,18) width 253: "picture of abe followed by a select box."
      LayoutBlockFlow {DIV} at (0,52) size 784x108
        LayoutImage {IMG} at (0,0) size 76x103
        LayoutText {#text} at (76,89) size 4x18
          text run at (76,89) width 4: " "
        LayoutMenuList {SELECT} at (80,90) size 50x18 [bgcolor=#F8F8F8]
          LayoutBlockFlow (anonymous) at (0,0) size 50x18
            LayoutText (anonymous) at (8,2) size 7x13
              text run at (8,2) width 7: "1"
      LayoutBlockFlow (anonymous) at (0,160) size 784x108
        LayoutImage {IMG} at (0,0) size 76x103
        LayoutText {#text} at (76,89) size 4x18
          text run at (76,89) width 4: " "
        LayoutMenuList {SELECT} at (80,90) size 50x18 [bgcolor=#F8F8F8]
          LayoutBlockFlow (anonymous) at (0,0) size 50x18
            LayoutText (anonymous) at (8,2) size 7x13
              text run at (8,2) width 7: "1"
        LayoutText {#text} at (0,0) size 0x0
        LayoutText {#text} at (0,0) size 0x0
caret: position 1 of child 2 {SELECT} of child 2 {DIV} of body
