layer at (0,0) size 800x600
  LayoutView at (0,0) size 800x600
layer at (0,0) size 800x600
  LayoutBlockFlow {HTML} at (0,0) size 800x600
    LayoutBlockFlow {BODY} at (8,8) size 784x584
      LayoutText {#text} at (0,0) size 782x58
        text run at (0,0) width 776: "All the text here should be the same size. All the text here should be the same"
        text run at (775,0) width 7: " "
        text run at (0,29) width 52: "size. "
      LayoutText {#text} at (0,0) size 0x0
caret: position 87 of child 0 {#text} of body
