layer at (0,0) size 800x600
  LayoutView at (0,0) size 800x600
layer at (0,0) size 800x600
  LayoutBlockFlow {HTML} at (0,0) size 800x600
    LayoutBlockFlow {BODY} at (8,8) size 784x584
      LayoutBlockFlow {P} at (0,0) size 784x36
        LayoutText {#text} at (0,0) size 775x36
          text run at (0,0) width 702: "This tests for a bug where content pasted at the end of a paragraph would be inserted into the next paragraph. "
          text run at (701,0) width 74: "You should"
          text run at (0,18) width 146: "see 'helloworld' below."
      LayoutBlockFlow {DIV} at (0,52) size 784x18
        LayoutText {#text} at (0,0) size 70x18
          text run at (0,0) width 70: "helloworld"
caret: position 10 of child 0 {#text} of child 2 {DIV} of body
