EDITING DELEGATE: webViewDidChangeSelection:WebViewDidChangeSelectionNotification
EDITING DELEGATE: webViewDidChangeSelection:WebViewDidChangeSelectionNotification
EDITING DELEGATE: webViewDidChangeSelection:WebViewDidChangeSelectionNotification
EDITING DELEGATE: webViewDidChangeSelection:WebViewDidChangeSelectionNotification
EDITING DELEGATE: webViewDidChange:WebViewDidChangeNotification
layer at (0,0) size 800x600
  LayoutView at (0,0) size 800x600
layer at (0,0) size 800x600
  LayoutBlockFlow {HTML} at (0,0) size 800x600
    LayoutBlockFlow {BODY} at (8,8) size 784x584
      LayoutBlockFlow {P} at (0,0) size 784x54
        LayoutText {#text} at (0,0) size 771x54
          text run at (0,0) width 304: "This tests a change made with the fix for 8145. "
          text run at (303,0) width 434: "The paragraph separator inserted to prevent nesting blocks from the"
          text run at (0,18) width 771: "fragment to paste inside the block where the paste occured was not being inserted when the fragment had an interchange"
          text run at (0,36) width 121: "newline at the end."
      LayoutBlockFlow {DIV} at (0,70) size 784x56 [border: (1px solid #000000)]
        LayoutBlockFlow {DIV} at (1,1) size 782x18
          LayoutText {#text} at (0,0) size 26x18
            text run at (0,0) width 26: "fbar"
        LayoutBlockFlow (anonymous) at (1,19) size 782x18
          LayoutText {#text} at (0,0) size 23x18
            text run at (0,0) width 23: "baz"
        LayoutBlockFlow {DIV} at (1,37) size 782x18
          LayoutText {#text} at (0,0) size 16x18
            text run at (0,0) width 16: "oo"
caret: position 0 of child 0 {#text} of child 2 {DIV} of child 2 {DIV} of body
