EDITING DELEGATE: webViewDidChangeSelection:WebViewDidChangeSelectionNotification
EDITING DELEGATE: webViewDidChangeSelection:WebViewDidChangeSelectionNotification
EDITING DELEGATE: webViewDidChangeSelection:WebViewDidChangeSelectionNotification
EDITING DELEGATE: webViewDidChangeSelection:WebViewDidChangeSelectionNotification
EDITING DELEGATE: webViewDidChangeSelection:WebViewDidChangeSelectionNotification
EDITING DELEGATE: webViewDidChangeSelection:WebViewDidChangeSelectionNotification
EDITING DELEGATE: webViewDidChangeSelection:WebViewDidChangeSelectionNotification
EDITING DELEGATE: webViewDidChangeSelection:WebViewDidChangeSelectionNotification
EDITING DELEGATE: webViewDidChangeSelection:WebViewDidChangeSelectionNotification
EDITING DELEGATE: webViewDidChangeSelection:WebViewDidChangeSelectionNotification
EDITING DELEGATE: webViewDidChangeSelection:WebViewDidChangeSelectionNotification
EDITING DELEGATE: webViewDidChangeSelection:WebViewDidChangeSelectionNotification
EDITING DELEGATE: webViewDidChangeSelection:WebViewDidChangeSelectionNotification
EDITING DELEGATE: webViewDidChangeSelection:WebViewDidChangeSelectionNotification
EDITING DELEGATE: webViewDidChange:WebViewDidChangeNotification
layer at (0,0) size 800x600
  LayoutView at (0,0) size 800x600
layer at (0,0) size 800x600
  LayoutBlockFlow {HTML} at (0,0) size 800x600
    LayoutBlockFlow {BODY} at (8,8) size 784x584
      LayoutBlockFlow {DIV} at (0,0) size 784x288 [border: (2px solid #0000FF)]
        LayoutBlockFlow {DIV} at (14,14) size 756x84
          LayoutText {#text} at (0,0) size 66x28
            text run at (0,0) width 66: "Tests: "
          LayoutBR {BR} at (0,0) size 0x0
          LayoutText {#text} at (0,28) size 162x28
            text run at (0,28) width 162: "Fix for this bug: "
          LayoutInline {A} at (0,0) size 551x28 [color=#0000EE]
            LayoutText {#text} at (161,28) size 551x28
              text run at (161,28) width 551: "<http://bugzilla.opendarwin.org/show_bug.cgi?id=3429>"
          LayoutText {#text} at (0,56) size 721x28
            text run at (0,56) width 721: "Text transformed with text-transform does not copy with transform applied"
        LayoutBlockFlow {DIV} at (14,114) size 756x160
          LayoutBlockFlow (anonymous) at (0,0) size 756x56
            LayoutText {#text} at (0,0) size 190x28
              text run at (0,0) width 190: "Expected Results: "
            LayoutBR {BR} at (189,22) size 1x0
            LayoutText {#text} at (0,28) size 201x28
              text run at (0,28) width 201: "Should see the string"
          LayoutBlockFlow {PRE} at (0,80) size 756x28
            LayoutText {#text} at (0,0) size 217x28
              text run at (0,0) width 217: "Foo Bar baz Bar"
          LayoutBlockFlow (anonymous) at (0,132) size 756x28
            LayoutText {#text} at (0,0) size 154x28
              text run at (0,0) width 154: "(case sensitive)."
      LayoutBlockFlow {DIV} at (0,312) size 784x32 [border: (2px solid #FF0000)]
        LayoutInline {SPAN} at (0,0) size 152x28
          LayoutInline {SPAN} at (0,0) size 78x28
            LayoutText {#text} at (2,2) size 78x28
              text run at (2,2) width 78: "Foo Bar"
          LayoutText {#text} at (80,2) size 74x28
            text run at (80,2) width 74: " bazBar"
        LayoutText {#text} at (0,0) size 0x0
caret: position 7 of child 1 {#text} of child 1 {SPAN} of child 3 {DIV} of body
