EDITING DELEGATE: webViewDidChangeSelection:WebViewDidChangeSelectionNotification
EDITING DELEGATE: webViewDidChangeSelection:WebViewDidChangeSelectionNotification
EDITING DELEGATE: webViewDidChangeSelection:WebViewDidChangeSelectionNotification
EDITING DELEGATE: webViewDidChangeSelection:WebViewDidChangeSelectionNotification
EDITING DELEGATE: webViewDidChange:WebViewDidChangeNotification
layer at (0,0) size 800x600
  LayoutView at (0,0) size 800x600
layer at (0,0) size 800x600
  LayoutBlockFlow {HTML} at (0,0) size 800x600
    LayoutBlockFlow {BODY} at (8,8) size 784x584
      LayoutBlockFlow {P} at (0,0) size 784x36
        LayoutText {#text} at (0,0) size 775x36
          text run at (0,0) width 775: "This tests for a bug where attachments dragged into Mail documents blew all content after the position being pasted into."
          text run at (0,18) width 318: "You should see \"Hello[black box] World!\" below."
      LayoutBlockFlow {DIV} at (0,52) size 784x156
        LayoutText {#text} at (0,138) size 36x18
          text run at (0,138) width 36: "Hello"
        LayoutText {#text} at (337,138) size 50x18
          text run at (337,138) width 50: " World!"
layer at (44,60) size 302x152
  LayoutEmbeddedObject {OBJECT} at (35.55,0) size 302x152 [border: (1px solid #AAAAAA)]
caret: position 1 of child 1 {OBJECT} of child 3 {DIV} of body
