EDITING DELEGATE: webViewDidChangeSelection:WebViewDidChangeSelectionNotification
EDITING DELEGATE: webViewDidChangeSelection:WebViewDidChangeSelectionNotification
EDITING DELEGATE: webViewDidChangeSelection:WebViewDidChangeSelectionNotification
EDITING DELEGATE: webViewDidChangeSelection:WebViewDidChangeSelectionNotification
EDITING DELEGATE: webViewDidChange:WebViewDidChangeNotification
EDITING DELEGATE: webViewDidChangeSelection:WebViewDidChangeSelectionNotification
EDITING DELEGATE: webViewDidChange:WebViewDidChangeNotification
layer at (0,0) size 800x600
  LayoutView at (0,0) size 800x600
layer at (0,0) size 800x600
  LayoutBlockFlow {HTML} at (0,0) size 800x600
    LayoutBlockFlow {BODY} at (8,8) size 784x584
      LayoutBlockFlow {DIV} at (0,0) size 784x240 [border: (2px solid #0000FF)]
        LayoutBlockFlow {DIV} at (14,14) size 756x84
          LayoutText {#text} at (0,0) size 66x28
            text run at (0,0) width 66: "Tests: "
          LayoutBR {BR} at (0,0) size 0x0
          LayoutText {#text} at (0,28) size 750x56
            text run at (0,28) width 750: "Pasting and matching style when there is nothing typed, but the typing style is"
            text run at (0,56) width 431: "set to bold. This test was created after fixing "
          LayoutInline {A} at (0,0) size 85x28 [color=#0000EE]
            LayoutText {#text} at (430,56) size 85x28
              text run at (430,56) width 85: "3976872"
          LayoutText {#text} at (514,56) size 7x28
            text run at (514,56) width 7: "."
        LayoutBlockFlow {DIV} at (14,114) size 756x112
          LayoutText {#text} at (0,0) size 190x28
            text run at (0,0) width 190: "Expected Results: "
          LayoutBR {BR} at (189,22) size 1x0
          LayoutText {#text} at (0,28) size 752x56
            text run at (0,28) width 752: "The pasted word should match the current typing style. In this case, the typing"
            text run at (0,56) width 624: "style is set to bold. Should see this content in the red box below: "
          LayoutBR {BR} at (623,78) size 1x0
          LayoutInline {B} at (0,0) size 50x28
            LayoutText {#text} at (0,84) size 50x28
              text run at (0,84) width 50: "hello"
          LayoutText {#text} at (0,0) size 0x0
      LayoutBlockFlow {DIV} at (0,264) size 784x32
        LayoutBlockFlow {DIV} at (0,0) size 784x32 [border: (2px solid #FF0000)]
          LayoutInline {B} at (0,0) size 50x28
            LayoutText {#text} at (2,2) size 50x28
              text run at (2,2) width 50: "hello"
caret: position 5 of child 0 {#text} of child 0 {B} of child 1 {DIV} of child 3 {DIV} of body
