layer at (0,0) size 800x600
  LayoutView at (0,0) size 800x600
layer at (0,0) size 800x600
  LayoutBlockFlow {HTML} at (0,0) size 800x600
layer at (8,8) size 784x584
  LayoutBlockFlow (relative positioned) {BODY} at (8,8) size 784x584
layer at (8,8) size 200x160
  LayoutBlockFlow (positioned) {DIV} at (0,0) size 200x160 [color=#FF0000]
    LayoutText {#text} at (0,0) size 160x160
      text run at (0,0) width 160: "AAAA"
      text run at (0,40) width 40: "B"
      text run at (0,80) width 160: "CCCC"
      text run at (0,120) width 80: "D "
    LayoutText {#text} at (80,120) size 40x40
      text run at (80,120) width 40: "E"
layer at (8,8) size 200x160
  LayoutBlockFlow (positioned) {DIV} at (0,0) size 200x160 [color=#008000]
    LayoutText {#text} at (0,0) size 0x0
    LayoutText {#text} at (0,0) size 160x160
      text run at (0,0) width 160: "AAAA"
      text run at (0,40) width 40: "B"
      text run at (0,80) width 160: "CCCC"
      text run at (0,120) width 120: "D E"
