EDITING DELEGATE: webViewDidChangeSelection:WebViewDidChangeSelectionNotification
EDITING DELEGATE: webViewDidChangeSelection:WebViewDidChangeSelectionNotification
EDITING DELEGATE: webViewDidChangeSelection:WebViewDidChangeSelectionNotification
EDITING DELEGATE: webViewDidChangeSelection:WebViewDidChangeSelectionNotification
EDITING DELEGATE: webViewDidChange:WebViewDidChangeNotification
layer at (0,0) size 800x600
  LayoutView at (0,0) size 800x600
layer at (0,0) size 800x600
  LayoutBlockFlow {HTML} at (0,0) size 800x600
    LayoutBlockFlow {BODY} at (8,8) size 784x584
      LayoutBlockFlow {P} at (0,0) size 784x36
        LayoutText {#text} at (0,0) size 774x35
          text run at (0,0) width 435: "This tests Indent on a selection that ends at the start of a paragraph. "
          text run at (434,0) width 340: "Since we don't paint the gap before the paragraph for"
          text run at (0,18) width 594: "most selections like this, we don't perform Indent on the paragraph that the selection ends in."
      LayoutBlockFlow {DIV} at (0,52) size 784x36
        LayoutBlockFlow {BLOCKQUOTE} at (40,0) size 744x18
          LayoutText {#text} at (0,0) size 226x17
            text run at (0,0) width 226: "This paragraph should be indented."
        LayoutBlockFlow (anonymous) at (0,18) size 784x18
          LayoutText {#text} at (0,0) size 250x17
            text run at (0,0) width 250: "This paragraph should not be indented."
          LayoutBR {BR} at (249,14) size 1x0
selection start: position 1 of child 0 {#text} of child 0 {BLOCKQUOTE} of child 2 {DIV} of body
selection end:   position 35 of child 0 {#text} of child 0 {BLOCKQUOTE} of child 2 {DIV} of body
