layer at (0,0) size 800x600
  LayoutView at (0,0) size 800x600
layer at (0,0) size 800x600
  LayoutBlockFlow {HTML} at (0,0) size 800x600
    LayoutBlockFlow {BODY} at (8,8) size 784x576
      LayoutBlockFlow {P} at (0,0) size 784x18
        LayoutText {#text} at (0,0) size 383x17
          text run at (0,0) width 383: "This tests for a hang when performing InsertUnorderedList."
      LayoutBlockFlow {DIV} at (0,34) size 784x88
        LayoutBlockFlow {DIV} at (0,0) size 784x18
          LayoutText {#text} at (0,0) size 353x17
            text run at (0,0) width 353: "There should be two empty unordered list items below."
        LayoutBlockFlow {DIV} at (0,34) size 784x54
          LayoutBlockFlow {UL} at (0,0) size 784x54
            LayoutListItem {LI} at (40,0) size 744x18
              LayoutListMarker (anonymous) at (-17,0) size 7x17: bullet
              LayoutBR {BR} at (0,0) size 0x17
            LayoutListItem {LI} at (40,18) size 744x18
              LayoutListMarker (anonymous) at (-17,0) size 7x17: bullet
              LayoutBR {BR} at (0,0) size 0x17
            LayoutListItem {LI} at (40,36) size 744x18
              LayoutListMarker (anonymous) at (-17,0) size 7x17: bullet
              LayoutText {#text} at (0,0) size 243x17
                text run at (0,0) width 243: "This should be an unordered list item."
selection start: position 0 of child 0 {BR} of child 0 {LI} of child 0 {UL} of child 3 {DIV} of child 2 {DIV} of body
selection end:   position 38 of child 0 {#text} of child 2 {LI} of child 0 {UL} of child 3 {DIV} of child 2 {DIV} of body
