layer at (0,0) size 800x600
  LayoutView at (0,0) size 800x600
layer at (0,0) size 800x600
  LayoutBlockFlow {HTML} at (0,0) size 800x600
    LayoutBlockFlow {BODY} at (8,8) size 784x576
      LayoutBlockFlow {P} at (0,0) size 784x18
        LayoutText {#text} at (0,0) size 697x17
          text run at (0,0) width 697: "This tests for a bug where hitting return inside an empty paragraph in a non-empty list item would remove it."
      LayoutBlockFlow {DIV} at (0,34) size 784x54
        LayoutBlockFlow {UL} at (0,0) size 784x54
          LayoutListItem {LI} at (40,0) size 744x36
            LayoutListMarker (anonymous) at (-17,0) size 7x17: bullet
            LayoutText {#text} at (0,0) size 22x17
              text run at (0,0) width 22: "foo"
            LayoutBR {BR} at (21,14) size 1x0
            LayoutBR {BR} at (0,18) size 0x17
          LayoutListItem {LI} at (40,36) size 744x18
            LayoutListMarker (anonymous) at (-17,0) size 7x17: bullet
            LayoutBR {BR} at (0,0) size 0x17
caret: position 0 of child 0 {BR} of child 1 {LI} of child 1 {UL} of child 2 {DIV} of body
