EDITING DELEGATE: webViewDidChangeSelection:WebViewDidChangeSelectionNotification
EDITING DELEGATE: webViewDidChangeSelection:WebViewDidChangeSelectionNotification
EDITING DELEGATE: webViewDidChange:WebViewDidChangeNotification
EDITING DELEGATE: webViewDidChangeSelection:WebViewDidChangeSelectionNotification
EDITING DELEGATE: webViewDidChange:WebViewDidChangeNotification
layer at (0,0) size 800x600
  LayoutView at (0,0) size 800x600
layer at (0,0) size 800x600
  LayoutBlockFlow {HTML} at (0,0) size 800x600
    LayoutBlockFlow {BODY} at (8,8) size 784x576
      LayoutBlockFlow {P} at (0,0) size 784x36
        LayoutText {#text} at (0,0) size 764x35
          text run at (0,0) width 313: "This is a test of execCommand(InsertImage, ...). "
          text run at (312,0) width 452: "The first test passes execCommand a path to a valid image, the second"
          text run at (0,18) width 375: "passes execCommand a path where no image should exist."
      LayoutBlockFlow {DIV} at (0,52) size 784x103
        LayoutImage {IMG} at (0,0) size 76x103
        LayoutBlockFlow {IMG} at (76,83) size 20x20
      LayoutBlockFlow {UL} at (0,171) size 784x0
layer at (84,143) size 20x20 clip at (85,144) size 18x18
  LayoutBlockFlow {DIV} at (0,0) size 20x20 [border: (1px solid #C0C0C0)]
    LayoutImage (floating) {IMG} at (2,2) size 16x16
layer at (102,145) size 0x0
  LayoutBlockFlow {DIV} at (18,2) size 0x0
caret: position 1 of child 1 {IMG} of child 3 {DIV} of body
