EDITING DELEGATE: webViewDidChangeSelection:WebViewDidChangeSelectionNotification
EDITING DELEGATE: webViewDidChangeSelection:WebViewDidChangeSelectionNotification
EDITING DELEGATE: webViewDidChange:WebViewDidChangeNotification
layer at (0,0) size 800x600
  LayoutView at (0,0) size 800x600
layer at (0,0) size 800x600
  LayoutBlockFlow {HTML} at (0,0) size 800x600
    LayoutBlockFlow {BODY} at (8,8) size 784x576
      LayoutBlockFlow {P} at (0,0) size 784x18
        LayoutText {#text} at (0,0) size 541x17
          text run at (0,0) width 541: "This tests Insert{Un}OrderedList on a range selection that is entirely within one list."
      LayoutBlockFlow {DIV} at (0,34) size 784x106
        LayoutBlockFlow (anonymous) at (0,0) size 784x72
          LayoutText {#text} at (0,0) size 76x17
            text run at (0,0) width 76: "None of the"
          LayoutBR {BR} at (75,14) size 1x0
          LayoutText {#text} at (0,18) size 103x17
            text run at (0,18) width 103: "selected content"
          LayoutBR {BR} at (102,32) size 1x0
          LayoutText {#text} at (0,36) size 62x17
            text run at (0,36) width 62: "should be"
          LayoutBR {BR} at (61,50) size 1x0
          LayoutText {#text} at (0,54) size 52x17
            text run at (0,54) width 52: "in a list."
          LayoutBR {BR} at (51,68) size 1x0
        LayoutBlockFlow {OL} at (0,88) size 784x18
          LayoutListItem {LI} at (40,0) size 744x18
            LayoutListMarker (anonymous) at (-16,0) size 16x17: "1"
            LayoutText {#text} at (0,0) size 323x17
              text run at (0,0) width 323: "This should be in a list and should not be selected."
selection start: position 2 of child 0 {#text} of child 2 {DIV} of body
selection end:   position 2 of child 6 {#text} of child 2 {DIV} of body
