EDITING DELEGATE: webViewDidChangeSelection:WebViewDidChangeSelectionNotification
EDITING DELEGATE: webViewDidChangeSelection:WebViewDidChangeSelectionNotification
EDITING DELEGATE: webViewDidChangeSelection:WebViewDidChangeSelectionNotification
EDITING DELEGATE: webViewDidChangeSelection:WebViewDidChangeSelectionNotification
EDITING DELEGATE: webViewDidChange:WebViewDidChangeNotification
layer at (0,0) size 800x600
  LayoutView at (0,0) size 800x600
layer at (0,0) size 800x600
  LayoutBlockFlow {HTML} at (0,0) size 800x600
    LayoutBlockFlow {BODY} at (8,8) size 784x584
      LayoutBlockFlow {P} at (0,0) size 784x40
        LayoutText {#text} at (0,0) size 728x39
          text run at (0,0) width 493: "This tests InsertUnorderedList on a selection that ends at the start of a paragraph. "
          text run at (493,0) width 235: "Since we don't paint the gap before the"
          text run at (0,20) width 724: "paragraph for most selections like this, we don't perform InsertUnorderedList on the paragraph that the selection ends in."
      LayoutBlockFlow {DIV} at (0,56) size 784x56
        LayoutBlockFlow {UL} at (0,0) size 784x20
          LayoutListItem {LI} at (40,0) size 744x20
            LayoutListMarker (anonymous) at (-18,0) size 7x19: bullet
            LayoutText {#text} at (0,0) size 201x19
              text run at (0,0) width 201: "This paragraph should be in a list."
        LayoutBlockFlow (anonymous) at (0,36) size 784x20
          LayoutText {#text} at (0,0) size 224x19
            text run at (0,0) width 224: "This paragraph should not be in a list."
          LayoutBR {BR} at (224,15) size 0x0
selection start: position 0 of child 0 {#text} of child 0 {LI} of child 0 {UL} of child 2 {DIV} of body
selection end:   position 35 of child 0 {#text} of child 0 {LI} of child 0 {UL} of child 2 {DIV} of body
