layer at (0,0) size 800x600
  LayoutView at (0,0) size 800x600
layer at (0,0) size 800x600
  LayoutBlockFlow {HTML} at (0,0) size 800x600
    LayoutBlockFlow {BODY} at (8,8) size 784x576
      LayoutBlockFlow {P} at (0,0) size 784x40
        LayoutText {#text} at (0,0) size 774x39
          text run at (0,0) width 774: "This tests to see that creating an ordered list item from the last list item in an unordered list creates a new list that is not a sublist of"
          text run at (0,20) width 95: "the original one."
      LayoutBlockFlow {DIV} at (0,56) size 784x56
        LayoutBlockFlow {UL} at (0,0) size 784x20
          LayoutListItem {LI} at (40,0) size 744x20
            LayoutListMarker (anonymous) at (-18,0) size 7x19: bullet
            LayoutText {#text} at (0,0) size 20x19
              text run at (0,0) width 20: "foo"
        LayoutBlockFlow {OL} at (0,36) size 784x20
          LayoutListItem {LI} at (40,0) size 744x20
            LayoutListMarker (anonymous) at (-16,0) size 16x19: "1"
            LayoutText {#text} at (0,0) size 20x19
              text run at (0,0) width 20: "bar"
caret: position 0 of child 0 {#text} of child 0 {LI} of child 1 {OL} of child 2 {DIV} of body
