EDITING DELEGATE: webViewDidChangeSelection:WebViewDidChangeSelectionNotification
EDITING DELEGATE: webViewDidChangeSelection:WebViewDidChangeSelectionNotification
EDITING DELEGATE: webViewDidChange:WebViewDidChangeNotification
layer at (0,0) size 800x600
  LayoutView at (0,0) size 800x600
layer at (0,0) size 800x600
  LayoutBlockFlow {HTML} at (0,0) size 800x600
    LayoutBlockFlow {BODY} at (8,8) size 784x576
      LayoutBlockFlow {DIV} at (0,0) size 784x20
        LayoutText {#text} at (0,0) size 358x19
          text run at (0,0) width 358: "This test uses the execCommand to Outdent the text below."
      LayoutBlockFlow (anonymous) at (0,20) size 784x20
        LayoutBR {BR} at (0,0) size 0x19
      LayoutBlockFlow {DIV} at (0,56) size 784x60
        LayoutBlockFlow {UL} at (0,0) size 784x60
          LayoutListItem {LI} at (40,0) size 744x20
            LayoutListMarker (anonymous) at (-18,0) size 7x19: bullet
            LayoutText {#text} at (0,0) size 25x19
              text run at (0,0) width 25: "Foo"
          LayoutBlockFlow {UL} at (40,20) size 744x20
            LayoutListItem {LI} at (40,0) size 704x20
              LayoutListMarker (anonymous) at (-18,0) size 7x19: white bullet
              LayoutText {#text} at (0,0) size 22x19
                text run at (0,0) width 22: "Bar"
          LayoutListItem {LI} at (40,40) size 744x20
            LayoutListMarker (anonymous) at (-18,0) size 7x19: bullet
            LayoutText {#text} at (0,0) size 23x19
              text run at (0,0) width 23: "Baz"
caret: position 0 of child 0 {#text} of child 0 {LI} of child 3 {UL} of child 1 {UL} of child 4 {DIV} of body
