EDITING DELEGATE: webViewDidChangeSelection:WebViewDidChangeSelectionNotification
EDITING DELEGATE: webViewDidChangeSelection:WebViewDidChangeSelectionNotification
EDITING DELEGATE: webViewDidChangeSelection:WebViewDidChangeSelectionNotification
EDITING DELEGATE: webViewDidChange:WebViewDidChangeNotification
layer at (0,0) size 800x600
  LayoutView at (0,0) size 800x600
layer at (0,0) size 800x600
  LayoutBlockFlow {HTML} at (0,0) size 800x600
    LayoutBlockFlow {BODY} at (8,8) size 784x584
      LayoutBlockFlow {DIV} at (0,0) size 784x20
        LayoutText {#text} at (0,0) size 345x19
          text run at (0,0) width 345: "This test uses the execCommand to indent the text below."
      LayoutBlockFlow (anonymous) at (0,20) size 784x20
        LayoutBR {BR} at (0,0) size 0x19
      LayoutBlockFlow {DIV} at (0,40) size 784x212
        LayoutBlockFlow {BLOCKQUOTE} at (40,0) size 744x60
          LayoutBlockFlow (anonymous) at (0,0) size 744x40
            LayoutInline {SPAN} at (0,0) size 40x19
              LayoutText {#text} at (0,0) size 40x19
                text run at (0,0) width 40: "Lorem"
              LayoutBR {BR} at (40,15) size 0x0
            LayoutText {#text} at (0,20) size 80x19
              text run at (0,20) width 80: "more Lorem!"
          LayoutBlockFlow {BLOCKQUOTE} at (40,40) size 704x20
            LayoutText {#text} at (0,0) size 35x19
              text run at (0,0) width 35: "ipsum"
        LayoutBlockFlow {BLOCKQUOTE} at (40,76) size 744x60
          LayoutBlockFlow {UL} at (0,0) size 744x60
            LayoutBlockFlow {UL} at (40,0) size 704x60
              LayoutListItem {LI} at (40,0) size 664x20
                LayoutListMarker (anonymous) at (-18,0) size 7x19: white bullet
                LayoutText {#text} at (0,0) size 25x19
                  text run at (0,0) width 25: "Foo"
              LayoutListItem {LI} at (40,20) size 664x20
                LayoutListMarker (anonymous) at (-18,0) size 7x19: white bullet
                LayoutText {#text} at (0,0) size 22x19
                  text run at (0,0) width 22: "Bar"
              LayoutListItem {LI} at (40,40) size 664x20
                LayoutListMarker (anonymous) at (-18,0) size 7x19: white bullet
                LayoutText {#text} at (0,0) size 23x19
                  text run at (0,0) width 23: "Baz"
        LayoutBlockFlow {BLOCKQUOTE} at (40,152) size 744x60
          LayoutBlockFlow {BLOCKQUOTE} at (40,0) size 704x20
            LayoutText {#text} at (0,0) size 35x19
              text run at (0,0) width 35: "Dolor"
          LayoutBlockFlow (anonymous) at (0,20) size 744x40
            LayoutText {#text} at (0,0) size 32x19
              text run at (0,0) width 32: "Sum!"
            LayoutBR {BR} at (32,15) size 0x0
            LayoutInline {SPAN} at (0,0) size 33x19
              LayoutText {#text} at (0,20) size 33x19
                text run at (0,20) width 33: "Thing"
selection start: position 0 of child 0 {#text} of child 0 {SPAN} of child 1 {BLOCKQUOTE} of child 4 {DIV} of body
selection end:   position 5 of child 0 {#text} of child 3 {SPAN} of child 3 {BLOCKQUOTE} of child 4 {DIV} of body
