EDITING DELEGATE: webViewDidChangeSelection:WebViewDidChangeSelectionNotification
EDITING DELEGATE: webViewDidChangeSelection:WebViewDidChangeSelectionNotification
EDITING DELEGATE: webViewDidChangeSelection:WebViewDidChangeSelectionNotification
EDITING DELEGATE: webViewDidChangeSelection:WebViewDidChangeSelectionNotification
EDITING DELEGATE: webViewDidChangeSelection:WebViewDidChangeSelectionNotification
EDITING DELEGATE: webViewDidChangeSelection:WebViewDidChangeSelectionNotification
EDITING DELEGATE: webViewDidChange:WebViewDidChangeNotification
EDITING DELEGATE: webViewDidChangeSelection:WebViewDidChangeSelectionNotification
EDITING DELEGATE: webViewDidChangeSelection:WebViewDidChangeSelectionNotification
EDITING DELEGATE: webViewDidChangeSelection:WebViewDidChangeSelectionNotification
EDITING DELEGATE: webViewDidChangeSelection:WebViewDidChangeSelectionNotification
EDITING DELEGATE: webViewDidChangeSelection:WebViewDidChangeSelectionNotification
EDITING DELEGATE: webViewDidChangeSelection:WebViewDidChangeSelectionNotification
EDITING DELEGATE: webViewDidChange:WebViewDidChangeNotification
layer at (0,0) size 800x600
  LayoutView at (0,0) size 800x600
layer at (0,0) size 800x600
  LayoutBlockFlow {HTML} at (0,0) size 800x600
    LayoutBlockFlow {BODY} at (8,8) size 784x584
      LayoutBlockFlow {P} at (0,0) size 784x20
        LayoutText {#text} at (0,0) size 343x19
          text run at (0,0) width 343: "These are tests for execCommand(InsertHorizontalRule)."
      LayoutBlockFlow {P} at (0,36) size 784x20
        LayoutText {#text} at (0,0) size 271x19
          text run at (0,0) width 271: "This test inserts an hr between 'foo' and 'bar'."
      LayoutBlockFlow {DIV} at (0,72) size 784x58
        LayoutBlockFlow (anonymous) at (0,0) size 784x20
          LayoutText {#text} at (0,0) size 20x19
            text run at (0,0) width 20: "foo"
        LayoutBlockFlow {HR} at (0,28) size 784x2 [border: (1px inset #EEEEEE)]
        LayoutBlockFlow (anonymous) at (0,38) size 784x20
          LayoutText {#text} at (0,0) size 20x19
            text run at (0,0) width 20: "bar"
      LayoutBlockFlow {P} at (0,146) size 784x20
        LayoutText {#text} at (0,0) size 599x19
          text run at (0,0) width 599: "This test inserts an hr with id=\"hr\" between 'foo' and 'bar', fetches the hr using its id, then removes it."
      LayoutBlockFlow {DIV} at (0,182) size 784x20
        LayoutText {#text} at (0,0) size 20x19
          text run at (0,0) width 20: "foo"
        LayoutText {#text} at (20,0) size 20x19
          text run at (20,0) width 20: "bar"
caret: position 2 of child 8 {DIV} of body
