EDITING DELEGATE: webViewDidChangeSelection:WebViewDidChangeSelectionNotification
EDITING DELEGATE: webViewDidChangeSelection:WebViewDidChangeSelectionNotification
EDITING DELEGATE: webViewDidChange:WebViewDidChangeNotification
layer at (0,0) size 800x600
  LayoutView at (0,0) size 800x600
layer at (0,0) size 800x600
  LayoutBlockFlow {HTML} at (0,0) size 800x600
    LayoutBlockFlow {BODY} at (8,8) size 784x584
      LayoutBlockFlow {P} at (0,0) size 784x20
        LayoutText {#text} at (0,0) size 430x19
          text run at (0,0) width 187: "This tests the outdent: method. "
          text run at (187,0) width 243: "You should see an undented 'foo' below."
      LayoutBlockFlow {DIV} at (0,36) size 784x20
        LayoutText {#text} at (0,0) size 20x19
          text run at (0,0) width 20: "foo"
caret: position 0 of child 0 {#text} of child 2 {DIV} of body
