layer at (0,0) size 800x600
  LayoutView at (0,0) size 800x600
layer at (0,0) size 800x600
  LayoutBlockFlow {HTML} at (0,0) size 800x600
    LayoutBlockFlow {BODY} at (8,8) size 784x584
      LayoutBlockFlow {P} at (0,0) size 784x40
        LayoutInline {A} at (0,0) size 291x19 [color=#0000EE]
          LayoutText {#text} at (0,0) size 291x19
            text run at (0,0) width 291: "https://bugs.webkit.org/show_bug.cgi?id=25066"
        LayoutBR {BR} at (290,15) size 1x0
        LayoutText {#text} at (0,20) size 352x19
          text run at (0,20) width 352: "controls should not be misplaced when video gets a Layer."
      LayoutBlockFlow (anonymous) at (0,56) size 784x252
        LayoutText {#text} at (0,0) size 0x0
        LayoutText {#text} at (0,0) size 0x0
layer at (58,114) size 302x152 transparent
  LayoutVideo {VIDEO} at (50,50) size 302x152 [border: (1px solid #000000)]
layer at (59,115) size 300x150
  LayoutFlexibleBox (relative positioned) {DIV} at (1,1) size 300x150
    LayoutBlockFlow {DIV} at (0,115) size 300x35
layer at (59,115) size 300x115
  LayoutFlexibleBox (relative positioned) {DIV} at (0,0) size 300x115
layer at (64,230) size 290x30
  LayoutFlexibleBox (relative positioned) {DIV} at (5,0) size 290x30 [bgcolor=#141414CC]
    LayoutButton {INPUT} at (9,0) size 30x30
    LayoutSlider {INPUT} at (48,11) size 152x8
      LayoutFlexibleBox {DIV} at (0,0) size 152x8 [border: (1px solid #E6E6E659)]
        LayoutBlockFlow {DIV} at (1,-8) size 164x24
          LayoutBlockFlow {DIV} at (-7,0) size 32x24
    LayoutFlexibleBox {DIV} at (215,0) size 25x30 [color=#FFFFFF]
      LayoutBlockFlow (anonymous) at (0,0) size 25x30
        LayoutText {#text} at (0,7) size 25x16
          text run at (0,7) width 25: "0:00"
    LayoutButton {INPUT} at (249,0) size 35x30
