layer at (0,0) size 800x600
  LayoutView at (0,0) size 800x600
layer at (0,0) size 800x600
  LayoutBlockFlow {HTML} at (0,0) size 800x600
    LayoutBlockFlow {BODY} at (8,8) size 784x584
      LayoutBlockFlow {P} at (0,0) size 784x18
        LayoutText {#text} at (0,0) size 717x18
          text run at (0,0) width 626: "This tests that in a html document with inline audio content, the media element repaints correctly "
          text run at (625,0) width 92: "while playing."
      LayoutBlockFlow (anonymous) at (0,34) size 784x169
        LayoutBR {BR} at (300,30) size 0x0
        LayoutBR {BR} at (300,85) size 0x0
        LayoutBR {BR} at (300,169) size 0x0
layer at (8,42) size 300x30
  LayoutMedia {AUDIO} at (0,0) size 300x30
layer at (8,42) size 300x30
  LayoutFlexibleBox (relative positioned) {DIV} at (0,0) size 300x30
    LayoutBlockFlow {DIV} at (0,0) size 300x30
layer at (8,42) size 300x30
  LayoutFlexibleBox (relative positioned) {DIV} at (0,0) size 300x30 [bgcolor=#141414CC]
    LayoutButton {INPUT} at (9,0) size 30x30
    LayoutSlider {INPUT} at (48,11) size 102.89x8
      LayoutFlexibleBox {DIV} at (0,0) size 102.89x8 [border: (1px solid #E6E6E659)]
        LayoutBlockFlow {DIV} at (1,-8) size 114.89x24
          LayoutBlockFlow {DIV} at (34.44,0) size 32x24
    LayoutFlexibleBox {DIV} at (165.89,0) size 26.03x30 [color=#FFFFFF]
      LayoutBlockFlow (anonymous) at (0,0) size 26.03x30
        LayoutText {#text} at (0,7) size 27x15
          text run at (0,7) width 27: "0:00"
    LayoutButton {INPUT} at (200.92,0) size 35x30
    LayoutSlider {INPUT} at (241.92,11) size 43.08x8
      LayoutFlexibleBox {DIV} at (0,0) size 43.08x8 [border: (1px solid #E6E6E659)]
        LayoutBlockFlow {DIV} at (1,-8) size 55.08x24
          LayoutBlockFlow {DIV} at (24.08,0) size 24x24
layer at (8,72) size 300x30
  LayoutMedia {AUDIO} at (0,30) size 300x30
layer at (8,72) size 300x30
  LayoutFlexibleBox (relative positioned) {DIV} at (0,0) size 300x30
    LayoutBlockFlow {DIV} at (0,0) size 300x30
layer at (8,72) size 300x30
  LayoutFlexibleBox (relative positioned) {DIV} at (0,0) size 300x30 [bgcolor=#141414CC]
    LayoutButton {INPUT} at (9,0) size 30x30
    LayoutSlider {INPUT} at (48,11) size 102.89x8
      LayoutFlexibleBox {DIV} at (0,0) size 102.89x8 [border: (1px solid #E6E6E659)]
        LayoutBlockFlow {DIV} at (1,-8) size 114.89x24
          LayoutBlockFlow {DIV} at (34.44,0) size 32x24
    LayoutFlexibleBox {DIV} at (165.89,0) size 26.03x30 [color=#FFFFFF]
      LayoutBlockFlow (anonymous) at (0,0) size 26.03x30
        LayoutText {#text} at (0,7) size 27x15
          text run at (0,7) width 27: "0:00"
    LayoutButton {INPUT} at (200.92,0) size 35x30
    LayoutSlider {INPUT} at (241.92,11) size 43.08x8
      LayoutFlexibleBox {DIV} at (0,0) size 43.08x8 [border: (1px solid #E6E6E659)]
        LayoutBlockFlow {DIV} at (1,-8) size 55.08x24
          LayoutBlockFlow {DIV} at (24.08,0) size 24x24
layer at (8,154) size 300x30
  LayoutMedia {AUDIO} at (0,112) size 300x30
layer at (8,154) size 300x30
  LayoutFlexibleBox (relative positioned) {DIV} at (0,0) size 300x30
    LayoutBlockFlow {DIV} at (0,0) size 300x30
layer at (8,154) size 300x30
  LayoutFlexibleBox (relative positioned) {DIV} at (0,0) size 300x30 [bgcolor=#141414CC]
    LayoutButton {INPUT} at (9,0) size 30x30
    LayoutSlider {INPUT} at (48,11) size 102.89x8
      LayoutFlexibleBox {DIV} at (0,0) size 102.89x8 [border: (1px solid #E6E6E659)]
        LayoutBlockFlow {DIV} at (1,-8) size 114.89x24
          LayoutBlockFlow {DIV} at (34.44,0) size 32x24
    LayoutFlexibleBox {DIV} at (165.89,0) size 26.03x30 [color=#FFFFFF]
      LayoutBlockFlow (anonymous) at (0,0) size 26.03x30
        LayoutText {#text} at (0,7) size 27x15
          text run at (0,7) width 27: "0:00"
    LayoutButton {INPUT} at (200.92,0) size 35x30
    LayoutSlider {INPUT} at (241.92,11) size 43.08x8
      LayoutFlexibleBox {DIV} at (0,0) size 43.08x8 [border: (1px solid #E6E6E659)]
        LayoutBlockFlow {DIV} at (1,-8) size 55.08x24
          LayoutBlockFlow {DIV} at (24.08,0) size 24x24
