layer at (0,0) size 800x600 clip at (0,0) size 785x600 scrollHeight 844
  LayoutView at (0,0) size 800x600
layer at (0,0) size 785x844 backgroundClip at (0,0) size 785x600 clip at (0,0) size 785x600
  LayoutBlockFlow {HTML} at (0,0) size 785x844
    LayoutBlockFlow {BODY} at (8,8) size 769x828
      LayoutBlockFlow {P} at (0,0) size 769x18
        LayoutText {#text} at (0,0) size 289x18
          text run at (0,0) width 289: "150% zoom, with width and height attributes"
      LayoutBlockFlow (anonymous) at (0,34) size 769x372
        LayoutText {#text} at (0,354) size 4x18
          text run at (0,354) width 4: " "
        LayoutBR {BR} at (492,368) size 0x0
      LayoutBlockFlow {P} at (0,422) size 769x18
        LayoutText {#text} at (0,0) size 309x18
          text run at (0,0) width 309: "150% zoom, without width and height attributes"
      LayoutBlockFlow (anonymous) at (0,456) size 769x372
        LayoutText {#text} at (0,354) size 4x18
          text run at (0,354) width 4: " "
        LayoutBR {BR} at (492,368) size 0x0
layer at (12,42) size 488x368
  LayoutVideo {VIDEO} at (4,0) size 488x368 [border: (4px solid #FF0000)]
layer at (12,464) size 488x368 backgroundClip at (0,0) size 785x600 clip at (0,0) size 785x600
  LayoutVideo {VIDEO} at (4,0) size 488x368 [border: (4px solid #FF0000)]
layer at (16,46) size 480x360
  LayoutFlexibleBox (relative positioned) {DIV} at (4,4) size 480x360
    LayoutBlockFlow {DIV} at (0,307.50) size 480x52.50
layer at (16,46) size 480x308
  LayoutFlexibleBox (relative positioned) {DIV} at (0,0) size 480x307.50
layer at (16,468) size 480x360 backgroundClip at (0,0) size 785x600 clip at (0,0) size 785x600
  LayoutFlexibleBox (relative positioned) {DIV} at (4,4) size 480x360
    LayoutBlockFlow {DIV} at (0,307.50) size 480x52.50
layer at (16,468) size 480x308 backgroundClip at (16,468) size 480x132 clip at (16,468) size 480x132
  LayoutFlexibleBox (relative positioned) {DIV} at (0,0) size 480x307.50
