layer at (0,0) size 800x600 clip at (0,0) size 785x600 scrollHeight 778
  LayoutView at (0,0) size 800x600
layer at (0,0) size 785x546
  LayoutBlockFlow {HTML} at (0,0) size 785x546
    LayoutBlockFlow {BODY} at (8,16) size 769x522
      LayoutBlockFlow {P} at (0,0) size 769x18
        LayoutText {#text} at (0,0) size 258x18
          text run at (0,0) width 258: "Test controls rendering with cast button."
      LayoutBlockFlow {DIV} at (0,34) size 769x244
        LayoutText {#text} at (0,0) size 0x0
      LayoutBlockFlow {DIV} at (0,278) size 769x244
        LayoutText {#text} at (0,0) size 0x0
      LayoutBlockFlow {DIV} at (0,522) size 769x0
layer at (8,50) size 320x240
  LayoutVideo {VIDEO} at (0,0) size 320x240
layer at (8,294) size 320x240
  LayoutVideo {VIDEO} at (0,0) size 320x240
layer at (8,50) size 320x240
  LayoutFlexibleBox (relative positioned) {DIV} at (0,0) size 320x240
    LayoutBlockFlow {DIV} at (0,205) size 320x35
layer at (8,50) size 320x205
  LayoutFlexibleBox (relative positioned) {DIV} at (0,0) size 320x205
layer at (13,255) size 310x30
  LayoutFlexibleBox (relative positioned) {DIV} at (5,0) size 310x30 [bgcolor=#141414CC]
    LayoutButton {INPUT} at (9,0) size 30x30
    LayoutSlider {INPUT} at (48,11) size 72.97x8
      LayoutFlexibleBox {DIV} at (0,0) size 72.97x8 [border: (1px solid #E6E6E659)]
        LayoutBlockFlow {DIV} at (1,-8) size 84.97x24
          LayoutBlockFlow {DIV} at (-7,0) size 32x24
    LayoutFlexibleBox {DIV} at (135.97,0) size 26.03x30 [color=#FFFFFF]
      LayoutBlockFlow (anonymous) at (0,0) size 26.03x30
        LayoutText {#text} at (0,7) size 27x15
          text run at (0,7) width 27: "0:00"
    LayoutButton {INPUT} at (171,0) size 35x30
    LayoutSlider {INPUT} at (212,11) size 15x8
      LayoutFlexibleBox {DIV} at (0,0) size 15x8 [border: (1px solid #E6E6E659)]
        LayoutBlockFlow {DIV} at (1,-8) size 27x24
          LayoutBlockFlow {DIV} at (-4,0) size 24x24
    LayoutButton {INPUT} at (237,0) size 30x30
    LayoutButton {INPUT} at (271,0) size 30x30
layer at (8,294) size 320x240
  LayoutFlexibleBox (relative positioned) {DIV} at (0,0) size 320x240
    LayoutBlockFlow {DIV} at (0,205) size 320x35
layer at (8,294) size 320x205
  LayoutFlexibleBox (relative positioned) {DIV} at (0,0) size 320x205
layer at (13,499) size 310x30
  LayoutFlexibleBox (relative positioned) {DIV} at (5,0) size 310x30 [bgcolor=#141414CC]
    LayoutButton {INPUT} at (9,0) size 30x30
    LayoutSlider {INPUT} at (48,11) size 72.97x8
      LayoutFlexibleBox {DIV} at (0,0) size 72.97x8 [border: (1px solid #E6E6E659)]
        LayoutBlockFlow {DIV} at (1,-8) size 84.97x24
          LayoutBlockFlow {DIV} at (-7,0) size 32x24
    LayoutFlexibleBox {DIV} at (135.97,0) size 26.03x30 [color=#FFFFFF]
      LayoutBlockFlow (anonymous) at (0,0) size 26.03x30
        LayoutText {#text} at (0,7) size 27x15
          text run at (0,7) width 27: "0:00"
    LayoutButton {INPUT} at (171,0) size 35x30
    LayoutSlider {INPUT} at (212,11) size 15x8
      LayoutFlexibleBox {DIV} at (0,0) size 15x8 [border: (1px solid #E6E6E659)]
        LayoutBlockFlow {DIV} at (1,-8) size 27x24
          LayoutBlockFlow {DIV} at (-4,0) size 24x24
    LayoutButton {INPUT} at (237,0) size 30x30
    LayoutButton {INPUT} at (271,0) size 30x30
layer at (8,538) size 320x240 backgroundClip at (0,0) size 785x600 clip at (0,0) size 785x600
  LayoutVideo (positioned) {VIDEO} at (8,538) size 320x240
layer at (8,538) size 320x240 backgroundClip at (0,0) size 785x600 clip at (0,0) size 785x600
  LayoutFlexibleBox (relative positioned) {DIV} at (0,0) size 320x240
    LayoutBlockFlow {DIV} at (0,205) size 320x35
layer at (8,538) size 320x205 backgroundClip at (8,538) size 320x62 clip at (8,538) size 320x62
  LayoutFlexibleBox (relative positioned) {DIV} at (0,0) size 320x205
layer at (13,743) size 310x30 backgroundClip at (0,0) size 0x0 clip at (0,0) size 0x0
  LayoutFlexibleBox (relative positioned) {DIV} at (5,0) size 310x30 [bgcolor=#141414CC]
    LayoutButton {INPUT} at (9,0) size 30x30
    LayoutSlider {INPUT} at (48,11) size 72.97x8
      LayoutFlexibleBox {DIV} at (0,0) size 72.97x8 [border: (1px solid #E6E6E659)]
        LayoutBlockFlow {DIV} at (1,-8) size 84.97x24
          LayoutBlockFlow {DIV} at (-7,0) size 32x24
    LayoutFlexibleBox {DIV} at (135.97,0) size 26.03x30 [color=#FFFFFF]
      LayoutBlockFlow (anonymous) at (0,0) size 26.03x30
        LayoutText {#text} at (0,7) size 27x15
          text run at (0,7) width 27: "0:00"
    LayoutButton {INPUT} at (171,0) size 35x30
    LayoutSlider {INPUT} at (212,11) size 15x8
      LayoutFlexibleBox {DIV} at (0,0) size 15x8 [border: (1px solid #E6E6E659)]
        LayoutBlockFlow {DIV} at (1,-8) size 27x24
          LayoutBlockFlow {DIV} at (-4,0) size 24x24
    LayoutButton {INPUT} at (237,0) size 30x30
    LayoutButton {INPUT} at (271,0) size 30x30
