layer at (0,0) size 800x600 clip at (0,0) size 785x600 scrollHeight 870
  LayoutView at (0,0) size 800x600
layer at (0,0) size 785x616 backgroundClip at (0,0) size 785x600 clip at (0,0) size 785x600
  LayoutBlockFlow {HTML} at (0,0) size 785x616
    LayoutBlockFlow {BODY} at (8,16) size 769x592
      LayoutBlockFlow {P} at (0,0) size 769x18
        LayoutText {#text} at (0,0) size 355x18
          text run at (0,0) width 355: "Test overlay cast button rendering on light background."
      LayoutBlockFlow {DIV} at (0,34) size 769x292
        LayoutText {#text} at (0,0) size 0x0
      LayoutBlockFlow {DIV} at (0,326) size 769x266
        LayoutText {#text} at (0,0) size 0x0
      LayoutBlockFlow {DIV} at (0,592) size 769x0
layer at (8,50) size 352x288
  LayoutVideo {VIDEO} at (0,0) size 352x288
layer at (8,342) size 320x262 backgroundClip at (0,0) size 785x600 clip at (0,0) size 785x600
  LayoutVideo {VIDEO} at (0,0) size 320x262
layer at (8,50) size 352x288
  LayoutFlexibleBox (relative positioned) {DIV} at (0,0) size 352x288
    LayoutBlockFlow {DIV} at (0,253) size 352x35
layer at (8,50) size 352x253
  LayoutFlexibleBox (relative positioned) {DIV} at (0,0) size 352x253
layer at (26,63) size 30x30
  LayoutButton (positioned) {INPUT} at (17.59,12.64) size 30x30
layer at (8,342) size 320x262 backgroundClip at (0,0) size 785x600 clip at (0,0) size 785x600
  LayoutFlexibleBox (relative positioned) {DIV} at (0,0) size 320x262
    LayoutBlockFlow {DIV} at (0,227) size 320x35
layer at (8,342) size 320x227
  LayoutFlexibleBox (relative positioned) {DIV} at (0,0) size 320x227
layer at (24,353) size 30x30
  LayoutButton (positioned) {INPUT} at (16,11.34) size 30x30
layer at (8,608) size 320x262 backgroundClip at (0,0) size 785x600 clip at (0,0) size 785x600
  LayoutVideo (positioned) {VIDEO} at (8,608) size 320x262
layer at (8,608) size 320x262 backgroundClip at (0,0) size 785x600 clip at (0,0) size 785x600
  LayoutFlexibleBox (relative positioned) {DIV} at (0,0) size 320x262
    LayoutBlockFlow {DIV} at (0,227) size 320x35
layer at (8,608) size 320x227 backgroundClip at (0,0) size 0x0 clip at (0,0) size 0x0
  LayoutFlexibleBox (relative positioned) {DIV} at (0,0) size 320x227
