layer at (0,0) size 800x600
  LayoutView at (0,0) size 800x600
layer at (0,0) size 800x114
  LayoutBlockFlow {HTML} at (0,0) size 800x114
    LayoutBlockFlow {BODY} at (8,16) size 784x90
      LayoutBlockFlow {P} at (0,0) size 784x18
        LayoutText {#text} at (0,0) size 523x17
          text run at (0,0) width 523: "Test passes if there are two pairs of black and blue 'Filler Text' instances on page."
      LayoutBlockFlow {DIV} at (0,34) size 784x28
        LayoutText {#text} at (677,0) size 107x27
          text run at (677,0) width 107: "Filler Text"
      LayoutBlockFlow {DIV} at (0,62) size 784x28
        LayoutText {#text} at (677,0) size 107x27
          text run at (677,0) width 107: "Filler Text"
