EDITING DELEGATE: webViewDidChangeSelection:WebViewDidChangeSelectionNotification
EDITING DELEGATE: webViewDidChangeSelection:WebViewDidChangeSelectionNotification
EDITING DELEGATE: webViewDidChangeSelection:WebViewDidChangeSelectionNotification
EDITING DELEGATE: webViewDidChangeSelection:WebViewDidChangeSelectionNotification
EDITING DELEGATE: webViewDidChange:WebViewDidChangeNotification
layer at (0,0) size 800x600
  LayoutView at (0,0) size 800x600
layer at (0,0) size 800x600
  LayoutBlockFlow {HTML} at (0,0) size 800x600
    LayoutBlockFlow {BODY} at (8,8) size 784x584
      LayoutBlockFlow {P} at (0,0) size 784x36
        LayoutText {#text} at (0,0) size 741x35
          text run at (0,0) width 741: "This tests to see if inserting a space inside normal whitespace inside of a whitespace:pre element will collapse other"
          text run at (0,18) width 140: "spaces surrounding it."
      LayoutBlockFlow {P} at (0,52) size 784x18
        LayoutText {#text} at (0,0) size 450x17
          text run at (0,0) width 450: "If successful, you should see 'a' followed by 10 spaces followed by 'b'."
      LayoutBlockFlow {HR} at (0,86) size 784x2 [border: (1px inset #EEEEEE)]
      LayoutBlockFlow {DIV} at (0,96) size 784x24 [border: (2px solid #FFAAAA)]
        LayoutBlockFlow {PRE} at (2,2) size 780x20 [border: (2px solid #AAAAFF)]
          LayoutText {#text} at (2,2) size 96x16
            text run at (2,2) width 96: "a          b"
caret: position 3 of child 0 {#text} of child 1 {PRE} of child 7 {DIV} of body
