layer at (0,0) size 800x600
  LayoutView at (0,0) size 800x600
layer at (0,0) size 800x600
  LayoutBlockFlow {HTML} at (0,0) size 800x600
    LayoutBlockFlow {BODY} at (8,8) size 784x584
      LayoutBlockFlow {P} at (0,0) size 784x18
        LayoutText {#text} at (0,0) size 518x17
          text run at (0,0) width 518: "This tests for a bug where the first newline entered into a text area would be lost."
      LayoutBlockFlow (anonymous) at (0,34) size 784x36
        LayoutText {#text} at (0,0) size 0x0
        LayoutText {#text} at (0,0) size 0x0
layer at (8,42) size 179x36 clip at (9,43) size 177x34
  LayoutTextControl {TEXTAREA} at (0,0) size 179x36 [bgcolor=#FFFFFF] [border: (1px solid #A9A9A9)]
    LayoutBlockFlow {DIV} at (3,3) size 175x32
      LayoutText {#text} at (0,0) size 0x16
        text run at (0,0) width 0: " "
      LayoutText {#text} at (0,16) size 0x16
        text run at (0,16) width 0: " "
caret: position 0 of child 1 {#text} of child 0 {DIV} of {#document-fragment} of child 2 {TEXTAREA} of body
