EDITING DELEGATE: webViewDidChangeSelection:WebViewDidChangeSelectionNotification
EDITING DELEGATE: webViewDidChangeSelection:WebViewDidChangeSelectionNotification
EDITING DELEGATE: webViewDidChangeSelection:WebViewDidChangeSelectionNotification
EDITING DELEGATE: webViewDidChangeSelection:WebViewDidChangeSelectionNotification
EDITING DELEGATE: webViewDidChangeSelection:WebViewDidChangeSelectionNotification
EDITING DELEGATE: webViewDidChangeSelection:WebViewDidChangeSelectionNotification
EDITING DELEGATE: webViewDidChangeSelection:WebViewDidChangeSelectionNotification
EDITING DELEGATE: webViewDidChange:WebViewDidChangeNotification
layer at (0,0) size 800x600
  LayoutView at (0,0) size 800x600
layer at (0,0) size 800x600
  LayoutBlockFlow {HTML} at (0,0) size 800x600
    LayoutBlockFlow {BODY} at (8,8) size 784x584
      LayoutBlockFlow (anonymous) at (0,0) size 784x54
        LayoutText {#text} at (0,0) size 764x53
          text run at (0,0) width 758: "Test inserting paragraphs: should see a blue box with \"bar\" in it, and two blank"
          text run at (757,0) width 7: " "
          text run at (0,27) width 292: "lines between \"foo\" and \"bar\"."
      LayoutBlockFlow {DIV} at (0,54) size 784x36
      LayoutBlockFlow (anonymous) at (0,90) size 784x81
        LayoutInline {SPAN} at (0,0) size 32x26
          LayoutText {#text} at (0,0) size 32x26
            text run at (0,0) width 32: "foo"
        LayoutBR {BR} at (31,21) size 1x0
        LayoutBR {BR} at (0,27) size 0x26
        LayoutBR {BR} at (0,54) size 0x26
      LayoutBlockFlow {DIV} at (0,171) size 784x55 [border: (2px solid #0000FF)]
        LayoutText {#text} at (14,14) size 31x26
          text run at (14,14) width 31: "bar"
caret: position 0 of child 0 {#text} of child 7 {DIV} of body
