EDITING DELEGATE: webViewDidChangeSelection:WebViewDidChangeSelectionNotification
EDITING DELEGATE: webViewDidChangeSelection:WebViewDidChangeSelectionNotification
EDITING DELEGATE: webViewDidChangeSelection:WebViewDidChangeSelectionNotification
EDITING DELEGATE: webViewDidChange:WebViewDidChangeNotification
EDITING DELEGATE: webViewDidChangeSelection:WebViewDidChangeSelectionNotification
EDITING DELEGATE: webViewDidChange:WebViewDidChangeNotification
layer at (0,0) size 800x600
  LayoutView at (0,0) size 800x600
layer at (0,0) size 800x600
  LayoutBlockFlow {HTML} at (0,0) size 800x600
    LayoutBlockFlow {BODY} at (8,8) size 784x584
      LayoutBlockFlow {DIV} at (0,0) size 784x82 [border: (2px solid #FF0000)]
        LayoutInline {SPAN} at (0,0) size 155x53
          LayoutText {#text} at (14,14) size 11x26
            text run at (14,14) width 11: "a"
          LayoutBR {BR} at (24,35) size 1x0
          LayoutText {#text} at (14,41) size 12x26
            text run at (14,41) width 12: "x"
          LayoutInline {SPAN} at (0,0) size 132x26
            LayoutText {#text} at (26,41) size 132x26
              text run at (26,41) width 132: "\x{9}\x{9}\x{9}"
          LayoutText {#text} at (158,41) size 11x26
            text run at (158,41) width 11: "z"
        LayoutText {#text} at (0,0) size 0x0
caret: position 1 of child 2 {#text} of child 1 {SPAN} of child 1 {DIV} of body
