EDITING DELEGATE: webViewDidChangeSelection:WebViewDidChangeSelectionNotification
EDITING DELEGATE: webViewDidChangeSelection:WebViewDidChangeSelectionNotification
EDITING DELEGATE: webViewDidChange:WebViewDidChangeNotification
EDITING DELEGATE: webViewDidChangeSelection:WebViewDidChangeSelectionNotification
EDITING DELEGATE: webViewDidChangeSelection:WebViewDidChangeSelectionNotification
EDITING DELEGATE: webViewDidChange:WebViewDidChangeNotification
layer at (0,0) size 800x600
  LayoutView at (0,0) size 800x600
layer at (0,0) size 800x600
  LayoutBlockFlow {HTML} at (0,0) size 800x600
    LayoutBlockFlow {BODY} at (8,8) size 784x584 [border: (2px solid #FF0000)]
      LayoutBlockFlow {DIV} at (14,14) size 756x27
        LayoutBR {BR} at (0,0) size 0x26
      LayoutBlockFlow {DIV} at (14,41) size 756x27
        LayoutText {#text} at (0,0) size 12x26
          text run at (0,0) width 12: "x"
caret: position 0 of child 0 {#text} of child 2 {DIV} of body
