EDITING DELEGATE: webViewDidChangeSelection:WebViewDidChangeSelectionNotification
EDITING DELEGATE: webViewDidChangeSelection:WebViewDidChangeSelectionNotification
EDITING DELEGATE: webViewDidChangeSelection:WebViewDidChangeSelectionNotification
EDITING DELEGATE: webViewDidChangeSelection:WebViewDidChangeSelectionNotification
EDITING DELEGATE: webViewDidChangeSelection:WebViewDidChangeSelectionNotification
EDITING DELEGATE: webViewDidChangeSelection:WebViewDidChangeSelectionNotification
EDITING DELEGATE: webViewDidChangeSelection:WebViewDidChangeSelectionNotification
EDITING DELEGATE: webViewDidChangeSelection:WebViewDidChangeSelectionNotification
EDITING DELEGATE: webViewDidChangeSelection:WebViewDidChangeSelectionNotification
EDITING DELEGATE: webViewDidChangeSelection:WebViewDidChangeSelectionNotification
EDITING DELEGATE: webViewDidChangeSelection:WebViewDidChangeSelectionNotification
EDITING DELEGATE: webViewDidChangeSelection:WebViewDidChangeSelectionNotification
EDITING DELEGATE: webViewDidChangeSelection:WebViewDidChangeSelectionNotification
EDITING DELEGATE: webViewDidChangeSelection:WebViewDidChangeSelectionNotification
EDITING DELEGATE: webViewDidChange:WebViewDidChangeNotification
layer at (0,0) size 800x600
  LayoutView at (0,0) size 800x600
layer at (0,0) size 800x600
  LayoutBlockFlow {HTML} at (0,0) size 800x600
    LayoutBlockFlow {BODY} at (8,8) size 784x584
      LayoutBlockFlow (anonymous) at (0,0) size 784x27
        LayoutText {#text} at (0,0) size 684x26
          text run at (0,0) width 684: "Test inserting paragraphs: should see two empty red boxes below \"foo\""
      LayoutBlockFlow {DIV} at (0,27) size 784x12
      LayoutBlockFlow {DIV} at (0,39) size 784x55 [border: (2px solid #FF0000)]
        LayoutText {#text} at (14,14) size 34x26
          text run at (14,14) width 34: "baz"
      LayoutBlockFlow (anonymous) at (0,94) size 784x27
        LayoutText {#text} at (0,0) size 31x26
          text run at (0,0) width 31: "bar"
      LayoutBlockFlow {DIV} at (0,121) size 784x55 [border: (2px solid #FF0000)]
        LayoutText {#text} at (14,14) size 32x26
          text run at (14,14) width 32: "foo"
      LayoutBlockFlow {DIV} at (0,176) size 784x55 [border: (2px solid #FF0000)]
        LayoutBR {BR} at (14,14) size 0x26
      LayoutBlockFlow {DIV} at (0,231) size 784x55 [border: (2px solid #FF0000)]
        LayoutBR {BR} at (14,14) size 0x26
caret: position 0 of child 0 {BR} of child 8 {DIV} of body
