EDITING DELEGATE: webViewDidChangeSelection:WebViewDidChangeSelectionNotification
EDITING DELEGATE: webViewDidChangeSelection:WebViewDidChangeSelectionNotification
EDITING DELEGATE: webViewDidChangeSelection:WebViewDidChangeSelectionNotification
EDITING DELEGATE: webViewDidChangeSelection:WebViewDidChangeSelectionNotification
EDITING DELEGATE: webViewDidChangeSelection:WebViewDidChangeSelectionNotification
EDITING DELEGATE: webViewDidChangeSelection:WebViewDidChangeSelectionNotification
EDITING DELEGATE: webViewDidChangeSelection:WebViewDidChangeSelectionNotification
EDITING DELEGATE: webViewDidChangeSelection:WebViewDidChangeSelectionNotification
EDITING DELEGATE: webViewDidChangeSelection:WebViewDidChangeSelectionNotification
EDITING DELEGATE: webViewDidChange:WebViewDidChangeNotification
layer at (0,0) size 800x600
  LayoutView at (0,0) size 800x600
layer at (0,0) size 800x600
  LayoutBlockFlow {HTML} at (0,0) size 800x600
    LayoutBlockFlow {BODY} at (8,8) size 784x584
      LayoutBlockFlow (anonymous) at (0,0) size 784x54
        LayoutText {#text} at (0,0) size 780x53
          text run at (0,0) width 774: "Test inserting paragraphs: should see two blue boxes, where the second blue box"
          text run at (773,0) width 7: " "
          text run at (0,27) width 242: "starts with an empty line."
      LayoutBlockFlow {DIV} at (0,54) size 784x36
      LayoutBlockFlow {DIV} at (0,90) size 784x110 [border: (2px solid #0000FF)]
        LayoutBlockFlow {DIV} at (14,14) size 756x55 [border: (2px solid #FF0000)]
          LayoutText {#text} at (14,14) size 34x26
            text run at (14,14) width 34: "baz"
        LayoutBlockFlow (anonymous) at (14,69) size 756x27
          LayoutText {#text} at (0,0) size 31x26
            text run at (0,0) width 31: "bar"
      LayoutBlockFlow {DIV} at (0,200) size 784x165 [border: (2px solid #0000FF)]
        LayoutBlockFlow (anonymous) at (14,14) size 756x27
          LayoutBR {BR} at (0,0) size 0x26
        LayoutBlockFlow {DIV} at (14,41) size 756x55 [border: (2px solid #FF0000)]
          LayoutText {#text} at (14,14) size 32x26
            text run at (14,14) width 32: "foo"
        LayoutBlockFlow {DIV} at (14,96) size 756x55 [border: (2px solid #FF0000)]
          LayoutBR {BR} at (14,14) size 0x26
caret: position 0 of child 0 {BR} of child 4 {DIV} of body
