EDITING DELEGATE: webViewDidChangeSelection:WebViewDidChangeSelectionNotification
EDITING DELEGATE: webViewDidChangeSelection:WebViewDidChangeSelectionNotification
EDITING DELEGATE: webViewDidChangeSelection:WebViewDidChangeSelectionNotification
EDITING DELEGATE: webViewDidChangeSelection:WebViewDidChangeSelectionNotification
EDITING DELEGATE: webViewDidChangeSelection:WebViewDidChangeSelectionNotification
EDITING DELEGATE: webViewDidChangeSelection:WebViewDidChangeSelectionNotification
EDITING DELEGATE: webViewDidChange:WebViewDidChangeNotification
layer at (0,0) size 800x600
  LayoutView at (0,0) size 800x600
layer at (0,0) size 800x600
  LayoutBlockFlow {HTML} at (0,0) size 800x600
    LayoutBlockFlow {BODY} at (8,8) size 784x568
      LayoutBlockFlow (anonymous) at (0,0) size 784x54
        LayoutText {#text} at (0,0) size 745x53
          text run at (0,0) width 739: "Test inserting paragraphs: should see an empty blue box above an empty line"
          text run at (738,0) width 7: " "
          text run at (0,27) width 235: "between \"foo\" and \"bar\""
      LayoutBlockFlow {DIV} at (0,54) size 784x36
      LayoutBlockFlow {P} at (0,114) size 784x55 [border: (2px solid #FF0000)]
        LayoutText {#text} at (14,14) size 32x26
          text run at (14,14) width 32: "foo"
      LayoutBlockFlow {DIV} at (0,193) size 784x55 [border: (2px solid #0000FF)]
        LayoutBR {BR} at (14,14) size 0x26
      LayoutBlockFlow (anonymous) at (0,248) size 784x27
        LayoutBR {BR} at (0,0) size 0x26
      LayoutBlockFlow {P} at (0,299) size 784x55 [border: (2px solid #FF0000)]
        LayoutText {#text} at (14,14) size 31x26
          text run at (14,14) width 31: "bar"
caret: position 0 of child 5 {BR} of body
