EDITING DELEGATE: webViewDidChangeSelection:WebViewDidChangeSelectionNotification
EDITING DELEGATE: webViewDidChangeSelection:WebViewDidChangeSelectionNotification
EDITING DELEGATE: webViewDidChangeSelection:WebViewDidChangeSelectionNotification
EDITING DELEGATE: webViewDidChangeSelection:WebViewDidChangeSelectionNotification
EDITING DELEGATE: webViewDidChangeSelection:WebViewDidChangeSelectionNotification
EDITING DELEGATE: webViewDidChangeSelection:WebViewDidChangeSelectionNotification
EDITING DELEGATE: webViewDidChangeSelection:WebViewDidChangeSelectionNotification
EDITING DELEGATE: webViewDidChangeSelection:WebViewDidChangeSelectionNotification
EDITING DELEGATE: webViewDidChange:WebViewDidChangeNotification
layer at (0,0) size 800x600
  LayoutView at (0,0) size 800x600
layer at (0,0) size 800x600
  LayoutBlockFlow {HTML} at (0,0) size 800x600
    LayoutBlockFlow {BODY} at (8,8) size 784x584
      LayoutBlockFlow {DIV} at (0,0) size 784x82 [border: (2px solid #0000FF)]
        LayoutText {#text} at (14,14) size 750x53
          text run at (14,14) width 750: "Should see \"foo\" and \"bar\" each in a separate red box. Note that the \"foo\" text"
          text run at (14,41) width 214: "is really \"foo \". There "
        LayoutInline {B} at (0,0) size 52x26
          LayoutText {#text} at (227,41) size 52x26
            text run at (227,41) width 52: "must"
        LayoutText {#text} at (278,41) size 314x26
          text run at (278,41) width 314: " be a space at the end of the line."
      LayoutBlockFlow {DIV} at (0,106) size 784x110
        LayoutBlockFlow {DIV} at (0,0) size 784x55 [border: (2px solid #FF0000)]
          LayoutText {#text} at (14,14) size 38x26
            text run at (14,14) width 38: "foo "
        LayoutBlockFlow {DIV} at (0,55) size 784x55 [border: (2px solid #FF0000)]
          LayoutText {#text} at (14,14) size 31x26
            text run at (14,14) width 31: "bar"
caret: position 0 of child 0 {#text} of child 2 {DIV} of child 3 {DIV} of body
