EDITING DELEGATE: webViewDidChangeSelection:WebViewDidChangeSelectionNotification
EDITING DELEGATE: webViewDidChangeSelection:WebViewDidChangeSelectionNotification
EDITING DELEGATE: webViewDidChangeSelection:WebViewDidChangeSelectionNotification
EDITING DELEGATE: webViewDidChangeSelection:WebViewDidChangeSelectionNotification
EDITING DELEGATE: webViewDidChangeSelection:WebViewDidChangeSelectionNotification
EDITING DELEGATE: webViewDidChangeSelection:WebViewDidChangeSelectionNotification
EDITING DELEGATE: webViewDidChange:WebViewDidChangeNotification
layer at (0,0) size 800x600
  LayoutView at (0,0) size 800x600
layer at (0,0) size 800x600
  LayoutBlockFlow {HTML} at (0,0) size 800x600
    LayoutBlockFlow {BODY} at (8,8) size 784x584
      LayoutBlockFlow {DIV} at (0,0) size 784x108
        LayoutBlockFlow {DIV} at (0,0) size 784x27
          LayoutText {#text} at (0,0) size 277x26
            text run at (0,0) width 277: "Splitting Mail blockquotes."
        LayoutBlockFlow {DIV} at (0,27) size 784x81
          LayoutText {#text} at (0,0) size 190x26
            text run at (0,0) width 190: "Expected Results: "
          LayoutBR {BR} at (189,21) size 1x0
          LayoutText {#text} at (0,27) size 374x17
            text run at (0,27) width 374: "Two blockquotes, with an unquoted blank line in between."
          LayoutBR {BR} at (373,41) size 1x0
          LayoutText {#text} at (0,45) size 411x17
            text run at (0,45) width 411: "The first blockquote contains two lines, the second one is blank."
          LayoutBR {BR} at (410,59) size 1x0
          LayoutText {#text} at (0,63) size 318x17
            text run at (0,63) width 318: "The second blockquote is a single non-blank line."
      LayoutBlockFlow {DIV} at (0,108) size 784x219 [border: (2px solid #FF0000)]
        LayoutBlockFlow (anonymous) at (14,14) size 756x27
          LayoutText {#text} at (0,0) size 118x26
            text run at (0,0) width 118: "My citation:"
        LayoutBlockFlow {DIV} at (14,65) size 756x140
          LayoutBlockFlow {BLOCKQUOTE} at (40,0) size 676x58 [border: (2px solid #0000FF)]
            LayoutBlockFlow {DIV} at (2,2) size 672x27
              LayoutText {#text} at (0,0) size 35x26
                text run at (0,0) width 35: "one"
            LayoutBlockFlow {DIV} at (2,29) size 672x27
              LayoutBR {BR} at (0,0) size 0x26
          LayoutBlockFlow (anonymous) at (0,58) size 756x27
            LayoutBR {BR} at (0,0) size 0x26
          LayoutBlockFlow {BLOCKQUOTE} at (40,109) size 676x31 [border: (2px solid #0000FF)]
            LayoutBlockFlow {DIV} at (2,2) size 672x27
              LayoutText {#text} at (0,0) size 36x26
                text run at (0,0) width 36: "two"
caret: position 0 of child 2 {BR} of child 1 {DIV} of child 3 {DIV} of body
