EDITING DELEGATE: webViewDidChangeSelection:WebViewDidChangeSelectionNotification
EDITING DELEGATE: webViewDidChangeSelection:WebViewDidChangeSelectionNotification
EDITING DELEGATE: webViewDidChange:WebViewDidChangeNotification
layer at (0,0) size 800x600
  LayoutView at (0,0) size 800x600
layer at (0,0) size 800x600
  LayoutBlockFlow {HTML} at (0,0) size 800x600
    LayoutBlockFlow {BODY} at (8,8) size 784x584
      LayoutBlockFlow {P} at (0,0) size 784x18
        LayoutText {#text} at (0,0) size 618x17
          text run at (0,0) width 618: "This tests inserting a paragraph separator before a special element at the start of an editable root."
      LayoutBlockFlow {P} at (0,34) size 784x18
        LayoutText {#text} at (0,0) size 625x17
          text run at (0,0) width 625: "Visually, it should leave a blank line before the link, and the caret selection at the start of the link."
      LayoutBlockFlow {P} at (0,68) size 784x36
        LayoutText {#text} at (0,0) size 729x35
          text run at (0,0) width 729: "Structurally, the empty paragraph element should go before the anchor element, rather than inside of it. See Radar"
          text run at (0,18) width 68: "#5452675."
      LayoutBlockFlow {DIV} at (0,120) size 784x36
        LayoutBlockFlow {DIV} at (0,0) size 784x18
          LayoutBR {BR} at (0,0) size 0x17
        LayoutBlockFlow (anonymous) at (0,18) size 784x18
          LayoutInline {A} at (0,0) size 57x17 [color=#0000EE]
            LayoutText {#text} at (0,0) size 57x17
              text run at (0,0) width 57: "applesite"
caret: position 0 of child 0 {#text} of child 1 {A} of child 6 {DIV} of body
