EDITING DELEGATE: webViewDidChangeSelection:WebViewDidChangeSelectionNotification
EDITING DELEGATE: webViewDidChangeSelection:WebViewDidChangeSelectionNotification
EDITING DELEGATE: webViewDidChangeSelection:WebViewDidChangeSelectionNotification
EDITING DELEGATE: webViewDidChangeSelection:WebViewDidChangeSelectionNotification
EDITING DELEGATE: webViewDidChangeSelection:WebViewDidChangeSelectionNotification
EDITING DELEGATE: webViewDidChangeSelection:WebViewDidChangeSelectionNotification
EDITING DELEGATE: webViewDidChangeSelection:WebViewDidChangeSelectionNotification
EDITING DELEGATE: webViewDidChange:WebViewDidChangeNotification
layer at (0,0) size 800x600
  LayoutView at (0,0) size 800x600
layer at (0,0) size 800x600
  LayoutBlockFlow {HTML} at (0,0) size 800x600
    LayoutBlockFlow {BODY} at (8,8) size 784x584
      LayoutBlockFlow {DIV} at (0,0) size 784x205 [border: (2px solid #FF0000)]
        LayoutBlockFlow {DIV} at (14,38) size 756x129
          LayoutBlockFlow {BLOCKQUOTE} at (40,0) size 676x27
            LayoutText {#text} at (0,0) size 40x26
              text run at (0,0) width 40: "Test"
          LayoutBlockFlow (anonymous) at (0,51) size 756x27
            LayoutText {#text} at (0,0) size 12x26
              text run at (0,0) width 12: "x"
            LayoutBR {BR} at (12,21) size 0x0
          LayoutBlockFlow {BLOCKQUOTE} at (40,102) size 676x27
            LayoutText {#text} at (0,0) size 40x26
              text run at (0,0) width 40: "Test"
caret: position 1 of child 3 {#text} of child 1 {DIV} of child 1 {DIV} of body
