EDITING DELEGATE: webViewDidChangeSelection:WebViewDidChangeSelectionNotification
EDITING DELEGATE: webViewDidChangeSelection:WebViewDidChangeSelectionNotification
EDITING DELEGATE: webViewDidChangeSelection:WebViewDidChangeSelectionNotification
EDITING DELEGATE: webViewDidChange:WebViewDidChangeNotification
layer at (0,0) size 800x600
  LayoutView at (0,0) size 800x600
layer at (0,0) size 800x600
  LayoutBlockFlow {HTML} at (0,0) size 800x600
    LayoutBlockFlow {BODY} at (8,8) size 784x584
      LayoutBlockFlow {P} at (0,0) size 784x18
        LayoutText {#text} at (0,0) size 593x17
          text run at (0,0) width 368: "Tests for a bug in the paragraph separator insertion code. "
          text run at (367,0) width 226: "Only one newline should be added."
      LayoutBlockFlow {DIV} at (0,34) size 784x54
        LayoutBlockFlow (anonymous) at (0,0) size 784x18
          LayoutText {#text} at (0,0) size 22x17
            text run at (0,0) width 22: "foo"
        LayoutBlockFlow {DIV} at (0,18) size 784x36
          LayoutBlockFlow (anonymous) at (0,0) size 784x18
            LayoutBR {BR} at (0,0) size 0x17
          LayoutBlockFlow {DIV} at (0,18) size 784x18
            LayoutText {#text} at (0,0) size 21x17
              text run at (0,0) width 21: "bar"
caret: position 0 of child 0 {BR} of child 1 {DIV} of child 2 {DIV} of body
