layer at (0,0) size 1000x750
  LayoutView at (0,0) size 1000x750
layer at (0,0) size 1000x750
  LayoutBlockFlow {HTML} at (0,0) size 1000x750
    LayoutBlockFlow {BODY} at (8,8) size 984x734
      LayoutText {#text} at (304,289) size 4x19
        text run at (304,289) width 4: " "
      LayoutText {#text} at (0,0) size 0x0
layer at (8,208) size 304x104
  LayoutIFrame {IFRAME} at (0,200) size 304x104 [border: (2px inset #EEEEEE)]
    layer at (0,0) size 300x100
      LayoutView at (0,0) size 300x100
    layer at (0,0) size 300x36
      LayoutBlockFlow {HTML} at (0,0) size 300x36
        LayoutBlockFlow {BODY} at (8,8) size 284x20
          LayoutText {#text} at (0,0) size 229x19
            text run at (0,0) width 229: "You should see this text when printed."
layer at (316,8) size 304x304
  LayoutIFrame {IFRAME} at (308,0) size 304x304 [border: (2px inset #EEEEEE)]
    layer at (0,0) size 300x300
      LayoutView at (0,0) size 300x300
    layer at (35,0) size 265x300
      LayoutBlockFlow {HTML} at (0,0) size 265x300
        LayoutBlockFlow {BODY} at (8,8) size 249x284
          LayoutText {#text} at (0,0) size 19x233
            text run at (0,0) width 233: "You should see this text when printed. "
          LayoutBR {BR} at (0,233) size 19x0
          LayoutText {#text} at (20,0) size 19x152
            text run at (20,0) width 152: "Vertical text on the right. "
          LayoutBR {BR} at (20,152) size 19x0
          LayoutText {#text} at (0,0) size 0x0
    layer at (48,8) size 204x154
      LayoutIFrame {IFRAME} at (40,0) size 204x154 [border: (2px inset #EEEEEE)]
        layer at (0,0) size 200x150
          LayoutView at (0,0) size 200x150
        layer at (0,0) size 200x56
          LayoutBlockFlow {HTML} at (0,0) size 200x56
            LayoutBlockFlow {BODY} at (8,8) size 184x40
              LayoutText {#text} at (0,0) size 179x39
                text run at (0,0) width 179: "You should see this text when"
                text run at (0,20) width 46: "printed."
