EDITING DELEGATE: webViewDidChangeSelection:WebViewDidChangeSelectionNotification
EDITING DELEGATE: webViewDidChangeSelection:WebViewDidChangeSelectionNotification
EDITING DELEGATE: webViewDidChangeSelection:WebViewDidChangeSelectionNotification
EDITING DELEGATE: webViewDidChangeSelection:WebViewDidChangeSelectionNotification
EDITING DELEGATE: webViewDidChangeSelection:WebViewDidChangeSelectionNotification
EDITING DELEGATE: webViewDidChangeSelection:WebViewDidChangeSelectionNotification
EDITING DELEGATE: webViewDidChangeSelection:WebViewDidChangeSelectionNotification
EDITING DELEGATE: webViewDidChangeSelection:WebViewDidChangeSelectionNotification
EDITING DELEGATE: webViewDidChangeSelection:WebViewDidChangeSelectionNotification
EDITING DELEGATE: webViewDidChangeSelection:WebViewDidChangeSelectionNotification
EDITING DELEGATE: webViewDidChangeSelection:WebViewDidChangeSelectionNotification
EDITING DELEGATE: webViewDidChangeSelection:WebViewDidChangeSelectionNotification
EDITING DELEGATE: webViewDidChange:WebViewDidChangeNotification
layer at (0,0) size 800x600
  LayoutView at (0,0) size 800x600
layer at (0,0) size 800x600
  LayoutBlockFlow {HTML} at (0,0) size 800x600
    LayoutBlockFlow {BODY} at (8,8) size 784x584
      LayoutBlockFlow {DIV} at (0,0) size 784x272 [border: (4px solid #0000FF)]
        LayoutBlockFlow {DIV} at (20,20) size 744x72
          LayoutText {#text} at (0,0) size 66x28
            text run at (0,0) width 66: "Tests: "
          LayoutBR {BR} at (0,0) size 0x0
          LayoutText {#text} at (0,28) size 656x22
            text run at (0,28) width 656: "Our ability to \"edit around\" content the HTML editing code does not yet handle very well. "
          LayoutBR {BR} at (655,45) size 1x0
          LayoutInline {I} at (0,0) size 98x22
            LayoutText {#text} at (0,50) size 98x22
              text run at (0,50) width 98: "For this test: "
          LayoutText {#text} at (97,50) size 388x22
            text run at (97,50) width 388: "Select and delete a list and some surrounding content."
        LayoutBlockFlow (anonymous) at (20,92) size 744x22
          LayoutBR {BR} at (0,0) size 0x22
        LayoutBlockFlow {DIV} at (20,114) size 744x138
          LayoutText {#text} at (0,0) size 190x28
            text run at (0,0) width 190: "Expected Results: "
          LayoutBR {BR} at (189,22) size 1x0
          LayoutText {#text} at (0,28) size 700x44
            text run at (0,28) width 700: "The content in the red box must exactly match the content in the green box (except for the border"
            text run at (0,50) width 52: "color). "
          LayoutBR {BR} at (51,67) size 1x0
          LayoutInline {I} at (0,0) size 98x22
            LayoutText {#text} at (0,72) size 98x22
              text run at (0,72) width 98: "For this test: "
          LayoutText {#text} at (97,72) size 736x44
            text run at (97,72) width 301: "Only selected content should get deleted. "
            text run at (397,72) width 339: "Surrounding content that is not selected should"
            text run at (0,94) width 204: "(obviously) not be affected. "
          LayoutBR {BR} at (203,111) size 1x0
          LayoutInline {B} at (0,0) size 708x22
            LayoutText {#text} at (0,116) size 708x22
              text run at (0,116) width 708: "There is a bug: the caret ends up in the wrong position, it should be in the empty paragraph."
        LayoutBlockFlow (anonymous) at (20,252) size 744x0
          LayoutInline {B} at (0,0) size 0x0
            LayoutText {#text} at (0,0) size 0x0
      LayoutBlockFlow (anonymous) at (0,282) size 784x0
        LayoutInline {B} at (0,0) size 0x0
          LayoutText {#text} at (0,0) size 0x0
      LayoutBlockFlow (anonymous) at (0,282) size 784x130
        LayoutBlockFlow {DIV} at (0,0) size 784x60 [border: (2px solid #008000)]
          LayoutBR {BR} at (2,2) size 0x28
          LayoutText {#text} at (2,30) size 50x28
            text run at (2,30) width 50: "after"
        LayoutBlockFlow {DIV} at (0,70) size 784x60
          LayoutBlockFlow {DIV} at (0,0) size 784x60 [border: (2px solid #FF0000)]
            LayoutBR {BR} at (2,2) size 0x28
            LayoutText {#text} at (2,30) size 50x28
              text run at (2,30) width 50: "after"
      LayoutBlockFlow (anonymous) at (0,412) size 784x0
        LayoutInline {B} at (0,0) size 0x0
caret: position 0 of child 1 {#text} of child 1 {DIV} of child 3 {DIV} of child 2 {B} of body
