layer at (0,0) size 800x600
  LayoutView at (0,0) size 800x600
layer at (0,0) size 800x239
  LayoutBlockFlow {HTML} at (0,0) size 800x239
    LayoutBlockFlow {BODY} at (8,8) size 784x223
      LayoutTextControl {INPUT} at (4,4) size 173x22 [bgcolor=#FFFFFF] [border: (2px inset #EEEEEE)]
      LayoutText {#text} at (181,6) size 4x17
        text run at (181,6) width 4: " "
      LayoutBR {BR} at (185,6) size 0x17
      LayoutTextControl {INPUT} at (4,34) size 175x24 [bgcolor=#FFFFFF] [border: (3px solid #00FF00)]
      LayoutText {#text} at (183,37) size 4x17
        text run at (183,37) width 4: " "
      LayoutTextControl {INPUT} at (191,35) size 173x22 [bgcolor=#FFFFFF] [border: (2px inset #EEEEEE)]
      LayoutText {#text} at (368,37) size 4x17
        text run at (368,37) width 4: " "
      LayoutBR {BR} at (372,37) size 0x17
      LayoutTextControl {INPUT} at (4,66) size 173x22 [border: (2px inset #EEEEEE)]
      LayoutText {#text} at (181,68) size 4x17
        text run at (181,68) width 4: " "
      LayoutBR {BR} at (185,68) size 0x17
      LayoutTextControl {INPUT} at (4,96) size 173x22 [bgcolor=#FFFFFF] [border: (2px inset #EEEEEE)]
      LayoutText {#text} at (181,98) size 4x17
        text run at (181,98) width 4: " "
      LayoutBR {BR} at (185,98) size 0x17
      LayoutTextControl {INPUT} at (4,134) size 199x24 [bgcolor=#FFFFFF] [border: (2px inset #EEEEEE)]
      LayoutText {#text} at (207,137) size 4x17
        text run at (207,137) width 4: " "
      LayoutTextControl {INPUT} at (215,130) size 247x29 [bgcolor=#FFFFFF] [border: (2px inset #EEEEEE)]
      LayoutText {#text} at (466,137) size 4x17
        text run at (466,137) width 4: " "
      LayoutTextControl {INPUT} at (474,126) size 296x34 [bgcolor=#FFFFFF] [border: (2px inset #EEEEEE)]
      LayoutText {#text} at (774,137) size 4x17
        text run at (774,137) width 4: " "
      LayoutBR {BR} at (778,137) size 0x17
      LayoutTextControl {INPUT} at (6,180) size 249x32 [bgcolor=#FFFFFF] [border: (3px inset #EEEEEE)]
      LayoutText {#text} at (261,188) size 4x17
        text run at (261,188) width 4: " "
      LayoutTextControl {INPUT} at (273,172) size 326x43 [bgcolor=#FFFFFF] [border: (4px inset #EEEEEE)]
      LayoutText {#text} at (607,188) size 4x17
        text run at (607,188) width 4: " "
      LayoutBR {BR} at (611,188) size 0x17
layer at (14,15) size 169x16
  LayoutBlockFlow {DIV} at (2,3) size 169x16
    LayoutText {#text} at (0,0) size 17x16
      text run at (0,0) width 17: "foo"
layer at (15,46) size 169x16
  LayoutBlockFlow {DIV} at (3,4) size 169x16
    LayoutText {#text} at (0,0) size 17x16
      text run at (0,0) width 17: "foo"
layer at (201,46) size 169x16
  LayoutBlockFlow {DIV} at (2,3) size 169x16
    LayoutText {#text} at (0,0) size 17x16
      text run at (0,0) width 17: "foo"
layer at (14,77) size 169x16
  LayoutBlockFlow {DIV} at (2,3) size 169x16
    LayoutText {#text} at (0,0) size 17x16
      text run at (0,0) width 17: "foo"
layer at (14,107) size 169x16
  LayoutBlockFlow {DIV} at (2,3) size 169x16
    LayoutText {#text} at (0,0) size 17x16
      text run at (0,0) width 17: "foo"
layer at (14,145) size 195x18
  LayoutBlockFlow {DIV} at (2,3) size 195x18
    LayoutText {#text} at (0,0) size 23x17
      text run at (0,0) width 23: "foo"
layer at (225,141) size 243x23
  LayoutBlockFlow {DIV} at (2,3) size 243x23
    LayoutText {#text} at (0,0) size 28x22
      text run at (0,0) width 28: "foo"
layer at (484,137) size 292x28
  LayoutBlockFlow {DIV} at (2,3) size 292x28
    LayoutText {#text} at (0,0) size 34x27
      text run at (0,0) width 34: "foo"
layer at (17,193) size 243x23
  LayoutBlockFlow {DIV} at (3,4.50) size 243x23
    LayoutText {#text} at (0,0) size 28x22
      text run at (0,0) width 28: "foo"
layer at (285,186) size 318x31
  LayoutBlockFlow {DIV} at (4,6) size 318x31
    LayoutText {#text} at (0,0) size 38x30
      text run at (0,0) width 38: "foo"
