layer at (0,0) size 800x600
  LayoutView at (0,0) size 800x600
layer at (0,0) size 800x600
  LayoutBlockFlow {HTML} at (0,0) size 800x600
    LayoutBlockFlow {BODY} at (8,8) size 784x576
      LayoutBlockFlow (anonymous) at (0,0) size 784x36
        LayoutText {#text} at (0,0) size 232x17
          text run at (0,0) width 232: "This is a initial test for simple ruby. "
        LayoutBR {BR} at (231,14) size 1x0
        LayoutBR {BR} at (0,18) size 0x17
      LayoutBlockFlow {P} at (0,52) size 784x30
        LayoutText {#text} at (0,12) size 164x17
          text run at (0,12) width 164: "Ruby is often used in the "
        LayoutRuby (inline) {RUBY} at (0,0) size 120x17
          LayoutRubyRun (anonymous) at (163.53,12) size 118.61x18
            LayoutRubyText {RT} at (0,-12) size 118.61x12
              LayoutText {#text} at (41,0) size 36x12
                text run at (41,0) width 36: "Nihongo"
            LayoutRubyBase (anonymous) at (0,0) size 118.61x18
              LayoutText {#text} at (0,0) size 119x17
                text run at (0,0) width 119: "Japanese language"
        LayoutText {#text} at (282,12) size 5x17
          text run at (282,12) width 5: "."
