layer at (0,0) size 800x600
  LayoutView at (0,0) size 800x600
layer at (0,0) size 800x600
  LayoutBlockFlow {HTML} at (0,0) size 800x600
    LayoutBlockFlow {BODY} at (8,8) size 784x576
      LayoutBlockFlow {P} at (0,0) size 784x18
        LayoutText {#text} at (0,0) size 586x17
          text run at (0,0) width 586: "The following is a test for DOM manipulation within <ruby>: Inserting a new <rt> element"
      LayoutBlockFlow {P} at (0,34) size 784x18
        LayoutText {#text} at (0,0) size 448x17
          text run at (0,0) width 448: "Both lines should look identical (the first line is the one manipulated)."
      LayoutBlockFlow (anonymous) at (0,68) size 784x36
        LayoutBR {BR} at (0,0) size 0x17
        LayoutBR {BR} at (0,18) size 0x17
      LayoutBlockFlow {P} at (0,120) size 784x30
        LayoutText {#text} at (0,12) size 159x17
          text run at (0,12) width 159: "<ruby> is defined in the "
        LayoutRuby (inline) {RUBY} at (0,0) size 115x17
          LayoutRubyRun (anonymous) at (154.02,12) size 40.83x18
            LayoutRubyText {RT} at (0,-12) size 40.83x12
              LayoutText {#text} at (0,0) size 42x12
                text run at (0,0) width 42: "Hyper-text"
            LayoutRubyBase (anonymous) at (0,0) size 40.83x18
              LayoutInline {SPAN} at (0,0) size 23x17
                LayoutText {#text} at (9,0) size 23x17
                  text run at (9,0) width 23: "HT"
          LayoutRubyRun (anonymous) at (194.84,12) size 70x18
            LayoutRubyText {RT} at (0,-12) size 70x12
              LayoutText {#text} at (0,0) size 70x12
                text run at (0,0) width 70: "Markup Language"
            LayoutRubyBase (anonymous) at (0,0) size 70x18
              LayoutInline {SPAN} at (0,0) size 24x17
                LayoutText {#text} at (23,0) size 24x17
                  text run at (23,0) width 24: "ML"
          LayoutRubyRun (anonymous) at (264.84,12) size 8x18
            LayoutRubyBase (anonymous) at (0,0) size 8x18
              LayoutText {#text} at (0,0) size 8x17
                text run at (0,0) width 8: "5"
        LayoutText {#text} at (272,12) size 38x17
          text run at (272,12) width 38: " spec."
      LayoutBlockFlow {P} at (0,166) size 784x30
        LayoutText {#text} at (0,12) size 159x17
          text run at (0,12) width 159: "<ruby> is defined in the "
        LayoutRuby (inline) {RUBY} at (0,0) size 115x17
          LayoutRubyRun (anonymous) at (154.02,12) size 40.83x18
            LayoutRubyText {RT} at (0,-12) size 40.83x12
              LayoutText {#text} at (0,0) size 42x12
                text run at (0,0) width 42: "Hyper-text"
            LayoutRubyBase (anonymous) at (0,0) size 40.83x18
              LayoutInline {SPAN} at (0,0) size 23x17
                LayoutText {#text} at (9,0) size 23x17
                  text run at (9,0) width 23: "HT"
          LayoutRubyRun (anonymous) at (194.84,12) size 70x18
            LayoutRubyText {RT} at (0,-12) size 70x12
              LayoutText {#text} at (0,0) size 70x12
                text run at (0,0) width 70: "Markup Language"
            LayoutRubyBase (anonymous) at (0,0) size 70x18
              LayoutInline {SPAN} at (0,0) size 24x17
                LayoutText {#text} at (23,0) size 24x17
                  text run at (23,0) width 24: "ML"
          LayoutRubyRun (anonymous) at (264.84,12) size 8x18
            LayoutRubyBase (anonymous) at (0,0) size 8x18
              LayoutText {#text} at (0,0) size 8x17
                text run at (0,0) width 8: "5"
        LayoutText {#text} at (272,12) size 38x17
          text run at (272,12) width 38: " spec."
