layer at (0,0) size 800x600
  LayoutView at (0,0) size 800x600
layer at (0,0) size 800x600
  LayoutBlockFlow {HTML} at (0,0) size 800x600
    LayoutBlockFlow {BODY} at (8,8) size 784x584
      LayoutBlockFlow (anonymous) at (0,0) size 784x72
        LayoutText {#text} at (0,0) size 766x53
          text run at (0,0) width 766: "This is a test for multiple ruby runs and line breaks. There is a div with a blue border and 10px padding. This contains a"
          text run at (0,18) width 507: "single <ruby> markup in the text contained in the block, broken across 2 lines. "
          text run at (506,18) width 252: "Part of it should be on the first line, the"
          text run at (0,36) width 140: "rest on the other line. "
        LayoutBR {BR} at (139,50) size 1x0
        LayoutBR {BR} at (0,54) size 0x17
      LayoutBlockFlow {DIV} at (0,72) size 284x73 [border: (2px solid #0000FF)]
        LayoutText {#text} at (12,14) size 159x17
          text run at (12,14) width 159: "<ruby> is defined in the "
        LayoutRuby (inline) {RUBY} at (0,0) size 224x46
          LayoutRubyRun (anonymous) at (166.02,14) size 24x18
            LayoutRubyText {RT} at (0,-12) size 24x12
              LayoutText {#text} at (0,0) size 24x12
                text run at (0,0) width 24: "Hyper"
            LayoutRubyBase (anonymous) at (0,0) size 24x18
              LayoutText {#text} at (6,0) size 13x17
                text run at (6,0) width 13: "H"
          LayoutRubyRun (anonymous) at (190.02,14) size 15.38x18
            LayoutRubyText {RT} at (0,-12) size 15.38x12
              LayoutText {#text} at (0,0) size 16x12
                text run at (0,0) width 16: "Text"
            LayoutRubyBase (anonymous) at (0,0) size 15.38x18
              LayoutText {#text} at (3,0) size 10x17
                text run at (3,0) width 10: "T"
          LayoutRubyRun (anonymous) at (205.39,14) size 30x18
            LayoutRubyText {RT} at (0,-12) size 30x12
              LayoutText {#text} at (0,0) size 30x12
                text run at (0,0) width 30: "Markup"
            LayoutRubyBase (anonymous) at (0,0) size 30x18
              LayoutText {#text} at (8,0) size 15x17
                text run at (8,0) width 15: "M"
          LayoutRubyRun (anonymous) at (12,43) size 38x18
            LayoutRubyText {RT} at (0,-12) size 38x12
              LayoutText {#text} at (0,0) size 38x12
                text run at (0,0) width 38: "Language"
            LayoutRubyBase (anonymous) at (0,0) size 38x18
              LayoutText {#text} at (14,0) size 11x17
                text run at (14,0) width 11: "L"
          LayoutRubyRun (anonymous) at (50,43) size 29x18
            LayoutRubyText {RT} at (0,-12) size 29x12
              LayoutText {#text} at (0,0) size 29x12
                text run at (0,0) width 29: "Level 5"
            LayoutRubyBase (anonymous) at (0,0) size 29x18
              LayoutText {#text} at (10,0) size 9x17
                text run at (10,0) width 9: "5"
        LayoutText {#text} at (75,43) size 43x17
          text run at (75,43) width 43: " specs."
