layer at (0,0) size 800x600
  LayoutView at (0,0) size 800x600
layer at (0,0) size 800x600
  LayoutBlockFlow {HTML} at (0,0) size 800x600
    LayoutBlockFlow {BODY} at (8,8) size 784x576
      LayoutBlockFlow {P} at (0,0) size 784x36
        LayoutText {#text} at (0,0) size 749x35
          text run at (0,0) width 749: "The following is a test for DOM manipulation within <ruby>: Inserting a new text before a <rt> element that already"
          text run at (0,18) width 86: "contains text."
      LayoutBlockFlow {P} at (0,52) size 784x18
        LayoutText {#text} at (0,0) size 448x17
          text run at (0,0) width 448: "Both lines should look identical (the first line is the one manipulated)."
      LayoutBlockFlow (anonymous) at (0,86) size 784x36
        LayoutBR {BR} at (0,0) size 0x17
        LayoutBR {BR} at (0,18) size 0x17
      LayoutBlockFlow {P} at (0,138) size 784x30
        LayoutText {#text} at (0,12) size 159x17
          text run at (0,12) width 159: "<ruby> is defined in the "
        LayoutRuby (inline) {RUBY} at (0,0) size 117x17
          LayoutRubyRun (anonymous) at (154.02,12) size 112.83x18
            LayoutRubyText {RT} at (0,-12) size 112.83x12
              LayoutText {#text} at (0,0) size 113x12
                text run at (0,0) width 113: "Hyper-text Markup Language"
            LayoutRubyBase (anonymous) at (0,0) size 112.83x18
              LayoutInline {SPAN} at (0,0) size 23x17
                LayoutText {#text} at (33,0) size 23x17
                  text run at (33,0) width 23: "HT"
              LayoutText {#text} at (55,0) size 25x17
                text run at (55,0) width 25: "ML"
          LayoutRubyRun (anonymous) at (266.84,12) size 8x18
            LayoutRubyBase (anonymous) at (0,0) size 8x18
              LayoutText {#text} at (0,0) size 8x17
                text run at (0,0) width 8: "5"
        LayoutText {#text} at (274,12) size 38x17
          text run at (274,12) width 38: " spec."
      LayoutBlockFlow {P} at (0,184) size 784x30
        LayoutText {#text} at (0,12) size 159x17
          text run at (0,12) width 159: "<ruby> is defined in the "
        LayoutRuby (inline) {RUBY} at (0,0) size 117x17
          LayoutRubyRun (anonymous) at (154.02,12) size 112.83x18
            LayoutRubyText {RT} at (0,-12) size 112.83x12
              LayoutText {#text} at (0,0) size 113x12
                text run at (0,0) width 113: "Hyper-text Markup Language"
            LayoutRubyBase (anonymous) at (0,0) size 112.83x18
              LayoutText {#text} at (33,0) size 47x17
                text run at (33,0) width 47: "HTML"
              LayoutInline {SPAN} at (0,0) size 1x17
          LayoutRubyRun (anonymous) at (266.84,12) size 8x18
            LayoutRubyBase (anonymous) at (0,0) size 8x18
              LayoutText {#text} at (0,0) size 8x17
                text run at (0,0) width 8: "5"
        LayoutText {#text} at (274,12) size 38x17
          text run at (274,12) width 38: " spec."
