layer at (0,0) size 800x600
  LayoutView at (0,0) size 800x600
layer at (0,0) size 800x600
  LayoutBlockFlow {HTML} at (0,0) size 800x600
    LayoutBlockFlow {BODY} at (8,8) size 784x576
      LayoutBlockFlow {P} at (0,0) size 784x18
        LayoutText {#text} at (0,0) size 462x17
          text run at (0,0) width 462: "The following is a test for having a <rt> immediately following another."
      LayoutBlockFlow (anonymous) at (0,34) size 784x36
        LayoutBR {BR} at (0,0) size 0x17
        LayoutBR {BR} at (0,18) size 0x17
      LayoutBlockFlow {P} at (0,86) size 784x30
        LayoutText {#text} at (0,12) size 83x17
          text run at (0,12) width 83: "<ruby> uses "
        LayoutRuby (inline) {RUBY} at (0,0) size 43x17
          LayoutRubyRun (anonymous) at (82.92,12) size 27.83x18
            LayoutRubyText {RT} at (0,-12) size 27.83x12
              LayoutText {#text} at (4,0) size 19x12
                text run at (4,0) width 19: "ruby"
            LayoutRubyBase (anonymous) at (0,0) size 27.83x18
              LayoutText {#text} at (0,0) size 29x17
                text run at (0,0) width 29: "<rt>"
          LayoutRubyRun (anonymous) at (110.75,28) size 14x0
            LayoutRubyText {RT} at (0,-12) size 14x12
              LayoutText {#text} at (0,0) size 14x12
                text run at (0,0) width 14: "text"
        LayoutText {#text} at (124,12) size 168x17
          text run at (124,12) width 168: " to contain the annotation."
