layer at (0,0) size 800x600
  LayoutView at (0,0) size 800x600
layer at (0,0) size 800x600
  LayoutBlockFlow {HTML} at (0,0) size 800x600
    LayoutBlockFlow {BODY} at (8,8) size 784x576
      LayoutBlockFlow (anonymous) at (0,0) size 784x36
        LayoutText {#text} at (0,0) size 234x17
          text run at (0,0) width 234: "This is a test for multiple ruby runs. "
        LayoutBR {BR} at (233,14) size 1x0
        LayoutBR {BR} at (0,18) size 0x17
      LayoutBlockFlow {P} at (0,52) size 784x30
        LayoutText {#text} at (0,12) size 159x17
          text run at (0,12) width 159: "<ruby> is defined in the "
        LayoutRuby (inline) {RUBY} at (0,0) size 129x17
          LayoutRubyRun (anonymous) at (154.02,12) size 24x18
            LayoutRubyText {RT} at (0,-12) size 24x12
              LayoutText {#text} at (0,0) size 24x12
                text run at (0,0) width 24: "Hyper"
            LayoutRubyBase (anonymous) at (0,0) size 24x18
              LayoutText {#text} at (6,0) size 13x17
                text run at (6,0) width 13: "H"
          LayoutRubyRun (anonymous) at (178.02,12) size 15.38x18
            LayoutRubyText {RT} at (0,-12) size 15.38x12
              LayoutText {#text} at (0,0) size 16x12
                text run at (0,0) width 16: "Text"
            LayoutRubyBase (anonymous) at (0,0) size 15.38x18
              LayoutText {#text} at (3,0) size 10x17
                text run at (3,0) width 10: "T"
          LayoutRubyRun (anonymous) at (193.39,12) size 30x18
            LayoutRubyText {RT} at (0,-12) size 30x12
              LayoutText {#text} at (0,0) size 30x12
                text run at (0,0) width 30: "Markup"
            LayoutRubyBase (anonymous) at (0,0) size 30x18
              LayoutText {#text} at (8,0) size 15x17
                text run at (8,0) width 15: "M"
          LayoutRubyRun (anonymous) at (223.39,12) size 38x18
            LayoutRubyText {RT} at (0,-12) size 38x12
              LayoutText {#text} at (0,0) size 38x12
                text run at (0,0) width 38: "Language"
            LayoutRubyBase (anonymous) at (0,0) size 38x18
              LayoutText {#text} at (14,0) size 11x17
                text run at (14,0) width 11: "L"
          LayoutRubyRun (anonymous) at (261.39,12) size 29x18
            LayoutRubyText {RT} at (0,-12) size 29x12
              LayoutText {#text} at (0,0) size 29x12
                text run at (0,0) width 29: "Level 5"
            LayoutRubyBase (anonymous) at (0,0) size 29x18
              LayoutText {#text} at (10,0) size 9x17
                text run at (10,0) width 9: "5"
        LayoutText {#text} at (286,12) size 44x17
          text run at (286,12) width 44: " specs."
