layer at (0,0) size 800x600
  LayoutView at (0,0) size 800x600
layer at (0,0) size 800x290
  LayoutBlockFlow {HTML} at (0,0) size 800x289.61
    LayoutBlockFlow {BODY} at (8,16) size 784x265.61
      LayoutBlockFlow {P} at (0,0) size 784x20
        LayoutText {#text} at (0,0) size 491x19
          text run at (0,0) width 491: "Test passes if the box has rounded corners and there is no red visible on the page."
      LayoutBlockFlow {DIV} at (0,36) size 230x230 [border: (19px solid #FF0000)]
      LayoutBlockFlow {DIV} at (0,35.61) size 230x230 [border: (19px solid #008000)]
