layer at (0,0) size 800x600
  LayoutView at (0,0) size 800x600
layer at (0,0) size 800x364
  LayoutBlockFlow {HTML} at (0,0) size 800x364
    LayoutBlockFlow {BODY} at (8,16) size 784x340
      LayoutBlockFlow {P} at (0,0) size 784x20
        LayoutText {#text} at (0,0) size 250x19
          text run at (0,0) width 250: "Test passes if the four boxes are identical."
      LayoutTable {TABLE} at (0,36) size 318x304
        LayoutTableSection {TBODY} at (0,0) size 318x304
          LayoutTableRow {TR} at (0,2) size 318x300
            LayoutTableCell {TD} at (2,2) size 156x300 [r=0 c=0 rs=1 cs=1]
              LayoutBlockFlow {DIV} at (11,11) size 134x134 [border: (19px solid #000000)]
              LayoutBlockFlow {DIV} at (11,155) size 134x134 [border: (19px solid #000000)]
            LayoutTableCell {TD} at (160,2) size 156x300 [r=0 c=1 rs=1 cs=1]
              LayoutBlockFlow {DIV} at (11,11) size 134x134 [border: (19px solid #000000)]
              LayoutBlockFlow {DIV} at (11,155) size 134x134 [border: (19px solid #000000)]
