layer at (0,0) size 800x600
  LayoutView at (0,0) size 800x600
layer at (0,0) size 800x340
  LayoutBlockFlow {HTML} at (0,0) size 800x340
    LayoutBlockFlow {BODY} at (8,16) size 784x314
      LayoutBlockFlow {P} at (0,0) size 784x20
        LayoutText {#text} at (0,0) size 249x19
          text run at (0,0) width 249: "Test passes if the two boxes are identical."
      LayoutBlockFlow {DIV} at (10,36) size 134x134 [border: (19px solid #000000)]
      LayoutBlockFlow {DIV} at (10,180) size 134x134 [border: (19px solid #000000)]
