layer at (0,0) size 800x600
  LayoutView at (0,0) size 800x600
layer at (0,0) size 800x88
  LayoutBlockFlow {HTML} at (0,0) size 800x88
    LayoutBlockFlow {BODY} at (8,16) size 784x56
      LayoutBlockFlow {P} at (0,0) size 784x20
        LayoutText {#text} at (0,0) size 228x19
          text run at (0,0) width 228: "This sentence should have no border. "
        LayoutInline {SPAN} at (0,0) size 263x29 [border: (5px solid #00FF00)]
          LayoutText {#text} at (232,0) size 253x19
            text run at (232,0) width 253: "This sentence should have a green border."
        LayoutText {#text} at (0,0) size 0x0
      LayoutBlockFlow {P} at (0,36) size 784x20
        LayoutInline {SPAN} at (0,0) size 357x35 [bgcolor=#FF0000]
          LayoutInline {SPAN} at (0,0) size 357x35 [bgcolor=#00FF00]
            LayoutText {#text} at (0,0) size 357x19
              text run at (0,0) width 357: "This sentence should be in a green bar, with no red present."
        LayoutText {#text} at (0,0) size 0x0
