layer at (0,0) size 800x600
  LayoutView at (0,0) size 800x600
layer at (0,0) size 800x256
  LayoutBlockFlow {HTML} at (0,0) size 800x256
    LayoutBlockFlow {BODY} at (8,16) size 784x224 [color=#0000FF]
      LayoutBlockFlow {P} at (0,0) size 784x39
        LayoutText {#text} at (0,15) size 455x19
          text run at (0,15) width 455: "There should be a solid blue line to the left of every occurance of the word \""
        LayoutInline {SPAN} at (0,0) size 132x36 [border: none (2px solid #0000FF)]
          LayoutText {#text} at (457,2) size 130x36
            text run at (457,2) width 130: "\x{21E6}THERE"
        LayoutText {#text} at (587,15) size 9x19
          text run at (587,15) width 9: "\"."
      LayoutTable {TABLE} at (0,55) size 282x133
        LayoutTableSection {TBODY} at (0,0) size 282x133
          LayoutTableRow {TR} at (0,2) size 282x41
            LayoutTableCell {TD} at (2,2) size 278x41 [border: none (2px solid #0000FF)] [r=0 c=0 rs=1 cs=2]
              LayoutText {#text} at (3,3) size 130x36
                text run at (3,3) width 130: "\x{21E6}THERE"
          LayoutTableRow {TR} at (0,45) size 282x86
            LayoutTableCell {TD} at (2,67) size 134x41 [border: none (2px solid #0000FF)] [r=1 c=0 rs=1 cs=1]
              LayoutText {#text} at (3,3) size 130x36
                text run at (3,3) width 130: "\x{21E6}THERE"
            LayoutTableCell {TD} at (138,45) size 142x86 [border: none (2px solid #0000FF)] [r=1 c=1 rs=1 cs=1]
              LayoutBlockFlow (anonymous) at (3,1) size 138x39
                LayoutText {#text} at (0,2) size 130x36
                  text run at (0,2) width 130: "\x{21E6}THERE"
              LayoutTable {TABLE} at (3,40) size 138x45
                LayoutTableSection {TBODY} at (0,0) size 138x45
                  LayoutTableRow {TR} at (0,2) size 138x41
                    LayoutTableCell {TD} at (2,2) size 134x41 [border: none (2px solid #0000FF)] [r=0 c=0 rs=1 cs=1]
                      LayoutText {#text} at (3,3) size 130x36
                        text run at (3,3) width 130: "\x{21E6}THERE"
      LayoutBlockFlow {P} at (0,204) size 784x20
        LayoutText {#text} at (0,0) size 318x19
          text run at (0,0) width 318: "There should be 3 short lines and 2 long lines in total."
