layer at (0,0) size 800x600
  LayoutView at (0,0) size 800x600
layer at (0,0) size 800x303
  LayoutBlockFlow {HTML} at (0,0) size 800x303
    LayoutBlockFlow {BODY} at (8,8) size 784x287
      LayoutBlockFlow (floating) {DIV} at (0,0) size 196x286 [color=#FFFFFF] [bgcolor=#000080]
        LayoutBlockFlow {P} at (0,0) size 196x286
          LayoutText {#text} at (0,2) size 182x283
            text run at (0,2) width 135: "\x{21E6} This"
            text run at (0,59) width 164: "blue box"
            text run at (0,116) width 182: "should be"
            text run at (0,173) width 115: "on the"
            text run at (0,230) width 73: "left."
      LayoutBlockFlow (floating) {DIV} at (588,0) size 196x286 [color=#FFFFFF] [bgcolor=#008080]
        LayoutBlockFlow {P} at (0,0) size 196x286
          LayoutText {#text} at (0,1) size 182x284
            text run at (0,1) width 162: "This teal"
            text run at (0,58) width 71: "box"
            text run at (0,115) width 182: "should be"
            text run at (0,172) width 115: "on the"
            text run at (0,230) width 152: "right. \x{21E8}"
      LayoutBlockFlow {P} at (0,0) size 784x287
        LayoutText {#text} at (196,1) size 391x285
          text run at (196,1) width 360: "This text should be"
          text run at (196,58) width 331: "in between a blue"
          text run at (196,116) width 391: "box on the \x{21E6}left and"
          text run at (196,173) width 310: "a teal box on the"
          text run at (196,231) width 140: "right\x{21E8}."
