layer at (0,0) size 800x600
  LayoutView at (0,0) size 800x600
layer at (0,0) size 800x268
  LayoutBlockFlow {HTML} at (0,0) size 800x268
    LayoutBlockFlow {BODY} at (8,8) size 784x0
      LayoutBlockFlow (floating) {DIV} at (0,0) size 588x260 [color=#FFFFFF] [bgcolor=#000080]
        LayoutBlockFlow (floating) {DIV} at (277,0) size 294x80 [color=#00FFFF] [bgcolor=#008080]
          LayoutBlockFlow {P} at (0,0) size 294x80
            LayoutText {#text} at (0,0) size 294x79
              text run at (0,0) width 294: "To the right of this teal box there should be a"
              text run at (0,20) width 96: "purple square, "
              text run at (96,20) width 198: "tightly squeezed in between the"
              text run at (0,40) width 177: "edge of the teal box and the "
              text run at (177,40) width 117: "outside edge of the"
              text run at (0,60) width 84: "blue block. \x{21E8}"
        LayoutBlockFlow {P} at (0,0) size 588x260
          LayoutText {#text} at (0,0) size 277x39
            text run at (0,0) width 277: "Inside this blue block on the right there should"
            text run at (0,20) width 122: "be a teal box. \x{21E8} "
          LayoutInline {SPAN} at (0,0) size 588x239 [color=#000080]
            LayoutText {#text} at (122,20) size 588x239
              text run at (122,20) width 155: "FAIL FAIL FAIL FAIL"
              text run at (0,40) width 277: "FAIL FAIL FAIL FAIL FAIL FAIL FAIL"
              text run at (0,60) width 40: "FAIL "
              text run at (39,60) width 238: "FAIL FAIL FAIL FAIL FAIL FAIL"
              text run at (0,80) width 222: "FAIL FAIL FAIL FAIL FAIL FAIL "
              text run at (221,80) width 367: "FAIL FAIL FAIL FAIL FAIL FAIL FAIL FAIL FAIL FAIL"
              text run at (0,100) width 74: "FAIL FAIL "
              text run at (73,100) width 445: "FAIL FAIL FAIL FAIL FAIL FAIL FAIL FAIL FAIL FAIL FAIL FAIL "
              text run at (517,100) width 71: "FAIL FAIL"
              text run at (0,120) width 371: "FAIL FAIL FAIL FAIL FAIL FAIL FAIL FAIL FAIL FAIL "
              text run at (370,120) width 218: "FAIL FAIL FAIL FAIL FAIL FAIL"
              text run at (0,140) width 222: "FAIL FAIL FAIL FAIL FAIL FAIL "
              text run at (221,140) width 367: "FAIL FAIL FAIL FAIL FAIL FAIL FAIL FAIL FAIL FAIL"
              text run at (0,160) width 74: "FAIL FAIL "
              text run at (73,160) width 445: "FAIL FAIL FAIL FAIL FAIL FAIL FAIL FAIL FAIL FAIL FAIL FAIL "
              text run at (517,160) width 71: "FAIL FAIL"
              text run at (0,180) width 371: "FAIL FAIL FAIL FAIL FAIL FAIL FAIL FAIL FAIL FAIL "
              text run at (370,180) width 218: "FAIL FAIL FAIL FAIL FAIL FAIL"
              text run at (0,200) width 222: "FAIL FAIL FAIL FAIL FAIL FAIL "
              text run at (221,200) width 367: "FAIL FAIL FAIL FAIL FAIL FAIL FAIL FAIL FAIL FAIL"
              text run at (0,220) width 74: "FAIL FAIL "
              text run at (73,220) width 445: "FAIL FAIL FAIL FAIL FAIL FAIL FAIL FAIL FAIL FAIL FAIL FAIL "
              text run at (517,220) width 71: "FAIL FAIL"
              text run at (0,240) width 365: "FAIL FAIL FAIL FAIL FAIL FAIL FAIL FAIL FAIL FAIL"
          LayoutText {#text} at (0,0) size 0x0
