layer at (0,0) size 800x600
  LayoutView at (0,0) size 800x600
layer at (0,0) size 800x323
  LayoutBlockFlow {HTML} at (0,0) size 800x323
    LayoutBlockFlow {BODY} at (8,16) size 784x292
      LayoutBlockFlow {P} at (0,0) size 784x40
        LayoutText {#text} at (0,0) size 768x39
          text run at (0,0) width 365: "Change your window size. However the lines wrap, the blue "
          text run at (365,0) width 403: "rectanglues should always have their middles on the same alignment"
          text run at (0,20) width 17: "as "
          text run at (17,20) width 193: "other blue rectangles on the line."
      LayoutBlockFlow {P} at (15,56) size 754x236 [color=#0000FF] [bgcolor=#FFFFFF] [border: (1px solid #C0C0C0)]
        LayoutText {#text} at (8,34) size 61x16
          text run at (8,34) width 61: "\x{C9}\x{C9}\x{C9} "
        LayoutImage {IMG} at (68.50,25.50) size 30x30
        LayoutText {#text} at (98,34) size 16x16
          text run at (98,34) width 16: " "
        LayoutInline {SPAN} at (0,0) size 115x39 [color=#C0C0C0]
          LayoutText {#text} at (113,16) size 115x39
            text run at (113,16) width 115: "xxx"
        LayoutText {#text} at (227,34) size 16x16
          text run at (227,34) width 16: " "
        LayoutImage {IMG} at (242.50,15.50) size 50x50
        LayoutText {#text} at (292,34) size 76x16
          text run at (292,34) width 16: " "
          text run at (307,34) width 61: "\x{C9}\x{C9}\x{C9} "
        LayoutImage {IMG} at (367.50,35.50) size 10x10
        LayoutText {#text} at (377,34) size 16x16
          text run at (377,34) width 16: " "
        LayoutInline {SMALL} at (0,0) size 31x11 [color=#C0C0C0]
          LayoutText {#text} at (392,38) size 31x11
            text run at (392,38) width 31: "xxx"
        LayoutText {#text} at (422,34) size 16x16
          text run at (422,34) width 16: " "
        LayoutImage {IMG} at (437.50,30.50) size 20x20
        LayoutText {#text} at (457,34) size 76x16
          text run at (457,34) width 16: " "
          text run at (472,34) width 61: "\x{C9}\x{C9}\x{C9} "
        LayoutImage {IMG} at (532.50,8.50) size 65x65
        LayoutText {#text} at (597,34) size 76x16
          text run at (597,34) width 16: " "
          text run at (612,34) width 61: "\x{C9}\x{C9}\x{C9} "
        LayoutImage {IMG} at (672.50,23.50) size 35x35
        LayoutText {#text} at (0,0) size 0x0
        LayoutInline {SPAN} at (0,0) size 91x31 [color=#C0C0C0]
          LayoutText {#text} at (8,94) size 91x31
            text run at (8,94) width 91: "xxx"
        LayoutText {#text} at (98,106) size 16x16
          text run at (98,106) width 16: " "
        LayoutImage {IMG} at (113.50,87.50) size 50x50
        LayoutText {#text} at (163,106) size 16x16
          text run at (163,106) width 16: " "
        LayoutInline {SPAN} at (0,0) size 353x24 [color=#C0C0C0]
          LayoutText {#text} at (178,100) size 93x24
            text run at (178,100) width 93: "xxx "
          LayoutInline {SPAN} at (0,0) size 169x57
            LayoutText {#text} at (270,73) size 169x57
              text run at (270,73) width 169: "xxx"
          LayoutText {#text} at (438,100) size 93x24
            text run at (438,100) width 93: " xxx"
        LayoutText {#text} at (530,106) size 16x16
          text run at (530,106) width 16: " "
        LayoutImage {IMG} at (545.50,87.50) size 50x50
        LayoutText {#text} at (595,106) size 16x16
          text run at (595,106) width 16: " "
        LayoutInline {SMALL} at (0,0) size 31x11 [color=#C0C0C0]
          LayoutText {#text} at (610,110) size 31x11
            text run at (610,110) width 31: "xxx"
        LayoutText {#text} at (640,106) size 16x16
          text run at (640,106) width 16: " "
        LayoutImage {IMG} at (655.50,105.50) size 15x15
        LayoutText {#text} at (670,106) size 16x16
          text run at (670,106) width 16: " "
        LayoutInline {BIG} at (0,0) size 61x21 [color=#C0C0C0]
          LayoutText {#text} at (685,102) size 61x21
            text run at (685,102) width 61: "xxx"
        LayoutText {#text} at (0,0) size 0x0
        LayoutImage {IMG} at (8.50,137.50) size 90x90
        LayoutText {#text} at (98,176) size 61x16
          text run at (98,176) width 16: " "
          text run at (113,176) width 46: "\x{C9}\x{C9}\x{C9}"
