layer at (0,0) size 800x600
  LayoutView at (0,0) size 800x600
layer at (0,0) size 800x100
  LayoutBlockFlow {HTML} at (0,0) size 800x100
    LayoutBlockFlow {BODY} at (8,16) size 784x76
      LayoutBlockFlow {P} at (0,0) size 784x20
        LayoutText {#text} at (0,0) size 216x19
          text run at (0,0) width 216: "The following two lines should look "
        LayoutInline {EM} at (0,0) size 93x19
          LayoutText {#text} at (216,0) size 93x19
            text run at (216,0) width 93: "approximately"
        LayoutText {#text} at (308,0) size 61x19
          text run at (308,0) width 61: " the same:"
      LayoutBlockFlow {DIV} at (0,36) size 784x20
        LayoutInline {SPAN} at (0,0) size 9x19
          LayoutInline {<pseudo:before>} at (0,0) size 9x19
            LayoutCounter (anonymous) at (0,0) size 9x19
              text run at (0,0) width 9: "\x{25A0}"
        LayoutText {#text} at (9,0) size 4x19
          text run at (9,0) width 4: " "
        LayoutInline {SPAN} at (0,0) size 9x19
          LayoutInline {<pseudo:before>} at (0,0) size 9x19
            LayoutCounter (anonymous) at (13,0) size 9x19
              text run at (13,0) width 9: "\x{25A0}"
        LayoutText {#text} at (22,0) size 4x19
          text run at (22,0) width 4: " "
        LayoutInline {SPAN} at (0,0) size 9x19
          LayoutInline {<pseudo:before>} at (0,0) size 9x19
            LayoutCounter (anonymous) at (26,0) size 9x19
              text run at (26,0) width 9: "\x{25A0}"
        LayoutText {#text} at (35,0) size 4x19
          text run at (35,0) width 4: " "
        LayoutInline {SPAN} at (0,0) size 9x19
          LayoutInline {<pseudo:before>} at (0,0) size 9x19
            LayoutCounter (anonymous) at (39,0) size 9x19
              text run at (39,0) width 9: "\x{25A0}"
        LayoutText {#text} at (48,0) size 4x19
          text run at (48,0) width 4: " "
        LayoutInline {SPAN} at (0,0) size 9x19
          LayoutInline {<pseudo:before>} at (0,0) size 9x19
            LayoutCounter (anonymous) at (52,0) size 9x19
              text run at (52,0) width 9: "\x{25A0}"
        LayoutText {#text} at (61,0) size 4x19
          text run at (61,0) width 4: " "
        LayoutInline {SPAN} at (0,0) size 9x19
          LayoutInline {<pseudo:before>} at (0,0) size 9x19
            LayoutCounter (anonymous) at (65,0) size 9x19
              text run at (65,0) width 9: "\x{25A0}"
        LayoutText {#text} at (74,0) size 4x19
          text run at (74,0) width 4: " "
        LayoutInline {SPAN} at (0,0) size 9x19
          LayoutInline {<pseudo:before>} at (0,0) size 9x19
            LayoutCounter (anonymous) at (78,0) size 9x19
              text run at (78,0) width 9: "\x{25A0}"
        LayoutText {#text} at (87,0) size 4x19
          text run at (87,0) width 4: " "
        LayoutInline {SPAN} at (0,0) size 9x19
          LayoutInline {<pseudo:before>} at (0,0) size 9x19
            LayoutCounter (anonymous) at (91,0) size 9x19
              text run at (91,0) width 9: "\x{25A0}"
        LayoutText {#text} at (100,0) size 4x19
          text run at (100,0) width 4: " "
        LayoutInline {SPAN} at (0,0) size 9x19
          LayoutInline {<pseudo:before>} at (0,0) size 9x19
            LayoutCounter (anonymous) at (104,0) size 9x19
              text run at (104,0) width 9: "\x{25A0}"
        LayoutText {#text} at (113,0) size 4x19
          text run at (113,0) width 4: " "
        LayoutInline {SPAN} at (0,0) size 9x19
          LayoutInline {<pseudo:before>} at (0,0) size 9x19
            LayoutCounter (anonymous) at (117,0) size 9x19
              text run at (117,0) width 9: "\x{25A0}"
        LayoutText {#text} at (126,0) size 4x19
          text run at (126,0) width 4: " "
        LayoutInline {SPAN} at (0,0) size 9x19
          LayoutInline {<pseudo:before>} at (0,0) size 9x19
            LayoutCounter (anonymous) at (130,0) size 9x19
              text run at (130,0) width 9: "\x{25A0}"
        LayoutText {#text} at (139,0) size 4x19
          text run at (139,0) width 4: " "
        LayoutInline {SPAN} at (0,0) size 9x19
          LayoutInline {<pseudo:before>} at (0,0) size 9x19
            LayoutCounter (anonymous) at (143,0) size 9x19
              text run at (143,0) width 9: "\x{25A0}"
        LayoutText {#text} at (0,0) size 0x0
      LayoutBlockFlow {DIV} at (0,56) size 784x20
        LayoutText {#text} at (0,0) size 188x19
          text run at (0,0) width 16: "\x{25FE} "
          text run at (16,0) width 16: "\x{25FE} "
          text run at (32,0) width 16: "\x{25FE} "
          text run at (48,0) width 16: "\x{25FE} "
          text run at (64,0) width 16: "\x{25FE} "
          text run at (80,0) width 16: "\x{25FE} "
          text run at (96,0) width 16: "\x{25FE} "
          text run at (112,0) width 16: "\x{25FE} "
          text run at (128,0) width 16: "\x{25FE} "
          text run at (144,0) width 16: "\x{25FE} "
          text run at (160,0) width 16: "\x{25FE} "
          text run at (176,0) width 12: "\x{25FE}"
