layer at (0,0) size 800x600
  LayoutView at (0,0) size 800x600
layer at (0,0) size 800x312
  LayoutBlockFlow {html} at (0,0) size 800x312
    LayoutBlockFlow {body} at (8,10) size 784x292
      LayoutBlockFlow {p} at (0,0) size 784x26 [color=#000080]
        LayoutText {#text} at (0,0) size 660x26
          text run at (0,0) width 660: "The word \"TEST \" should appear twice below, the same size each time."
      LayoutBlockFlow (anonymous) at (0,36) size 784x126
        LayoutSVGRoot {svg} at (8,46) size 400x120
          LayoutSVGRect {rect} at (8,46) size 400x120 [transform={m=((10.00,0.00)(0.00,10.00)) t=(0.00,0.00)}] [fill={[type=SOLID] [color=#EEEEEE]}] [x=0.00] [y=0.00] [width=60.00] [height=12.00]
          LayoutSVGForeignObject {foreignObject} at (0,0) size 60x10
            LayoutBlockFlow {div} at (0,0) size 60x17 [color=#000080]
              LayoutText {#text} at (0,0) size 35x17
                text run at (0,0) width 35: "TEST"
        LayoutText {#text} at (0,0) size 0x0
      LayoutBlockFlow {div} at (0,172) size 400x120 [color=#000080] [bgcolor=#EEEEEE]
        LayoutText {#text} at (0,0) size 344x166
          text run at (0,0) width 344: "TEST"
