layer at (0,0) size 800x600
  LayoutView at (0,0) size 800x600
layer at (0,0) size 800x468
  LayoutBlockFlow {HTML} at (0,0) size 800x468
    LayoutBlockFlow {BODY} at (8,18) size 784x432
      LayoutBlockFlow {P} at (0,0) size 784x432
        LayoutInline {SPAN} at (0,0) size 772x399 [color=#FFFFFF] [bgcolor=#000080]
          LayoutText {#text} at (0,16) size 744x75
            text run at (0,16) width 481: "This text should be 18px sans-serif, in small-caps, italicized, "
            text run at (480,16) width 264: "and very light. There should be a"
            text run at (0,70) width 250: "36px gap betwen each line. The "
            text run at (249,70) width 454: "text should have a blue background, the gap should not. "
          LayoutInline {SPAN} at (0,0) size 772x345 [color=#0000FF]
            LayoutText {#text} at (702,70) size 772x345
              text run at (702,70) width 50: "dummy"
              text run at (0,124) width 462: "text dummy text dummy text dummy text dummy text dummy "
              text run at (461,124) width 311: "text dummy text dummy text dummy text"
              text run at (0,178) width 239: "dummy text dummy text dummy "
              text run at (238,178) width 496: "text dummy text dummy text dummy text dummy text dummy text"
              text run at (0,232) width 55: "dummy "
              text run at (54,232) width 555: "text dummy text dummy text dummy text dummy text dummy text dummy "
              text run at (608,232) width 126: "text dummy text"
              text run at (0,286) width 424: "dummy text dummy text dummy text dummy text dummy "
              text run at (423,286) width 311: "text dummy text dummy text dummy text"
              text run at (0,340) width 239: "dummy text dummy text dummy "
              text run at (238,340) width 496: "text dummy text dummy text dummy text dummy text dummy text"
              text run at (0,394) width 55: "dummy "
              text run at (54,394) width 495: "text dummy text dummy text dummy text dummy text dummy text"
          LayoutText {#text} at (0,0) size 0x0
        LayoutText {#text} at (0,0) size 0x0
