layer at (0,0) size 800x600
  LayoutView at (0,0) size 800x600
layer at (0,0) size 800x468
  LayoutBlockFlow {HTML} at (0,0) size 800x468
    LayoutBlockFlow {BODY} at (8,18) size 784x432 [color=#000080]
      LayoutBlockFlow {P} at (0,0) size 784x432
        LayoutText {#text} at (0,16) size 744x75
          text run at (0,16) width 744: "This text should be 18px sans-serif, in small-caps, italicized, and very light. There should be a"
          text run at (0,70) width 225: "36px gap between each line. "
        LayoutInline {SPAN} at (0,0) size 774x345 [color=#C0C0C0]
          LayoutText {#text} at (224,70) size 774x345
            text run at (224,70) width 516: "dummy text dummy text dummy text dummy text dummy text dummy "
            text run at (739,70) width 35: "text"
            text run at (0,124) width 516: "dummy text dummy text dummy text dummy text dummy text dummy "
            text run at (515,124) width 219: "text dummy text dummy text"
            text run at (0,178) width 332: "dummy text dummy text dummy text dummy "
            text run at (331,178) width 403: "text dummy text dummy text dummy text dummy text"
            text run at (0,232) width 147: "dummy text dummy "
            text run at (146,232) width 555: "text dummy text dummy text dummy text dummy text dummy text dummy "
            text run at (700,232) width 34: "text"
            text run at (0,286) width 516: "dummy text dummy text dummy text dummy text dummy text dummy "
            text run at (515,286) width 219: "text dummy text dummy text"
            text run at (0,340) width 332: "dummy text dummy text dummy text dummy "
            text run at (331,340) width 403: "text dummy text dummy text dummy text dummy text"
            text run at (0,394) width 88: "dummy text"
        LayoutText {#text} at (0,0) size 0x0
