layer at (0,0) size 800x600
  LayoutView at (0,0) size 800x600
layer at (0,0) size 800x300
  LayoutBlockFlow {html} at (0,0) size 800x300
    LayoutBlockFlow {body} at (8,16) size 784x276
      LayoutBlockFlow {p} at (0,0) size 784x22
        LayoutTextControl {input} at (0,0) size 383x22 [bgcolor=#FFFFFF] [border: (2px inset #EEEEEE)]
      LayoutBlockFlow {p} at (0,38) size 784x18
        LayoutText {#text} at (0,0) size 465x17
          text run at (0,0) width 465: "It should say \"PASSED\" above and there should be a green circle below."
      LayoutBlockFlow (anonymous) at (0,72) size 784x204
        LayoutSVGRoot {svg} at (8,88) size 100x100
          LayoutSVGEllipse {circle} at (8,88) size 100x100 [fill={[type=SOLID] [color=#008000]}] [cx=50.00] [cy=50.00] [r=50.00]
        LayoutText {#text} at (0,0) size 0x0
        LayoutText {#text} at (0,0) size 0x0
layer at (10,19) size 379x16
  LayoutBlockFlow {div} at (2,3) size 379x16
    LayoutText {#text} at (0,0) size 136x16
      text run at (0,0) width 136: "This test has PASSED."
