layer at (0,0) size 800x600
  LayoutView at (0,0) size 800x600
layer at (0,0) size 800x600
  LayoutBlockFlow {HTML} at (0,0) size 800x600
    LayoutBlockFlow {BODY} at (8,8) size 784x584
      LayoutBlockFlow {P} at (0,0) size 784x54
        LayoutText {#text} at (0,0) size 458x18
          text run at (0,0) width 458: "This tests that bidirectional text is correctly rendered in popup controls."
        LayoutBR {BR} at (457,14) size 1x0
        LayoutText {#text} at (0,18) size 773x36
          text run at (0,18) width 773: "The order of the text below each popup button should match the order of the select's option text, and the order of the text"
          text run at (0,36) width 124: "in the popup menu."
      LayoutBlockFlow (anonymous) at (0,70) size 784x36
        LayoutText {#text} at (0,0) size 286x18
          text run at (0,0) width 286: "1) direction: rtl; -webkit-rtl-ordering: logical"
        LayoutBR {BR} at (285,14) size 1x0
        LayoutMenuList {SELECT} at (0,18) size 100x18 [bgcolor=#F8F8F8]
          LayoutBlockFlow (anonymous) at (0,0) size 100x18
            LayoutText (anonymous) at (17,2) size 60x13
              text run at (17,2) width 42 RTL: "\x{5D0}\x{5E4}\x{5E8}\x{5E1}\x{5DE}\x{5D5}\x{5DF}"
              text run at (58,2) width 19: "abc"
        LayoutBR {BR} at (100,31) size 0x0
      LayoutBlockFlow {DIV} at (0,106) size 100x19
        LayoutText {#text} at (0,1) size 82x18
          text run at (0,1) width 23: "abc"
          text run at (22,1) width 60 RTL: "\x{5D0}\x{5E4}\x{5E8}\x{5E1}\x{5DE}\x{5D5}\x{5DF}"
      LayoutBlockFlow (anonymous) at (0,125) size 784x54
        LayoutBR {BR} at (0,0) size 0x18
        LayoutText {#text} at (0,18) size 118x18
          text run at (0,18) width 118: "2) text-align: right"
        LayoutBR {BR} at (117,32) size 1x0
        LayoutMenuList {SELECT} at (0,36) size 200x18 [bgcolor=#F8F8F8]
          LayoutBlockFlow (anonymous) at (0,0) size 200x18
            LayoutText (anonymous) at (8,2) size 60x13
              text run at (8,2) width 19: "abc"
              text run at (26,2) width 42 RTL: "\x{5D0}\x{5E4}\x{5E8}\x{5E1}\x{5DE}\x{5D5}\x{5DF}"
        LayoutBR {BR} at (200,49) size 0x0
      LayoutBlockFlow {DIV} at (0,179) size 200x19
        LayoutText {#text} at (0,1) size 82x18
          text run at (0,1) width 23: "abc"
          text run at (22,1) width 60 RTL: "\x{5D0}\x{5E4}\x{5E8}\x{5E1}\x{5DE}\x{5D5}\x{5DF}"
      LayoutBlockFlow (anonymous) at (0,198) size 784x54
        LayoutBR {BR} at (0,0) size 0x18
        LayoutText {#text} at (0,18) size 72x18
          text run at (0,18) width 72: "3) No style"
        LayoutBR {BR} at (71,32) size 1x0
        LayoutMenuList {SELECT} at (0,36) size 100x18 [bgcolor=#F8F8F8]
          LayoutBlockFlow (anonymous) at (0,0) size 100x18
            LayoutText (anonymous) at (8,2) size 60x13
              text run at (8,2) width 19: "abc"
              text run at (26,2) width 42 RTL: "\x{5D0}\x{5E4}\x{5E8}\x{5E1}\x{5DE}\x{5D5}\x{5DF}"
        LayoutBR {BR} at (100,49) size 0x0
      LayoutBlockFlow {DIV} at (0,252) size 100x19
        LayoutText {#text} at (0,1) size 82x18
          text run at (0,1) width 23: "abc"
          text run at (22,1) width 60 RTL: "\x{5D0}\x{5E4}\x{5E8}\x{5E1}\x{5DE}\x{5D5}\x{5DF}"
      LayoutBlockFlow (anonymous) at (0,271) size 784x18
        LayoutBR {BR} at (0,0) size 0x18
