layer at (0,0) size 800x600
  LayoutView at (0,0) size 800x600
layer at (0,0) size 800x71
  LayoutBlockFlow {HTML} at (0,0) size 800x71
    LayoutBlockFlow {BODY} at (8,8) size 784x55
      LayoutBlockFlow {DIV} at (0,0) size 784x18
        LayoutText {#text} at (0,0) size 632x18
          text run at (0,0) width 632: "The following line and the SELECT element should have same text, and no characters are lacking."
      LayoutBlockFlow {DIV} at (0,18) size 784x18
        LayoutText {#text} at (685,0) size 99x16
          text run at (685,0) width 99 RTL: "\x{627}\x{644}\x{627}\x{642}\x{62A}\x{631}\x{627}\x{62D}\x{627}\x{62A} / \x{627}\x{644}\x{634}\x{643}\x{627}\x{648}\x{64A}"
      LayoutBlockFlow (anonymous) at (0,36) size 784x19
        LayoutMenuList {SELECT} at (669,1) size 115x18 [bgcolor=#F8F8F8]
          LayoutBlockFlow (anonymous) at (0,0) size 115x21
            LayoutText (anonymous) at (8,2) size 84x13
              text run at (8,2) width 84 RTL: "\x{627}\x{644}\x{627}\x{642}\x{62A}\x{631}\x{627}\x{62D}\x{627}\x{62A} / \x{627}\x{644}\x{634}\x{643}\x{627}\x{648}\x{64A}"
        LayoutText {#text} at (0,0) size 0x0
