layer at (0,0) size 1000x750 scrollHeight 778
  LayoutView at (0,0) size 1000x750
layer at (0,0) size 1000x778 backgroundClip at (0,0) size 1000x750 clip at (0,0) size 1000x750
  LayoutBlockFlow {HTML} at (0,0) size 1000x778
    LayoutBlockFlow {BODY} at (8,16) size 984x754
      LayoutBlockFlow {P} at (0,0) size 984x40
        LayoutText {#text} at (0,0) size 959x39
          text run at (0,0) width 526: "This is a test that only dumps the layout tree, and doesn't actually display the page. This "
          text run at (526,0) width 433: "tests some peculiarities in the test framework for printing. To run this test"
          text run at (0,20) width 93: "manually, run it "
          text run at (92,20) width 212: "with content_shell --run-layout-test"
      LayoutBlockFlow {DIV} at (0,56) size 984x20
        LayoutText {#text} at (0,0) size 155x19
          text run at (0,0) width 155: "This should be on page 1."
      LayoutBlockFlow {DIV} at (0,734) size 984x20
        LayoutText {#text} at (0,0) size 155x19
          text run at (0,0) width 155: "This should be on page 2."

