layer at (0,0) size 800x600
  LayoutView at (0,0) size 800x600
layer at (0,0) size 800x600
  LayoutBlockFlow {HTML} at (0,0) size 800x600
    LayoutBlockFlow {BODY} at (8,8) size 470x582
      LayoutBlockFlow (anonymous) at (0,0) size 470x306
        LayoutText {#text} at (0,0) size 332x17
          text run at (0,0) width 332: "This tests basic inputs. Here's what you should see: "
        LayoutBR {BR} at (331,14) size 1x0
        LayoutBR {BR} at (0,18) size 0x17
        LayoutText {#text} at (0,36) size 462x53
          text run at (0,36) width 445: "first line: the letter \"a\" and then a text input field filled with repeating"
          text run at (0,54) width 86: "\"foobarbaz\", "
          text run at (85,54) width 377: "then the word \"text\" followed by a disabled text input field"
          text run at (0,72) width 336: "filled with \"foo\" and then the letter \"b\" and then \"a\" "
        LayoutBR {BR} at (335,86) size 1x0
        LayoutBR {BR} at (0,90) size 0x17
        LayoutText {#text} at (0,108) size 469x53
          text run at (0,108) width 439: "second line: and then a password input field that's filled and then the"
          text run at (0,126) width 469: "word \"password\" and then a disabled password field that's filled and then"
          text run at (0,144) width 86: "the letter \"b\" "
        LayoutBR {BR} at (85,158) size 1x0
        LayoutBR {BR} at (0,162) size 0x17
        LayoutText {#text} at (0,180) size 459x35
          text run at (0,180) width 459: "third line: the letter \"a\" and then a checkbox (unchecked) with the word"
          text run at (0,198) width 360: "\"checkbox\" and then a disabled checkbox and letter \"b\" "
        LayoutBR {BR} at (359,212) size 1x0
        LayoutBR {BR} at (0,216) size 0x17
        LayoutText {#text} at (0,234) size 457x53
          text run at (0,234) width 411: "fourth line: the last line has the letter \"a\" and then a redio button"
          text run at (0,252) width 457: "(unselected) and then the word \"radio\" and then a disabled radio button"
          text run at (0,270) width 113: "and the letter \"b\" "
        LayoutBR {BR} at (112,284) size 1x0
        LayoutBR {BR} at (0,288) size 0x17
      LayoutBlockFlow {DIV} at (10,316) size 450x46 [border: (1px solid #FF0000)]
        LayoutText {#text} at (1,3) size 8x17
          text run at (1,3) width 8: "a"
        LayoutTextControl {INPUT} at (8.09,1) size 173x22 [bgcolor=#FFFFFF] [border: (2px inset #EEEEEE)]
        LayoutText {#text} at (181,3) size 29x17
          text run at (181,3) width 29: "text "
        LayoutTextControl {INPUT} at (209.08,1) size 173x22 [color=#545454] [bgcolor=#EBEBE4] [border: (2px inset #EEEEEE)]
        LayoutText {#text} at (382,3) size 20x17
          text run at (382,3) width 13: "b "
          text run at (394,3) width 8: "a"
        LayoutTextControl {INPUT} at (1,23) size 173x22 [bgcolor=#FFFFFF] [border: (2px inset #EEEEEE)]
        LayoutText {#text} at (174,25) size 65x17
          text run at (174,25) width 65: "password "
        LayoutTextControl {INPUT} at (238.44,23) size 173x22 [color=#545454] [bgcolor=#EBEBE4] [border: (2px inset #EEEEEE)]
        LayoutText {#text} at (411,25) size 9x17
          text run at (411,25) width 9: "b"
      LayoutBlockFlow {DIV} at (10,372) size 450x22 [border: (1px solid #FF0000)]
        LayoutText {#text} at (1,3) size 8x17
          text run at (1,3) width 8: "a"
        LayoutBlockFlow {INPUT} at (12.09,4) size 13x13
        LayoutText {#text} at (28,3) size 66x17
          text run at (28,3) width 66: "checkbox "
        LayoutBlockFlow {INPUT} at (97.39,4) size 13x13 [color=#545454]
        LayoutText {#text} at (113,3) size 9x17
          text run at (113,3) width 9: "b"
      LayoutBlockFlow {DIV} at (10,404) size 450x22 [border: (1px solid #FF0000)]
        LayoutText {#text} at (1,3) size 8x17
          text run at (1,3) width 8: "a"
        LayoutBlockFlow {INPUT} at (13.09,4) size 13x13
        LayoutText {#text} at (29,3) size 37x17
          text run at (29,3) width 37: "radio "
        LayoutBlockFlow {INPUT} at (70.97,4) size 13x13 [color=#545454]
        LayoutText {#text} at (86,3) size 9x17
          text run at (86,3) width 9: "b"
layer at (28,328) size 169x16
  LayoutBlockFlow {DIV} at (2,3) size 169x16
    LayoutText {#text} at (0,0) size 168x16
      text run at (0,0) width 168: "foobarbazfoobarbazfoobarbaz"
layer at (229,328) size 169x16
  LayoutBlockFlow {DIV} at (2,3) size 169x16
    LayoutText {#text} at (0,0) size 17x16
      text run at (0,0) width 17: "foo"
layer at (21,350) size 169x16
  LayoutBlockFlow {DIV} at (2,3) size 169x16
    LayoutText {#text} at (0,0) size 15x16
      text run at (0,0) width 15: "\x{2022}\x{2022}\x{2022}"
layer at (258,350) size 169x16
  LayoutBlockFlow {DIV} at (2,3) size 169x16
    LayoutText {#text} at (0,0) size 15x16
      text run at (0,0) width 15: "\x{2022}\x{2022}\x{2022}"
