layer at (0,0) size 800x600
  LayoutView at (0,0) size 800x600
layer at (0,0) size 800x600
  LayoutBlockFlow {HTML} at (0,0) size 800x600
    LayoutBlockFlow {BODY} at (8,8) size 784x579
      LayoutBlockFlow {P} at (0,0) size 784x36
        LayoutInline {A} at (0,0) size 63x17 [color=#0000EE]
          LayoutText {#text} at (0,0) size 63x17
            text run at (0,0) width 63: "Bug 5656"
        LayoutText {#text} at (62,0) size 780x35
          text run at (62,0) width 718: " tests whether buttons force a white-space mode or not. These tests will only pass if the white-space mode is not"
          text run at (0,18) width 175: "forced and if it is inherited."
      LayoutBlockFlow {DIV} at (0,52) size 784x18
        LayoutText {#text} at (0,0) size 365x17
          text run at (0,0) width 365: "Buttons should appear next to each other in a single row:"
      LayoutTable {TABLE} at (0,70) size 205x28
        LayoutTableSection {TBODY} at (0,0) size 205x28
          LayoutTableRow {TR} at (0,2) size 205x24
            LayoutTableCell {TD} at (2,2) size 201x24 [r=0 c=0 rs=1 cs=1]
              LayoutButton {BUTTON} at (1,1) size 85x22 [bgcolor=#C0C0C0] [border: (2px outset #C0C0C0)]
                LayoutBlockFlow (anonymous) at (8,3) size 69x16
                  LayoutText {#text} at (0,0) size 69x16
                    text run at (0,0) width 69: "Search Mail"
              LayoutText {#text} at (86,3) size 4x17
                text run at (86,3) width 4: " "
              LayoutButton {BUTTON} at (90,1) size 109.77x22 [bgcolor=#C0C0C0] [border: (2px outset #C0C0C0)]
                LayoutBlockFlow (anonymous) at (8,3) size 93.77x16
                  LayoutText {#text} at (0,0) size 94x16
                    text run at (0,0) width 94: "Search the Web"
              LayoutText {#text} at (0,0) size 0x0
      LayoutBlockFlow {DIV} at (0,98) size 784x18
        LayoutText {#text} at (0,0) size 193x17
          text run at (0,0) width 193: "Buttons should look identical:"
      LayoutBlockFlow {DIV} at (0,116) size 784x22
        LayoutButton {BUTTON} at (0,0) size 78x22 [bgcolor=#C0C0C0] [border: (2px outset #C0C0C0)]
          LayoutBlockFlow (anonymous) at (8,3) size 62x16
            LayoutText {#text} at (0,0) size 62x16
              text run at (0,0) width 62: "test button"
      LayoutBlockFlow {DIV} at (0,138) size 784x22
        LayoutButton {BUTTON} at (0,0) size 78x22 [bgcolor=#C0C0C0] [border: (2px outset #C0C0C0)]
          LayoutBlockFlow (anonymous) at (8,3) size 62x16
            LayoutText {#text} at (0,0) size 62x16
              text run at (0,0) width 26: "test "
              text run at (26,0) width 36: "button"
      LayoutBlockFlow {DIV} at (0,160) size 784x18
        LayoutText {#text} at (0,0) size 353x17
          text run at (0,0) width 353: "Buttons should look identical (ignore vertical spacing):"
      LayoutBlockFlow {DIV} at (0,178) size 784x22
        LayoutButton {BUTTON} at (0,0) size 98x22 [bgcolor=#C0C0C0] [border: (2px outset #C0C0C0)]
          LayoutBlockFlow (anonymous) at (8,3) size 82x16
            LayoutText {#text} at (0,0) size 82x16
              text run at (0,0) width 82: "  test  button  "
      LayoutBlockFlow {DIV} at (0,200) size 784x22
        LayoutButton {BUTTON} at (0,0) size 98x22 [bgcolor=#C0C0C0] [border: (2px outset #C0C0C0)]
          LayoutBlockFlow (anonymous) at (8,3) size 82x16
            LayoutText {#text} at (0,0) size 82x16
              text run at (0,0) width 82: "  test  button  "
      LayoutBlockFlow {DIV} at (0,235) size 784x22
        LayoutBlockFlow {PRE} at (0,0) size 784x22
          LayoutButton {BUTTON} at (0,0) size 98x22 [bgcolor=#C0C0C0] [border: (2px outset #C0C0C0)]
            LayoutBlockFlow (anonymous) at (8,3) size 82x16
              LayoutText {#text} at (0,0) size 82x16
                text run at (0,0) width 82: "  test  button  "
