layer at (0,0) size 800x600
  LayoutView at (0,0) size 800x600
layer at (0,0) size 800x600
  LayoutBlockFlow {HTML} at (0,0) size 800x600
    LayoutBlockFlow {BODY} at (8,8) size 784x584
      LayoutBlockFlow (anonymous) at (0,0) size 784x18
        LayoutText {#text} at (0,0) size 351x17
          text run at (0,0) width 351: "This tests that buttons don't honor table display styles. "
        LayoutBR {BR} at (350,14) size 1x0
      LayoutButton {INPUT} at (0,18) size 93x22 [bgcolor=#C0C0C0] [border: (2px outset #C0C0C0)]
        LayoutBlockFlow (anonymous) at (8,3) size 77x16
          LayoutText {#text} at (0,0) size 77x16
            text run at (0,0) width 77: "display: table"
      LayoutButton {INPUT} at (0,40) size 93x22 [bgcolor=#C0C0C0] [border: (2px outset #C0C0C0)]
        LayoutBlockFlow (anonymous) at (8,3) size 77x16
          LayoutText {#text} at (0,0) size 77x16
            text run at (0,0) width 77: "display: table"
      LayoutBlockFlow (anonymous) at (0,62) size 784x378
        LayoutBR {BR} at (0,0) size 0x17
        LayoutBR {BR} at (0,18) size 0x17
        LayoutButton {INPUT} at (0,36) size 127x22 [bgcolor=#C0C0C0] [border: (2px outset #C0C0C0)]
          LayoutBlockFlow (anonymous) at (8,3) size 111x16
            LayoutText {#text} at (0,0) size 111x16
              text run at (0,0) width 111: "display: inline-table"
        LayoutText {#text} at (127,38) size 4x17
          text run at (127,38) width 4: " "
        LayoutButton {INPUT} at (131,36) size 127x22 [bgcolor=#C0C0C0] [border: (2px outset #C0C0C0)]
          LayoutBlockFlow (anonymous) at (8,3) size 111x16
            LayoutText {#text} at (0,0) size 111x16
              text run at (0,0) width 111: "display: inline-table"
        LayoutText {#text} at (258,38) size 4x17
          text run at (258,38) width 4: " "
        LayoutBR {BR} at (262,52) size 0x0
        LayoutBR {BR} at (0,58) size 0x17
        LayoutButton {INPUT} at (0,76) size 153x22 [bgcolor=#C0C0C0] [border: (2px outset #C0C0C0)]
          LayoutBlockFlow (anonymous) at (8,3) size 137x16
            LayoutText {#text} at (0,0) size 137x16
              text run at (0,0) width 137: "display: table-row-group"
        LayoutText {#text} at (153,78) size 4x17
          text run at (153,78) width 4: " "
        LayoutButton {INPUT} at (157,76) size 153x22 [bgcolor=#C0C0C0] [border: (2px outset #C0C0C0)]
          LayoutBlockFlow (anonymous) at (8,3) size 137x16
            LayoutText {#text} at (0,0) size 137x16
              text run at (0,0) width 137: "display: table-row-group"
        LayoutText {#text} at (310,78) size 4x17
          text run at (310,78) width 4: " "
        LayoutBR {BR} at (314,92) size 0x0
        LayoutBR {BR} at (0,98) size 0x17
        LayoutButton {INPUT} at (0,116) size 172x22 [bgcolor=#C0C0C0] [border: (2px outset #C0C0C0)]
          LayoutBlockFlow (anonymous) at (8,3) size 156x16
            LayoutText {#text} at (0,0) size 156x16
              text run at (0,0) width 156: "display: table-header-group"
        LayoutText {#text} at (172,118) size 4x17
          text run at (172,118) width 4: " "
        LayoutButton {INPUT} at (176,116) size 172x22 [bgcolor=#C0C0C0] [border: (2px outset #C0C0C0)]
          LayoutBlockFlow (anonymous) at (8,3) size 156x16
            LayoutText {#text} at (0,0) size 156x16
              text run at (0,0) width 156: "display: table-header-group"
        LayoutText {#text} at (348,118) size 4x17
          text run at (348,118) width 4: " "
        LayoutBR {BR} at (352,132) size 0x0
        LayoutBR {BR} at (0,138) size 0x17
        LayoutButton {INPUT} at (0,156) size 165x22 [bgcolor=#C0C0C0] [border: (2px outset #C0C0C0)]
          LayoutBlockFlow (anonymous) at (8,3) size 149x16
            LayoutText {#text} at (0,0) size 149x16
              text run at (0,0) width 149: "display: table-footer-group"
        LayoutText {#text} at (165,158) size 4x17
          text run at (165,158) width 4: " "
        LayoutButton {INPUT} at (169,156) size 165x22 [bgcolor=#C0C0C0] [border: (2px outset #C0C0C0)]
          LayoutBlockFlow (anonymous) at (8,3) size 149x16
            LayoutText {#text} at (0,0) size 149x16
              text run at (0,0) width 149: "display: table-footer-group"
        LayoutText {#text} at (334,158) size 4x17
          text run at (334,158) width 4: " "
        LayoutBR {BR} at (338,172) size 0x0
        LayoutBR {BR} at (0,178) size 0x17
        LayoutButton {INPUT} at (0,196) size 117x22 [bgcolor=#C0C0C0] [border: (2px outset #C0C0C0)]
          LayoutBlockFlow (anonymous) at (8,3) size 101x16
            LayoutText {#text} at (0,0) size 101x16
              text run at (0,0) width 101: "display: table-row"
        LayoutText {#text} at (117,198) size 4x17
          text run at (117,198) width 4: " "
        LayoutButton {INPUT} at (121,196) size 117x22 [bgcolor=#C0C0C0] [border: (2px outset #C0C0C0)]
          LayoutBlockFlow (anonymous) at (8,3) size 101x16
            LayoutText {#text} at (0,0) size 101x16
              text run at (0,0) width 101: "display: table-row"
        LayoutText {#text} at (238,198) size 4x17
          text run at (238,198) width 4: " "
        LayoutBR {BR} at (242,212) size 0x0
        LayoutBR {BR} at (0,218) size 0x17
        LayoutButton {INPUT} at (0,236) size 175x22 [bgcolor=#C0C0C0] [border: (2px outset #C0C0C0)]
          LayoutBlockFlow (anonymous) at (8,3) size 159x16
            LayoutText {#text} at (0,0) size 159x16
              text run at (0,0) width 159: "display: table-column-group"
        LayoutText {#text} at (175,238) size 4x17
          text run at (175,238) width 4: " "
        LayoutButton {INPUT} at (179,236) size 175x22 [bgcolor=#C0C0C0] [border: (2px outset #C0C0C0)]
          LayoutBlockFlow (anonymous) at (8,3) size 159x16
            LayoutText {#text} at (0,0) size 159x16
              text run at (0,0) width 159: "display: table-column-group"
        LayoutText {#text} at (354,238) size 4x17
          text run at (354,238) width 4: " "
        LayoutBR {BR} at (358,252) size 0x0
        LayoutBR {BR} at (0,258) size 0x17
        LayoutButton {INPUT} at (0,276) size 139x22 [bgcolor=#C0C0C0] [border: (2px outset #C0C0C0)]
          LayoutBlockFlow (anonymous) at (8,3) size 123x16
            LayoutText {#text} at (0,0) size 123x16
              text run at (0,0) width 123: "display: table-column"
        LayoutText {#text} at (139,278) size 4x17
          text run at (139,278) width 4: " "
        LayoutButton {INPUT} at (143,276) size 139x22 [bgcolor=#C0C0C0] [border: (2px outset #C0C0C0)]
          LayoutBlockFlow (anonymous) at (8,3) size 123x16
            LayoutText {#text} at (0,0) size 123x16
              text run at (0,0) width 123: "display: table-column"
        LayoutText {#text} at (282,278) size 4x17
          text run at (282,278) width 4: " "
        LayoutBR {BR} at (286,292) size 0x0
        LayoutBR {BR} at (0,298) size 0x17
        LayoutButton {INPUT} at (0,316) size 117x22 [bgcolor=#C0C0C0] [border: (2px outset #C0C0C0)]
          LayoutBlockFlow (anonymous) at (8,3) size 101x16
            LayoutText {#text} at (0,0) size 101x16
              text run at (0,0) width 101: "display: table-cell"
        LayoutText {#text} at (117,318) size 4x17
          text run at (117,318) width 4: " "
        LayoutButton {INPUT} at (121,316) size 117x22 [bgcolor=#C0C0C0] [border: (2px outset #C0C0C0)]
          LayoutBlockFlow (anonymous) at (8,3) size 101x16
            LayoutText {#text} at (0,0) size 101x16
              text run at (0,0) width 101: "display: table-cell"
        LayoutText {#text} at (238,318) size 4x17
          text run at (238,318) width 4: " "
        LayoutBR {BR} at (242,332) size 0x0
        LayoutBR {BR} at (0,338) size 0x17
        LayoutButton {INPUT} at (0,356) size 139x22 [bgcolor=#C0C0C0] [border: (2px outset #C0C0C0)]
          LayoutBlockFlow (anonymous) at (8,3) size 123x16
            LayoutText {#text} at (0,0) size 123x16
              text run at (0,0) width 123: "display: table-caption"
        LayoutText {#text} at (139,358) size 4x17
          text run at (139,358) width 4: " "
        LayoutButton {INPUT} at (143,356) size 139x22 [bgcolor=#C0C0C0] [border: (2px outset #C0C0C0)]
          LayoutBlockFlow (anonymous) at (8,3) size 123x16
            LayoutText {#text} at (0,0) size 123x16
              text run at (0,0) width 123: "display: table-caption"
        LayoutText {#text} at (0,0) size 0x0
