layer at (0,0) size 800x600
  LayoutView at (0,0) size 800x600
layer at (0,0) size 800x600
  LayoutBlockFlow {HTML} at (0,0) size 800x600
    LayoutBlockFlow {BODY} at (8,8) size 784x584
      LayoutButton {BUTTON} at (0,0) size 81.53x22 [bgcolor=#C0C0C0] [border: (2px outset #C0C0C0)]
        LayoutBlockFlow (anonymous) at (8,3) size 65.53x16
          LayoutText {#text} at (0,0) size 66x16
            text run at (0,0) width 66: "Test Button"
      LayoutText {#text} at (81,2) size 5x17
        text run at (81,2) width 5: " "
      LayoutButton {BUTTON} at (85.53,0) size 81.53x22 [color=#FF0000] [bgcolor=#C0C0C0] [border: (2px outset #C0C0C0)]
        LayoutBlockFlow (anonymous) at (8,3) size 65.53x16
          LayoutText {#text} at (0,0) size 66x16
            text run at (0,0) width 66: "Test Button"
      LayoutText {#text} at (167,2) size 5x17
        text run at (167,2) width 5: " "
      LayoutButton {BUTTON} at (171.06,0) size 81.53x22 [bgcolor=#008000] [border: (2px outset #C0C0C0)]
        LayoutBlockFlow (anonymous) at (8,3) size 65.53x16
          LayoutText {#text} at (0,0) size 66x16
            text run at (0,0) width 66: "Test Button"
      LayoutText {#text} at (252,2) size 5x17
        text run at (252,2) width 5: " "
      LayoutButton {BUTTON} at (256.59,0) size 81.53x22 [color=#FF0000] [bgcolor=#008000] [border: (2px outset #C0C0C0)]
        LayoutBlockFlow (anonymous) at (8,3) size 65.53x16
          LayoutText {#text} at (0,0) size 66x16
            text run at (0,0) width 66: "Test Button"
      LayoutText {#text} at (338,2) size 5x17
        text run at (338,2) width 5: " "
      LayoutButton {INPUT} at (342.13,0) size 81.53x22 [bgcolor=#C0C0C0] [border: (2px outset #C0C0C0)]
        LayoutBlockFlow (anonymous) at (8,3) size 65.53x16
          LayoutText {#text} at (0,0) size 66x16
            text run at (0,0) width 66: "Test Button"
      LayoutText {#text} at (423,2) size 5x17
        text run at (423,2) width 5: " "
      LayoutButton {INPUT} at (427.66,0) size 81.53x22 [color=#FF0000] [bgcolor=#C0C0C0] [border: (2px outset #C0C0C0)]
        LayoutBlockFlow (anonymous) at (8,3) size 65.53x16
          LayoutText {#text} at (0,0) size 66x16
            text run at (0,0) width 66: "Test Button"
      LayoutText {#text} at (509,2) size 5x17
        text run at (509,2) width 5: " "
      LayoutButton {INPUT} at (513.19,0) size 81.53x22 [bgcolor=#008000] [border: (2px outset #C0C0C0)]
        LayoutBlockFlow (anonymous) at (8,3) size 65.53x16
          LayoutText {#text} at (0,0) size 66x16
            text run at (0,0) width 66: "Test Button"
      LayoutText {#text} at (594,2) size 5x17
        text run at (594,2) width 5: " "
      LayoutButton {INPUT} at (598.72,0) size 81.53x22 [color=#FF0000] [bgcolor=#008000] [border: (2px outset #C0C0C0)]
        LayoutBlockFlow (anonymous) at (8,3) size 65.53x16
          LayoutText {#text} at (0,0) size 66x16
            text run at (0,0) width 66: "Test Button"
      LayoutText {#text} at (0,0) size 0x0
