layer at (0,0) size 800x600
  LayoutView at (0,0) size 800x600
layer at (0,0) size 800x600
  LayoutBlockFlow {HTML} at (0,0) size 800x600
    LayoutBlockFlow {BODY} at (8,8) size 784x584
      LayoutText {#text} at (0,0) size 533x17
        text run at (0,0) width 533: "This tests that we don't honor line-height for controls that have restricted font size. "
      LayoutBR {BR} at (0,0) size 0x0
      LayoutMenuList {SELECT} at (0,18) size 319x20 [bgcolor=#FFFFFF] [border: (1px solid #A9A9A9)]
        LayoutBlockFlow (anonymous) at (1,1) size 317x18
          LayoutText (anonymous) at (4,1) size 294x16
            text run at (4,1) width 294: "This text should be centered vertically in the button"
      LayoutText {#text} at (319,19) size 4x17
        text run at (319,19) width 4: " "
      LayoutBR {BR} at (0,0) size 0x0
      LayoutButton {INPUT} at (0,38) size 310x22 [bgcolor=#C0C0C0] [border: (2px outset #C0C0C0)]
        LayoutBlockFlow (anonymous) at (8,3) size 294x16
          LayoutText {#text} at (0,0) size 294x16
            text run at (0,0) width 294: "This text should be centered vertically in the button"
      LayoutText {#text} at (310,40) size 4x17
        text run at (310,40) width 4: " "
      LayoutBR {BR} at (0,0) size 0x0
      LayoutTextControl {INPUT} at (0,60) size 175x22 [bgcolor=#FFFFFF] [border: (2px inset #EEEEEE)]
        LayoutFlexibleBox {DIV} at (3,3) size 169x16
          LayoutBlockFlow {DIV} at (0,2.50) size 1x11
          LayoutBlockFlow {DIV} at (1,0) size 155x16
      LayoutText {#text} at (0,0) size 0x0
layer at (12,71) size 155x16 scrollWidth 295
  LayoutBlockFlow {DIV} at (0,0) size 155x16
    LayoutText {#text} at (0,0) size 294x16
      text run at (0,0) width 294: "This text should be centered vertically in the button"
layer at (168,75) size 9x9 transparent
  LayoutBlockFlow {DIV} at (157,3.50) size 9x9
