layer at (0,0) size 800x600
  LayoutView at (0,0) size 800x600
layer at (0,0) size 800x600
  LayoutBlockFlow {HTML} at (0,0) size 800x600
    LayoutBlockFlow {BODY} at (8,8) size 784x572
      LayoutBlockFlow {P} at (0,0) size 784x36
        LayoutText {#text} at (0,0) size 54x17
          text run at (0,0) width 54: "Test for "
        LayoutInline {I} at (0,0) size 771x35
          LayoutInline {A} at (0,0) size 305x17 [color=#0000EE]
            LayoutText {#text} at (53,0) size 305x17
              text run at (53,0) width 305: "http://bugs.webkit.org/show_bug.cgi?id=17033"
          LayoutText {#text} at (357,0) size 771x35
            text run at (357,0) width 5: " "
            text run at (361,0) width 410: "REGRESSION: Really long <option> causes unnecessary page"
            text run at (0,18) width 229: "scroll bars to accommodate content"
        LayoutText {#text} at (228,18) size 5x17
          text run at (228,18) width 5: "."
      LayoutBlockFlow {P} at (0,52) size 784x18
        LayoutText {#text} at (0,0) size 761x17
          text run at (0,0) width 317: "There should not be scroll bars below the popup. "
          text run at (316,0) width 445: "There should be scrollbars below the button (see crbug.com/465429)."
layer at (8,94) size 100x50
  LayoutBlockFlow {DIV} at (0,86) size 100x50
    LayoutMenuList {SELECT} at (0,0) size 80x20 [bgcolor=#FFFFFF] [border: (1px solid #A9A9A9)]
      LayoutBlockFlow (anonymous) at (1,1) size 78x18
        LayoutText (anonymous) at (4,1) size 158x16
          text run at (4,1) width 158: "Lorem ipsum dolor sit amet"
    LayoutText {#text} at (0,0) size 0x0
layer at (8,164) size 100x50 clip at (8,164) size 100x35 scrollWidth 166
  LayoutBlockFlow {DIV} at (0,156) size 100x50
    LayoutButton {BUTTON} at (0,0) size 80x22 [bgcolor=#C0C0C0] [border: (2px outset #C0C0C0)]
      LayoutBlockFlow (anonymous) at (8,3) size 64x16
        LayoutText {#text} at (0,0) size 158x16
          text run at (0,0) width 158: "Lorem ipsum dolor sit amet"
    LayoutText {#text} at (0,0) size 0x0
