layer at (0,0) size 800x600
  LayoutView at (0,0) size 800x600
layer at (0,0) size 800x600
  LayoutBlockFlow {HTML} at (0,0) size 800x600
    LayoutBlockFlow {BODY} at (8,8) size 784x584
      LayoutMenuList {SELECT} at (0,0) size 61x20 [color=#808080] [bgcolor=#FFFFFF] [border: (1px solid #A9A9A9)]
        LayoutBlockFlow (anonymous) at (1,1) size 59x18
          LayoutText (anonymous) at (4,1) size 35x16
            text run at (4,1) width 35: "PASS"
      LayoutBR {BR} at (61,15) size 0x0
      LayoutMenuList {SELECT} at (0,20) size 61x20 [color=#808080] [bgcolor=#FFFFFF] [border: (1px solid #A9A9A9)]
        LayoutBlockFlow (anonymous) at (1,1) size 59x18
          LayoutText (anonymous) at (4,1) size 35x16
            text run at (4,1) width 35: "PASS"
      LayoutBR {BR} at (61,35) size 0x0
      LayoutMenuList {SELECT} at (0,40) size 61x20 [bgcolor=#FFFFFF] [border: (1px solid #A9A9A9)]
        LayoutBlockFlow (anonymous) at (1,1) size 59x18
          LayoutText (anonymous) at (4,1) size 35x16
            text run at (4,1) width 35: "PASS"
      LayoutBR {BR} at (61,55) size 0x0
      LayoutMenuList {SELECT} at (0,60) size 61x20 [bgcolor=#FFFFFF] [border: (1px solid #A9A9A9)]
        LayoutBlockFlow (anonymous) at (1,1) size 59x18
          LayoutText (anonymous) at (4,1) size 35x16
            text run at (4,1) width 35: "PASS"
      LayoutBR {BR} at (61,75) size 0x0
      LayoutBR {BR} at (56,113) size 1x0
      LayoutBR {BR} at (56,149) size 1x0
      LayoutBR {BR} at (56,185) size 1x0
      LayoutBR {BR} at (56,221) size 1x0
      LayoutText {#text} at (0,224) size 495x17
        text run at (0,224) width 495: "PASS: sel1 correctly set to selectedIndex 1 by sel1.options[1].selected = true."
      LayoutBR {BR} at (494,238) size 1x0
      LayoutText {#text} at (0,242) size 445x17
        text run at (0,242) width 445: "PASS: sel2 correctly set to selectedIndex 1 by sel2.selectedIndex = 1."
      LayoutBR {BR} at (444,256) size 1x0
      LayoutText {#text} at (0,260) size 495x17
        text run at (0,260) width 495: "PASS: sel3 correctly set to selectedIndex 1 by sel3.options[1].selected = true."
      LayoutBR {BR} at (494,274) size 1x0
      LayoutText {#text} at (0,278) size 445x17
        text run at (0,278) width 445: "PASS: sel4 correctly set to selectedIndex 1 by sel4.selectedIndex = 1."
      LayoutBR {BR} at (444,292) size 1x0
      LayoutText {#text} at (0,296) size 495x17
        text run at (0,296) width 495: "PASS: sel5 correctly set to selectedIndex 1 by sel5.options[1].selected = true."
      LayoutBR {BR} at (494,310) size 1x0
      LayoutText {#text} at (0,314) size 445x17
        text run at (0,314) width 445: "PASS: sel6 correctly set to selectedIndex 1 by sel6.selectedIndex = 1."
      LayoutBR {BR} at (444,328) size 1x0
      LayoutText {#text} at (0,332) size 495x17
        text run at (0,332) width 495: "PASS: sel7 correctly set to selectedIndex 1 by sel7.options[1].selected = true."
      LayoutBR {BR} at (494,346) size 1x0
      LayoutText {#text} at (0,350) size 445x17
        text run at (0,350) width 445: "PASS: sel8 correctly set to selectedIndex 1 by sel8.selectedIndex = 1."
      LayoutBR {BR} at (444,364) size 1x0
layer at (8,88) size 56x36 clip at (9,89) size 39x34
  LayoutListBox {SELECT} at (0,80) size 56.02x36 [color=#808080] [bgcolor=#FFFFFF] [border: (1px solid #A9A9A9)]
    LayoutBlockFlow {OPTION} at (1,1) size 39.02x17
      LayoutText {#text} at (2,0) size 27x16
        text run at (2,0) width 27: "FAIL"
    LayoutBlockFlow {OPTION} at (1,18) size 39.02x17 [bgcolor=#999999]
      LayoutText {#text} at (2,0) size 35x16
        text run at (2,0) width 35: "PASS"
layer at (8,124) size 56x36 clip at (9,125) size 39x34
  LayoutListBox {SELECT} at (0,116) size 56.02x36 [color=#808080] [bgcolor=#FFFFFF] [border: (1px solid #A9A9A9)]
    LayoutBlockFlow {OPTION} at (1,1) size 39.02x17
      LayoutText {#text} at (2,0) size 27x16
        text run at (2,0) width 27: "FAIL"
    LayoutBlockFlow {OPTION} at (1,18) size 39.02x17 [bgcolor=#999999]
      LayoutText {#text} at (2,0) size 35x16
        text run at (2,0) width 35: "PASS"
layer at (8,160) size 56x36 clip at (9,161) size 39x34
  LayoutListBox {SELECT} at (0,152) size 56.02x36 [bgcolor=#FFFFFF] [border: (1px solid #A9A9A9)]
    LayoutBlockFlow {OPTION} at (1,1) size 39.02x17
      LayoutText {#text} at (2,0) size 27x16
        text run at (2,0) width 27: "FAIL"
    LayoutBlockFlow {OPTION} at (1,18) size 39.02x17 [color=#808080] [bgcolor=#999999]
      LayoutText {#text} at (2,0) size 35x16
        text run at (2,0) width 35: "PASS"
layer at (8,196) size 56x36 clip at (9,197) size 39x34
  LayoutListBox {SELECT} at (0,188) size 56.02x36 [bgcolor=#FFFFFF] [border: (1px solid #A9A9A9)]
    LayoutBlockFlow {OPTION} at (1,1) size 39.02x17
      LayoutText {#text} at (2,0) size 27x16
        text run at (2,0) width 27: "FAIL"
    LayoutBlockFlow {OPTION} at (1,18) size 39.02x17 [color=#808080] [bgcolor=#999999]
      LayoutText {#text} at (2,0) size 35x16
        text run at (2,0) width 35: "PASS"
