layer at (0,0) size 800x600
  LayoutView at (0,0) size 800x600
layer at (0,0) size 800x600
  LayoutBlockFlow {HTML} at (0,0) size 800x600
    LayoutBlockFlow {BODY} at (8,8) size 784x584
      LayoutBlockFlow {P} at (0,0) size 784x36
        LayoutText {#text} at (0,0) size 108x17
          text run at (0,0) width 108: "This is a test for "
        LayoutInline {I} at (0,0) size 763x35
          LayoutInline {A} at (0,0) size 353x17 [color=#0000EE]
            LayoutText {#text} at (107,0) size 353x17
              text run at (107,0) width 353: "http://bugzilla.opendarwin.org/show_bug.cgi?id=9316"
          LayoutText {#text} at (459,0) size 763x35
            text run at (459,0) width 5: " "
            text run at (463,0) width 300: "REGRESSION: text field width shrinks on first"
            text run at (0,18) width 60: "keystroke"
        LayoutText {#text} at (59,18) size 5x17
          text run at (59,18) width 5: "."
      LayoutBlockFlow {HR} at (0,52) size 784x2 [border: (1px inset #EEEEEE)]
layer at (8,70) size 784x0
  LayoutBlockFlow (relative positioned) {DIV} at (0,62) size 784x0
    LayoutTextControl (floating) {INPUT} at (0,0) size 392x22 [bgcolor=#FFFFFF] [border: (2px inset #EEEEEE)]
layer at (10,73) size 388x16
  LayoutBlockFlow {DIV} at (2,3) size 388x16
    LayoutText {#text} at (0,0) size 17x16
      text run at (0,0) width 17: "foo"
