layer at (0,0) size 800x600
  LayoutView at (0,0) size 800x600
layer at (0,0) size 800x600
  LayoutBlockFlow {HTML} at (0,0) size 800x600
    LayoutBlockFlow {BODY} at (8,8) size 784x584
      LayoutBlockFlow {FORM} at (0,0) size 784x20
        LayoutBlockFlow {INPUT} at (5,3) size 13x13
        LayoutText {#text} at (21,2) size 33x17
          text run at (21,2) width 33: "Two "
        LayoutBlockFlow {INPUT} at (58.20,3) size 13x13
        LayoutText {#text} at (74,2) size 38x17
          text run at (74,2) width 38: "Three"
      LayoutBlockFlow {FORM} at (0,36) size 784x20
        LayoutBlockFlow {INPUT} at (5,3) size 13x13
        LayoutText {#text} at (21,2) size 31x17
          text run at (21,2) width 31: "One "
        LayoutBlockFlow {INPUT} at (56.66,3) size 13x13
        LayoutText {#text} at (72,2) size 33x17
          text run at (72,2) width 33: "Two "
        LayoutBlockFlow {INPUT} at (109.86,3) size 13x13
        LayoutText {#text} at (125,2) size 43x17
          text run at (125,2) width 43: "Three "
        LayoutBlockFlow {INPUT} at (172.16,3) size 13x13
        LayoutText {#text} at (188,2) size 27x17
          text run at (188,2) width 27: "One"
      LayoutBlockFlow (anonymous) at (0,72) size 784x36
        LayoutText {#text} at (0,0) size 779x35
          text run at (0,0) width 514: "The count of the # of elements in form 1 should be 2 and in form 2 should be 4. "
          text run at (513,0) width 266: "The count in form 1 is 2, and the count in"
          text run at (0,18) width 70: "form 2 is 4"
