layer at (0,0) size 800x600
  LayoutView at (0,0) size 800x600
layer at (0,0) size 800x600
  LayoutBlockFlow {HTML} at (0,0) size 800x600
    LayoutBlockFlow {BODY} at (8,8) size 784x584
      LayoutText {#text} at (0,0) size 685x17
        text run at (0,0) width 685: "In the selection list below, the text 'The label for this element is \"1\"' should appear, and not the character '1'"
      LayoutBR {BR} at (684,14) size 1x0
      LayoutMenuList {SELECT} at (0,18) size 202x20 [bgcolor=#FFFFFF] [border: (1px solid #A9A9A9)]
        LayoutBlockFlow (anonymous) at (1,1) size 200x18
          LayoutText (anonymous) at (4,1) size 177x16
            text run at (4,1) width 177: "the label for this element is \"1\""
      LayoutText {#text} at (0,0) size 0x0
