layer at (0,0) size 800x600
  LayoutView at (0,0) size 800x600
layer at (0,0) size 800x600
  LayoutBlockFlow {HTML} at (0,0) size 800x600
    LayoutBlockFlow {BODY} at (8,8) size 784x584
      LayoutBlockFlow {P} at (0,0) size 784x18
        LayoutText {#text} at (0,0) size 54x17
          text run at (0,0) width 54: "Test for "
        LayoutInline {A} at (0,0) size 68x17 [color=#0000EE]
          LayoutText {#text} at (53,0) size 68x17
            text run at (53,0) width 68: "bug 11534"
        LayoutText {#text} at (120,0) size 5x17
          text run at (120,0) width 5: "."
      LayoutBlockFlow {P} at (0,34) size 784x18
        LayoutText {#text} at (0,0) size 359x17
          text run at (0,0) width 359: "Readonly text fields don't scroll when selecting content."
      LayoutBlockFlow (anonymous) at (0,68) size 784x22
        LayoutTextControl {INPUT} at (0,0) size 173x22 [bgcolor=#FFFFFF] [border: (2px inset #EEEEEE)]
        LayoutText {#text} at (0,0) size 0x0
      LayoutBlockFlow {DIV} at (0,90) size 784x18
        LayoutText {#text} at (0,0) size 82x17
          text run at (0,0) width 82: "ScrollLeft: 0"
        LayoutBR {BR} at (81,14) size 1x0
layer at (10,79) size 169x16
  LayoutBlockFlow {DIV} at (2,3) size 169x16
    LayoutText {#text} at (0,0) size 164x16
      text run at (0,0) width 164: "abcdefghijklmnopqrstuvwxyz"
selection start: position 1 of child 0 {#text} of child 0 {DIV} of {#document-fragment} of child 5 {INPUT} of body
selection end:   position 26 of child 0 {#text} of child 0 {DIV} of {#document-fragment} of child 5 {INPUT} of body
