layer at (0,0) size 800x600
  LayoutView at (0,0) size 800x600
layer at (0,0) size 800x600
  LayoutBlockFlow {HTML} at (0,0) size 800x600
    LayoutBlockFlow {BODY} at (8,8) size 784x584
      LayoutBlockFlow {P} at (0,0) size 784x18
        LayoutText {#text} at (0,0) size 349x17
          text run at (0,0) width 349: "Focus the field, focus away, then focus the field again."
      LayoutBlockFlow {DIV} at (0,34) size 784x22
        LayoutTextControl {INPUT} at (0,0) size 173x22 [bgcolor=#FFFFFF] [border: (2px inset #EEEEEE)]
        LayoutText {#text} at (0,0) size 0x0
        LayoutText {#text} at (0,0) size 0x0
layer at (10,45) size 169x16
  LayoutBlockFlow {DIV} at (2,3) size 169x16 [color=#A9A9A9]
    LayoutText {#text} at (0,0) size 68x16
      text run at (0,0) width 68: "Placeholder"
layer at (10,45) size 169x16
  LayoutBlockFlow {DIV} at (2,3) size 169x16
caret: position 0 of child 1 {DIV} of {#document-fragment} of child 1 {INPUT} of child 3 {DIV} of body
