layer at (0,0) size 800x600
  LayoutView at (0,0) size 800x600
layer at (0,0) size 800x600
  LayoutBlockFlow {HTML} at (0,0) size 800x600
    LayoutBlockFlow {BODY} at (8,8) size 784x584
      LayoutText {#text} at (0,0) size 408x17
        text run at (0,0) width 408: "This tests that text can not be inserted into a disabled text field. "
      LayoutBR {BR} at (407,14) size 1x0
      LayoutTextControl {INPUT} at (0,18) size 173x22 [color=#545454] [bgcolor=#EBEBE4] [border: (2px inset #EEEEEE)]
      LayoutText {#text} at (0,0) size 0x0
layer at (10,29) size 169x16
  LayoutBlockFlow {DIV} at (2,3) size 169x16
    LayoutText {#text} at (0,0) size 72x16
      text run at (0,0) width 72: "Test Passed"
