layer at (0,0) size 800x600
  LayoutView at (0,0) size 800x600
layer at (0,0) size 800x600
  LayoutBlockFlow {HTML} at (0,0) size 800x600
    LayoutBlockFlow {BODY} at (8,8) size 784x584
      LayoutText {#text} at (0,0) size 466x17
        text run at (0,0) width 466: "This tests that the border of a readonly text field should appear dimmed. "
      LayoutBR {BR} at (465,14) size 1x0
      LayoutTextControl {INPUT} at (0,18) size 173x22 [bgcolor=#FFFFFF] [border: (2px inset #EEEEEE)]
      LayoutText {#text} at (0,0) size 0x0
layer at (10,29) size 169x16 scrollWidth 174
  LayoutBlockFlow {DIV} at (2,3) size 169x16
    LayoutText {#text} at (0,0) size 174x16
      text run at (0,0) width 174: "This border should be dimmed"
