layer at (0,0) size 800x600
  LayoutView at (0,0) size 800x600
layer at (0,0) size 800x600
  LayoutBlockFlow {HTML} at (0,0) size 800x600
    LayoutBlockFlow {BODY} at (8,8) size 784x584
      LayoutButton {INPUT} at (0,9) size 40.45x12 [bgcolor=#C0C0C0] [border: (2px outset #C0C0C0)]
        LayoutBlockFlow (anonymous) at (8,3) size 24.45x6
          LayoutText {#text} at (0,0) size 25x6
            text run at (0,0) width 25: "Test Button"
      LayoutText {#text} at (40,3) size 5x17
        text run at (40,3) width 5: " "
      LayoutButton {INPUT} at (44.45,9) size 46.34x12 [bgcolor=#C0C0C0] [border: (2px outset #C0C0C0)]
        LayoutBlockFlow (anonymous) at (8,3) size 30.34x6
          LayoutText {#text} at (0,0) size 31x6
            text run at (0,0) width 31: "Test Button"
      LayoutText {#text} at (90,3) size 5x17
        text run at (90,3) width 5: " "
      LayoutButton {INPUT} at (94.80,8) size 53.23x13 [bgcolor=#C0C0C0] [border: (2px outset #C0C0C0)]
        LayoutBlockFlow (anonymous) at (8,3) size 37.23x7
          LayoutText {#text} at (0,0) size 38x7
            text run at (0,0) width 38: "Test Button"
      LayoutText {#text} at (148,3) size 5x17
        text run at (148,3) width 5: " "
      LayoutButton {INPUT} at (152.03,6) size 53.13x16 [bgcolor=#C0C0C0] [border: (2px outset #C0C0C0)]
        LayoutBlockFlow (anonymous) at (8,3) size 37.13x10
          LayoutText {#text} at (0,0) size 38x10
            text run at (0,0) width 38: "Test Button"
      LayoutText {#text} at (205,3) size 5x17
        text run at (205,3) width 5: " "
      LayoutButton {INPUT} at (209.16,5) size 63.02x18 [bgcolor=#C0C0C0] [border: (2px outset #C0C0C0)]
        LayoutBlockFlow (anonymous) at (8,3) size 47.02x12
          LayoutText {#text} at (0,0) size 47x12
            text run at (0,0) width 47: "Test Button"
      LayoutText {#text} at (272,3) size 5x17
        text run at (272,3) width 5: " "
      LayoutButton {INPUT} at (276.17,4) size 68.91x19 [bgcolor=#C0C0C0] [border: (2px outset #C0C0C0)]
        LayoutBlockFlow (anonymous) at (8,3) size 52.91x13
          LayoutText {#text} at (0,0) size 53x13
            text run at (0,0) width 53: "Test Button"
      LayoutText {#text} at (345,3) size 5x17
        text run at (345,3) width 5: " "
      LayoutButton {INPUT} at (349.08,3) size 69.78x20 [bgcolor=#C0C0C0] [border: (2px outset #C0C0C0)]
        LayoutBlockFlow (anonymous) at (8,3) size 53.78x14
          LayoutText {#text} at (0,0) size 54x14
            text run at (0,0) width 54: "Test Button"
      LayoutText {#text} at (418,3) size 5x17
        text run at (418,3) width 5: " "
      LayoutButton {INPUT} at (422.86,2) size 76.67x21 [bgcolor=#C0C0C0] [border: (2px outset #C0C0C0)]
        LayoutBlockFlow (anonymous) at (8,3) size 60.67x15
          LayoutText {#text} at (0,0) size 61x15
            text run at (0,0) width 61: "Test Button"
      LayoutText {#text} at (499,3) size 5x17
        text run at (499,3) width 5: " "
      LayoutButton {INPUT} at (503.53,1) size 81.56x22 [bgcolor=#C0C0C0] [border: (2px outset #C0C0C0)]
        LayoutBlockFlow (anonymous) at (8,3) size 65.56x16
          LayoutText {#text} at (0,0) size 66x16
            text run at (0,0) width 66: "Test Button"
      LayoutText {#text} at (585,3) size 5x17
        text run at (585,3) width 5: " "
      LayoutButton {INPUT} at (589.09,1) size 87.45x22 [bgcolor=#C0C0C0] [border: (2px outset #C0C0C0)]
        LayoutBlockFlow (anonymous) at (8,3) size 71.45x16
          LayoutText {#text} at (0,0) size 72x16
            text run at (0,0) width 72: "Test Button"
      LayoutText {#text} at (676,3) size 5x17
        text run at (676,3) width 5: " "
      LayoutButton {INPUT} at (680.55,0) size 89.34x23 [bgcolor=#C0C0C0] [border: (2px outset #C0C0C0)]
        LayoutBlockFlow (anonymous) at (8,3) size 73.34x17
          LayoutText {#text} at (0,0) size 74x17
            text run at (0,0) width 74: "Test Button"
      LayoutText {#text} at (769,3) size 5x17
        text run at (769,3) width 5: " "
      LayoutButton {INPUT} at (0,28) size 96.05x24 [bgcolor=#C0C0C0] [border: (2px outset #C0C0C0)]
        LayoutBlockFlow (anonymous) at (8,3) size 80.05x18
          LayoutText {#text} at (0,0) size 81x17
            text run at (0,0) width 81: "Test Button"
      LayoutText {#text} at (96,31) size 5x17
        text run at (96,31) width 5: " "
      LayoutButton {INPUT} at (100.05,27) size 101.06x26 [bgcolor=#C0C0C0] [border: (2px outset #C0C0C0)]
        LayoutBlockFlow (anonymous) at (8,3) size 85.06x20
          LayoutText {#text} at (0,0) size 86x19
            text run at (0,0) width 86: "Test Button"
      LayoutText {#text} at (201,31) size 5x17
        text run at (201,31) width 5: " "
      LayoutButton {INPUT} at (205.11,26) size 106.06x27 [bgcolor=#C0C0C0] [border: (2px outset #C0C0C0)]
        LayoutBlockFlow (anonymous) at (8,3) size 90.06x21
          LayoutText {#text} at (0,0) size 91x20
            text run at (0,0) width 91: "Test Button"
      LayoutText {#text} at (311,31) size 5x17
        text run at (311,31) width 5: " "
      LayoutButton {INPUT} at (315.17,25) size 111.06x28 [bgcolor=#C0C0C0] [border: (2px outset #C0C0C0)]
        LayoutBlockFlow (anonymous) at (8,3) size 95.06x22
          LayoutText {#text} at (0,0) size 96x21
            text run at (0,0) width 96: "Test Button"
      LayoutText {#text} at (426,31) size 5x17
        text run at (426,31) width 5: " "
      LayoutButton {INPUT} at (430.23,24) size 116.06x29 [bgcolor=#C0C0C0] [border: (2px outset #C0C0C0)]
        LayoutBlockFlow (anonymous) at (8,3) size 100.06x23
          LayoutText {#text} at (0,0) size 101x22
            text run at (0,0) width 101: "Test Button"
      LayoutText {#text} at (546,31) size 5x17
        text run at (546,31) width 5: " "
      LayoutButton {INPUT} at (550.30,23) size 121.06x30 [bgcolor=#C0C0C0] [border: (2px outset #C0C0C0)]
        LayoutBlockFlow (anonymous) at (8,3) size 105.06x24
          LayoutText {#text} at (0,0) size 106x23
            text run at (0,0) width 106: "Test Button"
      LayoutText {#text} at (0,0) size 0x0
