layer at (0,0) size 800x600
  LayoutView at (0,0) size 800x600
layer at (0,0) size 800x600
  LayoutBlockFlow {HTML} at (0,0) size 800x600
    LayoutBlockFlow {BODY} at (8,8) size 784x576
      LayoutBlockFlow (anonymous) at (0,0) size 784x18
        LayoutText {#text} at (0,0) size 781x17
          text run at (0,0) width 781: "This tests the height attribute of form elements. The only element that should honour this value is the Image type of input."
      LayoutBlockFlow {FORM} at (0,18) size 784x261
        LayoutText {#text} at (0,2) size 37x17
          text run at (0,2) width 37: "input "
        LayoutTextControl {INPUT} at (36.89,0) size 173x22 [bgcolor=#FFFFFF] [border: (2px inset #EEEEEE)]
        LayoutText {#text} at (209,2) size 5x17
          text run at (209,2) width 5: " "
        LayoutBR {BR} at (213,16) size 1x0
        LayoutText {#text} at (0,24) size 28x17
          text run at (0,24) width 28: "text "
        LayoutTextControl {INPUT} at (27.98,22) size 173x22 [bgcolor=#FFFFFF] [border: (2px inset #EEEEEE)]
        LayoutText {#text} at (200,24) size 5x17
          text run at (200,24) width 5: " "
        LayoutBR {BR} at (204,38) size 1x0
        LayoutText {#text} at (0,46) size 66x17
          text run at (0,46) width 66: "checkbox "
        LayoutBlockFlow {INPUT} at (69.30,47) size 13x13
        LayoutText {#text} at (85,46) size 5x17
          text run at (85,46) width 5: " "
        LayoutBR {BR} at (89,60) size 1x0
        LayoutText {#text} at (0,66) size 26x17
          text run at (0,66) width 26: "file "
        LayoutFileUploadControl {INPUT} at (25.31,64) size 238x22 "No file chosen"
          LayoutButton {INPUT} at (0,0) size 85x22 [bgcolor=#C0C0C0] [border: (2px outset #C0C0C0)]
            LayoutBlockFlow (anonymous) at (8,3) size 69x16
              LayoutText {#text} at (0,0) size 69x16
                text run at (0,0) width 69: "Choose File"
        LayoutText {#text} at (263,66) size 5x17
          text run at (263,66) width 5: " "
        LayoutBR {BR} at (267,80) size 1x0
        LayoutText {#text} at (0,86) size 44x17
          text run at (0,86) width 44: "image "
        LayoutImage {INPUT} at (43.09,99) size 10x1
        LayoutText {#text} at (53,86) size 5x17
          text run at (53,86) width 5: " "
        LayoutBR {BR} at (57,100) size 1x0
        LayoutText {#text} at (0,106) size 37x17
          text run at (0,106) width 37: "radio "
        LayoutBlockFlow {INPUT} at (41.88,107) size 13x13
        LayoutText {#text} at (57,106) size 5x17
          text run at (57,106) width 5: " "
        LayoutBR {BR} at (61,120) size 1x0
        LayoutText {#text} at (0,133) size 40x17
          text run at (0,133) width 40: "range "
        LayoutSlider {INPUT} at (41.53,126) size 129x21 [color=#C4C4C4] [bgcolor=#FFFFFF]
          LayoutFlexibleBox {DIV} at (0,0) size 129x21
            LayoutBlockFlow {DIV} at (0,0) size 129x21
              LayoutBlockFlow {DIV} at (59,0) size 11x21
        LayoutText {#text} at (172,133) size 5x17
          text run at (172,133) width 5: " "
        LayoutBR {BR} at (176,147) size 1x0
        LayoutText {#text} at (0,153) size 35x17
          text run at (0,153) width 35: "reset "
        LayoutButton {INPUT} at (34.20,151) size 50x22 [bgcolor=#C0C0C0] [border: (2px outset #C0C0C0)]
          LayoutBlockFlow (anonymous) at (8,3) size 34x16
            LayoutText {#text} at (0,0) size 34x16
              text run at (0,0) width 34: "Reset"
        LayoutText {#text} at (84,153) size 5x17
          text run at (84,153) width 5: " "
        LayoutBR {BR} at (88,167) size 1x0
        LayoutText {#text} at (0,175) size 48x17
          text run at (0,175) width 48: "submit "
        LayoutButton {INPUT} at (47.56,173) size 57x22 [bgcolor=#C0C0C0] [border: (2px outset #C0C0C0)]
          LayoutBlockFlow (anonymous) at (8,3) size 41x16
            LayoutText {#text} at (0,0) size 41x16
              text run at (0,0) width 41: "Submit"
        LayoutText {#text} at (104,175) size 5x17
          text run at (104,175) width 5: " "
        LayoutBR {BR} at (108,189) size 1x0
        LayoutText {#text} at (0,197) size 51x17
          text run at (0,197) width 51: "isindex "
        LayoutTextControl {INPUT} at (50.22,195) size 175x22 [bgcolor=#FFFFFF] [border: (2px inset #EEEEEE)]
        LayoutText {#text} at (225,197) size 5x17
          text run at (225,197) width 5: " "
        LayoutBR {BR} at (229,211) size 1x0
        LayoutText {#text} at (0,219) size 65x17
          text run at (0,219) width 65: "password "
        LayoutTextControl {INPUT} at (64.44,217) size 173x22 [bgcolor=#FFFFFF] [border: (2px inset #EEEEEE)]
        LayoutText {#text} at (237,219) size 5x17
          text run at (237,219) width 5: " "
        LayoutBR {BR} at (241,233) size 1x0
        LayoutText {#text} at (0,241) size 45x17
          text run at (0,241) width 45: "search "
        LayoutTextControl {INPUT} at (44.86,239) size 175x22 [bgcolor=#FFFFFF] [border: (2px inset #EEEEEE)]
          LayoutFlexibleBox {DIV} at (3,3) size 169x16
            LayoutBlockFlow {DIV} at (0,2.50) size 1x11
            LayoutBlockFlow {DIV} at (1,0) size 155x16
        LayoutText {#text} at (0,0) size 0x0
layer at (47,29) size 169x16
  LayoutBlockFlow {DIV} at (2,3) size 169x16
layer at (38,51) size 169x16
  LayoutBlockFlow {DIV} at (2,3) size 169x16
layer at (61,224) size 169x16
  LayoutBlockFlow {DIV} at (3,3) size 169x16
layer at (74,246) size 169x16
  LayoutBlockFlow {DIV} at (2,3) size 169x16
layer at (57,268) size 155x16
  LayoutBlockFlow {DIV} at (0,0) size 155x16
layer at (213,272) size 9x9 transparent
  LayoutBlockFlow {DIV} at (157,3.50) size 9x9
