layer at (0,0) size 800x600
  LayoutView at (0,0) size 800x600
layer at (0,0) size 800x600
  LayoutBlockFlow {HTML} at (0,0) size 800x600
    LayoutBlockFlow {BODY} at (8,8) size 784x584
      LayoutBR {BR} at (0,0) size 0x17
      LayoutText {#text} at (0,18) size 682x17
        text run at (0,18) width 682: "This tests that preventDefault called onmousedown will prevent a caret from being placed in the text field."
      LayoutText {#text} at (0,0) size 0x0
      LayoutText {#text} at (0,0) size 0x0
layer at (10,50) size 173x22
  LayoutTextControl (positioned) {INPUT} at (10,50) size 173x22 [bgcolor=#FFFFFF] [border: (2px inset #EEEEEE)]
layer at (12,53) size 169x16
  LayoutBlockFlow {DIV} at (2,3) size 169x16
    LayoutText {#text} at (0,0) size 138x16
      text run at (0,0) width 138: "No caret should be here"
layer at (10,70) size 328x36
  LayoutBlockFlow (positioned) {DIV} at (10,70) size 327.63x36
    LayoutBR {BR} at (0,0) size 0x17
    LayoutText {#text} at (0,18) size 328x17
      text run at (0,18) width 328: "mousedown on target [object HTMLInputElement]"
