layer at (0,0) size 800x600
  LayoutView at (0,0) size 800x600
layer at (0,0) size 800x462
  LayoutBlockFlow {HTML} at (0,0) size 800x462
    LayoutBlockFlow {BODY} at (8,8) size 784x446
      LayoutBlockFlow (anonymous) at (0,0) size 784x36
        LayoutText {#text} at (0,0) size 615x17
          text run at (0,0) width 615: "This test verifies the visual alignment of items in a select element while changing text direction."
        LayoutBR {BR} at (614,0) size 1x17
        LayoutText {#text} at (0,18) size 438x17
          text run at (0,18) width 438: "All the items in the following select elements should be left-aligned."
      LayoutTable {TABLE} at (0,36) size 694x118
        LayoutTableSection {TBODY} at (0,0) size 694x118
          LayoutTableRow {TR} at (0,2) size 694x56
            LayoutTableCell {TD} at (2,2) size 168x56 [r=0 c=0 rs=1 cs=1]
            LayoutTableCell {TD} at (172,2) size 174x56 [r=0 c=1 rs=1 cs=1]
            LayoutTableCell {TD} at (348,2) size 168x56 [r=0 c=2 rs=1 cs=1]
            LayoutTableCell {TD} at (518,2) size 174x56 [r=0 c=3 rs=1 cs=1]
          LayoutTableRow {TR} at (0,60) size 694x56
            LayoutTableCell {TD} at (2,60) size 168x56 [r=1 c=0 rs=1 cs=1]
            LayoutTableCell {TD} at (172,60) size 174x56 [r=1 c=1 rs=1 cs=1]
      LayoutBlockFlow (anonymous) at (0,154) size 784x18
        LayoutText {#text} at (0,0) size 447x17
          text run at (0,0) width 447: "All the items in the following select elements should be right-aligned."
      LayoutTable {TABLE} at (0,172) size 684x118
        LayoutTableSection {TBODY} at (0,0) size 684x118
          LayoutTableRow {TR} at (0,2) size 684x56
            LayoutTableCell {TD} at (2,2) size 176x56 [r=0 c=0 rs=1 cs=1]
            LayoutTableCell {TD} at (180,2) size 161x56 [r=0 c=1 rs=1 cs=1]
            LayoutTableCell {TD} at (343,2) size 176x56 [r=0 c=2 rs=1 cs=1]
            LayoutTableCell {TD} at (521,2) size 161x56 [r=0 c=3 rs=1 cs=1]
          LayoutTableRow {TR} at (0,60) size 684x56
            LayoutTableCell {TD} at (2,60) size 176x56 [r=1 c=0 rs=1 cs=1]
            LayoutTableCell {TD} at (180,60) size 161x56 [r=1 c=1 rs=1 cs=1]
      LayoutBlockFlow (anonymous) at (0,290) size 784x18
        LayoutText {#text} at (0,0) size 456x17
          text run at (0,0) width 456: "All the items in the following select elements should be center-aligned."
      LayoutTable {TABLE} at (0,308) size 728x60
        LayoutTableSection {TBODY} at (0,0) size 728x60
          LayoutTableRow {TR} at (0,2) size 728x56
            LayoutTableCell {TD} at (2,2) size 187x56 [r=0 c=0 rs=1 cs=1]
            LayoutTableCell {TD} at (191,2) size 172x56 [r=0 c=1 rs=1 cs=1]
            LayoutTableCell {TD} at (365,2) size 187x56 [r=0 c=2 rs=1 cs=1]
            LayoutTableCell {TD} at (554,2) size 172x56 [r=0 c=3 rs=1 cs=1]
      LayoutBlockFlow (anonymous) at (0,368) size 784x18
        LayoutText {#text} at (0,0) size 296x17
          text run at (0,0) width 296: "The following tables check mixed alignments."
      LayoutTable {TABLE} at (0,386) size 778x60
        LayoutTableSection {TBODY} at (0,0) size 778x60
          LayoutTableRow {TR} at (0,2) size 778x56
            LayoutTableCell {TD} at (2,2) size 181x56 [r=0 c=0 rs=1 cs=1]
            LayoutTableCell {TD} at (185,2) size 181x56 [r=0 c=1 rs=1 cs=1]
            LayoutTableCell {TD} at (368,2) size 203x56 [r=0 c=2 rs=1 cs=1]
            LayoutTableCell {TD} at (573,2) size 203x56 [r=0 c=3 rs=1 cs=1]
layer at (11,47) size 166x53 clip at (12,48) size 149x51
  LayoutListBox {SELECT} at (1,1) size 166x53 [bgcolor=#FFFFFF] [border: (1px solid #A9A9A9)]
    LayoutBlockFlow {OPTION} at (1,1) size 149x17
      LayoutText {#text} at (2,0) size 129x16
        text run at (2,0) width 129: "This is an English text"
    LayoutBlockFlow {OPTION} at (1,18) size 149x17
      LayoutText {#text} at (2,0) size 145x16
        text run at (2,0) width 145: "It needs to be left aligned"
    LayoutBlockFlow {OPTION} at (1,35) size 149x17
      LayoutText {#text} at (2,0) size 93x16
        text run at (2,0) width 93: "Some more text"
layer at (181,47) size 172x53 clip at (182,48) size 155x51
  LayoutListBox {SELECT} at (1,1) size 172x53 [bgcolor=#FFFFFF] [border: (1px solid #A9A9A9)]
    LayoutBlockFlow {OPTION} at (1,1) size 155x17
      LayoutText {#text} at (2,0) size 90x16
        text run at (2,0) width 90 RTL: "\x{5D6}\x{5D4} \x{5D8}\x{5E7}\x{5E1}\x{5D8} \x{5D1}\x{5E2}\x{5D1}\x{5E8}\x{5D9}\x{5EA}"
    LayoutBlockFlow {OPTION} at (1,18) size 155x17
      LayoutText {#text} at (2,0) size 151x16
        text run at (2,0) width 151 RTL: "\x{5D4}\x{5D5}\x{5D0} \x{5E6}\x{5E8}\x{5D9}\x{5DA} \x{5DC}\x{5D4}\x{5D9}\x{5D5}\x{5EA} \x{5DE}\x{5D9}\x{5D5}\x{5E9}\x{5E8} \x{5DC}\x{5E9}\x{5DE}\x{5D0}\x{5DC}"
    LayoutBlockFlow {OPTION} at (1,35) size 155x17
      LayoutText {#text} at (2,0) size 82x16
        text run at (2,0) width 82 RTL: "\x{5D9}\x{5E9}\x{5E8}\x{5D0}\x{5DC} \x{5DE}\x{5EA}\x{5D9}\x{5D9}\x{5D1}\x{5E9}\x{5EA}"
layer at (357,47) size 166x53 clip at (373,48) size 149x51
  LayoutListBox {SELECT} at (1,1) size 166x53 [bgcolor=#FFFFFF] [border: (1px solid #A9A9A9)]
    LayoutBlockFlow {OPTION} at (16,1) size 149x17
      LayoutText {#text} at (2,0) size 129x16
        text run at (2,0) width 129: "This is an English text"
    LayoutBlockFlow {OPTION} at (16,18) size 149x17
      LayoutText {#text} at (2,0) size 145x16
        text run at (2,0) width 145: "It needs to be left aligned"
    LayoutBlockFlow {OPTION} at (16,35) size 149x17
      LayoutText {#text} at (2,0) size 93x16
        text run at (2,0) width 93: "Some more text"
layer at (527,47) size 172x53 clip at (543,48) size 155x51
  LayoutListBox {SELECT} at (1,1) size 172x53 [bgcolor=#FFFFFF] [border: (1px solid #A9A9A9)]
    LayoutBlockFlow {OPTION} at (16,1) size 155x17
      LayoutText {#text} at (2,0) size 90x16
        text run at (2,0) width 90 RTL: "\x{5D6}\x{5D4} \x{5D8}\x{5E7}\x{5E1}\x{5D8} \x{5D1}\x{5E2}\x{5D1}\x{5E8}\x{5D9}\x{5EA}"
    LayoutBlockFlow {OPTION} at (16,18) size 155x17
      LayoutText {#text} at (2,0) size 151x16
        text run at (2,0) width 151 RTL: "\x{5D4}\x{5D5}\x{5D0} \x{5E6}\x{5E8}\x{5D9}\x{5DA} \x{5DC}\x{5D4}\x{5D9}\x{5D5}\x{5EA} \x{5DE}\x{5D9}\x{5D5}\x{5E9}\x{5E8} \x{5DC}\x{5E9}\x{5DE}\x{5D0}\x{5DC}"
    LayoutBlockFlow {OPTION} at (16,35) size 155x17
      LayoutText {#text} at (2,0) size 82x16
        text run at (2,0) width 82 RTL: "\x{5D9}\x{5E9}\x{5E8}\x{5D0}\x{5DC} \x{5DE}\x{5EA}\x{5D9}\x{5D9}\x{5D1}\x{5E9}\x{5EA}"
layer at (11,105) size 166x53 clip at (12,106) size 149x51
  LayoutListBox {SELECT} at (1,1) size 166x53 [bgcolor=#FFFFFF] [border: (1px solid #A9A9A9)]
    LayoutBlockFlow {OPTION} at (1,1) size 149x17
      LayoutText {#text} at (2,0) size 129x16
        text run at (2,0) width 129: "This is an English text"
    LayoutBlockFlow {OPTION} at (1,18) size 149x17
      LayoutText {#text} at (2,0) size 145x16
        text run at (2,0) width 145: "It needs to be left aligned"
    LayoutBlockFlow {OPTION} at (1,35) size 149x17
      LayoutText {#text} at (2,0) size 93x16
        text run at (2,0) width 93: "Some more text"
layer at (181,105) size 172x53 clip at (182,106) size 155x51
  LayoutListBox {SELECT} at (1,1) size 172x53 [bgcolor=#FFFFFF] [border: (1px solid #A9A9A9)]
    LayoutBlockFlow {OPTION} at (1,1) size 155x17
      LayoutText {#text} at (2,0) size 90x16
        text run at (2,0) width 90 RTL: "\x{5D6}\x{5D4} \x{5D8}\x{5E7}\x{5E1}\x{5D8} \x{5D1}\x{5E2}\x{5D1}\x{5E8}\x{5D9}\x{5EA}"
    LayoutBlockFlow {OPTION} at (1,18) size 155x17
      LayoutText {#text} at (2,0) size 151x16
        text run at (2,0) width 151 RTL: "\x{5D4}\x{5D5}\x{5D0} \x{5E6}\x{5E8}\x{5D9}\x{5DA} \x{5DC}\x{5D4}\x{5D9}\x{5D5}\x{5EA} \x{5DE}\x{5D9}\x{5D5}\x{5E9}\x{5E8} \x{5DC}\x{5E9}\x{5DE}\x{5D0}\x{5DC}"
    LayoutBlockFlow {OPTION} at (1,35) size 155x17
      LayoutText {#text} at (2,0) size 82x16
        text run at (2,0) width 82 RTL: "\x{5D9}\x{5E9}\x{5E8}\x{5D0}\x{5DC} \x{5DE}\x{5EA}\x{5D9}\x{5D9}\x{5D1}\x{5E9}\x{5EA}"
layer at (11,183) size 174x53 clip at (27,184) size 157x51
  LayoutListBox {SELECT} at (1,1) size 174x53 [bgcolor=#FFFFFF] [border: (1px solid #A9A9A9)]
    LayoutBlockFlow {OPTION} at (16,1) size 157x17
      LayoutText {#text} at (26,0) size 129x16
        text run at (26,0) width 129: "This is an English text"
    LayoutBlockFlow {OPTION} at (16,18) size 157x17
      LayoutText {#text} at (2,0) size 153x16
        text run at (2,0) width 153: "It needs to be right aligned"
    LayoutBlockFlow {OPTION} at (16,35) size 157x17
      LayoutText {#text} at (62,0) size 93x16
        text run at (62,0) width 93: "Some more text"
layer at (189,183) size 159x53 clip at (205,184) size 142x51
  LayoutListBox {SELECT} at (1,1) size 159x53 [bgcolor=#FFFFFF] [border: (1px solid #A9A9A9)]
    LayoutBlockFlow {OPTION} at (16,1) size 142x17
      LayoutText {#text} at (50,0) size 90x16
        text run at (50,0) width 90 RTL: "\x{5D6}\x{5D4} \x{5D8}\x{5E7}\x{5E1}\x{5D8} \x{5D1}\x{5E2}\x{5D1}\x{5E8}\x{5D9}\x{5EA}"
    LayoutBlockFlow {OPTION} at (16,18) size 142x17
      LayoutText {#text} at (2,0) size 138x16
        text run at (2,0) width 138 RTL: "\x{5D4}\x{5D5}\x{5D0} \x{5E6}\x{5E8}\x{5D9}\x{5DA} \x{5DC}\x{5D4}\x{5D9}\x{5D5}\x{5EA} \x{5DE}\x{5D9}\x{5D5}\x{5E9}\x{5E8} \x{5DC}\x{5D9}\x{5DE}\x{5D9}\x{5DF}"
    LayoutBlockFlow {OPTION} at (16,35) size 142x17
      LayoutText {#text} at (58,0) size 82x16
        text run at (58,0) width 82 RTL: "\x{5D9}\x{5E9}\x{5E8}\x{5D0}\x{5DC} \x{5DE}\x{5EA}\x{5D9}\x{5D9}\x{5D1}\x{5E9}\x{5EA}"
layer at (352,183) size 174x53 clip at (368,184) size 157x51
  LayoutListBox {SELECT} at (1,1) size 174x53 [bgcolor=#FFFFFF] [border: (1px solid #A9A9A9)]
    LayoutBlockFlow {OPTION} at (16,1) size 157x17
      LayoutText {#text} at (26,0) size 129x16
        text run at (26,0) width 129: "This is an English text"
    LayoutBlockFlow {OPTION} at (16,18) size 157x17
      LayoutText {#text} at (2,0) size 153x16
        text run at (2,0) width 153: "It needs to be right aligned"
    LayoutBlockFlow {OPTION} at (16,35) size 157x17
      LayoutText {#text} at (62,0) size 93x16
        text run at (62,0) width 93: "Some more text"
layer at (530,183) size 159x53 clip at (546,184) size 142x51
  LayoutListBox {SELECT} at (1,1) size 159x53 [bgcolor=#FFFFFF] [border: (1px solid #A9A9A9)]
    LayoutBlockFlow {OPTION} at (16,1) size 142x17
      LayoutText {#text} at (50,0) size 90x16
        text run at (50,0) width 90 RTL: "\x{5D6}\x{5D4} \x{5D8}\x{5E7}\x{5E1}\x{5D8} \x{5D1}\x{5E2}\x{5D1}\x{5E8}\x{5D9}\x{5EA}"
    LayoutBlockFlow {OPTION} at (16,18) size 142x17
      LayoutText {#text} at (2,0) size 138x16
        text run at (2,0) width 138 RTL: "\x{5D4}\x{5D5}\x{5D0} \x{5E6}\x{5E8}\x{5D9}\x{5DA} \x{5DC}\x{5D4}\x{5D9}\x{5D5}\x{5EA} \x{5DE}\x{5D9}\x{5D5}\x{5E9}\x{5E8} \x{5DC}\x{5D9}\x{5DE}\x{5D9}\x{5DF}"
    LayoutBlockFlow {OPTION} at (16,35) size 142x17
      LayoutText {#text} at (58,0) size 82x16
        text run at (58,0) width 82 RTL: "\x{5D9}\x{5E9}\x{5E8}\x{5D0}\x{5DC} \x{5DE}\x{5EA}\x{5D9}\x{5D9}\x{5D1}\x{5E9}\x{5EA}"
layer at (11,241) size 174x53 clip at (12,242) size 157x51
  LayoutListBox {SELECT} at (1,1) size 174x53 [bgcolor=#FFFFFF] [border: (1px solid #A9A9A9)]
    LayoutBlockFlow {OPTION} at (1,1) size 157x17
      LayoutText {#text} at (26,0) size 129x16
        text run at (26,0) width 129: "This is an English text"
    LayoutBlockFlow {OPTION} at (1,18) size 157x17
      LayoutText {#text} at (2,0) size 153x16
        text run at (2,0) width 153: "It needs to be right aligned"
    LayoutBlockFlow {OPTION} at (1,35) size 157x17
      LayoutText {#text} at (62,0) size 93x16
        text run at (62,0) width 93: "Some more text"
layer at (189,241) size 159x53 clip at (190,242) size 142x51
  LayoutListBox {SELECT} at (1,1) size 159x53 [bgcolor=#FFFFFF] [border: (1px solid #A9A9A9)]
    LayoutBlockFlow {OPTION} at (1,1) size 142x17
      LayoutText {#text} at (50,0) size 90x16
        text run at (50,0) width 90 RTL: "\x{5D6}\x{5D4} \x{5D8}\x{5E7}\x{5E1}\x{5D8} \x{5D1}\x{5E2}\x{5D1}\x{5E8}\x{5D9}\x{5EA}"
    LayoutBlockFlow {OPTION} at (1,18) size 142x17
      LayoutText {#text} at (2,0) size 138x16
        text run at (2,0) width 138 RTL: "\x{5D4}\x{5D5}\x{5D0} \x{5E6}\x{5E8}\x{5D9}\x{5DA} \x{5DC}\x{5D4}\x{5D9}\x{5D5}\x{5EA} \x{5DE}\x{5D9}\x{5D5}\x{5E9}\x{5E8} \x{5DC}\x{5D9}\x{5DE}\x{5D9}\x{5DF}"
    LayoutBlockFlow {OPTION} at (1,35) size 142x17
      LayoutText {#text} at (58,0) size 82x16
        text run at (58,0) width 82 RTL: "\x{5D9}\x{5E9}\x{5E8}\x{5D0}\x{5DC} \x{5DE}\x{5EA}\x{5D9}\x{5D9}\x{5D1}\x{5E9}\x{5EA}"
layer at (11,319) size 185x53 clip at (27,320) size 168x51
  LayoutListBox {SELECT} at (1,1) size 185x53 [bgcolor=#FFFFFF] [border: (1px solid #A9A9A9)]
    LayoutBlockFlow {OPTION} at (16,1) size 168x17
      LayoutText {#text} at (19,0) size 130x16
        text run at (19,0) width 130: "This is an English text"
    LayoutBlockFlow {OPTION} at (16,18) size 168x17
      LayoutText {#text} at (2,0) size 164x16
        text run at (2,0) width 164: "It needs to be center aligned"
    LayoutBlockFlow {OPTION} at (16,35) size 168x17
      LayoutText {#text} at (37,0) size 94x16
        text run at (37,0) width 94: "Some more text"
layer at (200,319) size 170x53 clip at (216,320) size 153x51
  LayoutListBox {SELECT} at (1,1) size 170x53 [bgcolor=#FFFFFF] [border: (1px solid #A9A9A9)]
    LayoutBlockFlow {OPTION} at (16,1) size 153x17
      LayoutText {#text} at (31,0) size 91x16
        text run at (31,0) width 91 RTL: "\x{5D6}\x{5D4} \x{5D8}\x{5E7}\x{5E1}\x{5D8} \x{5D1}\x{5E2}\x{5D1}\x{5E8}\x{5D9}\x{5EA}"
    LayoutBlockFlow {OPTION} at (16,18) size 153x17
      LayoutText {#text} at (2,0) size 149x16
        text run at (2,0) width 149 RTL: "\x{5D4}\x{5D5}\x{5D0} \x{5E6}\x{5E8}\x{5D9}\x{5DA} \x{5DC}\x{5D4}\x{5D9}\x{5D5}\x{5EA} \x{5DE}\x{5D9}\x{5D5}\x{5E9}\x{5E8} \x{5DC}\x{5D0}\x{5DE}\x{5E6}\x{5E2}"
    LayoutBlockFlow {OPTION} at (16,35) size 153x17
      LayoutText {#text} at (35,0) size 83x16
        text run at (35,0) width 83 RTL: "\x{5D9}\x{5E9}\x{5E8}\x{5D0}\x{5DC} \x{5DE}\x{5EA}\x{5D9}\x{5D9}\x{5D1}\x{5E9}\x{5EA}"
layer at (374,319) size 185x53 clip at (375,320) size 168x51
  LayoutListBox {SELECT} at (1,1) size 185x53 [bgcolor=#FFFFFF] [border: (1px solid #A9A9A9)]
    LayoutBlockFlow {OPTION} at (1,1) size 168x17
      LayoutText {#text} at (19,0) size 130x16
        text run at (19,0) width 130: "This is an English text"
    LayoutBlockFlow {OPTION} at (1,18) size 168x17
      LayoutText {#text} at (2,0) size 164x16
        text run at (2,0) width 164: "It needs to be center aligned"
    LayoutBlockFlow {OPTION} at (1,35) size 168x17
      LayoutText {#text} at (37,0) size 94x16
        text run at (37,0) width 94: "Some more text"
layer at (563,319) size 170x53 clip at (564,320) size 153x51
  LayoutListBox {SELECT} at (1,1) size 170x53 [bgcolor=#FFFFFF] [border: (1px solid #A9A9A9)]
    LayoutBlockFlow {OPTION} at (1,1) size 153x17
      LayoutText {#text} at (31,0) size 91x16
        text run at (31,0) width 91 RTL: "\x{5D6}\x{5D4} \x{5D8}\x{5E7}\x{5E1}\x{5D8} \x{5D1}\x{5E2}\x{5D1}\x{5E8}\x{5D9}\x{5EA}"
    LayoutBlockFlow {OPTION} at (1,18) size 153x17
      LayoutText {#text} at (2,0) size 149x16
        text run at (2,0) width 149 RTL: "\x{5D4}\x{5D5}\x{5D0} \x{5E6}\x{5E8}\x{5D9}\x{5DA} \x{5DC}\x{5D4}\x{5D9}\x{5D5}\x{5EA} \x{5DE}\x{5D9}\x{5D5}\x{5E9}\x{5E8} \x{5DC}\x{5D0}\x{5DE}\x{5E6}\x{5E2}"
    LayoutBlockFlow {OPTION} at (1,35) size 153x17
      LayoutText {#text} at (35,0) size 83x16
        text run at (35,0) width 83 RTL: "\x{5D9}\x{5E9}\x{5E8}\x{5D0}\x{5DC} \x{5DE}\x{5EA}\x{5D9}\x{5D9}\x{5D1}\x{5E9}\x{5EA}"
layer at (11,397) size 179x53 clip at (27,398) size 162x51
  LayoutListBox {SELECT} at (1,1) size 179x53 [bgcolor=#FFFFFF] [border: (1px solid #A9A9A9)]
    LayoutBlockFlow {OPTION} at (16,1) size 162x17
      LayoutText {#text} at (2,0) size 158x16
        text run at (2,0) width 158: "This should be right aligned"
    LayoutBlockFlow {OPTION} at (16,18) size 162x17
      LayoutText {#text} at (2,0) size 150x16
        text run at (2,0) width 150: "This should be left aligned"
    LayoutBlockFlow {OPTION} at (16,35) size 162x17
      LayoutText {#text} at (39,0) size 84x16
        text run at (39,0) width 84: "Center aligned"
layer at (194,397) size 179x53 clip at (195,398) size 162x51
  LayoutListBox {SELECT} at (1,1) size 179x53 [bgcolor=#FFFFFF] [border: (1px solid #A9A9A9)]
    LayoutBlockFlow {OPTION} at (1,1) size 162x17
      LayoutText {#text} at (2,0) size 150x16
        text run at (2,0) width 150: "This should be left aligned"
    LayoutBlockFlow {OPTION} at (1,18) size 162x17
      LayoutText {#text} at (2,0) size 158x16
        text run at (2,0) width 158: "This should be right aligned"
    LayoutBlockFlow {OPTION} at (1,35) size 162x17
      LayoutText {#text} at (39,0) size 84x16
        text run at (39,0) width 84: "Center aligned"
layer at (377,397) size 201x53 clip at (393,398) size 184x51
  LayoutListBox {SELECT} at (1,1) size 201x53 [bgcolor=#FFFFFF] [border: (1px solid #A9A9A9)]
    LayoutBlockFlow {OPTION} at (16,1) size 184x17
      LayoutText {#text} at (15,0) size 167x16
        text run at (15,0) width 167 RTL: "\x{5D8}\x{5E7}\x{5E1}\x{5D8} \x{5D6}\x{5D4} \x{5E6}\x{5E8}\x{5D9}\x{5DA} \x{5DC}\x{5D4}\x{5D9}\x{5D5}\x{5EA} \x{5DE}\x{5D9}\x{5D5}\x{5E9}\x{5E8} \x{5DC}\x{5D9}\x{5DE}\x{5D9}\x{5DF}"
    LayoutBlockFlow {OPTION} at (16,18) size 184x17
      LayoutText {#text} at (2,0) size 180x16
        text run at (2,0) width 180 RTL: "\x{5D8}\x{5E7}\x{5E1}\x{5D8} \x{5D6}\x{5D4} \x{5E6}\x{5E8}\x{5D9}\x{5DA} \x{5DC}\x{5D4}\x{5D9}\x{5D5}\x{5EA} \x{5DE}\x{5D9}\x{5D5}\x{5E9}\x{5E8} \x{5DC}\x{5E9}\x{5DE}\x{5D0}\x{5DC}"
    LayoutBlockFlow {OPTION} at (16,35) size 184x17
      LayoutText {#text} at (56,0) size 72x16
        text run at (56,0) width 72 RTL: "\x{5D8}\x{5E7}\x{5E1}\x{5D8} \x{5DE}\x{5DE}\x{5D5}\x{5E8}\x{5DB}\x{5D6}"
layer at (582,397) size 201x53 clip at (583,398) size 184x51
  LayoutListBox {SELECT} at (1,1) size 201x53 [bgcolor=#FFFFFF] [border: (1px solid #A9A9A9)]
    LayoutBlockFlow {OPTION} at (1,1) size 184x17
      LayoutText {#text} at (2,0) size 180x16
        text run at (2,0) width 180 RTL: "\x{5D8}\x{5E7}\x{5E1}\x{5D8} \x{5D6}\x{5D4} \x{5E6}\x{5E8}\x{5D9}\x{5DA} \x{5DC}\x{5D4}\x{5D9}\x{5D5}\x{5EA} \x{5DE}\x{5D9}\x{5D5}\x{5E9}\x{5E8} \x{5DC}\x{5E9}\x{5DE}\x{5D0}\x{5DC}"
    LayoutBlockFlow {OPTION} at (1,18) size 184x17
      LayoutText {#text} at (15,0) size 167x16
        text run at (15,0) width 167 RTL: "\x{5D8}\x{5E7}\x{5E1}\x{5D8} \x{5D6}\x{5D4} \x{5E6}\x{5E8}\x{5D9}\x{5DA} \x{5DC}\x{5D4}\x{5D9}\x{5D5}\x{5EA} \x{5DE}\x{5D9}\x{5D5}\x{5E9}\x{5E8} \x{5DC}\x{5D9}\x{5DE}\x{5D9}\x{5DF}"
    LayoutBlockFlow {OPTION} at (1,35) size 184x17
      LayoutText {#text} at (56,0) size 72x16
        text run at (56,0) width 72 RTL: "\x{5D8}\x{5E7}\x{5E1}\x{5D8} \x{5DE}\x{5DE}\x{5D5}\x{5E8}\x{5DB}\x{5D6}"
