layer at (0,0) size 800x600
  LayoutView at (0,0) size 800x600
layer at (0,0) size 800x600
  LayoutBlockFlow {HTML} at (0,0) size 800x600
    LayoutBlockFlow {BODY} at (8,8) size 784x584
      LayoutText {#text} at (0,0) size 510x17
        text run at (0,0) width 510: "This tests that select elements with a narrow width (1px) are rendered correctly."
      LayoutBR {BR} at (509,14) size 1x0
      LayoutMenuList {SELECT} at (0,18) size 2x20 [bgcolor=#FFFFFF] [border: (1px solid #A9A9A9)]
        LayoutBlockFlow (anonymous) at (1,1) size 23x18
          LayoutText (anonymous) at (4,1) size 22x16
            text run at (4,1) width 22: "test"
      LayoutBR {BR} at (2,33) size 0x0
      LayoutMenuList {SELECT} at (0,38) size 2x20 [bgcolor=#0000FF] [border: (1px solid #A9A9A9)]
        LayoutBlockFlow (anonymous) at (1,1) size 23x18
          LayoutText (anonymous) at (4,1) size 22x16
            text run at (4,1) width 22: "test"
      LayoutText {#text} at (0,0) size 0x0
