layer at (0,0) size 800x600
  LayoutView at (0,0) size 800x600
layer at (0,0) size 800x600
  LayoutBlockFlow {HTML} at (0,0) size 800x600
    LayoutBlockFlow {BODY} at (8,8) size 784x584
      LayoutBlockFlow {DIV} at (0,0) size 118.78x28 [bgcolor=#C3D9FF]
        LayoutTable {TABLE} at (0,0) size 118x28
          LayoutTableSection {TBODY} at (0,0) size 118x28
            LayoutTableRow {TR} at (0,2) size 118x24
              LayoutTableCell {TD} at (2,2) size 114x24 [r=0 c=0 rs=1 cs=1]
                LayoutTextControl {INPUT} at (1,1) size 112x22 [bgcolor=#FFFFFF] [border: (2px inset #EEEEEE)]
                LayoutText {#text} at (0,0) size 0x0
layer at (13,14) size 108x16 scrollWidth 122
  LayoutBlockFlow {DIV} at (2,3) size 108x16
    LayoutText {#text} at (0,0) size 121x16
      text run at (0,0) width 121: "Should fit in blue box"
