layer at (0,0) size 800x600
  LayoutView at (0,0) size 800x600
layer at (0,0) size 800x600
  LayoutBlockFlow {HTML} at (0,0) size 800x600
    LayoutBlockFlow {BODY} at (8,8) size 784x584
      LayoutText {#text} at (0,0) size 344x17
        text run at (0,0) width 109: "TEST PASSED: "
        text run at (108,0) width 236: "If the popup menu only says \"Text\". "
      LayoutBR {BR} at (343,14) size 1x0
      LayoutText {#text} at (0,18) size 426x17
        text run at (0,18) width 107: "TEST FAILED: "
        text run at (106,18) width 320: "If the popup menu says \"document.write('Text')\". "
      LayoutBR {BR} at (425,32) size 1x0
      LayoutMenuList {SELECT} at (0,36) size 49x20 [bgcolor=#FFFFFF] [border: (1px solid #A9A9A9)]
        LayoutBlockFlow (anonymous) at (1,1) size 47x18
          LayoutText (anonymous) at (4,1) size 24x16
            text run at (4,1) width 24: "Text"
      LayoutText {#text} at (0,0) size 0x0
