layer at (0,0) size 800x600
  LayoutView at (0,0) size 800x600
layer at (0,0) size 800x600
  LayoutBlockFlow {HTML} at (0,0) size 800x600
    LayoutBlockFlow {BODY} at (8,8) size 784x576
      LayoutBlockFlow (anonymous) at (0,0) size 784x22
        LayoutTextControl {INPUT} at (0,0) size 600x22 [bgcolor=#FFFFFF] [border: (2px inset #EEEEEE)]
        LayoutText {#text} at (600,2) size 4x17
          text run at (600,2) width 4: " "
        LayoutBR {BR} at (604,16) size 0x0
      LayoutBlockFlow {DIV} at (0,22) size 784x18
        LayoutText {#text} at (0,0) size 33x17
          text run at (0,0) width 33: "This "
        LayoutInline {B} at (0,0) size 69x17
          LayoutText {#text} at (32,0) size 45x17
            text run at (32,0) width 45: "styled "
          LayoutInline {I} at (0,0) size 25x17
            LayoutText {#text} at (76,0) size 25x17
              text run at (76,0) width 25: "text"
        LayoutText {#text} at (100,0) size 36x17
          text run at (100,0) width 36: ", and "
        LayoutInline {A} at (0,0) size 26x17 [color=#0000EE]
          LayoutText {#text} at (135,0) size 26x17
            text run at (135,0) width 26: "link"
        LayoutText {#text} at (160,0) size 414x17
          text run at (160,0) width 212: " will be pasted into the textfield. "
          text run at (371,0) width 203: "All richness should be stripped."
      LayoutBlockFlow {OL} at (0,56) size 784x36
        LayoutListItem {LI} at (40,0) size 744x18
          LayoutListMarker (anonymous) at (-16,0) size 16x17: "1"
          LayoutText {#text} at (0,0) size 332x17
            text run at (0,0) width 332: "Success: document.execCommand(\"Copy\") == true"
        LayoutListItem {LI} at (40,18) size 744x18
          LayoutListMarker (anonymous) at (-16,0) size 16x17: "2"
          LayoutText {#text} at (0,0) size 331x17
            text run at (0,0) width 331: "Success: document.execCommand(\"Paste\") == true"
layer at (10,11) size 596x16
  LayoutBlockFlow {DIV} at (2,3) size 596x16
    LayoutText {#text} at (0,0) size 511x16
      text run at (0,0) width 511: "This styled text, and link will be pasted into the textfield. All richness should be stripped."
caret: position 94 of child 0 {#text} of child 0 {DIV} of {#document-fragment} of child 0 {INPUT} of body
