layer at (0,0) size 800x600
  LayoutView at (0,0) size 800x600
layer at (0,0) size 800x600
  LayoutBlockFlow {HTML} at (0,0) size 800x600
    LayoutBlockFlow {BODY} at (8,8) size 784x584
      LayoutText {#text} at (0,0) size 782x35
        text run at (0,0) width 782: "This tests that a malformed size attribute will be parsed and corrected so that the right size attribute value is used to match"
        text run at (0,18) width 441: "the style rule that determines whether to use a menu list or a list box."
      LayoutBR {BR} at (440,32) size 1x0
      LayoutMenuList {SELECT} at (0,36) size 47x20 [bgcolor=#FFFFFF] [border: (1px solid #A9A9A9)]
        LayoutBlockFlow (anonymous) at (1,1) size 45x18
          LayoutText (anonymous) at (4,1) size 22x16
            text run at (4,1) width 22: "test"
      LayoutText {#text} at (0,0) size 0x0
