layer at (0,0) size 800x600
  LayoutView at (0,0) size 800x600
layer at (0,0) size 800x600
  LayoutBlockFlow {HTML} at (0,0) size 800x600
    LayoutBlockFlow {BODY} at (8,8) size 784x584
      LayoutBlockFlow {P} at (0,0) size 784x36
        LayoutText {#text} at (0,0) size 54x17
          text run at (0,0) width 54: "Test for "
        LayoutInline {I} at (0,0) size 745x35
          LayoutInline {A} at (0,0) size 305x17 [color=#0000EE]
            LayoutText {#text} at (53,0) size 305x17
              text run at (53,0) width 305: "http://bugs.webkit.org/show_bug.cgi?id=12986"
          LayoutText {#text} at (357,0) size 745x35
            text run at (357,0) width 5: " "
            text run at (361,0) width 384: "REGRESSION(NativeListBox): Listboxes not updated when"
            text run at (0,18) width 127: "resized dynamically"
        LayoutText {#text} at (126,18) size 5x17
          text run at (126,18) width 5: "."
      LayoutBlockFlow {P} at (0,52) size 784x18
        LayoutText {#text} at (0,0) size 324x17
          text run at (0,0) width 324: "This list box should be tall enough to fit 6 options."
      LayoutBlockFlow (anonymous) at (0,86) size 784x104
        LayoutText {#text} at (0,0) size 0x0
        LayoutText {#text} at (0,0) size 0x0
layer at (8,94) size 53x104 clip at (9,95) size 36x102
  LayoutListBox {SELECT} at (0,0) size 53x104 [bgcolor=#FFFFFF] [border: (1px solid #A9A9A9)]
    LayoutBlockFlow {OPTION} at (1,1) size 36x17
      LayoutText {#text} at (2,0) size 24x16
        text run at (2,0) width 24: "One"
    LayoutBlockFlow {OPTION} at (1,18) size 36x17
      LayoutText {#text} at (2,0) size 23x16
        text run at (2,0) width 23: "Two"
    LayoutBlockFlow {OPTION} at (1,35) size 36x17
      LayoutText {#text} at (2,0) size 32x16
        text run at (2,0) width 32: "Three"
    LayoutBlockFlow {OPTION} at (1,52) size 36x17
      LayoutText {#text} at (2,0) size 26x16
        text run at (2,0) width 26: "Four"
    LayoutBlockFlow {OPTION} at (1,69) size 36x17
      LayoutText {#text} at (2,0) size 23x16
        text run at (2,0) width 23: "Five"
    LayoutBlockFlow {OPTION} at (1,86) size 36x17
      LayoutText {#text} at (2,0) size 19x16
        text run at (2,0) width 19: "Six"
