layer at (0,0) size 800x600
  LayoutView at (0,0) size 800x600
layer at (0,0) size 800x600
  LayoutBlockFlow {HTML} at (0,0) size 800x600
    LayoutBlockFlow {BODY} at (8,8) size 784x584
      LayoutText {#text} at (0,0) size 450x17
        text run at (0,0) width 450: "This tests that you can dynamically change a list box to a popup menu"
      LayoutBR {BR} at (449,14) size 1x0
      LayoutMenuList {SELECT} at (0,18) size 228x20 [bgcolor=#FFFFFF] [border: (1px solid #A9A9A9)]
        LayoutBlockFlow (anonymous) at (1,1) size 226x18
          LayoutText (anonymous) at (4,1) size 203x16
            text run at (4,1) width 203: "This should turn into a popup menu"
      LayoutText {#text} at (0,0) size 0x0
