layer at (0,0) size 800x600
  LayoutView at (0,0) size 800x600
layer at (0,0) size 800x88
  LayoutBlockFlow {HTML} at (0,0) size 800x88
    LayoutBlockFlow {BODY} at (8,8) size 784x64
      LayoutTable {TABLE} at (0,0) size 57x30 [border: (1px outset #808080)]
        LayoutTableSection {TBODY} at (1,1) size 55x28
          LayoutTableRow {TR} at (0,2) size 55x24
            LayoutTableCell {TD} at (2,2) size 51x24 [border: (1px inset #808080)] [r=0 c=0 rs=1 cs=1]
              LayoutMenuList {SELECT} at (2,2) size 47x20 [bgcolor=#FFFFFF] [border: (1px solid #A9A9A9)]
                LayoutBlockFlow (anonymous) at (1,1) size 45x18
                  LayoutText (anonymous) at (4,1) size 22x16
                    text run at (4,1) width 22: "test"
      LayoutBlockFlow {P} at (0,46) size 784x18
        LayoutText {#text} at (0,0) size 459x17
          text run at (0,0) width 459: "The select element in the table above must not spill outside of the table."
