layer at (0,0) size 800x600
  LayoutView at (0,0) size 800x600
layer at (0,0) size 800x600
  LayoutBlockFlow {HTML} at (0,0) size 800x600
    LayoutBlockFlow {BODY} at (8,8) size 784x584
      LayoutBlockFlow {P} at (0,0) size 784x36
        LayoutText {#text} at (0,0) size 54x17
          text run at (0,0) width 54: "Test for "
        LayoutInline {I} at (0,0) size 716x35
          LayoutInline {A} at (0,0) size 305x17 [color=#0000EE]
            LayoutText {#text} at (53,0) size 305x17
              text run at (53,0) width 305: "http://bugs.webkit.org/show_bug.cgi?id=13775"
          LayoutText {#text} at (357,0) size 716x35
            text run at (357,0) width 5: " "
            text run at (361,0) width 355: "REGRESSION: Popup button text should use \"natural\""
            text run at (0,18) width 330: "directionality to match the items in the popup menu"
        LayoutText {#text} at (329,18) size 5x17
          text run at (329,18) width 5: "."
      LayoutBlockFlow {P} at (0,52) size 784x18
        LayoutText {#text} at (0,0) size 673x17
          text run at (0,0) width 518: "In all of the popup buttons below, the letter A should be on the left and the letter "
          text run at (517,0) width 9 RTL: "\x{5D0}"
          text run at (525,0) width 148: " should be on the right."
      LayoutBlockFlow {DIV} at (0,86) size 784x40
        LayoutBlockFlow {DIV} at (0,0) size 784x20
          LayoutMenuList {SELECT} at (0,0) size 70x20 [bgcolor=#FFFFFF] [border: (1px solid #A9A9A9)]
            LayoutBlockFlow (anonymous) at (1,1) size 68x18
              LayoutText (anonymous) at (4,1) size 16x16
                text run at (4,1) width 7 RTL: "\x{5D0}"
                text run at (11,1) width 9: "A"
          LayoutText {#text} at (70,1) size 4x17
            text run at (70,1) width 4: " "
          LayoutMenuList {SELECT} at (74,0) size 70x20 [bgcolor=#FFFFFF] [border: (1px solid #A9A9A9)]
            LayoutBlockFlow (anonymous) at (1,1) size 68x18
              LayoutText (anonymous) at (4,1) size 16x16
                text run at (4,1) width 9: "A"
                text run at (13,1) width 7 RTL: "\x{5D0}"
          LayoutText {#text} at (144,1) size 4x17
            text run at (144,1) width 4: " "
          LayoutMenuList {SELECT} at (148,0) size 70x20 [bgcolor=#FFFFFF] [border: (1px solid #A9A9A9)]
            LayoutBlockFlow (anonymous) at (1,1) size 68x18
              LayoutText (anonymous) at (4,1) size 20x16
                text run at (4,1) width 4: "("
                text run at (8,1) width 7 RTL: "\x{5D0}"
                text run at (15,1) width 9: "A"
          LayoutText {#text} at (218,1) size 4x17
            text run at (218,1) width 4: " "
          LayoutMenuList {SELECT} at (222,0) size 70x20 [bgcolor=#FFFFFF] [border: (1px solid #A9A9A9)]
            LayoutBlockFlow (anonymous) at (1,1) size 68x18
              LayoutText (anonymous) at (4,1) size 20x16
                text run at (4,1) width 13: "(A"
                text run at (17,1) width 7 RTL: "\x{5D0}"
          LayoutText {#text} at (0,0) size 0x0
        LayoutBlockFlow {DIV} at (0,20) size 784x20
          LayoutMenuList {SELECT} at (492,0) size 70x20 [bgcolor=#FFFFFF] [border: (1px solid #A9A9A9)]
            LayoutBlockFlow (anonymous) at (1,1) size 68x18
              LayoutText (anonymous) at (4,1) size 16x16
                text run at (4,1) width 7 RTL: "\x{5D0}"
                text run at (11,1) width 9: "A"
          LayoutText {#text} at (562,1) size 4x17
            text run at (562,1) width 4: " "
          LayoutMenuList {SELECT} at (566,0) size 70x20 [bgcolor=#FFFFFF] [border: (1px solid #A9A9A9)]
            LayoutBlockFlow (anonymous) at (1,1) size 68x18
              LayoutText (anonymous) at (4,1) size 16x16
                text run at (4,1) width 9: "A"
                text run at (13,1) width 7 RTL: "\x{5D0}"
          LayoutText {#text} at (636,1) size 4x17
            text run at (636,1) width 4: " "
          LayoutMenuList {SELECT} at (640,0) size 70x20 [bgcolor=#FFFFFF] [border: (1px solid #A9A9A9)]
            LayoutBlockFlow (anonymous) at (1,1) size 68x18
              LayoutText (anonymous) at (4,1) size 20x16
                text run at (4,1) width 4: "("
                text run at (8,1) width 7 RTL: "\x{5D0}"
                text run at (15,1) width 9: "A"
          LayoutText {#text} at (710,1) size 4x17
            text run at (710,1) width 4: " "
          LayoutMenuList {SELECT} at (714,0) size 70x20 [bgcolor=#FFFFFF] [border: (1px solid #A9A9A9)]
            LayoutBlockFlow (anonymous) at (1,1) size 68x18
              LayoutText (anonymous) at (4,1) size 20x16
                text run at (4,1) width 13: "(A"
                text run at (17,1) width 7 RTL: "\x{5D0}"
          LayoutText {#text} at (0,0) size 0x0
      LayoutBlockFlow {DIV} at (0,126) size 784x40
        LayoutBlockFlow {DIV} at (0,0) size 784x20
          LayoutMenuList {SELECT} at (222,0) size 70x20 [bgcolor=#FFFFFF] [border: (1px solid #A9A9A9)]
            LayoutBlockFlow (anonymous) at (1,1) size 68x18
              LayoutText (anonymous) at (48,1) size 16x16
                text run at (48,1) width 9: "A"
                text run at (57,1) width 7 RTL: "\x{5D0}"
          LayoutText {#text} at (218,1) size 4x17
            text run at (218,1) width 4 RTL: " "
          LayoutMenuList {SELECT} at (148,0) size 70x20 [bgcolor=#FFFFFF] [border: (1px solid #A9A9A9)]
            LayoutBlockFlow (anonymous) at (1,1) size 68x18
              LayoutText (anonymous) at (48,1) size 16x16
                text run at (48,1) width 7 RTL: "\x{5D0}"
                text run at (55,1) width 9: "A"
          LayoutText {#text} at (144,1) size 4x17
            text run at (144,1) width 4 RTL: " "
          LayoutMenuList {SELECT} at (74,0) size 70x20 [bgcolor=#FFFFFF] [border: (1px solid #A9A9A9)]
            LayoutBlockFlow (anonymous) at (1,1) size 68x18
              LayoutText (anonymous) at (44,1) size 20x16
                text run at (44,1) width 9: "A"
                text run at (53,1) width 11 RTL: "(\x{5D0}"
          LayoutText {#text} at (70,1) size 4x17
            text run at (70,1) width 4 RTL: " "
          LayoutMenuList {SELECT} at (0,0) size 70x20 [bgcolor=#FFFFFF] [border: (1px solid #A9A9A9)]
            LayoutBlockFlow (anonymous) at (1,1) size 68x18
              LayoutText (anonymous) at (44,1) size 20x16
                text run at (44,1) width 7 RTL: "\x{5D0}"
                text run at (51,1) width 9: "A"
                text run at (60,1) width 4 RTL: "("
          LayoutText {#text} at (0,0) size 0x0
        LayoutBlockFlow {DIV} at (0,20) size 784x20
          LayoutMenuList {SELECT} at (714,0) size 70x20 [bgcolor=#FFFFFF] [border: (1px solid #A9A9A9)]
            LayoutBlockFlow (anonymous) at (1,1) size 68x18
              LayoutText (anonymous) at (48,1) size 16x16
                text run at (48,1) width 9: "A"
                text run at (57,1) width 7 RTL: "\x{5D0}"
          LayoutText {#text} at (710,1) size 4x17
            text run at (710,1) width 4 RTL: " "
          LayoutMenuList {SELECT} at (640,0) size 70x20 [bgcolor=#FFFFFF] [border: (1px solid #A9A9A9)]
            LayoutBlockFlow (anonymous) at (1,1) size 68x18
              LayoutText (anonymous) at (48,1) size 16x16
                text run at (48,1) width 7 RTL: "\x{5D0}"
                text run at (55,1) width 9: "A"
          LayoutText {#text} at (636,1) size 4x17
            text run at (636,1) width 4 RTL: " "
          LayoutMenuList {SELECT} at (566,0) size 70x20 [bgcolor=#FFFFFF] [border: (1px solid #A9A9A9)]
            LayoutBlockFlow (anonymous) at (1,1) size 68x18
              LayoutText (anonymous) at (44,1) size 20x16
                text run at (44,1) width 9: "A"
                text run at (53,1) width 11 RTL: "(\x{5D0}"
          LayoutText {#text} at (562,1) size 4x17
            text run at (562,1) width 4 RTL: " "
          LayoutMenuList {SELECT} at (492,0) size 70x20 [bgcolor=#FFFFFF] [border: (1px solid #A9A9A9)]
            LayoutBlockFlow (anonymous) at (1,1) size 68x18
              LayoutText (anonymous) at (44,1) size 20x16
                text run at (44,1) width 7 RTL: "\x{5D0}"
                text run at (51,1) width 9: "A"
                text run at (60,1) width 4 RTL: "("
          LayoutText {#text} at (0,0) size 0x0
