layer at (0,0) size 800x600
  LayoutView at (0,0) size 800x600
layer at (0,0) size 800x600
  LayoutBlockFlow {HTML} at (0,0) size 800x600
    LayoutBlockFlow {BODY} at (8,8) size 784x584
      LayoutText {#text} at (0,0) size 336x17
        text run at (0,0) width 336: "This tests that you can set the placeholder text color."
      LayoutBR {BR} at (335,14) size 1x0
      LayoutText {#text} at (179,40) size 4x17
        text run at (179,40) width 4: " "
      LayoutText {#text} at (362,40) size 4x17
        text run at (362,40) width 4: " "
      LayoutText {#text} at (545,40) size 4x17
        text run at (545,40) width 4: " "
      LayoutText {#text} at (0,0) size 0x0
layer at (8,26) size 179x36 clip at (9,27) size 177x34
  LayoutTextControl {TEXTAREA} at (0,18) size 179x36 [bgcolor=#FFFFFF] [border: (1px solid #A9A9A9)]
    LayoutBlockFlow {DIV} at (3,3) size 175x16 [color=#640000]
      LayoutText {#text} at (0,0) size 32x16
        text run at (0,0) width 32: "text"
    LayoutBlockFlow {DIV} at (3,3) size 175x16
layer at (191,26) size 179x36 clip at (192,27) size 177x34
  LayoutTextControl {TEXTAREA} at (183,18) size 179x36 [color=#545454] [bgcolor=#EBEBE4] [border: (1px solid #A9A9A9)]
    LayoutBlockFlow {DIV} at (3,3) size 175x16 [color=#640000]
      LayoutText {#text} at (0,0) size 104x16
        text run at (0,0) width 104: "disabled text"
    LayoutBlockFlow {DIV} at (3,3) size 175x16
layer at (374,26) size 179x36 clip at (375,27) size 177x34
  LayoutTextControl {TEXTAREA} at (366,18) size 179x36 [bgcolor=#FFFFFF] [border: (1px solid #A9A9A9)]
    LayoutBlockFlow {DIV} at (3,3) size 175x16 [color=#A9A9A9]
      LayoutText {#text} at (0,0) size 56x16
        text run at (0,0) width 56: "default"
    LayoutBlockFlow {DIV} at (3,3) size 175x16
layer at (557,26) size 179x36 clip at (558,27) size 177x34
  LayoutTextControl {TEXTAREA} at (549,18) size 179x36 [color=#545454] [bgcolor=#EBEBE4] [border: (1px solid #A9A9A9)]
    LayoutBlockFlow {DIV} at (3,3) size 175x16 [color=#A9A9A9]
      LayoutText {#text} at (0,0) size 128x16
        text run at (0,0) width 128: "default disabled"
    LayoutBlockFlow {DIV} at (3,3) size 175x16
