layer at (0,0) size 800x600
  LayoutView at (0,0) size 800x600
layer at (0,0) size 800x600
  LayoutBlockFlow {HTML} at (0,0) size 800x600
    LayoutBlockFlow {BODY} at (8,8) size 784x584
      LayoutBlockFlow {DIV} at (0,0) size 784x36
        LayoutText {#text} at (0,0) size 752x35
          text run at (0,0) width 752: "This text area should be drawn with a reasonable width. To match IE, using GDI fonts it should wrap at 66 characters"
          text run at (0,18) width 581: "(after the X in the third set of digits). See https://bugs.webkit.org/show_bug.cgi?id=15312."
      LayoutBlockFlow (anonymous) at (0,36) size 784x262
        LayoutBR {BR} at (0,0) size 0x17
        LayoutText {#text} at (0,0) size 0x0
layer at (8,62) size 635x244 clip at (9,63) size 633x242
  LayoutTextControl {TEXTAREA} at (0,18) size 635x244 [color=#333333] [bgcolor=#FFFFFF] [border: (1px solid #A9A9A9)]
    LayoutBlockFlow {DIV} at (3,3) size 631x36
      LayoutText {#text} at (0,0) size 626x24
        text run at (0,0) width 626: "1234567890abcdefghijABCDEFGHIJ1234567890abcdefghijABCDEFGHIJ12345X7890abcdefghijABCDEFGXIJ123456"
        text run at (0,12) width 153: "7890abcdefghijABCDEFGHIJ"
      LayoutBR {BR} at (153,22) size 0x0
      LayoutBR {BR} at (0,24) size 0x12
