layer at (0,0) size 800x600
  LayoutView at (0,0) size 800x600
layer at (0,0) size 800x600
  LayoutBlockFlow {HTML} at (0,0) size 800x600
    LayoutBlockFlow {BODY} at (8,8) size 784x584
      LayoutBlockFlow {P} at (0,0) size 784x20
        LayoutText {#text} at (0,0) size 295x19
          text run at (0,0) width 295: "Test shrink-to-fit width for floating elements (see "
        LayoutInline {A} at (0,0) size 97x19 [color=#0000EE]
          LayoutText {#text} at (295,0) size 97x19
            text run at (295,0) width 97: "CSS 2.1 10.3.5"
        LayoutText {#text} at (392,0) size 9x19
          text run at (392,0) width 9: ")."
      LayoutBlockFlow {P} at (0,36) size 784x40
        LayoutText {#text} at (0,0) size 184x19
          text run at (0,0) width 184: "Shrink-to-fit width is min(max("
        LayoutInline {I} at (0,0) size 164x19
          LayoutText {#text} at (184,0) size 164x19
            text run at (184,0) width 164: "preferred minimum width"
        LayoutText {#text} at (348,0) size 8x19
          text run at (348,0) width 8: ", "
        LayoutInline {I} at (0,0) size 99x19
          LayoutText {#text} at (356,0) size 99x19
            text run at (356,0) width 99: "available width"
        LayoutText {#text} at (455,0) size 13x19
          text run at (455,0) width 13: "), "
        LayoutInline {I} at (0,0) size 100x19
          LayoutText {#text} at (468,0) size 100x19
            text run at (468,0) width 100: "preferred width"
        LayoutText {#text} at (568,0) size 781x39
          text run at (568,0) width 13: "). "
          text run at (581,0) width 200: "In the following cases (except the"
          text run at (0,20) width 32: "\x{201C}x\x{201D}), "
        LayoutInline {I} at (0,0) size 164x19
          LayoutText {#text} at (32,20) size 164x19
            text run at (32,20) width 164: "preferred minimum width"
        LayoutText {#text} at (196,20) size 17x19
          text run at (196,20) width 17: " < "
        LayoutInline {I} at (0,0) size 99x19
          LayoutText {#text} at (213,20) size 99x19
            text run at (213,20) width 99: "available width"
        LayoutText {#text} at (312,20) size 17x19
          text run at (312,20) width 17: " < "
        LayoutInline {I} at (0,0) size 100x19
          LayoutText {#text} at (329,20) size 100x19
            text run at (329,20) width 100: "preferred width"
        LayoutText {#text} at (0,0) size 0x0
      LayoutBlockFlow {DIV} at (0,92) size 100x250
        LayoutBlockFlow (floating) {DIV} at (0,0) size 100x46 [border: (3px solid #000000)]
          LayoutText {#text} at (3,3) size 57x39
            text run at (3,3) width 57: "longword"
            text run at (3,23) width 57: "longword"
        LayoutBlockFlow {DIV} at (0,46) size 100x10
        LayoutBlockFlow (floating) {DIV} at (0,56) size 100x46 [border: (3px solid #000000)]
          LayoutText {#text} at (3,3) size 57x39
            text run at (3,3) width 57: "longword"
            text run at (3,23) width 57: "longword"
        LayoutBlockFlow {DIV} at (0,102) size 100x10
        LayoutBlockFlow (floating) {DIV} at (0,112) size 100x46 [border: (3px solid #000000)]
          LayoutText {#text} at (3,3) size 57x39
            text run at (3,3) width 57: "longword"
            text run at (3,23) width 57: "longword"
        LayoutBlockFlow (floating) {DIV} at (87,158) size 13x26 [border: (3px solid #000000)]
          LayoutText {#text} at (3,3) size 7x19
            text run at (3,3) width 7: "x"
        LayoutBlockFlow {DIV} at (0,184) size 100x10
        LayoutBlockFlow (floating) {DIV} at (0,194) size 100x46 [border: (3px solid #000000)]
          LayoutBlockFlow {DIV} at (3,3) size 60x20 [bgcolor=#C0C0C0]
          LayoutText {#text} at (0,0) size 0x0
          LayoutBlockFlow {DIV} at (3,23) size 60x20 [bgcolor=#C0C0C0]
          LayoutText {#text} at (0,0) size 0x0
        LayoutBlockFlow {DIV} at (0,240) size 100x10
        LayoutBlockFlow (floating) {DIV} at (0,250) size 100x46 [border: (3px solid #000000)]
          LayoutBlockFlow {DIV} at (3,3) size 60x20 [bgcolor=#C0C0C0]
          LayoutText {#text} at (0,0) size 0x0
          LayoutBlockFlow {DIV} at (3,23) size 60x20 [bgcolor=#C0C0C0]
          LayoutText {#text} at (0,0) size 0x0
