layer at (0,0) size 800x600
  LayoutView at (0,0) size 800x600
layer at (0,0) size 800x425
  LayoutBlockFlow {HTML} at (0,0) size 800x425
    LayoutBlockFlow {BODY} at (8,16) size 784x393 [color=#0000FF]
      LayoutBlockFlow {P} at (0,0) size 784x108
        LayoutText {#text} at (0,0) size 29x17
          text run at (0,0) width 29: "The "
        LayoutInline {STRONG} at (0,0) size 59x17
          LayoutText {#text} at (28,0) size 59x17
            text run at (28,0) width 59: "first line"
        LayoutText {#text} at (86,0) size 305x17
          text run at (86,0) width 209: " of this paragraph, and only that "
          text run at (294,0) width 97: "one, should be "
        LayoutInline {STRONG} at (0,0) size 38x17
          LayoutText {#text} at (391,0) size 38x17
            text run at (391,0) width 38: "green"
        LayoutText {#text} at (428,0) size 779x107
          text run at (428,0) width 184: ". If this precise combination "
          text run at (611,0) width 153: "does not occur, then the"
          text run at (0,18) width 267: "user agent has failed this test. Remember "
          text run at (266,18) width 395: "that in order to ensure a complete test, the paragraph must be "
          text run at (660,18) width 119: "displayed on more"
          text run at (0,36) width 324: "than one line. Dummy text. Dummy text. Dummy "
          text run at (323,36) width 440: "text. Dummy text. Dummy text. Dummy text. Dummy text. Dummy"
          text run at (0,54) width 32: "text. "
          text run at (31,54) width 500: "Dummy text. Dummy text. Dummy text. Dummy text. Dummy text. Dummy "
          text run at (530,54) width 206: "text. Dummy text. Dummy text."
          text run at (0,72) width 266: "Dummy text. Dummy text. Dummy text. "
          text run at (265,72) width 495: "Dummy text. Dummy text. Dummy text. Dummy text. Dummy text. Dummy"
          text run at (0,90) width 294: "text. Dummy text. Dummy text. Dummy text."
      LayoutBlockFlow {P} at (0,124) size 784x145
        LayoutText {#text} at (0,0) size 58x36
          text run at (0,0) width 58: "The "
        LayoutInline {STRONG} at (0,0) size 116x36
          LayoutText {#text} at (57,0) size 116x36
            text run at (57,0) width 116: "first line"
        LayoutText {#text} at (172,0) size 775x54
          text run at (172,0) width 417: " of this paragraph, and only that "
          text run at (588,0) width 187: "one, should be"
          text run at (0,37) width 12: "a "
        LayoutInline {STRONG} at (0,0) size 42x17
          LayoutText {#text} at (11,37) size 42x17
            text run at (11,37) width 42: "larger"
        LayoutText {#text} at (52,37) size 130x17
          text run at (52,37) width 130: " font size as well as "
        LayoutInline {STRONG} at (0,0) size 39x17
          LayoutText {#text} at (181,37) size 39x17
            text run at (181,37) width 39: "green"
        LayoutText {#text} at (219,37) size 766x107
          text run at (219,37) width 285: ". If this precise combination does not occur, "
          text run at (503,37) width 244: "then the user agent has failed this test."
          text run at (0,55) width 173: "Remember that in order to "
          text run at (172,55) width 419: "ensure a complete test, the paragraph must be displayed on more "
          text run at (590,55) width 176: "than one line. Dummy text."
          text run at (0,73) width 266: "Dummy text. Dummy text. Dummy text. "
          text run at (265,73) width 495: "Dummy text. Dummy text. Dummy text. Dummy text. Dummy text. Dummy"
          text run at (0,91) width 475: "text. Dummy text. Dummy text. Dummy text. Dummy text. Dummy text. "
          text run at (474,91) width 262: "Dummy text. Dummy text. Dummy text."
          text run at (0,109) width 234: "Dummy text. Dummy text. Dummy "
          text run at (233,109) width 475: "text. Dummy text. Dummy text. Dummy text. Dummy text. Dummy text. "
          text run at (707,109) width 53: "Dummy"
          text run at (0,127) width 117: "text. Dummy text."
      LayoutBlockFlow {P} at (0,285) size 784x108
        LayoutText {#text} at (0,0) size 29x17
          text run at (0,0) width 29: "The "
        LayoutInline {STRONG} at (0,0) size 61x17
          LayoutText {#text} at (28,0) size 61x17
            text run at (28,0) width 61: "first line"
        LayoutText {#text} at (88,0) size 401x17
          text run at (88,0) width 223: " of this paragraph, and only that "
          text run at (310,0) width 179: "one, should be displayed in "
        LayoutInline {STRONG} at (0,0) size 76x17
          LayoutText {#text} at (488,0) size 76x17
            text run at (488,0) width 76: "small-caps"
        LayoutText {#text} at (563,0) size 114x17
          text run at (563,0) width 61: " style as "
          text run at (623,0) width 54: "well as "
        LayoutInline {STRONG} at (0,0) size 38x17
          LayoutText {#text} at (676,0) size 38x17
            text run at (676,0) width 38: "green"
        LayoutText {#text} at (713,0) size 778x107
          text run at (713,0) width 58: ". Thus, if"
          text run at (0,18) width 137: "the first line is not in "
          text run at (136,18) width 352: "small-caps style, or if the entire paragraph turns out in "
          text run at (487,18) width 291: "small-caps, then the user agent has failed this"
          text run at (0,36) width 119: "test. Dummy text. "
          text run at (118,36) width 500: "Dummy text. Dummy text. Dummy text. Dummy text. Dummy text. Dummy "
          text run at (617,36) width 117: "text. Dummy text."
          text run at (0,54) width 354: "Dummy text. Dummy text. Dummy text. Dummy text. "
          text run at (353,54) width 407: "Dummy text. Dummy text. Dummy text. Dummy text. Dummy"
          text run at (0,72) width 89: "text. Dummy "
          text run at (88,72) width 475: "text. Dummy text. Dummy text. Dummy text. Dummy text. Dummy text. "
          text run at (562,72) width 174: "Dummy text. Dummy text."
          text run at (0,90) width 262: "Dummy text. Dummy text. Dummy text."
