layer at (0,0) size 800x600
  LayoutView at (0,0) size 800x600
layer at (0,0) size 800x232
  LayoutBlockFlow {HTML} at (0,0) size 800x232
    LayoutBlockFlow {BODY} at (8,16) size 784x200
      LayoutBlockFlow {P} at (20,0) size 764x92 [color=#0000FF] [border: none (10px double #0000FF)]
        LayoutText {#text} at (10,0) size 362x17
          text run at (10,0) width 362: "\x{21E6} This paragraph should have two blue lines on its left. "
        LayoutInline {SPAN} at (0,0) size 752x91 [color=#C0C0C0]
          LayoutText {#text} at (371,0) size 752x91
            text run at (371,0) width 373: "dummy text dummy text dummy text dummy text dummy"
            text run at (10,20) width 81: "text dummy "
            text run at (90,20) width 487: "text dummy text dummy text dummy text dummy text dummy text dummy "
            text run at (576,20) width 186: "text dummy text dummy text"
            text run at (10,38) width 296: "dummy text dummy text dummy text dummy "
            text run at (305,38) width 429: "text dummy text dummy text dummy text dummy text dummy text"
            text run at (10,56) width 53: "dummy "
            text run at (62,56) width 487: "text dummy text dummy text dummy text dummy text dummy text dummy "
            text run at (548,56) width 186: "text dummy text dummy text"
            text run at (10,74) width 158: "dummy text dummy text"
        LayoutText {#text} at (0,0) size 0x0
      LayoutBlockFlow {P} at (20,108) size 764x92 [color=#0000FF] [border: none (1px solid #0000FF)]
        LayoutText {#text} at (1,0) size 367x17
          text run at (1,0) width 367: "\x{21E6} This paragraph should have a thin blue line on its left. "
        LayoutInline {SPAN} at (0,0) size 752x91 [color=#C0C0C0]
          LayoutText {#text} at (368,0) size 752x91
            text run at (368,0) width 373: "dummy text dummy text dummy text dummy text dummy"
            text run at (1,20) width 81: "text dummy "
            text run at (81,20) width 487: "text dummy text dummy text dummy text dummy text dummy text dummy "
            text run at (567,20) width 186: "text dummy text dummy text"
            text run at (1,38) width 296: "dummy text dummy text dummy text dummy "
            text run at (296,38) width 429: "text dummy text dummy text dummy text dummy text dummy text"
            text run at (1,56) width 53: "dummy "
            text run at (53,56) width 487: "text dummy text dummy text dummy text dummy text dummy text dummy "
            text run at (539,56) width 186: "text dummy text dummy text"
            text run at (1,74) width 158: "dummy text dummy text"
        LayoutText {#text} at (0,0) size 0x0
