layer at (0,0) size 800x600
  LayoutView at (0,0) size 800x600
layer at (0,0) size 800x232
  LayoutBlockFlow {HTML} at (0,0) size 800x232
    LayoutBlockFlow {BODY} at (8,16) size 784x200
      LayoutBlockFlow {P} at (0,0) size 764x92 [color=#0000FF] [border: none (10px double #0000FF) none]
        LayoutText {#text} at (0,0) size 371x17
          text run at (0,0) width 371: "This paragraph should have two blue lines on its right. \x{21E8} "
        LayoutInline {SPAN} at (0,0) size 752x91 [color=#C0C0C0]
          LayoutText {#text} at (370,0) size 752x91
            text run at (370,0) width 373: "dummy text dummy text dummy text dummy text dummy"
            text run at (0,20) width 81: "text dummy "
            text run at (80,20) width 487: "text dummy text dummy text dummy text dummy text dummy text dummy "
            text run at (566,20) width 186: "text dummy text dummy text"
            text run at (0,38) width 296: "dummy text dummy text dummy text dummy "
            text run at (295,38) width 429: "text dummy text dummy text dummy text dummy text dummy text"
            text run at (0,56) width 53: "dummy "
            text run at (52,56) width 487: "text dummy text dummy text dummy text dummy text dummy text dummy "
            text run at (538,56) width 186: "text dummy text dummy text"
            text run at (0,74) width 158: "dummy text dummy text"
        LayoutText {#text} at (0,0) size 0x0
      LayoutBlockFlow {P} at (0,108) size 764x92 [color=#0000FF] [border: none (1px solid #0000FF) none]
        LayoutText {#text} at (0,0) size 376x17
          text run at (0,0) width 376: "This paragraph should have a thin blue line on its right. \x{21E8} "
        LayoutInline {SPAN} at (0,0) size 752x91 [color=#C0C0C0]
          LayoutText {#text} at (375,0) size 752x91
            text run at (375,0) width 374: "dummy text dummy text dummy text dummy text dummy"
            text run at (0,20) width 81: "text dummy "
            text run at (80,20) width 487: "text dummy text dummy text dummy text dummy text dummy text dummy "
            text run at (566,20) width 186: "text dummy text dummy text"
            text run at (0,38) width 296: "dummy text dummy text dummy text dummy "
            text run at (295,38) width 429: "text dummy text dummy text dummy text dummy text dummy text"
            text run at (0,56) width 53: "dummy "
            text run at (52,56) width 487: "text dummy text dummy text dummy text dummy text dummy text dummy "
            text run at (538,56) width 186: "text dummy text dummy text"
            text run at (0,74) width 158: "dummy text dummy text"
        LayoutText {#text} at (0,0) size 0x0
