layer at (0,0) size 800x600
  LayoutView at (0,0) size 800x600
layer at (0,0) size 800x254
  LayoutBlockFlow {HTML} at (0,0) size 800x254
    LayoutBlockFlow {BODY} at (8,16) size 784x222 [color=#0000FF]
      LayoutBlockFlow {P} at (0,0) size 784x39
        LayoutText {#text} at (0,15) size 489x17
          text run at (0,15) width 489: "There should be a solid blue line to the left of every occurance of the word \""
        LayoutInline {SPAN} at (0,0) size 133x36 [border: none (2px solid #0000FF)]
          LayoutText {#text} at (490,0) size 131x36
            text run at (490,0) width 131: "\x{21E6}THERE"
        LayoutText {#text} at (620,15) size 12x17
          text run at (620,15) width 12: "\"."
      LayoutTable {TABLE} at (0,55) size 284x133
        LayoutTableSection {TBODY} at (0,0) size 284x133
          LayoutTableRow {TR} at (0,2) size 284x41
            LayoutTableCell {TD} at (2,2) size 280x41 [border: none (2px solid #0000FF)] [r=0 c=0 rs=1 cs=2]
              LayoutText {#text} at (3,1) size 131x36
                text run at (3,1) width 131: "\x{21E6}THERE"
          LayoutTableRow {TR} at (0,45) size 284x86
            LayoutTableCell {TD} at (2,67) size 135x41 [border: none (2px solid #0000FF)] [r=1 c=0 rs=1 cs=1]
              LayoutText {#text} at (3,1) size 131x36
                text run at (3,1) width 131: "\x{21E6}THERE"
            LayoutTableCell {TD} at (139,45) size 143x86 [border: none (2px solid #0000FF)] [r=1 c=1 rs=1 cs=1]
              LayoutBlockFlow (anonymous) at (3,1) size 139x39
                LayoutText {#text} at (0,0) size 131x36
                  text run at (0,0) width 131: "\x{21E6}THERE"
              LayoutTable {TABLE} at (3,40) size 139x45
                LayoutTableSection {TBODY} at (0,0) size 139x45
                  LayoutTableRow {TR} at (0,2) size 139x41
                    LayoutTableCell {TD} at (2,2) size 135x41 [border: none (2px solid #0000FF)] [r=0 c=0 rs=1 cs=1]
                      LayoutText {#text} at (3,1) size 131x36
                        text run at (3,1) width 131: "\x{21E6}THERE"
      LayoutBlockFlow {P} at (0,204) size 784x18
        LayoutText {#text} at (0,0) size 344x17
          text run at (0,0) width 344: "There should be 3 short lines and 2 long lines in total."
