layer at (0,0) size 800x600
  LayoutView at (0,0) size 800x600
layer at (0,0) size 800x299
  LayoutBlockFlow {HTML} at (0,0) size 800x299
    LayoutBlockFlow {BODY} at (8,8) size 784x283
      LayoutBlockFlow (floating) {DIV} at (0,0) size 196x279 [color=#FFFFFF] [bgcolor=#000080]
        LayoutBlockFlow {P} at (0,0) size 196x279
          LayoutText {#text} at (0,1) size 186x277
            text run at (0,1) width 139: "\x{21E6} This"
            text run at (0,60) width 167: "blue box"
            text run at (0,115) width 186: "should be"
            text run at (0,170) width 119: "on the"
            text run at (0,225) width 76: "left."
      LayoutBlockFlow (floating) {DIV} at (588,0) size 196x279 [color=#FFFFFF] [bgcolor=#008080]
        LayoutBlockFlow {P} at (0,0) size 196x279
          LayoutText {#text} at (0,1) size 186x273
            text run at (0,1) width 167: "This teal"
            text run at (0,56) width 72: "box"
            text run at (0,111) width 186: "should be"
            text run at (0,166) width 119: "on the"
            text run at (0,221) width 156: "right. \x{21E8}"
      LayoutBlockFlow {P} at (0,0) size 784x283
        LayoutText {#text} at (196,1) size 367x277
          text run at (196,1) width 367: "This text should be"
          text run at (196,56) width 338: "in between a blue"
          text run at (196,111) width 320: "box on the \x{21E6}left"
          text run at (196,170) width 328: "and a teal box on"
          text run at (196,225) width 215: "the right\x{21E8}."
