layer at (0,0) size 800x600
  LayoutView at (0,0) size 800x600
layer at (0,0) size 800x278
  LayoutBlockFlow {HTML} at (0,0) size 800x278
    LayoutBlockFlow {BODY} at (8,16) size 784x36
      LayoutBlockFlow {P} at (0,0) size 784x36 [color=#000080]
        LayoutText {#text} at (0,0) size 748x35
          text run at (0,0) width 428: "The blue boxes below should be in numeric order and form a \"D\". "
          text run at (427,0) width 321: "(Boxes labelled \"A\" should be in the first column;"
          text run at (0,18) width 96: "boxes labelled "
          text run at (95,18) width 362: "\"B\" should be in the second; arrows indicate the correct "
          text run at (456,18) width 74: "alignment.)"
      LayoutBlockFlow {DIV} at (16,52) size 320x0
        LayoutBlockFlow (floating) {P} at (4,4) size 126x34 [color=#FFFFFF] [bgcolor=#000080] [border: (3px solid #0000FF)]
          LayoutText {#text} at (7,7) size 42x17
            text run at (7,7) width 42: "\x{21E6} A 1"
        LayoutBlockFlow (floating) {P} at (138,4) size 126x34 [color=#FFFFFF] [bgcolor=#000080] [border: (3px solid #0000FF)]
          LayoutText {#text} at (7,7) size 41x17
            text run at (7,7) width 41: "\x{21E6} B 2"
        LayoutBlockFlow (floating) {P} at (4,46) size 126x34 [color=#FFFFFF] [bgcolor=#000080] [border: (3px solid #0000FF)]
          LayoutText {#text} at (7,7) size 42x17
            text run at (7,7) width 42: "\x{21E6} A 3"
        LayoutBlockFlow (floating) {P} at (190,46) size 126x34 [color=#FFFFFF] [bgcolor=#000080] [border: (3px solid #0000FF)]
          LayoutText {#text} at (78,7) size 41x17
            text run at (78,7) width 41: "B 4 \x{21E8}"
        LayoutBlockFlow (floating) {P} at (4,88) size 126x34 [color=#FFFFFF] [bgcolor=#000080] [border: (3px solid #0000FF)]
          LayoutText {#text} at (7,7) size 42x17
            text run at (7,7) width 42: "\x{21E6} A 5"
        LayoutBlockFlow (floating) {P} at (190,88) size 126x34 [color=#FFFFFF] [bgcolor=#000080] [border: (3px solid #0000FF)]
          LayoutText {#text} at (78,7) size 41x17
            text run at (78,7) width 41: "B 6 \x{21E8}"
        LayoutBlockFlow (floating) {P} at (190,130) size 126x34 [color=#FFFFFF] [bgcolor=#000080] [border: (3px solid #0000FF)]
          LayoutText {#text} at (78,7) size 41x17
            text run at (78,7) width 41: "B 8 \x{21E8}"
        LayoutBlockFlow (floating) {P} at (4,130) size 126x34 [color=#FFFFFF] [bgcolor=#000080] [border: (3px solid #0000FF)]
          LayoutText {#text} at (7,7) size 42x17
            text run at (7,7) width 42: "\x{21E6} A 7"
        LayoutBlockFlow (floating) {P} at (4,172) size 126x34 [color=#FFFFFF] [bgcolor=#000080] [border: (3px solid #0000FF)]
          LayoutText {#text} at (7,7) size 42x17
            text run at (7,7) width 42: "\x{21E6} A 9"
        LayoutBlockFlow (floating) {P} at (138,172) size 126x34 [color=#FFFFFF] [bgcolor=#000080] [border: (3px solid #0000FF)]
          LayoutText {#text} at (7,7) size 49x17
            text run at (7,7) width 49: "\x{21E6} B 10"
