layer at (0,0) size 800x600
  LayoutView at (0,0) size 800x600
layer at (0,0) size 800x262
  LayoutBlockFlow {HTML} at (0,0) size 800x262
    LayoutBlockFlow {BODY} at (8,8) size 784x0
      LayoutBlockFlow (floating) {DIV} at (0,0) size 588x254 [color=#FFFFFF] [bgcolor=#000080]
        LayoutBlockFlow (floating) {DIV} at (277,0) size 294x74 [color=#00FFFF] [bgcolor=#008080]
          LayoutBlockFlow {P} at (0,0) size 294x74
            LayoutText {#text} at (0,0) size 294x71
              text run at (0,0) width 294: "To the right of this teal box there should be a"
              text run at (0,18) width 103: "purple square, "
              text run at (102,18) width 192: "tightly squeezed in between"
              text run at (0,36) width 213: "the edge of the teal box and the "
              text run at (212,36) width 82: "outside edge"
              text run at (0,54) width 130: "of the blue block. \x{21E8}"
        LayoutBlockFlow {P} at (0,0) size 588x254
          LayoutText {#text} at (0,0) size 277x35
            text run at (0,0) width 277: "Inside this blue block on the right there"
            text run at (0,18) width 163: "should be a teal box. \x{21E8} "
          LayoutInline {SPAN} at (0,0) size 588x235 [color=#000080]
            LayoutText {#text} at (162,18) size 588x235
              text run at (162,18) width 115: "FAIL FAIL FAIL"
              text run at (0,38) width 277: "FAIL FAIL FAIL FAIL FAIL FAIL FAIL"
              text run at (0,56) width 81: "FAIL FAIL "
              text run at (80,56) width 197: "FAIL FAIL FAIL FAIL FAIL"
              text run at (0,74) width 277: "FAIL FAIL FAIL FAIL FAIL FAIL FAIL "
              text run at (276,74) width 312: "FAIL FAIL FAIL FAIL FAIL FAIL FAIL FAIL"
              text run at (0,92) width 158: "FAIL FAIL FAIL FAIL "
              text run at (157,92) width 431: "FAIL FAIL FAIL FAIL FAIL FAIL FAIL FAIL FAIL FAIL FAIL"
              text run at (0,110) width 40: "FAIL "
              text run at (39,110) width 475: "FAIL FAIL FAIL FAIL FAIL FAIL FAIL FAIL FAIL FAIL FAIL FAIL "
              text run at (513,110) width 75: "FAIL FAIL"
              text run at (0,128) width 395: "FAIL FAIL FAIL FAIL FAIL FAIL FAIL FAIL FAIL FAIL "
              text run at (394,128) width 194: "FAIL FAIL FAIL FAIL FAIL"
              text run at (0,146) width 277: "FAIL FAIL FAIL FAIL FAIL FAIL FAIL "
              text run at (276,146) width 312: "FAIL FAIL FAIL FAIL FAIL FAIL FAIL FAIL"
              text run at (0,164) width 158: "FAIL FAIL FAIL FAIL "
              text run at (157,164) width 431: "FAIL FAIL FAIL FAIL FAIL FAIL FAIL FAIL FAIL FAIL FAIL"
              text run at (0,182) width 40: "FAIL "
              text run at (39,182) width 475: "FAIL FAIL FAIL FAIL FAIL FAIL FAIL FAIL FAIL FAIL FAIL FAIL "
              text run at (513,182) width 75: "FAIL FAIL"
              text run at (0,200) width 395: "FAIL FAIL FAIL FAIL FAIL FAIL FAIL FAIL FAIL FAIL "
              text run at (394,200) width 194: "FAIL FAIL FAIL FAIL FAIL"
              text run at (0,218) width 277: "FAIL FAIL FAIL FAIL FAIL FAIL FAIL "
              text run at (276,218) width 312: "FAIL FAIL FAIL FAIL FAIL FAIL FAIL FAIL"
              text run at (0,236) width 150: "FAIL FAIL FAIL FAIL"
          LayoutText {#text} at (0,0) size 0x0
