layer at (0,0) size 800x600
  LayoutView at (0,0) size 800x600
layer at (0,0) size 800x94
  LayoutBlockFlow {HTML} at (0,0) size 800x94
    LayoutBlockFlow {BODY} at (8,16) size 784x70
      LayoutBlockFlow {P} at (0,0) size 784x18
        LayoutText {#text} at (0,0) size 237x17
          text run at (0,0) width 237: "The following two lines should look "
        LayoutInline {EM} at (0,0) size 93x17
          LayoutText {#text} at (236,0) size 93x17
            text run at (236,0) width 93: "approximately"
        LayoutText {#text} at (328,0) size 66x17
          text run at (328,0) width 66: " the same:"
      LayoutBlockFlow {DIV} at (0,34) size 784x18
        LayoutInline {SPAN} at (0,0) size 24x17
          LayoutInline {<pseudo:before>} at (0,0) size 24x17
            LayoutCounter (anonymous) at (0,0) size 24x17
              text run at (0,0) width 24: "\x{25A0}.\x{25A0}"
        LayoutText {#text} at (23,0) size 5x17
          text run at (23,0) width 5: " "
        LayoutInline {SPAN} at (0,0) size 24x17
          LayoutInline {<pseudo:before>} at (0,0) size 24x17
            LayoutCounter (anonymous) at (27,0) size 24x17
              text run at (27,0) width 24: "\x{25A0}.\x{25A0}"
        LayoutText {#text} at (50,0) size 5x17
          text run at (50,0) width 5: " "
        LayoutInline {SPAN} at (0,0) size 24x17
          LayoutInline {<pseudo:before>} at (0,0) size 24x17
            LayoutCounter (anonymous) at (54,0) size 24x17
              text run at (54,0) width 24: "\x{25A0}.\x{25A0}"
        LayoutText {#text} at (77,0) size 5x17
          text run at (77,0) width 5: " "
        LayoutInline {SPAN} at (0,0) size 25x17
          LayoutInline {<pseudo:before>} at (0,0) size 25x17
            LayoutCounter (anonymous) at (81,0) size 25x17
              text run at (81,0) width 25: "\x{25A0}.\x{25A0}"
        LayoutText {#text} at (105,0) size 5x17
          text run at (105,0) width 5: " "
        LayoutInline {SPAN} at (0,0) size 24x17
          LayoutInline {<pseudo:before>} at (0,0) size 24x17
            LayoutCounter (anonymous) at (109,0) size 24x17
              text run at (109,0) width 24: "\x{25A0}.\x{25A0}"
        LayoutText {#text} at (132,0) size 5x17
          text run at (132,0) width 5: " "
        LayoutInline {SPAN} at (0,0) size 24x17
          LayoutInline {<pseudo:before>} at (0,0) size 24x17
            LayoutCounter (anonymous) at (136,0) size 24x17
              text run at (136,0) width 24: "\x{25A0}.\x{25A0}"
        LayoutText {#text} at (159,0) size 5x17
          text run at (159,0) width 5: " "
        LayoutInline {SPAN} at (0,0) size 25x17
          LayoutInline {<pseudo:before>} at (0,0) size 25x17
            LayoutCounter (anonymous) at (163,0) size 25x17
              text run at (163,0) width 25: "\x{25A0}.\x{25A0}"
        LayoutText {#text} at (187,0) size 5x17
          text run at (187,0) width 5: " "
        LayoutInline {SPAN} at (0,0) size 24x17
          LayoutInline {<pseudo:before>} at (0,0) size 24x17
            LayoutCounter (anonymous) at (191,0) size 24x17
              text run at (191,0) width 24: "\x{25A0}.\x{25A0}"
        LayoutText {#text} at (214,0) size 5x17
          text run at (214,0) width 5: " "
        LayoutInline {SPAN} at (0,0) size 24x17
          LayoutInline {<pseudo:before>} at (0,0) size 24x17
            LayoutCounter (anonymous) at (218,0) size 24x17
              text run at (218,0) width 24: "\x{25A0}.\x{25A0}"
        LayoutText {#text} at (241,0) size 5x17
          text run at (241,0) width 5: " "
        LayoutInline {SPAN} at (0,0) size 25x17
          LayoutInline {<pseudo:before>} at (0,0) size 25x17
            LayoutCounter (anonymous) at (245,0) size 25x17
              text run at (245,0) width 25: "\x{25A0}.\x{25A0}"
        LayoutText {#text} at (269,0) size 5x17
          text run at (269,0) width 5: " "
        LayoutInline {SPAN} at (0,0) size 24x17
          LayoutInline {<pseudo:before>} at (0,0) size 24x17
            LayoutCounter (anonymous) at (273,0) size 24x17
              text run at (273,0) width 24: "\x{25A0}.\x{25A0}"
        LayoutText {#text} at (296,0) size 5x17
          text run at (296,0) width 5: " "
        LayoutInline {SPAN} at (0,0) size 24x17
          LayoutInline {<pseudo:before>} at (0,0) size 24x17
            LayoutCounter (anonymous) at (300,0) size 24x17
              text run at (300,0) width 24: "\x{25A0}.\x{25A0}"
        LayoutText {#text} at (0,0) size 0x0
      LayoutBlockFlow {DIV} at (0,52) size 784x18
        LayoutText {#text} at (0,0) size 380x17
          text run at (0,0) width 32: "\x{25FE}.\x{25FE} "
          text run at (32,0) width 32: "\x{25FE}.\x{25FE} "
          text run at (64,0) width 32: "\x{25FE}.\x{25FE} "
          text run at (96,0) width 32: "\x{25FE}.\x{25FE} "
          text run at (128,0) width 32: "\x{25FE}.\x{25FE} "
          text run at (160,0) width 32: "\x{25FE}.\x{25FE} "
          text run at (192,0) width 32: "\x{25FE}.\x{25FE} "
          text run at (224,0) width 32: "\x{25FE}.\x{25FE} "
          text run at (256,0) width 32: "\x{25FE}.\x{25FE} "
          text run at (288,0) width 32: "\x{25FE}.\x{25FE} "
          text run at (320,0) width 32: "\x{25FE}.\x{25FE} "
          text run at (352,0) width 28: "\x{25FE}.\x{25FE}"
