layer at (0,0) size 800x600
  LayoutView at (0,0) size 800x600
layer at (0,0) size 800x94
  LayoutBlockFlow {HTML} at (0,0) size 800x94
    LayoutBlockFlow {BODY} at (8,16) size 784x70
      LayoutBlockFlow {P} at (0,0) size 784x18
        LayoutText {#text} at (0,0) size 237x17
          text run at (0,0) width 237: "The following two lines should look "
        LayoutInline {EM} at (0,0) size 93x17
          LayoutText {#text} at (236,0) size 93x17
            text run at (236,0) width 93: "approximately"
        LayoutText {#text} at (328,0) size 66x17
          text run at (328,0) width 66: " the same:"
      LayoutBlockFlow {DIV} at (0,34) size 784x18
        LayoutInline {SPAN} at (0,0) size 6x17
          LayoutInline {<pseudo:before>} at (0,0) size 6x17
            LayoutCounter (anonymous) at (0,0) size 6x17
              text run at (0,0) width 6: "\x{25E6}"
        LayoutText {#text} at (5,0) size 5x17
          text run at (5,0) width 5: " "
        LayoutInline {SPAN} at (0,0) size 7x17
          LayoutInline {<pseudo:before>} at (0,0) size 7x17
            LayoutCounter (anonymous) at (9,0) size 7x17
              text run at (9,0) width 7: "\x{25E6}"
        LayoutText {#text} at (15,0) size 5x17
          text run at (15,0) width 5: " "
        LayoutInline {SPAN} at (0,0) size 7x17
          LayoutInline {<pseudo:before>} at (0,0) size 7x17
            LayoutCounter (anonymous) at (19,0) size 7x17
              text run at (19,0) width 7: "\x{25E6}"
        LayoutText {#text} at (25,0) size 5x17
          text run at (25,0) width 5: " "
        LayoutInline {SPAN} at (0,0) size 6x17
          LayoutInline {<pseudo:before>} at (0,0) size 6x17
            LayoutCounter (anonymous) at (29,0) size 6x17
              text run at (29,0) width 6: "\x{25E6}"
        LayoutText {#text} at (34,0) size 5x17
          text run at (34,0) width 5: " "
        LayoutInline {SPAN} at (0,0) size 7x17
          LayoutInline {<pseudo:before>} at (0,0) size 7x17
            LayoutCounter (anonymous) at (38,0) size 7x17
              text run at (38,0) width 7: "\x{25E6}"
        LayoutText {#text} at (44,0) size 5x17
          text run at (44,0) width 5: " "
        LayoutInline {SPAN} at (0,0) size 7x17
          LayoutInline {<pseudo:before>} at (0,0) size 7x17
            LayoutCounter (anonymous) at (48,0) size 7x17
              text run at (48,0) width 7: "\x{25E6}"
        LayoutText {#text} at (54,0) size 5x17
          text run at (54,0) width 5: " "
        LayoutInline {SPAN} at (0,0) size 6x17
          LayoutInline {<pseudo:before>} at (0,0) size 6x17
            LayoutCounter (anonymous) at (58,0) size 6x17
              text run at (58,0) width 6: "\x{25E6}"
        LayoutText {#text} at (63,0) size 5x17
          text run at (63,0) width 5: " "
        LayoutInline {SPAN} at (0,0) size 7x17
          LayoutInline {<pseudo:before>} at (0,0) size 7x17
            LayoutCounter (anonymous) at (67,0) size 7x17
              text run at (67,0) width 7: "\x{25E6}"
        LayoutText {#text} at (73,0) size 5x17
          text run at (73,0) width 5: " "
        LayoutInline {SPAN} at (0,0) size 7x17
          LayoutInline {<pseudo:before>} at (0,0) size 7x17
            LayoutCounter (anonymous) at (77,0) size 7x17
              text run at (77,0) width 7: "\x{25E6}"
        LayoutText {#text} at (83,0) size 5x17
          text run at (83,0) width 5: " "
        LayoutInline {SPAN} at (0,0) size 6x17
          LayoutInline {<pseudo:before>} at (0,0) size 6x17
            LayoutCounter (anonymous) at (87,0) size 6x17
              text run at (87,0) width 6: "\x{25E6}"
        LayoutText {#text} at (92,0) size 5x17
          text run at (92,0) width 5: " "
        LayoutInline {SPAN} at (0,0) size 7x17
          LayoutInline {<pseudo:before>} at (0,0) size 7x17
            LayoutCounter (anonymous) at (96,0) size 7x17
              text run at (96,0) width 7: "\x{25E6}"
        LayoutText {#text} at (102,0) size 5x17
          text run at (102,0) width 5: " "
        LayoutInline {SPAN} at (0,0) size 7x17
          LayoutInline {<pseudo:before>} at (0,0) size 7x17
            LayoutCounter (anonymous) at (106,0) size 7x17
              text run at (106,0) width 7: "\x{25E6}"
        LayoutText {#text} at (0,0) size 0x0
      LayoutBlockFlow {DIV} at (0,52) size 784x18
        LayoutText {#text} at (0,0) size 113x17
          text run at (0,0) width 10: "\x{25E6} "
          text run at (9,0) width 11: "\x{25E6} "
          text run at (19,0) width 11: "\x{25E6} "
          text run at (29,0) width 10: "\x{25E6} "
          text run at (38,0) width 11: "\x{25E6} "
          text run at (48,0) width 11: "\x{25E6} "
          text run at (58,0) width 10: "\x{25E6} "
          text run at (67,0) width 11: "\x{25E6} "
          text run at (77,0) width 11: "\x{25E6} "
          text run at (87,0) width 10: "\x{25E6} "
          text run at (96,0) width 11: "\x{25E6} "
          text run at (106,0) width 7: "\x{25E6}"
