layer at (0,0) size 800x600
  LayoutView at (0,0) size 800x600
layer at (0,0) size 800x288
  LayoutBlockFlow {HTML} at (0,0) size 800x288
    LayoutBlockFlow {BODY} at (8,18) size 784x252 [color=#000080]
      LayoutBlockFlow {P} at (0,0) size 784x252
        LayoutText {#text} at (0,8) size 771x56
          text run at (0,8) width 771: "This text should be 18px monospace, in small-caps, italicized, and very bold, with double"
          text run at (0,44) width 121: "line spacing. "
        LayoutInline {SPAN} at (0,0) size 765x200 [color=#C0C0C0]
          LayoutText {#text} at (120,44) size 765x200
            text run at (120,44) width 520: "dummy text dummy text dummy text dummy text dummy text dummy "
            text run at (639,44) width 126: "text dummy text"
            text run at (0,80) width 426: "dummy text dummy text dummy text dummy text dummy "
            text run at (425,80) width 313: "text dummy text dummy text dummy text"
            text run at (0,116) width 238: "dummy text dummy text dummy "
            text run at (238,116) width 501: "text dummy text dummy text dummy text dummy text dummy text"
            text run at (0,152) width 51: "dummy "
            text run at (50,152) width 563: "text dummy text dummy text dummy text dummy text dummy text dummy "
            text run at (612,152) width 126: "text dummy text"
            text run at (0,188) width 426: "dummy text dummy text dummy text dummy text dummy "
            text run at (425,188) width 313: "text dummy text dummy text dummy text"
            text run at (0,224) width 238: "dummy text dummy text dummy "
            text run at (238,224) width 501: "text dummy text dummy text dummy text dummy text dummy text"
        LayoutText {#text} at (0,0) size 0x0
