layer at (0,0) size 800x600
  LayoutView at (0,0) size 800x600
layer at (0,0) size 800x204
  LayoutBlockFlow {HTML} at (0,0) size 800x204
    LayoutBlockFlow {BODY} at (8,8) size 784x188
      LayoutSlider {INPUT} at (4,4) size 129x21 [color=#C4C4C4] [bgcolor=#FFFFFF]
        LayoutFlexibleBox {DIV} at (0,0) size 129x21
          LayoutBlockFlow {DIV} at (0,0) size 129x21
            LayoutBlockFlow {DIV} at (59,0) size 11x21
      LayoutText {#text} at (137,11) size 4x17
        text run at (137,11) width 4: " "
      LayoutBR {BR} at (141,11) size 0x17
      LayoutSlider {INPUT} at (4,33) size 135x27 [color=#C4C4C4] [bgcolor=#FFFFFF] [border: (3px solid #00FF00)]
        LayoutFlexibleBox {DIV} at (3,3) size 129x21
          LayoutBlockFlow {DIV} at (0,0) size 129x21
            LayoutBlockFlow {DIV} at (59,0) size 11x21
      LayoutText {#text} at (143,46) size 4x17
        text run at (143,46) width 4: " "
      LayoutSlider {INPUT} at (151,39) size 129x21 [color=#C4C4C4] [bgcolor=#FFFFFF]
        LayoutFlexibleBox {DIV} at (0,0) size 129x21
          LayoutBlockFlow {DIV} at (0,0) size 129x21
            LayoutBlockFlow {DIV} at (59,0) size 11x21
      LayoutText {#text} at (284,46) size 4x17
        text run at (284,46) width 4: " "
      LayoutBR {BR} at (288,46) size 0x17
      LayoutSlider {INPUT} at (4,68) size 129x21 [color=#C4C4C4]
        LayoutFlexibleBox {DIV} at (0,0) size 129x21
          LayoutBlockFlow {DIV} at (0,0) size 129x21
            LayoutBlockFlow {DIV} at (59,0) size 11x21
      LayoutText {#text} at (137,75) size 4x17
        text run at (137,75) width 4: " "
      LayoutBR {BR} at (141,75) size 0x17
      LayoutSlider {INPUT} at (4,97) size 129x21 [color=#C4C4C4] [bgcolor=#FFFFFF]
        LayoutFlexibleBox {DIV} at (0,0) size 129x21
          LayoutBlockFlow {DIV} at (0,0) size 129x21
            LayoutBlockFlow {DIV} at (59,0) size 11x21
      LayoutText {#text} at (137,104) size 4x17
        text run at (137,104) width 4: " "
      LayoutBR {BR} at (141,104) size 0x17
      LayoutSlider {INPUT} at (4,126) size 40x21 [color=#C4C4C4] [bgcolor=#FFFFFF]
        LayoutFlexibleBox {DIV} at (0,0) size 40x21
          LayoutBlockFlow {DIV} at (0,0) size 40x21
            LayoutBlockFlow {DIV} at (14.50,0) size 11x21
      LayoutText {#text} at (48,133) size 4x17
        text run at (48,133) width 4: " "
      LayoutSlider {INPUT} at (56,126) size 40x21 [color=#C4C4C4] [bgcolor=#FFFFFF]
        LayoutFlexibleBox {DIV} at (0,0) size 40x21
          LayoutBlockFlow {DIV} at (0,0) size 40x21
            LayoutBlockFlow {DIV} at (14.50,0) size 11x21
      LayoutText {#text} at (100,133) size 4x17
        text run at (100,133) width 4: " "
      LayoutSlider {INPUT} at (108,126) size 40x21 [color=#C4C4C4] [bgcolor=#FFFFFF]
        LayoutFlexibleBox {DIV} at (0,0) size 40x21
          LayoutBlockFlow {DIV} at (0,0) size 40x21
            LayoutBlockFlow {DIV} at (14.50,0) size 11x21
      LayoutText {#text} at (152,133) size 4x17
        text run at (152,133) width 4: " "
      LayoutBR {BR} at (156,133) size 0x17
      LayoutSlider {INPUT} at (6,159) size 193.50x21 [color=#C4C4C4] [bgcolor=#FFFFFF]
        LayoutFlexibleBox {DIV} at (0,0) size 193.50x21
          LayoutBlockFlow {DIV} at (0,0) size 193.50x21
            LayoutBlockFlow {DIV} at (91.25,0) size 11x21
      LayoutText {#text} at (205,166) size 5x17
        text run at (205,166) width 5: " "
      LayoutSlider {INPUT} at (217.50,159) size 258x21 [color=#C4C4C4] [bgcolor=#FFFFFF]
        LayoutFlexibleBox {DIV} at (0,0) size 258x21
          LayoutBlockFlow {DIV} at (0,0) size 258x21
            LayoutBlockFlow {DIV} at (123.50,0) size 11x21
      LayoutText {#text} at (483,166) size 5x17
        text run at (483,166) width 5: " "
      LayoutBR {BR} at (487,166) size 1x17
