layer at (0,0) size 800x600
  LayoutView at (0,0) size 800x600
layer at (0,0) size 800x600
  LayoutBlockFlow {HTML} at (0,0) size 800x600
    LayoutBlockFlow {BODY} at (8,8) size 784x584
      LayoutBlockFlow {P} at (0,0) size 784x20
        LayoutText {#text} at (0,0) size 51x19
          text run at (0,0) width 51: "Test for "
        LayoutInline {I} at (0,0) size 533x19
          LayoutInline {A} at (0,0) size 297x19 [color=#0000EE]
            LayoutText {#text} at (51,0) size 297x19
              text run at (51,0) width 297: "http://bugs.webkit.org/show_bug.cgi?id=9276"
          LayoutText {#text} at (348,0) size 236x19
            text run at (348,0) width 4: " "
            text run at (352,0) width 232: "Quirksmode: Image swap resize bug"
        LayoutText {#text} at (584,0) size 4x19
          text run at (584,0) width 4: "."
      LayoutBlockFlow {P} at (0,36) size 784x20
        LayoutText {#text} at (0,0) size 274x19
          text run at (0,0) width 274: "This should be a blue 100\x{D7}100 pixels square."
      LayoutBlockFlow (anonymous) at (0,72) size 784x100
        LayoutImage {IMG} at (0,0) size 100x100
        LayoutText {#text} at (0,0) size 0x0
