layer at (0,0) size 800x600
  LayoutView at (0,0) size 800x600
layer at (0,0) size 800x600
  LayoutBlockFlow {HTML} at (0,0) size 800x600
    LayoutBlockFlow {BODY} at (8,8) size 784x584
      LayoutBlockFlow {P} at (0,0) size 784x36
        LayoutText {#text} at (0,0) size 260x17
          text run at (0,0) width 260: "This test checks for a regression against "
        LayoutInline {I} at (0,0) size 756x35
          LayoutInline {A} at (0,0) size 353x17 [color=#0000EE]
            LayoutText {#text} at (259,0) size 353x17
              text run at (259,0) width 353: "http://bugzilla.opendarwin.org/show_bug.cgi?id=6276"
          LayoutText {#text} at (611,0) size 756x35
            text run at (611,0) width 5: " "
            text run at (615,0) width 141: "Image thumbnails are"
            text run at (0,18) width 196: "misplaced on forum.2ostrov.ru"
        LayoutText {#text} at (195,18) size 5x17
          text run at (195,18) width 5: "."
      LayoutBlockFlow {HR} at (0,52) size 784x2 [border: (1px inset #EEEEEE)]
      LayoutBlockFlow {P} at (0,70) size 784x18
        LayoutText {#text} at (0,0) size 235x17
          text run at (0,0) width 235: "Box 1 and box 2 should be identical."
      LayoutBlockFlow (anonymous) at (0,104) size 784x18
        LayoutText {#text} at (0,0) size 44x17
          text run at (0,0) width 44: "Box 1:"
      LayoutBlockFlow {DIV} at (0,122) size 67x80 [border: (1px solid #000000)]
        LayoutBlockFlow {DIV} at (6,6) size 40x20 [bgcolor=#0000FF]
        LayoutText {#text} at (6,32) size 16x17
          text run at (6,32) width 16: "A "
        LayoutBlockFlow {DIV} at (21.55,26) size 35x20 [bgcolor=#FF0000]
        LayoutText {#text} at (6,56) size 15x17
          text run at (6,56) width 15: "B "
        LayoutBlockFlow {DIV} at (20.67,50) size 20x20 [bgcolor=#008000]
        LayoutText {#text} at (40,56) size 16x17
          text run at (40,56) width 16: " C"
      LayoutBlockFlow (anonymous) at (0,202) size 784x36
        LayoutBR {BR} at (0,0) size 0x17
        LayoutText {#text} at (0,18) size 44x17
          text run at (0,18) width 44: "Box 2:"
      LayoutBlockFlow {DIV} at (0,238) size 67x80 [border: (1px solid #000000)]
        LayoutBlockFlow {DIV} at (6,6) size 40x20 [bgcolor=#0000FF]
        LayoutText {#text} at (6,32) size 16x17
          text run at (6,32) width 16: "A "
        LayoutBlockFlow {DIV} at (21.55,26) size 35x20 [bgcolor=#FF0000]
        LayoutText {#text} at (6,56) size 15x17
          text run at (6,56) width 15: "B "
        LayoutBlockFlow {DIV} at (20.67,50) size 20x20 [bgcolor=#008000]
        LayoutText {#text} at (40,56) size 16x17
          text run at (40,56) width 16: " C"
