layer at (0,0) size 800x600
  LayoutView at (0,0) size 800x600
layer at (0,0) size 800x600
  LayoutBlockFlow {HTML} at (0,0) size 800x600
    LayoutBlockFlow {BODY} at (8,8) size 784x584
      LayoutBlockFlow (anonymous) at (0,0) size 784x18
        LayoutText {#text} at (0,0) size 315x17
          text run at (0,0) width 315: "The following sets of buttons should not overlap."
      LayoutTable {TABLE} at (0,18) size 784x23
        LayoutTableSection {TBODY} at (0,0) size 784x23
          LayoutTableRow {TR} at (0,1) size 784x21
            LayoutTableCell {TD} at (1,1) size 9x21 [r=0 c=0 rs=1 cs=1]
              LayoutBlockFlow {INPUT} at (5,4) size 7x13
            LayoutTableCell {TD} at (11,1) size 9x21 [r=0 c=1 rs=1 cs=1]
              LayoutBlockFlow {INPUT} at (5,4) size 7x13
            LayoutTableCell {TD} at (21,1) size 9x21 [r=0 c=2 rs=1 cs=1]
              LayoutBlockFlow {INPUT} at (5,4) size 7x13
            LayoutTableCell {TD} at (31,1) size 752x20 [r=0 c=3 rs=1 cs=1]
              LayoutText {#text} at (1,1) size 4x17
                text run at (1,1) width 4: " "
