layer at (0,0) size 800x600
  LayoutView at (0,0) size 800x600
layer at (0,0) size 800x600
  LayoutBlockFlow {HTML} at (0,0) size 800x600
    LayoutBlockFlow {BODY} at (8,8) size 784x584
      LayoutBlockFlow (anonymous) at (0,0) size 784x18
        LayoutText {#text} at (0,0) size 229x17
          text run at (0,0) width 229: "These textfields should not overlap."
      LayoutTable {TABLE} at (0,18) size 784x26
        LayoutTableSection {TBODY} at (0,0) size 784x26
          LayoutTableRow {TR} at (0,1) size 784x24
            LayoutTableCell {TD} at (1,1) size 6x24 [r=0 c=0 rs=1 cs=1]
              LayoutTextControl {INPUT} at (1,1) size 4x22 [bgcolor=#FFFFFF] [border: (2px inset #EEEEEE)]
            LayoutTableCell {TD} at (8,1) size 6x24 [r=0 c=1 rs=1 cs=1]
              LayoutTextControl {INPUT} at (1,1) size 4x22 [bgcolor=#FFFFFF] [border: (2px inset #EEEEEE)]
            LayoutTableCell {TD} at (15,1) size 6x24 [r=0 c=2 rs=1 cs=1]
              LayoutTextControl {INPUT} at (1,1) size 4x22 [bgcolor=#FFFFFF] [border: (2px inset #EEEEEE)]
            LayoutTableCell {TD} at (22,3) size 761x20 [r=0 c=3 rs=1 cs=1]
              LayoutText {#text} at (1,1) size 4x17
                text run at (1,1) width 4: " "
      LayoutBlockFlow (anonymous) at (0,44) size 784x36
        LayoutBR {BR} at (0,0) size 0x17
        LayoutBR {BR} at (0,18) size 0x17
      LayoutTable {TABLE} at (0,80) size 784x26
        LayoutTableSection {TBODY} at (0,0) size 784x26
          LayoutTableRow {TR} at (0,1) size 784x24
            LayoutTableCell {TD} at (1,1) size 6x24 [r=0 c=0 rs=1 cs=1]
              LayoutTextControl {INPUT} at (1,1) size 4x22 [bgcolor=#FFFFFF] [border: (2px inset #EEEEEE)]
            LayoutTableCell {TD} at (8,1) size 6x24 [r=0 c=1 rs=1 cs=1]
              LayoutTextControl {INPUT} at (1,1) size 4x22 [bgcolor=#FFFFFF] [border: (2px inset #EEEEEE)]
            LayoutTableCell {TD} at (15,1) size 6x24 [r=0 c=2 rs=1 cs=1]
              LayoutTextControl {INPUT} at (1,1) size 4x22 [bgcolor=#FFFFFF] [border: (2px inset #EEEEEE)]
            LayoutTableCell {TD} at (22,3) size 761x20 [r=0 c=3 rs=1 cs=1]
              LayoutText {#text} at (1,1) size 4x17
                text run at (1,1) width 4: " "
layer at (12,31) size 0x16 scrollWidth 54
  LayoutBlockFlow {DIV} at (2,3) size 0x16
    LayoutText {#text} at (0,0) size 53x16
      text run at (0,0) width 53: "New Mail"
layer at (19,31) size 0x16 scrollWidth 34
  LayoutBlockFlow {DIV} at (2,3) size 0x16
    LayoutText {#text} at (0,0) size 33x16
      text run at (0,0) width 33: "Reply"
layer at (26,31) size 0x16 scrollWidth 53
  LayoutBlockFlow {DIV} at (2,3) size 0x16
    LayoutText {#text} at (0,0) size 52x16
      text run at (0,0) width 52: "Reply All"
layer at (12,93) size 0x16 scrollWidth 54
  LayoutBlockFlow {DIV} at (2,3) size 0x16
    LayoutText {#text} at (0,0) size 53x16
      text run at (0,0) width 53: "New Mail"
layer at (19,93) size 0x16 scrollWidth 34
  LayoutBlockFlow {DIV} at (2,3) size 0x16
    LayoutText {#text} at (0,0) size 33x16
      text run at (0,0) width 33: "Reply"
layer at (26,93) size 0x16 scrollWidth 53
  LayoutBlockFlow {DIV} at (2,3) size 0x16
    LayoutText {#text} at (0,0) size 52x16
      text run at (0,0) width 52: "Reply All"
