layer at (0,0) size 800x600
  LayoutView at (0,0) size 800x600
layer at (0,0) size 800x600
  LayoutBlockFlow {HTML} at (0,0) size 800x600
    LayoutBlockFlow {BODY} at (8,8) size 784x584
      LayoutBlockFlow (anonymous) at (0,0) size 784x18
        LayoutText {#text} at (0,0) size 256x17
          text run at (0,0) width 256: "The textareas below should not overlap."
      LayoutTable {TABLE} at (0,18) size 784x40
        LayoutTableSection {TBODY} at (0,0) size 784x40
          LayoutTableRow {TR} at (0,1) size 784x38
            LayoutTableCell {TD} at (1,1) size 6x38 [r=0 c=0 rs=1 cs=1]
            LayoutTableCell {TD} at (8,1) size 6x38 [r=0 c=1 rs=1 cs=1]
            LayoutTableCell {TD} at (15,1) size 6x38 [r=0 c=2 rs=1 cs=1]
            LayoutTableCell {TD} at (22,10) size 761x20 [r=0 c=3 rs=1 cs=1]
              LayoutText {#text} at (1,1) size 4x17
                text run at (1,1) width 4: " "
      LayoutBlockFlow (anonymous) at (0,58) size 784x36
        LayoutBR {BR} at (0,0) size 0x17
        LayoutBR {BR} at (0,18) size 0x17
      LayoutTable {TABLE} at (0,94) size 784x40
        LayoutTableSection {TBODY} at (0,0) size 784x40
          LayoutTableRow {TR} at (0,1) size 784x38
            LayoutTableCell {TD} at (1,1) size 6x38 [r=0 c=0 rs=1 cs=1]
            LayoutTableCell {TD} at (8,1) size 6x38 [r=0 c=1 rs=1 cs=1]
            LayoutTableCell {TD} at (15,1) size 6x38 [r=0 c=2 rs=1 cs=1]
            LayoutTableCell {TD} at (22,10) size 761x20 [r=0 c=3 rs=1 cs=1]
              LayoutText {#text} at (1,1) size 4x17
                text run at (1,1) width 4: " "
layer at (10,28) size 4x36 clip at (0,0) size 0x0 scrollWidth 10 scrollHeight 50
  LayoutTextControl {TEXTAREA} at (1,1) size 4x36 [bgcolor=#FFFFFF] [border: (1px solid #A9A9A9)]
    LayoutBlockFlow {DIV} at (3,3) size 0x48
      LayoutText {#text} at (0,0) size 8x48
        text run at (0,0) width 8: "o"
        text run at (0,16) width 8: "n"
        text run at (0,32) width 8: "e"
layer at (17,28) size 4x36 clip at (0,0) size 0x0 scrollWidth 10 scrollHeight 50
  LayoutTextControl {TEXTAREA} at (1,1) size 4x36 [bgcolor=#FFFFFF] [border: (1px solid #A9A9A9)]
    LayoutBlockFlow {DIV} at (3,3) size 0x48
      LayoutText {#text} at (0,0) size 8x48
        text run at (0,0) width 8: "t"
        text run at (0,16) width 8: "w"
        text run at (0,32) width 8: "o"
layer at (24,28) size 4x36 clip at (0,0) size 0x0 scrollWidth 10 scrollHeight 82
  LayoutTextControl {TEXTAREA} at (1,1) size 4x36 [bgcolor=#FFFFFF] [border: (1px solid #A9A9A9)]
    LayoutBlockFlow {DIV} at (3,3) size 0x80
      LayoutText {#text} at (0,0) size 8x80
        text run at (0,0) width 8: "t"
        text run at (0,16) width 8: "h"
        text run at (0,32) width 8: "r"
        text run at (0,48) width 8: "e"
        text run at (0,64) width 8: "e"
layer at (10,104) size 4x36 clip at (0,0) size 0x0 scrollWidth 10 scrollHeight 210
  LayoutTextControl {TEXTAREA} at (1,1) size 4x36 [bgcolor=#FFFFFF] [border: (1px solid #A9A9A9)]
    LayoutBlockFlow {DIV} at (3,3) size 0x208
      LayoutText {#text} at (0,0) size 8x208
        text run at (0,0) width 8: "o"
        text run at (0,16) width 8: "n"
        text run at (0,32) width 8: "e"
        text run at (0,48) width 0: " "
        text run at (0,64) width 8: "t"
        text run at (0,80) width 8: "w"
        text run at (0,96) width 8: "o"
        text run at (0,112) width 0: " "
        text run at (0,128) width 8: "t"
        text run at (0,144) width 8: "h"
        text run at (0,160) width 8: "r"
        text run at (0,176) width 8: "e"
        text run at (0,192) width 8: "e"
layer at (17,104) size 4x36 clip at (0,0) size 0x0 scrollWidth 10 scrollHeight 50
  LayoutTextControl {TEXTAREA} at (1,1) size 4x36 [bgcolor=#FFFFFF] [border: (1px solid #A9A9A9)]
    LayoutBlockFlow {DIV} at (3,3) size 0x48
      LayoutText {#text} at (0,0) size 8x48
        text run at (0,0) width 8: "t"
        text run at (0,16) width 8: "w"
        text run at (0,32) width 8: "o"
layer at (24,104) size 4x36 clip at (0,0) size 0x0 scrollWidth 10 scrollHeight 82
  LayoutTextControl {TEXTAREA} at (1,1) size 4x36 [bgcolor=#FFFFFF] [border: (1px solid #A9A9A9)]
    LayoutBlockFlow {DIV} at (3,3) size 0x80
      LayoutText {#text} at (0,0) size 8x80
        text run at (0,0) width 8: "t"
        text run at (0,16) width 8: "h"
        text run at (0,32) width 8: "r"
        text run at (0,48) width 8: "e"
        text run at (0,64) width 8: "e"
