layer at (0,0) size 800x600
  LayoutView at (0,0) size 800x600
layer at (0,0) size 800x600
  LayoutBlockFlow {HTML} at (0,0) size 800x600
    LayoutBlockFlow {BODY} at (8,8) size 784x576
      LayoutBlockFlow {P} at (0,0) size 784x20
        LayoutText {#text} at (0,0) size 50x19
          text run at (0,0) width 50: "Test for "
        LayoutInline {I} at (0,0) size 667x19
          LayoutInline {A} at (0,0) size 312x19 [color=#0000EE]
            LayoutText {#text} at (49,0) size 312x19
              text run at (49,0) width 312: "https://bugs.webkit.org/show_bug.cgi?id=19525"
          LayoutText {#text} at (360,0) size 356x19
            text run at (360,0) width 5: " "
            text run at (364,0) width 352: "-webkit-box-reflect in hyperlink causes webkit to crash"
        LayoutText {#text} at (715,0) size 5x19
          text run at (715,0) width 5: "."
      LayoutBlockFlow {P} at (0,36) size 784x20
        LayoutText {#text} at (0,0) size 164x19
          text run at (0,0) width 164: "Because it is an inline flow, "
        LayoutInline {SPAN} at (0,0) size 53x19
          LayoutText {#text} at (163,0) size 53x19
            text run at (163,0) width 53: "this span"
        LayoutText {#text} at (215,0) size 420x19
          text run at (215,0) width 420: " should not have a reflection, and selecting it should not cause a crash."
selection start: position 0 of child 0 {#text} of child 1 {SPAN} of child 2 {P} of body
selection end:   position 9 of child 0 {#text} of child 1 {SPAN} of child 2 {P} of body
