ALERT: 0.1724137931034483
layer at (0,0) size 800x600
  LayoutView at (0,0) size 800x600
layer at (0,0) size 800x600
  LayoutBlockFlow {HTML} at (0,0) size 800x600
    LayoutBlockFlow {BODY} at (8,8) size 784x576
      LayoutBlockFlow {P} at (0,0) size 784x18
        LayoutText {#text} at (0,0) size 221x18
          text run at (0,0) width 221: "This tests for a drag select crasher."
      LayoutBlockFlow {DIV} at (0,34) size 784x19
        LayoutInline {SPAN} at (0,0) size 66x18
          LayoutText {#text} at (0,0) size 66x18
            text run at (0,0) width 66: "Start here."
        LayoutText {#text} at (65,0) size 5x18
          text run at (65,0) width 5: " "
        LayoutTextControl {INPUT} at (69.75,0) size 123x19 [bgcolor=#FFFFFF] [border: (2px inset #EEEEEE)]
      LayoutBlockFlow {UL} at (0,69) size 784x0
layer at (81,45) size 117x13
  LayoutBlockFlow {DIV} at (3,3) size 117x13
selection start: position 4 of child 0 {#text} of child 0 {SPAN} of child 2 {DIV} of body
selection end:   position 1 of child 1 {#text} of child 2 {DIV} of body
