layer at (0,0) size 800x600 scrollWidth 827 scrollHeight 1715
  LayoutView at (0,0) size 800x600
layer at (0,0) size 800x1715 backgroundClip at (0,0) size 800x600 clip at (0,0) size 800x600
  LayoutBlockFlow {HTML} at (0,0) size 800x1715.33
    LayoutBlockFlow {BODY} at (8,17.41) size 784x1684.92 [color=#00FF00] [bgcolor=#333333]
      LayoutBlockFlow {H1} at (0,0) size 784x30
        LayoutText {#text} at (0,0) size 515x30
          text run at (0,0) width 515: "CSS2 Table Backgrounds Test Suite"
      LayoutBlockFlow {H2} at (0,47.41) size 784x23
        LayoutText {#text} at (0,0) size 59x23
          text run at (0,0) width 59: "Notes"
      LayoutBlockFlow {P} at (0,86.58) size 784x75
        LayoutText {#text} at (0,0) size 710x30
          text run at (0,0) width 710: "This test suite is not endorsed or approved by the W3C or anyone besides fantasai. It tests"
          text run at (0,15) width 203: "conformance to fantasai's "
        LayoutInline {A} at (0,0) size 306x15 [color=#FFFF00]
          LayoutText {#text} at (202,15) size 306x15
            text run at (202,15) width 306: "table background clarification proposal"
        LayoutText {#text} at (507,15) size 773x60
          text run at (507,15) width 180: ", not the official CSS2"
          text run at (0,30) width 773: "specification. The intent is to demonstrate the proposal's effects under various styling conditions"
          text run at (0,45) width 765: "and to clarify any ambiguity in the proposal in preparation for a better-worded errata suggestion."
          text run at (0,60) width 476: "It's not particularly well-designed, but it is comprehensive."
      LayoutBlockFlow {P} at (0,174.58) size 784x30
        LayoutText {#text} at (0,0) size 781x30
          text run at (0,0) width 781: "This test suite (this page and all pages linked from the table of contents below) and its background"
          text run at (0,15) width 749: "images (listed below) are in the public domain by assertion of their author. No rights reserved."
      LayoutBlockFlow {P} at (0,217.58) size 784x15
        LayoutText {#text} at (0,0) size 383x15
          text run at (0,0) width 383: "The images used as backgrounds are the following:"
      LayoutBlockFlow {UL} at (0,245.58) size 784x745
        LayoutListItem {LI} at (40,0) size 744x33
          LayoutListMarker (anonymous) at (-16,18) size 6x15: bullet
          LayoutImage {IMG} at (0,0) size 80x30
          LayoutText {#text} at (0,0) size 0x0
        LayoutListItem {LI} at (40,33) size 744x83
          LayoutListMarker (anonymous) at (-16,68) size 6x15: bullet
          LayoutImage {IMG} at (0,0) size 30x80
          LayoutText {#text} at (0,0) size 0x0
        LayoutListItem {LI} at (40,116) size 744x629
          LayoutListMarker (anonymous) at (-16,0) size 6x15: bullet
          LayoutImage {IMG} at (0,15) size 779x611
          LayoutText {#text} at (0,0) size 0x0
      LayoutBlockFlow {P} at (0,1003.58) size 784x15
        LayoutText {#text} at (0,0) size 328x15
          text run at (0,0) width 328: "They are in GIF format, with transparency."
      LayoutBlockFlow {P} at (0,1031.58) size 784x30
        LayoutText {#text} at (0,0) size 765x30
          text run at (0,0) width 765: "Each color band in the rainbow backgrounds is 20 pixels wide. Each stripe within the color band is"
          text run at (0,15) width 125: "two pixels wide."
      LayoutBlockFlow {P} at (0,1074.58) size 784x15
        LayoutText {#text} at (0,0) size 710x15
          text run at (0,0) width 710: "The aqua and purple band is 10 pixels wide. Each stripe within the band is two pixels wide."
      LayoutBlockFlow {P} at (0,1102.58) size 784x15
        LayoutText {#text} at (0,0) size 726x15
          text run at (0,0) width 726: "Many image background rules in this test suite are backed up with a 'black' background color."
      LayoutBlockFlow {P} at (0,1130.58) size 784x45
        LayoutText {#text} at (0,0) size 227x15
          text run at (0,0) width 227: "This test suite assumes that "
        LayoutInline {STRONG} at (0,0) size 765x30
          LayoutText {#text} at (226,0) size 765x30
            text run at (226,0) width 539: "the border edge for a table element in a table with collapsed borders"
            text run at (0,15) width 55: "is the "
          LayoutInline {EM} at (0,0) size 48x15
            LayoutText {#text} at (54,15) size 48x15
              text run at (54,15) width 48: "middle"
          LayoutText {#text} at (101,15) size 492x15
            text run at (101,15) width 492: " of the border around the element, not the outer or inner edge."
        LayoutText {#text} at (592,15) size 773x30
          text run at (592,15) width 181: " (This also needs to be"
          text run at (0,30) width 632: "addressed by CSS2.1.) It also assumes support for proper ordering of tables with "
        LayoutInline {CODE} at (0,0) size 56x15
          LayoutText {#text} at (631,30) size 56x15
            text run at (631,30) width 56: "<tfoot>"
        LayoutText {#text} at (686,30) size 9x15
          text run at (686,30) width 9: "."
      LayoutBlockFlow {H2} at (0,1191.75) size 784x23
        LayoutText {#text} at (0,0) size 199x23
          text run at (0,0) width 199: "Table of Contents"
      LayoutBlockFlow {OL} at (0,1230.92) size 784x454
        LayoutListItem {LI} at (40,0) size 744x105
          LayoutBlockFlow (anonymous) at (0,0) size 744x15
            LayoutListMarker (anonymous) at (-23.39,0) size 23.39x15: "A"
            LayoutText {#text} at (0,0) size 118x15
              text run at (0,0) width 118: "Background Area"
          LayoutBlockFlow {OL} at (0,15) size 744x90
            LayoutListItem {LI} at (40,0) size 704x15
              LayoutListMarker (anonymous) at (-23.39,0) size 23.39x15: "1"
              LayoutInline {A} at (0,0) size 164x15 [color=#FFFF00]
                LayoutText {#text} at (0,0) size 164x15
                  text run at (0,0) width 164: "Background on 'table'"
              LayoutText {#text} at (0,0) size 0x0
            LayoutListItem {LI} at (40,15) size 704x15
              LayoutListMarker (anonymous) at (-23.39,0) size 23.39x15: "2"
              LayoutInline {A} at (0,0) size 242x15 [color=#FFFF00]
                LayoutText {#text} at (0,0) size 242x15
                  text run at (0,0) width 242: "Background on 'table-row-group'"
              LayoutText {#text} at (0,0) size 0x0
            LayoutListItem {LI} at (40,30) size 704x15
              LayoutListMarker (anonymous) at (-23.39,0) size 23.39x15: "3"
              LayoutInline {A} at (0,0) size 266x15 [color=#FFFF00]
                LayoutText {#text} at (0,0) size 266x15
                  text run at (0,0) width 266: "Background on 'table-column-group'"
              LayoutText {#text} at (0,0) size 0x0
            LayoutListItem {LI} at (40,45) size 704x15
              LayoutListMarker (anonymous) at (-23.39,0) size 23.39x15: "4"
              LayoutInline {A} at (0,0) size 196x15 [color=#FFFF00]
                LayoutText {#text} at (0,0) size 196x15
                  text run at (0,0) width 196: "Background on 'table-row'"
              LayoutText {#text} at (0,0) size 0x0
            LayoutListItem {LI} at (40,60) size 704x15
              LayoutListMarker (anonymous) at (-23.39,0) size 23.39x15: "5"
              LayoutInline {A} at (0,0) size 219x15 [color=#FFFF00]
                LayoutText {#text} at (0,0) size 219x15
                  text run at (0,0) width 219: "Background on 'table-column'"
              LayoutText {#text} at (0,0) size 0x0
            LayoutListItem {LI} at (40,75) size 704x15
              LayoutListMarker (anonymous) at (-23.39,0) size 23.39x15: "6"
              LayoutInline {A} at (0,0) size 203x15 [color=#FFFF00]
                LayoutText {#text} at (0,0) size 203x15
                  text run at (0,0) width 203: "Background on 'table-cell'"
              LayoutText {#text} at (0,0) size 0x0
        LayoutListItem {LI} at (40,105) size 744x105
          LayoutBlockFlow (anonymous) at (0,0) size 744x15
            LayoutListMarker (anonymous) at (-23.39,0) size 23.39x15: "B"
            LayoutText {#text} at (0,0) size 149x15
              text run at (0,0) width 149: "Background Position"
          LayoutBlockFlow {OL} at (0,15) size 744x90
            LayoutListItem {LI} at (40,0) size 704x15
              LayoutListMarker (anonymous) at (-23.39,0) size 23.39x15: "1"
              LayoutInline {A} at (0,0) size 164x15 [color=#FFFF00]
                LayoutText {#text} at (0,0) size 164x15
                  text run at (0,0) width 164: "Background on 'table'"
              LayoutText {#text} at (0,0) size 0x0
            LayoutListItem {LI} at (40,15) size 704x15
              LayoutListMarker (anonymous) at (-23.39,0) size 23.39x15: "2"
              LayoutInline {A} at (0,0) size 242x15 [color=#FFFF00]
                LayoutText {#text} at (0,0) size 242x15
                  text run at (0,0) width 242: "Background on 'table-row-group'"
              LayoutText {#text} at (0,0) size 0x0
            LayoutListItem {LI} at (40,30) size 704x15
              LayoutListMarker (anonymous) at (-23.39,0) size 23.39x15: "3"
              LayoutInline {A} at (0,0) size 266x15 [color=#FFFF00]
                LayoutText {#text} at (0,0) size 266x15
                  text run at (0,0) width 266: "Background on 'table-column-group'"
              LayoutText {#text} at (0,0) size 0x0
            LayoutListItem {LI} at (40,45) size 704x15
              LayoutListMarker (anonymous) at (-23.39,0) size 23.39x15: "4"
              LayoutInline {A} at (0,0) size 196x15 [color=#FFFF00]
                LayoutText {#text} at (0,0) size 196x15
                  text run at (0,0) width 196: "Background on 'table-row'"
              LayoutText {#text} at (0,0) size 0x0
            LayoutListItem {LI} at (40,60) size 704x15
              LayoutListMarker (anonymous) at (-23.39,0) size 23.39x15: "5"
              LayoutInline {A} at (0,0) size 219x15 [color=#FFFF00]
                LayoutText {#text} at (0,0) size 219x15
                  text run at (0,0) width 219: "Background on 'table-column'"
              LayoutText {#text} at (0,0) size 0x0
            LayoutListItem {LI} at (40,75) size 704x15
              LayoutListMarker (anonymous) at (-23.39,0) size 23.39x15: "6"
              LayoutInline {A} at (0,0) size 203x15 [color=#FFFF00]
                LayoutText {#text} at (0,0) size 203x15
                  text run at (0,0) width 203: "Background on 'table-cell'"
              LayoutText {#text} at (0,0) size 0x0
        LayoutListItem {LI} at (40,210) size 744x45
          LayoutBlockFlow (anonymous) at (0,0) size 744x15
            LayoutListMarker (anonymous) at (-23.39,0) size 23.39x15: "C"
            LayoutText {#text} at (0,0) size 133x15
              text run at (0,0) width 133: "Background Layers"
          LayoutBlockFlow {OL} at (0,15) size 744x30
            LayoutListItem {LI} at (40,0) size 704x15
              LayoutListMarker (anonymous) at (-23.39,0) size 23.39x15: "1"
              LayoutInline {A} at (0,0) size 133x15 [color=#FFFF00]
                LayoutText {#text} at (0,0) size 133x15
                  text run at (0,0) width 133: "empty-cells: show"
              LayoutText {#text} at (0,0) size 0x0
            LayoutListItem {LI} at (40,15) size 704x15
              LayoutListMarker (anonymous) at (-23.39,0) size 23.39x15: "2"
              LayoutInline {A} at (0,0) size 133x15 [color=#FFFF00]
                LayoutText {#text} at (0,0) size 133x15
                  text run at (0,0) width 133: "empty-cells: hide"
              LayoutText {#text} at (0,0) size 0x0
        LayoutListItem {LI} at (40,255) size 744x199
          LayoutBlockFlow (anonymous) at (0,0) size 744x15
            LayoutListMarker (anonymous) at (-23.39,0) size 23.39x15: "D"
            LayoutText {#text} at (0,0) size 180x15
              text run at (0,0) width 180: "Background with Borders"
          LayoutBlockFlow {OL} at (0,15) size 744x135
            LayoutListItem {LI} at (40,0) size 704x15
              LayoutListMarker (anonymous) at (-23.39,0) size 23.39x15: "1"
              LayoutInline {A} at (0,0) size 164x15 [color=#FFFF00]
                LayoutText {#text} at (0,0) size 164x15
                  text run at (0,0) width 164: "Background on 'table'"
              LayoutText {#text} at (0,0) size 0x0
            LayoutListItem {LI} at (40,15) size 704x15
              LayoutListMarker (anonymous) at (-23.39,0) size 23.39x15: "2"
              LayoutInline {A} at (0,0) size 242x15 [color=#FFFF00]
                LayoutText {#text} at (0,0) size 242x15
                  text run at (0,0) width 242: "Background on 'table-row-group'"
              LayoutText {#text} at (0,0) size 0x0
            LayoutListItem {LI} at (40,30) size 704x15
              LayoutListMarker (anonymous) at (-23.39,0) size 23.39x15: "3"
              LayoutInline {A} at (0,0) size 266x15 [color=#FFFF00]
                LayoutText {#text} at (0,0) size 266x15
                  text run at (0,0) width 266: "Background on 'table-column-group'"
              LayoutText {#text} at (0,0) size 0x0
            LayoutListItem {LI} at (40,45) size 704x15
              LayoutListMarker (anonymous) at (-23.39,0) size 23.39x15: "4"
              LayoutInline {A} at (0,0) size 196x15 [color=#FFFF00]
                LayoutText {#text} at (0,0) size 196x15
                  text run at (0,0) width 196: "Background on 'table-row'"
              LayoutText {#text} at (0,0) size 0x0
            LayoutListItem {LI} at (40,60) size 704x15
              LayoutListMarker (anonymous) at (-23.39,0) size 23.39x15: "5"
              LayoutInline {A} at (0,0) size 219x15 [color=#FFFF00]
                LayoutText {#text} at (0,0) size 219x15
                  text run at (0,0) width 219: "Background on 'table-column'"
              LayoutText {#text} at (0,0) size 0x0
            LayoutListItem {LI} at (40,75) size 704x15
              LayoutListMarker (anonymous) at (-23.39,0) size 23.39x15: "6"
              LayoutInline {A} at (0,0) size 203x15 [color=#FFFF00]
                LayoutText {#text} at (0,0) size 203x15
                  text run at (0,0) width 203: "Background on 'table-cell'"
              LayoutText {#text} at (0,0) size 0x0
            LayoutListItem {LI} at (40,90) size 704x45
              LayoutBlockFlow (anonymous) at (0,0) size 704x15
                LayoutListMarker (anonymous) at (-23.39,0) size 23.39x15: "7"
                LayoutText {#text} at (0,0) size 102x15
                  text run at (0,0) width 102: "Special Tests"
              LayoutBlockFlow {OL} at (0,15) size 704x30
                LayoutListItem {LI} at (40,0) size 664x15
                  LayoutListMarker (anonymous) at (-23.39,0) size 23.39x15: "1"
                  LayoutInline {A} at (0,0) size 55x15 [color=#FFFF00]
                    LayoutText {#text} at (0,0) size 55x15
                      text run at (0,0) width 55: "Opacity"
                  LayoutText {#text} at (0,0) size 0x0
                LayoutListItem {LI} at (40,15) size 664x15
                  LayoutListMarker (anonymous) at (-23.39,0) size 23.39x15: "2"
                  LayoutInline {A} at (0,0) size 133x15 [color=#FFFF00]
                    LayoutText {#text} at (0,0) size 133x15
                      text run at (0,0) width 133: "Fixed Backgrounds"
                  LayoutText {#text} at (0,0) size 0x0
          LayoutBlockFlow {DIV} at (0,150) size 744x34
            LayoutInline {A} at (0,0) size 88x15 [color=#FFFF00]
              LayoutImage {IMG} at (0,0) size 88x31
            LayoutText {#text} at (0,0) size 0x0
          LayoutBlockFlow {ADDRESS} at (0,184) size 744x15
            LayoutText {#text} at (0,0) size 687x15
              text run at (0,0) width 687: "CSS2 Table Backgrounds Test Suite designed and written by fantasai <fantasai@escape.com>"
