layer at (0,0) size 800x600
  LayoutView at (0,0) size 800x600
layer at (0,0) size 800x600
  LayoutBlockFlow {HTML} at (0,0) size 800x600
    LayoutBlockFlow {BODY} at (8,8) size 784x584
      LayoutBlockFlow {DIV} at (0,0) size 784x29
        LayoutText {#text} at (0,1) size 140x26
          text run at (0,1) width 140: "\x{653B}\x{6BBB}\x{2307}\x{30FC}\x{FF1C}\x{FF1D}4"
      LayoutBlockFlow {DIV} at (0,29) size 114x190
        LayoutBlockFlow {DIV} at (0,10) size 28x170
          LayoutText {#text} at (1,0) size 26x156
            text run at (1,0) width 156: "\x{653B}\x{6BBB}\x{2307}\x{30FC}\x{FF1C}\x{FF1D}4"
        LayoutBlockFlow {DIV} at (28,10) size 28x170 [color=#0000FF]
          LayoutText {#text} at (1,0) size 26x170
            text run at (1,0) width 170: "\x{653B}\x{6BBB}\x{2307}\x{30FC}\x{FF1C}\x{FF1D}4"
        LayoutBlockFlow {DIV} at (56,10) size 29x170 [color=#008080]
          LayoutText {#text} at (1,0) size 26x140
            text run at (1,0) width 140: "\x{653B}\x{6BBB}\x{2307}\x{30FC}\x{FF1C}\x{FF1D}4"
        LayoutBlockFlow {DIV} at (85,10) size 29x170 [color=#A52A2A]
          LayoutText {#text} at (1,0) size 26x140
            text run at (1,0) width 140: "\x{653B}\x{6BBB}\x{2307}\x{30FC}\x{FF1C}\x{FF1D}4"
      LayoutBlockFlow {DIV} at (0,219) size 114x190
        LayoutBlockFlow {DIV} at (0,10) size 28x170
          LayoutText {#text} at (1,0) size 26x156
            text run at (1,0) width 156: "\x{653B}\x{6BBB}\x{2307}\x{30FC}\x{FF1C}\x{FF1D}4"
        LayoutBlockFlow {DIV} at (28,10) size 28x170 [color=#0000FF]
          LayoutText {#text} at (1,0) size 26x170
            text run at (1,0) width 170: "\x{653B}\x{6BBB}\x{2307}\x{30FC}\x{FF1C}\x{FF1D}4"
        LayoutBlockFlow {DIV} at (56,10) size 29x170 [color=#008080]
          LayoutText {#text} at (1,0) size 26x140
            text run at (1,0) width 140: "\x{653B}\x{6BBB}\x{2307}\x{30FC}\x{FF1C}\x{FF1D}4"
        LayoutBlockFlow {DIV} at (85,10) size 29x170 [color=#A52A2A]
          LayoutText {#text} at (1,0) size 26x140
            text run at (1,0) width 140: "\x{653B}\x{6BBB}\x{2307}\x{30FC}\x{FF1C}\x{FF1D}4"
      LayoutBlockFlow {DIV} at (0,409) size 114x170
        LayoutBlockFlow {DIV} at (0,0) size 28x170
          LayoutText {#text} at (1,0) size 26x156
            text run at (1,0) width 156: "\x{653B}\x{6BBB}\x{2307}\x{30FC}\x{FF1C}\x{FF1D}4"
        LayoutBlockFlow {DIV} at (28,0) size 28x170 [color=#0000FF]
          LayoutText {#text} at (1,0) size 26x170
            text run at (1,0) width 170: "\x{653B}\x{6BBB}\x{2307}\x{30FC}\x{FF1C}\x{FF1D}4"
        LayoutBlockFlow {DIV} at (56,0) size 29x170 [color=#008080]
          LayoutText {#text} at (1,0) size 26x140
            text run at (1,0) width 140: "\x{653B}\x{6BBB}\x{2307}\x{30FC}\x{FF1C}\x{FF1D}4"
        LayoutBlockFlow {DIV} at (85,0) size 29x170 [color=#A52A2A]
          LayoutText {#text} at (1,0) size 26x140
            text run at (1,0) width 140: "\x{653B}\x{6BBB}\x{2307}\x{30FC}\x{FF1C}\x{FF1D}4"
