layer at (0,0) size 800x600
  LayoutView at (0,0) size 800x600
layer at (0,0) size 800x600
  LayoutBlockFlow {HTML} at (0,0) size 800x600
    LayoutBlockFlow {BODY} at (8,8) size 784x584
      LayoutBlockFlow {P} at (0,0) size 784x36
        LayoutInline {A} at (0,0) size 310x18 [color=#0000EE]
          LayoutText {#text} at (0,0) size 310x18
            text run at (0,0) width 310: "https://bugs.webkit.org/show_bug.cgi?id=25066"
        LayoutBR {BR} at (309,14) size 1x0
        LayoutText {#text} at (0,18) size 375x18
          text run at (0,18) width 375: "controls should not be misplaced when video gets a Layer."
      LayoutBlockFlow (anonymous) at (0,52) size 784x252
        LayoutText {#text} at (0,0) size 0x0
        LayoutText {#text} at (0,0) size 0x0
layer at (58,110) size 302x152 transparent
  LayoutVideo {VIDEO} at (50,50) size 302x152 [border: (1px solid #000000)]
layer at (59,111) size 300x150
  LayoutFlexibleBox (relative positioned) {DIV} at (1,1) size 300x150
    LayoutBlockFlow {DIV} at (0,115) size 300x35
layer at (59,111) size 300x115
  LayoutFlexibleBox (relative positioned) {DIV} at (0,0) size 300x115
layer at (64,226) size 290x30
  LayoutFlexibleBox (relative positioned) {DIV} at (5,0) size 290x30 [bgcolor=#141414CC]
    LayoutButton {INPUT} at (9,0) size 30x30
    LayoutSlider {INPUT} at (48,11) size 150.97x8
      LayoutFlexibleBox {DIV} at (0,0) size 150.97x8 [border: (1px solid #E6E6E659)]
        LayoutBlockFlow {DIV} at (1,-8) size 162.97x24
          LayoutBlockFlow {DIV} at (-7,0) size 32x24
    LayoutFlexibleBox {DIV} at (213.97,0) size 26.03x30 [color=#FFFFFF]
      LayoutBlockFlow (anonymous) at (0,0) size 26.03x30
        LayoutText {#text} at (0,7) size 27x15
          text run at (0,7) width 27: "0:00"
    LayoutButton {INPUT} at (249,0) size 35x30
