layer at (0,0) size 800x600 clip at (0,0) size 785x600 scrollHeight 1219
  LayoutView at (0,0) size 800x600
layer at (0,0) size 785x1219 backgroundClip at (0,0) size 785x600 clip at (0,0) size 785x600
  LayoutBlockFlow {HTML} at (0,0) size 785x1219.42
    LayoutBlockFlow {BODY} at (8,16) size 769x1195.42
      LayoutBlockFlow {P} at (0,0) size 769x18
        LayoutText {#text} at (0,0) size 164x17
          text run at (0,0) width 164: "div, span, nested div/span"
      LayoutBlockFlow {P} at (0,34) size 769x18
        LayoutText {#text} at (0,0) size 66x17
          text run at (0,0) width 66: "Single div"
      LayoutBlockFlow {DIV} at (1.42,68) size 766.16x20 [border: (1px solid #000000)]
        LayoutText {#text} at (742,1) size 24x17
          text run at (742,1) width 24 RTL override: "abc"
      LayoutBlockFlow {P} at (0,104) size 769x18
        LayoutText {#text} at (0,0) size 419x17
          text run at (0,0) width 419: "The following 2 lines should be identical, ignorning whitespaces:"
      LayoutBlockFlow {DIV} at (1.42,138) size 766.16x38 [border: (1px solid #000000)]
        LayoutBlockFlow (anonymous) at (1,1) size 764.16x18
          LayoutText {#text} at (741,0) size 24x17
            text run at (741,0) width 24 RTL override: "abc"
        LayoutBlockFlow {DIV} at (1,19) size 764.16x18
          LayoutText {#text} at (741,0) size 24x17
            text run at (741,0) width 24: "cba"
      LayoutBlockFlow {P} at (0,192) size 769x18
        LayoutText {#text} at (0,0) size 426x17
          text run at (0,0) width 426: "The following 2 textes should be identical, ignorning whitespaces:"
      LayoutBlockFlow {DIV} at (1.42,226) size 766.16x20 [border: (1px solid #000000)]
        LayoutText {#text} at (738,1) size 28x17
          text run at (738,1) width 28 RTL override: "abc "
        LayoutInline {SPAN} at (0,0) size 23x17
          LayoutText {#text} at (716,1) size 23x17
            text run at (716,1) width 23 RTL override: "abc"
      LayoutBlockFlow {P} at (0,262) size 769x18
        LayoutText {#text} at (0,0) size 419x17
          text run at (0,0) width 419: "The following 2 lines should be identical, ignorning whitespaces:"
      LayoutBlockFlow {DIV} at (1.42,296) size 766.16x38 [border: (1px solid #000000)]
        LayoutBlockFlow {DIV} at (1,1) size 764.16x18
          LayoutText {#text} at (741,0) size 24x17
            text run at (741,0) width 24: "cba"
        LayoutBlockFlow (anonymous) at (1,19) size 764.16x18
          LayoutText {#text} at (741,0) size 24x17
            text run at (741,0) width 24 RTL override: "abc"
      LayoutBlockFlow {P} at (0,350) size 769x18
        LayoutText {#text} at (0,0) size 426x17
          text run at (0,0) width 426: "The following 2 textes should be identical, ignorning whitespaces:"
      LayoutBlockFlow {DIV} at (1.42,384) size 766.16x20 [border: (1px solid #000000)]
        LayoutInline {SPAN} at (0,0) size 28x17
          LayoutText {#text} at (738,1) size 28x17
            text run at (738,1) width 28 RTL override: "abc "
        LayoutText {#text} at (716,1) size 23x17
          text run at (716,1) width 23 RTL override: "abc"
      LayoutBlockFlow {P} at (0,420) size 769x18
        LayoutText {#text} at (0,0) size 75x17
          text run at (0,0) width 75: "Single span"
      LayoutBlockFlow (anonymous) at (0,454) size 769x18
        LayoutInline {SPAN} at (0,0) size 25x19 [border: (1px solid #000000)]
          LayoutText {#text} at (2,0) size 23x17
            text run at (2,0) width 23 RTL override: "abc"
        LayoutText {#text} at (0,0) size 0x0
      LayoutBlockFlow {P} at (0,488) size 769x18
        LayoutText {#text} at (0,0) size 426x17
          text run at (0,0) width 426: "The following 2 textes should be identical, ignorning whitespaces:"
      LayoutBlockFlow (anonymous) at (0,522) size 769x18
        LayoutInline {SPAN} at (0,0) size 51x19 [border: (1px solid #000000)]
          LayoutText {#text} at (24,0) size 27x17
            text run at (24,0) width 27 RTL override: "abc "
          LayoutInline {SPAN} at (0,0) size 23x17
            LayoutText {#text} at (2,0) size 23x17
              text run at (2,0) width 23 RTL override: "abc"
        LayoutText {#text} at (0,0) size 0x0
      LayoutBlockFlow {P} at (0,556) size 769x18
        LayoutText {#text} at (0,0) size 426x17
          text run at (0,0) width 426: "The following 2 textes should be identical, ignorning whitespaces:"
      LayoutBlockFlow (anonymous) at (0,590) size 769x18
        LayoutInline {SPAN} at (0,0) size 51x19 [border: (1px solid #000000)]
          LayoutInline {SPAN} at (0,0) size 27x17
            LayoutText {#text} at (24,0) size 27x17
              text run at (24,0) width 27 RTL override: "abc "
          LayoutText {#text} at (2,0) size 23x17
            text run at (2,0) width 23 RTL override: "abc"
        LayoutText {#text} at (0,0) size 0x0
      LayoutBlockFlow {P} at (0,624) size 769x18
        LayoutText {#text} at (0,0) size 426x17
          text run at (0,0) width 426: "The following 2 textes should be identical, ignorning whitespaces:"
      LayoutBlockFlow (anonymous) at (0,658) size 769x18
        LayoutInline {SPAN} at (0,0) size 24x19 [border: (1px solid #000000)]
          LayoutText {#text} at (0,0) size 23x17
            text run at (0,0) width 23 RTL override: "abc"
      LayoutBlockFlow (anonymous) at (0,676) size 769x18
        LayoutBlockFlow {DIV} at (0,0) size 769x18
          LayoutText {#text} at (746,0) size 23x17
            text run at (746,0) width 23: "cba"
      LayoutBlockFlow (anonymous) at (0,694) size 769x18
        LayoutInline {SPAN} at (0,0) size 2x19 [border: (1px solid #000000)]
        LayoutText {#text} at (0,0) size 0x0
      LayoutBlockFlow {P} at (0,728) size 769x18
        LayoutText {#text} at (0,0) size 426x17
          text run at (0,0) width 426: "The following 2 textes should be identical, ignorning whitespaces:"
      LayoutBlockFlow (anonymous) at (0,762) size 769x18
        LayoutInline {SPAN} at (0,0) size 1x19 [border: (1px solid #000000)]
      LayoutBlockFlow (anonymous) at (0,780) size 769x18
        LayoutBlockFlow {DIV} at (0,0) size 769x18
          LayoutText {#text} at (746,0) size 23x17
            text run at (746,0) width 23: "cba"
      LayoutBlockFlow (anonymous) at (0,798) size 769x18
        LayoutInline {SPAN} at (0,0) size 24x19 [border: (1px solid #000000)]
          LayoutText {#text} at (2,0) size 23x17
            text run at (2,0) width 23 RTL override: "abc"
        LayoutText {#text} at (0,0) size 0x0
      LayoutBlockFlow {P} at (0,832) size 769x18
        LayoutText {#text} at (0,0) size 30x17
          text run at (0,0) width 30: "ruby"
      LayoutBlockFlow {DIV} at (0,866) size 769x32 [border: (1px solid #000000)]
        LayoutRuby (inline) {RUBY} at (0,0) size 23x17
          LayoutRubyRun (anonymous) at (165.50,13) size 22.20x18
            LayoutRubyText {RT} at (0,-12) size 22.20x12
              LayoutText {#text} at (5,0) size 12x12
                text run at (5,0) width 12: "def"
            LayoutRubyBase (anonymous) at (0,0) size 22.20x18
              LayoutText {#text} at (0,0) size 24x17
                text run at (0,0) width 23 RTL override: "abc"
        LayoutText {#text} at (160,13) size 5x17
          text run at (160,13) width 5 RTL: " "
        LayoutRuby (inline) {RUBY} at (0,0) size 23x17
          LayoutRubyRun (anonymous) at (136.45,13) size 22.20x18
            LayoutRubyText {RT} at (0,-12) size 22.20x12
              LayoutText {#text} at (5,0) size 12x12
                text run at (5,0) width 12 RTL override: "def"
            LayoutRubyBase (anonymous) at (0,0) size 22.20x18
              LayoutText {#text} at (0,0) size 24x17
                text run at (0,0) width 23 RTL override: "abc"
        LayoutText {#text} at (131,13) size 5x17
          text run at (131,13) width 5 RTL: " "
        LayoutRuby (inline) {RUBY} at (0,0) size 23x17
          LayoutRubyRun (anonymous) at (107.41,13) size 22.20x18
            LayoutRubyBase (anonymous) at (0,0) size 22.20x18
              LayoutText {#text} at (0,0) size 24x17
                text run at (0,0) width 23 RTL override: "abc"
        LayoutText {#text} at (101,13) size 5x17
          text run at (101,13) width 5 RTL: " "
        LayoutRuby (inline) {RUBY} at (0,0) size 12x17
          LayoutRubyRun (anonymous) at (89.56,29) size 11x0
            LayoutRubyText {RT} at (0,-12) size 11x12
              LayoutText {#text} at (0,0) size 11x12
                text run at (0,0) width 11: "def"
        LayoutText {#text} at (84,13) size 5x17
          text run at (84,13) width 5 RTL: " "
        LayoutRuby (inline) {RUBY} at (0,0) size 23x17
          LayoutRubyRun (anonymous) at (60.52,13) size 22.20x18
            LayoutRubyBase (anonymous) at (0,0) size 22.20x18
              LayoutInline {RB} at (0,0) size 24x17
                LayoutText {#text} at (0,0) size 24x17
                  text run at (0,0) width 23 RTL override: "abc"
        LayoutText {#text} at (55,13) size 5x17
          text run at (55,13) width 5 RTL: " "
        LayoutRuby (inline) {RUBY} at (0,0) size 23x17
          LayoutRubyRun (anonymous) at (31.47,13) size 22.20x18
            LayoutRubyText {RT} at (0,-12) size 22.20x12
              LayoutText {#text} at (5,0) size 12x12
                text run at (5,0) width 12: "def"
            LayoutRubyBase (anonymous) at (0,0) size 22.20x18
              LayoutInline {RB} at (0,0) size 24x17
                LayoutText {#text} at (0,0) size 24x17
                  text run at (0,0) width 23 RTL override: "abc"
        LayoutText {#text} at (26,13) size 5x17
          text run at (26,13) width 5 RTL: " "
        LayoutRuby (inline) {RUBY} at (0,0) size 23x17
          LayoutRubyRun (anonymous) at (2.42,13) size 22.20x18
            LayoutRubyText {RT} at (0,-12) size 22.20x12
              LayoutText {#text} at (5,0) size 12x12
                text run at (5,0) width 12: "def"
            LayoutRubyBase (anonymous) at (0,0) size 22.20x18
              LayoutInline {RB} at (0,0) size 24x17
                LayoutText {#text} at (0,0) size 24x17
                  text run at (0,0) width 23 RTL override: "abc"
        LayoutText {#text} at (0,0) size 0x0
      LayoutBlockFlow {P} at (0,914) size 769x18
        LayoutText {#text} at (0,0) size 426x17
          text run at (0,0) width 426: "The following 2 tables should be identical, ignorning whitespaces:"
      LayoutTable {TABLE} at (1.42,948) size 85x66 [border: (1px solid #808080)]
        LayoutBlockFlow {CAPTION} at (0,0) size 85x18
          LayoutText {#text} at (0,0) size 86x17
            text run at (0,0) width 85: "NormalTable"
        LayoutTableSection {TBODY} at (1,19) size 83x46
          LayoutTableRow {TR} at (0,2) size 83x20
            LayoutTableCell {TD} at (44,2) size 37x20 [r=0 c=0 rs=1 cs=1]
              LayoutText {#text} at (13,1) size 23x17
                text run at (13,1) width 23: "abc"
            LayoutTableCell {TD} at (2,2) size 40x20 [r=0 c=1 rs=1 cs=1]
              LayoutText {#text} at (18,1) size 21x17
                text run at (18,1) width 21: "def"
          LayoutTableRow {TR} at (0,24) size 83x20
            LayoutTableCell {TD} at (44,24) size 37x20 [r=1 c=0 rs=1 cs=1]
              LayoutText {#text} at (19,1) size 17x17
                text run at (19,1) width 17: "hij"
            LayoutTableCell {TD} at (2,24) size 40x20 [r=1 c=1 rs=1 cs=1]
              LayoutText {#text} at (15,1) size 24x17
                text run at (15,1) width 24: "opq"
      LayoutTable {DIV} at (1.42,1015.42) size 143x56 [border: (1px solid #000000)]
        LayoutBlockFlow {DIV} at (0,0) size 143x18
          LayoutText {#text} at (0,0) size 144x17
            text run at (0,0) width 143: "AnonymousTableRow"
        LayoutTableSection (anonymous) at (1,19) size 141x36
          LayoutTableRow {DIV} at (0,0) size 141x18
            LayoutTableCell {DIV} at (72,0) size 69x18 [r=0 c=0 rs=1 cs=1]
              LayoutText {#text} at (46,0) size 23x17
                text run at (46,0) width 23: "abc"
            LayoutTableCell {DIV} at (0,0) size 72x18 [r=0 c=1 rs=1 cs=1]
              LayoutText {#text} at (51,0) size 21x17
                text run at (51,0) width 21: "def"
          LayoutTableRow {DIV} at (0,18) size 141x18
            LayoutTableCell {DIV} at (72,18) size 69x18 [r=1 c=0 rs=1 cs=1]
              LayoutText {#text} at (52,0) size 17x17
                text run at (52,0) width 17: "hij"
            LayoutTableCell {DIV} at (0,18) size 72x18 [r=1 c=1 rs=1 cs=1]
              LayoutText {#text} at (48,0) size 24x17
                text run at (48,0) width 24: "opq"
      LayoutBlockFlow {P} at (0,1087.42) size 769x18
        LayoutText {#text} at (0,0) size 505x17
          text run at (0,0) width 505: "Anonymous TABLE, TABLE_ROW, TABLE_ROW_GROUP, TABLE_CELL"
      LayoutBlockFlow {DIV} at (0,1121.42) size 769x74 [border: (1px solid #000000)]
        LayoutTable (anonymous) at (1,1) size 24x72
          LayoutTableSection (anonymous) at (0,18) size 24x36
            LayoutTableRow {DIV} at (0,0) size 24x18
              LayoutTableCell (anonymous) at (0,0) size 24x18 [r=0 c=0 rs=1 cs=1]
                LayoutText {#text} at (1,0) size 23x17
                  text run at (1,0) width 23 RTL override: "abc"
            LayoutTableRow (anonymous) at (0,18) size 24x18
              LayoutTableCell {DIV} at (0,18) size 24x18 [r=1 c=0 rs=1 cs=1]
                LayoutText {#text} at (3,0) size 21x17
                  text run at (3,0) width 21 RTL override: "def"
          LayoutBlockFlow {DIV} at (0,0) size 24x18
            LayoutText {#text} at (7,0) size 17x17
              text run at (7,0) width 17 RTL override: "hij"
          LayoutTableSection {DIV} at (0,54) size 24x18
            LayoutTableRow (anonymous) at (0,0) size 24x18
              LayoutTableCell (anonymous) at (0,0) size 24x18 [r=0 c=0 rs=1 cs=1]
                LayoutText {#text} at (0,0) size 24x17
                  text run at (0,0) width 24 RTL override: "opq"
