layer at (0,0) size 800x600
  LayoutView at (0,0) size 800x600
layer at (0,0) size 800x600
  LayoutBlockFlow {HTML} at (0,0) size 800x600
    LayoutBlockFlow {BODY} at (8,8) size 784x584
      LayoutBlockFlow {P} at (0,0) size 784x36
        LayoutText {#text} at (0,0) size 759x35
          text run at (0,0) width 759: "This is subtle, but the shadow should match the color of the top H and not the color of the bottom H. The top H and its"
          text run at (0,18) width 289: "shadow are both color-corrected from sRGB."
      LayoutBlockFlow (anonymous) at (0,52) size 784x230
        LayoutInline {SPAN} at (0,0) size 78x111 [color=#560063]
          LayoutText {#text} at (0,2) size 78x111
            text run at (0,2) width 78: "H"
        LayoutText {#text} at (77,77) size 5x17
          text run at (77,77) width 5: " "
        LayoutBR {BR} at (81,91) size 1x0
        LayoutInline {SPAN} at (0,0) size 78x111 [color=#560063]
          LayoutText {#text} at (0,117) size 78x111
            text run at (0,117) width 78: "H"
        LayoutText {#text} at (0,0) size 0x0
