layer at (0,0) size 800x600
  LayoutView at (0,0) size 800x600
layer at (0,0) size 800x600
  LayoutBlockFlow {HTML} at (0,0) size 800x600
    LayoutBlockFlow {BODY} at (8,8) size 784x576
      LayoutBlockFlow (anonymous) at (0,0) size 784x0
        LayoutInline {SPAN} at (0,0) size 0x0
          LayoutInline {SPAN} at (0,0) size 0x0
        LayoutText {#text} at (0,0) size 0x0
      LayoutBlockFlow {H4} at (0,0) size 784x18
        LayoutText {#text} at (0,0) size 83x17
          text run at (0,0) width 83: "Instructions"
      LayoutBlockFlow {P} at (0,39.27) size 784x18
        LayoutText {#text} at (0,0) size 180x17
          text run at (0,0) width 180: "Click the following buttons."
      LayoutBlockFlow {OL} at (0,73.27) size 784x166
        LayoutListItem {LI} at (40,0) size 744x18
          LayoutListMarker (anonymous) at (-16,0) size 16x17: "1"
          LayoutText {#text} at (0,0) size 199x17
            text run at (0,0) width 199: "Start with the outmost left one."
        LayoutListItem {LI} at (40,18) size 744x18
          LayoutListMarker (anonymous) at (-16,0) size 16x17: "2"
          LayoutText {#text} at (0,0) size 138x17
            text run at (0,0) width 138: "Click the middle one."
        LayoutListItem {LI} at (40,36) size 744x18
          LayoutListMarker (anonymous) at (-16,0) size 16x17: "3"
          LayoutText {#text} at (0,0) size 271x17
            text run at (0,0) width 271: "(The ouline will not be updated correctly.)"
        LayoutListItem {LI} at (40,54) size 744x18
          LayoutListMarker (anonymous) at (-16,0) size 16x17: "4"
          LayoutText {#text} at (0,0) size 142x17
            text run at (0,0) width 142: "Click the right button."
        LayoutListItem {LI} at (40,72) size 744x18
          LayoutListMarker (anonymous) at (-16,0) size 16x17: "5"
          LayoutText {#text} at (0,0) size 474x17
            text run at (0,0) width 474: "This will crash Safari 1.3 (v176 and v170, no other configurations tested)."
        LayoutListItem {LI} at (40,90) size 744x18
          LayoutListMarker (anonymous) at (-16,0) size 16x17: "6"
          LayoutText {#text} at (0,0) size 300x17
            text run at (0,0) width 300: "The combination 2. 1. 3. will also crash Safari."
        LayoutListItem {LI} at (40,108) size 744x18
          LayoutListMarker (anonymous) at (-16,0) size 16x17: "7"
          LayoutText {#text} at (0,0) size 457x17
            text run at (0,0) width 457: "1. 3. will not crash Safari. (But the outline should vanish. Shouldn't it?)"
        LayoutListItem {LI} at (40,126) size 744x18
          LayoutListMarker (anonymous) at (-16,0) size 16x17: "8"
          LayoutText {#text} at (0,0) size 205x17
            text run at (0,0) width 205: "2. 3. will not crash Safari either."
        LayoutBlockFlow (anonymous) at (40,144) size 744x22
          LayoutButton {INPUT} at (0,0) size 144x22 [bgcolor=#C0C0C0] [border: (2px outset #C0C0C0)]
            LayoutBlockFlow (anonymous) at (8,3) size 128x16
              LayoutText {#text} at (0,0) size 128x16
                text run at (0,0) width 128: "1. Set outline property"
          LayoutText {#text} at (144,2) size 4x17
            text run at (144,2) width 4: " "
          LayoutButton {INPUT} at (148,0) size 147x22 [bgcolor=#C0C0C0] [border: (2px outset #C0C0C0)]
            LayoutBlockFlow (anonymous) at (8,3) size 131x16
              LayoutText {#text} at (0,0) size 131x16
                text run at (0,0) width 131: "2. Set display property"
          LayoutText {#text} at (295,2) size 4x17
            text run at (295,2) width 4: " "
          LayoutButton {INPUT} at (299,0) size 160x22 [bgcolor=#C0C0C0] [border: (2px outset #C0C0C0)]
            LayoutBlockFlow (anonymous) at (8,3) size 144x16
              LayoutText {#text} at (0,0) size 144x16
                text run at (0,0) width 144: "3. Replace span-element"
          LayoutText {#text} at (0,0) size 0x0
