layer at (0,0) size 800x600
  LayoutView at (0,0) size 800x600
layer at (0,0) size 800x600
  LayoutBlockFlow {HTML} at (0,0) size 800x600
    LayoutBlockFlow {BODY} at (8,8) size 784x576
      LayoutBlockFlow {H2} at (0,0) size 784x27
        LayoutText {#text} at (0,0) size 443x26
          text run at (0,0) width 443: "Test case for First-line text-decoration style"
      LayoutBlockFlow {P} at (0,46.91) size 784x18
        LayoutText {#text} at (0,0) size 511x17
          text run at (0,0) width 511: "Text-decoration UNDERLINE : Only the first line must have an underline."
      LayoutBlockFlow {DIV} at (0,80.91) size 784x84 [color=#008000]
        LayoutText {#text} at (0,10) size 626x27
          text run at (0,10) width 626: "Underline Underline Underline Underline"
        LayoutBR {BR} at (625,32) size 1x0
        LayoutText {#text} at (0,48) size 268x17
          text run at (0,48) width 268: "Underline Underline Underline Underline"
        LayoutBR {BR} at (267,62) size 1x0
        LayoutText {#text} at (0,66) size 268x17
          text run at (0,66) width 268: "Underline Underline Underline Underline"
      LayoutBlockFlow (anonymous) at (0,164.91) size 784x18
        LayoutBR {BR} at (0,0) size 0x17
      LayoutBlockFlow {P} at (0,198.91) size 784x0
      LayoutBlockFlow {P} at (0,198.91) size 784x18
        LayoutText {#text} at (0,0) size 489x17
          text run at (0,0) width 489: "Text-decoration OVERLINE : Only the first line must have an overline."
      LayoutBlockFlow {DIV} at (0,232.91) size 784x84 [color=#008000]
        LayoutText {#text} at (0,10) size 553x27
          text run at (0,10) width 553: "Overline Overline Overline Overline"
        LayoutBR {BR} at (552,32) size 1x0
        LayoutText {#text} at (0,48) size 236x17
          text run at (0,48) width 236: "Overline Overline Overline Overline"
        LayoutBR {BR} at (235,62) size 1x0
        LayoutText {#text} at (0,66) size 236x17
          text run at (0,66) width 236: "Overline Overline Overline Overline"
      LayoutBlockFlow (anonymous) at (0,316.91) size 784x18
        LayoutBR {BR} at (0,0) size 0x17
      LayoutBlockFlow {P} at (0,350.91) size 784x0
      LayoutBlockFlow {P} at (0,350.91) size 784x18
        LayoutText {#text} at (0,0) size 565x17
          text run at (0,0) width 565: "Text-decoration LINE-THROUGH : Only the first line must have a line through it."
      LayoutBlockFlow {DIV} at (0,384.91) size 784x84 [color=#008000]
        LayoutText {#text} at (0,10) size 721x27
          text run at (0,10) width 721: "Line-Through Line-Through Line-Through Line "
        LayoutBR {BR} at (720,32) size 1x0
        LayoutText {#text} at (0,48) size 371x17
          text run at (0,48) width 371: "Line-Through Line-Through Line-Through Line-Through"
        LayoutBR {BR} at (371,62) size 0x0
        LayoutText {#text} at (0,66) size 371x17
          text run at (0,66) width 371: "Line-Through Line-Through Line-Through Line-Through"
      LayoutBlockFlow (anonymous) at (0,468.91) size 784x18
        LayoutBR {BR} at (0,0) size 0x17
      LayoutBlockFlow {P} at (0,502.91) size 784x0
