layer at (0,0) size 800x600
  LayoutView at (0,0) size 800x600
layer at (0,0) size 800x600
  LayoutBlockFlow {HTML} at (0,0) size 800x600
    LayoutBlockFlow {BODY} at (8,8) size 784x584
      LayoutBlockFlow {P} at (0,0) size 784x36
        LayoutText {#text} at (0,0) size 54x17
          text run at (0,0) width 54: "Test for "
        LayoutInline {I} at (0,0) size 753x35
          LayoutInline {A} at (0,0) size 312x17 [color=#0000EE]
            LayoutText {#text} at (53,0) size 312x17
              text run at (53,0) width 312: "https://bugs.webkit.org/show_bug.cgi?id=34735"
          LayoutText {#text} at (364,0) size 753x35
            text run at (364,0) width 389: " [Chromium] OpenType font with CFF glyphs is not handled"
            text run at (0,18) width 163: "correctly on Windows XP"
        LayoutText {#text} at (162,18) size 5x17
          text run at (162,18) width 5: "."
      LayoutBlockFlow {P} at (0,52) size 784x36
        LayoutText {#text} at (0,0) size 784x35
          text run at (0,0) width 784: "Check if glyphs in Ahem.otf can be rendered correctly. If the test passes, you should see dozens of black square characters"
          text run at (0,18) width 44: "below:"
      LayoutBlockFlow (anonymous) at (0,104) size 784x32
        LayoutInline {SPAN} at (0,0) size 736x16
          LayoutText {#text} at (0,0) size 736x16
            text run at (0,0) width 736: "!\"#$%&()*+,-./0123456789:;<=>?@ABCDEFGHIJKLMNO"
        LayoutText {#text} at (0,0) size 0x0
        LayoutInline {SPAN} at (0,0) size 736x16
          LayoutText {#text} at (0,16) size 736x16
            text run at (0,16) width 736: "PQRSTUVWXYZ[\\]^_`abcdefghijklmnoqrstuvwxyz{|}~"
        LayoutText {#text} at (0,0) size 0x0
        LayoutText {#text} at (0,0) size 0x0
      LayoutBlockFlow {P} at (0,152) size 784x36
        LayoutText {#text} at (0,0) size 759x35
          text run at (0,0) width 759: "Check if glyphs not in Ahem.otf can be rendered using a fallback font. If the test passes, you should see a single-quote"
          text run at (0,18) width 107: "character below:"
      LayoutBlockFlow (anonymous) at (0,204) size 784x25
        LayoutInline {SPAN} at (0,0) size 4x16
          LayoutText {#text} at (0,5) size 4x16
            text run at (0,5) width 4: "'"
        LayoutText {#text} at (0,0) size 0x0
        LayoutText {#text} at (0,0) size 0x0
        LayoutText {#text} at (0,0) size 0x0
