layer at (0,0) size 800x600
  LayoutView at (0,0) size 800x600
layer at (0,0) size 800x412
  LayoutBlockFlow {HTML} at (0,0) size 800x412
    LayoutBlockFlow {BODY} at (8,16) size 784x184
      LayoutBlockFlow {P} at (0,0) size 784x18
        LayoutText {#text} at (0,0) size 448x17
          text run at (0,0) width 448: "For each of pairs, the first one and the second one should be identical."
        LayoutText {#text} at (0,0) size 0x0
      LayoutTable (floating) {TABLE} at (0,34) size 150x362
        LayoutTableSection {TBODY} at (0,0) size 150x362
          LayoutTableRow {TR} at (0,2) size 150x75
            LayoutTableCell {TD} at (2,2) size 72x74.81 [r=0 c=0 rs=1 cs=1]
              LayoutBlockFlow {SECTION} at (1,1) size 70x72.81
                LayoutBlockFlow {HR} at (0,0) size 70x2 [border: (1px inset #EEEEEE)]
                LayoutBlockFlow {H1} at (0,21.91) size 70x29 [border: (1px solid #00FF00)]
                  LayoutText {#text} at (1,1) size 68x26
                    text run at (1,1) width 68: "MMM"
                LayoutBlockFlow {HR} at (0,70.81) size 70x2 [border: (1px inset #EEEEEE)]
            LayoutTableCell {TD} at (76,2) size 72x74.81 [r=0 c=1 rs=1 cs=1]
              LayoutBlockFlow {HR} at (1,1) size 70x2 [border: (1px inset #EEEEEE)]
              LayoutBlockFlow {H2} at (1,22.91) size 70x29 [border: (1px solid #00FF00)]
                LayoutText {#text} at (1,1) size 68x26
                  text run at (1,1) width 68: "MMM"
              LayoutBlockFlow {HR} at (1,71.81) size 70x2 [border: (1px inset #EEEEEE)]
          LayoutTableRow {TR} at (0,79) size 150x67
            LayoutTableCell {TD} at (2,79) size 72x67.44 [r=1 c=0 rs=1 cs=1]
              LayoutBlockFlow {ARTICLE} at (1,1) size 70x65.44
                LayoutBlockFlow {SECTION} at (0,0) size 70x65.44
                  LayoutBlockFlow {HR} at (0,0) size 70x2 [border: (1px inset #EEEEEE)]
                  LayoutBlockFlow {H1} at (0,20.72) size 70x24 [border: (1px solid #00FF00)]
                    LayoutText {#text} at (1,1) size 53x21
                      text run at (1,1) width 53: "MMM"
                  LayoutBlockFlow {HR} at (0,63.44) size 70x2 [border: (1px inset #EEEEEE)]
            LayoutTableCell {TD} at (76,79) size 72x67.44 [r=1 c=1 rs=1 cs=1]
              LayoutBlockFlow {HR} at (1,1) size 70x2 [border: (1px inset #EEEEEE)]
              LayoutBlockFlow {H3} at (1,21.72) size 70x24 [border: (1px solid #00FF00)]
                LayoutText {#text} at (1,1) size 53x21
                  text run at (1,1) width 53: "MMM"
              LayoutBlockFlow {HR} at (1,64.44) size 70x2 [border: (1px inset #EEEEEE)]
          LayoutTableRow {TR} at (0,148) size 150x69
            LayoutTableCell {TD} at (2,148) size 72x68.53 [r=2 c=0 rs=1 cs=1]
              LayoutBlockFlow {NAV} at (1,1) size 70x66.53
                LayoutBlockFlow {ARTICLE} at (0,0) size 70x66.53
                  LayoutBlockFlow {SECTION} at (0,0) size 70x66.53
                    LayoutBlockFlow {HR} at (0,0) size 70x2 [border: (1px inset #EEEEEE)]
                    LayoutBlockFlow {H1} at (0,23.27) size 70x20 [border: (1px solid #00FF00)]
                      LayoutText {#text} at (1,1) size 46x17
                        text run at (1,1) width 46: "MMM"
                    LayoutBlockFlow {HR} at (0,64.53) size 70x2 [border: (1px inset #EEEEEE)]
            LayoutTableCell {TD} at (76,148) size 72x68.53 [r=2 c=1 rs=1 cs=1]
              LayoutBlockFlow {HR} at (1,1) size 70x2 [border: (1px inset #EEEEEE)]
              LayoutBlockFlow {H4} at (1,24.27) size 70x20 [border: (1px solid #00FF00)]
                LayoutText {#text} at (1,1) size 46x17
                  text run at (1,1) width 46: "MMM"
              LayoutBlockFlow {HR} at (1,65.53) size 70x2 [border: (1px inset #EEEEEE)]
          LayoutTableRow {TR} at (0,219) size 150x68
            LayoutTableCell {TD} at (2,219) size 72x68.34 [r=3 c=0 rs=1 cs=1]
              LayoutBlockFlow {NAV} at (1,1) size 70x66.34
                LayoutBlockFlow {ASIDE} at (0,0) size 70x66.34
                  LayoutBlockFlow {ARTICLE} at (0,0) size 70x66.34
                    LayoutBlockFlow {SECTION} at (0,0) size 70x66.34
                      LayoutBlockFlow {HR} at (0,0) size 70x2 [border: (1px inset #EEEEEE)]
                      LayoutBlockFlow {H1} at (0,24.17) size 70x18 [border: (1px solid #00FF00)]
                        LayoutText {#text} at (1,1) size 33x15
                          text run at (1,1) width 33: "MMM"
                      LayoutBlockFlow {HR} at (0,64.34) size 70x2 [border: (1px inset #EEEEEE)]
            LayoutTableCell {TD} at (76,219) size 72x68.34 [r=3 c=1 rs=1 cs=1]
              LayoutBlockFlow {HR} at (1,1) size 70x2 [border: (1px inset #EEEEEE)]
              LayoutBlockFlow {H5} at (1,25.17) size 70x18 [border: (1px solid #00FF00)]
                LayoutText {#text} at (1,1) size 33x15
                  text run at (1,1) width 33: "MMM"
              LayoutBlockFlow {HR} at (1,65.34) size 70x2 [border: (1px inset #EEEEEE)]
          LayoutTableRow {TR} at (0,289) size 150x71
            LayoutTableCell {TD} at (2,289) size 72x70.94 [r=4 c=0 rs=1 cs=1]
              LayoutBlockFlow {SECTION} at (1,1) size 70x68.94
                LayoutBlockFlow {DIV} at (0,0) size 70x68.94
                  LayoutBlockFlow {NAV} at (0,0) size 70x68.94
                    LayoutBlockFlow {ASIDE} at (0,0) size 70x68.94
                      LayoutBlockFlow {ARTICLE} at (0,0) size 70x68.94
                        LayoutBlockFlow {SECTION} at (0,0) size 70x68.94
                          LayoutBlockFlow {HR} at (0,0) size 70x2 [border: (1px inset #EEEEEE)]
                          LayoutBlockFlow {H1} at (0,26.97) size 70x15 [border: (1px solid #00FF00)]
                            LayoutText {#text} at (1,1) size 30x13
                              text run at (1,1) width 30: "MMM"
                          LayoutBlockFlow {HR} at (0,66.94) size 70x2 [border: (1px inset #EEEEEE)]
                  LayoutBlockFlow {DIV} at (0,68.94) size 70x0
            LayoutTableCell {TD} at (76,289) size 72x70.94 [r=4 c=1 rs=1 cs=1]
              LayoutBlockFlow {HR} at (1,1) size 70x2 [border: (1px inset #EEEEEE)]
              LayoutBlockFlow {H6} at (1,27.97) size 70x15 [border: (1px solid #00FF00)]
                LayoutText {#text} at (1,1) size 30x13
                  text run at (1,1) width 30: "MMM"
              LayoutBlockFlow {HR} at (1,67.94) size 70x2 [border: (1px inset #EEEEEE)]
      LayoutTable {TABLE} at (150,34) size 362x150
        LayoutTableSection {TBODY} at (0,0) size 362x150
          LayoutTableRow {TR} at (0,2) size 75x150
            LayoutTableCell {TD} at (2,2) size 74.81x72 [r=0 c=0 rs=1 cs=1]
              LayoutBlockFlow {SECTION} at (1,1) size 72.81x70
                LayoutBlockFlow {HR} at (0,0) size 2x70 [border: (1px inset #EEEEEE)]
                LayoutBlockFlow {H1} at (21.91,0) size 29x70 [border: (1px solid #00FF00)]
                  LayoutText {#text} at (1,1) size 26x68
                    text run at (1,1) width 68: "MMM"
                LayoutBlockFlow {HR} at (70.81,0) size 2x70 [border: (1px inset #EEEEEE)]
            LayoutTableCell {TD} at (2,76) size 74.81x72 [r=0 c=1 rs=1 cs=1]
              LayoutBlockFlow {HR} at (1,1) size 2x70 [border: (1px inset #EEEEEE)]
              LayoutBlockFlow {H2} at (22.91,1) size 29x70 [border: (1px solid #00FF00)]
                LayoutText {#text} at (1,1) size 26x68
                  text run at (1,1) width 68: "MMM"
              LayoutBlockFlow {HR} at (71.81,1) size 2x70 [border: (1px inset #EEEEEE)]
          LayoutTableRow {TR} at (0,79) size 67x150
            LayoutTableCell {TD} at (79,2) size 67.44x72 [r=1 c=0 rs=1 cs=1]
              LayoutBlockFlow {ARTICLE} at (1,1) size 65.44x70
                LayoutBlockFlow {SECTION} at (0,0) size 65.44x70
                  LayoutBlockFlow {HR} at (0,0) size 2x70 [border: (1px inset #EEEEEE)]
                  LayoutBlockFlow {H1} at (20.72,0) size 24x70 [border: (1px solid #00FF00)]
                    LayoutText {#text} at (1,1) size 21x53
                      text run at (1,1) width 53: "MMM"
                  LayoutBlockFlow {HR} at (63.44,0) size 2x70 [border: (1px inset #EEEEEE)]
            LayoutTableCell {TD} at (79,76) size 67.44x72 [r=1 c=1 rs=1 cs=1]
              LayoutBlockFlow {HR} at (1,1) size 2x70 [border: (1px inset #EEEEEE)]
              LayoutBlockFlow {H3} at (21.72,1) size 24x70 [border: (1px solid #00FF00)]
                LayoutText {#text} at (1,1) size 21x53
                  text run at (1,1) width 53: "MMM"
              LayoutBlockFlow {HR} at (64.44,1) size 2x70 [border: (1px inset #EEEEEE)]
          LayoutTableRow {TR} at (0,148) size 69x150
            LayoutTableCell {TD} at (148,2) size 68.53x72 [r=2 c=0 rs=1 cs=1]
              LayoutBlockFlow {NAV} at (1,1) size 66.53x70
                LayoutBlockFlow {ARTICLE} at (0,0) size 66.53x70
                  LayoutBlockFlow {SECTION} at (0,0) size 66.53x70
                    LayoutBlockFlow {HR} at (0,0) size 2x70 [border: (1px inset #EEEEEE)]
                    LayoutBlockFlow {H1} at (23.27,0) size 20x70 [border: (1px solid #00FF00)]
                      LayoutText {#text} at (1,1) size 17x46
                        text run at (1,1) width 46: "MMM"
                    LayoutBlockFlow {HR} at (64.53,0) size 2x70 [border: (1px inset #EEEEEE)]
            LayoutTableCell {TD} at (148,76) size 68.53x72 [r=2 c=1 rs=1 cs=1]
              LayoutBlockFlow {HR} at (1,1) size 2x70 [border: (1px inset #EEEEEE)]
              LayoutBlockFlow {H4} at (24.27,1) size 20x70 [border: (1px solid #00FF00)]
                LayoutText {#text} at (1,1) size 17x46
                  text run at (1,1) width 46: "MMM"
              LayoutBlockFlow {HR} at (65.53,1) size 2x70 [border: (1px inset #EEEEEE)]
          LayoutTableRow {TR} at (0,219) size 68x150
            LayoutTableCell {TD} at (219,2) size 68.34x72 [r=3 c=0 rs=1 cs=1]
              LayoutBlockFlow {NAV} at (1,1) size 66.34x70
                LayoutBlockFlow {ASIDE} at (0,0) size 66.34x70
                  LayoutBlockFlow {ARTICLE} at (0,0) size 66.34x70
                    LayoutBlockFlow {SECTION} at (0,0) size 66.34x70
                      LayoutBlockFlow {HR} at (0,0) size 2x70 [border: (1px inset #EEEEEE)]
                      LayoutBlockFlow {H1} at (24.17,0) size 18x70 [border: (1px solid #00FF00)]
                        LayoutText {#text} at (1,1) size 15x33
                          text run at (1,1) width 33: "MMM"
                      LayoutBlockFlow {HR} at (64.34,0) size 2x70 [border: (1px inset #EEEEEE)]
            LayoutTableCell {TD} at (219,76) size 68.34x72 [r=3 c=1 rs=1 cs=1]
              LayoutBlockFlow {HR} at (1,1) size 2x70 [border: (1px inset #EEEEEE)]
              LayoutBlockFlow {H5} at (25.17,1) size 18x70 [border: (1px solid #00FF00)]
                LayoutText {#text} at (1,1) size 15x33
                  text run at (1,1) width 33: "MMM"
              LayoutBlockFlow {HR} at (65.34,1) size 2x70 [border: (1px inset #EEEEEE)]
          LayoutTableRow {TR} at (0,289) size 71x150
            LayoutTableCell {TD} at (289,2) size 70.94x72 [r=4 c=0 rs=1 cs=1]
              LayoutBlockFlow {SECTION} at (1,1) size 68.94x70
                LayoutBlockFlow {DIV} at (0,0) size 68.94x70
                  LayoutBlockFlow {NAV} at (0,0) size 68.94x70
                    LayoutBlockFlow {ASIDE} at (0,0) size 68.94x70
                      LayoutBlockFlow {ARTICLE} at (0,0) size 68.94x70
                        LayoutBlockFlow {SECTION} at (0,0) size 68.94x70
                          LayoutBlockFlow {HR} at (0,0) size 2x70 [border: (1px inset #EEEEEE)]
                          LayoutBlockFlow {H1} at (26.97,0) size 15x70 [border: (1px solid #00FF00)]
                            LayoutText {#text} at (1,1) size 13x30
                              text run at (1,1) width 30: "MMM"
                          LayoutBlockFlow {HR} at (66.94,0) size 2x70 [border: (1px inset #EEEEEE)]
                  LayoutBlockFlow {DIV} at (68.94,0) size 0x70
            LayoutTableCell {TD} at (289,76) size 70.94x72 [r=4 c=1 rs=1 cs=1]
              LayoutBlockFlow {HR} at (1,1) size 2x70 [border: (1px inset #EEEEEE)]
              LayoutBlockFlow {H6} at (27.97,1) size 15x70 [border: (1px solid #00FF00)]
                LayoutText {#text} at (1,1) size 13x30
                  text run at (1,1) width 30: "MMM"
              LayoutBlockFlow {HR} at (67.94,1) size 2x70 [border: (1px inset #EEEEEE)]
