layer at (0,0) size 800x600
  LayoutView at (0,0) size 800x600
layer at (0,0) size 800x600
  LayoutBlockFlow {HTML} at (0,0) size 800x600
    LayoutBlockFlow {BODY} at (8,8) size 784x584
      LayoutTextControl {INPUT} at (0,0) size 493x80 [bgcolor=#FFFFFF] [border: (2px inset #EEEEEE)]
        LayoutFlexibleBox {DIV} at (3,3) size 487x45
          LayoutBlockFlow {DIV} at (0,17) size 1x11
          LayoutBlockFlow {DIV} at (1,0) size 461x45
      LayoutBR {BR} at (493,39) size 0x0
      LayoutTextControl {INPUT} at (0,80) size 491x80 [bgcolor=#FFFFFF] [border: (2px inset #EEEEEE)]
      LayoutBR {BR} at (491,119) size 0x0
      LayoutTextControl {INPUT} at (0,160) size 255x25 [bgcolor=#FFFFFF] [border: (2px inset #EEEEEE)]
        LayoutFlexibleBox {DIV} at (6,1) size 243x23
          LayoutBlockFlow {DIV} at (0,6) size 1x11
          LayoutBlockFlow {DIV} at (1,0) size 224x23
layer at (12,11) size 461x45
  LayoutBlockFlow {DIV} at (0,0) size 461x45
    LayoutText {#text} at (0,0) size 365x44
      text run at (0,0) width 365: "value jgq not clipped"
layer at (10,91) size 487x45
  LayoutBlockFlow {DIV} at (2,3) size 487x45
    LayoutText {#text} at (0,0) size 365x44
      text run at (0,0) width 365: "value jgq not clipped"
layer at (15,169) size 224x23
  LayoutBlockFlow {DIV} at (0,0) size 224x23
    LayoutText {#text} at (0,0) size 118x22
      text run at (0,0) width 118: "Sample Input"
layer at (474,23) size 21x21 transparent
  LayoutBlockFlow {DIV} at (463,12) size 21x21
layer at (240,174) size 14x14 transparent
  LayoutBlockFlow {DIV} at (226,4.50) size 14x14
