layer at (0,0) size 800x600
  LayoutView at (0,0) size 800x600
layer at (0,0) size 800x600
  LayoutBlockFlow {HTML} at (0,0) size 800x600
    LayoutBlockFlow {BODY} at (8,8) size 784x584
      LayoutBlockFlow {HR} at (0,0) size 784x2 [border: (1px inset #EEEEEE)]
      LayoutBlockFlow {P} at (0,18) size 784x18
        LayoutText {#text} at (0,0) size 54x17
          text run at (0,0) width 54: "Test for "
        LayoutInline {I} at (0,0) size 680x17
          LayoutInline {A} at (0,0) size 353x17 [color=#0000EE]
            LayoutText {#text} at (53,0) size 353x17
              text run at (53,0) width 353: "http://bugzilla.opendarwin.org/show_bug.cgi?id=9547"
          LayoutText {#text} at (405,0) size 328x17
            text run at (405,0) width 5: " "
            text run at (409,0) width 324: "Resize corner does not track the mouse accurately"
        LayoutText {#text} at (732,0) size 5x17
          text run at (732,0) width 5: "."
      LayoutBlockFlow {HR} at (0,52) size 784x2 [border: (1px inset #EEEEEE)]
      LayoutBlockFlow (anonymous) at (0,187) size 784x361
        LayoutText {#text} at (169,107) size 4x17
          text run at (169,107) width 4: " "
        LayoutBR {BR} at (0,0) size 0x0
        LayoutText {#text} at (198,168) size 4x17
          text run at (198,168) width 4: " "
        LayoutBR {BR} at (0,0) size 0x0
        LayoutText {#text} at (0,0) size 0x0
layer at (8,70) size 173x125 clip at (10,72) size 169x121
  LayoutBlockFlow {DIV} at (0,62) size 173x125 [border: (2px solid #0000FF)]
layer at (8,195) size 169x121 clip at (10,197) size 165x117
  LayoutTextControl {TEXTAREA} at (0,0) size 169x121 [bgcolor=#FFFFFF] [border: (2px solid #0000FF)]
    LayoutBlockFlow {DIV} at (4,4) size 163x16
layer at (8,320) size 198x57 clip at (9,321) size 196x55
  LayoutTextControl {TEXTAREA} at (0,125) size 198x57 [bgcolor=#FFFFFF] [border: (1px solid #A9A9A9)]
    LayoutBlockFlow {DIV} at (3,3) size 194x16
layer at (8,381) size 323x175
  LayoutIFrame {IFRAME} at (0,186) size 323x175 [border: (2px inset #EEEEEE)]
    layer at (0,0) size 319x171
      LayoutView at (0,0) size 319x171
    layer at (0,0) size 319x171
      LayoutBlockFlow {HTML} at (0,0) size 319x171
        LayoutBlockFlow {BODY} at (8,8) size 303x155
