layer at (0,0) size 800x600
  LayoutView at (0,0) size 800x600
layer at (0,0) size 800x600
  LayoutBlockFlow {HTML} at (0,0) size 800x600
    LayoutBlockFlow {BODY} at (8,8) size 784x542
      LayoutBlockFlow {HR} at (0,0) size 784x2 [border: (1px inset #EEEEEE)]
      LayoutBlockFlow {P} at (0,18) size 784x18
        LayoutText {#text} at (0,0) size 54x17
          text run at (0,0) width 54: "Test for "
        LayoutInline {I} at (0,0) size 655x17
          LayoutInline {A} at (0,0) size 310x17 [color=#0000EE]
            LayoutText {#text} at (53,0) size 310x17
              text run at (53,0) width 310: "https://bugs.webkit.org/show_bug.cgi?id=22118"
          LayoutText {#text} at (362,0) size 346x17
            text run at (362,0) width 5: " "
            text run at (366,0) width 342: "Resize corner does not track in transformed elements"
        LayoutText {#text} at (707,0) size 5x17
          text run at (707,0) width 5: "."
      LayoutBlockFlow {HR} at (0,52) size 784x2 [border: (1px inset #EEEEEE)]
layer at (58,112) size 163x129 clip at (60,114) size 159x125
  LayoutBlockFlow {DIV} at (50,104) size 163x129 [border: (2px solid #0000FF)]
