layer at (0,0) size 800x600
  LayoutView at (0,0) size 800x600
layer at (0,0) size 800x600
  LayoutBlockFlow {HTML} at (0,0) size 800x600
    LayoutBlockFlow {BODY} at (8,20) size 784x530
      LayoutBlockFlow {DIV} at (20,0) size 744x55
        LayoutInline {SPAN} at (0,0) size 91x53 [textStrokeWidth=1.00]
          LayoutText {#text} at (0,1) size 91x53
            text run at (0,1) width 91: "This"
        LayoutText {#text} at (90,1) size 13x53
          text run at (90,1) width 13: " "
        LayoutInline {SPAN} at (0,0) size 78x53 [textFillColor=#FFFFFF] [textStrokeWidth=1.00]
          LayoutText {#text} at (102,1) size 78x53
            text run at (102,1) width 78: "text"
        LayoutText {#text} at (179,1) size 13x53
          text run at (179,1) width 13: " "
        LayoutInline {SPAN} at (0,0) size 100x53 [color=#0000004C]
          LayoutText {#text} at (191,1) size 100x53
            text run at (191,1) width 100: "casts"
        LayoutText {#text} at (290,1) size 13x53
          text run at (290,1) width 13: " "
        LayoutInline {SPAN} at (0,0) size 172x53
          LayoutText {#text} at (302,1) size 172x53
            text run at (302,1) width 172: "multiple"
        LayoutText {#text} at (473,1) size 186x53
          text run at (473,1) width 13: " "
          text run at (485,1) width 174: "shadows"
      LayoutBlockFlow {DIV} at (50,105) size 100x100
      LayoutBlockFlow {DIV} at (50,255) size 100x100 [bgcolor=#FFFFFF]
      LayoutBlockFlow {DIV} at (50,405) size 100x100 [bgcolor=#00000033]
selection start: position 0 of child 0 {#text} of child 7 {SPAN} of child 0 {DIV} of body
selection end:   position 6 of child 0 {#text} of child 7 {SPAN} of child 0 {DIV} of body
