layer at (0,0) size 800x600
  LayoutView at (0,0) size 800x600
layer at (0,0) size 800x372
  LayoutBlockFlow {HTML} at (0,0) size 800x372
    LayoutBlockFlow {BODY} at (8,16) size 784x340
      LayoutBlockFlow {P} at (0,0) size 784x18
        LayoutText {#text} at (0,0) size 314x17
          text run at (0,0) width 314: "This test is a basic check for using text-overflow."
      LayoutBlockFlow {P} at (0,34) size 784x106
        LayoutText {#text} at (0,0) size 490x17
          text run at (0,0) width 490: "Apply \"text-overflow:clip\" to inputs. The following input should be clipped:"
        LayoutBR {BR} at (489,0) size 1x17
        LayoutTextControl {INPUT} at (0,18) size 173x22 [bgcolor=#FFFFFF] [border: (2px inset #EEEEEE)]
        LayoutText {#text} at (173,20) size 4x17
          text run at (173,20) width 4: " "
        LayoutTextControl {INPUT} at (177,18) size 175x22 [bgcolor=#FFFFFF] [border: (2px inset #EEEEEE)]
          LayoutFlexibleBox {DIV} at (3,3) size 169x16
            LayoutBlockFlow {DIV} at (0,2.50) size 1x11
            LayoutBlockFlow {DIV} at (1,0) size 155x16
        LayoutText {#text} at (352,20) size 4x17
          text run at (352,20) width 4: " "
        LayoutTextControl {INPUT} at (356,18) size 173x22 [bgcolor=#FFFFFF] [border: (2px inset #EEEEEE)]
        LayoutText {#text} at (529,20) size 4x17
          text run at (529,20) width 4: " "
        LayoutTextControl {INPUT} at (533,18) size 175x22 [bgcolor=#FFFFFF] [border: (2px inset #EEEEEE)]
          LayoutFlexibleBox {DIV} at (3,3) size 169x16
            LayoutBlockFlow {DIV} at (0,2.50) size 1x11
            LayoutBlockFlow {DIV} at (1,0) size 155x16
        LayoutText {#text} at (0,0) size 0x0
        LayoutTextControl {INPUT} at (0,40) size 173x22 [bgcolor=#FFFFFF] [border: (2px inset #EEEEEE)]
        LayoutBR {BR} at (173,42) size 0x17
        LayoutTextControl {INPUT} at (0,62) size 173x22 [bgcolor=#FFFFFF] [border: (2px inset #EEEEEE)]
        LayoutText {#text} at (173,64) size 4x17
          text run at (173,64) width 4: " "
        LayoutTextControl {INPUT} at (177,62) size 175x22 [bgcolor=#FFFFFF] [border: (2px inset #EEEEEE)]
          LayoutFlexibleBox {DIV} at (3,3) size 169x16
            LayoutBlockFlow {DIV} at (0,2.50) size 1x11
            LayoutBlockFlow {DIV} at (1,0) size 155x16
        LayoutText {#text} at (352,64) size 4x17
          text run at (352,64) width 4: " "
        LayoutTextControl {INPUT} at (356,62) size 173x22 [bgcolor=#FFFFFF] [border: (2px inset #EEEEEE)]
        LayoutText {#text} at (529,64) size 4x17
          text run at (529,64) width 4: " "
        LayoutTextControl {INPUT} at (533,62) size 175x22 [bgcolor=#FFFFFF] [border: (2px inset #EEEEEE)]
          LayoutFlexibleBox {DIV} at (3,3) size 169x16
            LayoutBlockFlow {DIV} at (0,2.50) size 1x11
            LayoutBlockFlow {DIV} at (1,0) size 155x16
        LayoutText {#text} at (0,0) size 0x0
        LayoutTextControl {INPUT} at (0,84) size 173x22 [bgcolor=#FFFFFF] [border: (2px inset #EEEEEE)]
        LayoutText {#text} at (0,0) size 0x0
      LayoutBlockFlow {P} at (0,156) size 784x106
        LayoutText {#text} at (0,0) size 547x17
          text run at (0,0) width 547: "Apply \"text-overflow:ellipsis\" to inputs. The following input should show an ellipsis:"
        LayoutBR {BR} at (546,0) size 1x17
        LayoutTextControl {INPUT} at (0,18) size 173x22 [bgcolor=#FFFFFF] [border: (2px inset #EEEEEE)]
        LayoutText {#text} at (173,20) size 4x17
          text run at (173,20) width 4: " "
        LayoutTextControl {INPUT} at (177,18) size 175x22 [bgcolor=#FFFFFF] [border: (2px inset #EEEEEE)]
          LayoutFlexibleBox {DIV} at (3,3) size 169x16
            LayoutBlockFlow {DIV} at (0,2.50) size 1x11
            LayoutBlockFlow {DIV} at (1,0) size 155x16
        LayoutText {#text} at (352,20) size 4x17
          text run at (352,20) width 4: " "
        LayoutTextControl {INPUT} at (356,18) size 173x22 [bgcolor=#FFFFFF] [border: (2px inset #EEEEEE)]
        LayoutText {#text} at (529,20) size 4x17
          text run at (529,20) width 4: " "
        LayoutTextControl {INPUT} at (533,18) size 175x22 [bgcolor=#FFFFFF] [border: (2px inset #EEEEEE)]
          LayoutFlexibleBox {DIV} at (3,3) size 169x16
            LayoutBlockFlow {DIV} at (0,2.50) size 1x11
            LayoutBlockFlow {DIV} at (1,0) size 155x16
        LayoutText {#text} at (0,0) size 0x0
        LayoutTextControl {INPUT} at (0,40) size 173x22 [bgcolor=#FFFFFF] [border: (2px inset #EEEEEE)]
        LayoutBR {BR} at (173,42) size 0x17
        LayoutTextControl {INPUT} at (0,62) size 173x22 [bgcolor=#FFFFFF] [border: (2px inset #EEEEEE)]
        LayoutText {#text} at (173,64) size 4x17
          text run at (173,64) width 4: " "
        LayoutTextControl {INPUT} at (177,62) size 175x22 [bgcolor=#FFFFFF] [border: (2px inset #EEEEEE)]
          LayoutFlexibleBox {DIV} at (3,3) size 169x16
            LayoutBlockFlow {DIV} at (0,2.50) size 1x11
            LayoutBlockFlow {DIV} at (1,0) size 155x16
        LayoutText {#text} at (352,64) size 4x17
          text run at (352,64) width 4: " "
        LayoutTextControl {INPUT} at (356,62) size 173x22 [bgcolor=#FFFFFF] [border: (2px inset #EEEEEE)]
        LayoutText {#text} at (529,64) size 4x17
          text run at (529,64) width 4: " "
        LayoutTextControl {INPUT} at (533,62) size 175x22 [bgcolor=#FFFFFF] [border: (2px inset #EEEEEE)]
          LayoutFlexibleBox {DIV} at (3,3) size 169x16
            LayoutBlockFlow {DIV} at (0,2.50) size 1x11
            LayoutBlockFlow {DIV} at (1,0) size 155x16
        LayoutText {#text} at (0,0) size 0x0
        LayoutTextControl {INPUT} at (0,84) size 173x22 [bgcolor=#FFFFFF] [border: (2px inset #EEEEEE)]
        LayoutText {#text} at (0,0) size 0x0
      LayoutBlockFlow {P} at (0,278) size 784x62
        LayoutText {#text} at (0,0) size 238x17
          text run at (0,0) width 238: "Dynamic style change text-overflow:"
        LayoutBR {BR} at (237,0) size 1x17
        LayoutText {#text} at (0,20) size 247x17
          text run at (0,20) width 247: "Clip to ellipsis (should show ellipsis): "
        LayoutTextControl {INPUT} at (246.23,18) size 173x22 [bgcolor=#FFFFFF] [border: (2px inset #EEEEEE)]
        LayoutText {#text} at (419,20) size 5x17
          text run at (419,20) width 5: " "
        LayoutTextControl {INPUT} at (423.23,18) size 173x22 [bgcolor=#FFFFFF] [border: (2px inset #EEEEEE)]
        LayoutText {#text} at (596,20) size 5x17
          text run at (596,20) width 5: " "
        LayoutBR {BR} at (0,0) size 0x0
        LayoutText {#text} at (0,42) size 270x17
          text run at (0,42) width 270: "Ellipsis to clip (should not show ellipsis): "
        LayoutTextControl {INPUT} at (269.78,40) size 173x22 [bgcolor=#FFFFFF] [border: (2px inset #EEEEEE)]
        LayoutText {#text} at (442,42) size 5x17
          text run at (442,42) width 5: " "
        LayoutTextControl {INPUT} at (446.78,40) size 173x22 [bgcolor=#FFFFFF] [border: (2px inset #EEEEEE)]
        LayoutText {#text} at (619,42) size 5x17
          text run at (619,42) width 5: " "
        LayoutBR {BR} at (0,0) size 0x0
layer at (10,71) size 169x16 scrollWidth 317
  LayoutBlockFlow {DIV} at (2,3) size 169x16 [color=#A9A9A9]
    LayoutText {#text} at (0,0) size 317x16
      text run at (0,0) width 317: "Lorem ipsum dolor sit amet, consectetur adipiscing elit"
layer at (10,71) size 169x16
  LayoutBlockFlow {DIV} at (2,3) size 169x16
layer at (189,71) size 155x16 scrollWidth 317
  LayoutBlockFlow {DIV} at (4,3) size 155x16 [color=#A9A9A9]
    LayoutText {#text} at (0,0) size 317x16
      text run at (0,0) width 317: "Lorem ipsum dolor sit amet, consectetur adipiscing elit"
layer at (189,71) size 155x16
  LayoutBlockFlow {DIV} at (0,0) size 155x16
layer at (366,71) size 169x16 scrollWidth 318
  LayoutBlockFlow {DIV} at (2,3) size 169x16
    LayoutText {#text} at (0,0) size 317x16
      text run at (0,0) width 317: "Lorem ipsum dolor sit amet, consectetur adipiscing elit"
layer at (545,71) size 155x16 scrollWidth 318
  LayoutBlockFlow {DIV} at (0,0) size 155x16
    LayoutText {#text} at (0,0) size 317x16
      text run at (0,0) width 317: "Lorem ipsum dolor sit amet, consectetur adipiscing elit"
layer at (10,93) size 169x16 scrollWidth 276
  LayoutBlockFlow {DIV} at (2,3) size 169x16
    LayoutText {#text} at (0,0) size 275x16
      text run at (0,0) width 275: "\x{2022}\x{2022}\x{2022}\x{2022}\x{2022}\x{2022}\x{2022}\x{2022}\x{2022}\x{2022}\x{2022}\x{2022}\x{2022}\x{2022}\x{2022}\x{2022}\x{2022}\x{2022}\x{2022}\x{2022}\x{2022}\x{2022}\x{2022}\x{2022}\x{2022}\x{2022}\x{2022}\x{2022}\x{2022}\x{2022}\x{2022}\x{2022}\x{2022}\x{2022}\x{2022}\x{2022}\x{2022}\x{2022}\x{2022}\x{2022}\x{2022}\x{2022}\x{2022}\x{2022}\x{2022}\x{2022}\x{2022}\x{2022}\x{2022}\x{2022}\x{2022}\x{2022}\x{2022}\x{2022}\x{2022}"
layer at (10,115) size 169x16 scrollX 148.00 scrollWidth 317
  LayoutBlockFlow {DIV} at (2,3) size 169x16 [color=#A9A9A9]
    LayoutText {#text} at (-148,0) size 317x16
      text run at (-148,0) width 317: "Lorem ipsum dolor sit amet, consectetur adipiscing elit"
layer at (10,115) size 169x16
  LayoutBlockFlow {DIV} at (2,3) size 169x16
layer at (189,115) size 155x16 scrollX 162.00 scrollWidth 317
  LayoutBlockFlow {DIV} at (4,3) size 155x16 [color=#A9A9A9]
    LayoutText {#text} at (-162,0) size 317x16
      text run at (-162,0) width 317: "Lorem ipsum dolor sit amet, consectetur adipiscing elit"
layer at (189,115) size 155x16
  LayoutBlockFlow {DIV} at (0,0) size 155x16
layer at (366,115) size 169x16 scrollX 148.00 scrollWidth 317
  LayoutBlockFlow {DIV} at (2,3) size 169x16
    LayoutText {#text} at (-148,0) size 317x16
      text run at (-148,0) width 317: "Lorem ipsum dolor sit amet, consectetur adipiscing elit"
layer at (545,115) size 155x16 scrollX 162.00 scrollWidth 317
  LayoutBlockFlow {DIV} at (0,0) size 155x16
    LayoutText {#text} at (-162,0) size 317x16
      text run at (-162,0) width 317: "Lorem ipsum dolor sit amet, consectetur adipiscing elit"
layer at (10,137) size 169x16 scrollX 106.00 scrollWidth 275
  LayoutBlockFlow {DIV} at (2,3) size 169x16
    LayoutText {#text} at (-106,0) size 275x16
      text run at (-106,0) width 275 RTL: "\x{2022}\x{2022}\x{2022}\x{2022}\x{2022}\x{2022}\x{2022}\x{2022}\x{2022}\x{2022}\x{2022}\x{2022}\x{2022}\x{2022}\x{2022}\x{2022}\x{2022}\x{2022}\x{2022}\x{2022}\x{2022}\x{2022}\x{2022}\x{2022}\x{2022}\x{2022}\x{2022}\x{2022}\x{2022}\x{2022}\x{2022}\x{2022}\x{2022}\x{2022}\x{2022}\x{2022}\x{2022}\x{2022}\x{2022}\x{2022}\x{2022}\x{2022}\x{2022}\x{2022}\x{2022}\x{2022}\x{2022}\x{2022}\x{2022}\x{2022}\x{2022}\x{2022}\x{2022}\x{2022}\x{2022}"
layer at (10,193) size 169x16 scrollWidth 317
  LayoutBlockFlow {DIV} at (2,3) size 169x16 [color=#A9A9A9]
    LayoutText {#text} at (0,0) size 317x16
      text run at (0,0) width 317: "Lorem ipsum dolor sit amet, consectetur adipiscing elit"
layer at (10,193) size 169x16
  LayoutBlockFlow {DIV} at (2,3) size 169x16
layer at (189,193) size 155x16 scrollWidth 317
  LayoutBlockFlow {DIV} at (4,3) size 155x16 [color=#A9A9A9]
    LayoutText {#text} at (0,0) size 317x16
      text run at (0,0) width 317: "Lorem ipsum dolor sit amet, consectetur adipiscing elit"
layer at (189,193) size 155x16
  LayoutBlockFlow {DIV} at (0,0) size 155x16
layer at (366,193) size 169x16 scrollWidth 318
  LayoutBlockFlow {DIV} at (2,3) size 169x16
    LayoutText {#text} at (0,0) size 317x16
      text run at (0,0) width 317: "Lorem ipsum dolor sit amet, consectetur adipiscing elit"
layer at (545,193) size 155x16 scrollWidth 318
  LayoutBlockFlow {DIV} at (0,0) size 155x16
    LayoutText {#text} at (0,0) size 317x16
      text run at (0,0) width 317: "Lorem ipsum dolor sit amet, consectetur adipiscing elit"
layer at (10,215) size 169x16 scrollWidth 276
  LayoutBlockFlow {DIV} at (2,3) size 169x16
    LayoutText {#text} at (0,0) size 275x16
      text run at (0,0) width 275: "\x{2022}\x{2022}\x{2022}\x{2022}\x{2022}\x{2022}\x{2022}\x{2022}\x{2022}\x{2022}\x{2022}\x{2022}\x{2022}\x{2022}\x{2022}\x{2022}\x{2022}\x{2022}\x{2022}\x{2022}\x{2022}\x{2022}\x{2022}\x{2022}\x{2022}\x{2022}\x{2022}\x{2022}\x{2022}\x{2022}\x{2022}\x{2022}\x{2022}\x{2022}\x{2022}\x{2022}\x{2022}\x{2022}\x{2022}\x{2022}\x{2022}\x{2022}\x{2022}\x{2022}\x{2022}\x{2022}\x{2022}\x{2022}\x{2022}\x{2022}\x{2022}\x{2022}\x{2022}\x{2022}\x{2022}"
layer at (10,237) size 169x16 scrollX 148.00 scrollWidth 317
  LayoutBlockFlow {DIV} at (2,3) size 169x16 [color=#A9A9A9]
    LayoutText {#text} at (-148,0) size 317x16
      text run at (-148,0) width 317: "Lorem ipsum dolor sit amet, consectetur adipiscing elit"
layer at (10,237) size 169x16
  LayoutBlockFlow {DIV} at (2,3) size 169x16
layer at (189,237) size 155x16 scrollX 162.00 scrollWidth 317
  LayoutBlockFlow {DIV} at (4,3) size 155x16 [color=#A9A9A9]
    LayoutText {#text} at (-162,0) size 317x16
      text run at (-162,0) width 317: "Lorem ipsum dolor sit amet, consectetur adipiscing elit"
layer at (189,237) size 155x16
  LayoutBlockFlow {DIV} at (0,0) size 155x16
layer at (366,237) size 169x16 scrollX 148.00 scrollWidth 317
  LayoutBlockFlow {DIV} at (2,3) size 169x16
    LayoutText {#text} at (-148,0) size 317x16
      text run at (-148,0) width 317: "Lorem ipsum dolor sit amet, consectetur adipiscing elit"
layer at (545,237) size 155x16 scrollX 162.00 scrollWidth 317
  LayoutBlockFlow {DIV} at (0,0) size 155x16
    LayoutText {#text} at (-162,0) size 317x16
      text run at (-162,0) width 317: "Lorem ipsum dolor sit amet, consectetur adipiscing elit"
layer at (10,259) size 169x16 scrollX 106.00 scrollWidth 275
  LayoutBlockFlow {DIV} at (2,3) size 169x16
    LayoutText {#text} at (-106,0) size 275x16
      text run at (-106,0) width 275 RTL: "\x{2022}\x{2022}\x{2022}\x{2022}\x{2022}\x{2022}\x{2022}\x{2022}\x{2022}\x{2022}\x{2022}\x{2022}\x{2022}\x{2022}\x{2022}\x{2022}\x{2022}\x{2022}\x{2022}\x{2022}\x{2022}\x{2022}\x{2022}\x{2022}\x{2022}\x{2022}\x{2022}\x{2022}\x{2022}\x{2022}\x{2022}\x{2022}\x{2022}\x{2022}\x{2022}\x{2022}\x{2022}\x{2022}\x{2022}\x{2022}\x{2022}\x{2022}\x{2022}\x{2022}\x{2022}\x{2022}\x{2022}\x{2022}\x{2022}\x{2022}\x{2022}\x{2022}\x{2022}\x{2022}\x{2022}"
layer at (256,315) size 169x16 scrollWidth 317
  LayoutBlockFlow {DIV} at (2,3) size 169x16 [color=#A9A9A9]
    LayoutText {#text} at (0,0) size 317x16
      text run at (0,0) width 317: "Lorem ipsum dolor sit amet, consectetur adipiscing elit"
layer at (256,315) size 169x16
  LayoutBlockFlow {DIV} at (2,3) size 169x16
layer at (433,315) size 169x16 scrollWidth 318
  LayoutBlockFlow {DIV} at (2,3) size 169x16
    LayoutText {#text} at (0,0) size 317x16
      text run at (0,0) width 317: "Lorem ipsum dolor sit amet, consectetur adipiscing elit"
layer at (280,337) size 169x16 scrollWidth 317
  LayoutBlockFlow {DIV} at (2,3) size 169x16 [color=#A9A9A9]
    LayoutText {#text} at (0,0) size 317x16
      text run at (0,0) width 317: "Lorem ipsum dolor sit amet, consectetur adipiscing elit"
layer at (280,337) size 169x16
  LayoutBlockFlow {DIV} at (2,3) size 169x16
layer at (457,337) size 169x16 scrollWidth 318
  LayoutBlockFlow {DIV} at (2,3) size 169x16
    LayoutText {#text} at (0,0) size 317x16
      text run at (0,0) width 317: "Lorem ipsum dolor sit amet, consectetur adipiscing elit"
layer at (345,75) size 9x9 transparent
  LayoutBlockFlow {DIV} at (157,3.50) size 9x9
layer at (701,75) size 9x9 transparent
  LayoutBlockFlow {DIV} at (157,3.50) size 9x9
layer at (345,119) size 9x9 transparent
  LayoutBlockFlow {DIV} at (157,3.50) size 9x9
layer at (701,119) size 9x9 transparent
  LayoutBlockFlow {DIV} at (157,3.50) size 9x9
layer at (345,197) size 9x9 transparent
  LayoutBlockFlow {DIV} at (157,3.50) size 9x9
layer at (701,197) size 9x9 transparent
  LayoutBlockFlow {DIV} at (157,3.50) size 9x9
layer at (345,241) size 9x9 transparent
  LayoutBlockFlow {DIV} at (157,3.50) size 9x9
layer at (701,241) size 9x9 transparent
  LayoutBlockFlow {DIV} at (157,3.50) size 9x9
