layer at (0,0) size 800x600
  LayoutView at (0,0) size 800x600
layer at (0,0) size 800x600
  LayoutBlockFlow {HTML} at (0,0) size 800x600
    LayoutBlockFlow {BODY} at (8,8) size 784x584
      LayoutInline {SPAN} at (0,0) size 653x135
        LayoutText {#text} at (0,1) size 653x135
          text run at (0,1) width 653: "fin LYAWA (No kerning or"
          text run at (0,70) width 227: "ligatures)"
      LayoutText {#text} at (226,109) size 5x17
        text run at (226,109) width 5: " "
      LayoutBR {BR} at (230,123) size 1x0
      LayoutInline {SPAN} at (0,0) size 653x135
        LayoutText {#text} at (0,139) size 653x135
          text run at (0,139) width 653: "fin LYAWA (No kerning or"
          text run at (0,208) width 227: "ligatures)"
      LayoutText {#text} at (226,247) size 5x17
        text run at (226,247) width 5: " "
      LayoutBR {BR} at (230,261) size 1x0
      LayoutInline {SPAN} at (0,0) size 611x135
        LayoutText {#text} at (0,277) size 611x135
          text run at (0,277) width 611: "fin LYAWA (Kerning and"
          text run at (0,346) width 227: "ligatures)"
      LayoutText {#text} at (226,385) size 5x17
        text run at (226,385) width 5: " "
      LayoutBR {BR} at (230,399) size 1x0
      LayoutInline {SPAN} at (0,0) size 611x135
        LayoutText {#text} at (0,415) size 611x135
          text run at (0,415) width 611: "fin LYAWA (Kerning and"
          text run at (0,484) width 227: "ligatures)"
      LayoutText {#text} at (226,523) size 5x17
        text run at (226,523) width 5: " "
      LayoutBR {BR} at (230,537) size 1x0
