layer at (0,0) size 800x600 scrollWidth 2066 scrollHeight 2473
  LayoutView at (0,0) size 800x600
layer at (0,0) size 800x2473 backgroundClip at (0,0) size 800x600 clip at (0,0) size 800x600
  LayoutBlockFlow {HTML} at (0,0) size 800x2473.28
    LayoutBlockFlow {BODY} at (8,8) size 784x2457.28
      LayoutBlockFlow {H2} at (0,0) size 784x27
        LayoutText {#text} at (0,0) size 139x26
          text run at (0,0) width 139: "word-spacing"
      LayoutBlockFlow (anonymous) at (0,46.91) size 784x208.41
        LayoutBlockFlow (floating) {PRE} at (0,13) size 1224x182.41
          LayoutBlockFlow {H3} at (0,15.20) size 1224x17
            LayoutText {#text} at (0,0) size 204x17
              text run at (0,0) width 204: "In a floated pre"
          LayoutBlockFlow (anonymous) at (0,47.41) size 1224x135
            LayoutText {#text} at (0,0) size 260x33
              text run at (0,0) width 0: " "
              text run at (0,17) width 260: "Word   spacing test "
            LayoutInline {EM} at (0,0) size 24x17
              LayoutText {#text} at (260,16) size 24x17
                text run at (260,16) width 24: "for"
            LayoutText {#text} at (304,17) size 8x16
              text run at (304,17) width 8: " "
            LayoutInline {STRONG} at (0,0) size 64x16
              LayoutText {#text} at (312,17) size 64x16
                text run at (312,17) width 64: "elements"
            LayoutText {#text} at (396,17) size 8x16
              text run at (396,17) width 8: " "
            LayoutInline {TT} at (0,0) size 48x16
              LayoutText {#text} at (404,17) size 48x16
                text run at (404,17) width 48: "within"
            LayoutText {#text} at (472,17) size 624x33
              text run at (472,17) width 132: " elements too."
              text run at (624,17) width 0: " "
              text run at (0,34) width 260: "Word   spacing test "
            LayoutInline {EM} at (0,0) size 24x17
              LayoutText {#text} at (260,33) size 24x17
                text run at (260,33) width 24: "for"
            LayoutText {#text} at (304,34) size 8x16
              text run at (304,34) width 8: " "
            LayoutInline {STRONG} at (0,0) size 64x16
              LayoutText {#text} at (312,34) size 64x16
                text run at (312,34) width 64: "elements"
            LayoutText {#text} at (396,34) size 8x16
              text run at (396,34) width 8: " "
            LayoutInline {TT} at (0,0) size 48x16
              LayoutText {#text} at (404,34) size 48x16
                text run at (404,34) width 48: "within"
            LayoutText {#text} at (472,34) size 100x16
              text run at (472,34) width 100: " elements "
            LayoutText {#text} at (572,34) size 1072x33
              text run at (572,34) width 480: " too. (with comment between elements and too)"
              text run at (1072,34) width 0: " "
              text run at (0,51) width 260: "Word   spacing test "
            LayoutInline {EM} at (0,0) size 24x17
              LayoutText {#text} at (260,50) size 24x17
                text run at (260,50) width 24: "for"
            LayoutText {#text} at (304,51) size 8x16
              text run at (304,51) width 8: " "
            LayoutInline {STRONG} at (0,0) size 64x16
              LayoutText {#text} at (312,51) size 64x16
                text run at (312,51) width 64: "elements"
            LayoutText {#text} at (396,51) size 8x16
              text run at (396,51) width 8: " "
            LayoutInline {TT} at (0,0) size 48x16
              LayoutText {#text} at (404,51) size 48x16
                text run at (404,51) width 48: "within"
            LayoutText {#text} at (472,51) size 72x16
              text run at (472,51) width 72: " elements"
            LayoutText {#text} at (564,51) size 1300x33
              text run at (564,51) width 716: " too. (with comment (no preceeding space) between elements and too)"
              text run at (1300,51) width 0: " "
              text run at (0,68) width 260: "Word   spacing test "
            LayoutInline {EM} at (0,0) size 24x17
              LayoutText {#text} at (260,67) size 24x17
                text run at (260,67) width 24: "for"
            LayoutText {#text} at (304,68) size 8x16
              text run at (304,68) width 8: " "
            LayoutInline {STRONG} at (0,0) size 64x16
              LayoutText {#text} at (312,68) size 64x16
                text run at (312,68) width 64: "elements"
            LayoutText {#text} at (396,68) size 8x16
              text run at (396,68) width 8: " "
            LayoutInline {TT} at (0,0) size 48x16
              LayoutText {#text} at (404,68) size 48x16
                text run at (404,68) width 48: "within"
            LayoutText {#text} at (472,68) size 100x16
              text run at (472,68) width 100: " elements "
            LayoutText {#text} at (572,68) size 712x16
              text run at (572,68) width 692: "too. (with comment (no trailing space) between elements and too)"
              text run at (1284,68) width 0: " "
            LayoutInline {SPAN} at (0,0) size 376x16
              LayoutText {#text} at (0,85) size 260x16
                text run at (0,85) width 260: "Word   spacing test "
              LayoutInline {EM} at (0,0) size 24x17
                LayoutText {#text} at (260,84) size 24x17
                  text run at (260,84) width 24: "for"
              LayoutText {#text} at (304,85) size 8x16
                text run at (304,85) width 8: " "
              LayoutInline {STRONG} at (0,0) size 64x16
                LayoutText {#text} at (312,85) size 64x16
                  text run at (312,85) width 64: "elements"
            LayoutText {#text} at (396,85) size 8x16
              text run at (396,85) width 8: " "
            LayoutInline {TT} at (0,0) size 48x16
              LayoutText {#text} at (404,85) size 48x16
                text run at (404,85) width 48: "within"
            LayoutText {#text} at (472,85) size 1116x33
              text run at (472,85) width 624: " elements too. (with monospace font from Word to elements)"
              text run at (1116,85) width 0: " "
              text run at (0,102) width 260: "Word   spacing test "
            LayoutInline {SPAN} at (0,0) size 192x16
              LayoutInline {EM} at (0,0) size 24x17
                LayoutText {#text} at (260,101) size 24x17
                  text run at (260,101) width 24: "for"
              LayoutText {#text} at (304,102) size 8x16
                text run at (304,102) width 8: " "
              LayoutInline {STRONG} at (0,0) size 64x16
                LayoutText {#text} at (312,102) size 64x16
                  text run at (312,102) width 64: "elements"
              LayoutText {#text} at (396,102) size 8x16
                text run at (396,102) width 8: " "
              LayoutInline {TT} at (0,0) size 48x16
                LayoutText {#text} at (404,102) size 48x16
                  text run at (404,102) width 48: "within"
            LayoutText {#text} at (472,102) size 1092x33
              text run at (472,102) width 600: " elements too. (with monospace font from for to within)"
              text run at (1092,102) width 0: " "
              text run at (0,119) width 260: "Word   spacing test "
            LayoutInline {EM} at (0,0) size 24x17
              LayoutText {#text} at (260,118) size 24x17
                text run at (260,118) width 24: "for"
            LayoutText {#text} at (304,119) size 8x16
              text run at (304,119) width 8: " "
            LayoutInline {STRONG} at (0,0) size 64x16
              LayoutText {#text} at (312,119) size 64x16
                text run at (312,119) width 64: "elements"
            LayoutText {#text} at (396,119) size 8x16
              text run at (396,119) width 8: " "
            LayoutInline {SPAN} at (0,0) size 192x16
              LayoutInline {TT} at (0,0) size 48x16
                LayoutText {#text} at (404,119) size 48x16
                  text run at (404,119) width 48: "within"
              LayoutText {#text} at (472,119) size 124x16
                text run at (472,119) width 124: " elements too"
            LayoutText {#text} at (596,119) size 512x16
              text run at (596,119) width 492: ". (with monospace font from elements to too)"
              text run at (1108,119) width 0: " "
        LayoutBR {BR} at (1224,0) size 0x17
      LayoutBlockFlow {PRE} at (0,270.52) size 784x167.20
        LayoutBlockFlow {H3} at (0,0) size 784x17
          LayoutText {#text} at (0,0) size 240x17
            text run at (0,0) width 240: "In an un-floated pre"
        LayoutBlockFlow (anonymous) at (0,32.20) size 784x135
          LayoutText {#text} at (0,0) size 260x33
            text run at (0,0) width 0: " "
            text run at (0,17) width 260: "Word   spacing test "
          LayoutInline {EM} at (0,0) size 24x17
            LayoutText {#text} at (260,16) size 24x17
              text run at (260,16) width 24: "for"
          LayoutText {#text} at (304,17) size 8x16
            text run at (304,17) width 8: " "
          LayoutInline {STRONG} at (0,0) size 64x16
            LayoutText {#text} at (312,17) size 64x16
              text run at (312,17) width 64: "elements"
          LayoutText {#text} at (396,17) size 8x16
            text run at (396,17) width 8: " "
          LayoutInline {TT} at (0,0) size 48x16
            LayoutText {#text} at (404,17) size 48x16
              text run at (404,17) width 48: "within"
          LayoutText {#text} at (472,17) size 624x33
            text run at (472,17) width 132: " elements too."
            text run at (624,17) width 0: " "
            text run at (0,34) width 260: "Word   spacing test "
          LayoutInline {EM} at (0,0) size 24x17
            LayoutText {#text} at (260,33) size 24x17
              text run at (260,33) width 24: "for"
          LayoutText {#text} at (304,34) size 8x16
            text run at (304,34) width 8: " "
          LayoutInline {STRONG} at (0,0) size 64x16
            LayoutText {#text} at (312,34) size 64x16
              text run at (312,34) width 64: "elements"
          LayoutText {#text} at (396,34) size 8x16
            text run at (396,34) width 8: " "
          LayoutInline {TT} at (0,0) size 48x16
            LayoutText {#text} at (404,34) size 48x16
              text run at (404,34) width 48: "within"
          LayoutText {#text} at (472,34) size 100x16
            text run at (472,34) width 100: " elements "
          LayoutText {#text} at (572,34) size 1072x33
            text run at (572,34) width 480: " too. (with comment between elements and too)"
            text run at (1072,34) width 0: " "
            text run at (0,51) width 260: "Word   spacing test "
          LayoutInline {EM} at (0,0) size 24x17
            LayoutText {#text} at (260,50) size 24x17
              text run at (260,50) width 24: "for"
          LayoutText {#text} at (304,51) size 8x16
            text run at (304,51) width 8: " "
          LayoutInline {STRONG} at (0,0) size 64x16
            LayoutText {#text} at (312,51) size 64x16
              text run at (312,51) width 64: "elements"
          LayoutText {#text} at (396,51) size 8x16
            text run at (396,51) width 8: " "
          LayoutInline {TT} at (0,0) size 48x16
            LayoutText {#text} at (404,51) size 48x16
              text run at (404,51) width 48: "within"
          LayoutText {#text} at (472,51) size 72x16
            text run at (472,51) width 72: " elements"
          LayoutText {#text} at (564,51) size 1300x33
            text run at (564,51) width 716: " too. (with comment (no preceeding space) between elements and too)"
            text run at (1300,51) width 0: " "
            text run at (0,68) width 260: "Word   spacing test "
          LayoutInline {EM} at (0,0) size 24x17
            LayoutText {#text} at (260,67) size 24x17
              text run at (260,67) width 24: "for"
          LayoutText {#text} at (304,68) size 8x16
            text run at (304,68) width 8: " "
          LayoutInline {STRONG} at (0,0) size 64x16
            LayoutText {#text} at (312,68) size 64x16
              text run at (312,68) width 64: "elements"
          LayoutText {#text} at (396,68) size 8x16
            text run at (396,68) width 8: " "
          LayoutInline {TT} at (0,0) size 48x16
            LayoutText {#text} at (404,68) size 48x16
              text run at (404,68) width 48: "within"
          LayoutText {#text} at (472,68) size 100x16
            text run at (472,68) width 100: " elements "
          LayoutText {#text} at (572,68) size 712x16
            text run at (572,68) width 692: "too. (with comment (no trailing space) between elements and too)"
            text run at (1284,68) width 0: " "
          LayoutInline {SPAN} at (0,0) size 376x16
            LayoutText {#text} at (0,85) size 260x16
              text run at (0,85) width 260: "Word   spacing test "
            LayoutInline {EM} at (0,0) size 24x17
              LayoutText {#text} at (260,84) size 24x17
                text run at (260,84) width 24: "for"
            LayoutText {#text} at (304,85) size 8x16
              text run at (304,85) width 8: " "
            LayoutInline {STRONG} at (0,0) size 64x16
              LayoutText {#text} at (312,85) size 64x16
                text run at (312,85) width 64: "elements"
          LayoutText {#text} at (396,85) size 8x16
            text run at (396,85) width 8: " "
          LayoutInline {TT} at (0,0) size 48x16
            LayoutText {#text} at (404,85) size 48x16
              text run at (404,85) width 48: "within"
          LayoutText {#text} at (472,85) size 1116x33
            text run at (472,85) width 624: " elements too. (with monospace font from Word to elements)"
            text run at (1116,85) width 0: " "
            text run at (0,102) width 260: "Word   spacing test "
          LayoutInline {SPAN} at (0,0) size 192x16
            LayoutInline {EM} at (0,0) size 24x17
              LayoutText {#text} at (260,101) size 24x17
                text run at (260,101) width 24: "for"
            LayoutText {#text} at (304,102) size 8x16
              text run at (304,102) width 8: " "
            LayoutInline {STRONG} at (0,0) size 64x16
              LayoutText {#text} at (312,102) size 64x16
                text run at (312,102) width 64: "elements"
            LayoutText {#text} at (396,102) size 8x16
              text run at (396,102) width 8: " "
            LayoutInline {TT} at (0,0) size 48x16
              LayoutText {#text} at (404,102) size 48x16
                text run at (404,102) width 48: "within"
          LayoutText {#text} at (472,102) size 1092x33
            text run at (472,102) width 600: " elements too. (with monospace font from for to within)"
            text run at (1092,102) width 0: " "
            text run at (0,119) width 260: "Word   spacing test "
          LayoutInline {EM} at (0,0) size 24x17
            LayoutText {#text} at (260,118) size 24x17
              text run at (260,118) width 24: "for"
          LayoutText {#text} at (304,119) size 8x16
            text run at (304,119) width 8: " "
          LayoutInline {STRONG} at (0,0) size 64x16
            LayoutText {#text} at (312,119) size 64x16
              text run at (312,119) width 64: "elements"
          LayoutText {#text} at (396,119) size 8x16
            text run at (396,119) width 8: " "
          LayoutInline {SPAN} at (0,0) size 192x16
            LayoutInline {TT} at (0,0) size 48x16
              LayoutText {#text} at (404,119) size 48x16
                text run at (404,119) width 48: "within"
            LayoutText {#text} at (472,119) size 124x16
              text run at (472,119) width 124: " elements too"
          LayoutText {#text} at (596,119) size 512x16
            text run at (596,119) width 492: ". (with monospace font from elements to too)"
            text run at (1108,119) width 0: " "
      LayoutBlockFlow (anonymous) at (0,450.72) size 784x0
        LayoutInline {SPAN} at (0,0) size 0x0
          LayoutText {#text} at (0,0) size 0x0
      LayoutBlockFlow (anonymous) at (0,456.44) size 784x22
        LayoutBlockFlow {H3} at (0,0) size 784x22
          LayoutText {#text} at (0,0) size 114x21
            text run at (0,0) width 114: "In a span"
      LayoutBlockFlow (anonymous) at (0,497.16) size 784x270
        LayoutInline {SPAN} at (0,0) size 782x233
          LayoutText {#text} at (0,0) size 179x17
            text run at (0,0) width 60: "Word "
            text run at (59,0) width 120: "spacing test "
          LayoutInline {EM} at (0,0) size 19x17
            LayoutText {#text} at (178,0) size 19x17
              text run at (178,0) width 19: "for"
          LayoutText {#text} at (216,0) size 5x17
            text run at (216,0) width 5: " "
          LayoutInline {STRONG} at (0,0) size 61x17
            LayoutText {#text} at (220,0) size 61x17
              text run at (220,0) width 61: "elements"
          LayoutText {#text} at (300,0) size 5x17
            text run at (300,0) width 5: " "
          LayoutInline {TT} at (0,0) size 49x16
            LayoutText {#text} at (304,2) size 49x16
              text run at (304,2) width 49: "within"
          LayoutText {#text} at (372,0) size 110x17
            text run at (372,0) width 110: " elements too."
          LayoutBR {BR} at (501,14) size 1x0
          LayoutText {#text} at (0,18) size 179x17
            text run at (0,18) width 60: "Word "
            text run at (59,18) width 120: "spacing test "
          LayoutInline {EM} at (0,0) size 19x17
            LayoutText {#text} at (178,18) size 19x17
              text run at (178,18) width 19: "for"
          LayoutText {#text} at (216,18) size 5x17
            text run at (216,18) width 5: " "
          LayoutInline {STRONG} at (0,0) size 61x17
            LayoutText {#text} at (220,18) size 61x17
              text run at (220,18) width 61: "elements"
          LayoutText {#text} at (300,18) size 5x17
            text run at (300,18) width 5: " "
          LayoutInline {TT} at (0,0) size 49x16
            LayoutText {#text} at (304,20) size 49x16
              text run at (304,20) width 49: "within"
          LayoutText {#text} at (372,18) size 86x17
            text run at (372,18) width 86: " elements "
          LayoutText {#text} at (457,18) size 782x35
            text run at (457,18) width 325: "too. (with comment between elements"
            text run at (0,36) width 73: "and too)"
          LayoutBR {BR} at (92,50) size 1x0
          LayoutText {#text} at (0,54) size 179x17
            text run at (0,54) width 60: "Word "
            text run at (59,54) width 120: "spacing test "
          LayoutInline {EM} at (0,0) size 19x17
            LayoutText {#text} at (178,54) size 19x17
              text run at (178,54) width 19: "for"
          LayoutText {#text} at (216,54) size 5x17
            text run at (216,54) width 5: " "
          LayoutInline {STRONG} at (0,0) size 61x17
            LayoutText {#text} at (220,54) size 61x17
              text run at (220,54) width 61: "elements"
          LayoutText {#text} at (300,54) size 5x17
            text run at (300,54) width 5: " "
          LayoutInline {TT} at (0,0) size 49x16
            LayoutText {#text} at (304,56) size 49x16
              text run at (304,56) width 49: "within"
          LayoutText {#text} at (372,54) size 62x17
            text run at (372,54) width 62: " elements"
          LayoutText {#text} at (453,54) size 763x35
            text run at (453,54) width 310: " too. (with comment (no preceeding"
            text run at (0,72) width 296: "space) between elements and too)"
          LayoutBR {BR} at (315,86) size 1x0
          LayoutText {#text} at (0,90) size 179x17
            text run at (0,90) width 60: "Word "
            text run at (59,90) width 120: "spacing test "
          LayoutInline {EM} at (0,0) size 19x17
            LayoutText {#text} at (178,90) size 19x17
              text run at (178,90) width 19: "for"
          LayoutText {#text} at (216,90) size 5x17
            text run at (216,90) width 5: " "
          LayoutInline {STRONG} at (0,0) size 61x17
            LayoutText {#text} at (220,90) size 61x17
              text run at (220,90) width 61: "elements"
          LayoutText {#text} at (300,90) size 5x17
            text run at (300,90) width 5: " "
          LayoutInline {TT} at (0,0) size 49x16
            LayoutText {#text} at (304,92) size 49x16
              text run at (304,92) width 49: "within"
          LayoutText {#text} at (372,90) size 86x17
            text run at (372,90) width 86: " elements "
          LayoutText {#text} at (457,90) size 739x35
            text run at (457,90) width 282: "too. (with comment (no trailing"
            text run at (0,108) width 296: "space) between elements and too)"
          LayoutBR {BR} at (315,122) size 1x0
          LayoutInline {SPAN} at (0,0) size 320x16
            LayoutText {#text} at (0,128) size 204x16
              text run at (0,128) width 60: "Word "
              text run at (60,128) width 144: "spacing test "
            LayoutInline {EM} at (0,0) size 24x17
              LayoutText {#text} at (204,127) size 24x17
                text run at (204,127) width 24: "for"
            LayoutText {#text} at (248,128) size 8x16
              text run at (248,128) width 8: " "
            LayoutInline {STRONG} at (0,0) size 64x16
              LayoutText {#text} at (256,128) size 64x16
                text run at (256,128) width 64: "elements"
          LayoutText {#text} at (340,126) size 4x17
            text run at (340,126) width 4: " "
          LayoutInline {TT} at (0,0) size 48x16
            LayoutText {#text} at (344,128) size 48x16
              text run at (344,128) width 48: "within"
          LayoutText {#text} at (412,126) size 780x35
            text run at (412,126) width 368: " elements too. (with monospace font from"
            text run at (0,144) width 158: "Word to elements)"
          LayoutBR {BR} at (177,158) size 1x0
          LayoutText {#text} at (0,162) size 179x17
            text run at (0,162) width 60: "Word "
            text run at (59,162) width 120: "spacing test "
          LayoutInline {SPAN} at (0,0) size 193x16
            LayoutInline {EM} at (0,0) size 25x17
              LayoutText {#text} at (178,163) size 25x17
                text run at (178,163) width 25: "for"
            LayoutText {#text} at (222,164) size 9x16
              text run at (222,164) width 9: " "
            LayoutInline {STRONG} at (0,0) size 65x16
              LayoutText {#text} at (230,164) size 65x16
                text run at (230,164) width 65: "elements"
            LayoutText {#text} at (314,164) size 9x16
              text run at (314,164) width 9: " "
            LayoutInline {TT} at (0,0) size 49x16
              LayoutText {#text} at (322,164) size 49x16
                text run at (322,164) width 49: "within"
          LayoutText {#text} at (390,162) size 759x35
            text run at (390,162) width 369: " elements too. (with monospace font from"
            text run at (0,180) width 126: "for to within)"
          LayoutBR {BR} at (145,194) size 1x0
          LayoutText {#text} at (0,198) size 179x17
            text run at (0,198) width 60: "Word "
            text run at (59,198) width 120: "spacing test "
          LayoutInline {EM} at (0,0) size 19x17
            LayoutText {#text} at (178,198) size 19x17
              text run at (178,198) width 19: "for"
          LayoutText {#text} at (216,198) size 5x17
            text run at (216,198) width 5: " "
          LayoutInline {STRONG} at (0,0) size 61x17
            LayoutText {#text} at (220,198) size 61x17
              text run at (220,198) width 61: "elements"
          LayoutText {#text} at (300,198) size 5x17
            text run at (300,198) width 5: " "
          LayoutInline {SPAN} at (0,0) size 193x16
            LayoutInline {TT} at (0,0) size 49x16
              LayoutText {#text} at (304,200) size 49x16
                text run at (304,200) width 49: "within"
            LayoutText {#text} at (372,200) size 125x16
              text run at (372,200) width 125: " elements too"
          LayoutText {#text} at (496,198) size 760x35
            text run at (496,198) width 264: ". (with monospace font from"
            text run at (0,216) width 168: "elements to too) "
        LayoutText {#text} at (0,0) size 0x0
        LayoutBR {BR} at (0,0) size 0x0
        LayoutBR {BR} at (0,234) size 0x17
        LayoutBR {BR} at (0,252) size 0x17
      LayoutBlockFlow {H2} at (0,787.06) size 784x27
        LayoutText {#text} at (0,0) size 140x26
          text run at (0,0) width 140: "letter-spacing"
      LayoutBlockFlow (anonymous) at (0,833.97) size 784x208.41
        LayoutBlockFlow (floating) {PRE} at (0,13) size 1521x182.41
          LayoutBlockFlow {H3} at (0,15.20) size 1521x17
            LayoutText {#text} at (0,0) size 224x17
              text run at (0,0) width 224: "In a floated pre"
          LayoutBlockFlow (anonymous) at (0,47.41) size 1521x135
            LayoutText {#text} at (0,0) size 286x33
              text run at (0,0) width 0: " "
              text run at (0,17) width 286: "Letter   spacing test "
            LayoutInline {EM} at (0,0) size 39x17
              LayoutText {#text} at (286,16) size 39x17
                text run at (286,16) width 39: "for"
            LayoutText {#text} at (325,17) size 13x16
              text run at (325,17) width 13: " "
            LayoutInline {STRONG} at (0,0) size 104x16
              LayoutText {#text} at (338,17) size 104x16
                text run at (338,17) width 104: "elements"
            LayoutText {#text} at (442,17) size 13x16
              text run at (442,17) width 13: " "
            LayoutInline {TT} at (0,0) size 78x16
              LayoutText {#text} at (455,17) size 78x16
                text run at (455,17) width 78: "within"
            LayoutText {#text} at (533,17) size 715x33
              text run at (533,17) width 182: " elements too."
              text run at (715,17) width 0: " "
              text run at (0,34) width 286: "Letter   spacing test "
            LayoutInline {EM} at (0,0) size 39x17
              LayoutText {#text} at (286,33) size 39x17
                text run at (286,33) width 39: "for"
            LayoutText {#text} at (325,34) size 13x16
              text run at (325,34) width 13: " "
            LayoutInline {STRONG} at (0,0) size 104x16
              LayoutText {#text} at (338,34) size 104x16
                text run at (338,34) width 104: "elements"
            LayoutText {#text} at (442,34) size 13x16
              text run at (442,34) width 13: " "
            LayoutInline {TT} at (0,0) size 78x16
              LayoutText {#text} at (455,34) size 78x16
                text run at (455,34) width 78: "within"
            LayoutText {#text} at (533,34) size 130x16
              text run at (533,34) width 130: " elements "
            LayoutText {#text} at (663,34) size 1248x33
              text run at (663,34) width 585: " too. (with comment between elements and too)"
              text run at (1248,34) width 0: " "
              text run at (0,51) width 286: "Letter   spacing test "
            LayoutInline {EM} at (0,0) size 39x17
              LayoutText {#text} at (286,50) size 39x17
                text run at (286,50) width 39: "for"
            LayoutText {#text} at (325,51) size 13x16
              text run at (325,51) width 13: " "
            LayoutInline {STRONG} at (0,0) size 104x16
              LayoutText {#text} at (338,51) size 104x16
                text run at (338,51) width 104: "elements"
            LayoutText {#text} at (442,51) size 13x16
              text run at (442,51) width 13: " "
            LayoutInline {TT} at (0,0) size 78x16
              LayoutText {#text} at (455,51) size 78x16
                text run at (455,51) width 78: "within"
            LayoutText {#text} at (533,51) size 117x16
              text run at (533,51) width 117: " elements"
            LayoutText {#text} at (650,51) size 1521x33
              text run at (650,51) width 871: " too. (with comment (no preceeding space) between elements and too)"
              text run at (1521,51) width 0: " "
              text run at (0,68) width 286: "Letter   spacing test "
            LayoutInline {EM} at (0,0) size 39x17
              LayoutText {#text} at (286,67) size 39x17
                text run at (286,67) width 39: "for"
            LayoutText {#text} at (325,68) size 13x16
              text run at (325,68) width 13: " "
            LayoutInline {STRONG} at (0,0) size 104x16
              LayoutText {#text} at (338,68) size 104x16
                text run at (338,68) width 104: "elements"
            LayoutText {#text} at (442,68) size 13x16
              text run at (442,68) width 13: " "
            LayoutInline {TT} at (0,0) size 78x16
              LayoutText {#text} at (455,68) size 78x16
                text run at (455,68) width 78: "within"
            LayoutText {#text} at (533,68) size 130x16
              text run at (533,68) width 130: " elements "
            LayoutText {#text} at (663,68) size 832x16
              text run at (663,68) width 832: "too. (with comment (no trailing space) between elements and too)"
              text run at (1495,68) width 0: " "
            LayoutInline {SPAN} at (0,0) size 442x16
              LayoutText {#text} at (0,85) size 286x16
                text run at (0,85) width 286: "Letter   spacing test "
              LayoutInline {EM} at (0,0) size 39x17
                LayoutText {#text} at (286,84) size 39x17
                  text run at (286,84) width 39: "for"
              LayoutText {#text} at (325,85) size 13x16
                text run at (325,85) width 13: " "
              LayoutInline {STRONG} at (0,0) size 104x16
                LayoutText {#text} at (338,85) size 104x16
                  text run at (338,85) width 104: "elements"
            LayoutText {#text} at (442,85) size 13x16
              text run at (442,85) width 13: " "
            LayoutInline {TT} at (0,0) size 78x16
              LayoutText {#text} at (455,85) size 78x16
                text run at (455,85) width 78: "within"
            LayoutText {#text} at (533,85) size 1313x33
              text run at (533,85) width 780: " elements too. (with monospace font from Letter to elements)"
              text run at (1313,85) width 0: " "
              text run at (0,102) width 286: "Letter   spacing test "
            LayoutInline {SPAN} at (0,0) size 247x16
              LayoutInline {EM} at (0,0) size 39x17
                LayoutText {#text} at (286,101) size 39x17
                  text run at (286,101) width 39: "for"
              LayoutText {#text} at (325,102) size 13x16
                text run at (325,102) width 13: " "
              LayoutInline {STRONG} at (0,0) size 104x16
                LayoutText {#text} at (338,102) size 104x16
                  text run at (338,102) width 104: "elements"
              LayoutText {#text} at (442,102) size 13x16
                text run at (442,102) width 13: " "
              LayoutInline {TT} at (0,0) size 78x16
                LayoutText {#text} at (455,102) size 78x16
                  text run at (455,102) width 78: "within"
            LayoutText {#text} at (533,102) size 1248x33
              text run at (533,102) width 715: " elements too. (with monospace font from for to within)"
              text run at (1248,102) width 0: " "
              text run at (0,119) width 286: "Letter   spacing test "
            LayoutInline {EM} at (0,0) size 39x17
              LayoutText {#text} at (286,118) size 39x17
                text run at (286,118) width 39: "for"
            LayoutText {#text} at (325,119) size 13x16
              text run at (325,119) width 13: " "
            LayoutInline {STRONG} at (0,0) size 104x16
              LayoutText {#text} at (338,119) size 104x16
                text run at (338,119) width 104: "elements"
            LayoutText {#text} at (442,119) size 13x16
              text run at (442,119) width 13: " "
            LayoutInline {SPAN} at (0,0) size 247x16
              LayoutInline {TT} at (0,0) size 78x16
                LayoutText {#text} at (455,119) size 78x16
                  text run at (455,119) width 78: "within"
              LayoutText {#text} at (533,119) size 169x16
                text run at (533,119) width 169: " elements too"
            LayoutText {#text} at (702,119) size 572x16
              text run at (702,119) width 572: ". (with monospace font from elements to too)"
              text run at (1274,119) width 0: " "
        LayoutBR {BR} at (1521,0) size 0x17
      LayoutBlockFlow {PRE} at (0,1057.58) size 784x167.20
        LayoutBlockFlow {H3} at (0,0) size 784x17
          LayoutText {#text} at (0,0) size 280x17
            text run at (0,0) width 280: "In an un-floated pre"
        LayoutBlockFlow (anonymous) at (0,32.20) size 784x135
          LayoutText {#text} at (0,0) size 286x33
            text run at (0,0) width 0: " "
            text run at (0,17) width 286: "Letter   spacing test "
          LayoutInline {EM} at (0,0) size 39x17
            LayoutText {#text} at (286,16) size 39x17
              text run at (286,16) width 39: "for"
          LayoutText {#text} at (325,17) size 13x16
            text run at (325,17) width 13: " "
          LayoutInline {STRONG} at (0,0) size 104x16
            LayoutText {#text} at (338,17) size 104x16
              text run at (338,17) width 104: "elements"
          LayoutText {#text} at (442,17) size 13x16
            text run at (442,17) width 13: " "
          LayoutInline {TT} at (0,0) size 78x16
            LayoutText {#text} at (455,17) size 78x16
              text run at (455,17) width 78: "within"
          LayoutText {#text} at (533,17) size 715x33
            text run at (533,17) width 182: " elements too."
            text run at (715,17) width 0: " "
            text run at (0,34) width 286: "Letter   spacing test "
          LayoutInline {EM} at (0,0) size 39x17
            LayoutText {#text} at (286,33) size 39x17
              text run at (286,33) width 39: "for"
          LayoutText {#text} at (325,34) size 13x16
            text run at (325,34) width 13: " "
          LayoutInline {STRONG} at (0,0) size 104x16
            LayoutText {#text} at (338,34) size 104x16
              text run at (338,34) width 104: "elements"
          LayoutText {#text} at (442,34) size 13x16
            text run at (442,34) width 13: " "
          LayoutInline {TT} at (0,0) size 78x16
            LayoutText {#text} at (455,34) size 78x16
              text run at (455,34) width 78: "within"
          LayoutText {#text} at (533,34) size 130x16
            text run at (533,34) width 130: " elements "
          LayoutText {#text} at (663,34) size 1248x33
            text run at (663,34) width 585: " too. (with comment between elements and too)"
            text run at (1248,34) width 0: " "
            text run at (0,51) width 286: "Letter   spacing test "
          LayoutInline {EM} at (0,0) size 39x17
            LayoutText {#text} at (286,50) size 39x17
              text run at (286,50) width 39: "for"
          LayoutText {#text} at (325,51) size 13x16
            text run at (325,51) width 13: " "
          LayoutInline {STRONG} at (0,0) size 104x16
            LayoutText {#text} at (338,51) size 104x16
              text run at (338,51) width 104: "elements"
          LayoutText {#text} at (442,51) size 13x16
            text run at (442,51) width 13: " "
          LayoutInline {TT} at (0,0) size 78x16
            LayoutText {#text} at (455,51) size 78x16
              text run at (455,51) width 78: "within"
          LayoutText {#text} at (533,51) size 117x16
            text run at (533,51) width 117: " elements"
          LayoutText {#text} at (650,51) size 1521x33
            text run at (650,51) width 871: " too. (with comment (no preceeding space) between elements and too)"
            text run at (1521,51) width 0: " "
            text run at (0,68) width 286: "Letter   spacing test "
          LayoutInline {EM} at (0,0) size 39x17
            LayoutText {#text} at (286,67) size 39x17
              text run at (286,67) width 39: "for"
          LayoutText {#text} at (325,68) size 13x16
            text run at (325,68) width 13: " "
          LayoutInline {STRONG} at (0,0) size 104x16
            LayoutText {#text} at (338,68) size 104x16
              text run at (338,68) width 104: "elements"
          LayoutText {#text} at (442,68) size 13x16
            text run at (442,68) width 13: " "
          LayoutInline {TT} at (0,0) size 78x16
            LayoutText {#text} at (455,68) size 78x16
              text run at (455,68) width 78: "within"
          LayoutText {#text} at (533,68) size 130x16
            text run at (533,68) width 130: " elements "
          LayoutText {#text} at (663,68) size 832x16
            text run at (663,68) width 832: "too. (with comment (no trailing space) between elements and too)"
            text run at (1495,68) width 0: " "
          LayoutInline {SPAN} at (0,0) size 442x16
            LayoutText {#text} at (0,85) size 286x16
              text run at (0,85) width 286: "Letter   spacing test "
            LayoutInline {EM} at (0,0) size 39x17
              LayoutText {#text} at (286,84) size 39x17
                text run at (286,84) width 39: "for"
            LayoutText {#text} at (325,85) size 13x16
              text run at (325,85) width 13: " "
            LayoutInline {STRONG} at (0,0) size 104x16
              LayoutText {#text} at (338,85) size 104x16
                text run at (338,85) width 104: "elements"
          LayoutText {#text} at (442,85) size 13x16
            text run at (442,85) width 13: " "
          LayoutInline {TT} at (0,0) size 78x16
            LayoutText {#text} at (455,85) size 78x16
              text run at (455,85) width 78: "within"
          LayoutText {#text} at (533,85) size 1313x33
            text run at (533,85) width 780: " elements too. (with monospace font from Letter to elements)"
            text run at (1313,85) width 0: " "
            text run at (0,102) width 286: "Letter   spacing test "
          LayoutInline {SPAN} at (0,0) size 247x16
            LayoutInline {EM} at (0,0) size 39x17
              LayoutText {#text} at (286,101) size 39x17
                text run at (286,101) width 39: "for"
            LayoutText {#text} at (325,102) size 13x16
              text run at (325,102) width 13: " "
            LayoutInline {STRONG} at (0,0) size 104x16
              LayoutText {#text} at (338,102) size 104x16
                text run at (338,102) width 104: "elements"
            LayoutText {#text} at (442,102) size 13x16
              text run at (442,102) width 13: " "
            LayoutInline {TT} at (0,0) size 78x16
              LayoutText {#text} at (455,102) size 78x16
                text run at (455,102) width 78: "within"
          LayoutText {#text} at (533,102) size 1248x33
            text run at (533,102) width 715: " elements too. (with monospace font from for to within)"
            text run at (1248,102) width 0: " "
            text run at (0,119) width 286: "Letter   spacing test "
          LayoutInline {EM} at (0,0) size 39x17
            LayoutText {#text} at (286,118) size 39x17
              text run at (286,118) width 39: "for"
          LayoutText {#text} at (325,119) size 13x16
            text run at (325,119) width 13: " "
          LayoutInline {STRONG} at (0,0) size 104x16
            LayoutText {#text} at (338,119) size 104x16
              text run at (338,119) width 104: "elements"
          LayoutText {#text} at (442,119) size 13x16
            text run at (442,119) width 13: " "
          LayoutInline {SPAN} at (0,0) size 247x16
            LayoutInline {TT} at (0,0) size 78x16
              LayoutText {#text} at (455,119) size 78x16
                text run at (455,119) width 78: "within"
            LayoutText {#text} at (533,119) size 169x16
              text run at (533,119) width 169: " elements too"
          LayoutText {#text} at (702,119) size 572x16
            text run at (702,119) width 572: ". (with monospace font from elements to too)"
            text run at (1274,119) width 0: " "
      LayoutBlockFlow (anonymous) at (0,1237.78) size 784x18
        LayoutBR {BR} at (0,0) size 0x17
        LayoutInline {SPAN} at (0,0) size 0x0
          LayoutText {#text} at (0,0) size 0x0
      LayoutBlockFlow (anonymous) at (0,1274.50) size 784x22
        LayoutBlockFlow {H3} at (0,0) size 784x22
          LayoutText {#text} at (0,0) size 119x21
            text run at (0,0) width 119: "In a span"
      LayoutBlockFlow (anonymous) at (0,1315.22) size 784x270
        LayoutInline {SPAN} at (0,0) size 782x233
          LayoutText {#text} at (0,0) size 222x17
            text run at (0,0) width 78: "Letter "
            text run at (77,0) width 145: "spacing test "
          LayoutInline {EM} at (0,0) size 34x17
            LayoutText {#text} at (221,0) size 34x17
              text run at (221,0) width 34: "for"
          LayoutText {#text} at (254,0) size 10x17
            text run at (254,0) width 10: " "
          LayoutInline {STRONG} at (0,0) size 101x17
            LayoutText {#text} at (263,0) size 101x17
              text run at (263,0) width 101: "elements"
          LayoutText {#text} at (363,0) size 10x17
            text run at (363,0) width 10: " "
          LayoutInline {TT} at (0,0) size 79x16
            LayoutText {#text} at (372,2) size 79x16
              text run at (372,2) width 79: "within"
          LayoutText {#text} at (450,0) size 160x17
            text run at (450,0) width 160: " elements too."
          LayoutBR {BR} at (609,14) size 1x0
          LayoutText {#text} at (0,18) size 222x17
            text run at (0,18) width 78: "Letter "
            text run at (77,18) width 145: "spacing test "
          LayoutInline {EM} at (0,0) size 34x17
            LayoutText {#text} at (221,18) size 34x17
              text run at (221,18) width 34: "for"
          LayoutText {#text} at (254,18) size 10x17
            text run at (254,18) width 10: " "
          LayoutInline {STRONG} at (0,0) size 101x17
            LayoutText {#text} at (263,18) size 101x17
              text run at (263,18) width 101: "elements"
          LayoutText {#text} at (363,18) size 10x17
            text run at (363,18) width 10: " "
          LayoutInline {TT} at (0,0) size 79x16
            LayoutText {#text} at (372,20) size 79x16
              text run at (372,20) width 79: "within"
          LayoutText {#text} at (450,18) size 116x17
            text run at (450,18) width 116: " elements "
          LayoutText {#text} at (565,18) size 782x35
            text run at (565,18) width 217: "too. (with comment"
            text run at (0,36) width 297: "between elements and too)"
          LayoutBR {BR} at (296,50) size 1x0
          LayoutText {#text} at (0,54) size 222x17
            text run at (0,54) width 78: "Letter "
            text run at (77,54) width 145: "spacing test "
          LayoutInline {EM} at (0,0) size 34x17
            LayoutText {#text} at (221,54) size 34x17
              text run at (221,54) width 34: "for"
          LayoutText {#text} at (254,54) size 10x17
            text run at (254,54) width 10: " "
          LayoutInline {STRONG} at (0,0) size 101x17
            LayoutText {#text} at (263,54) size 101x17
              text run at (263,54) width 101: "elements"
          LayoutText {#text} at (363,54) size 10x17
            text run at (363,54) width 10: " "
          LayoutInline {TT} at (0,0) size 79x16
            LayoutText {#text} at (372,56) size 79x16
              text run at (372,56) width 79: "within"
          LayoutText {#text} at (450,54) size 107x17
            text run at (450,54) width 107: " elements"
          LayoutText {#text} at (556,54) size 782x35
            text run at (556,54) width 226: " too. (with comment"
            text run at (0,72) width 551: "(no preceeding space) between elements and too)"
          LayoutBR {BR} at (550,86) size 1x0
          LayoutText {#text} at (0,90) size 222x17
            text run at (0,90) width 78: "Letter "
            text run at (77,90) width 145: "spacing test "
          LayoutInline {EM} at (0,0) size 34x17
            LayoutText {#text} at (221,90) size 34x17
              text run at (221,90) width 34: "for"
          LayoutText {#text} at (254,90) size 10x17
            text run at (254,90) width 10: " "
          LayoutInline {STRONG} at (0,0) size 101x17
            LayoutText {#text} at (263,90) size 101x17
              text run at (263,90) width 101: "elements"
          LayoutText {#text} at (363,90) size 10x17
            text run at (363,90) width 10: " "
          LayoutInline {TT} at (0,0) size 79x16
            LayoutText {#text} at (372,92) size 79x16
              text run at (372,92) width 79: "within"
          LayoutText {#text} at (450,90) size 116x17
            text run at (450,90) width 116: " elements "
          LayoutText {#text} at (565,90) size 782x35
            text run at (565,90) width 217: "too. (with comment"
            text run at (0,108) width 517: "(no trailing space) between elements and too)"
          LayoutBR {BR} at (516,122) size 1x0
          LayoutInline {SPAN} at (0,0) size 416x16
            LayoutText {#text} at (0,128) size 260x16
              text run at (0,128) width 91: "Letter "
              text run at (91,128) width 169: "spacing test "
            LayoutInline {EM} at (0,0) size 39x17
              LayoutText {#text} at (260,127) size 39x17
                text run at (260,127) width 39: "for"
            LayoutText {#text} at (299,128) size 13x16
              text run at (299,128) width 13: " "
            LayoutInline {STRONG} at (0,0) size 104x16
              LayoutText {#text} at (312,128) size 104x16
                text run at (312,128) width 104: "elements"
          LayoutText {#text} at (416,126) size 9x17
            text run at (416,126) width 9: " "
          LayoutInline {TT} at (0,0) size 78x16
            LayoutText {#text} at (425,128) size 78x16
              text run at (425,128) width 78: "within"
          LayoutText {#text} at (503,126) size 731x35
            text run at (503,126) width 228: " elements too. (with"
            text run at (0,144) width 457: "monospace font from Letter to elements)"
          LayoutBR {BR} at (456,158) size 1x0
          LayoutText {#text} at (0,162) size 222x17
            text run at (0,162) width 78: "Letter "
            text run at (77,162) width 145: "spacing test "
          LayoutInline {SPAN} at (0,0) size 248x16
            LayoutInline {EM} at (0,0) size 40x17
              LayoutText {#text} at (221,163) size 40x17
                text run at (221,163) width 40: "for"
            LayoutText {#text} at (260,164) size 14x16
              text run at (260,164) width 14: " "
            LayoutInline {STRONG} at (0,0) size 105x16
              LayoutText {#text} at (273,164) size 105x16
                text run at (273,164) width 105: "elements"
            LayoutText {#text} at (377,164) size 14x16
              text run at (377,164) width 14: " "
            LayoutInline {TT} at (0,0) size 79x16
              LayoutText {#text} at (390,164) size 79x16
                text run at (390,164) width 79: "within"
          LayoutText {#text} at (468,162) size 696x35
            text run at (468,162) width 228: " elements too. (with"
            text run at (0,180) width 397: "monospace font from for to within)"
          LayoutBR {BR} at (396,194) size 1x0
          LayoutText {#text} at (0,198) size 222x17
            text run at (0,198) width 78: "Letter "
            text run at (77,198) width 145: "spacing test "
          LayoutInline {EM} at (0,0) size 34x17
            LayoutText {#text} at (221,198) size 34x17
              text run at (221,198) width 34: "for"
          LayoutText {#text} at (254,198) size 10x17
            text run at (254,198) width 10: " "
          LayoutInline {STRONG} at (0,0) size 101x17
            LayoutText {#text} at (263,198) size 101x17
              text run at (263,198) width 101: "elements"
          LayoutText {#text} at (363,198) size 10x17
            text run at (363,198) width 10: " "
          LayoutInline {SPAN} at (0,0) size 248x16
            LayoutInline {TT} at (0,0) size 79x16
              LayoutText {#text} at (372,200) size 79x16
                text run at (372,200) width 79: "within"
            LayoutText {#text} at (450,200) size 170x16
              text run at (450,200) width 170: " elements too"
          LayoutText {#text} at (619,198) size 697x35
            text run at (619,198) width 78: ". (with"
            text run at (0,216) width 433: "monospace font from elements to too) "
        LayoutText {#text} at (0,0) size 0x0
        LayoutBR {BR} at (0,0) size 0x0
        LayoutBR {BR} at (0,234) size 0x17
        LayoutBR {BR} at (0,252) size 0x17
      LayoutBlockFlow {H2} at (0,1605.13) size 784x27
        LayoutText {#text} at (0,0) size 133x26
          text run at (0,0) width 133: "both-spacing"
      LayoutBlockFlow (anonymous) at (0,1652.03) size 784x208.41
        LayoutBlockFlow (floating) {PRE} at (0,13) size 1978x182.41
          LayoutBlockFlow {H3} at (0,15.20) size 1978x17
            LayoutText {#text} at (0,0) size 284x17
              text run at (0,0) width 284: "In a floated pre"
          LayoutBlockFlow (anonymous) at (0,47.41) size 1978x135
            LayoutText {#text} at (0,0) size 543x33
              text run at (0,0) width 0: " "
              text run at (0,17) width 543: "Word and letter   spacing test "
            LayoutInline {EM} at (0,0) size 39x17
              LayoutText {#text} at (543,16) size 39x17
                text run at (543,16) width 39: "for"
            LayoutText {#text} at (602,17) size 13x16
              text run at (602,17) width 13: " "
            LayoutInline {STRONG} at (0,0) size 104x16
              LayoutText {#text} at (615,17) size 104x16
                text run at (615,17) width 104: "elements"
            LayoutText {#text} at (739,17) size 13x16
              text run at (739,17) width 13: " "
            LayoutInline {TT} at (0,0) size 78x16
              LayoutText {#text} at (752,17) size 78x16
                text run at (752,17) width 78: "within"
            LayoutText {#text} at (850,17) size 1072x33
              text run at (850,17) width 202: " elements too."
              text run at (1072,17) width 0: " "
              text run at (0,34) width 543: "Word and letter   spacing test "
            LayoutInline {EM} at (0,0) size 39x17
              LayoutText {#text} at (543,33) size 39x17
                text run at (543,33) width 39: "for"
            LayoutText {#text} at (602,34) size 13x16
              text run at (602,34) width 13: " "
            LayoutInline {STRONG} at (0,0) size 104x16
              LayoutText {#text} at (615,34) size 104x16
                text run at (615,34) width 104: "elements"
            LayoutText {#text} at (739,34) size 13x16
              text run at (739,34) width 13: " "
            LayoutInline {TT} at (0,0) size 78x16
              LayoutText {#text} at (752,34) size 78x16
                text run at (752,34) width 78: "within"
            LayoutText {#text} at (850,34) size 150x16
              text run at (850,34) width 150: " elements "
            LayoutText {#text} at (1000,34) size 1725x33
              text run at (1000,34) width 705: " too. (with comment between elements and too)"
              text run at (1725,34) width 0: " "
              text run at (0,51) width 543: "Word and letter   spacing test "
            LayoutInline {EM} at (0,0) size 39x17
              LayoutText {#text} at (543,50) size 39x17
                text run at (543,50) width 39: "for"
            LayoutText {#text} at (602,51) size 13x16
              text run at (602,51) width 13: " "
            LayoutInline {STRONG} at (0,0) size 104x16
              LayoutText {#text} at (615,51) size 104x16
                text run at (615,51) width 104: "elements"
            LayoutText {#text} at (739,51) size 13x16
              text run at (739,51) width 13: " "
            LayoutInline {TT} at (0,0) size 78x16
              LayoutText {#text} at (752,51) size 78x16
                text run at (752,51) width 78: "within"
            LayoutText {#text} at (850,51) size 117x16
              text run at (850,51) width 117: " elements"
            LayoutText {#text} at (987,51) size 2058x33
              text run at (987,51) width 1051: " too. (with comment (no preceeding space) between elements and too)"
              text run at (2058,51) width 0: " "
              text run at (0,68) width 543: "Word and letter   spacing test "
            LayoutInline {EM} at (0,0) size 39x17
              LayoutText {#text} at (543,67) size 39x17
                text run at (543,67) width 39: "for"
            LayoutText {#text} at (602,68) size 13x16
              text run at (602,68) width 13: " "
            LayoutInline {STRONG} at (0,0) size 104x16
              LayoutText {#text} at (615,68) size 104x16
                text run at (615,68) width 104: "elements"
            LayoutText {#text} at (739,68) size 13x16
              text run at (739,68) width 13: " "
            LayoutInline {TT} at (0,0) size 78x16
              LayoutText {#text} at (752,68) size 78x16
                text run at (752,68) width 78: "within"
            LayoutText {#text} at (850,68) size 150x16
              text run at (850,68) width 150: " elements "
            LayoutText {#text} at (1000,68) size 1032x16
              text run at (1000,68) width 1012: "too. (with comment (no trailing space) between elements and too)"
              text run at (2032,68) width 0: " "
            LayoutInline {SPAN} at (0,0) size 719x16
              LayoutText {#text} at (0,85) size 543x16
                text run at (0,85) width 543: "Word and letter   spacing test "
              LayoutInline {EM} at (0,0) size 39x17
                LayoutText {#text} at (543,84) size 39x17
                  text run at (543,84) width 39: "for"
              LayoutText {#text} at (602,85) size 13x16
                text run at (602,85) width 13: " "
              LayoutInline {STRONG} at (0,0) size 104x16
                LayoutText {#text} at (615,85) size 104x16
                  text run at (615,85) width 104: "elements"
            LayoutText {#text} at (739,85) size 13x16
              text run at (739,85) width 13: " "
            LayoutInline {TT} at (0,0) size 78x16
              LayoutText {#text} at (752,85) size 78x16
                text run at (752,85) width 78: "within"
            LayoutText {#text} at (850,85) size 1784x33
              text run at (850,85) width 914: " elements too. (with monospace font from Word to elements)"
              text run at (1784,85) width 0: " "
              text run at (0,102) width 543: "Word and letter   spacing test "
            LayoutInline {SPAN} at (0,0) size 287x16
              LayoutInline {EM} at (0,0) size 39x17
                LayoutText {#text} at (543,101) size 39x17
                  text run at (543,101) width 39: "for"
              LayoutText {#text} at (602,102) size 13x16
                text run at (602,102) width 13: " "
              LayoutInline {STRONG} at (0,0) size 104x16
                LayoutText {#text} at (615,102) size 104x16
                  text run at (615,102) width 104: "elements"
              LayoutText {#text} at (739,102) size 13x16
                text run at (739,102) width 13: " "
              LayoutInline {TT} at (0,0) size 78x16
                LayoutText {#text} at (752,102) size 78x16
                  text run at (752,102) width 78: "within"
            LayoutText {#text} at (850,102) size 1745x33
              text run at (850,102) width 875: " elements too. (with monospace font from for to within)"
              text run at (1745,102) width 0: " "
              text run at (0,119) width 543: "Word and letter   spacing test "
            LayoutInline {EM} at (0,0) size 39x17
              LayoutText {#text} at (543,118) size 39x17
                text run at (543,118) width 39: "for"
            LayoutText {#text} at (602,119) size 13x16
              text run at (602,119) width 13: " "
            LayoutInline {STRONG} at (0,0) size 104x16
              LayoutText {#text} at (615,119) size 104x16
                text run at (615,119) width 104: "elements"
            LayoutText {#text} at (739,119) size 13x16
              text run at (739,119) width 13: " "
            LayoutInline {SPAN} at (0,0) size 287x16
              LayoutInline {TT} at (0,0) size 78x16
                LayoutText {#text} at (752,119) size 78x16
                  text run at (752,119) width 78: "within"
              LayoutText {#text} at (850,119) size 189x16
                text run at (850,119) width 189: " elements too"
            LayoutText {#text} at (1039,119) size 732x16
              text run at (1039,119) width 712: ". (with monospace font from elements to too)"
              text run at (1771,119) width 0: " "
        LayoutBR {BR} at (1978,0) size 0x17
      LayoutBlockFlow {PRE} at (0,1875.64) size 784x167.20
        LayoutBlockFlow {H3} at (0,0) size 784x17
          LayoutText {#text} at (0,0) size 340x17
            text run at (0,0) width 340: "In an un-floated pre"
        LayoutBlockFlow (anonymous) at (0,32.20) size 784x135
          LayoutText {#text} at (0,0) size 543x33
            text run at (0,0) width 0: " "
            text run at (0,17) width 543: "Word and letter   spacing test "
          LayoutInline {EM} at (0,0) size 39x17
            LayoutText {#text} at (543,16) size 39x17
              text run at (543,16) width 39: "for"
          LayoutText {#text} at (602,17) size 13x16
            text run at (602,17) width 13: " "
          LayoutInline {STRONG} at (0,0) size 104x16
            LayoutText {#text} at (615,17) size 104x16
              text run at (615,17) width 104: "elements"
          LayoutText {#text} at (739,17) size 13x16
            text run at (739,17) width 13: " "
          LayoutInline {TT} at (0,0) size 78x16
            LayoutText {#text} at (752,17) size 78x16
              text run at (752,17) width 78: "within"
          LayoutText {#text} at (850,17) size 1072x33
            text run at (850,17) width 202: " elements too."
            text run at (1072,17) width 0: " "
            text run at (0,34) width 543: "Word and letter   spacing test "
          LayoutInline {EM} at (0,0) size 39x17
            LayoutText {#text} at (543,33) size 39x17
              text run at (543,33) width 39: "for"
          LayoutText {#text} at (602,34) size 13x16
            text run at (602,34) width 13: " "
          LayoutInline {STRONG} at (0,0) size 104x16
            LayoutText {#text} at (615,34) size 104x16
              text run at (615,34) width 104: "elements"
          LayoutText {#text} at (739,34) size 13x16
            text run at (739,34) width 13: " "
          LayoutInline {TT} at (0,0) size 78x16
            LayoutText {#text} at (752,34) size 78x16
              text run at (752,34) width 78: "within"
          LayoutText {#text} at (850,34) size 150x16
            text run at (850,34) width 150: " elements "
          LayoutText {#text} at (1000,34) size 1725x33
            text run at (1000,34) width 705: " too. (with comment between elements and too)"
            text run at (1725,34) width 0: " "
            text run at (0,51) width 543: "Word and letter   spacing test "
          LayoutInline {EM} at (0,0) size 39x17
            LayoutText {#text} at (543,50) size 39x17
              text run at (543,50) width 39: "for"
          LayoutText {#text} at (602,51) size 13x16
            text run at (602,51) width 13: " "
          LayoutInline {STRONG} at (0,0) size 104x16
            LayoutText {#text} at (615,51) size 104x16
              text run at (615,51) width 104: "elements"
          LayoutText {#text} at (739,51) size 13x16
            text run at (739,51) width 13: " "
          LayoutInline {TT} at (0,0) size 78x16
            LayoutText {#text} at (752,51) size 78x16
              text run at (752,51) width 78: "within"
          LayoutText {#text} at (850,51) size 117x16
            text run at (850,51) width 117: " elements"
          LayoutText {#text} at (987,51) size 2058x33
            text run at (987,51) width 1051: " too. (with comment (no preceeding space) between elements and too)"
            text run at (2058,51) width 0: " "
            text run at (0,68) width 543: "Word and letter   spacing test "
          LayoutInline {EM} at (0,0) size 39x17
            LayoutText {#text} at (543,67) size 39x17
              text run at (543,67) width 39: "for"
          LayoutText {#text} at (602,68) size 13x16
            text run at (602,68) width 13: " "
          LayoutInline {STRONG} at (0,0) size 104x16
            LayoutText {#text} at (615,68) size 104x16
              text run at (615,68) width 104: "elements"
          LayoutText {#text} at (739,68) size 13x16
            text run at (739,68) width 13: " "
          LayoutInline {TT} at (0,0) size 78x16
            LayoutText {#text} at (752,68) size 78x16
              text run at (752,68) width 78: "within"
          LayoutText {#text} at (850,68) size 150x16
            text run at (850,68) width 150: " elements "
          LayoutText {#text} at (1000,68) size 1032x16
            text run at (1000,68) width 1012: "too. (with comment (no trailing space) between elements and too)"
            text run at (2032,68) width 0: " "
          LayoutInline {SPAN} at (0,0) size 719x16
            LayoutText {#text} at (0,85) size 543x16
              text run at (0,85) width 543: "Word and letter   spacing test "
            LayoutInline {EM} at (0,0) size 39x17
              LayoutText {#text} at (543,84) size 39x17
                text run at (543,84) width 39: "for"
            LayoutText {#text} at (602,85) size 13x16
              text run at (602,85) width 13: " "
            LayoutInline {STRONG} at (0,0) size 104x16
              LayoutText {#text} at (615,85) size 104x16
                text run at (615,85) width 104: "elements"
          LayoutText {#text} at (739,85) size 13x16
            text run at (739,85) width 13: " "
          LayoutInline {TT} at (0,0) size 78x16
            LayoutText {#text} at (752,85) size 78x16
              text run at (752,85) width 78: "within"
          LayoutText {#text} at (850,85) size 1784x33
            text run at (850,85) width 914: " elements too. (with monospace font from Word to elements)"
            text run at (1784,85) width 0: " "
            text run at (0,102) width 543: "Word and letter   spacing test "
          LayoutInline {SPAN} at (0,0) size 287x16
            LayoutInline {EM} at (0,0) size 39x17
              LayoutText {#text} at (543,101) size 39x17
                text run at (543,101) width 39: "for"
            LayoutText {#text} at (602,102) size 13x16
              text run at (602,102) width 13: " "
            LayoutInline {STRONG} at (0,0) size 104x16
              LayoutText {#text} at (615,102) size 104x16
                text run at (615,102) width 104: "elements"
            LayoutText {#text} at (739,102) size 13x16
              text run at (739,102) width 13: " "
            LayoutInline {TT} at (0,0) size 78x16
              LayoutText {#text} at (752,102) size 78x16
                text run at (752,102) width 78: "within"
          LayoutText {#text} at (850,102) size 1745x33
            text run at (850,102) width 875: " elements too. (with monospace font from for to within)"
            text run at (1745,102) width 0: " "
            text run at (0,119) width 543: "Word and letter   spacing test "
          LayoutInline {EM} at (0,0) size 39x17
            LayoutText {#text} at (543,118) size 39x17
              text run at (543,118) width 39: "for"
          LayoutText {#text} at (602,119) size 13x16
            text run at (602,119) width 13: " "
          LayoutInline {STRONG} at (0,0) size 104x16
            LayoutText {#text} at (615,119) size 104x16
              text run at (615,119) width 104: "elements"
          LayoutText {#text} at (739,119) size 13x16
            text run at (739,119) width 13: " "
          LayoutInline {SPAN} at (0,0) size 287x16
            LayoutInline {TT} at (0,0) size 78x16
              LayoutText {#text} at (752,119) size 78x16
                text run at (752,119) width 78: "within"
            LayoutText {#text} at (850,119) size 189x16
              text run at (850,119) width 189: " elements too"
          LayoutText {#text} at (1039,119) size 732x16
            text run at (1039,119) width 712: ". (with monospace font from elements to too)"
            text run at (1771,119) width 0: " "
      LayoutBlockFlow (anonymous) at (0,2055.84) size 784x18
        LayoutBR {BR} at (0,0) size 0x17
        LayoutInline {SPAN} at (0,0) size 0x0
          LayoutText {#text} at (0,0) size 0x0
      LayoutBlockFlow (anonymous) at (0,2092.56) size 784x22
        LayoutBlockFlow {H3} at (0,0) size 784x22
          LayoutText {#text} at (0,0) size 159x21
            text run at (0,0) width 159: "In a span"
      LayoutBlockFlow (anonymous) at (0,2133.28) size 784x324
        LayoutInline {SPAN} at (0,0) size 804x323
          LayoutText {#text} at (0,0) size 428x17
            text run at (0,0) width 244: "Word and letter "
            text run at (243,0) width 185: "spacing test "
          LayoutInline {EM} at (0,0) size 34x17
            LayoutText {#text} at (427,0) size 34x17
              text run at (427,0) width 34: "for"
          LayoutText {#text} at (480,0) size 10x17
            text run at (480,0) width 10: " "
          LayoutInline {STRONG} at (0,0) size 101x17
            LayoutText {#text} at (489,0) size 101x17
              text run at (489,0) width 101: "elements"
          LayoutText {#text} at (609,0) size 10x17
            text run at (609,0) width 10: " "
          LayoutInline {TT} at (0,0) size 79x16
            LayoutText {#text} at (618,2) size 79x16
              text run at (618,2) width 79: "within"
          LayoutText {#text} at (0,18) size 171x17
            text run at (0,18) width 171: "elements too."
          LayoutBR {BR} at (190,32) size 1x0
          LayoutText {#text} at (0,36) size 428x17
            text run at (0,36) width 244: "Word and letter "
            text run at (243,36) width 185: "spacing test "
          LayoutInline {EM} at (0,0) size 34x17
            LayoutText {#text} at (427,36) size 34x17
              text run at (427,36) width 34: "for"
          LayoutText {#text} at (480,36) size 10x17
            text run at (480,36) width 10: " "
          LayoutInline {STRONG} at (0,0) size 101x17
            LayoutText {#text} at (489,36) size 101x17
              text run at (489,36) width 101: "elements"
          LayoutText {#text} at (609,36) size 10x17
            text run at (609,36) width 10: " "
          LayoutInline {TT} at (0,0) size 79x16
            LayoutText {#text} at (618,38) size 79x16
              text run at (618,38) width 79: "within"
          LayoutText {#text} at (0,54) size 126x17
            text run at (0,54) width 126: "elements "
          LayoutText {#text} at (125,54) size 642x17
            text run at (125,54) width 642: "too. (with comment between elements and too)"
          LayoutBR {BR} at (786,68) size 1x0
          LayoutText {#text} at (0,72) size 428x17
            text run at (0,72) width 244: "Word and letter "
            text run at (243,72) width 185: "spacing test "
          LayoutInline {EM} at (0,0) size 34x17
            LayoutText {#text} at (427,72) size 34x17
              text run at (427,72) width 34: "for"
          LayoutText {#text} at (480,72) size 10x17
            text run at (480,72) width 10: " "
          LayoutInline {STRONG} at (0,0) size 101x17
            LayoutText {#text} at (489,72) size 101x17
              text run at (489,72) width 101: "elements"
          LayoutText {#text} at (609,72) size 10x17
            text run at (609,72) width 10: " "
          LayoutInline {TT} at (0,0) size 79x16
            LayoutText {#text} at (618,74) size 79x16
              text run at (618,74) width 79: "within"
          LayoutText {#text} at (0,90) size 97x17
            text run at (0,90) width 97: "elements"
          LayoutText {#text} at (116,90) size 696x35
            text run at (116,90) width 580: " too. (with comment (no preceeding space)"
            text run at (0,108) width 357: "between elements and too)"
          LayoutBR {BR} at (376,122) size 1x0
          LayoutText {#text} at (0,126) size 428x17
            text run at (0,126) width 244: "Word and letter "
            text run at (243,126) width 185: "spacing test "
          LayoutInline {EM} at (0,0) size 34x17
            LayoutText {#text} at (427,126) size 34x17
              text run at (427,126) width 34: "for"
          LayoutText {#text} at (480,126) size 10x17
            text run at (480,126) width 10: " "
          LayoutInline {STRONG} at (0,0) size 101x17
            LayoutText {#text} at (489,126) size 101x17
              text run at (489,126) width 101: "elements"
          LayoutText {#text} at (609,126) size 10x17
            text run at (609,126) width 10: " "
          LayoutInline {TT} at (0,0) size 79x16
            LayoutText {#text} at (618,128) size 79x16
              text run at (618,128) width 79: "within"
          LayoutText {#text} at (0,144) size 126x17
            text run at (0,144) width 126: "elements "
          LayoutText {#text} at (125,144) size 780x35
            text run at (125,144) width 655: "too. (with comment (no trailing space) between"
            text run at (0,162) width 239: "elements and too)"
          LayoutBR {BR} at (258,176) size 1x0
          LayoutInline {SPAN} at (0,0) size 653x16
            LayoutText {#text} at (0,182) size 477x16
              text run at (0,182) width 268: "Word and letter "
              text run at (268,182) width 209: "spacing test "
            LayoutInline {EM} at (0,0) size 39x17
              LayoutText {#text} at (477,181) size 39x17
                text run at (477,181) width 39: "for"
            LayoutText {#text} at (536,182) size 13x16
              text run at (536,182) width 13: " "
            LayoutInline {STRONG} at (0,0) size 104x16
              LayoutText {#text} at (549,182) size 104x16
                text run at (549,182) width 104: "elements"
          LayoutText {#text} at (673,180) size 9x17
            text run at (673,180) width 9: " "
          LayoutInline {TT} at (0,0) size 78x16
            LayoutText {#text} at (682,182) size 78x16
              text run at (682,182) width 78: "within"
          LayoutText {#text} at (0,198) size 695x35
            text run at (0,198) width 695: "elements too. (with monospace font from Word to"
            text run at (0,216) width 108: "elements)"
          LayoutBR {BR} at (127,230) size 1x0
          LayoutText {#text} at (0,234) size 428x17
            text run at (0,234) width 244: "Word and letter "
            text run at (243,234) width 185: "spacing test "
          LayoutInline {SPAN} at (0,0) size 288x16
            LayoutInline {EM} at (0,0) size 40x17
              LayoutText {#text} at (427,235) size 40x17
                text run at (427,235) width 40: "for"
            LayoutText {#text} at (486,236) size 14x16
              text run at (486,236) width 14: " "
            LayoutInline {STRONG} at (0,0) size 105x16
              LayoutText {#text} at (499,236) size 105x16
                text run at (499,236) width 105: "elements"
            LayoutText {#text} at (623,236) size 14x16
              text run at (623,236) width 14: " "
            LayoutInline {TT} at (0,0) size 79x16
              LayoutText {#text} at (636,236) size 79x16
                text run at (636,236) width 79: "within"
          LayoutText {#text} at (0,252) size 784x17
            text run at (0,252) width 784: "elements too. (with monospace font from for to within)"
          LayoutBR {BR} at (803,266) size 1x0
          LayoutText {#text} at (0,270) size 428x17
            text run at (0,270) width 244: "Word and letter "
            text run at (243,270) width 185: "spacing test "
          LayoutInline {EM} at (0,0) size 34x17
            LayoutText {#text} at (427,270) size 34x17
              text run at (427,270) width 34: "for"
          LayoutText {#text} at (480,270) size 10x17
            text run at (480,270) width 10: " "
          LayoutInline {STRONG} at (0,0) size 101x17
            LayoutText {#text} at (489,270) size 101x17
              text run at (489,270) width 101: "elements"
          LayoutText {#text} at (609,270) size 10x17
            text run at (609,270) width 10: " "
          LayoutInline {SPAN} at (0,0) size 697x34
            LayoutInline {TT} at (0,0) size 79x16
              LayoutText {#text} at (618,272) size 79x16
                text run at (618,272) width 79: "within"
            LayoutText {#text} at (0,290) size 176x16
              text run at (0,290) width 176: "elements too"
          LayoutText {#text} at (176,288) size 751x35
            text run at (176,288) width 575: ". (with monospace font from elements to"
            text run at (0,306) width 46: "too)"
        LayoutText {#text} at (0,0) size 0x0
