layer at (0,0) size 800x600 clip at (0,0) size 785x600 scrollHeight 1257
  LayoutView at (0,0) size 800x600
layer at (0,0) size 785x1257 backgroundClip at (0,0) size 785x600 clip at (0,0) size 785x600
  LayoutBlockFlow {HTML} at (0,0) size 785x1257
    LayoutBlockFlow {BODY} at (8,8) size 769x1241 [bgcolor=#CCCCCC]
      LayoutBlockFlow {P} at (0,0) size 769x18
        LayoutText {#text} at (0,0) size 363x17
          text run at (0,0) width 363: "The style declarations which apply to the text below are:"
      LayoutBlockFlow {PRE} at (0,34) size 769x176
        LayoutText {#text} at (0,0) size 384x176
          text run at (0,0) width 352: ".one {text-indent: 0.5in; background: aqua;}"
          text run at (352,0) width 0: " "
          text run at (0,16) width 336: ".two {text-indent: 2cm; background: aqua;}"
          text run at (336,16) width 0: " "
          text run at (0,32) width 360: ".three {text-indent: 20mm; background: aqua;}"
          text run at (360,32) width 0: " "
          text run at (0,48) width 352: ".four {text-indent: 24pt; background: aqua;}"
          text run at (352,48) width 0: " "
          text run at (0,64) width 344: ".five {text-indent: 2pc; background: aqua;}"
          text run at (344,64) width 0: " "
          text run at (0,80) width 336: ".six {text-indent: 2em; background: aqua;}"
          text run at (336,80) width 0: " "
          text run at (0,96) width 352: ".seven {text-indent: 2ex; background: aqua;}"
          text run at (352,96) width 0: " "
          text run at (0,112) width 352: ".eight {text-indent: 50%; background: aqua;}"
          text run at (352,112) width 0: " "
          text run at (0,128) width 352: ".nine {text-indent: 25px; background: aqua;}"
          text run at (352,128) width 0: " "
          text run at (0,144) width 384: "blockquote {text-indent: 50%; background: aqua;}"
          text run at (384,144) width 0: " "
          text run at (0,160) width 0: " "
      LayoutBlockFlow {HR} at (0,223) size 769x2 [border: (1px inset #EEEEEE)]
      LayoutBlockFlow {P} at (0,241) size 769x18 [bgcolor=#00FFFF]
        LayoutText {#text} at (48,0) size 395x17
          text run at (48,0) width 395: "The first line of this sentence should be indented half an inch."
      LayoutBlockFlow {P} at (0,275) size 769x18 [bgcolor=#00FFFF]
        LayoutText {#text} at (75,0) size 422x17
          text run at (75,0) width 422: "The first line of this sentence should be indented two centimeters."
      LayoutBlockFlow {P} at (0,309) size 769x18 [bgcolor=#00FFFF]
        LayoutText {#text} at (75,0) size 441x17
          text run at (75,0) width 441: "The first line of this sentence should be indented twenty millimeters."
      LayoutBlockFlow {P} at (0,343) size 769x18 [bgcolor=#00FFFF]
        LayoutText {#text} at (32,0) size 438x17
          text run at (32,0) width 438: "The first line of this sentence should be indented twenty-four points."
      LayoutBlockFlow {P} at (0,377) size 769x18 [bgcolor=#00FFFF]
        LayoutText {#text} at (32,0) size 380x17
          text run at (32,0) width 380: "The first line of this sentence should be indented two picas."
      LayoutBlockFlow {P} at (0,411) size 769x18 [bgcolor=#00FFFF]
        LayoutText {#text} at (32,0) size 367x17
          text run at (32,0) width 367: "The first line of this sentence should be indented two em."
      LayoutBlockFlow {P} at (0,445) size 769x18 [bgcolor=#00FFFF]
        LayoutText {#text} at (14,0) size 363x17
          text run at (14,0) width 363: "The first line of this sentence should be indented two ex."
      LayoutBlockFlow {P} at (0,479) size 769x36 [bgcolor=#00FFFF]
        LayoutText {#text} at (384,0) size 752x35
          text run at (384,0) width 368: "The first line of this sentence should be indented halfway"
          text run at (0,18) width 568: "across the page, but the rest of it should be flush with the normal left margin of the page."
      LayoutBlockFlow {P} at (0,531) size 769x36 [bgcolor=#00FFFF]
        LayoutText {#text} at (25,0) size 740x35
          text run at (25,0) width 715: "The first line of this sentence should be indented 25 pixels, but the rest of it should be flush with the normal left"
          text run at (0,18) width 125: "margin of the page."
      LayoutBlockFlow {P} at (0,583) size 769x54 [bgcolor=#00FFFF]
        LayoutText {#text} at (48,0) size 426x17
          text run at (48,0) width 426: "Only the first line of this sentence should be indented half an inch,"
        LayoutBR {BR} at (473,14) size 1x0
        LayoutText {#text} at (0,18) size 266x17
          text run at (0,18) width 266: "no matter where the lines might start, and"
        LayoutBR {BR} at (265,32) size 1x0
        LayoutInline {EM} at (0,0) size 201x17
          LayoutText {#text} at (0,36) size 201x17
            text run at (0,36) width 201: "regardless of any other markup"
        LayoutText {#text} at (200,36) size 149x17
          text run at (200,36) width 149: " which may be present."
      LayoutBlockFlow {BLOCKQUOTE} at (40,653) size 689x54 [bgcolor=#00FFFF]
        LayoutText {#text} at (384,0) size 651x53
          text run at (384,0) width 229: "In the first half of the test page, this"
          text run at (0,18) width 651: "BLOCKQUOTE element should have a text indent equal to 50% of the BODY element's width, since"
          text run at (0,36) width 512: "BLOCKQUOTE is a child of BODY; in the second half, it is a child of TABLE."
      LayoutTable {TABLE} at (0,723) size 769x518 [border: (1px outset #808080)]
        LayoutTableSection {TBODY} at (1,1) size 767x516
          LayoutTableRow {TR} at (0,0) size 767x26
            LayoutTableCell {TD} at (0,0) size 767x26 [bgcolor=#C0C0C0] [border: (1px inset #808080)] [r=0 c=0 rs=1 cs=2]
              LayoutInline {STRONG} at (0,0) size 161x17
                LayoutText {#text} at (4,4) size 161x17
                  text run at (4,4) width 161: "TABLE Testing Section"
          LayoutTableRow {TR} at (0,26) size 767x490
            LayoutTableCell {TD} at (0,258) size 12x26 [bgcolor=#C0C0C0] [border: (1px inset #808080)] [r=1 c=0 rs=1 cs=1]
              LayoutText {#text} at (4,4) size 4x17
                text run at (4,4) width 4: " "
            LayoutTableCell {TD} at (12,26) size 755x490 [border: (1px inset #808080)] [r=1 c=1 rs=1 cs=1]
              LayoutBlockFlow {P} at (4,4) size 747x18 [bgcolor=#00FFFF]
                LayoutText {#text} at (48,0) size 395x17
                  text run at (48,0) width 395: "The first line of this sentence should be indented half an inch."
              LayoutBlockFlow {P} at (4,38) size 747x18 [bgcolor=#00FFFF]
                LayoutText {#text} at (75,0) size 422x17
                  text run at (75,0) width 422: "The first line of this sentence should be indented two centimeters."
              LayoutBlockFlow {P} at (4,72) size 747x18 [bgcolor=#00FFFF]
                LayoutText {#text} at (75,0) size 441x17
                  text run at (75,0) width 441: "The first line of this sentence should be indented twenty millimeters."
              LayoutBlockFlow {P} at (4,106) size 747x18 [bgcolor=#00FFFF]
                LayoutText {#text} at (32,0) size 438x17
                  text run at (32,0) width 438: "The first line of this sentence should be indented twenty-four points."
              LayoutBlockFlow {P} at (4,140) size 747x18 [bgcolor=#00FFFF]
                LayoutText {#text} at (32,0) size 380x17
                  text run at (32,0) width 380: "The first line of this sentence should be indented two picas."
              LayoutBlockFlow {P} at (4,174) size 747x18 [bgcolor=#00FFFF]
                LayoutText {#text} at (32,0) size 367x17
                  text run at (32,0) width 367: "The first line of this sentence should be indented two em."
              LayoutBlockFlow {P} at (4,208) size 747x18 [bgcolor=#00FFFF]
                LayoutText {#text} at (14,0) size 363x17
                  text run at (14,0) width 363: "The first line of this sentence should be indented two ex."
              LayoutBlockFlow {P} at (4,242) size 747x36 [bgcolor=#00FFFF]
                LayoutText {#text} at (373,0) size 741x35
                  text run at (373,0) width 368: "The first line of this sentence should be indented halfway"
                  text run at (0,18) width 568: "across the page, but the rest of it should be flush with the normal left margin of the page."
              LayoutBlockFlow {P} at (4,294) size 747x36 [bgcolor=#00FFFF]
                LayoutText {#text} at (25,0) size 740x35
                  text run at (25,0) width 715: "The first line of this sentence should be indented 25 pixels, but the rest of it should be flush with the normal left"
                  text run at (0,18) width 125: "margin of the page."
              LayoutBlockFlow {P} at (4,346) size 747x54 [bgcolor=#00FFFF]
                LayoutText {#text} at (48,0) size 426x17
                  text run at (48,0) width 426: "Only the first line of this sentence should be indented half an inch,"
                LayoutBR {BR} at (473,14) size 1x0
                LayoutText {#text} at (0,18) size 266x17
                  text run at (0,18) width 266: "no matter where the lines might start, and"
                LayoutBR {BR} at (265,32) size 1x0
                LayoutInline {EM} at (0,0) size 201x17
                  LayoutText {#text} at (0,36) size 201x17
                    text run at (0,36) width 201: "regardless of any other markup"
                LayoutText {#text} at (200,36) size 149x17
                  text run at (200,36) width 149: " which may be present."
              LayoutBlockFlow {BLOCKQUOTE} at (44,416) size 667x54 [bgcolor=#00FFFF]
                LayoutText {#text} at (373,0) size 651x53
                  text run at (373,0) width 229: "In the first half of the test page, this"
                  text run at (0,18) width 651: "BLOCKQUOTE element should have a text indent equal to 50% of the BODY element's width, since"
                  text run at (0,36) width 512: "BLOCKQUOTE is a child of BODY; in the second half, it is a child of TABLE."
