layer at (0,0) size 800x600
  LayoutView at (0,0) size 800x600
layer at (0,0) size 800x600
  LayoutBlockFlow {HTML} at (0,0) size 800x600
    LayoutBlockFlow {BODY} at (8,8) size 784x584 [bgcolor=#CCCCCC]
      LayoutBlockFlow {P} at (0,0) size 784x18
        LayoutText {#text} at (0,0) size 363x17
          text run at (0,0) width 363: "The style declarations which apply to the text below are:"
      LayoutBlockFlow {PRE} at (0,34) size 784x80
        LayoutText {#text} at (0,0) size 224x80
          text run at (0,0) width 192: ".one {text-align: left;}"
          text run at (192,0) width 0: " "
          text run at (0,16) width 200: ".two {text-align: right;}"
          text run at (200,16) width 0: " "
          text run at (0,32) width 224: ".three {text-align: center;}"
          text run at (224,32) width 0: " "
          text run at (0,48) width 224: ".four {text-align: justify;}"
          text run at (224,48) width 0: " "
          text run at (0,64) width 0: " "
      LayoutBlockFlow {HR} at (0,127) size 784x2 [border: (1px inset #EEEEEE)]
      LayoutBlockFlow {P} at (0,145) size 784x18
        LayoutText {#text} at (0,0) size 241x17
          text run at (0,0) width 241: "This sentence should be left-justified."
      LayoutBlockFlow {P} at (0,179) size 784x18
        LayoutText {#text} at (534,0) size 250x17
          text run at (534,0) width 250: "This sentence should be right-justified."
      LayoutBlockFlow {P} at (0,213) size 784x18
        LayoutText {#text} at (284,0) size 216x17
          text run at (284,0) width 216: "This sentence should be centered."
      LayoutBlockFlow {P} at (0,247) size 784x54
        LayoutText {#text} at (0,0) size 784x53
          text run at (0,0) width 784: "This sentence should be fully justified, which means that the right and left margins of this paragraph should line up, no"
          text run at (0,18) width 784: "matter how long the paragraph becomes; the exception, of course, is the last line, which should be left-justified in Western"
          text run at (0,36) width 68: "languages."
      LayoutTable {TABLE} at (0,317) size 784x192 [border: (1px outset #808080)]
        LayoutTableSection {TBODY} at (1,1) size 782x190
          LayoutTableRow {TR} at (0,0) size 782x26
            LayoutTableCell {TD} at (0,0) size 782x26 [bgcolor=#C0C0C0] [border: (1px inset #808080)] [r=0 c=0 rs=1 cs=2]
              LayoutInline {STRONG} at (0,0) size 161x17
                LayoutText {#text} at (4,4) size 161x17
                  text run at (4,4) width 161: "TABLE Testing Section"
          LayoutTableRow {TR} at (0,26) size 782x164
            LayoutTableCell {TD} at (0,95) size 12x26 [bgcolor=#C0C0C0] [border: (1px inset #808080)] [r=1 c=0 rs=1 cs=1]
              LayoutText {#text} at (4,4) size 4x17
                text run at (4,4) width 4: " "
            LayoutTableCell {TD} at (12,26) size 770x164 [border: (1px inset #808080)] [r=1 c=1 rs=1 cs=1]
              LayoutBlockFlow {P} at (4,4) size 762x18
                LayoutText {#text} at (0,0) size 241x17
                  text run at (0,0) width 241: "This sentence should be left-justified."
              LayoutBlockFlow {P} at (4,38) size 762x18
                LayoutText {#text} at (512,0) size 250x17
                  text run at (512,0) width 250: "This sentence should be right-justified."
              LayoutBlockFlow {P} at (4,72) size 762x18
                LayoutText {#text} at (273,0) size 216x17
                  text run at (273,0) width 216: "This sentence should be centered."
              LayoutBlockFlow {P} at (4,106) size 762x54
                LayoutText {#text} at (0,0) size 762x53
                  text run at (0,0) width 762: "This sentence should be fully justified, which means that the right and left margins of this paragraph should line up, no"
                  text run at (0,18) width 762: "matter how long the paragraph becomes; the exception, of course, is the last line, which should be left-justified in"
                  text run at (0,36) width 124: "Western languages."
