layer at (0,0) size 800x600
  LayoutView at (0,0) size 800x600
layer at (0,0) size 800x600
  LayoutBlockFlow {HTML} at (0,0) size 800x600
    LayoutBlockFlow {BODY} at (8,8) size 784x576
      LayoutTable {TABLE} at (0,0) size 92x81 [border: (1px solid #000000)]
        LayoutTableSection {TBODY} at (1,1) size 89x78
          LayoutTableRow {TR} at (0,0) size 89x39
            LayoutTableCell {TD} at (0,0) size 45x38 [border: (2px none #000000)] [r=0 c=0 rs=1 cs=1]
              LayoutText {#text} at (3,3) size 40x33
                text run at (3,3) width 40: "foo"
            LayoutTableCell {TD} at (45,0) size 44x39 [border: (2px solid #000000)] [r=0 c=1 rs=1 cs=1]
              LayoutText {#text} at (3,3) size 39x33
                text run at (3,3) width 39: "bar"
          LayoutTableRow {TR} at (0,39) size 89x39
            LayoutTableCell {TD} at (0,40) size 45x37 [border: none] [r=1 c=0 rs=1 cs=1]
              LayoutText {#text} at (3,1) size 40x33
                text run at (3,1) width 40: "foo"
            LayoutTableCell {TD} at (45,39) size 44x39 [border: (2px solid #000000)] [r=1 c=1 rs=1 cs=1]
              LayoutText {#text} at (3,3) size 39x33
                text run at (3,3) width 39: "bar"
      LayoutBlockFlow {P} at (0,97) size 784x125
        LayoutTable {TABLE} at (0,0) size 136x125 [border: (12px solid #000000)]
          LayoutTableSection {TBODY} at (12,12) size 111x100
            LayoutTableRow {TR} at (0,0) size 111x50
              LayoutTableCell {TD} at (0,0) size 56x49 [border: (13px none #000000)] [r=0 c=0 rs=1 cs=1]
                LayoutText {#text} at (14,14) size 40x33
                  text run at (14,14) width 40: "foo"
              LayoutTableCell {TD} at (56,0) size 55x50 [border: (13px solid #000000)] [r=0 c=1 rs=1 cs=1]
                LayoutText {#text} at (3,14) size 39x33
                  text run at (3,14) width 39: "bar"
            LayoutTableRow {TR} at (0,50) size 111x50
              LayoutTableCell {TD} at (0,51) size 56x48 [border: none] [r=1 c=0 rs=1 cs=1]
                LayoutText {#text} at (14,1) size 40x33
                  text run at (14,1) width 40: "foo"
              LayoutTableCell {TD} at (56,50) size 55x50 [border: (2px solid #000000)] [r=1 c=1 rs=1 cs=1]
                LayoutText {#text} at (3,3) size 39x33
                  text run at (3,3) width 39: "bar"
      LayoutBlockFlow {P} at (0,238) size 784x175
        LayoutTable {TABLE} at (0,0) size 186x175 [border: (25px solid #000000)]
          LayoutTableSection {TBODY} at (25,25) size 136x125
            LayoutTableRow {TR} at (0,0) size 136x62
              LayoutTableCell {TD} at (0,0) size 68x61 [border: (25px none #000000)] [r=0 c=0 rs=1 cs=1]
                LayoutText {#text} at (26,26) size 40x33
                  text run at (26,26) width 40: "foo"
              LayoutTableCell {TD} at (68,0) size 68x62 [border: (25px solid #000000)] [r=0 c=1 rs=1 cs=1]
                LayoutText {#text} at (3,26) size 39x33
                  text run at (3,26) width 39: "bar"
            LayoutTableRow {TR} at (0,62) size 136x63
              LayoutTableCell {TD} at (0,63) size 68x61 [border: none] [r=1 c=0 rs=1 cs=1]
                LayoutText {#text} at (26,1) size 40x33
                  text run at (26,1) width 40: "foo"
              LayoutTableCell {TD} at (68,62) size 68x63 [border: (2px solid #000000)] [r=1 c=1 rs=1 cs=1]
                LayoutText {#text} at (3,3) size 39x33
                  text run at (3,3) width 39: "bar"
