layer at (0,0) size 800x600
  LayoutView at (0,0) size 800x600
layer at (0,0) size 800x600
  LayoutBlockFlow {HTML} at (0,0) size 800x600
    LayoutBlockFlow {BODY} at (8,8) size 784x576
      LayoutBlockFlow {CENTER} at (0,0) size 784x140
        LayoutTable {TABLE} at (339,0) size 106x80
          LayoutTableSection {THEAD} at (0,0) size 106x20
            LayoutTableRow {TR} at (0,0) size 106x20
              LayoutTableCell {TD} at (0,0) size 35x20 [r=0 c=0 rs=1 cs=1]
                LayoutText {#text} at (1,1) size 29x17
                  text run at (1,1) width 29: "EST"
              LayoutTableCell {TD} at (35,0) size 31x20 [border: none none none (1px solid #808080)] [r=0 c=1 rs=1 cs=1]
                LayoutText {#text} at (2,1) size 28x17
                  text run at (2,1) width 28: "1am"
              LayoutTableCell {TD} at (66,0) size 40x20 [border: none none none (1px solid #808080)] [r=0 c=2 rs=1 cs=1]
                LayoutText {#text} at (2,1) size 29x17
                  text run at (2,1) width 29: "8pm"
          LayoutTableSection {TBODY} at (0,20) size 106x40
            LayoutTableRow {TR} at (0,0) size 106x20
              LayoutTableCell {TD} at (0,0) size 35x20 [r=0 c=0 rs=1 cs=1]
                LayoutText {#text} at (1,1) size 30x17
                  text run at (1,1) width 30: "CST"
              LayoutTableCell {TD} at (35,0) size 31x20 [border: none none none (1px solid #808080)] [r=0 c=1 rs=1 cs=1]
                LayoutText {#text} at (2,1) size 28x17
                  text run at (2,1) width 28: "2am"
              LayoutTableCell {TD} at (66,0) size 40x20 [border: none none none (1px solid #808080)] [r=0 c=2 rs=1 cs=1]
                LayoutText {#text} at (2,1) size 29x17
                  text run at (2,1) width 29: "9pm"
            LayoutTableRow {TR} at (0,20) size 106x20
              LayoutTableCell {TD} at (0,20) size 35x20 [r=1 c=0 rs=1 cs=1]
                LayoutText {#text} at (1,1) size 33x17
                  text run at (1,1) width 33: "MST"
              LayoutTableCell {TD} at (35,20) size 31x20 [border: none none none (1px solid #808080)] [r=1 c=1 rs=1 cs=1]
                LayoutText {#text} at (2,1) size 28x17
                  text run at (2,1) width 28: "3am"
              LayoutTableCell {TD} at (66,20) size 40x20 [border: none none none (1px solid #808080)] [r=1 c=2 rs=1 cs=1]
                LayoutText {#text} at (2,1) size 37x17
                  text run at (2,1) width 37: "10pm"
          LayoutTableSection {TFOOT} at (0,60) size 106x20
            LayoutTableRow {TR} at (0,0) size 106x20
              LayoutTableCell {TD} at (0,0) size 35x20 [r=0 c=0 rs=1 cs=1]
                LayoutText {#text} at (1,1) size 28x17
                  text run at (1,1) width 28: "PST"
              LayoutTableCell {TD} at (35,0) size 31x20 [border: none none none (1px solid #808080)] [r=0 c=1 rs=1 cs=1]
                LayoutText {#text} at (2,1) size 28x17
                  text run at (2,1) width 28: "4am"
              LayoutTableCell {TD} at (66,0) size 40x20 [border: none none none (1px solid #808080)] [r=0 c=2 rs=1 cs=1]
                LayoutText {#text} at (2,1) size 36x17
                  text run at (2,1) width 36: "11pm"
        LayoutBlockFlow {P} at (0,96) size 784x44
          LayoutButton {BUTTON} at (263,0) size 79x22 [bgcolor=#C0C0C0] [border: (2px outset #C0C0C0)]
            LayoutBlockFlow (anonymous) at (8,3) size 63x16
              LayoutText {#text} at (0,0) size 63x16
                text run at (0,0) width 20: "No "
                text run at (20,0) width 43: "borders"
          LayoutButton {BUTTON} at (342,0) size 101x22 [bgcolor=#C0C0C0] [border: (2px outset #C0C0C0)]
            LayoutBlockFlow (anonymous) at (8,3) size 85x16
              LayoutText {#text} at (0,0) size 85x16
                text run at (0,0) width 49: "Exterior "
                text run at (49,0) width 36: "border"
          LayoutButton {BUTTON} at (443,0) size 78x22 [bgcolor=#C0C0C0] [border: (2px outset #C0C0C0)]
            LayoutBlockFlow (anonymous) at (8,3) size 62x16
              LayoutText {#text} at (0,0) size 62x16
                text run at (0,0) width 19: "All "
                text run at (19,0) width 43: "borders"
          LayoutBR {BR} at (521,16) size 0x0
          LayoutButton {BUTTON} at (227.73,22) size 107x22 [bgcolor=#C0C0C0] [border: (2px outset #C0C0C0)]
            LayoutBlockFlow (anonymous) at (8,3) size 91x16
              LayoutText {#text} at (0,0) size 91x16
                text run at (0,0) width 48: "Column "
                text run at (48,0) width 43: "borders"
          LayoutButton {BUTTON} at (334.73,22) size 105x22 [bgcolor=#C0C0C0] [border: (2px outset #C0C0C0)]
            LayoutBlockFlow (anonymous) at (8,3) size 89x16
              LayoutText {#text} at (0,0) size 89x16
                text run at (0,0) width 46: "Groups "
                text run at (46,0) width 43: "borders"
          LayoutButton {BUTTON} at (439.73,22) size 116.53x22 [bgcolor=#C0C0C0] [border: (2px outset #C0C0C0)]
            LayoutBlockFlow (anonymous) at (8,3) size 100.53x16
              LayoutText {#text} at (0,0) size 101x16
                text run at (0,0) width 34: "Table "
                text run at (33,0) width 68: "row borders"
          LayoutText {#text} at (0,0) size 0x0
