layer at (0,0) size 800x600
  LayoutView at (0,0) size 800x600
layer at (0,0) size 800x600
  LayoutBlockFlow {HTML} at (0,0) size 800x600
    LayoutBlockFlow {BODY} at (8,8) size 784x584
      LayoutBlockFlow {P} at (0,0) size 784x20
        LayoutText {#text} at (0,0) size 305x19
          text run at (0,0) width 305: "The black outline box should stretch from the right "
        LayoutInline {SPAN} at (0,0) size 25x19 [color=#0000FF]
          LayoutText {#text} at (305,0) size 25x19
            text run at (305,0) width 25: "blue"
        LayoutText {#text} at (330,0) size 113x19
          text run at (330,0) width 113: " border, to the left "
        LayoutInline {SPAN} at (0,0) size 41x19 [color=#FFA500]
          LayoutText {#text} at (443,0) size 41x19
            text run at (443,0) width 41: "orange"
        LayoutText {#text} at (484,0) size 49x19
          text run at (484,0) width 49: " border."
      LayoutBlockFlow {DIV} at (0,36) size 600x20
        LayoutText {#text} at (422,0) size 178x19
          text run at (422,0) width 178 RTL override: "ILorem ipsum dolor sit amet, "
        LayoutText {#text} at (29,0) size 165x19
          text run at (29,0) width 165 RTL override: "irure dolor in reprehenderit."
layer at (8,44) size 208x21
  LayoutInline (relative positioned) {SPAN} at (0,0) size 208x21 [bgcolor=#008000] [border: (1px solid #808080) (20px solid #0000FF) (1px solid #808080) (20px solid #FFA500)]
    LayoutText {#text} at (291,0) size 91x19
      text run at (291,0) width 91 RTL override: "con a pariatur. "
    LayoutText {#text} at (234,0) size 57x19
      text run at (234,0) width 57 RTL override: "duis aute "
layer at (232,44) size 168x19
  LayoutBlockFlow (positioned) {DIV} at (20,1) size 168x19
