layer at (0,0) size 800x600 clip at (0,0) size 785x600 scrollHeight 836
  LayoutView at (0,0) size 800x600
layer at (0,0) size 785x836 backgroundClip at (0,0) size 785x600 clip at (0,0) size 785x600
  LayoutBlockFlow {HTML} at (0,0) size 785x836
    LayoutBlockFlow {BODY} at (8,8) size 769x820
      LayoutBlockFlow (anonymous) at (0,0) size 769x18
        LayoutText {#text} at (0,0) size 83x17
          text run at (0,0) width 83: "Text outside."
layer at (8,26) size 702x802 backgroundClip at (8,26) size 702x574 clip at (9,27) size 685x573 scrollHeight 1286
  LayoutBlockFlow {DIV} at (0,18) size 702x802 [border: (1px solid #000000)]
    LayoutBlockFlow {P} at (1,17) size 685x165
      LayoutText {#text} at (0,8) size 668x149
        text run at (0,8) width 659: "Lorem ipsum dolor sit amet, consectetur adipisicing elit, sed do eiusmod tempor incididunt ut labore et"
        text run at (0,41) width 668: "dolore magna aliqua. Ut enim ad minim veniam, quis nostrud exercitation ullamco laboris nisi ut aliquip"
        text run at (0,74) width 668: "ex ea commodo consequat. Duis aute irure dolor in reprehenderit in voluptate velit esse cillum dolore eu"
        text run at (0,107) width 652: "fugiat nulla pariatur. Excepteur sint occaecat cupidatat non proident, sunt in culpa qui officia deserunt"
        text run at (0,140) width 174: "mollit anim id est laborum."
    LayoutBlockFlow {P} at (1,230) size 685x165
      LayoutText {#text} at (0,8) size 668x149
        text run at (0,8) width 659: "Lorem ipsum dolor sit amet, consectetur adipisicing elit, sed do eiusmod tempor incididunt ut labore et"
        text run at (0,41) width 668: "dolore magna aliqua. Ut enim ad minim veniam, quis nostrud exercitation ullamco laboris nisi ut aliquip"
        text run at (0,74) width 668: "ex ea commodo consequat. Duis aute irure dolor in reprehenderit in voluptate velit esse cillum dolore eu"
        text run at (0,107) width 652: "fugiat nulla pariatur. Excepteur sint occaecat cupidatat non proident, sunt in culpa qui officia deserunt"
        text run at (0,140) width 174: "mollit anim id est laborum."
    LayoutBlockFlow {P} at (1,861) size 685x165
      LayoutText {#text} at (0,8) size 668x149
        text run at (0,8) width 659: "Lorem ipsum dolor sit amet, consectetur adipisicing elit, sed do eiusmod tempor incididunt ut labore et"
        text run at (0,41) width 668: "dolore magna aliqua. Ut enim ad minim veniam, quis nostrud exercitation ullamco laboris nisi ut aliquip"
        text run at (0,74) width 668: "ex ea commodo consequat. Duis aute irure dolor in reprehenderit in voluptate velit esse cillum dolore eu"
        text run at (0,107) width 652: "fugiat nulla pariatur. Excepteur sint occaecat cupidatat non proident, sunt in culpa qui officia deserunt"
        text run at (0,140) width 174: "mollit anim id est laborum."
    LayoutBlockFlow {P} at (1,1074) size 685x165
      LayoutText {#text} at (0,8) size 668x149
        text run at (0,8) width 659: "Lorem ipsum dolor sit amet, consectetur adipisicing elit, sed do eiusmod tempor incididunt ut labore et"
        text run at (0,41) width 668: "dolore magna aliqua. Ut enim ad minim veniam, quis nostrud exercitation ullamco laboris nisi ut aliquip"
        text run at (0,74) width 668: "ex ea commodo consequat. Duis aute irure dolor in reprehenderit in voluptate velit esse cillum dolore eu"
        text run at (0,107) width 652: "fugiat nulla pariatur. Excepteur sint occaecat cupidatat non proident, sunt in culpa qui officia deserunt"
        text run at (0,140) width 174: "mollit anim id est laborum."
layer at (19,469) size 602x402 backgroundClip at (19,469) size 602x131 clip at (20,470) size 585x130 scrollHeight 508
  LayoutBlockFlow {DIV} at (11,443) size 602x402 [border: (1px solid #000000)]
    LayoutBlockFlow {P} at (1,17) size 585x198
      LayoutText {#text} at (0,8) size 583x182
        text run at (0,8) width 583: "Lorem ipsum dolor sit amet, consectetur adipisicing elit, sed do eiusmod tempor incididunt"
        text run at (0,41) width 549: "ut labore et dolore magna aliqua. Ut enim ad minim veniam, quis nostrud exercitation"
        text run at (0,74) width 522: "ullamco laboris nisi ut aliquip ex ea commodo consequat. Duis aute irure dolor in"
        text run at (0,107) width 568: "reprehenderit in voluptate velit esse cillum dolore eu fugiat nulla pariatur. Excepteur sint"
        text run at (0,140) width 538: "occaecat cupidatat non proident, sunt in culpa qui officia deserunt mollit anim id est"
        text run at (0,173) width 58: "laborum."
    LayoutBlockFlow {P} at (1,263) size 585x198
      LayoutText {#text} at (0,8) size 583x182
        text run at (0,8) width 583: "Lorem ipsum dolor sit amet, consectetur adipisicing elit, sed do eiusmod tempor incididunt"
        text run at (0,41) width 549: "ut labore et dolore magna aliqua. Ut enim ad minim veniam, quis nostrud exercitation"
        text run at (0,74) width 522: "ullamco laboris nisi ut aliquip ex ea commodo consequat. Duis aute irure dolor in"
        text run at (0,107) width 568: "reprehenderit in voluptate velit esse cillum dolore eu fugiat nulla pariatur. Excepteur sint"
        text run at (0,140) width 538: "occaecat cupidatat non proident, sunt in culpa qui officia deserunt mollit anim id est"
        text run at (0,173) width 58: "laborum."
