layer at (0,0) size 800x600
  LayoutView at (0,0) size 800x600
layer at (0,0) size 800x428
  LayoutBlockFlow {HTML} at (0,0) size 800x428
    LayoutBlockFlow {BODY} at (8,16) size 784x402
      LayoutBlockFlow {P} at (0,0) size 784x18
        LayoutText {#text} at (0,0) size 330x17
          text run at (0,0) width 330: "You should not see double text when the div scrolls"
      LayoutBlockFlow {DIV} at (10,34) size 302x206 [border: (1px solid #000000)]
        LayoutText {#text} at (0,0) size 0x0
layer at (19,51) size 300x200
  LayoutVideo {VIDEO} at (1,1) size 300x200
layer at (18,266) size 302x152 clip at (19,267) size 285x150 scrollY 24.00 scrollHeight 500
  LayoutBlockFlow {DIV} at (10,250) size 302x152 [border: (1px solid #000000)]
    LayoutBlockFlow {DIV} at (1,1) size 285x500
      LayoutText {#text} at (0,6) size 107x36
        text run at (0,6) width 107: "Scrolled"
      LayoutBR {BR} at (106,6) size 1x36
      LayoutText {#text} at (0,54) size 48x36
        text run at (0,54) width 48: "text"
      LayoutBR {BR} at (47,54) size 1x36
      LayoutText {#text} at (0,102) size 64x36
        text run at (0,102) width 64: "here."
layer at (19,51) size 300x200
  LayoutFlexibleBox (relative positioned) {DIV} at (0,0) size 300x200
    LayoutBlockFlow {DIV} at (0,165) size 300x35
layer at (19,51) size 300x165
  LayoutFlexibleBox (relative positioned) {DIV} at (0,0) size 300x165
