layer at (0,0) size 800x600
  LayoutView at (0,0) size 800x600
layer at (0,0) size 800x302
  LayoutBlockFlow {html} at (0,0) size 800x302
    LayoutBlockFlow {body} at (8,10) size 784x282
      LayoutBlockFlow {p} at (0,0) size 784x18 [color=#000080]
        LayoutText {#text} at (0,0) size 459x18
          text run at (0,0) width 459: "The word \"TEST \" should appear twice below, the same size each time."
      LayoutBlockFlow (anonymous) at (0,28) size 784x124
        LayoutSVGRoot {svg} at (8,38) size 400x120
          LayoutSVGRect {rect} at (8,38) size 400x120 [transform={m=((10.00,0.00)(0.00,10.00)) t=(0.00,0.00)}] [fill={[type=SOLID] [color=#EEEEEE]}] [x=0.00] [y=0.00] [width=60.00] [height=12.00]
          LayoutSVGForeignObject {foreignObject} at (0,0) size 60x10
            LayoutBlockFlow {div} at (0,0) size 60x13 [color=#000080]
              LayoutText {#text} at (0,0) size 24x13
                text run at (0,0) width 24: "TEST"
        LayoutText {#text} at (0,0) size 0x0
      LayoutBlockFlow {div} at (0,162) size 400x120 [color=#000080] [bgcolor=#EEEEEE]
        LayoutText {#text} at (0,0) size 239x115
          text run at (0,0) width 239: "TEST"
