layer at (0,0) size 800x600
  LayoutView at (0,0) size 800x600
layer at (0,0) size 800x600
  LayoutBlockFlow {HTML} at (0,0) size 800x600
    LayoutBlockFlow {BODY} at (8,8) size 784x584
      LayoutBlockFlow {P} at (0,0) size 784x36
        LayoutText {#text} at (0,0) size 619x18
          text run at (0,0) width 583: "This tests to make sure that plaintext-only regions aren't styled if they aren't fully selected. "
          text run at (582,0) width 37: "Only "
        LayoutInline {B} at (0,0) size 22x18
          LayoutText {#text} at (618,0) size 22x18
            text run at (618,0) width 22: "foo"
        LayoutText {#text} at (639,0) size 739x36
          text run at (639,0) width 100: " should be bold"
          text run at (0,18) width 43: "below."
      LayoutBlockFlow {DIV} at (0,52) size 784x46
        LayoutBlockFlow {DIV} at (0,0) size 784x18
          LayoutInline {B} at (0,0) size 22x18
            LayoutText {#text} at (0,0) size 22x18
              text run at (0,0) width 22: "foo"
        LayoutTable {TABLE} at (0,18) size 186x28 [border: (1px outset #808080)]
          LayoutTableSection {TBODY} at (1,1) size 184x26
            LayoutTableRow {TR} at (0,2) size 184x22
              LayoutTableCell {TD} at (2,2) size 84x22 [border: (1px inset #808080)] [r=0 c=0 rs=1 cs=1]
                LayoutText {#text} at (2,2) size 80x18
                  text run at (2,2) width 80: "non-editable"
              LayoutTableCell {TD} at (88,2) size 94x22 [border: (1px inset #808080)] [r=0 c=1 rs=1 cs=1]
                LayoutInline {SPAN} at (0,0) size 56x18
                  LayoutText {#text} at (2,2) size 56x18
                    text run at (2,2) width 56: "plaintext"
                LayoutText {#text} at (57,2) size 35x18
                  text run at (57,2) width 35: "-only"
selection start: position 0 of child 0 {#text} of child 0 {B} of child 0 {DIV} of child 2 {DIV} of body
selection end:   position 9 of child 0 {#text} of child 0 {SPAN} of child 1 {TD} of child 0 {TR} of child 0 {TBODY} of child 1 {TABLE} of child 2 {DIV} of body
