EDITING DELEGATE: webViewDidChangeSelection:WebViewDidChangeSelectionNotification
EDITING DELEGATE: webViewDidChangeSelection:WebViewDidChangeSelectionNotification
EDITING DELEGATE: webViewDidChangeSelection:WebViewDidChangeSelectionNotification
EDITING DELEGATE: webViewDidChangeSelection:WebViewDidChangeSelectionNotification
EDITING DELEGATE: webViewDidChangeSelection:WebViewDidChangeSelectionNotification
EDITING DELEGATE: webViewDidChangeSelection:WebViewDidChangeSelectionNotification
EDITING DELEGATE: webViewDidChangeSelection:WebViewDidChangeSelectionNotification
EDITING DELEGATE: webViewDidChangeSelection:WebViewDidChangeSelectionNotification
EDITING DELEGATE: webViewDidChangeSelection:WebViewDidChangeSelectionNotification
EDITING DELEGATE: webViewDidChange:WebViewDidChangeNotification
EDITING DELEGATE: webViewDidChangeSelection:WebViewDidChangeSelectionNotification
EDITING DELEGATE: webViewDidChange:WebViewDidChangeNotification
EDITING DELEGATE: webViewDidChangeSelection:WebViewDidChangeSelectionNotification
EDITING DELEGATE: webViewDidChange:WebViewDidChangeNotification
EDITING DELEGATE: webViewDidChangeSelection:WebViewDidChangeSelectionNotification
EDITING DELEGATE: webViewDidChange:WebViewDidChangeNotification
EDITING DELEGATE: webViewDidChangeSelection:WebViewDidChangeSelectionNotification
EDITING DELEGATE: webViewDidChange:WebViewDidChangeNotification
EDITING DELEGATE: webViewDidChangeSelection:WebViewDidChangeSelectionNotification
EDITING DELEGATE: webViewDidChange:WebViewDidChangeNotification
layer at (0,0) size 800x600
  LayoutView at (0,0) size 800x600
layer at (0,0) size 800x600
  LayoutBlockFlow {HTML} at (0,0) size 800x600
    LayoutBlockFlow {BODY} at (8,8) size 784x584
      LayoutBlockFlow {DIV} at (0,0) size 784x84 [border: (2px solid #0000FF)]
        LayoutText {#text} at (14,14) size 715x56
          text run at (14,14) width 709: "Size check should say: 30px. All text in the red boxes should appear to be"
          text run at (722,14) width 7: " "
          text run at (14,42) width 54: "30px."
      LayoutBlockFlow {DIV} at (0,108) size 784x28
        LayoutText {#text} at (0,0) size 116x28
          text run at (0,0) width 116: "Size check: "
        LayoutInline {SPAN} at (0,0) size 49x28
          LayoutText {#text} at (115,0) size 49x28
            text run at (115,0) width 49: "30px"
      LayoutBlockFlow {DIV} at (0,152) size 784x164
        LayoutBlockFlow {DIV} at (0,0) size 784x164 [border: (2px solid #FF0000)]
          LayoutBlockFlow (anonymous) at (14,14) size 756x36
            LayoutText {#text} at (0,0) size 171x36
              text run at (0,0) width 171: "There is a tide"
          LayoutBlockFlow {DIV} at (14,50) size 756x64 [border: (2px solid #FF0000)]
            LayoutText {#text} at (14,14) size 245x36
              text run at (14,14) width 245: "In the affairs of men"
          LayoutBlockFlow (anonymous) at (14,114) size 756x36
            LayoutText {#text} at (0,0) size 295x36
              text run at (0,0) width 295: "Which taken at the flood"
selection start: position 1 of child 0 {#text} of child 1 {DIV} of child 5 {DIV} of body
selection end:   position 25 of child 2 {#text} of child 1 {DIV} of child 5 {DIV} of body
