EDITING DELEGATE: webViewDidChangeSelection:WebViewDidChangeSelectionNotification
EDITING DELEGATE: webViewDidChangeSelection:WebViewDidChangeSelectionNotification
EDITING DELEGATE: webViewDidChangeSelection:WebViewDidChangeSelectionNotification
EDITING DELEGATE: webViewDidChangeSelection:WebViewDidChangeSelectionNotification
EDITING DELEGATE: webViewDidChangeSelection:WebViewDidChangeSelectionNotification
EDITING DELEGATE: webViewDidChangeSelection:WebViewDidChangeSelectionNotification
EDITING DELEGATE: webViewDidChange:WebViewDidChangeNotification
EDITING DELEGATE: webViewDidChangeSelection:WebViewDidChangeSelectionNotification
EDITING DELEGATE: webViewDidChange:WebViewDidChangeNotification
EDITING DELEGATE: webViewDidChangeSelection:WebViewDidChangeSelectionNotification
EDITING DELEGATE: webViewDidChange:WebViewDidChangeNotification
EDITING DELEGATE: webViewDidChangeSelection:WebViewDidChangeSelectionNotification
EDITING DELEGATE: webViewDidChange:WebViewDidChangeNotification
EDITING DELEGATE: webViewDidChangeSelection:WebViewDidChangeSelectionNotification
EDITING DELEGATE: webViewDidChange:WebViewDidChangeNotification
EDITING DELEGATE: webViewDidChangeSelection:WebViewDidChangeSelectionNotification
EDITING DELEGATE: webViewDidChange:WebViewDidChangeNotification
layer at (0,0) size 800x600
  LayoutView at (0,0) size 800x600
layer at (0,0) size 800x600
  LayoutBlockFlow {HTML} at (0,0) size 800x600
    LayoutBlockFlow {BODY} at (8,8) size 784x584
      LayoutBlockFlow {DIV} at (0,0) size 784x84 [border: (2px solid #0000FF)]
        LayoutText {#text} at (14,14) size 746x56
          text run at (14,14) width 740: "Size check should say: 30px. All text on the first line, and the first two words"
          text run at (753,14) width 7: " "
          text run at (14,42) width 430: "of the second line, should appear to be 30px."
      LayoutBlockFlow {DIV} at (0,108) size 784x28
        LayoutText {#text} at (0,0) size 116x28
          text run at (0,0) width 116: "Size check: "
        LayoutInline {SPAN} at (0,0) size 49x28
          LayoutText {#text} at (115,0) size 49x28
            text run at (115,0) width 49: "30px"
      LayoutBlockFlow {DIV} at (0,152) size 784x156
        LayoutBlockFlow {DIV} at (0,0) size 784x156 [border: (2px solid #FF0000)]
          LayoutBlockFlow (anonymous) at (14,14) size 756x36
            LayoutInline {SPAN} at (0,0) size 171x36
              LayoutText {#text} at (0,0) size 171x36
                text run at (0,0) width 171: "There is a tide"
          LayoutBlockFlow {DIV} at (14,50) size 756x64 [border: (2px solid #FF0000)]
            LayoutInline {SPAN} at (0,0) size 70x36
              LayoutText {#text} at (14,14) size 70x36
                text run at (14,14) width 70: "In the"
            LayoutText {#text} at (83,20) size 141x28
              text run at (83,20) width 141: " affairs of men"
          LayoutBlockFlow (anonymous) at (14,114) size 756x28
            LayoutText {#text} at (0,0) size 236x28
              text run at (0,0) width 236: "Which taken at the flood"
selection start: position 0 of child 0 {#text} of child 0 {SPAN} of child 1 {DIV} of child 5 {DIV} of body
selection end:   position 7 of child 0 {#text} of child 0 {SPAN} of child 1 {DIV} of child 1 {DIV} of child 5 {DIV} of body
