EDITING DELEGATE: webViewDidChangeSelection:WebViewDidChangeSelectionNotification
EDITING DELEGATE: webViewDidChangeSelection:WebViewDidChangeSelectionNotification
EDITING DELEGATE: webViewDidChangeSelection:WebViewDidChangeSelectionNotification
EDITING DELEGATE: webViewDidChangeSelection:WebViewDidChangeSelectionNotification
EDITING DELEGATE: webViewDidChange:WebViewDidChangeNotification
layer at (0,0) size 800x600
  LayoutView at (0,0) size 800x600
layer at (0,0) size 800x600
  LayoutBlockFlow {HTML} at (0,0) size 800x600
    LayoutBlockFlow {BODY} at (8,8) size 784x584
      LayoutBlockFlow {DIV} at (0,0) size 784x156 [border: (2px solid #0000FF)]
        LayoutBlockFlow {DIV} at (14,14) size 756x56
          LayoutText {#text} at (0,0) size 66x28
            text run at (0,0) width 66: "Tests: "
          LayoutBR {BR} at (0,0) size 0x0
          LayoutText {#text} at (0,28) size 595x28
            text run at (0,28) width 595: "Style checks performed on boundaries between style changes."
        LayoutBlockFlow {DIV} at (14,86) size 756x56
          LayoutText {#text} at (0,0) size 190x28
            text run at (0,0) width 190: "Expected Results: "
          LayoutBR {BR} at (189,22) size 1x0
          LayoutText {#text} at (0,28) size 438x28
            text run at (0,28) width 438: "Should see this content in the red box below: "
          LayoutInline {B} at (0,0) size 13x28
            LayoutText {#text} at (437,28) size 13x28
              text run at (437,28) width 13: "a"
          LayoutText {#text} at (449,28) size 24x28
            text run at (449,28) width 24: "bc"
      LayoutBlockFlow {DIV} at (0,180) size 784x32
        LayoutBlockFlow {DIV} at (0,0) size 784x32 [border: (2px solid #FF0000)]
          LayoutInline {B} at (0,0) size 12x28
            LayoutText {#text} at (2,2) size 12x28
              text run at (2,2) width 12: "a"
          LayoutText {#text} at (14,2) size 12x28
            text run at (14,2) width 12: "b"
          LayoutText {#text} at (26,2) size 11x28
            text run at (26,2) width 11: "c"
caret: position 1 of child 1 {#text} of child 1 {DIV} of child 3 {DIV} of body
