layer at (0,0) size 800x600
  LayoutView at (0,0) size 800x600
layer at (0,0) size 800x252
  LayoutBlockFlow {HTML} at (0,0) size 800x252
    LayoutBlockFlow {BODY} at (8,8) size 784x236
      LayoutBlockFlow (anonymous) at (0,0) size 784x36
        LayoutText {#text} at (0,0) size 777x35
          text run at (0,0) width 409: "Test for empty buttons, which inherit from LayoutFlexibleBox. "
          text run at (408,0) width 369: "Empty <input> buttons should not collapse, which makes"
          text run at (0,18) width 498: "them different from most flex boxes. Empty <button>s should collapse. Note "
        LayoutInline {A} at (0,0) size 76x17 [color=#0000EE]
          LayoutText {#text} at (497,18) size 76x17
            text run at (497,18) width 76: "bug 110654"
        LayoutText {#text} at (572,18) size 5x17
          text run at (572,18) width 5: "."
      LayoutBlockFlow {HR} at (0,44) size 784x2 [border: (1px inset #EEEEEE)]
      LayoutBlockFlow (anonymous) at (0,54) size 784x59
        LayoutText {#text} at (0,0) size 81x17
          text run at (0,0) width 81: "Simple case."
        LayoutBR {BR} at (80,0) size 1x17
        LayoutButton {BUTTON} at (0,29) size 16x6 [bgcolor=#C0C0C0] [border: (2px outset #C0C0C0)]
        LayoutBR {BR} at (16,18) size 0x17
        LayoutButton {INPUT} at (0,36) size 16x22 [bgcolor=#C0C0C0] [border: (2px outset #C0C0C0)]
        LayoutBR {BR} at (16,41) size 0x17
      LayoutBlockFlow {HR} at (0,121) size 784x2 [border: (1px inset #EEEEEE)]
      LayoutBlockFlow (anonymous) at (0,131) size 784x105
        LayoutText {#text} at (0,0) size 744x35
          text run at (0,0) width 744: "Empty <button> and <input type=button> with overflow: scroll;. The presence of the scrollbar should not shrink the"
          text run at (0,18) width 45: "button."
        LayoutBR {BR} at (44,18) size 1x17
        LayoutBR {BR} at (31,36) size 0x17
        LayoutBR {BR} at (31,73) size 0x17
layer at (8,186) size 31x21 clip at (10,188) size 12x2
  LayoutButton {BUTTON} at (0,47) size 31x21 [bgcolor=#C0C0C0] [border: (2px outset #C0C0C0)]
layer at (8,207) size 31x37 clip at (10,209) size 12x18
  LayoutButton {INPUT} at (0,68) size 31x37 [bgcolor=#C0C0C0] [border: (2px outset #C0C0C0)]
