layer at (0,0) size 800x600
  LayoutView at (0,0) size 800x600
layer at (0,0) size 800x492
  LayoutBlockFlow {HTML} at (0,0) size 800x492
layer at (0,0) size 800x492
  LayoutBlockFlow (relative positioned) {BODY} at (0,0) size 800x492
    LayoutBlockFlow {DIV} at (0,0) size 800x55
      LayoutText {#text} at (0,20) size 73x17
        text run at (0,20) width 73: "before text "
      LayoutFlexibleBox {DIV} at (72.84,5) size 129.73x50 [bgcolor=#D3D3D3]
        LayoutBlockFlow {DIV} at (0,32) size 39.11x18
          LayoutText {#text} at (0,0) size 40x17
            text run at (0,0) width 40: "below"
        LayoutBlockFlow {DIV} at (39.11,15) size 52.42x18
          LayoutText {#text} at (0,0) size 53x17
            text run at (0,0) width 53: "baseline"
        LayoutBlockFlow {DIV} at (91.53,0) size 38.20x18
          LayoutText {#text} at (0,0) size 39x17
            text run at (0,0) width 39: "above"
      LayoutText {#text} at (202,20) size 62x17
        text run at (202,20) width 62: " after text"
    LayoutBlockFlow {DIV} at (0,55) size 800x45
      LayoutText {#text} at (0,27) size 73x17
        text run at (0,27) width 73: "before text "
      LayoutFlexibleBox {DIV} at (72.84,5) size 90.63x40 [bgcolor=#D3D3D3]
        LayoutBlockFlow {DIV} at (0,22) size 52.42x18
          LayoutText {#text} at (0,0) size 53x17
            text run at (0,0) width 53: "baseline"
        LayoutBlockFlow {DIV} at (52.42,0) size 0x0
        LayoutBlockFlow {DIV} at (52.42,0) size 38.20x18
          LayoutText {#text} at (0,0) size 39x17
            text run at (0,0) width 39: "above"
      LayoutText {#text} at (163,27) size 62x17
        text run at (163,27) width 62: " after text"
    LayoutBlockFlow {DIV} at (0,100) size 800x71
      LayoutText {#text} at (0,31) size 73x17
        text run at (0,31) width 73: "before text "
      LayoutFlexibleBox {DIV} at (72.84,5) size 152.23x66.81 [bgcolor=#D3D3D3]
        LayoutBlockFlow {H2} at (0,19.91) size 114.03x27
          LayoutText {#text} at (0,0) size 115x26
            text run at (0,0) width 115: "h2 baseline"
        LayoutBlockFlow {DIV} at (114.03,0) size 38.20x66.81
          LayoutText {#text} at (0,0) size 39x17
            text run at (0,0) width 39: "above"
      LayoutText {#text} at (225,31) size 62x17
        text run at (225,31) width 62: " after text"
    LayoutBlockFlow {DIV} at (0,171) size 800x71
      LayoutText {#text} at (0,5) size 73x17
        text run at (0,5) width 73: "before text "
      LayoutFlexibleBox {DIV} at (72.84,5) size 143.78x66.81 [bgcolor=#D3D3D3]
        LayoutBlockFlow {DIV} at (0,0) size 52.42x66.81
          LayoutText {#text} at (0,0) size 53x17
            text run at (0,0) width 53: "baseline"
        LayoutBlockFlow {H2} at (52.42,19.91) size 91.36x27
          LayoutText {#text} at (0,0) size 92x26
            text run at (0,0) width 92: "h2 below"
      LayoutText {#text} at (216,5) size 62x17
        text run at (216,5) width 62: " after text"
    LayoutBlockFlow {DIV} at (0,242) size 800x45
      LayoutText {#text} at (0,12) size 188x17
        text run at (0,12) width 188: "should align with the middle "
      LayoutFlexibleBox {DIV} at (187.09,5) size 40x40 [bgcolor=#D3D3D3]
        LayoutBlockFlow {DIV} at (0,0) size 40x21 [border: none (1px solid #000000) none]
      LayoutText {#text} at (227,12) size 127x17
        text run at (227,12) width 127: " of the grey flexbox"
    LayoutBlockFlow {DIV} at (0,287) size 800x39
      LayoutText {#text} at (0,21) size 188x17
        text run at (0,21) width 188: "should align with the bottom "
      LayoutFlexibleBox {DIV} at (187.98,5) size 30x30 [bgcolor=#D3D3D3]
      LayoutText {#text} at (217,21) size 128x17
        text run at (217,21) width 128: " of the grey flexbox"
    LayoutBlockFlow {DIV} at (0,326) size 800x41
      LayoutText {#text} at (0,5) size 73x17
        text run at (0,5) width 73: "before text "
      LayoutFlexibleBox {DIV} at (72.84,5) size 52.42x36 [bgcolor=#D3D3D3]
        LayoutBlockFlow {DIV} at (0,0) size 52.42x18
          LayoutText {#text} at (0,0) size 53x17
            text run at (0,0) width 53: "baseline"
        LayoutBlockFlow {DIV} at (0,18) size 52.42x18
          LayoutText {#text} at (0,0) size 40x17
            text run at (0,0) width 40: "below"
      LayoutText {#text} at (125,5) size 62x17
        text run at (125,5) width 62: " after text"
    LayoutBlockFlow {DIV} at (0,367) size 800x41
      LayoutText {#text} at (0,23) size 73x17
        text run at (0,23) width 73: "before text "
      LayoutFlexibleBox {DIV} at (72.84,5) size 52.42x36 [bgcolor=#D3D3D3]
        LayoutBlockFlow {DIV} at (0,18) size 52.42x18
          LayoutText {#text} at (0,0) size 53x17
            text run at (0,0) width 53: "baseline"
        LayoutBlockFlow {DIV} at (0,0) size 52.42x18
          LayoutText {#text} at (0,0) size 39x17
            text run at (0,0) width 39: "above"
      LayoutText {#text} at (125,23) size 62x17
        text run at (125,23) width 62: " after text"
    LayoutBlockFlow {DIV} at (0,408) size 800x45
      LayoutText {#text} at (0,11) size 188x17
        text run at (0,11) width 188: "should align with the middle "
      LayoutFlexibleBox {DIV} at (187.09,5) size 40x40 [bgcolor=#D3D3D3]
        LayoutBlockFlow {DIV} at (0,0) size 40x20.50 [border: none (1px solid #000000) none]
        LayoutBlockFlow {DIV} at (0,20.50) size 40x19.50
      LayoutText {#text} at (227,11) size 127x17
        text run at (227,11) width 127: " of the grey flexbox"
    LayoutBlockFlow {DIV} at (0,453) size 800x39
      LayoutText {#text} at (0,21) size 188x17
        text run at (0,21) width 188: "should align with the bottom "
      LayoutFlexibleBox {DIV} at (187.98,5) size 30x30 [bgcolor=#D3D3D3]
      LayoutText {#text} at (217,21) size 128x17
        text run at (217,21) width 128: " of the grey flexbox"
layer at (400,0) size 360x416
  LayoutBlockFlow (positioned) {DIV} at (400,0) size 360x416
    LayoutBlockFlow {DIV} at (0,0) size 360x53
      LayoutText {#text} at (0,35) size 73x17
        text run at (0,35) width 73: "before text "
      LayoutFlexibleBox {DIV} at (72.84,5) size 52.42x48 [bgcolor=#D3D3D3]
        LayoutBlockFlow {DIV} at (0,30) size 52.42x18
          LayoutText {#text} at (0,0) size 53x17
            text run at (0,0) width 53: "baseline"
      LayoutText {#text} at (125,35) size 62x17
        text run at (125,35) width 62: " after text"
    LayoutBlockFlow {DIV} at (0,53) size 360x45
      LayoutText {#text} at (0,5) size 73x17
        text run at (0,5) width 73: "before text "
      LayoutFlexibleBox {DIV} at (72.84,5) size 91.53x40 [bgcolor=#D3D3D3]
        LayoutBlockFlow {DIV} at (0,0) size 52.42x40
          LayoutText {#text} at (0,0) size 53x17
            text run at (0,0) width 53: "baseline"
        LayoutBlockFlow {DIV} at (52.42,22) size 39.11x18
          LayoutText {#text} at (0,0) size 40x17
            text run at (0,0) width 40: "below"
      LayoutText {#text} at (164,5) size 62x17
        text run at (164,5) width 62: " after text"
    LayoutBlockFlow {DIV} at (0,98) size 360x45
      LayoutText {#text} at (0,15) size 73x17
        text run at (0,15) width 73: "before text "
      LayoutBlockFlow {DIV} at (72.84,0) size 162.14x45
        LayoutFlexibleBox {DIV} at (0,5) size 128.83x40 [bgcolor=#D3D3D3]
          LayoutBlockFlow {DIV} at (0,0) size 38.20x40
            LayoutText {#text} at (0,0) size 39x17
              text run at (0,0) width 39: "above"
          LayoutBlockFlow {DIV} at (38.20,10) size 52.42x18
            LayoutText {#text} at (0,0) size 53x17
              text run at (0,0) width 53: "baseline"
          LayoutBlockFlow {DIV} at (90.63,0) size 38.20x40
            LayoutText {#text} at (0,0) size 39x17
              text run at (0,0) width 39: "above"
        LayoutText {#text} at (128,15) size 35x17
          text run at (128,15) width 35: " after"
      LayoutText {#text} at (234,15) size 29x17
        text run at (234,15) width 29: " text"
    LayoutBlockFlow {DIV} at (0,143) size 360x40
      LayoutText {#text} at (0,10) size 73x17
        text run at (0,10) width 73: "before text "
      LayoutBlockFlow {DIV} at (72.84,0) size 52.42x40
        LayoutFlexibleBox {DIV} at (0,10) size 52.42x30 [bgcolor=#808080]
          LayoutBlockFlow (anonymous) at (0,0) size 52.42x30
            LayoutText {#text} at (0,0) size 53x17
              text run at (0,0) width 53: "baseline"
      LayoutText {#text} at (125,10) size 62x17
        text run at (125,10) width 62: " after text"
    LayoutTable {TABLE} at (0,188) size 248x70 [bgcolor=#D3D3D3]
      LayoutTableSection {TBODY} at (0,0) size 248x70
        LayoutTableRow {TR} at (0,2) size 248x66
          LayoutTableCell {TD} at (2,48) size 48x20 [r=0 c=0 rs=1 cs=1]
            LayoutText {#text} at (1,1) size 46x17
              text run at (1,1) width 46: "bottom"
          LayoutTableCell {TD} at (52,30) size 55x20 [r=0 c=1 rs=1 cs=1]
            LayoutText {#text} at (1,1) size 53x17
              text run at (1,1) width 53: "baseline"
          LayoutTableCell {TD} at (109,2) size 23x20 [r=0 c=2 rs=1 cs=1]
            LayoutText {#text} at (1,1) size 21x17
              text run at (1,1) width 21: "top"
          LayoutTableCell {TD} at (134,20) size 55x48 [r=0 c=3 rs=1 cs=1]
            LayoutFlexibleBox {DIV} at (1,11) size 53x36 [bgcolor=#808080]
              LayoutBlockFlow {DIV} at (0,0) size 53x18
                LayoutText {#text} at (0,0) size 53x17
                  text run at (0,0) width 53: "baseline"
              LayoutBlockFlow {DIV} at (0,18) size 53x18
                LayoutText {#text} at (0,0) size 40x17
                  text run at (0,0) width 40: "below"
          LayoutTableCell {TD} at (191,2) size 55x48 [r=0 c=4 rs=1 cs=1]
            LayoutFlexibleBox {DIV} at (1,11) size 53x36 [bgcolor=#808080]
              LayoutBlockFlow {DIV} at (0,18) size 53x18
                LayoutText {#text} at (0,0) size 53x17
                  text run at (0,0) width 53: "baseline"
              LayoutBlockFlow {DIV} at (0,0) size 53x18
                LayoutText {#text} at (0,0) size 39x17
                  text run at (0,0) width 39: "above"
    LayoutTable {TABLE} at (0,263) size 291x83 [bgcolor=#D3D3D3]
      LayoutTableSection {TBODY} at (0,0) size 291x83
        LayoutTableRow {TR} at (0,2) size 291x79
          LayoutTableCell {TD} at (2,61) size 48x20 [r=0 c=0 rs=1 cs=1]
            LayoutText {#text} at (1,1) size 46x17
              text run at (1,1) width 46: "bottom"
          LayoutTableCell {TD} at (52,38) size 55x20 [r=0 c=1 rs=1 cs=1]
            LayoutText {#text} at (1,1) size 53x17
              text run at (1,1) width 53: "baseline"
          LayoutTableCell {TD} at (109,2) size 23x20 [r=0 c=2 rs=1 cs=1]
            LayoutText {#text} at (1,1) size 21x17
              text run at (1,1) width 21: "top"
          LayoutTableCell {TD} at (134,2) size 155x78.81 [r=0 c=3 rs=1 cs=1]
            LayoutFlexibleBox {DIV} at (1,11) size 153x66.81 [bgcolor=#808080]
              LayoutBlockFlow {H2} at (0,19.91) size 114.03x27
                LayoutText {#text} at (0,0) size 115x26
                  text run at (0,0) width 115: "h2 baseline"
              LayoutBlockFlow {DIV} at (114.03,0) size 38.20x66.81
                LayoutText {#text} at (0,0) size 39x17
                  text run at (0,0) width 39: "above"
    LayoutBlockFlow {DIV} at (0,346) size 360x70
      LayoutText {#text} at (0,20) size 73x17
        text run at (0,20) width 73: "before text "
      LayoutFlexibleBox {DIV} at (72.84,5) size 178.53x65 [bgcolor=#D3D3D3]
      LayoutText {#text} at (251,20) size 62x17
        text run at (251,20) width 62: " after text"
layer at (473,351) size 179x65 backgroundClip at (473,351) size 178x65 clip at (473,351) size 163x65 scrollY 4.00 scrollHeight 69
  LayoutBlockFlow {DIV} at (0,0) size 178.53x65
    LayoutText {#text} at (0,15) size 157x17
      text run at (0,15) width 157: "The baseline is based on"
    LayoutBR {BR} at (156,15) size 1x17
    LayoutText {#text} at (0,33) size 164x17
      text run at (0,33) width 164: "the non-scrolled position;"
    LayoutBR {BR} at (163,33) size 1x17
    LayoutText {#text} at (0,51) size 114x17
      text run at (0,51) width 114: "this won't line up."
layer at (473,5) size 53x18
  LayoutBlockFlow (positioned) {DIV} at (72.84,5) size 53.33x18
    LayoutText {#text} at (0,0) size 54x17
      text run at (0,0) width 54: "absolute"
