layer at (0,0) size 800x600
  LayoutView at (0,0) size 800x600
layer at (0,0) size 800x212
  LayoutBlockFlow {HTML} at (0,0) size 800x212
    LayoutBlockFlow {BODY} at (8,16) size 784x176
      LayoutBlockFlow {P} at (0,0) size 784x36
        LayoutText {#text} at (0,0) size 722x35
          text run at (0,0) width 722: "You should see a black rectangle divided into two parts; the top part should be taller (reflection should be behind"
          text run at (0,18) width 60: "original)."
layer at (28,72) size 220x120
  LayoutBlockFlow {DIV} at (20,56) size 220x120 [bgcolor=#FFFFFF] [border: (10px solid #000000)]
    LayoutText {#text} at (67,10) size 86x26
      text run at (67,10) width 86: "Contents"
