layer at (0,0) size 800x600 scrollHeight 614
  LayoutView at (0,0) size 800x600
layer at (0,0) size 800x614 backgroundClip at (0,0) size 800x600 clip at (0,0) size 800x600
  LayoutBlockFlow {HTML} at (0,0) size 800x613.88
    LayoutBlockFlow {BODY} at (8,21.44) size 784x576.44
      LayoutBlockFlow {H1} at (0,0) size 784x37
        LayoutText {#text} at (0,0) size 678x36
          text run at (0,0) width 678: "Bidirectional Text Test 2 - Formatting Characters"
      LayoutBlockFlow {P} at (0,58.44) size 784x20
        LayoutText {#text} at (0,0) size 126x19
          text run at (0,0) width 126: "This test is based on "
        LayoutInline {A} at (0,0) size 115x19 [color=#0000EE]
          LayoutText {#text} at (126,0) size 115x19
            text run at (126,0) width 115: "CSS2 section 9.10"
        LayoutText {#text} at (241,0) size 30x19
          text run at (241,0) width 30: " and "
        LayoutInline {A} at (0,0) size 61x19 [color=#0000EE]
          LayoutText {#text} at (271,0) size 61x19
            text run at (271,0) width 61: "Chapter 3"
        LayoutText {#text} at (332,0) size 42x19
          text run at (332,0) width 42: " of the "
        LayoutInline {A} at (0,0) size 110x19 [color=#0000EE]
          LayoutText {#text} at (374,0) size 110x19
            text run at (374,0) width 110: "Unicode Standard"
        LayoutText {#text} at (484,0) size 4x19
          text run at (484,0) width 4: "."
      LayoutBlockFlow {P} at (0,94.44) size 784x20
        LayoutText {#text} at (0,0) size 61x19
          text run at (0,0) width 61: "Note that "
        LayoutInline {A} at (0,0) size 285x19 [color=#0000EE]
          LayoutText {#text} at (61,0) size 285x19
            text run at (61,0) width 285: "Unicode in XML and other Markup Languages"
        LayoutText {#text} at (346,0) size 348x19
          text run at (346,0) width 348: " suggests that HTML UAs should ignore these characters."
      LayoutBlockFlow {P} at (0,130.44) size 784x20
        LayoutText {#text} at (0,0) size 267x19
          text run at (0,0) width 267: "In each box, all the lines should be the same."
      LayoutBlockFlow (anonymous) at (0,166.44) size 784x248
        LayoutBlockFlow {DIV} at (3,3) size 96x188 [border: (1px solid #008000)]
          LayoutBlockFlow {P} at (4,4) size 88x20
            LayoutText {#text} at (0,0) size 88x19
              text run at (0,0) width 88: "ABCDEFGHI"
          LayoutBlockFlow {P} at (4,24) size 88x20
            LayoutText {#text} at (0,0) size 88x19
              text run at (0,0) width 0 RTL: "\x{202C}"
              text run at (0,0) width 88: "\x{202B}ABCDEFGHI"
          LayoutBlockFlow {P} at (4,44) size 88x20
            LayoutText {#text} at (0,0) size 32x19
              text run at (0,0) width 32: "\x{202B}ABC"
            LayoutInline {SPAN} at (0,0) size 29x19
              LayoutText {#text} at (32,0) size 29x19
                text run at (32,0) width 29: "DEF"
            LayoutText {#text} at (0,0) size 88x19
              text run at (0,0) width 0 RTL: "\x{202C}"
              text run at (61,0) width 27: "GHI"
          LayoutBlockFlow {P} at (4,64) size 88x20
            LayoutText {#text} at (0,0) size 88x19
              text run at (0,0) width 0 RTL: "\x{202C}"
              text run at (0,0) width 88 RTL override: "\x{202E}IHGFEDCBA"
          LayoutBlockFlow {P} at (4,84) size 88x20
            LayoutText {#text} at (61,0) size 27x19
              text run at (61,0) width 27 RTL override: "\x{202E}IHG"
            LayoutInline {SPAN} at (0,0) size 29x19
              LayoutText {#text} at (32,0) size 29x19
                text run at (32,0) width 29 RTL override: "FED"
            LayoutText {#text} at (0,0) size 32x19
              text run at (0,0) width 0 RTL: "\x{202C}"
              text run at (0,0) width 32 RTL override: "CBA"
          LayoutBlockFlow {P} at (4,104) size 88x20
            LayoutText {#text} at (0,0) size 88x19
              text run at (0,0) width 0 RTL: "\x{202C}"
              text run at (0,0) width 32 RTL override: "\x{202C}CBA"
              text run at (32,0) width 29: "\x{202B}DEF"
              text run at (61,0) width 27 RTL override: "\x{202E}IHG"
          LayoutBlockFlow {P} at (4,124) size 88x20
            LayoutText {#text} at (0,0) size 88x19
              text run at (0,0) width 0 RTL: "\x{202C}"
              text run at (0,0) width 32 RTL override: "\x{202C}CBA"
              text run at (32,0) width 29 RTL override: "\x{202E}FED"
              text run at (61,0) width 27 RTL override: "\x{202E}IHG"
          LayoutBlockFlow {P} at (4,144) size 88x20
            LayoutText {#text} at (0,0) size 88x19
              text run at (0,0) width 0 RTL: "\x{202C}"
              text run at (0,0) width 32 RTL override: "\x{202C}CBA"
              text run at (32,0) width 29 RTL override: "\x{202E}FED"
              text run at (61,0) width 27 RTL override: "\x{202E}IHG"
          LayoutBlockFlow {P} at (4,164) size 88x20
            LayoutText {#text} at (0,0) size 88x19
              text run at (0,0) width 0 RTL: "\x{202C}"
              text run at (0,0) width 32 RTL override: "\x{202C}CBA"
              text run at (32,0) width 29 LTR override: "\x{202D}DEF"
              text run at (61,0) width 27 RTL override: "\x{202E}IHG"
        LayoutText {#text} at (102,85) size 4x19
          text run at (102,85) width 4: " "
        LayoutBlockFlow {DIV} at (109,53) size 28x88 [border: (1px solid #008000)]
          LayoutTable {TABLE} at (4,4) size 20x20
            LayoutTableSection {TBODY} at (0,0) size 20x20
              LayoutTableRow {TR} at (0,0) size 20x20
                LayoutTableCell {TD} at (0,0) size 5x20 [r=0 c=0 rs=1 cs=1]
                  LayoutText {#text} at (0,0) size 5x19
                    text run at (0,0) width 5 RTL: "\x{5D2}"
                LayoutTableCell {TD} at (5,0) size 7x20 [r=0 c=1 rs=1 cs=1]
                  LayoutText {#text} at (0,0) size 7x19
                    text run at (0,0) width 7 RTL: "\x{5D1}"
                LayoutTableCell {TD} at (12,0) size 8x20 [r=0 c=2 rs=1 cs=1]
                  LayoutText {#text} at (0,0) size 8x19
                    text run at (0,0) width 8 RTL: "\x{5D0}"
          LayoutBlockFlow {P} at (4,24) size 20x20
            LayoutText {#text} at (0,0) size 20x19
              text run at (0,0) width 20 RTL: "\x{5D0}\x{5D1}\x{5D2}"
          LayoutBlockFlow {P} at (4,44) size 20x20
            LayoutText {#text} at (0,0) size 20x19
              text run at (0,0) width 20 RTL: "\x{202A}\x{5D0}\x{5D1}\x{5D2}"
              text run at (20,0) width 0: "\x{202C}"
          LayoutBlockFlow {P} at (4,64) size 20x20
            LayoutText {#text} at (0,0) size 20x19
              text run at (0,0) width 20 LTR override: "\x{202D}\x{5D2}\x{5D1}\x{5D0}"
              text run at (20,0) width 0: "\x{202C}"
        LayoutText {#text} at (140,85) size 4x19
          text run at (140,85) width 4: " "
        LayoutBlockFlow {DIV} at (147,63) size 87x68 [border: (1px solid #008000)]
          LayoutTable {TABLE} at (4,4) size 79x20
            LayoutTableSection {TBODY} at (0,0) size 79x20
              LayoutTableRow {TR} at (0,0) size 79x20
                LayoutTableCell {TD} at (0,0) size 5x20 [r=0 c=0 rs=1 cs=1]
                  LayoutText {#text} at (0,0) size 5x19
                    text run at (0,0) width 5 RTL: "\x{5D2}"
                LayoutTableCell {TD} at (5,0) size 7x20 [r=0 c=1 rs=1 cs=1]
                  LayoutText {#text} at (0,0) size 7x19
                    text run at (0,0) width 7 RTL: "\x{5D1}"
                LayoutTableCell {TD} at (12,0) size 8x20 [r=0 c=2 rs=1 cs=1]
                  LayoutText {#text} at (0,0) size 8x19
                    text run at (0,0) width 8 RTL: "\x{5D0}"
                LayoutTableCell {TD} at (20,0) size 4x20 [r=0 c=3 rs=1 cs=1]
                  LayoutText {#text} at (0,0) size 4x19
                    text run at (0,0) width 4: " "
                LayoutTableCell {TD} at (24,0) size 11x20 [r=0 c=4 rs=1 cs=1]
                  LayoutText {#text} at (0,0) size 11x19
                    text run at (0,0) width 11: "A"
                LayoutTableCell {TD} at (35,0) size 10x20 [r=0 c=5 rs=1 cs=1]
                  LayoutText {#text} at (0,0) size 10x19
                    text run at (0,0) width 10: "B"
                LayoutTableCell {TD} at (45,0) size 11x20 [r=0 c=6 rs=1 cs=1]
                  LayoutText {#text} at (0,0) size 11x19
                    text run at (0,0) width 11: "C"
                LayoutTableCell {TD} at (56,0) size 4x20 [r=0 c=7 rs=1 cs=1]
                  LayoutText {#text} at (0,0) size 4x19
                    text run at (0,0) width 4: " "
                LayoutTableCell {TD} at (60,0) size 4x20 [r=0 c=8 rs=1 cs=1]
                  LayoutText {#text} at (0,0) size 4x19
                    text run at (0,0) width 4 RTL: "\x{5D5}"
                LayoutTableCell {TD} at (64,0) size 8x20 [r=0 c=9 rs=1 cs=1]
                  LayoutText {#text} at (0,0) size 8x19
                    text run at (0,0) width 8 RTL: "\x{5D4}"
                LayoutTableCell {TD} at (72,0) size 7x20 [r=0 c=10 rs=1 cs=1]
                  LayoutText {#text} at (0,0) size 7x19
                    text run at (0,0) width 7 RTL: "\x{5D3}"
          LayoutBlockFlow {P} at (4,24) size 79x20
            LayoutText {#text} at (0,0) size 79x19
              text run at (0,0) width 20 RTL: "\x{5D0}\x{5D1}\x{5D2}"
              text run at (20,0) width 40: " ABC "
              text run at (60,0) width 19 RTL: "\x{5D3}\x{5D4}\x{5D5}"
          LayoutBlockFlow {P} at (4,44) size 79x20
            LayoutText {#text} at (0,0) size 79x19
              text run at (0,0) width 24 RTL: " \x{5D0}\x{5D1}\x{5D2}"
              text run at (24,0) width 32: "ABC"
              text run at (56,0) width 23 RTL: "\x{5D3}\x{5D4}\x{5D5} "
        LayoutText {#text} at (237,85) size 4x19
          text run at (237,85) width 4: " "
        LayoutBlockFlow {DIV} at (244,3) size 145x188 [border: (1px solid #008000)]
          LayoutTable {TABLE} at (4,4) size 137x20
            LayoutTableSection {TBODY} at (0,0) size 137x20
              LayoutTableRow {TR} at (0,0) size 137x20
                LayoutTableCell {TD} at (0,0) size 5x20 [r=0 c=0 rs=1 cs=1]
                  LayoutText {#text} at (0,0) size 5x19
                    text run at (0,0) width 5 RTL: "\x{5D2}"
                LayoutTableCell {TD} at (5,0) size 7x20 [r=0 c=1 rs=1 cs=1]
                  LayoutText {#text} at (0,0) size 7x19
                    text run at (0,0) width 7 RTL: "\x{5D1}"
                LayoutTableCell {TD} at (12,0) size 8x20 [r=0 c=2 rs=1 cs=1]
                  LayoutText {#text} at (0,0) size 8x19
                    text run at (0,0) width 8 RTL: "\x{5D0}"
                LayoutTableCell {TD} at (20,0) size 4x20 [r=0 c=3 rs=1 cs=1]
                  LayoutText {#text} at (0,0) size 4x19
                    text run at (0,0) width 4: " "
                LayoutTableCell {TD} at (24,0) size 11x20 [r=0 c=4 rs=1 cs=1]
                  LayoutText {#text} at (0,0) size 11x19
                    text run at (0,0) width 11: "A"
                LayoutTableCell {TD} at (35,0) size 10x20 [r=0 c=5 rs=1 cs=1]
                  LayoutText {#text} at (0,0) size 10x19
                    text run at (0,0) width 10: "B"
                LayoutTableCell {TD} at (45,0) size 11x20 [r=0 c=6 rs=1 cs=1]
                  LayoutText {#text} at (0,0) size 11x19
                    text run at (0,0) width 11: "C"
                LayoutTableCell {TD} at (56,0) size 4x20 [r=0 c=7 rs=1 cs=1]
                  LayoutText {#text} at (0,0) size 4x19
                    text run at (0,0) width 4: " "
                LayoutTableCell {TD} at (60,0) size 4x20 [r=0 c=8 rs=1 cs=1]
                  LayoutText {#text} at (0,0) size 4x19
                    text run at (0,0) width 4 RTL: "\x{5D5}"
                LayoutTableCell {TD} at (64,0) size 8x20 [r=0 c=9 rs=1 cs=1]
                  LayoutText {#text} at (0,0) size 8x19
                    text run at (0,0) width 8 RTL: "\x{5D4}"
                LayoutTableCell {TD} at (72,0) size 7x20 [r=0 c=10 rs=1 cs=1]
                  LayoutText {#text} at (0,0) size 7x19
                    text run at (0,0) width 7 RTL: "\x{5D3}"
                LayoutTableCell {TD} at (79,0) size 4x20 [r=0 c=11 rs=1 cs=1]
                  LayoutText {#text} at (0,0) size 4x19
                    text run at (0,0) width 4: " "
                LayoutTableCell {TD} at (83,0) size 11x20 [r=0 c=12 rs=1 cs=1]
                  LayoutText {#text} at (0,0) size 11x19
                    text run at (0,0) width 11: "D"
                LayoutTableCell {TD} at (94,0) size 9x20 [r=0 c=13 rs=1 cs=1]
                  LayoutText {#text} at (0,0) size 9x19
                    text run at (0,0) width 9: "E"
                LayoutTableCell {TD} at (103,0) size 9x20 [r=0 c=14 rs=1 cs=1]
                  LayoutText {#text} at (0,0) size 9x19
                    text run at (0,0) width 9: "F"
                LayoutTableCell {TD} at (112,0) size 4x20 [r=0 c=15 rs=1 cs=1]
                  LayoutText {#text} at (0,0) size 4x19
                    text run at (0,0) width 4: " "
                LayoutTableCell {TD} at (116,0) size 8x20 [r=0 c=16 rs=1 cs=1]
                  LayoutText {#text} at (0,0) size 8x19
                    text run at (0,0) width 8 RTL: "\x{5D8}"
                LayoutTableCell {TD} at (124,0) size 8x20 [r=0 c=17 rs=1 cs=1]
                  LayoutText {#text} at (0,0) size 8x19
                    text run at (0,0) width 8 RTL: "\x{5D7}"
                LayoutTableCell {TD} at (132,0) size 5x20 [r=0 c=18 rs=1 cs=1]
                  LayoutText {#text} at (0,0) size 5x19
                    text run at (0,0) width 5 RTL: "\x{5D6}"
          LayoutBlockFlow {P} at (4,24) size 137x20
            LayoutText {#text} at (0,0) size 137x19
              text run at (0,0) width 20 RTL: "\x{5D0}\x{5D1}\x{5D2}"
              text run at (20,0) width 40: " ABC "
              text run at (60,0) width 19 RTL: "\x{5D3}\x{5D4}\x{5D5}"
              text run at (79,0) width 37: " DEF "
              text run at (116,0) width 21 RTL: "\x{5D6}\x{5D7}\x{5D8}"
          LayoutBlockFlow {P} at (4,44) size 137x20
            LayoutText {#text} at (0,0) size 24x19
              text run at (0,0) width 20 RTL: "\x{5D0}\x{5D1}\x{5D2}"
              text run at (20,0) width 4: " "
            LayoutInline {SPAN} at (0,0) size 55x19
              LayoutText {#text} at (24,0) size 55x19
                text run at (24,0) width 36: "ABC "
                text run at (60,0) width 19 RTL: "\x{5D3}\x{5D4}\x{5D5}"
            LayoutText {#text} at (79,0) size 58x19
              text run at (79,0) width 37: " DEF "
              text run at (116,0) width 21 RTL: "\x{5D6}\x{5D7}\x{5D8}"
          LayoutBlockFlow {P} at (4,64) size 137x20
            LayoutText {#text} at (0,0) size 137x19
              text run at (0,0) width 20 RTL: "\x{5D0}\x{5D1}\x{5D2}"
              text run at (20,0) width 4: " "
              text run at (24,0) width 36: "\x{202A}ABC "
              text run at (60,0) width 19 RTL: "\x{5D3}\x{5D4}\x{5D5}"
              text run at (79,0) width 33: " DEF"
              text run at (112,0) width 4: "\x{202C} "
              text run at (116,0) width 21 RTL: "\x{5D6}\x{5D7}\x{5D8}"
          LayoutBlockFlow {P} at (4,84) size 137x20
            LayoutText {#text} at (0,0) size 137x19
              text run at (0,0) width 24 RTL: "\x{202C} \x{5D0}\x{5D1}\x{5D2}"
              text run at (24,0) width 32: "ABC"
              text run at (56,0) width 27 RTL: " \x{5D3}\x{5D4}\x{5D5} "
              text run at (83,0) width 29: "\x{202B}DEF"
              text run at (112,0) width 25 RTL: "\x{5D6}\x{5D7}\x{5D8} "
          LayoutBlockFlow {P} at (4,104) size 137x20
            LayoutText {#text} at (0,0) size 137x19
              text run at (0,0) width 24 RTL: " \x{5D0}\x{5D1}\x{5D2}"
              text run at (24,0) width 32: "\x{202B}ABC"
              text run at (56,0) width 23 RTL: "\x{5D3}\x{5D4}\x{5D5} "
              text run at (79,0) width 37: "\x{202C} DEF "
              text run at (116,0) width 21 RTL: "\x{5D6}\x{5D7}\x{5D8}"
          LayoutBlockFlow {P} at (4,124) size 137x20
            LayoutText {#text} at (0,0) size 137x19
              text run at (0,0) width 56 RTL override: "\x{202E}CBA \x{5D0}\x{5D1}\x{5D2}"
              text run at (56,0) width 23 RTL: "\x{5D3}\x{5D4}\x{5D5} "
              text run at (79,0) width 37: "\x{202C} DEF "
              text run at (116,0) width 21 RTL: "\x{5D6}\x{5D7}\x{5D8}"
          LayoutBlockFlow {P} at (4,144) size 137x20
            LayoutText {#text} at (0,0) size 137x19
              text run at (0,0) width 20 RTL: "\x{5D0}\x{5D1}\x{5D2}"
              text run at (20,0) width 4: " "
              text run at (24,0) width 55 LTR override: "\x{202D}ABC \x{5D5}\x{5D4}\x{5D3}"
              text run at (79,0) width 37: "\x{202C} DEF "
              text run at (116,0) width 21 RTL: "\x{5D6}\x{5D7}\x{5D8}"
          LayoutBlockFlow {P} at (4,164) size 137x20
            LayoutText {#text} at (0,0) size 137x19
              text run at (0,0) width 24 RTL: " \x{5D0}\x{5D1}\x{5D2}"
              text run at (24,0) width 55 LTR override: "\x{202D}ABC \x{5D5}\x{5D4}\x{5D3}"
              text run at (79,0) width 33: "\x{202C} DEF"
              text run at (112,0) width 25 RTL: "\x{5D6}\x{5D7}\x{5D8} "
        LayoutText {#text} at (392,85) size 4x19
          text run at (392,85) width 4: " "
        LayoutBlockFlow {DIV} at (399,73) size 176x48 [border: (1px solid #008000)]
          LayoutTable {TABLE} at (4,4) size 168x20
            LayoutTableSection {TBODY} at (0,0) size 168x20
              LayoutTableRow {TR} at (0,0) size 168x20
                LayoutTableCell {TD} at (0,0) size 5x20 [r=0 c=0 rs=1 cs=1]
                  LayoutText {#text} at (0,0) size 5x19
                    text run at (0,0) width 5 RTL: "\x{5D2}"
                LayoutTableCell {TD} at (5,0) size 7x20 [r=0 c=1 rs=1 cs=1]
                  LayoutText {#text} at (0,0) size 7x19
                    text run at (0,0) width 7 RTL: "\x{5D1}"
                LayoutTableCell {TD} at (12,0) size 8x20 [r=0 c=2 rs=1 cs=1]
                  LayoutText {#text} at (0,0) size 8x19
                    text run at (0,0) width 8 RTL: "\x{5D0}"
                LayoutTableCell {TD} at (20,0) size 4x20 [r=0 c=3 rs=1 cs=1]
                  LayoutText {#text} at (0,0) size 4x19
                    text run at (0,0) width 4: " "
                LayoutTableCell {TD} at (24,0) size 11x20 [r=0 c=4 rs=1 cs=1]
                  LayoutText {#text} at (0,0) size 11x19
                    text run at (0,0) width 11: "A"
                LayoutTableCell {TD} at (35,0) size 10x20 [r=0 c=5 rs=1 cs=1]
                  LayoutText {#text} at (0,0) size 10x19
                    text run at (0,0) width 10: "B"
                LayoutTableCell {TD} at (45,0) size 11x20 [r=0 c=6 rs=1 cs=1]
                  LayoutText {#text} at (0,0) size 11x19
                    text run at (0,0) width 11: "C"
                LayoutTableCell {TD} at (56,0) size 4x20 [r=0 c=7 rs=1 cs=1]
                  LayoutText {#text} at (0,0) size 4x19
                    text run at (0,0) width 4: " "
                LayoutTableCell {TD} at (60,0) size 4x20 [r=0 c=8 rs=1 cs=1]
                  LayoutText {#text} at (0,0) size 4x19
                    text run at (0,0) width 4 RTL: "\x{5D5}"
                LayoutTableCell {TD} at (64,0) size 8x20 [r=0 c=9 rs=1 cs=1]
                  LayoutText {#text} at (0,0) size 8x19
                    text run at (0,0) width 8 RTL: "\x{5D4}"
                LayoutTableCell {TD} at (72,0) size 7x20 [r=0 c=10 rs=1 cs=1]
                  LayoutText {#text} at (0,0) size 7x19
                    text run at (0,0) width 7 RTL: "\x{5D3}"
                LayoutTableCell {TD} at (79,0) size 4x20 [r=0 c=11 rs=1 cs=1]
                  LayoutText {#text} at (0,0) size 4x19
                    text run at (0,0) width 4: " "
                LayoutTableCell {TD} at (83,0) size 11x20 [r=0 c=12 rs=1 cs=1]
                  LayoutText {#text} at (0,0) size 11x19
                    text run at (0,0) width 11: "D"
                LayoutTableCell {TD} at (94,0) size 9x20 [r=0 c=13 rs=1 cs=1]
                  LayoutText {#text} at (0,0) size 9x19
                    text run at (0,0) width 9: "E"
                LayoutTableCell {TD} at (103,0) size 9x20 [r=0 c=14 rs=1 cs=1]
                  LayoutText {#text} at (0,0) size 9x19
                    text run at (0,0) width 9: "F"
                LayoutTableCell {TD} at (112,0) size 4x20 [r=0 c=15 rs=1 cs=1]
                  LayoutText {#text} at (0,0) size 4x19
                    text run at (0,0) width 4: " "
                LayoutTableCell {TD} at (116,0) size 11x20 [r=0 c=16 rs=1 cs=1]
                  LayoutText {#text} at (0,0) size 11x19
                    text run at (0,0) width 11: "G"
                LayoutTableCell {TD} at (127,0) size 11x20 [r=0 c=17 rs=1 cs=1]
                  LayoutText {#text} at (0,0) size 11x19
                    text run at (0,0) width 11: "H"
                LayoutTableCell {TD} at (138,0) size 5x20 [r=0 c=18 rs=1 cs=1]
                  LayoutText {#text} at (0,0) size 5x19
                    text run at (0,0) width 5: "I"
                LayoutTableCell {TD} at (143,0) size 4x20 [r=0 c=19 rs=1 cs=1]
                  LayoutText {#text} at (0,0) size 4x19
                    text run at (0,0) width 4: " "
                LayoutTableCell {TD} at (147,0) size 8x20 [r=0 c=20 rs=1 cs=1]
                  LayoutText {#text} at (0,0) size 8x19
                    text run at (0,0) width 8 RTL: "\x{5D8}"
                LayoutTableCell {TD} at (155,0) size 8x20 [r=0 c=21 rs=1 cs=1]
                  LayoutText {#text} at (0,0) size 8x19
                    text run at (0,0) width 8 RTL: "\x{5D7}"
                LayoutTableCell {TD} at (163,0) size 5x20 [r=0 c=22 rs=1 cs=1]
                  LayoutText {#text} at (0,0) size 5x19
                    text run at (0,0) width 5 RTL: "\x{5D6}"
          LayoutBlockFlow {P} at (4,24) size 168x20
            LayoutText {#text} at (0,0) size 168x19
              text run at (0,0) width 20 RTL: "\x{5D0}\x{5D1}\x{5D2}"
              text run at (20,0) width 40: " ABC "
              text run at (60,0) width 19 RTL: "\x{5D3}\x{5D4}\x{5D5}"
              text run at (79,0) width 68: " DEF GHI "
              text run at (147,0) width 21 RTL: "\x{5D6}\x{5D7}\x{5D8}"
        LayoutText {#text} at (578,85) size 4x19
          text run at (578,85) width 4: " "
        LayoutBR {BR} at (582,85) size 0x19
        LayoutBlockFlow {DIV} at (3,197) size 176x48 [border: (1px solid #008000)]
          LayoutTable {TABLE} at (4,4) size 168x20
            LayoutTableSection {TBODY} at (0,0) size 168x20
              LayoutTableRow {TR} at (0,0) size 168x20
                LayoutTableCell {TD} at (0,0) size 9x20 [r=0 c=0 rs=1 cs=1]
                  LayoutText {#text} at (0,0) size 9x19
                    text run at (0,0) width 9: "F"
                LayoutTableCell {TD} at (9,0) size 9x20 [r=0 c=1 rs=1 cs=1]
                  LayoutText {#text} at (0,0) size 9x19
                    text run at (0,0) width 9: "E"
                LayoutTableCell {TD} at (18,0) size 11x20 [r=0 c=2 rs=1 cs=1]
                  LayoutText {#text} at (0,0) size 11x19
                    text run at (0,0) width 11: "D"
                LayoutTableCell {TD} at (29,0) size 4x20 [r=0 c=3 rs=1 cs=1]
                  LayoutText {#text} at (0,0) size 4x19
                    text run at (0,0) width 4: " "
                LayoutTableCell {TD} at (33,0) size 4x20 [r=0 c=4 rs=1 cs=1]
                  LayoutText {#text} at (0,0) size 4x19
                    text run at (0,0) width 4 RTL: "\x{5D5}"
                LayoutTableCell {TD} at (37,0) size 8x20 [r=0 c=5 rs=1 cs=1]
                  LayoutText {#text} at (0,0) size 8x19
                    text run at (0,0) width 8 RTL: "\x{5D4}"
                LayoutTableCell {TD} at (45,0) size 7x20 [r=0 c=6 rs=1 cs=1]
                  LayoutText {#text} at (0,0) size 7x19
                    text run at (0,0) width 7 RTL: "\x{5D3}"
                LayoutTableCell {TD} at (52,0) size 4x20 [r=0 c=7 rs=1 cs=1]
                  LayoutText {#text} at (0,0) size 4x19
                    text run at (0,0) width 4: " "
                LayoutTableCell {TD} at (56,0) size 11x20 [r=0 c=8 rs=1 cs=1]
                  LayoutText {#text} at (0,0) size 11x19
                    text run at (0,0) width 11: "C"
                LayoutTableCell {TD} at (67,0) size 10x20 [r=0 c=9 rs=1 cs=1]
                  LayoutText {#text} at (0,0) size 10x19
                    text run at (0,0) width 10: "B"
                LayoutTableCell {TD} at (77,0) size 11x20 [r=0 c=10 rs=1 cs=1]
                  LayoutText {#text} at (0,0) size 11x19
                    text run at (0,0) width 11: "A"
                LayoutTableCell {TD} at (88,0) size 4x20 [r=0 c=11 rs=1 cs=1]
                  LayoutText {#text} at (0,0) size 4x19
                    text run at (0,0) width 4: " "
                LayoutTableCell {TD} at (92,0) size 5x20 [r=0 c=12 rs=1 cs=1]
                  LayoutText {#text} at (0,0) size 5x19
                    text run at (0,0) width 5 RTL: "\x{5D2}"
                LayoutTableCell {TD} at (97,0) size 7x20 [r=0 c=13 rs=1 cs=1]
                  LayoutText {#text} at (0,0) size 7x19
                    text run at (0,0) width 7 RTL: "\x{5D1}"
                LayoutTableCell {TD} at (104,0) size 8x20 [r=0 c=14 rs=1 cs=1]
                  LayoutText {#text} at (0,0) size 8x19
                    text run at (0,0) width 8 RTL: "\x{5D0}"
                LayoutTableCell {TD} at (112,0) size 4x20 [r=0 c=15 rs=1 cs=1]
                  LayoutText {#text} at (0,0) size 4x19
                    text run at (0,0) width 4: " "
                LayoutTableCell {TD} at (116,0) size 11x20 [r=0 c=16 rs=1 cs=1]
                  LayoutText {#text} at (0,0) size 11x19
                    text run at (0,0) width 11: "G"
                LayoutTableCell {TD} at (127,0) size 11x20 [r=0 c=17 rs=1 cs=1]
                  LayoutText {#text} at (0,0) size 11x19
                    text run at (0,0) width 11: "H"
                LayoutTableCell {TD} at (138,0) size 5x20 [r=0 c=18 rs=1 cs=1]
                  LayoutText {#text} at (0,0) size 5x19
                    text run at (0,0) width 5: "I"
                LayoutTableCell {TD} at (143,0) size 4x20 [r=0 c=19 rs=1 cs=1]
                  LayoutText {#text} at (0,0) size 4x19
                    text run at (0,0) width 4: " "
                LayoutTableCell {TD} at (147,0) size 8x20 [r=0 c=20 rs=1 cs=1]
                  LayoutText {#text} at (0,0) size 8x19
                    text run at (0,0) width 8 RTL: "\x{5D8}"
                LayoutTableCell {TD} at (155,0) size 8x20 [r=0 c=21 rs=1 cs=1]
                  LayoutText {#text} at (0,0) size 8x19
                    text run at (0,0) width 8 RTL: "\x{5D7}"
                LayoutTableCell {TD} at (163,0) size 5x20 [r=0 c=22 rs=1 cs=1]
                  LayoutText {#text} at (0,0) size 5x19
                    text run at (0,0) width 5 RTL: "\x{5D6}"
          LayoutBlockFlow {P} at (4,24) size 168x20
            LayoutText {#text} at (0,0) size 168x19
              text run at (0,0) width 88 RTL override: "\x{202E}ABC \x{5D3}\x{5D4}\x{5D5} DEF"
              text run at (88,0) width 24 RTL: "\x{5D0}\x{5D1}\x{5D2} "
              text run at (112,0) width 35: "\x{202C} GHI "
              text run at (147,0) width 21 RTL: "\x{5D6}\x{5D7}\x{5D8}"
        LayoutText {#text} at (182,209) size 4x19
          text run at (182,209) width 4: " "
        LayoutBlockFlow {DIV} at (189,197) size 176x48 [border: (1px solid #008000)]
          LayoutTable {TABLE} at (4,4) size 168x20
            LayoutTableSection {TBODY} at (0,0) size 168x20
              LayoutTableRow {TR} at (0,0) size 168x20
                LayoutTableCell {TD} at (0,0) size 5x20 [r=0 c=0 rs=1 cs=1]
                  LayoutText {#text} at (0,0) size 5x19
                    text run at (0,0) width 5 RTL: "\x{5D2}"
                LayoutTableCell {TD} at (5,0) size 7x20 [r=0 c=1 rs=1 cs=1]
                  LayoutText {#text} at (0,0) size 7x19
                    text run at (0,0) width 7 RTL: "\x{5D1}"
                LayoutTableCell {TD} at (12,0) size 8x20 [r=0 c=2 rs=1 cs=1]
                  LayoutText {#text} at (0,0) size 8x19
                    text run at (0,0) width 8 RTL: "\x{5D0}"
                LayoutTableCell {TD} at (20,0) size 4x20 [r=0 c=3 rs=1 cs=1]
                  LayoutText {#text} at (0,0) size 4x19
                    text run at (0,0) width 4: " "
                LayoutTableCell {TD} at (24,0) size 11x20 [r=0 c=4 rs=1 cs=1]
                  LayoutText {#text} at (0,0) size 11x19
                    text run at (0,0) width 11: "A"
                LayoutTableCell {TD} at (35,0) size 10x20 [r=0 c=5 rs=1 cs=1]
                  LayoutText {#text} at (0,0) size 10x19
                    text run at (0,0) width 10: "B"
                LayoutTableCell {TD} at (45,0) size 11x20 [r=0 c=6 rs=1 cs=1]
                  LayoutText {#text} at (0,0) size 11x19
                    text run at (0,0) width 11: "C"
                LayoutTableCell {TD} at (56,0) size 4x20 [r=0 c=7 rs=1 cs=1]
                  LayoutText {#text} at (0,0) size 4x19
                    text run at (0,0) width 4: " "
                LayoutTableCell {TD} at (60,0) size 9x20 [r=0 c=8 rs=1 cs=1]
                  LayoutText {#text} at (0,0) size 9x19
                    text run at (0,0) width 9: "F"
                LayoutTableCell {TD} at (69,0) size 9x20 [r=0 c=9 rs=1 cs=1]
                  LayoutText {#text} at (0,0) size 9x19
                    text run at (0,0) width 9: "E"
                LayoutTableCell {TD} at (78,0) size 11x20 [r=0 c=10 rs=1 cs=1]
                  LayoutText {#text} at (0,0) size 11x19
                    text run at (0,0) width 11: "D"
                LayoutTableCell {TD} at (89,0) size 4x20 [r=0 c=11 rs=1 cs=1]
                  LayoutText {#text} at (0,0) size 4x19
                    text run at (0,0) width 4: " "
                LayoutTableCell {TD} at (93,0) size 4x20 [r=0 c=12 rs=1 cs=1]
                  LayoutText {#text} at (0,0) size 4x19
                    text run at (0,0) width 4 RTL: "\x{5D5}"
                LayoutTableCell {TD} at (97,0) size 8x20 [r=0 c=13 rs=1 cs=1]
                  LayoutText {#text} at (0,0) size 8x19
                    text run at (0,0) width 8 RTL: "\x{5D4}"
                LayoutTableCell {TD} at (105,0) size 7x20 [r=0 c=14 rs=1 cs=1]
                  LayoutText {#text} at (0,0) size 7x19
                    text run at (0,0) width 7 RTL: "\x{5D3}"
                LayoutTableCell {TD} at (112,0) size 4x20 [r=0 c=15 rs=1 cs=1]
                  LayoutText {#text} at (0,0) size 4x19
                    text run at (0,0) width 4: " "
                LayoutTableCell {TD} at (116,0) size 11x20 [r=0 c=16 rs=1 cs=1]
                  LayoutText {#text} at (0,0) size 11x19
                    text run at (0,0) width 11: "G"
                LayoutTableCell {TD} at (127,0) size 11x20 [r=0 c=17 rs=1 cs=1]
                  LayoutText {#text} at (0,0) size 11x19
                    text run at (0,0) width 11: "H"
                LayoutTableCell {TD} at (138,0) size 5x20 [r=0 c=18 rs=1 cs=1]
                  LayoutText {#text} at (0,0) size 5x19
                    text run at (0,0) width 5: "I"
                LayoutTableCell {TD} at (143,0) size 4x20 [r=0 c=19 rs=1 cs=1]
                  LayoutText {#text} at (0,0) size 4x19
                    text run at (0,0) width 4: " "
                LayoutTableCell {TD} at (147,0) size 8x20 [r=0 c=20 rs=1 cs=1]
                  LayoutText {#text} at (0,0) size 8x19
                    text run at (0,0) width 8 RTL: "\x{5D8}"
                LayoutTableCell {TD} at (155,0) size 8x20 [r=0 c=21 rs=1 cs=1]
                  LayoutText {#text} at (0,0) size 8x19
                    text run at (0,0) width 8 RTL: "\x{5D7}"
                LayoutTableCell {TD} at (163,0) size 5x20 [r=0 c=22 rs=1 cs=1]
                  LayoutText {#text} at (0,0) size 5x19
                    text run at (0,0) width 5 RTL: "\x{5D6}"
          LayoutBlockFlow {P} at (4,24) size 168x20
            LayoutText {#text} at (0,0) size 168x19
              text run at (0,0) width 20 RTL: "\x{5D0}\x{5D1}\x{5D2}"
              text run at (20,0) width 40: " ABC "
              text run at (60,0) width 52 RTL override: "\x{202E}\x{5D3}\x{5D4}\x{5D5} DEF"
              text run at (112,0) width 35: "\x{202C} GHI "
              text run at (147,0) width 21 RTL: "\x{5D6}\x{5D7}\x{5D8}"
        LayoutText {#text} at (0,0) size 0x0
      LayoutBlockFlow {P} at (0,430.44) size 784x20
        LayoutText {#text} at (0,0) size 355x19
          text run at (0,0) width 38: "Note: "
          text run at (38,0) width 317: "This test does not test RLM or LRM, but it ought to."
      LayoutBlockFlow {HR} at (0,466.44) size 784x2 [border: (1px inset #EEEEEE)]
      LayoutBlockFlow {P} at (0,484.44) size 784x20
        LayoutText {#text} at (0,0) size 57x19
          text run at (0,0) width 57: "(Back to "
        LayoutInline {A} at (0,0) size 148x19 [color=#0000EE]
          LayoutText {#text} at (57,0) size 148x19
            text run at (57,0) width 148: "CSS Testing Information"
        LayoutText {#text} at (204,0) size 9x19
          text run at (204,0) width 9: ", "
        LayoutInline {A} at (0,0) size 78x19 [color=#0000EE]
          LayoutText {#text} at (212,0) size 78x19
            text run at (212,0) width 78: "David Baron"
        LayoutText {#text} at (289,0) size 6x19
          text run at (289,0) width 6: ")"
      LayoutBlockFlow {P} at (0,520.44) size 784x20
        LayoutInline {A} at (0,0) size 30x19 [color=#0000EE]
          LayoutText {#text} at (0,0) size 30x19
            text run at (0,0) width 30: "LDB"
        LayoutText {#text} at (30,0) size 8x19
          text run at (30,0) width 8: ", "
        LayoutInline {A} at (0,0) size 125x19 [color=#0000EE]
          LayoutText {#text} at (38,0) size 125x19
            text run at (38,0) width 125: "dbaron@dbaron.org"
        LayoutText {#text} at (162,0) size 85x19
          text run at (162,0) width 85: ", 2001-06-05"
      LayoutBlockFlow {P} at (0,556.44) size 784x20
        LayoutText {#text} at (0,0) size 289x19
          text run at (0,0) width 289: "Modified and used with the author\x{2019}s permission."
