layer at (0,0) size 800x600
  LayoutView at (0,0) size 800x600
layer at (0,0) size 800x600
  LayoutBlockFlow {HTML} at (0,0) size 800x600
    LayoutBlockFlow {BODY} at (8,8) size 784x576
      LayoutBlockFlow {P} at (0,0) size 784x20
        LayoutText {#text} at (0,0) size 535x19
          text run at (0,0) width 535: "Mitz Pettel contributed this fix to KDE, and now we're rolling it in. Here's his explanation:"
      LayoutBlockFlow {P} at (0,36) size 784x80
        LayoutText {#text} at (0,0) size 777x79
          text run at (0,0) width 777: "The directionality of a neutral character at the beginning of a paragraph (or after a hard line break) is decided incorrectly if the first"
          text run at (0,20) width 757: "non-neutral character in the paragraph has directionality opposite to the paragraph directionality. For example, if the paragraph"
          text run at (0,40) width 775: "direction is LTR, the first character on the paragraph is a question mark and the next one is a Hebrew character, then the question"
          text run at (0,60) width 511: "mark will is considered right-to-left and appears to the right of the Hebrew character."
      LayoutBlockFlow {P} at (0,132) size 784x40
        LayoutText {#text} at (0,0) size 480x19
          text run at (0,0) width 480: "The rule to follow is 3.3.4.N2 in the Unicode Standard's Bidirectional Algorithm"
        LayoutInline {A} at (0,0) size 376x19 [color=#0000EE]
          LayoutText {#text} at (0,20) size 376x19
            text run at (0,20) width 376: "http://www.unicode.org/reports/tr9/#Resolving_Neutral_Types"
        LayoutText {#text} at (375,20) size 5x19
          text run at (375,20) width 5: "."
      LayoutBlockFlow {P} at (0,188) size 784x20
        LayoutText {#text} at (0,0) size 644x19
          text run at (0,0) width 644: "If the test is successful, the question marks should be on the far left and far right of the next two paragraphs."
      LayoutBlockFlow {P} at (0,224) size 784x20
        LayoutText {#text} at (0,0) size 63x19
          text run at (0,0) width 11: "? "
          text run at (11,0) width 24 RTL: "\x{FEB2} \x{FEED}"
          text run at (35,0) width 28: "hello"
      LayoutBlockFlow {P} at (0,260) size 784x20
        LayoutText {#text} at (717,0) size 67x19
          text run at (717,0) width 28 RTL: " \x{FEB2} \x{FEED}"
          text run at (745,0) width 28: "hello"
          text run at (773,0) width 11 RTL: "? "
