layer at (0,0) size 800x600
  LayoutView at (0,0) size 800x600
layer at (0,0) size 800x371
  LayoutBlockFlow {HTML} at (0,0) size 800x371
    LayoutBlockFlow {BODY} at (8,8) size 784x355
      LayoutBlockFlow (anonymous) at (0,0) size 784x60
        LayoutText {#text} at (0,0) size 311x19
          text run at (0,0) width 311: "Tests if glyph caches of different languages interfere."
        LayoutBR {BR} at (310,0) size 1x19
        LayoutText {#text} at (0,20) size 781x39
          text run at (0,20) width 781: "On systems that the locales have different font preferences, the following divs should be displayed in corresponding preferred fonts"
          text run at (0,40) width 74: "respectively."
        LayoutBR {BR} at (73,40) size 1x19
      LayoutBlockFlow {DIV} at (0,60) size 784x100
        LayoutBlockFlow (anonymous) at (0,0) size 784x20
          LayoutText {#text} at (0,0) size 114x19
            text run at (0,0) width 114: "Default font-family:"
        LayoutBlockFlow {DIV} at (0,20) size 784x20
          LayoutText {#text} at (0,0) size 166x19
            text run at (0,0) width 166: "Simplified Chinese: \x{8AA4}\x{904E}\x{9AA8}"
        LayoutBlockFlow {DIV} at (0,40) size 784x20
          LayoutText {#text} at (0,0) size 171x19
            text run at (0,0) width 171: "Traditional Chinese: \x{8AA4}\x{904E}\x{9AA8}"
        LayoutBlockFlow {DIV} at (0,60) size 784x20
          LayoutText {#text} at (0,0) size 110x19
            text run at (0,0) width 110: "Japanese: \x{8AA4}\x{904E}\x{9AA8}"
        LayoutBlockFlow {DIV} at (0,80) size 784x20
          LayoutText {#text} at (0,0) size 101x19
            text run at (0,0) width 101: "Korean: \x{8AA4}\x{904E}\x{9AA8}"
      LayoutBlockFlow {DIV} at (0,160) size 784x95
        LayoutBlockFlow (anonymous) at (0,0) size 784x19
          LayoutText {#text} at (0,0) size 215x18
            text run at (0,0) width 215: "Generic font-family (sans-serif):"
        LayoutBlockFlow {DIV} at (0,19) size 784x19
          LayoutText {#text} at (0,0) size 188x18
            text run at (0,0) width 188: "Simplified Chinese: \x{8AA4}\x{904E}\x{9AA8}"
        LayoutBlockFlow {DIV} at (0,38) size 784x19
          LayoutText {#text} at (0,0) size 191x18
            text run at (0,0) width 191: "Traditional Chinese: \x{8AA4}\x{904E}\x{9AA8}"
        LayoutBlockFlow {DIV} at (0,57) size 784x19
          LayoutText {#text} at (0,0) size 125x18
            text run at (0,0) width 125: "Japanese: \x{8AA4}\x{904E}\x{9AA8}"
        LayoutBlockFlow {DIV} at (0,76) size 784x19
          LayoutText {#text} at (0,0) size 107x18
            text run at (0,0) width 107: "Korean: \x{8AA4}\x{904E}\x{9AA8}"
      LayoutBlockFlow {DIV} at (0,255) size 784x100
        LayoutBlockFlow (anonymous) at (0,0) size 784x20
          LayoutText {#text} at (0,0) size 278x19
            text run at (0,0) width 278: "Non-generic font-family (Times New Roman):"
        LayoutBlockFlow {DIV} at (0,20) size 784x20
          LayoutText {#text} at (0,0) size 166x19
            text run at (0,0) width 166: "Simplified Chinese: \x{8AA4}\x{904E}\x{9AA8}"
        LayoutBlockFlow {DIV} at (0,40) size 784x20
          LayoutText {#text} at (0,0) size 171x19
            text run at (0,0) width 171: "Traditional Chinese: \x{8AA4}\x{904E}\x{9AA8}"
        LayoutBlockFlow {DIV} at (0,60) size 784x20
          LayoutText {#text} at (0,0) size 110x19
            text run at (0,0) width 110: "Japanese: \x{8AA4}\x{904E}\x{9AA8}"
        LayoutBlockFlow {DIV} at (0,80) size 784x20
          LayoutText {#text} at (0,0) size 101x19
            text run at (0,0) width 101: "Korean: \x{8AA4}\x{904E}\x{9AA8}"
