layer at (0,0) size 800x600
  LayoutView at (0,0) size 800x600
layer at (0,0) size 800x75
  LayoutBlockFlow {HTML} at (0,0) size 800x75
    LayoutBlockFlow {BODY} at (8,8) size 784x59
      LayoutBlockFlow {DIV} at (0,0) size 784x20
        LayoutText {#text} at (0,0) size 587x19
          text run at (0,0) width 587: "The following line and the SELECT element should have same text, and no characters are lacking."
      LayoutBlockFlow {DIV} at (0,20) size 784x19
        LayoutText {#text} at (676,0) size 108x18
          text run at (676,0) width 108 RTL: "\x{627}\x{644}\x{627}\x{642}\x{62A}\x{631}\x{627}\x{62D}\x{627}\x{62A} / \x{627}\x{644}\x{634}\x{643}\x{627}\x{648}\x{64A}"
      LayoutBlockFlow (anonymous) at (0,39) size 784x20
        LayoutMenuList {SELECT} at (668,0) size 116x20 [bgcolor=#C0C0C0] [border: (1px solid #A9A9A9)]
          LayoutBlockFlow (anonymous) at (1,1) size 114x18
            LayoutText (anonymous) at (19,1) size 91x16
              text run at (19,1) width 91 RTL: "\x{627}\x{644}\x{627}\x{642}\x{62A}\x{631}\x{627}\x{62D}\x{627}\x{62A} / \x{627}\x{644}\x{634}\x{643}\x{627}\x{648}\x{64A}"
        LayoutText {#text} at (0,0) size 0x0
