layer at (0,0) size 800x600
  LayoutView at (0,0) size 800x600
layer at (0,0) size 800x532
  LayoutBlockFlow {HTML} at (0,0) size 800x532
    LayoutBlockFlow {BODY} at (8,16) size 784x508
      LayoutBlockFlow {P} at (0,0) size 784x20
        LayoutText {#text} at (0,0) size 659x19
          text run at (0,0) width 457: "Verify that the alignment and writing direction of each selected item matches "
          text run at (456,0) width 203: "the one below the pop-up button."
      LayoutBlockFlow {DIV} at (0,36) size 784x236
        LayoutMenuList {SELECT} at (0,0) size 500x23 [bgcolor=#C0C0C0] [border: (1px solid #A9A9A9)]
          LayoutBlockFlow (anonymous) at (1,1) size 498x21
            LayoutText (anonymous) at (4,1) size 170x18
              text run at (4,1) width 35: "First "
              text run at (39,1) width 50 RTL: ") \x{5E8}\x{5D1}\x{5D9}\x{5E2}\x{5D9}\x{5EA}"
              text run at (89,1) width 18: "03"
              text run at (107,1) width 39 RTL: "\x{5E9}\x{5E0}\x{5D9}\x{5D4} ("
              text run at (146,1) width 28: " fifth"
        LayoutBlockFlow {DIV} at (0,23) size 470x36
          LayoutText {#text} at (10,10) size 130x15
            text run at (10,10) width 27: "First "
            text run at (37,10) width 38 RTL: ") \x{5E8}\x{5D1}\x{5D9}\x{5E2}\x{5D9}\x{5EA}"
            text run at (75,10) width 12: "03"
            text run at (87,10) width 28 RTL: "\x{5E9}\x{5E0}\x{5D9}\x{5D4} ("
            text run at (115,10) width 25: " fifth"
        LayoutMenuList {SELECT} at (0,59) size 500x23 [bgcolor=#C0C0C0] [border: (1px solid #A9A9A9)]
          LayoutBlockFlow (anonymous) at (1,1) size 498x21
            LayoutText (anonymous) at (4,1) size 170x18
              text run at (4,1) width 24: "fifth"
              text run at (28,1) width 54 RTL: ") \x{5E8}\x{5D1}\x{5D9}\x{5E2}\x{5D9}\x{5EA} "
              text run at (82,1) width 18: "03"
              text run at (100,1) width 43 RTL: " \x{5E9}\x{5E0}\x{5D9}\x{5D4} ("
              text run at (143,1) width 31: "First"
        LayoutBlockFlow {DIV} at (0,82) size 470x36
          LayoutText {#text} at (10,10) size 130x15
            text run at (10,10) width 22: "fifth"
            text run at (32,10) width 41 RTL: ") \x{5E8}\x{5D1}\x{5D9}\x{5E2}\x{5D9}\x{5EA} "
            text run at (73,10) width 12: "03"
            text run at (85,10) width 31 RTL: " \x{5E9}\x{5E0}\x{5D9}\x{5D4} ("
            text run at (116,10) width 24: "First"
        LayoutMenuList {SELECT} at (0,118) size 500x23 [bgcolor=#C0C0C0] [border: (1px solid #A9A9A9)]
          LayoutBlockFlow (anonymous) at (1,1) size 498x21
            LayoutText (anonymous) at (4,1) size 170x18
              text run at (4,1) width 170 LTR override: "First \x{5E9}\x{5E0}\x{5D9}\x{5D4} (03) \x{5E8}\x{5D1}\x{5D9}\x{5E2}\x{5D9}\x{5EA} fifth"
        LayoutBlockFlow {DIV} at (0,141) size 470x36
          LayoutText {#text} at (10,10) size 130x15
            text run at (10,10) width 130 LTR override: "First \x{5E9}\x{5E0}\x{5D9}\x{5D4} (03) \x{5E8}\x{5D1}\x{5D9}\x{5E2}\x{5D9}\x{5EA} fifth"
        LayoutMenuList {SELECT} at (0,177) size 500x23 [bgcolor=#C0C0C0] [border: (1px solid #A9A9A9)]
          LayoutBlockFlow (anonymous) at (1,1) size 498x21
            LayoutText (anonymous) at (4,1) size 170x18
              text run at (4,1) width 170 RTL override: "First \x{5E9}\x{5E0}\x{5D9}\x{5D4} (03) \x{5E8}\x{5D1}\x{5D9}\x{5E2}\x{5D9}\x{5EA} fifth"
        LayoutBlockFlow {DIV} at (0,200) size 470x36
          LayoutText {#text} at (10,10) size 130x15
            text run at (10,10) width 130 RTL override: "First \x{5E9}\x{5E0}\x{5D9}\x{5D4} (03) \x{5E8}\x{5D1}\x{5D9}\x{5E2}\x{5D9}\x{5EA} fifth"
      LayoutBlockFlow {DIV} at (0,272) size 784x236
        LayoutMenuList {SELECT} at (0,0) size 500x23 [bgcolor=#C0C0C0] [border: (1px solid #A9A9A9)]
          LayoutBlockFlow (anonymous) at (1,1) size 498x21
            LayoutText (anonymous) at (324,1) size 170x18
              text run at (324,1) width 35: "First "
              text run at (359,1) width 50 RTL: ") \x{5E8}\x{5D1}\x{5D9}\x{5E2}\x{5D9}\x{5EA}"
              text run at (409,1) width 18: "03"
              text run at (427,1) width 39 RTL: "\x{5E9}\x{5E0}\x{5D9}\x{5D4} ("
              text run at (466,1) width 28: " fifth"
        LayoutBlockFlow {DIV} at (0,23) size 470x36
          LayoutText {#text} at (330,10) size 130x15
            text run at (330,10) width 27: "First "
            text run at (357,10) width 38 RTL: ") \x{5E8}\x{5D1}\x{5D9}\x{5E2}\x{5D9}\x{5EA}"
            text run at (395,10) width 12: "03"
            text run at (407,10) width 28 RTL: "\x{5E9}\x{5E0}\x{5D9}\x{5D4} ("
            text run at (435,10) width 25: " fifth"
        LayoutMenuList {SELECT} at (0,59) size 500x23 [bgcolor=#C0C0C0] [border: (1px solid #A9A9A9)]
          LayoutBlockFlow (anonymous) at (1,1) size 498x21
            LayoutText (anonymous) at (324,1) size 170x18
              text run at (324,1) width 24: "fifth"
              text run at (348,1) width 54 RTL: ") \x{5E8}\x{5D1}\x{5D9}\x{5E2}\x{5D9}\x{5EA} "
              text run at (402,1) width 18: "03"
              text run at (420,1) width 43 RTL: " \x{5E9}\x{5E0}\x{5D9}\x{5D4} ("
              text run at (463,1) width 31: "First"
        LayoutBlockFlow {DIV} at (0,82) size 470x36
          LayoutText {#text} at (330,10) size 130x15
            text run at (330,10) width 22: "fifth"
            text run at (352,10) width 41 RTL: ") \x{5E8}\x{5D1}\x{5D9}\x{5E2}\x{5D9}\x{5EA} "
            text run at (393,10) width 12: "03"
            text run at (405,10) width 31 RTL: " \x{5E9}\x{5E0}\x{5D9}\x{5D4} ("
            text run at (436,10) width 24: "First"
        LayoutMenuList {SELECT} at (0,118) size 500x23 [bgcolor=#C0C0C0] [border: (1px solid #A9A9A9)]
          LayoutBlockFlow (anonymous) at (1,1) size 498x21
            LayoutText (anonymous) at (324,1) size 170x18
              text run at (324,1) width 170 LTR override: "First \x{5E9}\x{5E0}\x{5D9}\x{5D4} (03) \x{5E8}\x{5D1}\x{5D9}\x{5E2}\x{5D9}\x{5EA} fifth"
        LayoutBlockFlow {DIV} at (0,141) size 470x36
          LayoutText {#text} at (330,10) size 130x15
            text run at (330,10) width 130 LTR override: "First \x{5E9}\x{5E0}\x{5D9}\x{5D4} (03) \x{5E8}\x{5D1}\x{5D9}\x{5E2}\x{5D9}\x{5EA} fifth"
        LayoutMenuList {SELECT} at (0,177) size 500x23 [bgcolor=#C0C0C0] [border: (1px solid #A9A9A9)]
          LayoutBlockFlow (anonymous) at (1,1) size 498x21
            LayoutText (anonymous) at (324,1) size 170x18
              text run at (324,1) width 170 RTL override: "First \x{5E9}\x{5E0}\x{5D9}\x{5D4} (03) \x{5E8}\x{5D1}\x{5D9}\x{5E2}\x{5D9}\x{5EA} fifth"
        LayoutBlockFlow {DIV} at (0,200) size 470x36
          LayoutText {#text} at (330,10) size 130x15
            text run at (330,10) width 130 RTL override: "First \x{5E9}\x{5E0}\x{5D9}\x{5D4} (03) \x{5E8}\x{5D1}\x{5D9}\x{5E2}\x{5D9}\x{5EA} fifth"
