layer at (0,0) size 800x600
  LayoutView at (0,0) size 800x600
layer at (0,0) size 800x600
  LayoutBlockFlow {HTML} at (0,0) size 800x600
    LayoutBlockFlow {BODY} at (8,8) size 784x576
      LayoutBlockFlow (anonymous) at (0,0) size 784x40
        LayoutText {#text} at (0,0) size 50x19
          text run at (0,0) width 50: "Test for "
        LayoutInline {A} at (0,0) size 67x19 [color=#0000EE]
          LayoutText {#text} at (49,0) size 67x19
            text run at (49,0) width 67: "bug 25464"
        LayoutText {#text} at (115,0) size 782x39
          text run at (115,0) width 667: ". Characters belonging to 'Common' script followed / preceeded by a space should be rendered correctly. Two"
          text run at (0,20) width 514: "lines below have 4 Thai currency signs (U+0E3F) and all of them should be rendered."
      LayoutBlockFlow {P} at (0,56) size 784x60
        LayoutText {#text} at (0,6) size 290x19
          text run at (0,6) width 290: "abc \x{E25}\x{E07}\x{E17}\x{E38}\x{E19}4000\x{E3F} \x{E23}\x{E31}\x{E1A}\x{E1B}\x{E23}\x{E30}\x{E01}\x{E31}\x{E19}\x{E23}\x{E32}\x{E22}\x{E44}\x{E14}\x{E49} 50000\x{E3F}/M"
        LayoutBR {BR} at (290,21) size 0x0
        LayoutText {#text} at (0,36) size 290x19
          text run at (0,36) width 290: "abc \x{E25}\x{E07}\x{E17}\x{E38}\x{E19}4000 \x{E3F}\x{E23}\x{E31}\x{E1A}\x{E1B}\x{E23}\x{E30}\x{E01}\x{E31}\x{E19}\x{E23}\x{E32}\x{E22}\x{E44}\x{E14}\x{E49} 50000\x{E3F}/M"
