layer at (0,0) size 800x600 clip at (0,0) size 785x600 scrollY 2574.00 scrollHeight 3174
  LayoutView at (0,0) size 800x600
layer at (0,0) size 785x3174 backgroundClip at (0,0) size 785x600 clip at (0,0) size 785x600
  LayoutBlockFlow {HTML} at (0,0) size 785x3174
    LayoutBlockFlow {BODY} at (8,8) size 769x3150
      LayoutBlockFlow {P} at (0,0) size 769x20
        LayoutText {#text} at (0,0) size 51x19
          text run at (0,0) width 51: "Test for "
        LayoutInline {A} at (0,0) size 66x19 [color=#0000EE]
          LayoutText {#text} at (51,0) size 66x19
            text run at (51,0) width 66: "bug 12331"
        LayoutText {#text} at (117,0) size 4x19
          text run at (117,0) width 4: "."
      LayoutBlockFlow {P} at (0,36) size 769x40
        LayoutText {#text} at (0,0) size 765x39
          text run at (0,0) width 765: "To test manually, scroll down until you find the input element. Select some text. If the bug occurs, the page will scroll back up to"
          text run at (0,20) width 46: "the top."
      LayoutBlockFlow {DIV} at (0,92) size 769x3000
      LayoutBlockFlow (anonymous) at (0,3092) size 769x22
        LayoutTextControl {INPUT} at (0,0) size 153x22 [bgcolor=#FFFFFF] [border: (2px inset #EEEEEE)]
        LayoutText {#text} at (0,0) size 0x0
      LayoutBlockFlow {P} at (0,3130) size 769x20
        LayoutText {#text} at (0,0) size 387x19
          text run at (0,0) width 387: "If the bug does not occur, you'll be left down here at the bottom."
layer at (10,3103) size 149x16 backgroundClip at (0,0) size 0x0 clip at (0,0) size 0x0
  LayoutBlockFlow {DIV} at (2,3) size 149x16
    LayoutText {#text} at (0,0) size 136x16
      text run at (0,0) width 136: "select some of this text"
selection start: position 1 of child 0 {#text} of child 0 {DIV} of {#document-fragment} of child 7 {INPUT} of body
selection end:   position 15 of child 0 {#text} of child 0 {DIV} of {#document-fragment} of child 7 {INPUT} of body
scrolled to 0,2574
