layer at (0,0) size 800x600
  LayoutView at (0,0) size 800x600
layer at (0,0) size 800x418
  LayoutBlockFlow {HTML} at (0,0) size 800x418
    LayoutBlockFlow {BODY} at (8,8) size 784x402
      LayoutText {#text} at (169,26) size 4x18
        text run at (169,26) width 4: " "
      LayoutBR {BR} at (173,26) size 0x18
      LayoutText {#text} at (173,74) size 4x18
        text run at (173,74) width 4: " "
      LayoutText {#text} at (346,74) size 4x18
        text run at (346,74) width 4: " "
      LayoutBR {BR} at (350,74) size 0x18
      LayoutText {#text} at (169,118) size 4x18
        text run at (169,118) width 4: " "
      LayoutBR {BR} at (173,118) size 0x18
      LayoutText {#text} at (169,162) size 4x18
        text run at (169,162) width 4: " "
      LayoutBR {BR} at (173,162) size 0x18
      LayoutText {#text} at (229,226) size 4x18
        text run at (229,226) width 4: " "
      LayoutText {#text} at (502,226) size 4x18
        text run at (502,226) width 4: " "
      LayoutText {#text} at (309,300) size 4x18
        text run at (309,300) width 4: " "
      LayoutBR {BR} at (313,300) size 0x18
      LayoutText {#text} at (235,384) size 4x18
        text run at (235,384) width 4: " "
      LayoutText {#text} at (542,384) size 4x18
        text run at (542,384) width 4: " "
      LayoutBR {BR} at (546,384) size 0x18
layer at (12,12) size 161x32 clip at (13,13) size 159x30
  LayoutTextControl {TEXTAREA} at (4,4) size 161x32 [bgcolor=#FFFFFF] [border: (1px solid #000000)]
    LayoutBlockFlow {DIV} at (3,3) size 155x13
      LayoutText {#text} at (0,0) size 18x13
        text run at (0,0) width 18: "foo"
layer at (12,56) size 165x36 clip at (15,59) size 159x30
  LayoutTextControl {TEXTAREA} at (4,48) size 165x36 [bgcolor=#FFFFFF] [border: (3px solid #00FF00)]
    LayoutBlockFlow {DIV} at (5,5) size 155x13
      LayoutText {#text} at (0,0) size 18x13
        text run at (0,0) width 18: "foo"
layer at (189,60) size 161x32 clip at (190,61) size 159x30
  LayoutTextControl {TEXTAREA} at (181,52) size 161x32 [bgcolor=#FFFFFF] [border: (1px solid #000000)]
    LayoutBlockFlow {DIV} at (3,3) size 155x13
      LayoutText {#text} at (0,0) size 18x13
        text run at (0,0) width 18: "foo"
layer at (12,104) size 161x32 clip at (13,105) size 159x30
  LayoutTextControl {TEXTAREA} at (4,96) size 161x32 [border: (1px solid #000000)]
    LayoutBlockFlow {DIV} at (3,3) size 155x13
      LayoutText {#text} at (0,0) size 18x13
        text run at (0,0) width 18: "foo"
layer at (12,148) size 161x32 clip at (13,149) size 159x30
  LayoutTextControl {TEXTAREA} at (4,140) size 161x32 [bgcolor=#FFFFFF] [border: (1px solid #000000)]
    LayoutBlockFlow {DIV} at (3,3) size 155x13
      LayoutText {#text} at (0,0) size 18x13
        text run at (0,0) width 18: "foo"
layer at (12,202) size 221x42 clip at (13,203) size 219x40
  LayoutTextControl {TEXTAREA} at (4,194) size 221x42 [bgcolor=#FFFFFF] [border: (1px solid #000000)]
    LayoutBlockFlow {DIV} at (3,3) size 215x18
      LayoutText {#text} at (0,0) size 26x18
        text run at (0,0) width 26: "foo"
layer at (245,192) size 261x52 clip at (246,193) size 259x50
  LayoutTextControl {TEXTAREA} at (237,184) size 261x52 [bgcolor=#FFFFFF] [border: (1px solid #000000)]
    LayoutBlockFlow {DIV} at (3,3) size 255x23
      LayoutText {#text} at (0,0) size 32x23
        text run at (0,0) width 32: "foo"
layer at (12,256) size 301x62 clip at (13,257) size 299x60
  LayoutTextControl {TEXTAREA} at (4,248) size 301x62 [bgcolor=#FFFFFF] [border: (1px solid #000000)]
    LayoutBlockFlow {DIV} at (3,3) size 295x28
      LayoutText {#text} at (0,0) size 39x28
        text run at (0,0) width 39: "foo"
layer at (14,354) size 223x46 clip at (15,355) size 221x44
  LayoutTextControl {TEXTAREA} at (6,346) size 223x46 [bgcolor=#FFFFFF] [border: (1px solid #000000)]
    LayoutBlockFlow {DIV} at (4,4) size 215x19
      LayoutText {#text} at (0,0) size 27x19
        text run at (0,0) width 27: "foo"
layer at (255,334) size 287x64 clip at (257,336) size 283x60
  LayoutTextControl {TEXTAREA} at (247,326) size 287x64 [bgcolor=#FFFFFF] [border: (2px solid #000000)]
    LayoutBlockFlow {DIV} at (6,6) size 275x26
      LayoutText {#text} at (0,0) size 36x26
        text run at (0,0) width 36: "foo"
