layer at (0,0) size 800x600
  LayoutView at (0,0) size 800x600
layer at (0,0) size 800x600
  LayoutBlockFlow {HTML} at (0,0) size 800x600
    LayoutBlockFlow {BODY} at (8,8) size 784x576
      LayoutBlockFlow {P} at (0,0) size 784x44
        LayoutRuby (inline) {RUBY} at (0,0) size 81x19
          LayoutRubyRun (anonymous) at (0,12) size 81x32
            LayoutRubyText {RT} at (0,-12) size 81x12
              LayoutText {#text} at (11,0) size 59x12
                text run at (11,0) width 59: "K\x{14D}kakukid\x{14D}tai"
            LayoutRubyBase (anonymous) at (0,0) size 81x32
              LayoutRuby (inline) {RUBY} at (0,0) size 81x19
                LayoutRubyRun (anonymous) at (0,12) size 16x20
                  LayoutRubyText {RT} at (0,-12) size 16x12
                    LayoutText {#text} at (0,0) size 15x12
                      text run at (0,0) width 15: "\x{3053}\x{3046}"
                  LayoutRubyBase (anonymous) at (0,0) size 16x20
                    LayoutText {#text} at (0,0) size 16x19
                      text run at (0,0) width 16: "\x{653B}"
                LayoutRubyRun (anonymous) at (16,12) size 16x20
                  LayoutRubyText {RT} at (0,-12) size 16x12
                    LayoutText {#text} at (0,0) size 16x12
                      text run at (0,0) width 16: "\x{304B}\x{304F}"
                  LayoutRubyBase (anonymous) at (0,0) size 16x20
                    LayoutText {#text} at (0,0) size 16x19
                      text run at (0,0) width 16: "\x{6BBB}"
                LayoutRubyRun (anonymous) at (32,12) size 16x20
                  LayoutRubyText {RT} at (0,-12) size 16x12
                    LayoutText {#text} at (4,0) size 8x12
                      text run at (4,0) width 8: "\x{304D}"
                  LayoutRubyBase (anonymous) at (0,0) size 16x20
                    LayoutText {#text} at (0,0) size 16x19
                      text run at (0,0) width 16: "\x{6A5F}"
                LayoutRubyRun (anonymous) at (48,12) size 16x20
                  LayoutRubyText {RT} at (0,-12) size 16x12
                    LayoutText {#text} at (0,0) size 16x12
                      text run at (0,0) width 16: "\x{3069}\x{3046}"
                  LayoutRubyBase (anonymous) at (0,0) size 16x20
                    LayoutText {#text} at (0,0) size 16x19
                      text run at (0,0) width 16: "\x{52D5}"
                LayoutRubyRun (anonymous) at (64,12) size 17x20
                  LayoutRubyText {RT} at (0,-12) size 17x12
                    LayoutText {#text} at (0,0) size 17x12
                      text run at (0,0) width 17: "\x{305F}\x{3044}"
                  LayoutRubyBase (anonymous) at (0,0) size 17x20
                    LayoutText {#text} at (0,0) size 17x19
                      text run at (0,0) width 17: "\x{968A}"
