layer at (0,0) size 800x600
  LayoutView at (0,0) size 800x600
layer at (0,0) size 800x600
  LayoutBlockFlow {HTML} at (0,0) size 800x600
    LayoutBlockFlow {BODY} at (8,8) size 784x584
      LayoutMenuList {SELECT} at (0,0) size 65x20 [bgcolor=#C0C0C0] [border: (1px solid #A9A9A9)]
        LayoutBlockFlow (anonymous) at (1,1) size 63x18
          LayoutText (anonymous) at (4,1) size 40x16
            text run at (4,1) width 40: "Default"
      LayoutText {#text} at (65,0) size 4x19
        text run at (65,0) width 4: " "
      LayoutMenuList {SELECT} at (69,0) size 48x20 [color=#FF0000] [bgcolor=#C0C0C0] [border: (1px solid #A9A9A9)]
        LayoutBlockFlow (anonymous) at (1,1) size 46x18
          LayoutText (anonymous) at (4,1) size 23x16
            text run at (4,1) width 23: "Red"
      LayoutText {#text} at (117,0) size 4x19
        text run at (117,0) width 4: " "
      LayoutMenuList {SELECT} at (121,0) size 119x20 [bgcolor=#008000] [border: (1px solid #A9A9A9)]
        LayoutBlockFlow (anonymous) at (1,1) size 117x18
          LayoutText (anonymous) at (4,1) size 94x16
            text run at (4,1) width 94: "Default on green"
      LayoutText {#text} at (240,0) size 4x19
        text run at (240,0) width 4: " "
      LayoutMenuList {SELECT} at (244,0) size 102x20 [color=#FF0000] [bgcolor=#008000] [border: (1px solid #A9A9A9)]
        LayoutBlockFlow (anonymous) at (1,1) size 100x18
          LayoutText (anonymous) at (4,1) size 77x16
            text run at (4,1) width 77: "Red on green"
      LayoutText {#text} at (0,0) size 0x0
