layer at (0,0) size 800x600
  LayoutView at (0,0) size 800x600
layer at (0,0) size 800x600
  LayoutBlockFlow {HTML} at (0,0) size 800x600
    LayoutBlockFlow {BODY} at (8,8) size 784x584
      LayoutTextControl {INPUT} at (0,0) size 156x22 [bgcolor=#FFFFFF] [border: (2px inset #EEEEEE)]
        LayoutFlexibleBox {DIV} at (3,3) size 150x16
          LayoutBlockFlow {DIV} at (0,2.50) size 1x11
          LayoutBlockFlow {DIV} at (1,0) size 136x16
      LayoutBR {BR} at (156,16) size 0x0
      LayoutTextControl {INPUT} at (0,22) size 154x22 [bgcolor=#FFFFFF] [border: (2px inset #EEEEEE)]
      LayoutBR {BR} at (154,38) size 0x0
      LayoutTextControl {INPUT} at (0,44) size 156x22 [bgcolor=#FFFFFF] [border: (2px inset #EEEEEE)]
        LayoutFlexibleBox {DIV} at (3,3) size 150x16
          LayoutBlockFlow {DIV} at (0,2.50) size 1x11
          LayoutBlockFlow {DIV} at (1,0) size 136x16
      LayoutBR {BR} at (156,60) size 0x0
      LayoutTextControl {INPUT} at (0,66) size 156x22 [bgcolor=#FFFFFF] [border: (2px inset #EEEEEE)]
        LayoutFlexibleBox {DIV} at (3,3) size 150x16
          LayoutBlockFlow {DIV} at (2,1.50) size 13x13
          LayoutBlockFlow {DIV} at (18,0) size 119x16
      LayoutBR {BR} at (156,82) size 0x0
      LayoutBR {BR} at (179,124) size 0x0
      LayoutTextControl {INPUT} at (0,124) size 154x36 [bgcolor=#FFFFFF] [border: (2px inset #EEEEEE)]
      LayoutBR {BR} at (154,140) size 0x0
      LayoutBR {BR} at (179,209) size 0x0
      LayoutTextControl {INPUT} at (5,214) size 183x29 [bgcolor=#FFFFFF] [border: (5px solid #000000)]
      LayoutBR {BR} at (193,234) size 0x0
      LayoutTextControl {INPUT} at (0,248) size 154x31 [bgcolor=#FFFFFF] [border: (2px inset #EEEEEE)]
      LayoutText {#text} at (154,253) size 4x19
        text run at (154,253) width 4: " "
      LayoutTextControl {INPUT} at (158,248) size 154x31 [bgcolor=#FFFFFF] [border: (2px inset #EEEEEE)]
      LayoutText {#text} at (312,253) size 4x19
        text run at (312,253) width 4: " "
      LayoutBR {BR} at (316,268) size 0x0
      LayoutTextControl {INPUT} at (0,279) size 154x22 [bgcolor=#FFFFFF] [border: (2px inset #EEEEEE)]
      LayoutText {#text} at (154,280) size 4x19
        text run at (154,280) width 4: " "
      LayoutTextControl {INPUT} at (158,279) size 154x22 [bgcolor=#FFFFFF] [border: (2px inset #EEEEEE)]
      LayoutText {#text} at (312,280) size 4x19
        text run at (312,280) width 4: " "
      LayoutTextControl {INPUT} at (316,279) size 154x22 [bgcolor=#FFFFFF] [border: (2px inset #EEEEEE)]
      LayoutText {#text} at (470,280) size 4x19
        text run at (470,280) width 4: " "
      LayoutBR {BR} at (474,295) size 0x0
      LayoutBR {BR} at (154,331) size 0x0
layer at (12,11) size 136x16
  LayoutBlockFlow {DIV} at (4,3) size 136x16 [color=#A9A9A9]
    LayoutText {#text} at (0,0) size 66x16
      text run at (0,0) width 66: "placeholder"
layer at (12,11) size 136x16
  LayoutBlockFlow {DIV} at (0,0) size 136x16
layer at (10,33) size 150x16
  LayoutBlockFlow {DIV} at (2,3) size 150x16 [color=#A9A9A9]
    LayoutText {#text} at (0,0) size 66x16
      text run at (0,0) width 66: "placeholder"
layer at (10,33) size 150x16
  LayoutBlockFlow {DIV} at (2,3) size 150x16
layer at (12,55) size 136x16
  LayoutBlockFlow {DIV} at (4,3) size 136x16 [color=#A9A9A9]
    LayoutText {#text} at (70,0) size 66x16
      text run at (70,0) width 66: "placeholder"
layer at (12,55) size 136x16
  LayoutBlockFlow {DIV} at (0,0) size 136x16
layer at (29,77) size 119x16
  LayoutBlockFlow {DIV} at (21,3) size 119x16 [color=#A9A9A9]
    LayoutText {#text} at (0,0) size 66x16
      text run at (0,0) width 66: "placeholder"
layer at (29,77) size 119x16
  LayoutBlockFlow {DIV} at (0,0) size 119x16
layer at (8,96) size 179x36 clip at (9,97) size 177x34
  LayoutTextControl {TEXTAREA} at (0,88) size 179x36 [bgcolor=#FFFFFF] [border: (1px solid #A9A9A9)]
    LayoutBlockFlow {DIV} at (3,3) size 175x16 [color=#A9A9A9]
      LayoutText {#text} at (0,0) size 88x16
        text run at (0,0) width 88: "placeholder"
    LayoutBlockFlow {DIV} at (3,3) size 175x16
layer at (10,135) size 150x16
  LayoutBlockFlow {DIV} at (2,3) size 150x16 [color=#A9A9A9]
    LayoutText {#text} at (0,0) size 66x16
      text run at (0,0) width 66: "placeholder"
layer at (10,135) size 150x16
  LayoutBlockFlow {DIV} at (2,3) size 150x16
layer at (8,168) size 179x49 clip at (9,169) size 177x47
  LayoutTextControl {TEXTAREA} at (0,160) size 179x49 [bgcolor=#FFFFFF] [border: (1px solid #A9A9A9)]
    LayoutBlockFlow {DIV} at (3,16) size 175x16 [color=#A9A9A9]
      LayoutText {#text} at (0,0) size 88x16
        text run at (0,0) width 88: "placeholder"
    LayoutBlockFlow {DIV} at (3,16) size 175x16
layer at (18,228) size 173x17
  LayoutBlockFlow {DIV} at (5,6) size 173x17 [color=#A9A9A9]
    LayoutText {#text} at (0,0) size 75x17
      text run at (0,0) width 75: "placeholder"
layer at (18,228) size 173x17
  LayoutBlockFlow {DIV} at (5,6) size 173x17
layer at (10,259) size 150x25
  LayoutBlockFlow {DIV} at (2,3) size 150x25
    LayoutText {#text} at (0,4) size 32x16
      text run at (0,4) width 32: "Value"
layer at (168,259) size 150x25
  LayoutBlockFlow {DIV} at (2,3) size 150x25 [color=#A9A9A9]
    LayoutText {#text} at (0,4) size 66x16
      text run at (0,4) width 66: "placeholder"
layer at (168,259) size 150x25
  LayoutBlockFlow {DIV} at (2,3) size 150x25
layer at (10,290) size 150x16
  LayoutBlockFlow {DIV} at (2,3) size 150x16
    LayoutText {#text} at (59,0) size 32x16
      text run at (59,0) width 32: "Value"
layer at (168,290) size 150x16
  LayoutBlockFlow {DIV} at (2,3) size 150x16 [color=#A9A9A9]
    LayoutText {#text} at (42,0) size 66x16
      text run at (42,0) width 66: "placeholder"
layer at (168,290) size 150x16
  LayoutBlockFlow {DIV} at (2,3) size 150x16
layer at (326,290) size 150x16
  LayoutBlockFlow {DIV} at (2,3) size 150x16 [color=#A9A9A9]
    LayoutText {#text} at (42,0) size 66x16
      text run at (42,0) width 66: "placeholder"
layer at (326,290) size 150x16
  LayoutBlockFlow {DIV} at (2,3) size 150x16
layer at (149,15) size 9x9 transparent
  LayoutBlockFlow {DIV} at (138,3.50) size 9x9
layer at (149,59) size 9x9 transparent
  LayoutBlockFlow {DIV} at (138,3.50) size 9x9
layer at (149,81) size 9x9 transparent
  LayoutBlockFlow {DIV} at (138,3.50) size 9x9
layer at (8,309) size 154x36
  LayoutTextControl {INPUT} at (0,301) size 154x36 [bgcolor=#FFFFFF] [border: (2px inset #EEEEEE)]
layer at (10,326) size 150x16
  LayoutBlockFlow {DIV} at (2,17) size 150x16 [color=#A9A9A9]
    LayoutText {#text} at (0,0) size 66x16
      text run at (0,0) width 66: "placeholder"
layer at (10,326) size 150x16
  LayoutBlockFlow {DIV} at (2,17) size 150x16
