layer at (0,0) size 800x600
  LayoutView at (0,0) size 800x600
layer at (0,0) size 800x600
  LayoutBlockFlow {HTML} at (0,0) size 800x600
    LayoutBlockFlow {BODY} at (8,8) size 784x584
      LayoutText {#text} at (0,0) size 420x19
        text run at (0,0) width 420: "This tests that you can tab out of a text field if an iframe comes after it."
      LayoutBR {BR} at (420,15) size 0x0
      LayoutTextControl {INPUT} at (0,156) size 154x22 [bgcolor=#FFFFFF] [border: (2px inset #EEEEEE)]
      LayoutText {#text} at (154,157) size 4x19
        text run at (154,157) width 4: " "
      LayoutText {#text} at (460,157) size 4x19
        text run at (460,157) width 4: " "
      LayoutTextControl {INPUT} at (464,156) size 154x22 [bgcolor=#FFFFFF] [border: (2px inset #EEEEEE)]
      LayoutText {#text} at (0,0) size 0x0
layer at (10,167) size 150x16
  LayoutBlockFlow {DIV} at (2,3) size 150x16
layer at (166,28) size 302x152
  LayoutIFrame {IFRAME} at (158,20) size 302x152 [border: (1px solid #000000)]
    layer at (0,0) size 300x150
      LayoutView at (0,0) size 300x150
    layer at (0,0) size 300x150
      LayoutBlockFlow {HTML} at (0,0) size 300x150
        LayoutBlockFlow {BODY} at (8,8) size 284x134
layer at (474,167) size 150x16
  LayoutBlockFlow {DIV} at (2,3) size 150x16
    LayoutText {#text} at (0,0) size 131x16
      text run at (0,0) width 131: "This should have focus"
selection start: position 0 of child 0 {#text} of child 0 {DIV} of {#document-fragment} of child 7 {INPUT} of body
selection end:   position 22 of child 0 {#text} of child 0 {DIV} of {#document-fragment} of child 7 {INPUT} of body
