layer at (0,0) size 800x600
  LayoutView at (0,0) size 800x600
layer at (0,0) size 800x79
  LayoutBlockFlow {HTML} at (0,0) size 800x79
    LayoutBlockFlow {BODY} at (8,8) size 784x63
      LayoutText {#text} at (0,0) size 516x19
        text run at (0,0) width 516: "Test passes if the textarea's gray background and text are masked off to a 10x10 rect."
      LayoutBR {BR} at (515,0) size 1x19
      LayoutText {#text} at (0,0) size 0x0
layer at (8,28) size 181x38 clip at (9,29) size 164x36 transparent scrollY 48.00 scrollHeight 84
  LayoutTextControl {TEXTAREA} at (0,20) size 181x38 [bgcolor=#D3D3D3] [border: (1px solid #A9A9A9)]
    LayoutBlockFlow {DIV} at (3,3) size 160x80
      LayoutText {#text} at (0,0) size 8x16
        text run at (0,0) width 8: "1"
      LayoutBR {BR} at (8,0) size 0x16
      LayoutText {#text} at (0,16) size 8x16
        text run at (0,16) width 8: "2"
      LayoutBR {BR} at (8,16) size 0x16
      LayoutText {#text} at (0,32) size 8x16
        text run at (0,32) width 8: "3"
      LayoutBR {BR} at (8,32) size 0x16
      LayoutText {#text} at (0,48) size 8x16
        text run at (0,48) width 8: "4"
      LayoutBR {BR} at (8,48) size 0x16
      LayoutBR {BR} at (0,64) size 0x16
