layer at (0,0) size 800x600
  LayoutView at (0,0) size 800x600
layer at (0,0) size 800x600
  LayoutBlockFlow {HTML} at (0,0) size 800x600
    LayoutBlockFlow {BODY} at (8,8) size 784x584
      LayoutBlockFlow {P} at (0,0) size 784x60
        LayoutText {#text} at (0,0) size 749x39
          text run at (0,0) width 523: "This tests for a bug where images with align right/left would fail to be inserted on paste. "
          text run at (523,0) width 226: "You should see a picture of abe in the"
          text run at (0,20) width 254: "editable region below, aligned to the right. "
        LayoutInline {B} at (0,0) size 773x39
          LayoutText {#text} at (253,20) size 773x39
            text run at (253,20) width 520: "This demonstrates a bug: the focus halo for the editable region doesn't expand"
            text run at (0,40) width 214: "to fit an image with align='right'."
      LayoutBlockFlow {DIV} at (0,76) size 784x40
        LayoutText {#text} at (0,0) size 192x19
          text run at (0,0) width 192: "Four score and seven years ago"
        LayoutImage (floating) {IMG} at (708,0) size 76x103
        LayoutText {#text} at (192,0) size 677x39
          text run at (192,0) width 481: " our fathers brought forth on this continent a new nation, conceived in liberty and"
          text run at (673,0) width 4: " "
          text run at (0,20) width 353: "dedicated to the proposition that all men are created equal."
caret: position 1 of child 1 {IMG} of child 2 {DIV} of body
