layer at (0,0) size 800x600
  LayoutView at (0,0) size 800x600
layer at (0,0) size 800x600
  LayoutBlockFlow {HTML} at (0,0) size 800x600
    LayoutBlockFlow {BODY} at (8,8) size 784x584
      LayoutBlockFlow {P} at (0,0) size 784x20
        LayoutText {#text} at (0,0) size 562x19
          text run at (0,0) width 562: "This tests for a bug where a newline inserted at the end of an anonymous block would be lost."
      LayoutBlockFlow {DIV} at (0,36) size 784x60
        LayoutBlockFlow (anonymous) at (0,0) size 784x40
          LayoutText {#text} at (0,0) size 20x19
            text run at (0,0) width 20: "foo"
          LayoutBR {BR} at (20,15) size 0x0
          LayoutBR {BR} at (0,20) size 0x19
        LayoutBlockFlow {DIV} at (0,40) size 784x20
          LayoutText {#text} at (0,0) size 20x19
            text run at (0,0) width 20: "bar"
caret: position 0 of child 2 {BR} of child 2 {DIV} of body
