EDITING DELEGATE: webViewDidChangeSelection:WebViewDidChangeSelectionNotification
EDITING DELEGATE: webViewDidChangeSelection:WebViewDidChangeSelectionNotification
EDITING DELEGATE: webViewDidChange:WebViewDidChangeNotification
EDITING DELEGATE: webViewDidChangeSelection:WebViewDidChangeSelectionNotification
EDITING DELEGATE: webViewDidChangeSelection:WebViewDidChangeSelectionNotification
EDITING DELEGATE: webViewDidChange:WebViewDidChangeNotification
layer at (0,0) size 800x600
  LayoutView at (0,0) size 800x600
layer at (0,0) size 800x600
  LayoutBlockFlow {HTML} at (0,0) size 800x600
    LayoutBlockFlow {BODY} at (8,8) size 784x584
      LayoutBlockFlow {P} at (0,0) size 784x20
        LayoutText {#text} at (0,0) size 315x19
          text run at (0,0) width 315: "This tests text insertion before/after an input element."
      LayoutBlockFlow {DIV} at (0,36) size 784x22
        LayoutText {#text} at (0,1) size 32x19
          text run at (0,1) width 32: "Hello"
        LayoutTextControl {INPUT} at (32,0) size 154x22 [bgcolor=#FFFFFF] [border: (2px inset #EEEEEE)]
        LayoutText {#text} at (186,1) size 38x19
          text run at (186,1) width 38: "World"
layer at (42,47) size 150x16
  LayoutBlockFlow {DIV} at (2,3) size 150x16
caret: position 5 of child 2 {#text} of child 2 {DIV} of body
