layer at (0,0) size 800x600
  LayoutView at (0,0) size 800x600
layer at (0,0) size 800x600
  LayoutBlockFlow {HTML} at (0,0) size 800x600
    LayoutBlockFlow {BODY} at (8,8) size 784x576
      LayoutBlockFlow {P} at (0,0) size 784x40
        LayoutText {#text} at (0,0) size 749x39
          text run at (0,0) width 301: "This tests that edited whitespaces aren't all nbsps. "
          text run at (301,0) width 448: "When the region becomes non-editable, Hello and World should still be on"
          text run at (0,20) width 87: "different lines. "
          text run at (86,20) width 558: "This demonstrates a bug: the div's focus halo doesn't go away when it becomes non-editable."
      LayoutBlockFlow {DIV} at (0,56) size 62x42 [border: (1px solid #000000)]
        LayoutText {#text} at (1,1) size 52x39
          text run at (1,1) width 52: " Hello    "
          text run at (1,21) width 42: "World "
      LayoutBlockFlow {OL} at (0,114) size 784x0
caret: position 17 of child 0 {#text} of child 2 {DIV} of body
