EDITING DELEGATE: webViewDidChangeSelection:WebViewDidChangeSelectionNotification
EDITING DELEGATE: webViewDidChangeSelection:WebViewDidChangeSelectionNotification
EDITING DELEGATE: webViewDidChangeSelection:WebViewDidChangeSelectionNotification
EDITING DELEGATE: webViewDidChangeSelection:WebViewDidChangeSelectionNotification
EDITING DELEGATE: webViewDidChangeSelection:WebViewDidChangeSelectionNotification
EDITING DELEGATE: webViewDidChangeSelection:WebViewDidChangeSelectionNotification
EDITING DELEGATE: webViewDidChangeSelection:WebViewDidChangeSelectionNotification
EDITING DELEGATE: webViewDidChangeSelection:WebViewDidChangeSelectionNotification
EDITING DELEGATE: webViewDidChange:WebViewDidChangeNotification
layer at (0,0) size 800x600
  LayoutView at (0,0) size 800x600
layer at (0,0) size 800x600
  LayoutBlockFlow {HTML} at (0,0) size 800x600
    LayoutBlockFlow {BODY} at (8,8) size 784x584
      LayoutBlockFlow {DIV} at (0,0) size 784x84 [border: (2px solid #0000FF)]
        LayoutText {#text} at (14,14) size 755x55
          text run at (14,14) width 755: "Should see \"foo\" and \"bar\" each in a separate red box. Note that the \"foo\" text"
          text run at (14,42) width 213: "is really \"foo \". There "
        LayoutInline {B} at (0,0) size 50x26
          LayoutText {#text} at (226,42) size 50x26
            text run at (226,42) width 50: "must"
        LayoutText {#text} at (275,42) size 317x27
          text run at (275,42) width 317: " be a space at the end of the line."
      LayoutBlockFlow {DIV} at (0,108) size 784x112
        LayoutBlockFlow {DIV} at (0,0) size 784x56 [border: (2px solid #FF0000)]
          LayoutText {#text} at (14,14) size 38x27
            text run at (14,14) width 38: "foo "
        LayoutBlockFlow {DIV} at (0,56) size 784x56 [border: (2px solid #FF0000)]
          LayoutText {#text} at (14,14) size 31x27
            text run at (14,14) width 31: "bar"
caret: position 0 of child 0 {#text} of child 2 {DIV} of child 3 {DIV} of body
