EDITING DELEGATE: webViewDidChangeSelection:WebViewDidChangeSelectionNotification
EDITING DELEGATE: webViewDidChangeSelection:WebViewDidChangeSelectionNotification
EDITING DELEGATE: webViewDidChangeSelection:WebViewDidChangeSelectionNotification
EDITING DELEGATE: webViewDidChangeSelection:WebViewDidChangeSelectionNotification
EDITING DELEGATE: webViewDidChange:WebViewDidChangeNotification
layer at (0,0) size 800x600
  LayoutView at (0,0) size 800x600
layer at (0,0) size 800x600
  LayoutBlockFlow {HTML} at (0,0) size 800x600
    LayoutBlockFlow {BODY} at (8,8) size 784x584
      LayoutBlockFlow {P} at (0,0) size 784x40
        LayoutText {#text} at (0,0) size 780x39
          text run at (0,0) width 300: "This tests for a bug in InsertLineBreakCommand. "
          text run at (300,0) width 480: "Only one line break should be inserted and the caret should end up at the end of"
          text run at (0,20) width 144: "the bordered div below."
      LayoutBlockFlow {DIV} at (0,56) size 784x62 [border: (1px solid #000000)]
        LayoutText {#text} at (1,1) size 75x19
          text run at (1,1) width 75: "Hello world."
          text run at (76,1) width 0: " "
        LayoutText {#text} at (1,21) size 0x19
          text run at (1,21) width 0: " "
        LayoutText {#text} at (1,41) size 0x19
          text run at (1,41) width 0: " "
caret: position 0 of child 2 {#text} of child 1 {DIV} of body
