EDITING DELEGATE: webViewDidChangeSelection:WebViewDidChangeSelectionNotification
EDITING DELEGATE: webViewDidChangeSelection:WebViewDidChangeSelectionNotification
EDITING DELEGATE: webViewDidChange:WebViewDidChangeNotification
layer at (0,0) size 800x600
  LayoutView at (0,0) size 800x600
layer at (0,0) size 800x600
  LayoutBlockFlow {HTML} at (0,0) size 800x600
    LayoutBlockFlow {BODY} at (8,8) size 784x584
      LayoutBlockFlow {P} at (0,0) size 784x20
        LayoutText {#text} at (0,0) size 580x19
          text run at (0,0) width 580: "This tests inserting a paragraph separator before a special element at the start of an editable root."
      LayoutBlockFlow {P} at (0,36) size 784x20
        LayoutText {#text} at (0,0) size 576x19
          text run at (0,0) width 576: "Visually, it should leave a blank line before the link, and the caret selection at the start of the link."
      LayoutBlockFlow {P} at (0,72) size 784x20
        LayoutText {#text} at (0,0) size 752x19
          text run at (0,0) width 752: "Structurally, the empty paragraph element should go before the anchor element, rather than inside of it. See Radar #5452675."
      LayoutBlockFlow {DIV} at (0,108) size 784x40
        LayoutBlockFlow {DIV} at (0,0) size 784x20
          LayoutBR {BR} at (0,0) size 0x19
        LayoutBlockFlow (anonymous) at (0,20) size 784x20
          LayoutInline {A} at (0,0) size 53x19 [color=#0000EE]
            LayoutText {#text} at (0,0) size 53x19
              text run at (0,0) width 53: "applesite"
caret: position 0 of child 0 {#text} of child 1 {A} of child 6 {DIV} of body
