EDITING DELEGATE: webViewDidChangeSelection:WebViewDidChangeSelectionNotification
EDITING DELEGATE: webViewDidChangeSelection:WebViewDidChangeSelectionNotification
EDITING DELEGATE: webViewDidChangeSelection:WebViewDidChangeSelectionNotification
EDITING DELEGATE: webViewDidChangeSelection:WebViewDidChangeSelectionNotification
EDITING DELEGATE: webViewDidChangeSelection:WebViewDidChangeSelectionNotification
EDITING DELEGATE: webViewDidChangeSelection:WebViewDidChangeSelectionNotification
EDITING DELEGATE: webViewDidChange:WebViewDidChangeNotification
layer at (0,0) size 800x600
  LayoutView at (0,0) size 800x600
layer at (0,0) size 800x600
  LayoutBlockFlow {HTML} at (0,0) size 800x600
    LayoutBlockFlow {BODY} at (8,8) size 784x584
      LayoutBlockFlow (anonymous) at (0,0) size 784x28
        LayoutText {#text} at (0,0) size 627x27
          text run at (0,0) width 627: "Test inserting paragraphs: should see empty blue box above \"bar\""
      LayoutBlockFlow {DIV} at (0,28) size 784x36
      LayoutBlockFlow {DIV} at (0,64) size 784x56 [border: (2px solid #FF0000)]
        LayoutText {#text} at (14,14) size 33x27
          text run at (14,14) width 33: "baz"
      LayoutBlockFlow {DIV} at (0,120) size 784x56 [border: (2px solid #0000FF)]
        LayoutBR {BR} at (14,14) size 0x27
      LayoutBlockFlow (anonymous) at (0,176) size 784x28
        LayoutText {#text} at (0,0) size 31x27
          text run at (0,0) width 31: "bar"
      LayoutBlockFlow {DIV} at (0,204) size 784x56 [border: (2px solid #FF0000)]
        LayoutText {#text} at (14,14) size 32x27
          text run at (14,14) width 32: "foo"
      LayoutBlockFlow {DIV} at (0,260) size 784x56 [border: (2px solid #FF0000)]
        LayoutBR {BR} at (14,14) size 0x27
caret: position 0 of child 5 {#text} of body
