EDITING DELEGATE: webViewDidChangeSelection:WebViewDidChangeSelectionNotification
EDITING DELEGATE: webViewDidChangeSelection:WebViewDidChangeSelectionNotification
EDITING DELEGATE: webViewDidChangeSelection:WebViewDidChangeSelectionNotification
EDITING DELEGATE: webViewDidChangeSelection:WebViewDidChangeSelectionNotification
EDITING DELEGATE: webViewDidChangeSelection:WebViewDidChangeSelectionNotification
EDITING DELEGATE: webViewDidChangeSelection:WebViewDidChangeSelectionNotification
EDITING DELEGATE: webViewDidChangeSelection:WebViewDidChangeSelectionNotification
EDITING DELEGATE: webViewDidChangeSelection:WebViewDidChangeSelectionNotification
EDITING DELEGATE: webViewDidChange:WebViewDidChangeNotification
EDITING DELEGATE: webViewDidChangeSelection:WebViewDidChangeSelectionNotification
EDITING DELEGATE: webViewDidChangeSelection:WebViewDidChangeSelectionNotification
EDITING DELEGATE: webViewDidChange:WebViewDidChangeNotification
EDITING DELEGATE: webViewDidChangeSelection:WebViewDidChangeSelectionNotification
EDITING DELEGATE: webViewDidChange:WebViewDidChangeNotification
EDITING DELEGATE: webViewDidChangeSelection:WebViewDidChangeSelectionNotification
EDITING DELEGATE: webViewDidChange:WebViewDidChangeNotification
EDITING DELEGATE: webViewDidChangeSelection:WebViewDidChangeSelectionNotification
EDITING DELEGATE: webViewDidChange:WebViewDidChangeNotification
EDITING DELEGATE: webViewDidChangeSelection:WebViewDidChangeSelectionNotification
EDITING DELEGATE: webViewDidChange:WebViewDidChangeNotification
EDITING DELEGATE: webViewDidChangeSelection:WebViewDidChangeSelectionNotification
EDITING DELEGATE: webViewDidChange:WebViewDidChangeNotification
EDITING DELEGATE: webViewDidChangeSelection:WebViewDidChangeSelectionNotification
EDITING DELEGATE: webViewDidChange:WebViewDidChangeNotification
EDITING DELEGATE: webViewDidChangeSelection:WebViewDidChangeSelectionNotification
EDITING DELEGATE: webViewDidChange:WebViewDidChangeNotification
EDITING DELEGATE: webViewDidChangeSelection:WebViewDidChangeSelectionNotification
EDITING DELEGATE: webViewDidChange:WebViewDidChangeNotification
layer at (0,0) size 800x600
  LayoutView at (0,0) size 800x600
layer at (0,0) size 800x600
  LayoutBlockFlow {HTML} at (0,0) size 800x600
    LayoutBlockFlow {BODY} at (8,8) size 784x568
      LayoutBlockFlow (anonymous) at (0,0) size 784x112
        LayoutText {#text} at (0,0) size 731x55
          text run at (0,0) width 725: "Test inserting paragraphs and managing typing style correctly: Only \"line 1\""
          text run at (724,0) width 7: " "
          text run at (0,28) width 611: "should be bold. Other lines should be non-bold. Fix for this bug:"
          text run at (611,28) width 6: " "
        LayoutInline {A} at (0,0) size 257x27 [color=#0000EE]
          LayoutText {#text} at (0,56) size 257x27
            text run at (0,56) width 257: "<rdar://problem/3944492>"
        LayoutText {#text} at (257,56) size 715x55
          text run at (257,56) width 452: " after pressing return twice, text is bold when it"
          text run at (709,56) width 6: " "
          text run at (0,84) width 115: "shouldn't be"
      LayoutBlockFlow {DIV} at (0,112) size 784x12
      LayoutBlockFlow {P} at (0,148) size 784x55 [border: (2px solid #0000FF)]
        LayoutInline {B} at (0,0) size 56x26
          LayoutText {#text} at (14,14) size 56x26
            text run at (14,14) width 56: "line 1"
      LayoutBlockFlow {P} at (0,227) size 784x56 [border: (2px solid #0000FF)]
        LayoutText {#text} at (14,14) size 36x27
          text run at (14,14) width 36: "xxx"
      LayoutBlockFlow {P} at (0,307) size 784x56 [border: (2px solid #0000FF)]
        LayoutBR {BR} at (14,14) size 0x27 [bgcolor=#008000]
      LayoutBlockFlow {P} at (0,387) size 784x56 [border: (2px solid #0000FF)]
        LayoutText {#text} at (14,14) size 36x27
          text run at (14,14) width 36: "xxx"
caret: position 3 of child 0 {#text} of child 8 {P} of body
