EDITING DELEGATE: webViewDidChangeSelection:WebViewDidChangeSelectionNotification
EDITING DELEGATE: webViewDidChangeSelection:WebViewDidChangeSelectionNotification
EDITING DELEGATE: webViewDidChangeSelection:WebViewDidChangeSelectionNotification
EDITING DELEGATE: webViewDidChangeSelection:WebViewDidChangeSelectionNotification
EDITING DELEGATE: webViewDidChange:WebViewDidChangeNotification
layer at (0,0) size 800x600
  LayoutView at (0,0) size 800x600
layer at (0,0) size 800x600
  LayoutBlockFlow {HTML} at (0,0) size 800x600
    LayoutBlockFlow {BODY} at (8,8) size 784x584
      LayoutBlockFlow {P} at (0,0) size 784x40
        LayoutText {#text} at (0,0) size 784x39
          text run at (0,0) width 396: "This tests inserting a paragraph separator before a horizontal rule. "
          text run at (396,0) width 388: "You should see 'foo', empty paragraph, horizontal rule, 'bar', and"
          text run at (0,20) width 296: "the caret should be just before the horizontal rule."
      LayoutBlockFlow {DIV} at (0,56) size 784x78
        LayoutBlockFlow (anonymous) at (0,0) size 784x40
          LayoutText {#text} at (0,0) size 20x19
            text run at (0,0) width 20: "foo"
          LayoutBR {BR} at (20,15) size 0x0
          LayoutBR {BR} at (0,20) size 0x19
        LayoutBlockFlow {HR} at (0,48) size 784x2 [border: (1px inset #EEEEEE)]
        LayoutBlockFlow (anonymous) at (0,58) size 784x20
          LayoutText {#text} at (0,0) size 20x19
            text run at (0,0) width 20: "bar"
caret: position 0 of child 3 {HR} of child 2 {DIV} of body
