EDITING DELEGATE: webViewDidChangeSelection:WebViewDidChangeSelectionNotification
EDITING DELEGATE: webViewDidChangeSelection:WebViewDidChangeSelectionNotification
EDITING DELEGATE: webViewDidChangeSelection:WebViewDidChangeSelectionNotification
EDITING DELEGATE: webViewDidChangeSelection:WebViewDidChangeSelectionNotification
EDITING DELEGATE: webViewDidChangeSelection:WebViewDidChangeSelectionNotification
EDITING DELEGATE: webViewDidChangeSelection:WebViewDidChangeSelectionNotification
EDITING DELEGATE: webViewDidChange:WebViewDidChangeNotification
layer at (0,0) size 800x600
  LayoutView at (0,0) size 800x600
layer at (0,0) size 800x600
  LayoutBlockFlow {HTML} at (0,0) size 800x600
    LayoutBlockFlow {BODY} at (8,8) size 784x568
      LayoutBlockFlow (anonymous) at (0,0) size 784x56
        LayoutText {#text} at (0,0) size 741x55
          text run at (0,0) width 735: "Test inserting paragraphs: should see an empty blue box above an empty line"
          text run at (734,0) width 7: " "
          text run at (0,28) width 237: "between \"foo\" and \"bar\""
      LayoutBlockFlow {DIV} at (0,56) size 784x36
      LayoutBlockFlow {P} at (0,116) size 784x56 [border: (2px solid #FF0000)]
        LayoutText {#text} at (14,14) size 32x27
          text run at (14,14) width 32: "foo"
      LayoutBlockFlow {DIV} at (0,196) size 784x56 [border: (2px solid #0000FF)]
        LayoutBR {BR} at (14,14) size 0x27
      LayoutBlockFlow (anonymous) at (0,252) size 784x28
        LayoutBR {BR} at (0,0) size 0x27
      LayoutBlockFlow {P} at (0,304) size 784x56 [border: (2px solid #FF0000)]
        LayoutText {#text} at (14,14) size 31x27
          text run at (14,14) width 31: "bar"
caret: position 0 of child 5 {BR} of body
