EDITING DELEGATE: webViewDidChangeSelection:WebViewDidChangeSelectionNotification
EDITING DELEGATE: webViewDidChangeSelection:WebViewDidChangeSelectionNotification
EDITING DELEGATE: webViewDidChangeSelection:WebViewDidChangeSelectionNotification
EDITING DELEGATE: webViewDidChange:WebViewDidChangeNotification
layer at (0,0) size 800x600
  LayoutView at (0,0) size 800x600
layer at (0,0) size 800x600
  LayoutBlockFlow {HTML} at (0,0) size 800x600
    LayoutBlockFlow {BODY} at (8,8) size 784x584
      LayoutBlockFlow {P} at (0,0) size 784x20
        LayoutText {#text} at (0,0) size 559x19
          text run at (0,0) width 347: "Tests for a bug in the paragraph separator insertion code. "
          text run at (346,0) width 213: "Only one newline should be added."
      LayoutBlockFlow {DIV} at (0,36) size 784x60
        LayoutBlockFlow (anonymous) at (0,0) size 784x20
          LayoutText {#text} at (0,0) size 20x19
            text run at (0,0) width 20: "foo"
        LayoutBlockFlow {DIV} at (0,20) size 784x40
          LayoutBlockFlow (anonymous) at (0,0) size 784x20
            LayoutBR {BR} at (0,0) size 0x19
          LayoutBlockFlow {DIV} at (0,20) size 784x20
            LayoutText {#text} at (0,0) size 20x19
              text run at (0,0) width 20: "bar"
caret: position 0 of child 0 {BR} of child 1 {DIV} of child 2 {DIV} of body
