layer at (0,0) size 800x600
  LayoutView at (0,0) size 800x600
layer at (0,0) size 800x600
  LayoutBlockFlow {HTML} at (0,0) size 800x600
    LayoutBlockFlow {BODY} at (8,8) size 784x584
      LayoutText {#text} at (0,0) size 284x19
        text run at (0,0) width 284: "With the label empty, the enclosing text is used."
      LayoutBR {BR} at (284,15) size 0x0
      LayoutMenuList {SELECT} at (0,20) size 326x20 [bgcolor=#FFFFFF] [border: (1px solid #A9A9A9)]
        LayoutBlockFlow (anonymous) at (1,1) size 324x18
          LayoutText (anonymous) at (4,1) size 301x16
            text run at (4,1) width 301: "empty label should display empty string to match IE"
      LayoutText {#text} at (0,0) size 0x0
