layer at (0,0) size 800x600
  LayoutView at (0,0) size 800x600
layer at (0,0) size 800x600
  LayoutBlockFlow {HTML} at (0,0) size 800x600
    LayoutBlockFlow {BODY} at (8,8) size 784x576
      LayoutBlockFlow (anonymous) at (0,0) size 784x22
        LayoutTextControl {INPUT} at (0,0) size 153x22 [bgcolor=#FFFFFF] [border: (2px inset #EEEEEE)]
        LayoutText {#text} at (153,1) size 4x19
          text run at (153,1) width 4: " "
        LayoutTextControl {INPUT} at (157,0) size 153x22 [bgcolor=#FFFFFF] [border: (2px inset #EEEEEE)]
        LayoutText {#text} at (310,1) size 4x19
          text run at (310,1) width 4: " "
        LayoutTextControl {INPUT} at (314,0) size 153x22 [bgcolor=#FFFFFF] [border: (2px inset #EEEEEE)]
        LayoutText {#text} at (0,0) size 0x0
      LayoutBlockFlow {P} at (0,38) size 784x40
        LayoutText {#text} at (0,0) size 741x39
          text run at (0,0) width 741: "Tests scrolling back to the beginning when a text field blurs. The first field should be scrolled to the left, the second and third"
          text run at (0,20) width 119: "scrolled to the right."
layer at (10,11) size 149x16 scrollWidth 338
  LayoutBlockFlow {DIV} at (2,3) size 149x16
    LayoutText {#text} at (0,0) size 337x16
      text run at (0,0) width 337: "this text field has a lot of text in it so that it needs to scroll"
layer at (167,11) size 149x16 scrollX 188.00 scrollWidth 337
  LayoutBlockFlow {DIV} at (2,3) size 149x16
    LayoutText {#text} at (-188,0) size 337x16
      text run at (-188,0) width 337: "this text field has a lot of text in it so that it needs to scroll"
layer at (324,11) size 149x16 scrollX 189.00 scrollWidth 338
  LayoutBlockFlow {DIV} at (2,3) size 149x16
    LayoutText {#text} at (0,0) size 337x16
      text run at (0,0) width 337: "this text field has a lot of text in it so that it needs to scroll"
caret: position 66 of child 0 {#text} of child 0 {DIV} of {#document-fragment} of child 4 {INPUT} of body
