layer at (0,0) size 800x600
  LayoutView at (0,0) size 800x600
layer at (0,0) size 800x600
  LayoutBlockFlow {HTML} at (0,0) size 800x600
    LayoutBlockFlow {BODY} at (8,8) size 784x584
      LayoutButton {INPUT} at (0,9) size 41x12 [bgcolor=#C0C0C0] [border: (2px outset #C0C0C0)]
        LayoutBlockFlow (anonymous) at (8,3) size 25x6
          LayoutText {#text} at (0,0) size 25x6
            text run at (0,0) width 25: "Test Button"
      LayoutText {#text} at (41,2) size 4x19
        text run at (41,2) width 4: " "
      LayoutButton {INPUT} at (45,9) size 47x12 [bgcolor=#C0C0C0] [border: (2px outset #C0C0C0)]
        LayoutBlockFlow (anonymous) at (8,3) size 31x6
          LayoutText {#text} at (0,0) size 31x6
            text run at (0,0) width 31: "Test Button"
      LayoutText {#text} at (92,2) size 4x19
        text run at (92,2) width 4: " "
      LayoutButton {INPUT} at (96,8) size 54x13 [bgcolor=#C0C0C0] [border: (2px outset #C0C0C0)]
        LayoutBlockFlow (anonymous) at (8,3) size 38x7
          LayoutText {#text} at (0,0) size 38x7
            text run at (0,0) width 38: "Test Button"
      LayoutText {#text} at (150,2) size 4x19
        text run at (150,2) width 4: " "
      LayoutButton {INPUT} at (154,6) size 54x16 [bgcolor=#C0C0C0] [border: (2px outset #C0C0C0)]
        LayoutBlockFlow (anonymous) at (8,3) size 38x10
          LayoutText {#text} at (0,0) size 38x10
            text run at (0,0) width 38: "Test Button"
      LayoutText {#text} at (208,2) size 4x19
        text run at (208,2) width 4: " "
      LayoutButton {INPUT} at (212,5) size 64x18 [bgcolor=#C0C0C0] [border: (2px outset #C0C0C0)]
        LayoutBlockFlow (anonymous) at (8,3) size 48x12
          LayoutText {#text} at (0,0) size 48x12
            text run at (0,0) width 48: "Test Button"
      LayoutText {#text} at (276,2) size 4x19
        text run at (276,2) width 4: " "
      LayoutButton {INPUT} at (280,4) size 70x19 [bgcolor=#C0C0C0] [border: (2px outset #C0C0C0)]
        LayoutBlockFlow (anonymous) at (8,3) size 54x13
          LayoutText {#text} at (0,0) size 54x13
            text run at (0,0) width 54: "Test Button"
      LayoutText {#text} at (350,2) size 4x19
        text run at (350,2) width 4: " "
      LayoutButton {INPUT} at (354,3) size 71x20 [bgcolor=#C0C0C0] [border: (2px outset #C0C0C0)]
        LayoutBlockFlow (anonymous) at (8,3) size 55x14
          LayoutText {#text} at (0,0) size 55x14
            text run at (0,0) width 55: "Test Button"
      LayoutText {#text} at (425,2) size 4x19
        text run at (425,2) width 4: " "
      LayoutButton {INPUT} at (429,2) size 78x21 [bgcolor=#C0C0C0] [border: (2px outset #C0C0C0)]
        LayoutBlockFlow (anonymous) at (8,3) size 62x15
          LayoutText {#text} at (0,0) size 62x15
            text run at (0,0) width 62: "Test Button"
      LayoutText {#text} at (507,2) size 4x19
        text run at (507,2) width 4: " "
      LayoutButton {INPUT} at (511,1) size 83x22 [bgcolor=#C0C0C0] [border: (2px outset #C0C0C0)]
        LayoutBlockFlow (anonymous) at (8,3) size 67x16
          LayoutText {#text} at (0,0) size 67x16
            text run at (0,0) width 67: "Test Button"
      LayoutText {#text} at (594,2) size 4x19
        text run at (594,2) width 4: " "
      LayoutButton {INPUT} at (598,1) size 89x22 [bgcolor=#C0C0C0] [border: (2px outset #C0C0C0)]
        LayoutBlockFlow (anonymous) at (8,3) size 73x16
          LayoutText {#text} at (0,0) size 73x16
            text run at (0,0) width 73: "Test Button"
      LayoutText {#text} at (687,2) size 4x19
        text run at (687,2) width 4: " "
      LayoutButton {INPUT} at (691,0) size 91x23 [bgcolor=#C0C0C0] [border: (2px outset #C0C0C0)]
        LayoutBlockFlow (anonymous) at (8,3) size 75x17
          LayoutText {#text} at (0,0) size 75x17
            text run at (0,0) width 75: "Test Button"
      LayoutText {#text} at (0,0) size 0x0
      LayoutButton {INPUT} at (0,27) size 94x25 [bgcolor=#C0C0C0] [border: (2px outset #C0C0C0)]
        LayoutBlockFlow (anonymous) at (8,3) size 78x19
          LayoutText {#text} at (0,0) size 78x18
            text run at (0,0) width 78: "Test Button"
      LayoutText {#text} at (94,30) size 4x19
        text run at (94,30) width 4: " "
      LayoutButton {INPUT} at (98,27) size 97x26 [bgcolor=#C0C0C0] [border: (2px outset #C0C0C0)]
        LayoutBlockFlow (anonymous) at (8,3) size 81x20
          LayoutText {#text} at (0,0) size 81x19
            text run at (0,0) width 81: "Test Button"
      LayoutText {#text} at (195,30) size 4x19
        text run at (195,30) width 4: " "
      LayoutButton {INPUT} at (199,25) size 109x28 [bgcolor=#C0C0C0] [border: (2px outset #C0C0C0)]
        LayoutBlockFlow (anonymous) at (8,3) size 93x22
          LayoutText {#text} at (0,0) size 93x21
            text run at (0,0) width 93: "Test Button"
      LayoutText {#text} at (308,30) size 4x19
        text run at (308,30) width 4: " "
      LayoutButton {INPUT} at (312,24) size 113x29 [bgcolor=#C0C0C0] [border: (2px outset #C0C0C0)]
        LayoutBlockFlow (anonymous) at (8,3) size 97x23
          LayoutText {#text} at (0,0) size 97x22
            text run at (0,0) width 97: "Test Button"
      LayoutText {#text} at (425,30) size 4x19
        text run at (425,30) width 4: " "
      LayoutButton {INPUT} at (429,23) size 117x30 [bgcolor=#C0C0C0] [border: (2px outset #C0C0C0)]
        LayoutBlockFlow (anonymous) at (8,3) size 101x24
          LayoutText {#text} at (0,0) size 101x23
            text run at (0,0) width 101: "Test Button"
      LayoutText {#text} at (546,30) size 4x19
        text run at (546,30) width 4: " "
      LayoutButton {INPUT} at (550,23) size 123x31 [bgcolor=#C0C0C0] [border: (2px outset #C0C0C0)]
        LayoutBlockFlow (anonymous) at (8,3) size 107x25
          LayoutText {#text} at (0,0) size 107x24
            text run at (0,0) width 107: "Test Button"
      LayoutText {#text} at (0,0) size 0x0
