layer at (0,0) size 800x600
  LayoutView at (0,0) size 800x600
layer at (0,0) size 800x600
  LayoutBlockFlow {HTML} at (0,0) size 800x600
    LayoutBlockFlow {BODY} at (8,8) size 784x584
      LayoutTextControl {INPUT} at (0,0) size 155x22 [bgcolor=#FFFFFF] [border: (2px inset #EEEEEE)]
        LayoutFlexibleBox {DIV} at (3,3) size 149x16
          LayoutBlockFlow {DIV} at (0,2.50) size 1x11
          LayoutBlockFlow {DIV} at (1,0) size 135x16
      LayoutBR {BR} at (155,16) size 0x0
      LayoutTextControl {INPUT} at (0,22) size 153x22 [bgcolor=#FFFFFF] [border: (2px inset #EEEEEE)]
      LayoutBR {BR} at (153,38) size 0x0
      LayoutTextControl {INPUT} at (0,44) size 155x22 [bgcolor=#FFFFFF] [border: (2px inset #EEEEEE)]
        LayoutFlexibleBox {DIV} at (3,3) size 149x16
          LayoutBlockFlow {DIV} at (0,2.50) size 1x11
          LayoutBlockFlow {DIV} at (1,0) size 135x16
      LayoutBR {BR} at (155,60) size 0x0
      LayoutTextControl {INPUT} at (0,66) size 155x22 [bgcolor=#FFFFFF] [border: (2px inset #EEEEEE)]
        LayoutFlexibleBox {DIV} at (3,3) size 149x16
          LayoutBlockFlow {DIV} at (2,1.50) size 13x13
          LayoutBlockFlow {DIV} at (18,0) size 118x16
      LayoutBR {BR} at (155,82) size 0x0
      LayoutBR {BR} at (179,124) size 0x0
      LayoutTextControl {INPUT} at (0,124) size 153x36 [bgcolor=#FFFFFF] [border: (2px inset #EEEEEE)]
      LayoutBR {BR} at (153,140) size 0x0
      LayoutBR {BR} at (179,209) size 0x0
      LayoutTextControl {INPUT} at (5,214) size 183x29 [bgcolor=#FFFFFF] [border: (5px solid #000000)]
      LayoutBR {BR} at (193,234) size 0x0
      LayoutTextControl {INPUT} at (0,248) size 153x31 [bgcolor=#FFFFFF] [border: (2px inset #EEEEEE)]
      LayoutText {#text} at (153,253) size 4x19
        text run at (153,253) width 4: " "
      LayoutTextControl {INPUT} at (157,248) size 153x31 [bgcolor=#FFFFFF] [border: (2px inset #EEEEEE)]
      LayoutText {#text} at (310,253) size 4x19
        text run at (310,253) width 4: " "
      LayoutBR {BR} at (314,268) size 0x0
      LayoutTextControl {INPUT} at (0,279) size 153x22 [bgcolor=#FFFFFF] [border: (2px inset #EEEEEE)]
      LayoutText {#text} at (153,280) size 4x19
        text run at (153,280) width 4: " "
      LayoutTextControl {INPUT} at (157,279) size 153x22 [bgcolor=#FFFFFF] [border: (2px inset #EEEEEE)]
      LayoutText {#text} at (310,280) size 4x19
        text run at (310,280) width 4: " "
      LayoutTextControl {INPUT} at (314,279) size 153x22 [bgcolor=#FFFFFF] [border: (2px inset #EEEEEE)]
      LayoutText {#text} at (467,280) size 4x19
        text run at (467,280) width 4: " "
      LayoutBR {BR} at (471,295) size 0x0
      LayoutBR {BR} at (153,331) size 0x0
layer at (12,11) size 135x16
  LayoutBlockFlow {DIV} at (4,3) size 135x16 [color=#A9A9A9]
    LayoutText {#text} at (0,0) size 66x16
      text run at (0,0) width 66: "placeholder"
layer at (12,11) size 135x16
  LayoutBlockFlow {DIV} at (0,0) size 135x16
layer at (10,33) size 149x16
  LayoutBlockFlow {DIV} at (2,3) size 149x16 [color=#A9A9A9]
    LayoutText {#text} at (0,0) size 66x16
      text run at (0,0) width 66: "placeholder"
layer at (10,33) size 149x16
  LayoutBlockFlow {DIV} at (2,3) size 149x16
layer at (12,55) size 135x16
  LayoutBlockFlow {DIV} at (4,3) size 135x16 [color=#A9A9A9]
    LayoutText {#text} at (69,0) size 66x16
      text run at (69,0) width 66: "placeholder"
layer at (12,55) size 135x16
  LayoutBlockFlow {DIV} at (0,0) size 135x16
layer at (29,77) size 118x16
  LayoutBlockFlow {DIV} at (21,3) size 118x16 [color=#A9A9A9]
    LayoutText {#text} at (0,0) size 66x16
      text run at (0,0) width 66: "placeholder"
layer at (29,77) size 118x16
  LayoutBlockFlow {DIV} at (0,0) size 118x16
layer at (8,96) size 179x36 clip at (9,97) size 177x34
  LayoutTextControl {TEXTAREA} at (0,88) size 179x36 [bgcolor=#FFFFFF] [border: (1px solid #A9A9A9)]
    LayoutBlockFlow {DIV} at (3,3) size 175x16 [color=#A9A9A9]
      LayoutText {#text} at (0,0) size 88x16
        text run at (0,0) width 88: "placeholder"
    LayoutBlockFlow {DIV} at (3,3) size 175x16
layer at (10,135) size 149x16
  LayoutBlockFlow {DIV} at (2,3) size 149x16 [color=#A9A9A9]
    LayoutText {#text} at (0,0) size 66x16
      text run at (0,0) width 66: "placeholder"
layer at (10,135) size 149x16
  LayoutBlockFlow {DIV} at (2,3) size 149x16
layer at (8,168) size 179x49 clip at (9,169) size 177x47
  LayoutTextControl {TEXTAREA} at (0,160) size 179x49 [bgcolor=#FFFFFF] [border: (1px solid #A9A9A9)]
    LayoutBlockFlow {DIV} at (3,16) size 175x16 [color=#A9A9A9]
      LayoutText {#text} at (0,0) size 88x16
        text run at (0,0) width 88: "placeholder"
    LayoutBlockFlow {DIV} at (3,16) size 175x16
layer at (18,228) size 173x17
  LayoutBlockFlow {DIV} at (5,6) size 173x17 [color=#A9A9A9]
    LayoutText {#text} at (0,0) size 75x17
      text run at (0,0) width 75: "placeholder"
layer at (18,228) size 173x17
  LayoutBlockFlow {DIV} at (5,6) size 173x17
layer at (10,259) size 149x25
  LayoutBlockFlow {DIV} at (2,3) size 149x25
    LayoutText {#text} at (0,4) size 33x16
      text run at (0,4) width 33: "Value"
layer at (167,259) size 149x25
  LayoutBlockFlow {DIV} at (2,3) size 149x25 [color=#A9A9A9]
    LayoutText {#text} at (0,4) size 66x16
      text run at (0,4) width 66: "placeholder"
layer at (167,259) size 149x25
  LayoutBlockFlow {DIV} at (2,3) size 149x25
layer at (10,290) size 149x16
  LayoutBlockFlow {DIV} at (2,3) size 149x16
    LayoutText {#text} at (58,0) size 33x16
      text run at (58,0) width 33: "Value"
layer at (167,290) size 149x16
  LayoutBlockFlow {DIV} at (2,3) size 149x16 [color=#A9A9A9]
    LayoutText {#text} at (41,0) size 67x16
      text run at (41,0) width 67: "placeholder"
layer at (167,290) size 149x16
  LayoutBlockFlow {DIV} at (2,3) size 149x16
layer at (324,290) size 149x16
  LayoutBlockFlow {DIV} at (2,3) size 149x16 [color=#A9A9A9]
    LayoutText {#text} at (41,0) size 67x16
      text run at (41,0) width 67: "placeholder"
layer at (324,290) size 149x16
  LayoutBlockFlow {DIV} at (2,3) size 149x16
layer at (148,15) size 9x9 transparent
  LayoutBlockFlow {DIV} at (137,3.50) size 9x9
layer at (148,59) size 9x9 transparent
  LayoutBlockFlow {DIV} at (137,3.50) size 9x9
layer at (148,81) size 9x9 transparent
  LayoutBlockFlow {DIV} at (137,3.50) size 9x9
layer at (8,309) size 153x36
  LayoutTextControl {INPUT} at (0,301) size 153x36 [bgcolor=#FFFFFF] [border: (2px inset #EEEEEE)]
layer at (10,326) size 149x16
  LayoutBlockFlow {DIV} at (2,17) size 149x16 [color=#A9A9A9]
    LayoutText {#text} at (0,0) size 66x16
      text run at (0,0) width 66: "placeholder"
layer at (10,326) size 149x16
  LayoutBlockFlow {DIV} at (2,17) size 149x16
