layer at (0,0) size 800x600
  LayoutView at (0,0) size 800x600
layer at (0,0) size 800x600
  LayoutBlockFlow {HTML} at (0,0) size 800x600
    LayoutBlockFlow {BODY} at (8,8) size 784x584
      LayoutText {#text} at (200,185) size 4x19
        text run at (200,185) width 4: " "
      LayoutText {#text} at (204,185) size 52x19
        text run at (204,185) width 52: "183 386"
layer at (8,8) size 200x200 clip at (9,9) size 183x198 scrollHeight 386
  LayoutTextControl {TEXTAREA} at (0,0) size 200x200 [bgcolor=#FFFFFF] [border: (1px solid #A9A9A9)]
    LayoutBlockFlow {DIV} at (3,3) size 181x384
      LayoutText {#text} at (0,0) size 128x16
        text run at (0,0) width 128: "Lots of content."
      LayoutBR {BR} at (128,12) size 0x0
      LayoutText {#text} at (0,16) size 128x16
        text run at (0,16) width 128: "Lots of content."
      LayoutBR {BR} at (128,28) size 0x0
      LayoutText {#text} at (0,32) size 128x16
        text run at (0,32) width 128: "Lots of content."
      LayoutBR {BR} at (128,44) size 0x0
      LayoutText {#text} at (0,48) size 128x16
        text run at (0,48) width 128: "Lots of content."
      LayoutBR {BR} at (128,60) size 0x0
      LayoutBR {BR} at (0,64) size 0x16
      LayoutText {#text} at (0,80) size 128x16
        text run at (0,80) width 128: "Lots of content."
      LayoutBR {BR} at (128,92) size 0x0
      LayoutText {#text} at (0,96) size 128x16
        text run at (0,96) width 128: "Lots of content."
      LayoutBR {BR} at (128,108) size 0x0
      LayoutBR {BR} at (0,112) size 0x16
      LayoutText {#text} at (0,128) size 128x16
        text run at (0,128) width 128: "Lots of content."
      LayoutBR {BR} at (128,140) size 0x0
      LayoutText {#text} at (0,144) size 128x16
        text run at (0,144) width 128: "Lots of content."
      LayoutBR {BR} at (128,156) size 0x0
      LayoutBR {BR} at (0,160) size 0x16
      LayoutText {#text} at (0,176) size 128x16
        text run at (0,176) width 128: "Lots of content."
      LayoutBR {BR} at (128,188) size 0x0
      LayoutText {#text} at (0,192) size 128x16
        text run at (0,192) width 128: "Lots of content."
      LayoutBR {BR} at (128,204) size 0x0
      LayoutBR {BR} at (0,208) size 0x16
      LayoutText {#text} at (0,224) size 128x16
        text run at (0,224) width 128: "Lots of content."
      LayoutBR {BR} at (128,236) size 0x0
      LayoutText {#text} at (0,240) size 128x16
        text run at (0,240) width 128: "Lots of content."
      LayoutBR {BR} at (128,252) size 0x0
      LayoutBR {BR} at (0,256) size 0x16
      LayoutText {#text} at (0,272) size 128x16
        text run at (0,272) width 128: "Lots of content."
      LayoutBR {BR} at (128,284) size 0x0
      LayoutText {#text} at (0,288) size 128x16
        text run at (0,288) width 128: "Lots of content."
      LayoutBR {BR} at (128,300) size 0x0
      LayoutBR {BR} at (0,304) size 0x16
      LayoutText {#text} at (0,320) size 128x16
        text run at (0,320) width 128: "Lots of content."
      LayoutBR {BR} at (128,332) size 0x0
      LayoutText {#text} at (0,336) size 128x16
        text run at (0,336) width 128: "Lots of content."
      LayoutBR {BR} at (128,348) size 0x0
      LayoutBR {BR} at (0,352) size 0x16
      LayoutBR {BR} at (0,368) size 0x16
