layer at (0,0) size 800x600
  LayoutView at (0,0) size 800x600
layer at (0,0) size 800x600
  LayoutBlockFlow {HTML} at (0,0) size 800x600
    LayoutBlockFlow {BODY} at (8,8) size 784x584
      LayoutTextControl {INPUT} at (0,0) size 153x22 [bgcolor=#FFFFFF] [border: (2px inset #EEEEEE)]
      LayoutText {#text} at (153,1) size 4x19
        text run at (153,1) width 4: " "
      LayoutTextControl {INPUT} at (157,0) size 153x22 [color=#FF0000] [bgcolor=#FFFFFF] [border: (2px inset #EEEEEE)]
      LayoutText {#text} at (310,1) size 4x19
        text run at (310,1) width 4: " "
      LayoutTextControl {INPUT} at (314,0) size 153x22 [bgcolor=#008000] [border: (2px inset #EEEEEE)]
      LayoutText {#text} at (467,1) size 4x19
        text run at (467,1) width 4: " "
      LayoutTextControl {INPUT} at (471,0) size 153x22 [color=#FF0000] [bgcolor=#008000] [border: (2px inset #EEEEEE)]
      LayoutText {#text} at (0,0) size 0x0
layer at (10,11) size 149x16
  LayoutBlockFlow {DIV} at (2,3) size 149x16
    LayoutText {#text} at (0,0) size 38x16
      text run at (0,0) width 38: "default"
layer at (167,11) size 149x16
  LayoutBlockFlow {DIV} at (2,3) size 149x16
    LayoutText {#text} at (0,0) size 18x16
      text run at (0,0) width 18: "red"
layer at (324,11) size 149x16
  LayoutBlockFlow {DIV} at (2,3) size 149x16
    LayoutText {#text} at (0,0) size 92x16
      text run at (0,0) width 92: "default on green"
layer at (481,11) size 149x16
  LayoutBlockFlow {DIV} at (2,3) size 149x16
    LayoutText {#text} at (0,0) size 72x16
      text run at (0,0) width 72: "red on green"
