layer at (0,0) size 800x600 scrollWidth 1104 scrollHeight 1046
  LayoutView at (0,0) size 800x600
layer at (0,0) size 800x1046 backgroundClip at (0,0) size 800x600 clip at (0,0) size 800x600
  LayoutBlockFlow {HTML} at (0,0) size 800x1046
    LayoutBlockFlow {BODY} at (8,16) size 784x1022
      LayoutBlockFlow {P} at (0,0) size 784x40
        LayoutText {#text} at (0,0) size 51x19
          text run at (0,0) width 51: "Test for "
        LayoutInline {I} at (0,0) size 729x39
          LayoutInline {A} at (0,0) size 297x19 [color=#0000EE]
            LayoutText {#text} at (51,0) size 297x19
              text run at (51,0) width 297: "http://bugs.webkit.org/show_bug.cgi?id=5399"
          LayoutText {#text} at (348,0) size 729x39
            text run at (348,0) width 4: " "
            text run at (352,0) width 377: "no-repeat on negatively positioned background images are"
            text run at (0,20) width 49: "ignored"
        LayoutText {#text} at (49,20) size 4x19
          text run at (49,20) width 4: "."
      LayoutBlockFlow {P} at (0,56) size 784x20
        LayoutText {#text} at (0,0) size 436x19
          text run at (0,0) width 436: "Element with background image starting at (-13, -13) with no-repeat set:"
      LayoutBlockFlow (floating) {DIV} at (6,98) size 34x34 [border: (1px dotted #008000)]
      LayoutBlockFlow (floating) {DIV} at (52,98) size 29x29 [border: (1px dotted #008000)]
      LayoutBlockFlow (floating) {DIV} at (93,98) size 24x24 [border: (1px dotted #008000)]
      LayoutBlockFlow {P} at (0,138) size 784x20
        LayoutText {#text} at (0,0) size 428x19
          text run at (0,0) width 428: "Element with background image starting at (-13, -13) with repeat-y set:"
      LayoutBlockFlow (floating) {DIV} at (6,180) size 34x34 [border: (1px dotted #008000)]
      LayoutBlockFlow (floating) {DIV} at (52,180) size 29x29 [border: (1px dotted #008000)]
      LayoutBlockFlow (floating) {DIV} at (93,180) size 24x24 [border: (1px dotted #008000)]
      LayoutBlockFlow {P} at (0,220) size 784x20
        LayoutText {#text} at (0,0) size 428x19
          text run at (0,0) width 428: "Element with background image starting at (-13, -13) with repeat-x set:"
      LayoutBlockFlow (floating) {DIV} at (6,262) size 34x34 [border: (1px dotted #008000)]
      LayoutBlockFlow (floating) {DIV} at (52,262) size 29x29 [border: (1px dotted #008000)]
      LayoutBlockFlow (floating) {DIV} at (93,262) size 24x24 [border: (1px dotted #008000)]
      LayoutBlockFlow {P} at (0,302) size 784x20
        LayoutText {#text} at (0,0) size 424x19
          text run at (0,0) width 424: "Element with background image starting at (13, 13) with no-repeat set:"
      LayoutBlockFlow (floating) {DIV} at (6,344) size 34x34 [border: (1px dotted #008000)]
      LayoutBlockFlow (floating) {DIV} at (52,344) size 29x29 [border: (1px dotted #008000)]
      LayoutBlockFlow (floating) {DIV} at (93,344) size 24x24 [border: (1px dotted #008000)]
      LayoutBlockFlow {P} at (0,384) size 784x20
        LayoutText {#text} at (0,0) size 416x19
          text run at (0,0) width 416: "Element with background image starting at (13, 13) with repeat-y set:"
      LayoutBlockFlow (floating) {DIV} at (6,426) size 34x34 [border: (1px dotted #008000)]
      LayoutBlockFlow (floating) {DIV} at (52,426) size 29x29 [border: (1px dotted #008000)]
      LayoutBlockFlow (floating) {DIV} at (93,426) size 24x24 [border: (1px dotted #008000)]
      LayoutBlockFlow {P} at (0,466) size 784x20
        LayoutText {#text} at (0,0) size 416x19
          text run at (0,0) width 416: "Element with background image starting at (13, 13) with repeat-x set:"
      LayoutBlockFlow (floating) {DIV} at (6,508) size 34x34 [border: (1px dotted #008000)]
      LayoutBlockFlow (floating) {DIV} at (52,508) size 29x29 [border: (1px dotted #008000)]
      LayoutBlockFlow (floating) {DIV} at (93,508) size 24x24 [border: (1px dotted #008000)]
layer at (8,534) size 0x5000
  LayoutBlockFlow (positioned) {P} at (8,534) size 0x5000
layer at (8,564) size 446x474 backgroundClip at (0,0) size 800x600 clip at (0,0) size 800x600
  LayoutTable {TABLE} at (0,548) size 446x474 [border: (5px outset #808080)]
    LayoutTableSection {TBODY} at (5,5) size 436x464
      LayoutTableRow {TR} at (0,2) size 436x460
        LayoutTableCell {TD} at (2,2) size 432x460 [border: (1px inset #808080)] [r=0 c=0 rs=1 cs=1]
          LayoutBlockFlow (floating) {DIV} at (8,8) size 34x34 [border: (1px dotted #008000)]
          LayoutBlockFlow (floating) {DIV} at (54,8) size 29x29 [border: (1px dotted #008000)]
          LayoutBlockFlow (floating) {DIV} at (95,8) size 24x24 [border: (1px dotted #008000)]
          LayoutBlockFlow {P} at (2,48) size 428x20
            LayoutText {#text} at (0,0) size 428x19
              text run at (0,0) width 428: "Element with background image starting at (-13, -13) with repeat-y set:"
          LayoutBlockFlow (floating) {DIV} at (8,90) size 34x34 [border: (1px dotted #008000)]
          LayoutBlockFlow (floating) {DIV} at (54,90) size 29x29 [border: (1px dotted #008000)]
          LayoutBlockFlow (floating) {DIV} at (95,90) size 24x24 [border: (1px dotted #008000)]
          LayoutBlockFlow {P} at (2,130) size 428x20
            LayoutText {#text} at (0,0) size 428x19
              text run at (0,0) width 428: "Element with background image starting at (-13, -13) with repeat-x set:"
          LayoutBlockFlow (floating) {DIV} at (8,172) size 34x34 [border: (1px dotted #008000)]
          LayoutBlockFlow (floating) {DIV} at (54,172) size 29x29 [border: (1px dotted #008000)]
          LayoutBlockFlow (floating) {DIV} at (95,172) size 24x24 [border: (1px dotted #008000)]
          LayoutBlockFlow {P} at (2,212) size 428x20
            LayoutText {#text} at (0,0) size 424x19
              text run at (0,0) width 424: "Element with background image starting at (13, 13) with no-repeat set:"
          LayoutBlockFlow (floating) {DIV} at (8,254) size 34x34 [border: (1px dotted #008000)]
          LayoutBlockFlow (floating) {DIV} at (54,254) size 29x29 [border: (1px dotted #008000)]
          LayoutBlockFlow (floating) {DIV} at (95,254) size 24x24 [border: (1px dotted #008000)]
          LayoutBlockFlow {P} at (2,294) size 428x20
            LayoutText {#text} at (0,0) size 416x19
              text run at (0,0) width 416: "Element with background image starting at (13, 13) with repeat-y set:"
          LayoutBlockFlow (floating) {DIV} at (8,336) size 34x34 [border: (1px dotted #008000)]
          LayoutBlockFlow (floating) {DIV} at (54,336) size 29x29 [border: (1px dotted #008000)]
          LayoutBlockFlow (floating) {DIV} at (95,336) size 24x24 [border: (1px dotted #008000)]
          LayoutBlockFlow {P} at (2,376) size 428x20
            LayoutText {#text} at (0,0) size 416x19
              text run at (0,0) width 416: "Element with background image starting at (13, 13) with repeat-x set:"
          LayoutBlockFlow (floating) {DIV} at (8,418) size 34x34 [border: (1px dotted #008000)]
          LayoutBlockFlow (floating) {DIV} at (54,418) size 29x29 [border: (1px dotted #008000)]
          LayoutBlockFlow (floating) {DIV} at (95,418) size 24x24 [border: (1px dotted #008000)]
