layer at (0,0) size 800x600
  LayoutView at (0,0) size 800x600
layer at (0,0) size 800x600
  LayoutBlockFlow {HTML} at (0,0) size 800x600
    LayoutBlockFlow {BODY} at (8,8) size 784x584
      LayoutBlockFlow {DIV} at (0,0) size 784x18
        LayoutBlockFlow (floating) {DIV} at (515.19,0) size 268.81x104 [border: (2px solid #FF0000)]
          LayoutText {#text} at (2,2) size 265x17
            text run at (2,2) width 265: "I should become a right-floating element."
        LayoutText {#text} at (0,0) size 402x17
          text run at (0,0) width 200: "This text should be on the left. "
          text run at (199,0) width 203: "The float should be to the right."
      LayoutBlockFlow {DIV} at (0,18) size 784x30
      LayoutBlockFlow {DIV} at (0,48) size 784x36
        LayoutBlockFlow (floating) {SPAN} at (0,0) size 259.91x104 [border: (2px solid #FF0000)]
          LayoutText {#text} at (2,2) size 256x17
            text run at (2,2) width 256: "I should become a left-floating element."
        LayoutText {#text} at (259,0) size 234x35
          text run at (259,0) width 209: "This text should be on the right. "
          text run at (467,0) width 26: "The"
          text run at (259,18) width 166: "float should be to the left."
