layer at (0,0) size 800x600
  LayoutView at (0,0) size 800x600
layer at (0,0) size 800x600
  LayoutBlockFlow {HTML} at (0,0) size 800x600
    LayoutBlockFlow {BODY} at (8,8) size 784x584
      LayoutBlockFlow {H2} at (0,0) size 784x27
        LayoutText {#text} at (0,0) size 219x26
          text run at (0,0) width 219: "Block Collapse Demo"
      LayoutBlockFlow {P} at (0,46.91) size 784x18
        LayoutText {#text} at (0,0) size 701x17
          text run at (0,0) width 311: "This table below has three hierarchical sections. "
          text run at (310,0) width 391: "Collapsing a section should cause those below it to move up."
      LayoutBlockFlow {P} at (0,80.91) size 784x18
        LayoutText {#text} at (0,0) size 775x17
          text run at (0,0) width 775: "This works on the latest Windows IE and Mozilla Firefox (Win and Mac) but not on Safari 1.2.3 (v125.9) {or 2.0 (146)}."
      LayoutBlockFlow {P} at (0,114.91) size 784x18
        LayoutText {#text} at (0,0) size 760x17
          text run at (0,0) width 588: "Note that the second section is collapsed when the page opens and expanding it works fine. "
          text run at (587,0) width 173: "Just the collapse is broken."
      LayoutBlockFlow {DIV} at (0,148.91) size 784x148
        LayoutBlockFlow {HR} at (0,0) size 784x2 [border: (1px inset #EEEEEE)]
        LayoutBlockFlow {DIV} at (0,10) size 784x20
          LayoutImage {IMG} at (0,0) size 16x16
          LayoutText {#text} at (16,2) size 76x17
            text run at (16,2) width 76: " Block One"
        LayoutBlockFlow {DIV} at (0,30) size 784x20
          LayoutImage {IMG} at (0,0) size 16x16
          LayoutText {#text} at (16,2) size 77x17
            text run at (16,2) width 77: " Block Two"
        LayoutBlockFlow {DIV} at (0,50) size 784x20
          LayoutImage {IMG} at (0,0) size 16x16
          LayoutText {#text} at (16,2) size 88x17
            text run at (16,2) width 88: " Block Three"
        LayoutBlockFlow {DIV} at (0,70) size 784x68
          LayoutTable {TABLE} at (0,0) size 784x68
            LayoutTableSection {TBODY} at (0,0) size 784x68
              LayoutTableRow {TR} at (0,2) size 784x20
                LayoutTableCell {TD} at (2,2) size 32x20 [r=0 c=0 rs=1 cs=1]
                  LayoutText {#text} at (1,1) size 4x17
                    text run at (1,1) width 4: " "
                LayoutTableCell {TD} at (36,2) size 746x20 [r=0 c=1 rs=1 cs=1]
                  LayoutText {#text} at (1,1) size 67x17
                    text run at (1,1) width 67: "This is the"
              LayoutTableRow {TR} at (0,24) size 784x20
                LayoutTableCell {TD} at (2,24) size 32x20 [r=1 c=0 rs=1 cs=1]
                  LayoutText {#text} at (1,1) size 4x17
                    text run at (1,1) width 4: " "
                LayoutTableCell {TD} at (36,24) size 746x20 [r=1 c=1 rs=1 cs=1]
                  LayoutText {#text} at (1,1) size 71x17
                    text run at (1,1) width 71: "contents of"
              LayoutTableRow {TR} at (0,46) size 784x20
                LayoutTableCell {TD} at (2,46) size 32x20 [r=2 c=0 rs=1 cs=1]
                  LayoutText {#text} at (1,1) size 4x17
                    text run at (1,1) width 4: " "
                LayoutTableCell {TD} at (36,46) size 746x20 [r=2 c=1 rs=1 cs=1]
                  LayoutText {#text} at (1,1) size 76x17
                    text run at (1,1) width 76: "block three."
        LayoutBlockFlow {HR} at (0,146) size 784x2 [border: (1px inset #EEEEEE)]
hidden layer at (8,187) size 111x68
  LayoutBlockFlow (positioned) {DIV} at (8,186.91) size 111x68
    LayoutTable {TABLE} at (0,0) size 111x68
      LayoutTableSection {TBODY} at (0,0) size 111x68
        LayoutTableRow {TR} at (0,2) size 111x20
          LayoutTableCell {TD} at (2,2) size 32x20 [r=0 c=0 rs=1 cs=1]
            LayoutText {#text} at (1,1) size 4x17
              text run at (1,1) width 4: " "
          LayoutTableCell {TD} at (36,2) size 73x20 [r=0 c=1 rs=1 cs=1]
            LayoutText {#text} at (1,1) size 67x17
              text run at (1,1) width 67: "This is the"
        LayoutTableRow {TR} at (0,24) size 111x20
          LayoutTableCell {TD} at (2,24) size 32x20 [r=1 c=0 rs=1 cs=1]
            LayoutText {#text} at (1,1) size 4x17
              text run at (1,1) width 4: " "
          LayoutTableCell {TD} at (36,24) size 73x20 [r=1 c=1 rs=1 cs=1]
            LayoutText {#text} at (1,1) size 71x17
              text run at (1,1) width 71: "contents of"
        LayoutTableRow {TR} at (0,46) size 111x20
          LayoutTableCell {TD} at (2,46) size 32x20 [r=2 c=0 rs=1 cs=1]
            LayoutText {#text} at (1,1) size 4x17
              text run at (1,1) width 4: " "
          LayoutTableCell {TD} at (36,46) size 73x20 [r=2 c=1 rs=1 cs=1]
            LayoutText {#text} at (1,1) size 67x17
              text run at (1,1) width 67: "block one."
hidden layer at (8,207) size 111x68
  LayoutBlockFlow (positioned) {DIV} at (8,206.91) size 111x68
    LayoutTable {TABLE} at (0,0) size 111x68
      LayoutTableSection {TBODY} at (0,0) size 111x68
        LayoutTableRow {TR} at (0,2) size 111x20
          LayoutTableCell {TD} at (2,2) size 32x20 [r=0 c=0 rs=1 cs=1]
            LayoutText {#text} at (1,1) size 4x17
              text run at (1,1) width 4: " "
          LayoutTableCell {TD} at (36,2) size 73x20 [r=0 c=1 rs=1 cs=1]
            LayoutText {#text} at (1,1) size 67x17
              text run at (1,1) width 67: "This is the"
        LayoutTableRow {TR} at (0,24) size 111x20
          LayoutTableCell {TD} at (2,24) size 32x20 [r=1 c=0 rs=1 cs=1]
            LayoutText {#text} at (1,1) size 4x17
              text run at (1,1) width 4: " "
          LayoutTableCell {TD} at (36,24) size 73x20 [r=1 c=1 rs=1 cs=1]
            LayoutText {#text} at (1,1) size 71x17
              text run at (1,1) width 71: "contents of"
        LayoutTableRow {TR} at (0,46) size 111x20
          LayoutTableCell {TD} at (2,46) size 32x20 [r=2 c=0 rs=1 cs=1]
            LayoutText {#text} at (1,1) size 4x17
              text run at (1,1) width 4: " "
          LayoutTableCell {TD} at (36,46) size 73x20 [r=2 c=1 rs=1 cs=1]
            LayoutText {#text} at (1,1) size 68x17
              text run at (1,1) width 68: "block two."
