layer at (0,0) size 800x600
  LayoutView at (0,0) size 800x600
layer at (0,0) size 800x600
  LayoutBlockFlow {HTML} at (0,0) size 800x600
    LayoutBlockFlow {BODY} at (8,8) size 784x584
      LayoutBlockFlow {P} at (0,0) size 18x584
        LayoutText {#text} at (0,0) size 17x230
          text run at (0,0) width 230: "These two lines should be identical:"
      LayoutBlockFlow {DIV} at (34,0) size 39x584
        LayoutText {#text} at (7,0) size 26x276
          text run at (7,0) width 276: "\x{5E0C}\x{8584}\x{5316}\x{5F8C}\x{306E}1\x{682A}\x{5F53}\x{308A}\x{5229}\x{76CA}\x{304C}"
        LayoutInline {SPAN} at (0,0) size 26x24
          LayoutTextCombine {#text} at (7,276) size 26x24
            text run at (7,276) width 24: "3.667"
        LayoutText {#text} at (7,300) size 26x144
          text run at (7,300) width 144: "\x{30C9}\x{30EB}\x{3067}\x{3057}\x{305F}\x{3002}"
      LayoutBlockFlow {DIV} at (73,0) size 39x584
        LayoutText {#text} at (7,0) size 26x276
          text run at (7,0) width 276: "\x{5E0C}\x{8584}\x{5316}\x{5F8C}\x{306E}1\x{682A}\x{5F53}\x{308A}\x{5229}\x{76CA}\x{304C}"
        LayoutInline {SPAN} at (0,0) size 26x24
          LayoutTextCombine {#text} at (7,276) size 26x24
            text run at (7,276) width 24: "3.667"
        LayoutText {#text} at (7,300) size 26x144
          text run at (7,300) width 144: "\x{30C9}\x{30EB}\x{3067}\x{3057}\x{305F}\x{3002}"
