layer at (0,0) size 800x600
  LayoutView at (0,0) size 800x600
layer at (0,0) size 800x600
  LayoutBlockFlow {HTML} at (0,0) size 800x600
    LayoutBlockFlow {BODY} at (8,8) size 784x584
      LayoutBlockFlow {P} at (0,0) size 784x20
        LayoutText {#text} at (0,0) size 497x19
          text run at (0,0) width 497: "This test passes if both of the circles have sharp edges when deviceScaleFactor=2."
      LayoutBlockFlow (anonymous) at (0,36) size 784x133
        LayoutImage {IMG} at (0,0) size 128x128
        LayoutText {#text} at (128,113) size 4x19
          text run at (128,113) width 4: " "
        LayoutImage {IMG} at (132,0) size 128x128
        LayoutText {#text} at (0,0) size 0x0
