layer at (0,0) size 800x600
  LayoutView at (0,0) size 800x600
layer at (0,0) size 800x424
  LayoutBlockFlow {HTML} at (0,0) size 800x423.88
    LayoutBlockFlow {BODY} at (8,21.44) size 784x386.44
      LayoutBlockFlow {H1} at (0,0) size 784x37
        LayoutText {#text} at (0,0) size 454x36
          text run at (0,0) width 454: "Minimum and Maximum Widths"
      LayoutBlockFlow {DIV} at (0,58.44) size 784x24 [border: (3px solid #800080)]
        LayoutText {#text} at (3,3) size 33x17
          text run at (3,3) width 33: "This "
        LayoutInline {CODE} at (0,0) size 25x16
          LayoutText {#text} at (35,5) size 25x16
            text run at (35,5) width 25: "div"
        LayoutText {#text} at (59,3) size 417x17
          text run at (59,3) width 417: " should have a medium solid purple border, as should all the rest."
      LayoutBlockFlow {DIV} at (0,82.44) size 319.59x60 [border: (3px solid #800080)]
        LayoutText {#text} at (3,3) size 33x17
          text run at (3,3) width 33: "This "
        LayoutInline {CODE} at (0,0) size 25x16
          LayoutText {#text} at (35,5) size 25x16
            text run at (35,5) width 25: "div"
        LayoutText {#text} at (59,3) size 302x35
          text run at (59,3) width 192: " should have a width of 40%. "
          text run at (250,3) width 55: "This is a"
          text run at (3,21) width 64: "reference "
        LayoutInline {CODE} at (0,0) size 25x16
          LayoutText {#text} at (66,23) size 25x16
            text run at (66,23) width 25: "div"
        LayoutText {#text} at (90,21) size 183x17
          text run at (90,21) width 183: " and should work as long as "
        LayoutInline {CODE} at (0,0) size 41x16
          LayoutText {#text} at (272,23) size 41x16
            text run at (272,23) width 41: "width"
        LayoutText {#text} at (3,39) size 44x17
          text run at (3,39) width 44: "works."
      LayoutBlockFlow {DIV} at (0,142.44) size 319.59x24 [border: (3px solid #800080)]
        LayoutText {#text} at (3,3) size 33x17
          text run at (3,3) width 33: "This "
        LayoutInline {CODE} at (0,0) size 25x16
          LayoutText {#text} at (35,5) size 25x16
            text run at (35,5) width 25: "div"
        LayoutText {#text} at (59,3) size 188x17
          text run at (59,3) width 188: " should have a width of 40%."
      LayoutBlockFlow {DIV} at (0,166.44) size 319.59x24 [border: (3px solid #800080)]
        LayoutText {#text} at (3,3) size 33x17
          text run at (3,3) width 33: "This "
        LayoutInline {CODE} at (0,0) size 25x16
          LayoutText {#text} at (35,5) size 25x16
            text run at (35,5) width 25: "div"
        LayoutText {#text} at (59,3) size 188x17
          text run at (59,3) width 188: " should have a width of 40%."
      LayoutBlockFlow {DIV} at (0,190.44) size 319.59x24 [border: (3px solid #800080)]
        LayoutText {#text} at (3,3) size 33x17
          text run at (3,3) width 33: "This "
        LayoutInline {CODE} at (0,0) size 25x16
          LayoutText {#text} at (35,5) size 25x16
            text run at (35,5) width 25: "div"
        LayoutText {#text} at (59,3) size 188x17
          text run at (59,3) width 188: " should have a width of 40%."
      LayoutBlockFlow {DIV} at (0,214.44) size 319.59x24 [border: (3px solid #800080)]
        LayoutText {#text} at (3,3) size 33x17
          text run at (3,3) width 33: "This "
        LayoutInline {CODE} at (0,0) size 25x16
          LayoutText {#text} at (35,5) size 25x16
            text run at (35,5) width 25: "div"
        LayoutText {#text} at (59,3) size 188x17
          text run at (59,3) width 188: " should have a width of 40%."
      LayoutBlockFlow {DIV} at (0,238.44) size 319.59x24 [border: (3px solid #800080)]
        LayoutText {#text} at (3,3) size 33x17
          text run at (3,3) width 33: "This "
        LayoutInline {CODE} at (0,0) size 25x16
          LayoutText {#text} at (35,5) size 25x16
            text run at (35,5) width 25: "div"
        LayoutText {#text} at (59,3) size 188x17
          text run at (59,3) width 188: " should have a width of 40%."
      LayoutBlockFlow {DIV} at (0,262.44) size 319.59x24 [border: (3px solid #800080)]
        LayoutText {#text} at (3,3) size 33x17
          text run at (3,3) width 33: "This "
        LayoutInline {CODE} at (0,0) size 25x16
          LayoutText {#text} at (35,5) size 25x16
            text run at (35,5) width 25: "div"
        LayoutText {#text} at (59,3) size 188x17
          text run at (59,3) width 188: " should have a width of 40%."
      LayoutBlockFlow {DIV} at (0,286.44) size 319.59x24 [border: (3px solid #800080)]
        LayoutText {#text} at (3,3) size 33x17
          text run at (3,3) width 33: "This "
        LayoutInline {CODE} at (0,0) size 25x16
          LayoutText {#text} at (35,5) size 25x16
            text run at (35,5) width 25: "div"
        LayoutText {#text} at (59,3) size 188x17
          text run at (59,3) width 188: " should have a width of 40%."
      LayoutBlockFlow {DIV} at (0,310.44) size 319.59x24 [border: (3px solid #800080)]
        LayoutText {#text} at (3,3) size 33x17
          text run at (3,3) width 33: "This "
        LayoutInline {CODE} at (0,0) size 25x16
          LayoutText {#text} at (35,5) size 25x16
            text run at (35,5) width 25: "div"
        LayoutText {#text} at (59,3) size 188x17
          text run at (59,3) width 188: " should have a width of 40%."
      LayoutBlockFlow {P} at (0,350.44) size 784x36
        LayoutText {#text} at (0,0) size 204x17
          text run at (0,0) width 204: "If the browser does not support "
        LayoutInline {CODE} at (0,0) size 73x16
          LayoutText {#text} at (203,2) size 73x16
            text run at (203,2) width 73: "min-width"
        LayoutText {#text} at (275,0) size 32x17
          text run at (275,0) width 32: " and "
        LayoutInline {CODE} at (0,0) size 73x16
          LayoutText {#text} at (306,2) size 73x16
            text run at (306,2) width 73: "max-width"
        LayoutText {#text} at (378,0) size 177x17
          text run at (378,0) width 177: ", then the widths should be "
        LayoutInline {CODE} at (0,0) size 33x16
          LayoutText {#text} at (554,2) size 33x16
            text run at (554,2) width 33: "auto"
        LayoutText {#text} at (586,0) size 9x17
          text run at (586,0) width 9: ", "
        LayoutInline {CODE} at (0,0) size 25x16
          LayoutText {#text} at (594,2) size 25x16
            text run at (594,2) width 25: "40%"
        LayoutText {#text} at (618,0) size 9x17
          text run at (618,0) width 9: ", "
        LayoutInline {CODE} at (0,0) size 25x16
          LayoutText {#text} at (626,2) size 25x16
            text run at (626,2) width 25: "30%"
        LayoutText {#text} at (650,0) size 9x17
          text run at (650,0) width 9: ", "
        LayoutInline {CODE} at (0,0) size 25x16
          LayoutText {#text} at (658,2) size 25x16
            text run at (658,2) width 25: "50%"
        LayoutText {#text} at (682,0) size 9x17
          text run at (682,0) width 9: ", "
        LayoutInline {CODE} at (0,0) size 25x16
          LayoutText {#text} at (690,2) size 25x16
            text run at (690,2) width 25: "50%"
        LayoutText {#text} at (714,0) size 9x17
          text run at (714,0) width 9: ", "
        LayoutInline {CODE} at (0,0) size 25x16
          LayoutText {#text} at (722,2) size 25x16
            text run at (722,2) width 25: "40%"
        LayoutText {#text} at (746,0) size 9x17
          text run at (746,0) width 9: ", "
        LayoutInline {CODE} at (0,0) size 25x16
          LayoutText {#text} at (754,2) size 25x16
            text run at (754,2) width 25: "30%"
        LayoutText {#text} at (778,0) size 5x17
          text run at (778,0) width 5: ","
        LayoutInline {CODE} at (0,0) size 24x16
          LayoutText {#text} at (0,20) size 24x16
            text run at (0,20) width 24: "40%"
        LayoutText {#text} at (24,18) size 8x17
          text run at (24,18) width 8: ", "
        LayoutInline {CODE} at (0,0) size 32x16
          LayoutText {#text} at (32,20) size 32x16
            text run at (32,20) width 32: "auto"
        LayoutText {#text} at (64,18) size 197x17
          text run at (64,18) width 197: " (with 70% margin-right), and "
        LayoutInline {CODE} at (0,0) size 33x16
          LayoutText {#text} at (260,20) size 33x16
            text run at (260,20) width 33: "auto"
        LayoutText {#text} at (292,18) size 5x17
          text run at (292,18) width 5: "."
