layer at (0,0) size 800x600 clip at (0,0) size 785x600 scrollHeight 7588
  LayoutView at (0,0) size 800x600
layer at (0,0) size 785x7588 backgroundClip at (0,0) size 785x600 clip at (0,0) size 785x600
  LayoutBlockFlow {HTML} at (0,0) size 785x7588
    LayoutBlockFlow {BODY} at (8,8) size 769x7572
      LayoutBlockFlow (anonymous) at (0,0) size 769x18
        LayoutText {#text} at (0,0) size 453x17
          text run at (0,0) width 453: "This is a test of all the various HTML alignments using LTR direction."
      LayoutBlockFlow {DIV} at (0,18) size 769x226 [border: (4px solid #008000)]
        LayoutBlockFlow {DIV} at (6,6) size 757x26 [border: (2px solid #0000FF)]
          LayoutText {#text} at (4,4) size 190x17
            text run at (4,4) width 190: "Normal div inside normal div"
        LayoutBlockFlow {DIV} at (6,32) size 757x26 [border: (2px solid #0000FF)]
          LayoutText {#text} at (4,4) size 168x17
            text run at (4,4) width 168: "Left div inside normal div"
        LayoutBlockFlow {DIV} at (6,58) size 757x26 [border: (2px solid #0000FF)]
          LayoutText {#text} at (286,4) size 185x17
            text run at (286,4) width 185: "Center div inside normal div"
        LayoutBlockFlow {DIV} at (6,84) size 757x26 [border: (2px solid #0000FF)]
          LayoutText {#text} at (577,4) size 176x17
            text run at (577,4) width 176: "Right div inside normal div"
        LayoutBlockFlow {CENTER} at (6,110) size 757x26 [border: (2px solid #0000FF)]
          LayoutText {#text} at (287,4) size 183x17
            text run at (287,4) width 183: "Center tag inside normal div"
        LayoutTable {TABLE} at (6,136) size 98x28 [border: (2px solid #0000FF)]
          LayoutTableSection {TBODY} at (2,2) size 94x24
            LayoutTableRow {TR} at (0,2) size 94x20
              LayoutTableCell {TD} at (2,2) size 90x20 [r=0 c=0 rs=1 cs=1]
                LayoutText {#text} at (1,1) size 88x17
                  text run at (1,1) width 88: "Normal table."
        LayoutTable {TABLE} at (313,164) size 143x28 [border: (2px solid #0000FF)]
          LayoutTableSection {TBODY} at (2,2) size 139x24
            LayoutTableRow {TR} at (0,2) size 139x20
              LayoutTableCell {TD} at (2,2) size 135x20 [r=0 c=0 rs=1 cs=1]
                LayoutText {#text} at (1,1) size 133x17
                  text run at (1,1) width 133: "Center aligned table."
        LayoutTable {TABLE} at (8,192) size 195x28 [border: (2px solid #0000FF)]
          LayoutTableSection {TBODY} at (2,2) size 191x24
            LayoutTableRow {TR} at (0,2) size 191x20
              LayoutTableCell {TD} at (2,2) size 187x20 [r=0 c=0 rs=1 cs=1]
                LayoutText {#text} at (1,1) size 185x17
                  text run at (1,1) width 185: "Center table (fixed margins)."
      LayoutBlockFlow {DIV} at (0,244) size 769x226 [border: (4px solid #800080)]
        LayoutBlockFlow {DIV} at (6,6) size 408x26 [border: (2px solid #0000FF)]
          LayoutText {#text} at (4,4) size 267x17
            text run at (4,4) width 267: "Normal fixed width div inside normal div"
        LayoutBlockFlow {DIV} at (6,32) size 408x26 [border: (2px solid #0000FF)]
          LayoutText {#text} at (4,4) size 245x17
            text run at (4,4) width 245: "Left fixed width div inside normal div"
        LayoutBlockFlow {DIV} at (6,58) size 408x26 [border: (2px solid #0000FF)]
          LayoutText {#text} at (73,4) size 262x17
            text run at (73,4) width 262: "Center fixed width div inside normal div"
        LayoutBlockFlow {DIV} at (6,84) size 408x26 [border: (2px solid #0000FF)]
          LayoutText {#text} at (150,4) size 254x17
            text run at (150,4) width 254: "Right fixed width div inside normal div"
        LayoutBlockFlow {CENTER} at (6,110) size 408x26 [border: (2px solid #0000FF)]
          LayoutText {#text} at (68,4) size 272x17
            text run at (68,4) width 272: "Center tag (fixed width) inside normal div"
        LayoutTable {TABLE} at (6,136) size 400x28 [border: (2px solid #0000FF)]
          LayoutTableSection {TBODY} at (2,2) size 396x24
            LayoutTableRow {TR} at (0,2) size 396x20
              LayoutTableCell {TD} at (2,2) size 392x20 [r=0 c=0 rs=1 cs=1]
                LayoutText {#text} at (1,1) size 88x17
                  text run at (1,1) width 88: "Normal table."
        LayoutTable {TABLE} at (184.50,164) size 400x28 [border: (2px solid #0000FF)]
          LayoutTableSection {TBODY} at (2,2) size 396x24
            LayoutTableRow {TR} at (0,2) size 396x20
              LayoutTableCell {TD} at (2,2) size 392x20 [r=0 c=0 rs=1 cs=1]
                LayoutText {#text} at (1,1) size 133x17
                  text run at (1,1) width 133: "Center aligned table."
        LayoutTable {TABLE} at (8,192) size 400x28 [border: (2px solid #0000FF)]
          LayoutTableSection {TBODY} at (2,2) size 396x24
            LayoutTableRow {TR} at (0,2) size 396x20
              LayoutTableCell {TD} at (2,2) size 392x20 [r=0 c=0 rs=1 cs=1]
                LayoutText {#text} at (1,1) size 185x17
                  text run at (1,1) width 185: "Center table (fixed margins)."
      LayoutBlockFlow {DIV} at (0,470) size 769x226 [border: (4px solid #008000)]
        LayoutBlockFlow {DIV} at (6,6) size 757x26 [border: (2px solid #0000FF)]
          LayoutText {#text} at (4,4) size 207x17
            text run at (4,4) width 207: "Normal div inside align=left div"
        LayoutBlockFlow {DIV} at (6,32) size 757x26 [border: (2px solid #0000FF)]
          LayoutText {#text} at (4,4) size 185x17
            text run at (4,4) width 185: "Left div inside align=left div"
        LayoutBlockFlow {DIV} at (6,58) size 757x26 [border: (2px solid #0000FF)]
          LayoutText {#text} at (278,4) size 201x17
            text run at (278,4) width 201: "Center div inside align=left div"
        LayoutBlockFlow {DIV} at (6,84) size 757x26 [border: (2px solid #0000FF)]
          LayoutText {#text} at (560,4) size 193x17
            text run at (560,4) width 193: "Right div inside align=left div"
        LayoutBlockFlow {CENTER} at (6,110) size 757x26 [border: (2px solid #0000FF)]
          LayoutText {#text} at (278,4) size 201x17
            text run at (278,4) width 201: "Center tag inside align=left div"
        LayoutTable {TABLE} at (6,136) size 98x28 [border: (2px solid #0000FF)]
          LayoutTableSection {TBODY} at (2,2) size 94x24
            LayoutTableRow {TR} at (0,2) size 94x20
              LayoutTableCell {TD} at (2,2) size 90x20 [r=0 c=0 rs=1 cs=1]
                LayoutText {#text} at (1,1) size 88x17
                  text run at (1,1) width 88: "Normal table."
        LayoutTable {TABLE} at (313,164) size 143x28 [border: (2px solid #0000FF)]
          LayoutTableSection {TBODY} at (2,2) size 139x24
            LayoutTableRow {TR} at (0,2) size 139x20
              LayoutTableCell {TD} at (2,2) size 135x20 [r=0 c=0 rs=1 cs=1]
                LayoutText {#text} at (1,1) size 133x17
                  text run at (1,1) width 133: "Center aligned table."
        LayoutTable {TABLE} at (8,192) size 195x28 [border: (2px solid #0000FF)]
          LayoutTableSection {TBODY} at (2,2) size 191x24
            LayoutTableRow {TR} at (0,2) size 191x20
              LayoutTableCell {TD} at (2,2) size 187x20 [r=0 c=0 rs=1 cs=1]
                LayoutText {#text} at (1,1) size 185x17
                  text run at (1,1) width 185: "Center table (fixed margins)."
      LayoutBlockFlow {DIV} at (0,696) size 769x226 [border: (4px solid #800080)]
        LayoutBlockFlow {DIV} at (6,6) size 408x26 [border: (2px solid #0000FF)]
          LayoutText {#text} at (4,4) size 284x17
            text run at (4,4) width 284: "Normal fixed width div inside align=left div"
        LayoutBlockFlow {DIV} at (6,32) size 408x26 [border: (2px solid #0000FF)]
          LayoutText {#text} at (4,4) size 262x17
            text run at (4,4) width 262: "Left fixed width div inside align=left div"
        LayoutBlockFlow {DIV} at (6,58) size 408x26 [border: (2px solid #0000FF)]
          LayoutText {#text} at (65,4) size 278x17
            text run at (65,4) width 278: "Center fixed width div inside align=left div"
        LayoutBlockFlow {DIV} at (6,84) size 408x26 [border: (2px solid #0000FF)]
          LayoutText {#text} at (133,4) size 271x17
            text run at (133,4) width 271: "Right fixed width div inside align=left div"
        LayoutBlockFlow {CENTER} at (6,110) size 408x26 [border: (2px solid #0000FF)]
          LayoutText {#text} at (60,4) size 288x17
            text run at (60,4) width 288: "Center tag (fixed width) inside align=left div"
        LayoutTable {TABLE} at (6,136) size 400x28 [border: (2px solid #0000FF)]
          LayoutTableSection {TBODY} at (2,2) size 396x24
            LayoutTableRow {TR} at (0,2) size 396x20
              LayoutTableCell {TD} at (2,2) size 392x20 [r=0 c=0 rs=1 cs=1]
                LayoutText {#text} at (1,1) size 88x17
                  text run at (1,1) width 88: "Normal table."
        LayoutTable {TABLE} at (184.50,164) size 400x28 [border: (2px solid #0000FF)]
          LayoutTableSection {TBODY} at (2,2) size 396x24
            LayoutTableRow {TR} at (0,2) size 396x20
              LayoutTableCell {TD} at (2,2) size 392x20 [r=0 c=0 rs=1 cs=1]
                LayoutText {#text} at (1,1) size 133x17
                  text run at (1,1) width 133: "Center aligned table."
        LayoutTable {TABLE} at (8,192) size 400x28 [border: (2px solid #0000FF)]
          LayoutTableSection {TBODY} at (2,2) size 396x24
            LayoutTableRow {TR} at (0,2) size 396x20
              LayoutTableCell {TD} at (2,2) size 392x20 [r=0 c=0 rs=1 cs=1]
                LayoutText {#text} at (1,1) size 185x17
                  text run at (1,1) width 185: "Center table (fixed margins)."
      LayoutBlockFlow {DIV} at (0,922) size 769x226 [border: (4px solid #008000)]
        LayoutBlockFlow {DIV} at (6,6) size 757x26 [border: (2px solid #0000FF)]
          LayoutText {#text} at (264,4) size 229x17
            text run at (264,4) width 229: "Normal div inside align= center div"
        LayoutBlockFlow {DIV} at (6,32) size 757x26 [border: (2px solid #0000FF)]
          LayoutText {#text} at (4,4) size 202x17
            text run at (4,4) width 202: "Left div inside align=center div"
        LayoutBlockFlow {DIV} at (6,58) size 757x26 [border: (2px solid #0000FF)]
          LayoutText {#text} at (269,4) size 219x17
            text run at (269,4) width 219: "Center div inside align=center div"
        LayoutBlockFlow {DIV} at (6,84) size 757x26 [border: (2px solid #0000FF)]
          LayoutText {#text} at (542,4) size 211x17
            text run at (542,4) width 211: "Right div inside align=center div"
        LayoutBlockFlow {CENTER} at (6,110) size 757x26 [border: (2px solid #0000FF)]
          LayoutText {#text} at (270,4) size 217x17
            text run at (270,4) width 217: "Center tag inside align=center div"
        LayoutTable {TABLE} at (335.50,136) size 98x28 [border: (2px solid #0000FF)]
          LayoutTableSection {TBODY} at (2,2) size 94x24
            LayoutTableRow {TR} at (0,2) size 94x20
              LayoutTableCell {TD} at (2,2) size 90x20 [r=0 c=0 rs=1 cs=1]
                LayoutText {#text} at (1,1) size 88x17
                  text run at (1,1) width 88: "Normal table."
        LayoutTable {TABLE} at (313,164) size 143x28 [border: (2px solid #0000FF)]
          LayoutTableSection {TBODY} at (2,2) size 139x24
            LayoutTableRow {TR} at (0,2) size 139x20
              LayoutTableCell {TD} at (2,2) size 135x20 [r=0 c=0 rs=1 cs=1]
                LayoutText {#text} at (1,1) size 133x17
                  text run at (1,1) width 133: "Center aligned table."
        LayoutTable {TABLE} at (287,192) size 195x28 [border: (2px solid #0000FF)]
          LayoutTableSection {TBODY} at (2,2) size 191x24
            LayoutTableRow {TR} at (0,2) size 191x20
              LayoutTableCell {TD} at (2,2) size 187x20 [r=0 c=0 rs=1 cs=1]
                LayoutText {#text} at (1,1) size 185x17
                  text run at (1,1) width 185: "Center table (fixed margins)."
      LayoutBlockFlow {DIV} at (0,1148) size 769x314 [border: (4px solid #800080)]
        LayoutBlockFlow {DIV} at (180.50,6) size 408x26 [border: (2px solid #0000FF)]
          LayoutText {#text} at (53,4) size 302x17
            text run at (53,4) width 302: "Normal fixed width div inside align=center div"
        LayoutBlockFlow {DIV} at (355,32) size 408x44 [border: (2px solid #0000FF)]
          LayoutText {#text} at (7,4) size 394x35
            text run at (7,4) width 394: "Normal fixed width div (auto left margin) inside align=center"
            text run at (193,22) width 22: "div"
        LayoutBlockFlow {DIV} at (6,76) size 408x44 [border: (2px solid #0000FF)]
          LayoutText {#text} at (44,4) size 320x35
            text run at (44,4) width 320: "Normal fixed width div (auto right margin) inside"
            text run at (151,22) width 106: "align=center div"
        LayoutBlockFlow {DIV} at (180.50,120) size 408x26 [border: (2px solid #0000FF)]
          LayoutText {#text} at (4,4) size 280x17
            text run at (4,4) width 280: "Left fixed width div inside align=center div"
        LayoutBlockFlow {DIV} at (180.50,146) size 408x26 [border: (2px solid #0000FF)]
          LayoutText {#text} at (56,4) size 296x17
            text run at (56,4) width 296: "Center fixed width div inside align=center div"
        LayoutBlockFlow {DIV} at (180.50,172) size 408x26 [border: (2px solid #0000FF)]
          LayoutText {#text} at (115,4) size 289x17
            text run at (115,4) width 289: "Right fixed width div inside align=center div"
        LayoutBlockFlow {CENTER} at (180.50,198) size 408x26 [border: (2px solid #0000FF)]
          LayoutText {#text} at (51,4) size 306x17
            text run at (51,4) width 306: "Center tag (fixed width) inside align=center div"
        LayoutTable {TABLE} at (184.50,224) size 400x28 [border: (2px solid #0000FF)]
          LayoutTableSection {TBODY} at (2,2) size 396x24
            LayoutTableRow {TR} at (0,2) size 396x20
              LayoutTableCell {TD} at (2,2) size 392x20 [r=0 c=0 rs=1 cs=1]
                LayoutText {#text} at (1,1) size 88x17
                  text run at (1,1) width 88: "Normal table."
        LayoutTable {TABLE} at (184.50,252) size 400x28 [border: (2px solid #0000FF)]
          LayoutTableSection {TBODY} at (2,2) size 396x24
            LayoutTableRow {TR} at (0,2) size 396x20
              LayoutTableCell {TD} at (2,2) size 392x20 [r=0 c=0 rs=1 cs=1]
                LayoutText {#text} at (1,1) size 133x17
                  text run at (1,1) width 133: "Center aligned table."
        LayoutTable {TABLE} at (184.50,280) size 400x28 [border: (2px solid #0000FF)]
          LayoutTableSection {TBODY} at (2,2) size 396x24
            LayoutTableRow {TR} at (0,2) size 396x20
              LayoutTableCell {TD} at (2,2) size 392x20 [r=0 c=0 rs=1 cs=1]
                LayoutText {#text} at (1,1) size 185x17
                  text run at (1,1) width 185: "Center table (fixed margins)."
      LayoutBlockFlow {DIV} at (0,1462) size 769x226 [border: (4px solid #008000)]
        LayoutBlockFlow {DIV} at (6,6) size 757x26 [border: (2px solid #0000FF)]
          LayoutText {#text} at (537,4) size 216x17
            text run at (537,4) width 216: "Normal div inside align=right div"
        LayoutBlockFlow {DIV} at (6,32) size 757x26 [border: (2px solid #0000FF)]
          LayoutText {#text} at (4,4) size 193x17
            text run at (4,4) width 193: "Left div inside align=right div"
        LayoutBlockFlow {DIV} at (6,58) size 757x26 [border: (2px solid #0000FF)]
          LayoutText {#text} at (274,4) size 209x17
            text run at (274,4) width 209: "Center div inside align=right div"
        LayoutBlockFlow {DIV} at (6,84) size 757x26 [border: (2px solid #0000FF)]
          LayoutText {#text} at (551,4) size 202x17
            text run at (551,4) width 202: "Right div inside align=right div"
        LayoutBlockFlow {CENTER} at (6,110) size 757x26 [border: (2px solid #0000FF)]
          LayoutText {#text} at (274,4) size 209x17
            text run at (274,4) width 209: "Center tag inside align=right div"
        LayoutTable {TABLE} at (665,136) size 98x28 [border: (2px solid #0000FF)]
          LayoutTableSection {TBODY} at (2,2) size 94x24
            LayoutTableRow {TR} at (0,2) size 94x20
              LayoutTableCell {TD} at (2,2) size 90x20 [r=0 c=0 rs=1 cs=1]
                LayoutText {#text} at (1,1) size 88x17
                  text run at (1,1) width 88: "Normal table."
        LayoutTable {TABLE} at (313,164) size 143x28 [border: (2px solid #0000FF)]
          LayoutTableSection {TBODY} at (2,2) size 139x24
            LayoutTableRow {TR} at (0,2) size 139x20
              LayoutTableCell {TD} at (2,2) size 135x20 [r=0 c=0 rs=1 cs=1]
                LayoutText {#text} at (1,1) size 133x17
                  text run at (1,1) width 133: "Center aligned table."
        LayoutTable {TABLE} at (566,192) size 195x28 [border: (2px solid #0000FF)]
          LayoutTableSection {TBODY} at (2,2) size 191x24
            LayoutTableRow {TR} at (0,2) size 191x20
              LayoutTableCell {TD} at (2,2) size 187x20 [r=0 c=0 rs=1 cs=1]
                LayoutText {#text} at (1,1) size 185x17
                  text run at (1,1) width 185: "Center table (fixed margins)."
      LayoutBlockFlow {DIV} at (0,1688) size 769x226 [border: (4px solid #800080)]
        LayoutBlockFlow {DIV} at (355,6) size 408x26 [border: (2px solid #0000FF)]
          LayoutText {#text} at (111,4) size 293x17
            text run at (111,4) width 293: "Normal fixed width div inside align=right div"
        LayoutBlockFlow {DIV} at (355,32) size 408x26 [border: (2px solid #0000FF)]
          LayoutText {#text} at (4,4) size 271x17
            text run at (4,4) width 271: "Left fixed width div inside align=right div"
        LayoutBlockFlow {DIV} at (355,58) size 408x26 [border: (2px solid #0000FF)]
          LayoutText {#text} at (60,4) size 288x17
            text run at (60,4) width 288: "Center fixed width div inside align=right div"
        LayoutBlockFlow {DIV} at (355,84) size 408x26 [border: (2px solid #0000FF)]
          LayoutText {#text} at (124,4) size 280x17
            text run at (124,4) width 280: "Right fixed width div inside align=right div"
        LayoutBlockFlow {CENTER} at (355,110) size 408x26 [border: (2px solid #0000FF)]
          LayoutText {#text} at (55,4) size 298x17
            text run at (55,4) width 298: "Center tag (fixed width) inside align=right div"
        LayoutTable {TABLE} at (363,136) size 400x28 [border: (2px solid #0000FF)]
          LayoutTableSection {TBODY} at (2,2) size 396x24
            LayoutTableRow {TR} at (0,2) size 396x20
              LayoutTableCell {TD} at (2,2) size 392x20 [r=0 c=0 rs=1 cs=1]
                LayoutText {#text} at (1,1) size 88x17
                  text run at (1,1) width 88: "Normal table."
        LayoutTable {TABLE} at (184.50,164) size 400x28 [border: (2px solid #0000FF)]
          LayoutTableSection {TBODY} at (2,2) size 396x24
            LayoutTableRow {TR} at (0,2) size 396x20
              LayoutTableCell {TD} at (2,2) size 392x20 [r=0 c=0 rs=1 cs=1]
                LayoutText {#text} at (1,1) size 133x17
                  text run at (1,1) width 133: "Center aligned table."
        LayoutTable {TABLE} at (361,192) size 400x28 [border: (2px solid #0000FF)]
          LayoutTableSection {TBODY} at (2,2) size 396x24
            LayoutTableRow {TR} at (0,2) size 396x20
              LayoutTableCell {TD} at (2,2) size 392x20 [r=0 c=0 rs=1 cs=1]
                LayoutText {#text} at (1,1) size 185x17
                  text run at (1,1) width 185: "Center table (fixed margins)."
      LayoutBlockFlow {P} at (0,1930) size 769x18
        LayoutText {#text} at (0,0) size 375x17
          text run at (0,0) width 375: "This is a test using TABLE cells (all in the LTR direction)."
      LayoutTable {TABLE} at (0,1964) size 769x232 [border: (2px solid #0000FF)]
        LayoutTableSection {TBODY} at (2,2) size 765x228
          LayoutTableRow {TR} at (0,2) size 765x224
            LayoutTableCell {TD} at (2,2) size 761x224 [border: (4px solid #008000)] [r=0 c=0 rs=1 cs=1]
              LayoutBlockFlow {DIV} at (5,5) size 751x26 [border: (2px solid #0000FF)]
                LayoutText {#text} at (4,4) size 182x17
                  text run at (4,4) width 182: "Normal div inside normal td"
              LayoutBlockFlow {DIV} at (5,31) size 751x26 [border: (2px solid #0000FF)]
                LayoutText {#text} at (4,4) size 160x17
                  text run at (4,4) width 160: "Left div inside normal td"
              LayoutBlockFlow {DIV} at (5,57) size 751x26 [border: (2px solid #0000FF)]
                LayoutText {#text} at (287,4) size 177x17
                  text run at (287,4) width 177: "Center div inside normal td"
              LayoutBlockFlow {DIV} at (5,83) size 751x26 [border: (2px solid #0000FF)]
                LayoutText {#text} at (579,4) size 168x17
                  text run at (579,4) width 168: "Right div inside normal td"
              LayoutBlockFlow {CENTER} at (5,109) size 751x26 [border: (2px solid #0000FF)]
                LayoutText {#text} at (288,4) size 175x17
                  text run at (288,4) width 175: "Center tag inside normal td"
              LayoutTable {TABLE} at (5,135) size 98x28 [border: (2px solid #0000FF)]
                LayoutTableSection {TBODY} at (2,2) size 94x24
                  LayoutTableRow {TR} at (0,2) size 94x20
                    LayoutTableCell {TD} at (2,2) size 90x20 [r=0 c=0 rs=1 cs=1]
                      LayoutText {#text} at (1,1) size 88x17
                        text run at (1,1) width 88: "Normal table."
              LayoutTable {TABLE} at (309,163) size 143x28 [border: (2px solid #0000FF)]
                LayoutTableSection {TBODY} at (2,2) size 139x24
                  LayoutTableRow {TR} at (0,2) size 139x20
                    LayoutTableCell {TD} at (2,2) size 135x20 [r=0 c=0 rs=1 cs=1]
                      LayoutText {#text} at (1,1) size 133x17
                        text run at (1,1) width 133: "Center aligned table."
              LayoutTable {TABLE} at (7,191) size 195x28 [border: (2px solid #0000FF)]
                LayoutTableSection {TBODY} at (2,2) size 191x24
                  LayoutTableRow {TR} at (0,2) size 191x20
                    LayoutTableCell {TD} at (2,2) size 187x20 [r=0 c=0 rs=1 cs=1]
                      LayoutText {#text} at (1,1) size 185x17
                        text run at (1,1) width 185: "Center table (fixed margins)."
      LayoutTable {TABLE} at (0,2196) size 769x232 [border: (2px solid #0000FF)]
        LayoutTableSection {TBODY} at (2,2) size 765x228
          LayoutTableRow {TR} at (0,2) size 765x224
            LayoutTableCell {TD} at (2,2) size 761x224 [border: (4px solid #800080)] [r=0 c=0 rs=1 cs=1]
              LayoutBlockFlow {DIV} at (5,5) size 408x26 [border: (2px solid #0000FF)]
                LayoutText {#text} at (4,4) size 259x17
                  text run at (4,4) width 259: "Normal fixed width div inside normal td"
              LayoutBlockFlow {DIV} at (5,31) size 408x26 [border: (2px solid #0000FF)]
                LayoutText {#text} at (4,4) size 237x17
                  text run at (4,4) width 237: "Left fixed width div inside normal td"
              LayoutBlockFlow {DIV} at (5,57) size 408x26 [border: (2px solid #0000FF)]
                LayoutText {#text} at (77,4) size 254x17
                  text run at (77,4) width 254: "Center fixed width div inside normal td"
              LayoutBlockFlow {DIV} at (5,83) size 408x26 [border: (2px solid #0000FF)]
                LayoutText {#text} at (158,4) size 246x17
                  text run at (158,4) width 246: "Right fixed width div inside normal td"
              LayoutBlockFlow {CENTER} at (5,109) size 408x26 [border: (2px solid #0000FF)]
                LayoutText {#text} at (72,4) size 264x17
                  text run at (72,4) width 264: "Center tag (fixed width) inside normal td"
              LayoutTable {TABLE} at (5,135) size 400x28 [border: (2px solid #0000FF)]
                LayoutTableSection {TBODY} at (2,2) size 396x24
                  LayoutTableRow {TR} at (0,2) size 396x20
                    LayoutTableCell {TD} at (2,2) size 392x20 [r=0 c=0 rs=1 cs=1]
                      LayoutText {#text} at (1,1) size 88x17
                        text run at (1,1) width 88: "Normal table."
              LayoutTable {TABLE} at (180.50,163) size 400x28 [border: (2px solid #0000FF)]
                LayoutTableSection {TBODY} at (2,2) size 396x24
                  LayoutTableRow {TR} at (0,2) size 396x20
                    LayoutTableCell {TD} at (2,2) size 392x20 [r=0 c=0 rs=1 cs=1]
                      LayoutText {#text} at (1,1) size 133x17
                        text run at (1,1) width 133: "Center aligned table."
              LayoutTable {TABLE} at (7,191) size 400x28 [border: (2px solid #0000FF)]
                LayoutTableSection {TBODY} at (2,2) size 396x24
                  LayoutTableRow {TR} at (0,2) size 396x20
                    LayoutTableCell {TD} at (2,2) size 392x20 [r=0 c=0 rs=1 cs=1]
                      LayoutText {#text} at (1,1) size 185x17
                        text run at (1,1) width 185: "Center table (fixed margins)."
      LayoutTable {TABLE} at (0,2428) size 769x232 [border: (2px solid #0000FF)]
        LayoutTableSection {TBODY} at (2,2) size 765x228
          LayoutTableRow {TR} at (0,2) size 765x224
            LayoutTableCell {TD} at (2,2) size 761x224 [border: (4px solid #008000)] [r=0 c=0 rs=1 cs=1]
              LayoutBlockFlow {DIV} at (5,5) size 751x26 [border: (2px solid #0000FF)]
                LayoutText {#text} at (4,4) size 199x17
                  text run at (4,4) width 199: "Normal div inside align=left td"
              LayoutBlockFlow {DIV} at (5,31) size 751x26 [border: (2px solid #0000FF)]
                LayoutText {#text} at (4,4) size 177x17
                  text run at (4,4) width 177: "Left div inside align=left td"
              LayoutBlockFlow {DIV} at (5,57) size 751x26 [border: (2px solid #0000FF)]
                LayoutText {#text} at (279,4) size 193x17
                  text run at (279,4) width 193: "Center div inside align=left td"
              LayoutBlockFlow {DIV} at (5,83) size 751x26 [border: (2px solid #0000FF)]
                LayoutText {#text} at (562,4) size 185x17
                  text run at (562,4) width 185: "Right div inside align=left td"
              LayoutBlockFlow {CENTER} at (5,109) size 751x26 [border: (2px solid #0000FF)]
                LayoutText {#text} at (279,4) size 193x17
                  text run at (279,4) width 193: "Center tag inside align=left td"
              LayoutTable {TABLE} at (5,135) size 98x28 [border: (2px solid #0000FF)]
                LayoutTableSection {TBODY} at (2,2) size 94x24
                  LayoutTableRow {TR} at (0,2) size 94x20
                    LayoutTableCell {TD} at (2,2) size 90x20 [r=0 c=0 rs=1 cs=1]
                      LayoutText {#text} at (1,1) size 88x17
                        text run at (1,1) width 88: "Normal table."
              LayoutTable {TABLE} at (309,163) size 143x28 [border: (2px solid #0000FF)]
                LayoutTableSection {TBODY} at (2,2) size 139x24
                  LayoutTableRow {TR} at (0,2) size 139x20
                    LayoutTableCell {TD} at (2,2) size 135x20 [r=0 c=0 rs=1 cs=1]
                      LayoutText {#text} at (1,1) size 133x17
                        text run at (1,1) width 133: "Center aligned table."
              LayoutTable {TABLE} at (7,191) size 195x28 [border: (2px solid #0000FF)]
                LayoutTableSection {TBODY} at (2,2) size 191x24
                  LayoutTableRow {TR} at (0,2) size 191x20
                    LayoutTableCell {TD} at (2,2) size 187x20 [r=0 c=0 rs=1 cs=1]
                      LayoutText {#text} at (1,1) size 185x17
                        text run at (1,1) width 185: "Center table (fixed margins)."
      LayoutTable {TABLE} at (0,2660) size 769x232 [border: (2px solid #0000FF)]
        LayoutTableSection {TBODY} at (2,2) size 765x228
          LayoutTableRow {TR} at (0,2) size 765x224
            LayoutTableCell {TD} at (2,2) size 761x224 [border: (4px solid #800080)] [r=0 c=0 rs=1 cs=1]
              LayoutBlockFlow {DIV} at (5,5) size 408x26 [border: (2px solid #0000FF)]
                LayoutText {#text} at (4,4) size 276x17
                  text run at (4,4) width 276: "Normal fixed width div inside align=left td"
              LayoutBlockFlow {DIV} at (5,31) size 408x26 [border: (2px solid #0000FF)]
                LayoutText {#text} at (4,4) size 254x17
                  text run at (4,4) width 254: "Left fixed width div inside align=left td"
              LayoutBlockFlow {DIV} at (5,57) size 408x26 [border: (2px solid #0000FF)]
                LayoutText {#text} at (69,4) size 270x17
                  text run at (69,4) width 270: "Center fixed width div inside align=left td"
              LayoutBlockFlow {DIV} at (5,83) size 408x26 [border: (2px solid #0000FF)]
                LayoutText {#text} at (141,4) size 263x17
                  text run at (141,4) width 263: "Right fixed width div inside align=left td"
              LayoutBlockFlow {CENTER} at (5,109) size 408x26 [border: (2px solid #0000FF)]
                LayoutText {#text} at (64,4) size 280x17
                  text run at (64,4) width 280: "Center tag (fixed width) inside align=left td"
              LayoutTable {TABLE} at (5,135) size 400x28 [border: (2px solid #0000FF)]
                LayoutTableSection {TBODY} at (2,2) size 396x24
                  LayoutTableRow {TR} at (0,2) size 396x20
                    LayoutTableCell {TD} at (2,2) size 392x20 [r=0 c=0 rs=1 cs=1]
                      LayoutText {#text} at (1,1) size 88x17
                        text run at (1,1) width 88: "Normal table."
              LayoutTable {TABLE} at (180.50,163) size 400x28 [border: (2px solid #0000FF)]
                LayoutTableSection {TBODY} at (2,2) size 396x24
                  LayoutTableRow {TR} at (0,2) size 396x20
                    LayoutTableCell {TD} at (2,2) size 392x20 [r=0 c=0 rs=1 cs=1]
                      LayoutText {#text} at (1,1) size 133x17
                        text run at (1,1) width 133: "Center aligned table."
              LayoutTable {TABLE} at (7,191) size 400x28 [border: (2px solid #0000FF)]
                LayoutTableSection {TBODY} at (2,2) size 396x24
                  LayoutTableRow {TR} at (0,2) size 396x20
                    LayoutTableCell {TD} at (2,2) size 392x20 [r=0 c=0 rs=1 cs=1]
                      LayoutText {#text} at (1,1) size 185x17
                        text run at (1,1) width 185: "Center table (fixed margins)."
      LayoutTable {TABLE} at (0,2892) size 769x232 [border: (2px solid #0000FF)]
        LayoutTableSection {TBODY} at (2,2) size 765x228
          LayoutTableRow {TR} at (0,2) size 765x224
            LayoutTableCell {TD} at (2,2) size 761x224 [border: (4px solid #008000)] [r=0 c=0 rs=1 cs=1]
              LayoutBlockFlow {DIV} at (5,5) size 751x26 [border: (2px solid #0000FF)]
                LayoutText {#text} at (265,4) size 221x17
                  text run at (265,4) width 221: "Normal div inside align= center td"
              LayoutBlockFlow {DIV} at (5,31) size 751x26 [border: (2px solid #0000FF)]
                LayoutText {#text} at (4,4) size 194x17
                  text run at (4,4) width 194: "Left div inside align=center td"
              LayoutBlockFlow {DIV} at (5,57) size 751x26 [border: (2px solid #0000FF)]
                LayoutText {#text} at (270,4) size 211x17
                  text run at (270,4) width 211: "Center div inside align=center td"
              LayoutBlockFlow {DIV} at (5,83) size 751x26 [border: (2px solid #0000FF)]
                LayoutText {#text} at (544,4) size 203x17
                  text run at (544,4) width 203: "Right div inside align=center td"
              LayoutBlockFlow {CENTER} at (5,109) size 751x26 [border: (2px solid #0000FF)]
                LayoutText {#text} at (271,4) size 209x17
                  text run at (271,4) width 209: "Center tag inside align=center td"
              LayoutTable {TABLE} at (331.50,135) size 98x28 [border: (2px solid #0000FF)]
                LayoutTableSection {TBODY} at (2,2) size 94x24
                  LayoutTableRow {TR} at (0,2) size 94x20
                    LayoutTableCell {TD} at (2,2) size 90x20 [r=0 c=0 rs=1 cs=1]
                      LayoutText {#text} at (1,1) size 88x17
                        text run at (1,1) width 88: "Normal table."
              LayoutTable {TABLE} at (309,163) size 143x28 [border: (2px solid #0000FF)]
                LayoutTableSection {TBODY} at (2,2) size 139x24
                  LayoutTableRow {TR} at (0,2) size 139x20
                    LayoutTableCell {TD} at (2,2) size 135x20 [r=0 c=0 rs=1 cs=1]
                      LayoutText {#text} at (1,1) size 133x17
                        text run at (1,1) width 133: "Center aligned table."
              LayoutTable {TABLE} at (283,191) size 195x28 [border: (2px solid #0000FF)]
                LayoutTableSection {TBODY} at (2,2) size 191x24
                  LayoutTableRow {TR} at (0,2) size 191x20
                    LayoutTableCell {TD} at (2,2) size 187x20 [r=0 c=0 rs=1 cs=1]
                      LayoutText {#text} at (1,1) size 185x17
                        text run at (1,1) width 185: "Center table (fixed margins)."
      LayoutTable {TABLE} at (0,3124) size 769x232 [border: (2px solid #0000FF)]
        LayoutTableSection {TBODY} at (2,2) size 765x228
          LayoutTableRow {TR} at (0,2) size 765x224
            LayoutTableCell {TD} at (2,2) size 761x224 [border: (4px solid #800080)] [r=0 c=0 rs=1 cs=1]
              LayoutBlockFlow {DIV} at (176.50,5) size 408x26 [border: (2px solid #0000FF)]
                LayoutText {#text} at (57,4) size 294x17
                  text run at (57,4) width 294: "Normal fixed width div inside align=center td"
              LayoutBlockFlow {DIV} at (176.50,31) size 408x26 [border: (2px solid #0000FF)]
                LayoutText {#text} at (4,4) size 272x17
                  text run at (4,4) width 272: "Left fixed width div inside align=center td"
              LayoutBlockFlow {DIV} at (176.50,57) size 408x26 [border: (2px solid #0000FF)]
                LayoutText {#text} at (60,4) size 288x17
                  text run at (60,4) width 288: "Center fixed width div inside align=center td"
              LayoutBlockFlow {DIV} at (176.50,83) size 408x26 [border: (2px solid #0000FF)]
                LayoutText {#text} at (123,4) size 281x17
                  text run at (123,4) width 281: "Right fixed width div inside align=center td"
              LayoutBlockFlow {CENTER} at (176.50,109) size 408x26 [border: (2px solid #0000FF)]
                LayoutText {#text} at (55,4) size 298x17
                  text run at (55,4) width 298: "Center tag (fixed width) inside align=center td"
              LayoutTable {TABLE} at (180.50,135) size 400x28 [border: (2px solid #0000FF)]
                LayoutTableSection {TBODY} at (2,2) size 396x24
                  LayoutTableRow {TR} at (0,2) size 396x20
                    LayoutTableCell {TD} at (2,2) size 392x20 [r=0 c=0 rs=1 cs=1]
                      LayoutText {#text} at (1,1) size 88x17
                        text run at (1,1) width 88: "Normal table."
              LayoutTable {TABLE} at (180.50,163) size 400x28 [border: (2px solid #0000FF)]
                LayoutTableSection {TBODY} at (2,2) size 396x24
                  LayoutTableRow {TR} at (0,2) size 396x20
                    LayoutTableCell {TD} at (2,2) size 392x20 [r=0 c=0 rs=1 cs=1]
                      LayoutText {#text} at (1,1) size 133x17
                        text run at (1,1) width 133: "Center aligned table."
              LayoutTable {TABLE} at (180.50,191) size 400x28 [border: (2px solid #0000FF)]
                LayoutTableSection {TBODY} at (2,2) size 396x24
                  LayoutTableRow {TR} at (0,2) size 396x20
                    LayoutTableCell {TD} at (2,2) size 392x20 [r=0 c=0 rs=1 cs=1]
                      LayoutText {#text} at (1,1) size 185x17
                        text run at (1,1) width 185: "Center table (fixed margins)."
      LayoutTable {TABLE} at (0,3356) size 769x232 [border: (2px solid #0000FF)]
        LayoutTableSection {TBODY} at (2,2) size 765x228
          LayoutTableRow {TR} at (0,2) size 765x224
            LayoutTableCell {TD} at (2,2) size 761x224 [border: (4px solid #008000)] [r=0 c=0 rs=1 cs=1]
              LayoutBlockFlow {DIV} at (5,5) size 751x26 [border: (2px solid #0000FF)]
                LayoutText {#text} at (539,4) size 208x17
                  text run at (539,4) width 208: "Normal div inside align=right td"
              LayoutBlockFlow {DIV} at (5,31) size 751x26 [border: (2px solid #0000FF)]
                LayoutText {#text} at (4,4) size 185x17
                  text run at (4,4) width 185: "Left div inside align=right td"
              LayoutBlockFlow {DIV} at (5,57) size 751x26 [border: (2px solid #0000FF)]
                LayoutText {#text} at (275,4) size 201x17
                  text run at (275,4) width 201: "Center div inside align=right td"
              LayoutBlockFlow {DIV} at (5,83) size 751x26 [border: (2px solid #0000FF)]
                LayoutText {#text} at (553,4) size 194x17
                  text run at (553,4) width 194: "Right div inside align=right td"
              LayoutBlockFlow {CENTER} at (5,109) size 751x26 [border: (2px solid #0000FF)]
                LayoutText {#text} at (275,4) size 201x17
                  text run at (275,4) width 201: "Center tag inside align=right td"
              LayoutTable {TABLE} at (658,135) size 98x28 [border: (2px solid #0000FF)]
                LayoutTableSection {TBODY} at (2,2) size 94x24
                  LayoutTableRow {TR} at (0,2) size 94x20
                    LayoutTableCell {TD} at (2,2) size 90x20 [r=0 c=0 rs=1 cs=1]
                      LayoutText {#text} at (1,1) size 88x17
                        text run at (1,1) width 88: "Normal table."
              LayoutTable {TABLE} at (309,163) size 143x28 [border: (2px solid #0000FF)]
                LayoutTableSection {TBODY} at (2,2) size 139x24
                  LayoutTableRow {TR} at (0,2) size 139x20
                    LayoutTableCell {TD} at (2,2) size 135x20 [r=0 c=0 rs=1 cs=1]
                      LayoutText {#text} at (1,1) size 133x17
                        text run at (1,1) width 133: "Center aligned table."
              LayoutTable {TABLE} at (559,191) size 195x28 [border: (2px solid #0000FF)]
                LayoutTableSection {TBODY} at (2,2) size 191x24
                  LayoutTableRow {TR} at (0,2) size 191x20
                    LayoutTableCell {TD} at (2,2) size 187x20 [r=0 c=0 rs=1 cs=1]
                      LayoutText {#text} at (1,1) size 185x17
                        text run at (1,1) width 185: "Center table (fixed margins)."
      LayoutTable {TABLE} at (0,3588) size 769x232 [border: (2px solid #0000FF)]
        LayoutTableSection {TBODY} at (2,2) size 765x228
          LayoutTableRow {TR} at (0,2) size 765x224
            LayoutTableCell {TD} at (2,2) size 761x224 [border: (4px solid #800080)] [r=0 c=0 rs=1 cs=1]
              LayoutBlockFlow {DIV} at (348,5) size 408x26 [border: (2px solid #0000FF)]
                LayoutText {#text} at (119,4) size 285x17
                  text run at (119,4) width 285: "Normal fixed width div inside align=right td"
              LayoutBlockFlow {DIV} at (348,31) size 408x26 [border: (2px solid #0000FF)]
                LayoutText {#text} at (4,4) size 263x17
                  text run at (4,4) width 263: "Left fixed width div inside align=right td"
              LayoutBlockFlow {DIV} at (348,57) size 408x26 [border: (2px solid #0000FF)]
                LayoutText {#text} at (64,4) size 280x17
                  text run at (64,4) width 280: "Center fixed width div inside align=right td"
              LayoutBlockFlow {DIV} at (348,83) size 408x26 [border: (2px solid #0000FF)]
                LayoutText {#text} at (132,4) size 272x17
                  text run at (132,4) width 272: "Right fixed width div inside align=right td"
              LayoutBlockFlow {CENTER} at (348,109) size 408x26 [border: (2px solid #0000FF)]
                LayoutText {#text} at (59,4) size 290x17
                  text run at (59,4) width 290: "Center tag (fixed width) inside align=right td"
              LayoutTable {TABLE} at (356,135) size 400x28 [border: (2px solid #0000FF)]
                LayoutTableSection {TBODY} at (2,2) size 396x24
                  LayoutTableRow {TR} at (0,2) size 396x20
                    LayoutTableCell {TD} at (2,2) size 392x20 [r=0 c=0 rs=1 cs=1]
                      LayoutText {#text} at (1,1) size 88x17
                        text run at (1,1) width 88: "Normal table."
              LayoutTable {TABLE} at (180.50,163) size 400x28 [border: (2px solid #0000FF)]
                LayoutTableSection {TBODY} at (2,2) size 396x24
                  LayoutTableRow {TR} at (0,2) size 396x20
                    LayoutTableCell {TD} at (2,2) size 392x20 [r=0 c=0 rs=1 cs=1]
                      LayoutText {#text} at (1,1) size 133x17
                        text run at (1,1) width 133: "Center aligned table."
              LayoutTable {TABLE} at (354,191) size 400x28 [border: (2px solid #0000FF)]
                LayoutTableSection {TBODY} at (2,2) size 396x24
                  LayoutTableRow {TR} at (0,2) size 396x20
                    LayoutTableCell {TD} at (2,2) size 392x20 [r=0 c=0 rs=1 cs=1]
                      LayoutText {#text} at (1,1) size 185x17
                        text run at (1,1) width 185: "Center table (fixed margins)."
      LayoutBlockFlow {DIV} at (0,3836) size 769x3736
        LayoutBlockFlow (anonymous) at (2,2) size 765x18
          LayoutText {#text} at (312,0) size 453x17
            text run at (312,0) width 5 RTL: "."
            text run at (316,0) width 449: "This is a test of all the various HTML alignments using RTL direction"
        LayoutBlockFlow {DIV} at (2,20) size 765x226 [border: (4px solid #008000)]
          LayoutBlockFlow {DIV} at (6,6) size 753x26 [border: (2px solid #0000FF)]
            LayoutText {#text} at (559,4) size 190x17
              text run at (559,4) width 190: "Normal div inside normal div"
          LayoutBlockFlow {DIV} at (6,32) size 753x26 [border: (2px solid #0000FF)]
            LayoutText {#text} at (4,4) size 168x17
              text run at (4,4) width 168: "Left div inside normal div"
          LayoutBlockFlow {DIV} at (6,58) size 753x26 [border: (2px solid #0000FF)]
            LayoutText {#text} at (284,4) size 185x17
              text run at (284,4) width 185: "Center div inside normal div"
          LayoutBlockFlow {DIV} at (6,84) size 753x26 [border: (2px solid #0000FF)]
            LayoutText {#text} at (573,4) size 176x17
              text run at (573,4) width 176: "Right div inside normal div"
          LayoutBlockFlow {CENTER} at (6,110) size 753x26 [border: (2px solid #0000FF)]
            LayoutText {#text} at (285,4) size 183x17
              text run at (285,4) width 183: "Center tag inside normal div"
          LayoutTable {TABLE} at (661,136) size 98x28 [border: (2px solid #0000FF)]
            LayoutTableSection {TBODY} at (2,2) size 94x24
              LayoutTableRow {TR} at (0,2) size 94x20
                LayoutTableCell {TD} at (2,2) size 90x20 [r=0 c=0 rs=1 cs=1]
                  LayoutText {#text} at (1,1) size 88x17
                    text run at (1,1) width 5 RTL: "."
                    text run at (5,1) width 84: "Normal table"
          LayoutTable {TABLE} at (311,164) size 143x28 [border: (2px solid #0000FF)]
            LayoutTableSection {TBODY} at (2,2) size 139x24
              LayoutTableRow {TR} at (0,2) size 139x20
                LayoutTableCell {TD} at (2,2) size 135x20 [r=0 c=0 rs=1 cs=1]
                  LayoutText {#text} at (1,1) size 133x17
                    text run at (1,1) width 5 RTL: "."
                    text run at (5,1) width 129: "Center aligned table"
          LayoutTable {TABLE} at (562,192) size 195x28 [border: (2px solid #0000FF)]
            LayoutTableSection {TBODY} at (2,2) size 191x24
              LayoutTableRow {TR} at (0,2) size 191x20
                LayoutTableCell {TD} at (2,2) size 187x20 [r=0 c=0 rs=1 cs=1]
                  LayoutText {#text} at (1,1) size 185x17
                    text run at (1,1) width 10 RTL: ")."
                    text run at (10,1) width 176: "Center table (fixed margins"
        LayoutBlockFlow {DIV} at (2,246) size 765x226 [border: (4px solid #800080)]
          LayoutBlockFlow {DIV} at (351,6) size 408x26 [border: (2px solid #0000FF)]
            LayoutText {#text} at (137,4) size 267x17
              text run at (137,4) width 267: "Normal fixed width div inside normal div"
          LayoutBlockFlow {DIV} at (351,32) size 408x26 [border: (2px solid #0000FF)]
            LayoutText {#text} at (4,4) size 245x17
              text run at (4,4) width 245: "Left fixed width div inside normal div"
          LayoutBlockFlow {DIV} at (351,58) size 408x26 [border: (2px solid #0000FF)]
            LayoutText {#text} at (73,4) size 262x17
              text run at (73,4) width 262: "Center fixed width div inside normal div"
          LayoutBlockFlow {DIV} at (351,84) size 408x26 [border: (2px solid #0000FF)]
            LayoutText {#text} at (150,4) size 254x17
              text run at (150,4) width 254: "Right fixed width div inside normal div"
          LayoutBlockFlow {CENTER} at (351,110) size 408x26 [border: (2px solid #0000FF)]
            LayoutText {#text} at (68,4) size 272x17
              text run at (68,4) width 272: "Center tag (fixed width) inside normal div"
          LayoutTable {TABLE} at (359,136) size 400x28 [border: (2px solid #0000FF)]
            LayoutTableSection {TBODY} at (2,2) size 396x24
              LayoutTableRow {TR} at (0,2) size 396x20
                LayoutTableCell {TD} at (2,2) size 392x20 [r=0 c=0 rs=1 cs=1]
                  LayoutText {#text} at (303,1) size 88x17
                    text run at (303,1) width 5 RTL: "."
                    text run at (307,1) width 84: "Normal table"
          LayoutTable {TABLE} at (182.50,164) size 400x28 [border: (2px solid #0000FF)]
            LayoutTableSection {TBODY} at (2,2) size 396x24
              LayoutTableRow {TR} at (0,2) size 396x20
                LayoutTableCell {TD} at (2,2) size 392x20 [r=0 c=0 rs=1 cs=1]
                  LayoutText {#text} at (258,1) size 133x17
                    text run at (258,1) width 5 RTL: "."
                    text run at (262,1) width 129: "Center aligned table"
          LayoutTable {TABLE} at (357,192) size 400x28 [border: (2px solid #0000FF)]
            LayoutTableSection {TBODY} at (2,2) size 396x24
              LayoutTableRow {TR} at (0,2) size 396x20
                LayoutTableCell {TD} at (2,2) size 392x20 [r=0 c=0 rs=1 cs=1]
                  LayoutText {#text} at (206,1) size 185x17
                    text run at (206,1) width 10 RTL: ")."
                    text run at (215,1) width 176: "Center table (fixed margins"
        LayoutBlockFlow {DIV} at (2,472) size 765x226 [border: (4px solid #008000)]
          LayoutBlockFlow {DIV} at (6,6) size 753x26 [border: (2px solid #0000FF)]
            LayoutText {#text} at (4,4) size 207x17
              text run at (4,4) width 207: "Normal div inside align=left div"
          LayoutBlockFlow {DIV} at (6,32) size 753x26 [border: (2px solid #0000FF)]
            LayoutText {#text} at (4,4) size 185x17
              text run at (4,4) width 185: "Left div inside align=left div"
          LayoutBlockFlow {DIV} at (6,58) size 753x26 [border: (2px solid #0000FF)]
            LayoutText {#text} at (276,4) size 201x17
              text run at (276,4) width 201: "Center div inside align=left div"
          LayoutBlockFlow {DIV} at (6,84) size 753x26 [border: (2px solid #0000FF)]
            LayoutText {#text} at (556,4) size 193x17
              text run at (556,4) width 193: "Right div inside align=left div"
          LayoutBlockFlow {CENTER} at (6,110) size 753x26 [border: (2px solid #0000FF)]
            LayoutText {#text} at (276,4) size 201x17
              text run at (276,4) width 201: "Center tag inside align=left div"
          LayoutTable {TABLE} at (6,136) size 98x28 [border: (2px solid #0000FF)]
            LayoutTableSection {TBODY} at (2,2) size 94x24
              LayoutTableRow {TR} at (0,2) size 94x20
                LayoutTableCell {TD} at (2,2) size 90x20 [r=0 c=0 rs=1 cs=1]
                  LayoutText {#text} at (1,1) size 88x17
                    text run at (1,1) width 5 RTL: "."
                    text run at (5,1) width 84: "Normal table"
          LayoutTable {TABLE} at (311,164) size 143x28 [border: (2px solid #0000FF)]
            LayoutTableSection {TBODY} at (2,2) size 139x24
              LayoutTableRow {TR} at (0,2) size 139x20
                LayoutTableCell {TD} at (2,2) size 135x20 [r=0 c=0 rs=1 cs=1]
                  LayoutText {#text} at (1,1) size 133x17
                    text run at (1,1) width 5 RTL: "."
                    text run at (5,1) width 129: "Center aligned table"
          LayoutTable {TABLE} at (8,192) size 195x28 [border: (2px solid #0000FF)]
            LayoutTableSection {TBODY} at (2,2) size 191x24
              LayoutTableRow {TR} at (0,2) size 191x20
                LayoutTableCell {TD} at (2,2) size 187x20 [r=0 c=0 rs=1 cs=1]
                  LayoutText {#text} at (1,1) size 185x17
                    text run at (1,1) width 10 RTL: ")."
                    text run at (10,1) width 176: "Center table (fixed margins"
        LayoutBlockFlow {DIV} at (2,698) size 765x226 [border: (4px solid #800080)]
          LayoutBlockFlow {DIV} at (6,6) size 408x26 [border: (2px solid #0000FF)]
            LayoutText {#text} at (4,4) size 284x17
              text run at (4,4) width 284: "Normal fixed width div inside align=left div"
          LayoutBlockFlow {DIV} at (6,32) size 408x26 [border: (2px solid #0000FF)]
            LayoutText {#text} at (4,4) size 262x17
              text run at (4,4) width 262: "Left fixed width div inside align=left div"
          LayoutBlockFlow {DIV} at (6,58) size 408x26 [border: (2px solid #0000FF)]
            LayoutText {#text} at (65,4) size 278x17
              text run at (65,4) width 278: "Center fixed width div inside align=left div"
          LayoutBlockFlow {DIV} at (6,84) size 408x26 [border: (2px solid #0000FF)]
            LayoutText {#text} at (133,4) size 271x17
              text run at (133,4) width 271: "Right fixed width div inside align=left div"
          LayoutBlockFlow {CENTER} at (6,110) size 408x26 [border: (2px solid #0000FF)]
            LayoutText {#text} at (60,4) size 288x17
              text run at (60,4) width 288: "Center tag (fixed width) inside align=left div"
          LayoutTable {TABLE} at (6,136) size 400x28 [border: (2px solid #0000FF)]
            LayoutTableSection {TBODY} at (2,2) size 396x24
              LayoutTableRow {TR} at (0,2) size 396x20
                LayoutTableCell {TD} at (2,2) size 392x20 [r=0 c=0 rs=1 cs=1]
                  LayoutText {#text} at (303,1) size 88x17
                    text run at (303,1) width 5 RTL: "."
                    text run at (307,1) width 84: "Normal table"
          LayoutTable {TABLE} at (182.50,164) size 400x28 [border: (2px solid #0000FF)]
            LayoutTableSection {TBODY} at (2,2) size 396x24
              LayoutTableRow {TR} at (0,2) size 396x20
                LayoutTableCell {TD} at (2,2) size 392x20 [r=0 c=0 rs=1 cs=1]
                  LayoutText {#text} at (258,1) size 133x17
                    text run at (258,1) width 5 RTL: "."
                    text run at (262,1) width 129: "Center aligned table"
          LayoutTable {TABLE} at (8,192) size 400x28 [border: (2px solid #0000FF)]
            LayoutTableSection {TBODY} at (2,2) size 396x24
              LayoutTableRow {TR} at (0,2) size 396x20
                LayoutTableCell {TD} at (2,2) size 392x20 [r=0 c=0 rs=1 cs=1]
                  LayoutText {#text} at (206,1) size 185x17
                    text run at (206,1) width 10 RTL: ")."
                    text run at (215,1) width 176: "Center table (fixed margins"
        LayoutBlockFlow {DIV} at (2,924) size 765x226 [border: (4px solid #008000)]
          LayoutBlockFlow {DIV} at (6,6) size 753x26 [border: (2px solid #0000FF)]
            LayoutText {#text} at (262,4) size 229x17
              text run at (262,4) width 229: "Normal div inside align= center div"
          LayoutBlockFlow {DIV} at (6,32) size 753x26 [border: (2px solid #0000FF)]
            LayoutText {#text} at (4,4) size 202x17
              text run at (4,4) width 202: "Left div inside align=center div"
          LayoutBlockFlow {DIV} at (6,58) size 753x26 [border: (2px solid #0000FF)]
            LayoutText {#text} at (267,4) size 219x17
              text run at (267,4) width 219: "Center div inside align=center div"
          LayoutBlockFlow {DIV} at (6,84) size 753x26 [border: (2px solid #0000FF)]
            LayoutText {#text} at (538,4) size 211x17
              text run at (538,4) width 211: "Right div inside align=center div"
          LayoutBlockFlow {CENTER} at (6,110) size 753x26 [border: (2px solid #0000FF)]
            LayoutText {#text} at (268,4) size 217x17
              text run at (268,4) width 217: "Center tag inside align=center div"
          LayoutTable {TABLE} at (333.50,136) size 98x28 [border: (2px solid #0000FF)]
            LayoutTableSection {TBODY} at (2,2) size 94x24
              LayoutTableRow {TR} at (0,2) size 94x20
                LayoutTableCell {TD} at (2,2) size 90x20 [r=0 c=0 rs=1 cs=1]
                  LayoutText {#text} at (1,1) size 88x17
                    text run at (1,1) width 5 RTL: "."
                    text run at (5,1) width 84: "Normal table"
          LayoutTable {TABLE} at (311,164) size 143x28 [border: (2px solid #0000FF)]
            LayoutTableSection {TBODY} at (2,2) size 139x24
              LayoutTableRow {TR} at (0,2) size 139x20
                LayoutTableCell {TD} at (2,2) size 135x20 [r=0 c=0 rs=1 cs=1]
                  LayoutText {#text} at (1,1) size 133x17
                    text run at (1,1) width 5 RTL: "."
                    text run at (5,1) width 129: "Center aligned table"
          LayoutTable {TABLE} at (285,192) size 195x28 [border: (2px solid #0000FF)]
            LayoutTableSection {TBODY} at (2,2) size 191x24
              LayoutTableRow {TR} at (0,2) size 191x20
                LayoutTableCell {TD} at (2,2) size 187x20 [r=0 c=0 rs=1 cs=1]
                  LayoutText {#text} at (1,1) size 185x17
                    text run at (1,1) width 10 RTL: ")."
                    text run at (10,1) width 176: "Center table (fixed margins"
        LayoutBlockFlow {DIV} at (2,1150) size 765x226 [border: (4px solid #800080)]
          LayoutBlockFlow {DIV} at (178.50,6) size 408x26 [border: (2px solid #0000FF)]
            LayoutText {#text} at (53,4) size 302x17
              text run at (53,4) width 302: "Normal fixed width div inside align=center div"
          LayoutBlockFlow {DIV} at (178.50,32) size 408x26 [border: (2px solid #0000FF)]
            LayoutText {#text} at (4,4) size 280x17
              text run at (4,4) width 280: "Left fixed width div inside align=center div"
          LayoutBlockFlow {DIV} at (178.50,58) size 408x26 [border: (2px solid #0000FF)]
            LayoutText {#text} at (56,4) size 296x17
              text run at (56,4) width 296: "Center fixed width div inside align=center div"
          LayoutBlockFlow {DIV} at (178.50,84) size 408x26 [border: (2px solid #0000FF)]
            LayoutText {#text} at (115,4) size 289x17
              text run at (115,4) width 289: "Right fixed width div inside align=center div"
          LayoutBlockFlow {CENTER} at (178.50,110) size 408x26 [border: (2px solid #0000FF)]
            LayoutText {#text} at (51,4) size 306x17
              text run at (51,4) width 306: "Center tag (fixed width) inside align=center div"
          LayoutTable {TABLE} at (182.50,136) size 400x28 [border: (2px solid #0000FF)]
            LayoutTableSection {TBODY} at (2,2) size 396x24
              LayoutTableRow {TR} at (0,2) size 396x20
                LayoutTableCell {TD} at (2,2) size 392x20 [r=0 c=0 rs=1 cs=1]
                  LayoutText {#text} at (303,1) size 88x17
                    text run at (303,1) width 5 RTL: "."
                    text run at (307,1) width 84: "Normal table"
          LayoutTable {TABLE} at (182.50,164) size 400x28 [border: (2px solid #0000FF)]
            LayoutTableSection {TBODY} at (2,2) size 396x24
              LayoutTableRow {TR} at (0,2) size 396x20
                LayoutTableCell {TD} at (2,2) size 392x20 [r=0 c=0 rs=1 cs=1]
                  LayoutText {#text} at (258,1) size 133x17
                    text run at (258,1) width 5 RTL: "."
                    text run at (262,1) width 129: "Center aligned table"
          LayoutTable {TABLE} at (182.50,192) size 400x28 [border: (2px solid #0000FF)]
            LayoutTableSection {TBODY} at (2,2) size 396x24
              LayoutTableRow {TR} at (0,2) size 396x20
                LayoutTableCell {TD} at (2,2) size 392x20 [r=0 c=0 rs=1 cs=1]
                  LayoutText {#text} at (206,1) size 185x17
                    text run at (206,1) width 10 RTL: ")."
                    text run at (215,1) width 176: "Center table (fixed margins"
        LayoutBlockFlow {DIV} at (2,1376) size 765x226 [border: (4px solid #008000)]
          LayoutBlockFlow {DIV} at (6,6) size 753x26 [border: (2px solid #0000FF)]
            LayoutText {#text} at (533,4) size 216x17
              text run at (533,4) width 216: "Normal div inside align=right div"
          LayoutBlockFlow {DIV} at (6,32) size 753x26 [border: (2px solid #0000FF)]
            LayoutText {#text} at (4,4) size 193x17
              text run at (4,4) width 193: "Left div inside align=right div"
          LayoutBlockFlow {DIV} at (6,58) size 753x26 [border: (2px solid #0000FF)]
            LayoutText {#text} at (272,4) size 209x17
              text run at (272,4) width 209: "Center div inside align=right div"
          LayoutBlockFlow {DIV} at (6,84) size 753x26 [border: (2px solid #0000FF)]
            LayoutText {#text} at (547,4) size 202x17
              text run at (547,4) width 202: "Right div inside align=right div"
          LayoutBlockFlow {CENTER} at (6,110) size 753x26 [border: (2px solid #0000FF)]
            LayoutText {#text} at (272,4) size 209x17
              text run at (272,4) width 209: "Center tag inside align=right div"
          LayoutTable {TABLE} at (661,136) size 98x28 [border: (2px solid #0000FF)]
            LayoutTableSection {TBODY} at (2,2) size 94x24
              LayoutTableRow {TR} at (0,2) size 94x20
                LayoutTableCell {TD} at (2,2) size 90x20 [r=0 c=0 rs=1 cs=1]
                  LayoutText {#text} at (1,1) size 88x17
                    text run at (1,1) width 5 RTL: "."
                    text run at (5,1) width 84: "Normal table"
          LayoutTable {TABLE} at (311,164) size 143x28 [border: (2px solid #0000FF)]
            LayoutTableSection {TBODY} at (2,2) size 139x24
              LayoutTableRow {TR} at (0,2) size 139x20
                LayoutTableCell {TD} at (2,2) size 135x20 [r=0 c=0 rs=1 cs=1]
                  LayoutText {#text} at (1,1) size 133x17
                    text run at (1,1) width 5 RTL: "."
                    text run at (5,1) width 129: "Center aligned table"
          LayoutTable {TABLE} at (562,192) size 195x28 [border: (2px solid #0000FF)]
            LayoutTableSection {TBODY} at (2,2) size 191x24
              LayoutTableRow {TR} at (0,2) size 191x20
                LayoutTableCell {TD} at (2,2) size 187x20 [r=0 c=0 rs=1 cs=1]
                  LayoutText {#text} at (1,1) size 185x17
                    text run at (1,1) width 10 RTL: ")."
                    text run at (10,1) width 176: "Center table (fixed margins"
        LayoutBlockFlow {DIV} at (2,1602) size 765x226 [border: (4px solid #800080)]
          LayoutBlockFlow {DIV} at (351,6) size 408x26 [border: (2px solid #0000FF)]
            LayoutText {#text} at (111,4) size 293x17
              text run at (111,4) width 293: "Normal fixed width div inside align=right div"
          LayoutBlockFlow {DIV} at (351,32) size 408x26 [border: (2px solid #0000FF)]
            LayoutText {#text} at (4,4) size 271x17
              text run at (4,4) width 271: "Left fixed width div inside align=right div"
          LayoutBlockFlow {DIV} at (351,58) size 408x26 [border: (2px solid #0000FF)]
            LayoutText {#text} at (60,4) size 288x17
              text run at (60,4) width 288: "Center fixed width div inside align=right div"
          LayoutBlockFlow {DIV} at (351,84) size 408x26 [border: (2px solid #0000FF)]
            LayoutText {#text} at (124,4) size 280x17
              text run at (124,4) width 280: "Right fixed width div inside align=right div"
          LayoutBlockFlow {CENTER} at (351,110) size 408x26 [border: (2px solid #0000FF)]
            LayoutText {#text} at (55,4) size 298x17
              text run at (55,4) width 298: "Center tag (fixed width) inside align=right div"
          LayoutTable {TABLE} at (359,136) size 400x28 [border: (2px solid #0000FF)]
            LayoutTableSection {TBODY} at (2,2) size 396x24
              LayoutTableRow {TR} at (0,2) size 396x20
                LayoutTableCell {TD} at (2,2) size 392x20 [r=0 c=0 rs=1 cs=1]
                  LayoutText {#text} at (303,1) size 88x17
                    text run at (303,1) width 5 RTL: "."
                    text run at (307,1) width 84: "Normal table"
          LayoutTable {TABLE} at (182.50,164) size 400x28 [border: (2px solid #0000FF)]
            LayoutTableSection {TBODY} at (2,2) size 396x24
              LayoutTableRow {TR} at (0,2) size 396x20
                LayoutTableCell {TD} at (2,2) size 392x20 [r=0 c=0 rs=1 cs=1]
                  LayoutText {#text} at (258,1) size 133x17
                    text run at (258,1) width 5 RTL: "."
                    text run at (262,1) width 129: "Center aligned table"
          LayoutTable {TABLE} at (357,192) size 400x28 [border: (2px solid #0000FF)]
            LayoutTableSection {TBODY} at (2,2) size 396x24
              LayoutTableRow {TR} at (0,2) size 396x20
                LayoutTableCell {TD} at (2,2) size 392x20 [r=0 c=0 rs=1 cs=1]
                  LayoutText {#text} at (206,1) size 185x17
                    text run at (206,1) width 10 RTL: ")."
                    text run at (215,1) width 176: "Center table (fixed margins"
        LayoutBlockFlow {P} at (2,1844) size 765x18
          LayoutText {#text} at (389,0) size 376x17
            text run at (389,0) width 10 RTL: ")."
            text run at (398,0) width 367: "This is a test using TABLE cells (all in the RTL direction"
        LayoutTable {TABLE} at (2,1878) size 765x232 [border: (2px solid #0000FF)]
          LayoutTableSection {TBODY} at (2,2) size 761x228
            LayoutTableRow {TR} at (0,2) size 761x224
              LayoutTableCell {TD} at (2,2) size 757x224 [border: (4px solid #008000)] [r=0 c=0 rs=1 cs=1]
                LayoutBlockFlow {DIV} at (5,5) size 747x26 [border: (2px solid #0000FF)]
                  LayoutText {#text} at (561,4) size 182x17
                    text run at (561,4) width 182: "Normal div inside normal td"
                LayoutBlockFlow {DIV} at (5,31) size 747x26 [border: (2px solid #0000FF)]
                  LayoutText {#text} at (4,4) size 160x17
                    text run at (4,4) width 160: "Left div inside normal td"
                LayoutBlockFlow {DIV} at (5,57) size 747x26 [border: (2px solid #0000FF)]
                  LayoutText {#text} at (285,4) size 177x17
                    text run at (285,4) width 177: "Center div inside normal td"
                LayoutBlockFlow {DIV} at (5,83) size 747x26 [border: (2px solid #0000FF)]
                  LayoutText {#text} at (575,4) size 168x17
                    text run at (575,4) width 168: "Right div inside normal td"
                LayoutBlockFlow {CENTER} at (5,109) size 747x26 [border: (2px solid #0000FF)]
                  LayoutText {#text} at (286,4) size 175x17
                    text run at (286,4) width 175: "Center tag inside normal td"
                LayoutTable {TABLE} at (654,135) size 98x28 [border: (2px solid #0000FF)]
                  LayoutTableSection {TBODY} at (2,2) size 94x24
                    LayoutTableRow {TR} at (0,2) size 94x20
                      LayoutTableCell {TD} at (2,2) size 90x20 [r=0 c=0 rs=1 cs=1]
                        LayoutText {#text} at (1,1) size 88x17
                          text run at (1,1) width 5 RTL: "."
                          text run at (5,1) width 84: "Normal table"
                LayoutTable {TABLE} at (307,163) size 143x28 [border: (2px solid #0000FF)]
                  LayoutTableSection {TBODY} at (2,2) size 139x24
                    LayoutTableRow {TR} at (0,2) size 139x20
                      LayoutTableCell {TD} at (2,2) size 135x20 [r=0 c=0 rs=1 cs=1]
                        LayoutText {#text} at (1,1) size 133x17
                          text run at (1,1) width 5 RTL: "."
                          text run at (5,1) width 129: "Center aligned table"
                LayoutTable {TABLE} at (555,191) size 195x28 [border: (2px solid #0000FF)]
                  LayoutTableSection {TBODY} at (2,2) size 191x24
                    LayoutTableRow {TR} at (0,2) size 191x20
                      LayoutTableCell {TD} at (2,2) size 187x20 [r=0 c=0 rs=1 cs=1]
                        LayoutText {#text} at (1,1) size 185x17
                          text run at (1,1) width 10 RTL: ")."
                          text run at (10,1) width 176: "Center table (fixed margins"
        LayoutTable {TABLE} at (2,2110) size 765x232 [border: (2px solid #0000FF)]
          LayoutTableSection {TBODY} at (2,2) size 761x228
            LayoutTableRow {TR} at (0,2) size 761x224
              LayoutTableCell {TD} at (2,2) size 757x224 [border: (4px solid #800080)] [r=0 c=0 rs=1 cs=1]
                LayoutBlockFlow {DIV} at (344,5) size 408x26 [border: (2px solid #0000FF)]
                  LayoutText {#text} at (145,4) size 259x17
                    text run at (145,4) width 259: "Normal fixed width div inside normal td"
                LayoutBlockFlow {DIV} at (344,31) size 408x26 [border: (2px solid #0000FF)]
                  LayoutText {#text} at (4,4) size 237x17
                    text run at (4,4) width 237: "Left fixed width div inside normal td"
                LayoutBlockFlow {DIV} at (344,57) size 408x26 [border: (2px solid #0000FF)]
                  LayoutText {#text} at (77,4) size 254x17
                    text run at (77,4) width 254: "Center fixed width div inside normal td"
                LayoutBlockFlow {DIV} at (344,83) size 408x26 [border: (2px solid #0000FF)]
                  LayoutText {#text} at (158,4) size 246x17
                    text run at (158,4) width 246: "Right fixed width div inside normal td"
                LayoutBlockFlow {CENTER} at (344,109) size 408x26 [border: (2px solid #0000FF)]
                  LayoutText {#text} at (72,4) size 264x17
                    text run at (72,4) width 264: "Center tag (fixed width) inside normal td"
                LayoutTable {TABLE} at (352,135) size 400x28 [border: (2px solid #0000FF)]
                  LayoutTableSection {TBODY} at (2,2) size 396x24
                    LayoutTableRow {TR} at (0,2) size 396x20
                      LayoutTableCell {TD} at (2,2) size 392x20 [r=0 c=0 rs=1 cs=1]
                        LayoutText {#text} at (303,1) size 88x17
                          text run at (303,1) width 5 RTL: "."
                          text run at (307,1) width 84: "Normal table"
                LayoutTable {TABLE} at (178.50,163) size 400x28 [border: (2px solid #0000FF)]
                  LayoutTableSection {TBODY} at (2,2) size 396x24
                    LayoutTableRow {TR} at (0,2) size 396x20
                      LayoutTableCell {TD} at (2,2) size 392x20 [r=0 c=0 rs=1 cs=1]
                        LayoutText {#text} at (258,1) size 133x17
                          text run at (258,1) width 5 RTL: "."
                          text run at (262,1) width 129: "Center aligned table"
                LayoutTable {TABLE} at (350,191) size 400x28 [border: (2px solid #0000FF)]
                  LayoutTableSection {TBODY} at (2,2) size 396x24
                    LayoutTableRow {TR} at (0,2) size 396x20
                      LayoutTableCell {TD} at (2,2) size 392x20 [r=0 c=0 rs=1 cs=1]
                        LayoutText {#text} at (206,1) size 185x17
                          text run at (206,1) width 10 RTL: ")."
                          text run at (215,1) width 176: "Center table (fixed margins"
        LayoutTable {TABLE} at (2,2342) size 765x232 [border: (2px solid #0000FF)]
          LayoutTableSection {TBODY} at (2,2) size 761x228
            LayoutTableRow {TR} at (0,2) size 761x224
              LayoutTableCell {TD} at (2,2) size 757x224 [border: (4px solid #008000)] [r=0 c=0 rs=1 cs=1]
                LayoutBlockFlow {DIV} at (5,5) size 747x26 [border: (2px solid #0000FF)]
                  LayoutText {#text} at (4,4) size 199x17
                    text run at (4,4) width 199: "Normal div inside align=left td"
                LayoutBlockFlow {DIV} at (5,31) size 747x26 [border: (2px solid #0000FF)]
                  LayoutText {#text} at (4,4) size 177x17
                    text run at (4,4) width 177: "Left div inside align=left td"
                LayoutBlockFlow {DIV} at (5,57) size 747x26 [border: (2px solid #0000FF)]
                  LayoutText {#text} at (277,4) size 193x17
                    text run at (277,4) width 193: "Center div inside align=left td"
                LayoutBlockFlow {DIV} at (5,83) size 747x26 [border: (2px solid #0000FF)]
                  LayoutText {#text} at (558,4) size 185x17
                    text run at (558,4) width 185: "Right div inside align=left td"
                LayoutBlockFlow {CENTER} at (5,109) size 747x26 [border: (2px solid #0000FF)]
                  LayoutText {#text} at (277,4) size 193x17
                    text run at (277,4) width 193: "Center tag inside align=left td"
                LayoutTable {TABLE} at (5,135) size 98x28 [border: (2px solid #0000FF)]
                  LayoutTableSection {TBODY} at (2,2) size 94x24
                    LayoutTableRow {TR} at (0,2) size 94x20
                      LayoutTableCell {TD} at (2,2) size 90x20 [r=0 c=0 rs=1 cs=1]
                        LayoutText {#text} at (1,1) size 88x17
                          text run at (1,1) width 5 RTL: "."
                          text run at (5,1) width 84: "Normal table"
                LayoutTable {TABLE} at (307,163) size 143x28 [border: (2px solid #0000FF)]
                  LayoutTableSection {TBODY} at (2,2) size 139x24
                    LayoutTableRow {TR} at (0,2) size 139x20
                      LayoutTableCell {TD} at (2,2) size 135x20 [r=0 c=0 rs=1 cs=1]
                        LayoutText {#text} at (1,1) size 133x17
                          text run at (1,1) width 5 RTL: "."
                          text run at (5,1) width 129: "Center aligned table"
                LayoutTable {TABLE} at (7,191) size 195x28 [border: (2px solid #0000FF)]
                  LayoutTableSection {TBODY} at (2,2) size 191x24
                    LayoutTableRow {TR} at (0,2) size 191x20
                      LayoutTableCell {TD} at (2,2) size 187x20 [r=0 c=0 rs=1 cs=1]
                        LayoutText {#text} at (1,1) size 185x17
                          text run at (1,1) width 10 RTL: ")."
                          text run at (10,1) width 176: "Center table (fixed margins"
        LayoutTable {TABLE} at (2,2574) size 765x232 [border: (2px solid #0000FF)]
          LayoutTableSection {TBODY} at (2,2) size 761x228
            LayoutTableRow {TR} at (0,2) size 761x224
              LayoutTableCell {TD} at (2,2) size 757x224 [border: (4px solid #800080)] [r=0 c=0 rs=1 cs=1]
                LayoutBlockFlow {DIV} at (5,5) size 408x26 [border: (2px solid #0000FF)]
                  LayoutText {#text} at (4,4) size 276x17
                    text run at (4,4) width 276: "Normal fixed width div inside align=left td"
                LayoutBlockFlow {DIV} at (5,31) size 408x26 [border: (2px solid #0000FF)]
                  LayoutText {#text} at (4,4) size 254x17
                    text run at (4,4) width 254: "Left fixed width div inside align=left td"
                LayoutBlockFlow {DIV} at (5,57) size 408x26 [border: (2px solid #0000FF)]
                  LayoutText {#text} at (69,4) size 270x17
                    text run at (69,4) width 270: "Center fixed width div inside align=left td"
                LayoutBlockFlow {DIV} at (5,83) size 408x26 [border: (2px solid #0000FF)]
                  LayoutText {#text} at (141,4) size 263x17
                    text run at (141,4) width 263: "Right fixed width div inside align=left td"
                LayoutBlockFlow {CENTER} at (5,109) size 408x26 [border: (2px solid #0000FF)]
                  LayoutText {#text} at (64,4) size 280x17
                    text run at (64,4) width 280: "Center tag (fixed width) inside align=left td"
                LayoutTable {TABLE} at (5,135) size 400x28 [border: (2px solid #0000FF)]
                  LayoutTableSection {TBODY} at (2,2) size 396x24
                    LayoutTableRow {TR} at (0,2) size 396x20
                      LayoutTableCell {TD} at (2,2) size 392x20 [r=0 c=0 rs=1 cs=1]
                        LayoutText {#text} at (303,1) size 88x17
                          text run at (303,1) width 5 RTL: "."
                          text run at (307,1) width 84: "Normal table"
                LayoutTable {TABLE} at (178.50,163) size 400x28 [border: (2px solid #0000FF)]
                  LayoutTableSection {TBODY} at (2,2) size 396x24
                    LayoutTableRow {TR} at (0,2) size 396x20
                      LayoutTableCell {TD} at (2,2) size 392x20 [r=0 c=0 rs=1 cs=1]
                        LayoutText {#text} at (258,1) size 133x17
                          text run at (258,1) width 5 RTL: "."
                          text run at (262,1) width 129: "Center aligned table"
                LayoutTable {TABLE} at (7,191) size 400x28 [border: (2px solid #0000FF)]
                  LayoutTableSection {TBODY} at (2,2) size 396x24
                    LayoutTableRow {TR} at (0,2) size 396x20
                      LayoutTableCell {TD} at (2,2) size 392x20 [r=0 c=0 rs=1 cs=1]
                        LayoutText {#text} at (206,1) size 185x17
                          text run at (206,1) width 10 RTL: ")."
                          text run at (215,1) width 176: "Center table (fixed margins"
        LayoutTable {TABLE} at (2,2806) size 765x232 [border: (2px solid #0000FF)]
          LayoutTableSection {TBODY} at (2,2) size 761x228
            LayoutTableRow {TR} at (0,2) size 761x224
              LayoutTableCell {TD} at (2,2) size 757x224 [border: (4px solid #008000)] [r=0 c=0 rs=1 cs=1]
                LayoutBlockFlow {DIV} at (5,5) size 747x26 [border: (2px solid #0000FF)]
                  LayoutText {#text} at (263,4) size 221x17
                    text run at (263,4) width 221: "Normal div inside align= center td"
                LayoutBlockFlow {DIV} at (5,31) size 747x26 [border: (2px solid #0000FF)]
                  LayoutText {#text} at (4,4) size 194x17
                    text run at (4,4) width 194: "Left div inside align=center td"
                LayoutBlockFlow {DIV} at (5,57) size 747x26 [border: (2px solid #0000FF)]
                  LayoutText {#text} at (268,4) size 211x17
                    text run at (268,4) width 211: "Center div inside align=center td"
                LayoutBlockFlow {DIV} at (5,83) size 747x26 [border: (2px solid #0000FF)]
                  LayoutText {#text} at (540,4) size 203x17
                    text run at (540,4) width 203: "Right div inside align=center td"
                LayoutBlockFlow {CENTER} at (5,109) size 747x26 [border: (2px solid #0000FF)]
                  LayoutText {#text} at (269,4) size 209x17
                    text run at (269,4) width 209: "Center tag inside align=center td"
                LayoutTable {TABLE} at (329.50,135) size 98x28 [border: (2px solid #0000FF)]
                  LayoutTableSection {TBODY} at (2,2) size 94x24
                    LayoutTableRow {TR} at (0,2) size 94x20
                      LayoutTableCell {TD} at (2,2) size 90x20 [r=0 c=0 rs=1 cs=1]
                        LayoutText {#text} at (1,1) size 88x17
                          text run at (1,1) width 5 RTL: "."
                          text run at (5,1) width 84: "Normal table"
                LayoutTable {TABLE} at (307,163) size 143x28 [border: (2px solid #0000FF)]
                  LayoutTableSection {TBODY} at (2,2) size 139x24
                    LayoutTableRow {TR} at (0,2) size 139x20
                      LayoutTableCell {TD} at (2,2) size 135x20 [r=0 c=0 rs=1 cs=1]
                        LayoutText {#text} at (1,1) size 133x17
                          text run at (1,1) width 5 RTL: "."
                          text run at (5,1) width 129: "Center aligned table"
                LayoutTable {TABLE} at (281,191) size 195x28 [border: (2px solid #0000FF)]
                  LayoutTableSection {TBODY} at (2,2) size 191x24
                    LayoutTableRow {TR} at (0,2) size 191x20
                      LayoutTableCell {TD} at (2,2) size 187x20 [r=0 c=0 rs=1 cs=1]
                        LayoutText {#text} at (1,1) size 185x17
                          text run at (1,1) width 10 RTL: ")."
                          text run at (10,1) width 176: "Center table (fixed margins"
        LayoutTable {TABLE} at (2,3038) size 765x232 [border: (2px solid #0000FF)]
          LayoutTableSection {TBODY} at (2,2) size 761x228
            LayoutTableRow {TR} at (0,2) size 761x224
              LayoutTableCell {TD} at (2,2) size 757x224 [border: (4px solid #800080)] [r=0 c=0 rs=1 cs=1]
                LayoutBlockFlow {DIV} at (174.50,5) size 408x26 [border: (2px solid #0000FF)]
                  LayoutText {#text} at (57,4) size 294x17
                    text run at (57,4) width 294: "Normal fixed width div inside align=center td"
                LayoutBlockFlow {DIV} at (174.50,31) size 408x26 [border: (2px solid #0000FF)]
                  LayoutText {#text} at (4,4) size 272x17
                    text run at (4,4) width 272: "Left fixed width div inside align=center td"
                LayoutBlockFlow {DIV} at (174.50,57) size 408x26 [border: (2px solid #0000FF)]
                  LayoutText {#text} at (60,4) size 288x17
                    text run at (60,4) width 288: "Center fixed width div inside align=center td"
                LayoutBlockFlow {DIV} at (174.50,83) size 408x26 [border: (2px solid #0000FF)]
                  LayoutText {#text} at (123,4) size 281x17
                    text run at (123,4) width 281: "Right fixed width div inside align=center td"
                LayoutBlockFlow {CENTER} at (174.50,109) size 408x26 [border: (2px solid #0000FF)]
                  LayoutText {#text} at (55,4) size 298x17
                    text run at (55,4) width 298: "Center tag (fixed width) inside align=center td"
                LayoutTable {TABLE} at (178.50,135) size 400x28 [border: (2px solid #0000FF)]
                  LayoutTableSection {TBODY} at (2,2) size 396x24
                    LayoutTableRow {TR} at (0,2) size 396x20
                      LayoutTableCell {TD} at (2,2) size 392x20 [r=0 c=0 rs=1 cs=1]
                        LayoutText {#text} at (303,1) size 88x17
                          text run at (303,1) width 5 RTL: "."
                          text run at (307,1) width 84: "Normal table"
                LayoutTable {TABLE} at (178.50,163) size 400x28 [border: (2px solid #0000FF)]
                  LayoutTableSection {TBODY} at (2,2) size 396x24
                    LayoutTableRow {TR} at (0,2) size 396x20
                      LayoutTableCell {TD} at (2,2) size 392x20 [r=0 c=0 rs=1 cs=1]
                        LayoutText {#text} at (258,1) size 133x17
                          text run at (258,1) width 5 RTL: "."
                          text run at (262,1) width 129: "Center aligned table"
                LayoutTable {TABLE} at (178.50,191) size 400x28 [border: (2px solid #0000FF)]
                  LayoutTableSection {TBODY} at (2,2) size 396x24
                    LayoutTableRow {TR} at (0,2) size 396x20
                      LayoutTableCell {TD} at (2,2) size 392x20 [r=0 c=0 rs=1 cs=1]
                        LayoutText {#text} at (206,1) size 185x17
                          text run at (206,1) width 10 RTL: ")."
                          text run at (215,1) width 176: "Center table (fixed margins"
        LayoutTable {TABLE} at (2,3270) size 765x232 [border: (2px solid #0000FF)]
          LayoutTableSection {TBODY} at (2,2) size 761x228
            LayoutTableRow {TR} at (0,2) size 761x224
              LayoutTableCell {TD} at (2,2) size 757x224 [border: (4px solid #008000)] [r=0 c=0 rs=1 cs=1]
                LayoutBlockFlow {DIV} at (5,5) size 747x26 [border: (2px solid #0000FF)]
                  LayoutText {#text} at (535,4) size 208x17
                    text run at (535,4) width 208: "Normal div inside align=right td"
                LayoutBlockFlow {DIV} at (5,31) size 747x26 [border: (2px solid #0000FF)]
                  LayoutText {#text} at (4,4) size 185x17
                    text run at (4,4) width 185: "Left div inside align=right td"
                LayoutBlockFlow {DIV} at (5,57) size 747x26 [border: (2px solid #0000FF)]
                  LayoutText {#text} at (273,4) size 201x17
                    text run at (273,4) width 201: "Center div inside align=right td"
                LayoutBlockFlow {DIV} at (5,83) size 747x26 [border: (2px solid #0000FF)]
                  LayoutText {#text} at (549,4) size 194x17
                    text run at (549,4) width 194: "Right div inside align=right td"
                LayoutBlockFlow {CENTER} at (5,109) size 747x26 [border: (2px solid #0000FF)]
                  LayoutText {#text} at (273,4) size 201x17
                    text run at (273,4) width 201: "Center tag inside align=right td"
                LayoutTable {TABLE} at (654,135) size 98x28 [border: (2px solid #0000FF)]
                  LayoutTableSection {TBODY} at (2,2) size 94x24
                    LayoutTableRow {TR} at (0,2) size 94x20
                      LayoutTableCell {TD} at (2,2) size 90x20 [r=0 c=0 rs=1 cs=1]
                        LayoutText {#text} at (1,1) size 88x17
                          text run at (1,1) width 5 RTL: "."
                          text run at (5,1) width 84: "Normal table"
                LayoutTable {TABLE} at (307,163) size 143x28 [border: (2px solid #0000FF)]
                  LayoutTableSection {TBODY} at (2,2) size 139x24
                    LayoutTableRow {TR} at (0,2) size 139x20
                      LayoutTableCell {TD} at (2,2) size 135x20 [r=0 c=0 rs=1 cs=1]
                        LayoutText {#text} at (1,1) size 133x17
                          text run at (1,1) width 5 RTL: "."
                          text run at (5,1) width 129: "Center aligned table"
                LayoutTable {TABLE} at (555,191) size 195x28 [border: (2px solid #0000FF)]
                  LayoutTableSection {TBODY} at (2,2) size 191x24
                    LayoutTableRow {TR} at (0,2) size 191x20
                      LayoutTableCell {TD} at (2,2) size 187x20 [r=0 c=0 rs=1 cs=1]
                        LayoutText {#text} at (1,1) size 185x17
                          text run at (1,1) width 10 RTL: ")."
                          text run at (10,1) width 176: "Center table (fixed margins"
        LayoutTable {TABLE} at (2,3502) size 765x232 [border: (2px solid #0000FF)]
          LayoutTableSection {TBODY} at (2,2) size 761x228
            LayoutTableRow {TR} at (0,2) size 761x224
              LayoutTableCell {TD} at (2,2) size 757x224 [border: (4px solid #800080)] [r=0 c=0 rs=1 cs=1]
                LayoutBlockFlow {DIV} at (344,5) size 408x26 [border: (2px solid #0000FF)]
                  LayoutText {#text} at (119,4) size 285x17
                    text run at (119,4) width 285: "Normal fixed width div inside align=right td"
                LayoutBlockFlow {DIV} at (344,31) size 408x26 [border: (2px solid #0000FF)]
                  LayoutText {#text} at (4,4) size 263x17
                    text run at (4,4) width 263: "Left fixed width div inside align=right td"
                LayoutBlockFlow {DIV} at (344,57) size 408x26 [border: (2px solid #0000FF)]
                  LayoutText {#text} at (64,4) size 280x17
                    text run at (64,4) width 280: "Center fixed width div inside align=right td"
                LayoutBlockFlow {DIV} at (344,83) size 408x26 [border: (2px solid #0000FF)]
                  LayoutText {#text} at (132,4) size 272x17
                    text run at (132,4) width 272: "Right fixed width div inside align=right td"
                LayoutBlockFlow {CENTER} at (344,109) size 408x26 [border: (2px solid #0000FF)]
                  LayoutText {#text} at (59,4) size 290x17
                    text run at (59,4) width 290: "Center tag (fixed width) inside align=right td"
                LayoutTable {TABLE} at (352,135) size 400x28 [border: (2px solid #0000FF)]
                  LayoutTableSection {TBODY} at (2,2) size 396x24
                    LayoutTableRow {TR} at (0,2) size 396x20
                      LayoutTableCell {TD} at (2,2) size 392x20 [r=0 c=0 rs=1 cs=1]
                        LayoutText {#text} at (303,1) size 88x17
                          text run at (303,1) width 5 RTL: "."
                          text run at (307,1) width 84: "Normal table"
                LayoutTable {TABLE} at (178.50,163) size 400x28 [border: (2px solid #0000FF)]
                  LayoutTableSection {TBODY} at (2,2) size 396x24
                    LayoutTableRow {TR} at (0,2) size 396x20
                      LayoutTableCell {TD} at (2,2) size 392x20 [r=0 c=0 rs=1 cs=1]
                        LayoutText {#text} at (258,1) size 133x17
                          text run at (258,1) width 5 RTL: "."
                          text run at (262,1) width 129: "Center aligned table"
                LayoutTable {TABLE} at (350,191) size 400x28 [border: (2px solid #0000FF)]
                  LayoutTableSection {TBODY} at (2,2) size 396x24
                    LayoutTableRow {TR} at (0,2) size 396x20
                      LayoutTableCell {TD} at (2,2) size 392x20 [r=0 c=0 rs=1 cs=1]
                        LayoutText {#text} at (206,1) size 185x17
                          text run at (206,1) width 10 RTL: ")."
                          text run at (215,1) width 176: "Center table (fixed margins"
