layer at (0,0) size 800x600
  LayoutView at (0,0) size 800x600
layer at (0,0) size 800x269
  LayoutBlockFlow {HTML} at (0,0) size 800x269 [color=#000080]
    LayoutBlockFlow {BODY} at (8,16) size 784x237
      LayoutBlockFlow {DIV} at (0,0) size 100x200
        LayoutBlockFlow {P} at (0,0) size 100x200
      LayoutBlockFlow {P} at (0,216) size 784x21
        LayoutText {#text} at (0,3) size 428x17
          text run at (0,3) width 428: "There should be a complete unbroken yin-yang symbol (\x{262F}) above."
layer at (8,16) size 200x200
  LayoutEmbeddedObject {OBJECT} at (0,0) size 200x200
    layer at (0,0) size 100x200
      LayoutView at (0,0) size 100x200
    layer at (0,0) size 100x200
      LayoutSVGRoot {svg} at (0,0) size 0x0
