layer at (0,0) size 800x600 scrollX 3625.00 scrollWidth 4425
  LayoutView at (0,0) size 800x600
layer at (-3625,0) size 4425x600 backgroundClip at (0,0) size 800x600 clip at (0,0) size 800x600
  LayoutBlockFlow {HTML} at (0,0) size 4425.34x600
    LayoutBlockFlow {BODY} at (60,48) size 4305.34x504
      LayoutBlockFlow {H1} at (0,0) size 48x504
        LayoutText {#text} at (5,0) size 37x64
          text run at (5,0) width 64: "\x{8349}\x{6795}"
      LayoutBlockFlow {H2} at (69.44,0) size 36x504
        LayoutText {#text} at (4,0) size 28x96
          text run at (4,0) width 96: "\x{590F}\x{76EE}\x{6F31}\x{77F3}"
      LayoutBlockFlow {DIV} at (125.34,0) size 4180x504
        LayoutBlockFlow (anonymous) at (0,0) size 2315x504
          LayoutBR {BR} at (0,0) size 18x0
          LayoutBR {BR} at (18,0) size 18x0
          LayoutBR {BR} at (36,0) size 18x0
          LayoutText {#text} at (57,0) size 18x144
            text run at (57,0) width 144: "\x{3000}\x{3000}\x{3000}\x{3000}\x{3000}\x{3000}\x{3000}\x{3000}\x{4E00}"
          LayoutBR {BR} at (57,144) size 18x0
          LayoutBR {BR} at (78,0) size 18x0
          LayoutText {#text} at (106,0) size 18x16
            text run at (106,0) width 16: "\x{3000}"
          LayoutRuby (inline) {RUBY} at (0,0) size 18x34
            LayoutRubyRun (anonymous) at (103,15) size 24x36
              LayoutRubyText {RT} at (-9,0) size 14x36
                LayoutText {#text} at (2,0) size 10x36
                  text run at (2,0) width 36: "\x{3084}\x{307E}\x{307F}\x{3061}"
              LayoutRubyBase (anonymous) at (0,0) size 24x36
                LayoutInline {RB} at (0,0) size 18x34
                  LayoutText {#text} at (3,1) size 18x34
                    text run at (3,1) width 34: "\x{5C71}\x{8DEF}"
          LayoutText {#text} at (106,50) size 18x208
            text run at (106,50) width 208: "\x{3092}\x{767B}\x{308A}\x{306A}\x{304C}\x{3089}\x{3001}\x{3053}\x{3046}\x{8003}\x{3048}\x{305F}\x{3002}"
          LayoutBR {BR} at (106,258) size 18x0
          LayoutText {#text} at (134,0) size 18x16
            text run at (134,0) width 16: "\x{3000}"
          LayoutRuby (inline) {RUBY} at (0,0) size 18x16
            LayoutRubyRun (anonymous) at (131,16) size 24x16
              LayoutRubyText {RT} at (-9,0) size 14x16
                LayoutText {#text} at (2,3) size 10x10
                  text run at (2,3) width 9: "\x{3061}"
              LayoutRubyBase (anonymous) at (0,0) size 24x16
                LayoutInline {RB} at (0,0) size 18x16
                  LayoutText {#text} at (3,0) size 18x16
                    text run at (3,0) width 16: "\x{667A}"
          LayoutText {#text} at (134,32) size 18x64
            text run at (134,32) width 64: "\x{306B}\x{50CD}\x{3051}\x{3070}"
          LayoutRuby (inline) {RUBY} at (0,0) size 18x16
            LayoutRubyRun (anonymous) at (131,95) size 24x18
              LayoutRubyText {RT} at (-9,0) size 14x18
                LayoutText {#text} at (2,0) size 10x18
                  text run at (2,0) width 18: "\x{304B}\x{3069}"
              LayoutRubyBase (anonymous) at (0,0) size 24x18
                LayoutInline {RB} at (0,0) size 18x16
                  LayoutText {#text} at (3,1) size 18x16
                    text run at (3,1) width 16: "\x{89D2}"
          LayoutText {#text} at (134,112) size 18x64
            text run at (134,112) width 64: "\x{304C}\x{7ACB}\x{3064}\x{3002}"
          LayoutRuby (inline) {RUBY} at (0,0) size 18x19
            LayoutRubyRun (anonymous) at (131,172) size 24x27
              LayoutRubyText {RT} at (-9,0) size 14x27
                LayoutText {#text} at (2,0) size 10x27
                  text run at (2,0) width 27: "\x{3058}\x{3087}\x{3046}"
              LayoutRubyBase (anonymous) at (0,0) size 24x27
                LayoutInline {RB} at (0,0) size 18x17
                  LayoutText {#text} at (3,5) size 18x17
                    text run at (3,5) width 16: "\x{60C5}"
          LayoutText {#text} at (134,195) size 18x16
            text run at (134,195) width 16: "\x{306B}"
          LayoutRuby (inline) {RUBY} at (0,0) size 18x16
            LayoutRubyRun (anonymous) at (131,210) size 24x18
              LayoutRubyText {RT} at (-9,0) size 14x18
                LayoutText {#text} at (2,0) size 10x18
                  text run at (2,0) width 18: "\x{3055}\x{304A}"
              LayoutRubyBase (anonymous) at (0,0) size 24x18
                LayoutInline {RB} at (0,0) size 18x16
                  LayoutText {#text} at (3,1) size 18x16
                    text run at (3,1) width 16: "\x{68F9}"
          LayoutText {#text} at (134,227) size 18x176
            text run at (134,227) width 176: "\x{3055}\x{305B}\x{3070}\x{6D41}\x{3055}\x{308C}\x{308B}\x{3002}\x{610F}\x{5730}\x{3092}"
          LayoutRuby (inline) {RUBY} at (0,0) size 18x16
            LayoutRubyRun (anonymous) at (131,402) size 24x18
              LayoutRubyText {RT} at (-9,0) size 14x18
                LayoutText {#text} at (2,0) size 10x18
                  text run at (2,0) width 18: "\x{3068}\x{304A}"
              LayoutRubyBase (anonymous) at (0,0) size 24x18
                LayoutInline {RB} at (0,0) size 18x16
                  LayoutText {#text} at (3,1) size 18x16
                    text run at (3,1) width 16: "\x{901A}"
          LayoutText {#text} at (134,419) size 18x32
            text run at (134,419) width 32: "\x{305B}\x{3070}"
          LayoutRuby (inline) {RUBY} at (0,0) size 18x42
            LayoutRubyRun (anonymous) at (131,448) size 24x45
              LayoutRubyText {RT} at (-9,0) size 14x45
                LayoutText {#text} at (2,0) size 10x45
                  text run at (2,0) width 45: "\x{304D}\x{3085}\x{3046}\x{304F}\x{3064}"
              LayoutRubyBase (anonymous) at (0,0) size 24x45
                LayoutInline {RB} at (0,0) size 18x39
                  LayoutText {#text} at (3,3) size 18x39
                    text run at (3,3) width 38: "\x{7AAE}\x{5C48}"
          LayoutText {#text} at (158,0) size 18x256
            text run at (158,0) width 256: "\x{3060}\x{3002}\x{3068}\x{304B}\x{304F}\x{306B}\x{4EBA}\x{306E}\x{4E16}\x{306F}\x{4F4F}\x{307F}\x{306B}\x{304F}\x{3044}\x{3002}"
          LayoutBR {BR} at (158,256) size 18x0
          LayoutText {#text} at (186,0) size 18x112
            text run at (186,0) width 112: "\x{3000}\x{4F4F}\x{307F}\x{306B}\x{304F}\x{3055}\x{304C}"
          LayoutRuby (inline) {RUBY} at (0,0) size 18x16
            LayoutRubyRun (anonymous) at (183,111) size 24x18
              LayoutRubyText {RT} at (-9,0) size 14x18
                LayoutText {#text} at (2,0) size 10x18
                  text run at (2,0) width 18: "\x{3053}\x{3046}"
              LayoutRubyBase (anonymous) at (0,0) size 24x18
                LayoutInline {RB} at (0,0) size 18x16
                  LayoutText {#text} at (3,1) size 18x16
                    text run at (3,1) width 16: "\x{9AD8}"
          LayoutText {#text} at (186,128) size 46x496
            text run at (186,128) width 368: "\x{3058}\x{308B}\x{3068}\x{3001}\x{5B89}\x{3044}\x{6240}\x{3078}\x{5F15}\x{304D}\x{8D8A}\x{3057}\x{305F}\x{304F}\x{306A}\x{308B}\x{3002}\x{3069}\x{3053}\x{3078}\x{8D8A}\x{3057}\x{3066}"
            text run at (214,0) width 112: "\x{3082}\x{4F4F}\x{307F}\x{306B}\x{304F}\x{3044}\x{3068}"
          LayoutRuby (inline) {RUBY} at (0,0) size 18x16
            LayoutRubyRun (anonymous) at (211,111) size 24x18
              LayoutRubyText {RT} at (-9,0) size 14x18
                LayoutText {#text} at (2,0) size 10x18
                  text run at (2,0) width 18: "\x{3055}\x{3068}"
              LayoutRubyBase (anonymous) at (0,0) size 24x18
                LayoutInline {RB} at (0,0) size 18x16
                  LayoutText {#text} at (3,1) size 18x16
                    text run at (3,1) width 16: "\x{609F}"
          LayoutText {#text} at (214,128) size 18x160
            text run at (214,128) width 160: "\x{3063}\x{305F}\x{6642}\x{3001}\x{8A69}\x{304C}\x{751F}\x{308C}\x{3066}\x{3001}"
          LayoutRuby (inline) {RUBY} at (0,0) size 18x16
            LayoutRubyRun (anonymous) at (211,288) size 24x16
              LayoutRubyText {RT} at (-9,0) size 14x16
                LayoutText {#text} at (2,3) size 10x10
                  text run at (2,3) width 9: "\x{3048}"
              LayoutRubyBase (anonymous) at (0,0) size 24x16
                LayoutInline {RB} at (0,0) size 18x16
                  LayoutText {#text} at (3,0) size 18x16
                    text run at (3,0) width 16: "\x{753B}"
          LayoutText {#text} at (214,304) size 18x80
            text run at (214,304) width 80: "\x{304C}\x{51FA}\x{6765}\x{308B}\x{3002}"
          LayoutBR {BR} at (214,384) size 18x0
          LayoutText {#text} at (238,0) size 18x16
            text run at (238,0) width 16: "\x{3000}"
          LayoutInline {STRONG} at (0,0) size 18x48
            LayoutText {#text} at (238,16) size 18x48
              text run at (238,16) width 48: "\x{4EBA}\x{306E}\x{4E16}"
          LayoutText {#text} at (238,64) size 18x432
            text run at (238,64) width 432: "\x{3092}\x{4F5C}\x{3063}\x{305F}\x{3082}\x{306E}\x{306F}\x{795E}\x{3067}\x{3082}\x{306A}\x{3051}\x{308C}\x{3070}\x{9B3C}\x{3067}\x{3082}\x{306A}\x{3044}\x{3002}\x{3084}\x{306F}\x{308A}\x{5411}\x{3046}\x{4E09}\x{8ED2}"
          LayoutRuby (inline) {RUBY} at (0,0) size 18x42
            LayoutRubyRun (anonymous) at (263,0) size 24x45
              LayoutRubyText {RT} at (-9,0) size 14x45
                LayoutText {#text} at (2,0) size 10x45
                  text run at (2,0) width 45: "\x{308A}\x{3087}\x{3046}\x{3069}\x{306A}"
              LayoutRubyBase (anonymous) at (0,0) size 24x45
                LayoutInline {RB} at (0,0) size 18x39
                  LayoutText {#text} at (3,3) size 18x39
                    text run at (3,3) width 38: "\x{4E21}\x{96A3}"
          LayoutText {#text} at (266,42) size 18x384
            text run at (266,42) width 384: "\x{308A}\x{306B}\x{3061}\x{3089}\x{3061}\x{3089}\x{3059}\x{308B}\x{305F}\x{3060}\x{306E}\x{4EBA}\x{3067}\x{3042}\x{308B}\x{3002}\x{305F}\x{3060}\x{306E}\x{4EBA}\x{304C}\x{4F5C}\x{3063}\x{305F}"
          LayoutInline {STRONG} at (0,0) size 18x48
            LayoutText {#text} at (266,426) size 18x48
              text run at (266,426) width 48: "\x{4EBA}\x{306E}\x{4E16}"
          LayoutText {#text} at (266,474) size 42x490
            text run at (266,474) width 16: "\x{304C}"
            text run at (290,0) width 352: "\x{4F4F}\x{307F}\x{306B}\x{304F}\x{3044}\x{304B}\x{3089}\x{3068}\x{3066}\x{3001}\x{8D8A}\x{3059}\x{56FD}\x{306F}\x{3042}\x{308B}\x{307E}\x{3044}\x{3002}\x{3042}\x{308C}\x{3070}"
          LayoutInline {STRONG} at (0,0) size 18x64
            LayoutText {#text} at (290,352) size 18x64
              text run at (290,352) width 64: "\x{4EBA}\x{3067}\x{306A}\x{3057}"
          LayoutText {#text} at (290,416) size 42x496
            text run at (290,416) width 80: "\x{306E}\x{56FD}\x{3078}\x{884C}\x{304F}"
            text run at (314,0) width 80: "\x{3070}\x{304B}\x{308A}\x{3060}\x{3002}"
          LayoutInline {STRONG} at (0,0) size 18x64
            LayoutText {#text} at (314,80) size 18x64
              text run at (314,80) width 64: "\x{4EBA}\x{3067}\x{306A}\x{3057}"
          LayoutText {#text} at (314,144) size 18x48
            text run at (314,144) width 48: "\x{306E}\x{56FD}\x{306F}"
          LayoutInline {STRONG} at (0,0) size 18x48
            LayoutText {#text} at (314,192) size 18x48
              text run at (314,192) width 48: "\x{4EBA}\x{306E}\x{4E16}"
          LayoutText {#text} at (314,240) size 18x208
            text run at (314,240) width 208: "\x{3088}\x{308A}\x{3082}\x{306A}\x{304A}\x{4F4F}\x{307F}\x{306B}\x{304F}\x{304B}\x{308D}\x{3046}\x{3002}"
          LayoutBR {BR} at (314,448) size 18x0
          LayoutText {#text} at (338,0) size 18x496
            text run at (338,0) width 496: "\x{3000}\x{8D8A}\x{3059}\x{4E8B}\x{306E}\x{306A}\x{3089}\x{306C}\x{4E16}\x{304C}\x{4F4F}\x{307F}\x{306B}\x{304F}\x{3051}\x{308C}\x{3070}\x{3001}\x{4F4F}\x{307F}\x{306B}\x{304F}\x{3044}\x{6240}\x{3092}\x{3069}\x{308C}\x{307B}\x{3069}\x{304B}\x{3001}"
          LayoutRuby (inline) {RUBY} at (0,0) size 18x35
            LayoutRubyRun (anonymous) at (363,0) size 24x36
              LayoutRubyText {RT} at (-9,0) size 14x36
                LayoutText {#text} at (2,0) size 10x36
                  text run at (2,0) width 36: "\x{304F}\x{3064}\x{308D}\x{3052}"
              LayoutRubyBase (anonymous) at (0,0) size 24x36
                LayoutInline {RB} at (0,0) size 18x34
                  LayoutText {#text} at (3,1) size 18x34
                    text run at (3,1) width 34: "\x{5BDB}\x{5BB9}"
          LayoutText {#text} at (366,35) size 18x32
            text run at (366,35) width 32: "\x{3066}\x{3001}"
          LayoutRuby (inline) {RUBY} at (0,0) size 18x16
            LayoutRubyRun (anonymous) at (363,66) size 24x18
              LayoutRubyText {RT} at (-9,0) size 14x18
                LayoutText {#text} at (2,0) size 10x18
                  text run at (2,0) width 18: "\x{3064}\x{304B}"
              LayoutRubyBase (anonymous) at (0,0) size 24x18
                LayoutInline {RB} at (0,0) size 18x16
                  LayoutText {#text} at (3,1) size 18x16
                    text run at (3,1) width 16: "\x{675F}"
          LayoutText {#text} at (366,83) size 18x16
            text run at (366,83) width 16: "\x{306E}"
          LayoutRuby (inline) {RUBY} at (0,0) size 18x16
            LayoutRubyRun (anonymous) at (363,99) size 24x16
              LayoutRubyText {RT} at (-9,0) size 14x16
                LayoutText {#text} at (2,3) size 10x10
                  text run at (2,3) width 9: "\x{307E}"
              LayoutRubyBase (anonymous) at (0,0) size 24x16
                LayoutInline {RB} at (0,0) size 18x16
                  LayoutText {#text} at (3,0) size 18x16
                    text run at (3,0) width 16: "\x{9593}"
          LayoutText {#text} at (366,115) size 46x499
            text run at (366,115) width 384: "\x{306E}\x{547D}\x{3092}\x{3001}\x{675F}\x{306E}\x{9593}\x{3067}\x{3082}\x{4F4F}\x{307F}\x{3088}\x{304F}\x{305B}\x{306D}\x{3070}\x{306A}\x{3089}\x{306C}\x{3002}\x{3053}\x{3053}\x{306B}\x{8A69}"
            text run at (394,0) width 352: "\x{4EBA}\x{3068}\x{3044}\x{3046}\x{5929}\x{8077}\x{304C}\x{51FA}\x{6765}\x{3066}\x{3001}\x{3053}\x{3053}\x{306B}\x{753B}\x{5BB6}\x{3068}\x{3044}\x{3046}\x{4F7F}\x{547D}\x{304C}"
          LayoutRuby (inline) {RUBY} at (0,0) size 18x16
            LayoutRubyRun (anonymous) at (391,351) size 24x18
              LayoutRubyText {RT} at (-9,0) size 14x18
                LayoutText {#text} at (2,0) size 10x18
                  text run at (2,0) width 18: "\x{304F}\x{3060}"
              LayoutRubyBase (anonymous) at (0,0) size 24x18
                LayoutInline {RB} at (0,0) size 18x16
                  LayoutText {#text} at (3,1) size 18x16
                    text run at (3,1) width 16: "\x{964D}"
          LayoutText {#text} at (394,368) size 46x496
            text run at (394,368) width 128: "\x{308B}\x{3002}\x{3042}\x{3089}\x{3086}\x{308B}\x{82B8}\x{8853}"
            text run at (422,0) width 112: "\x{306E}\x{58EB}\x{306F}\x{4EBA}\x{306E}\x{4E16}\x{3092}"
          LayoutRuby (inline) {RUBY} at (0,0) size 18x32
            LayoutRubyRun (anonymous) at (419,112) size 24x32
              LayoutRubyText {RT} at (-9,0) size 14x32
                LayoutText {#text} at (2,0) size 10x31
                  text run at (2,0) width 30: "\x{306E}\x{3069}\x{304B}"
              LayoutRubyBase (anonymous) at (0,0) size 24x32
                LayoutInline {RB} at (0,0) size 18x32
                  LayoutText {#text} at (3,0) size 18x32
                    text run at (3,0) width 32: "\x{9577}\x{9591}"
          LayoutText {#text} at (422,144) size 18x208
            text run at (422,144) width 208: "\x{306B}\x{3057}\x{3001}\x{4EBA}\x{306E}\x{5FC3}\x{3092}\x{8C4A}\x{304B}\x{306B}\x{3059}\x{308B}\x{304C}"
          LayoutRuby (inline) {RUBY} at (0,0) size 18x16
            LayoutRubyRun (anonymous) at (419,351) size 24x18
              LayoutRubyText {RT} at (-9,0) size 14x18
                LayoutText {#text} at (2,0) size 10x18
                  text run at (2,0) width 18: "\x{3086}\x{3048}"
              LayoutRubyBase (anonymous) at (0,0) size 24x18
                LayoutInline {RB} at (0,0) size 18x16
                  LayoutText {#text} at (3,1) size 18x16
                    text run at (3,1) width 16: "\x{6545}"
          LayoutText {#text} at (422,368) size 18x16
            text run at (422,368) width 16: "\x{306B}"
          LayoutRuby (inline) {RUBY} at (0,0) size 18x16
            LayoutRubyRun (anonymous) at (419,383) size 24x18
              LayoutRubyText {RT} at (-9,0) size 14x18
                LayoutText {#text} at (2,0) size 10x18
                  text run at (2,0) width 18: "\x{305F}\x{3063}"
              LayoutRubyBase (anonymous) at (0,0) size 24x18
                LayoutInline {RB} at (0,0) size 18x16
                  LayoutText {#text} at (3,1) size 18x16
                    text run at (3,1) width 16: "\x{5C0A}"
          LayoutText {#text} at (422,400) size 18x48
            text run at (422,400) width 48: "\x{3068}\x{3044}\x{3002}"
          LayoutBR {BR} at (422,448) size 18x0
          LayoutText {#text} at (450,0) size 18x240
            text run at (450,0) width 240: "\x{3000}\x{4F4F}\x{307F}\x{306B}\x{304F}\x{304D}\x{4E16}\x{304B}\x{3089}\x{3001}\x{4F4F}\x{307F}\x{306B}\x{304F}\x{304D}"
          LayoutRuby (inline) {RUBY} at (0,0) size 18x19
            LayoutRubyRun (anonymous) at (447,236) size 24x27
              LayoutRubyText {RT} at (-9,0) size 14x27
                LayoutText {#text} at (2,0) size 10x27
                  text run at (2,0) width 27: "\x{308F}\x{305A}\x{3089}"
              LayoutRubyBase (anonymous) at (0,0) size 24x27
                LayoutInline {RB} at (0,0) size 18x17
                  LayoutText {#text} at (3,5) size 18x17
                    text run at (3,5) width 16: "\x{7169}"
          LayoutText {#text} at (450,259) size 46x499
            text run at (450,259) width 240: "\x{3044}\x{3092}\x{5F15}\x{304D}\x{629C}\x{3044}\x{3066}\x{3001}\x{3042}\x{308A}\x{304C}\x{305F}\x{3044}\x{4E16}\x{754C}"
            text run at (478,0) width 256: "\x{3092}\x{307E}\x{306E}\x{3042}\x{305F}\x{308A}\x{306B}\x{5199}\x{3059}\x{306E}\x{304C}\x{8A69}\x{3067}\x{3042}\x{308B}\x{3001}"
          LayoutRuby (inline) {RUBY} at (0,0) size 18x16
            LayoutRubyRun (anonymous) at (475,256) size 24x16
              LayoutRubyText {RT} at (-9,0) size 14x16
                LayoutText {#text} at (2,3) size 10x10
                  text run at (2,3) width 9: "\x{3048}"
              LayoutRubyBase (anonymous) at (0,0) size 24x16
                LayoutInline {RB} at (0,0) size 18x16
                  LayoutText {#text} at (3,0) size 18x16
                    text run at (3,0) width 16: "\x{753B}"
          LayoutText {#text} at (478,272) size 46x496
            text run at (478,272) width 224: "\x{3067}\x{3042}\x{308B}\x{3002}\x{3042}\x{308B}\x{306F}\x{97F3}\x{697D}\x{3068}\x{5F6B}\x{523B}\x{3067}\x{3042}"
            text run at (506,0) width 96: "\x{308B}\x{3002}\x{3053}\x{307E}\x{304B}\x{306B}"
          LayoutRuby (inline) {RUBY} at (0,0) size 18x16
            LayoutRubyRun (anonymous) at (503,96) size 24x16
              LayoutRubyText {RT} at (-9,0) size 14x16
                LayoutText {#text} at (2,3) size 10x10
                  text run at (2,3) width 9: "\x{3044}"
              LayoutRubyBase (anonymous) at (0,0) size 24x16
                LayoutInline {RB} at (0,0) size 18x16
                  LayoutText {#text} at (3,0) size 18x16
                    text run at (3,0) width 16: "\x{4E91}"
          LayoutText {#text} at (506,112) size 46x496
            text run at (506,112) width 384: "\x{3048}\x{3070}\x{5199}\x{3055}\x{306A}\x{3044}\x{3067}\x{3082}\x{3088}\x{3044}\x{3002}\x{305F}\x{3060}\x{307E}\x{306E}\x{3042}\x{305F}\x{308A}\x{306B}\x{898B}\x{308C}\x{3070}\x{3001}\x{305D}"
            text run at (534,0) width 144: "\x{3053}\x{306B}\x{8A69}\x{3082}\x{751F}\x{304D}\x{3001}\x{6B4C}\x{3082}"
          LayoutRuby (inline) {RUBY} at (0,0) size 18x16
            LayoutRubyRun (anonymous) at (531,144) size 24x16
              LayoutRubyText {RT} at (-9,0) size 14x16
                LayoutText {#text} at (2,3) size 10x10
                  text run at (2,3) width 9: "\x{308F}"
              LayoutRubyBase (anonymous) at (0,0) size 24x16
                LayoutInline {RB} at (0,0) size 18x16
                  LayoutText {#text} at (3,0) size 18x16
                    text run at (3,0) width 16: "\x{6E67}"
          LayoutText {#text} at (534,160) size 18x192
            text run at (534,160) width 192: "\x{304F}\x{3002}\x{7740}\x{60F3}\x{3092}\x{7D19}\x{306B}\x{843D}\x{3055}\x{306C}\x{3068}\x{3082}"
          LayoutRuby (inline) {RUBY} at (0,0) size 18x39
            LayoutRubyRun (anonymous) at (531,349) size 24x45
              LayoutRubyText {RT} at (-9,0) size 14x45
                LayoutText {#text} at (2,0) size 10x45
                  text run at (2,0) width 45: "\x{304D}\x{3085}\x{3046}\x{305D}\x{3046}"
              LayoutRubyBase (anonymous) at (0,0) size 24x45
                LayoutInline {RB} at (0,0) size 18x39
                  LayoutText {#text} at (3,3) size 18x23
                    text run at (3,3) width 22: "\x{7486}"
                  LayoutText {#text} at (3,25) size 18x17
                    text run at (3,25) width 16: "\x{93D8}"
          LayoutText {#text} at (534,391) size 18x16
            text run at (534,391) width 16: "\x{306E}"
          LayoutRuby (inline) {RUBY} at (0,0) size 18x16
            LayoutRubyRun (anonymous) at (531,406) size 24x18
              LayoutRubyText {RT} at (-9,0) size 14x18
                LayoutText {#text} at (2,0) size 10x18
                  text run at (2,0) width 18: "\x{304A}\x{3093}"
              LayoutRubyBase (anonymous) at (0,0) size 24x18
                LayoutInline {RB} at (0,0) size 18x16
                  LayoutText {#text} at (3,1) size 18x16
                    text run at (3,1) width 16: "\x{97F3}"
          LayoutText {#text} at (534,423) size 18x16
            text run at (534,423) width 16: "\x{306F}"
          LayoutRuby (inline) {RUBY} at (0,0) size 18x34
            LayoutRubyRun (anonymous) at (531,438) size 24x36
              LayoutRubyText {RT} at (-9,0) size 14x36
                LayoutText {#text} at (2,0) size 10x36
                  text run at (2,0) width 36: "\x{304D}\x{3087}\x{3046}\x{308A}"
              LayoutRubyBase (anonymous) at (0,0) size 24x36
                LayoutInline {RB} at (0,0) size 18x34
                  LayoutText {#text} at (3,1) size 18x34
                    text run at (3,1) width 34: "\x{80F8}\x{88CF}"
          LayoutText {#text} at (534,473) size 18x16
            text run at (534,473) width 16: "\x{306B}"
          LayoutRuby (inline) {RUBY} at (0,0) size 18x17
            LayoutRubyRun (anonymous) at (559,0) size 24x18
              LayoutRubyText {RT} at (-9,0) size 14x18
                LayoutText {#text} at (2,0) size 10x18
                  text run at (2,0) width 18: "\x{304A}\x{3053}"
              LayoutRubyBase (anonymous) at (0,0) size 24x18
                LayoutInline {RB} at (0,0) size 18x16
                  LayoutText {#text} at (3,1) size 18x16
                    text run at (3,1) width 16: "\x{8D77}"
          LayoutText {#text} at (562,17) size 18x32
            text run at (562,17) width 32: "\x{308B}\x{3002}"
          LayoutRuby (inline) {RUBY} at (0,0) size 18x34
            LayoutRubyRun (anonymous) at (559,48) size 24x36
              LayoutRubyText {RT} at (-9,0) size 14x36
                LayoutText {#text} at (2,0) size 10x36
                  text run at (2,0) width 36: "\x{305F}\x{3093}\x{305B}\x{3044}"
              LayoutRubyBase (anonymous) at (0,0) size 24x36
                LayoutInline {RB} at (0,0) size 18x34
                  LayoutText {#text} at (3,1) size 18x34
                    text run at (3,1) width 34: "\x{4E39}\x{9752}"
          LayoutText {#text} at (562,83) size 18x16
            text run at (562,83) width 16: "\x{306F}"
          LayoutRuby (inline) {RUBY} at (0,0) size 18x32
            LayoutRubyRun (anonymous) at (559,99) size 24x32
              LayoutRubyText {RT} at (-9,0) size 14x32
                LayoutText {#text} at (2,3) size 10x26
                  text run at (2,3) width 25: "\x{304C}\x{304B}"
              LayoutRubyBase (anonymous) at (0,0) size 24x32
                LayoutInline {RB} at (0,0) size 18x32
                  LayoutText {#text} at (3,0) size 18x32
                    text run at (3,0) width 32: "\x{753B}\x{67B6}"
          LayoutText {#text} at (562,131) size 18x64
            text run at (562,131) width 64: "\x{306B}\x{5411}\x{3063}\x{3066}"
          LayoutRuby (inline) {RUBY} at (0,0) size 18x32
            LayoutRubyRun (anonymous) at (559,195) size 24x32
              LayoutRubyText {RT} at (-9,0) size 14x32
                LayoutText {#text} at (2,0) size 10x31
                  text run at (2,0) width 30: "\x{3068}\x{307E}\x{3064}"
              LayoutRubyBase (anonymous) at (0,0) size 24x32
                LayoutInline {RB} at (0,0) size 18x32
                  LayoutText {#text} at (3,0) size 18x32
                    text run at (3,0) width 32: "\x{5857}\x{62B9}"
          LayoutText {#text} at (562,227) size 18x64
            text run at (562,227) width 64: "\x{305B}\x{3093}\x{3067}\x{3082}"
          LayoutRuby (inline) {RUBY} at (0,0) size 18x32
            LayoutRubyRun (anonymous) at (559,291) size 24x32
              LayoutRubyText {RT} at (-9,0) size 14x32
                LayoutText {#text} at (2,0) size 10x31
                  text run at (2,0) width 30: "\x{3054}\x{3055}\x{3044}"
              LayoutRubyBase (anonymous) at (0,0) size 24x32
                LayoutInline {RB} at (0,0) size 18x32
                  LayoutText {#text} at (3,0) size 18x32
                    text run at (3,0) width 32: "\x{4E94}\x{5F69}"
          LayoutText {#text} at (562,323) size 18x16
            text run at (562,323) width 16: "\x{306E}"
          LayoutRuby (inline) {RUBY} at (0,0) size 18x34
            LayoutRubyRun (anonymous) at (559,338) size 24x36
              LayoutRubyText {RT} at (-9,0) size 14x36
                LayoutText {#text} at (2,0) size 10x36
                  text run at (2,0) width 36: "\x{3051}\x{3093}\x{3089}\x{3093}"
              LayoutRubyBase (anonymous) at (0,0) size 24x36
                LayoutInline {RB} at (0,0) size 18x34
                  LayoutText {#text} at (3,1) size 18x34
                    text run at (3,1) width 34: "\x{7D62}\x{721B}"
          LayoutText {#text} at (562,373) size 18x16
            text run at (562,373) width 16: "\x{306F}"
          LayoutRuby (inline) {RUBY} at (0,0) size 18x19
            LayoutRubyRun (anonymous) at (559,385) size 24x27
              LayoutRubyText {RT} at (-9,0) size 14x27
                LayoutText {#text} at (2,0) size 10x27
                  text run at (2,0) width 27: "\x{304A}\x{306E}\x{305A}"
              LayoutRubyBase (anonymous) at (0,0) size 24x27
                LayoutInline {RB} at (0,0) size 18x17
                  LayoutText {#text} at (3,5) size 18x17
                    text run at (3,5) width 16: "\x{81EA}"
          LayoutText {#text} at (562,408) size 18x32
            text run at (562,408) width 32: "\x{304B}\x{3089}"
          LayoutRuby (inline) {RUBY} at (0,0) size 18x34
            LayoutRubyRun (anonymous) at (559,439) size 24x36
              LayoutRubyText {RT} at (-9,0) size 14x36
                LayoutText {#text} at (2,0) size 10x36
                  text run at (2,0) width 36: "\x{3057}\x{3093}\x{304C}\x{3093}"
              LayoutRubyBase (anonymous) at (0,0) size 24x36
                LayoutInline {RB} at (0,0) size 18x34
                  LayoutText {#text} at (3,1) size 18x34
                    text run at (3,1) width 34: "\x{5FC3}\x{773C}"
          LayoutText {#text} at (562,474) size 46x490
            text run at (562,474) width 16: "\x{306B}"
            text run at (590,0) width 240: "\x{6620}\x{308B}\x{3002}\x{305F}\x{3060}\x{304A}\x{306E}\x{304C}\x{4F4F}\x{3080}\x{4E16}\x{3092}\x{3001}\x{304B}\x{304F}"
          LayoutRuby (inline) {RUBY} at (0,0) size 18x16
            LayoutRubyRun (anonymous) at (587,239) size 24x18
              LayoutRubyText {RT} at (-9,0) size 14x18
                LayoutText {#text} at (2,0) size 10x18
                  text run at (2,0) width 18: "\x{304B}\x{3093}"
              LayoutRubyBase (anonymous) at (0,0) size 24x18
                LayoutInline {RB} at (0,0) size 18x16
                  LayoutText {#text} at (3,1) size 18x16
                    text run at (3,1) width 16: "\x{89B3}"
          LayoutText {#text} at (590,256) size 18x64
            text run at (590,256) width 64: "\x{3058}\x{5F97}\x{3066}\x{3001}"
          LayoutRuby (inline) {RUBY} at (0,0) size 18x70
            LayoutRubyRun (anonymous) at (587,319) size 24x72
              LayoutRubyText {RT} at (-9,0) size 14x72
                LayoutText {#text} at (2,0) size 10x72
                  text run at (2,0) width 72: "\x{308C}\x{3044}\x{3060}\x{3044}\x{307B}\x{3046}\x{3059}\x{3093}"
              LayoutRubyBase (anonymous) at (0,0) size 24x72
                LayoutInline {RB} at (0,0) size 18x70
                  LayoutText {#text} at (3,1) size 18x70
                    text run at (3,1) width 70: "\x{970A}\x{53F0}\x{65B9}\x{5BF8}"
          LayoutText {#text} at (590,390) size 18x80
            text run at (590,390) width 80: "\x{306E}\x{30AB}\x{30E1}\x{30E9}\x{306B}"
          LayoutRuby (inline) {RUBY} at (0,0) size 18x71
            LayoutRubyRun (anonymous) at (615,0) size 24x72
              LayoutRubyText {RT} at (-9,0) size 14x72
                LayoutText {#text} at (2,0) size 10x72
                  text run at (2,0) width 72: "\x{304E}\x{3087}\x{3046}\x{304D}\x{3053}\x{3093}\x{3060}\x{304F}"
              LayoutRubyBase (anonymous) at (0,0) size 24x72
                LayoutInline {RB} at (0,0) size 18x70
                  LayoutText {#text} at (3,1) size 18x70
                    text run at (3,1) width 70: "\x{6F86}\x{5B63}\x{6EB7}\x{6FC1}"
          LayoutText {#text} at (618,71) size 18x208
            text run at (618,71) width 208: "\x{306E}\x{4FD7}\x{754C}\x{3092}\x{6E05}\x{304F}\x{3046}\x{3089}\x{3089}\x{304B}\x{306B}\x{53CE}\x{3081}"
          LayoutRuby (inline) {RUBY} at (0,0) size 18x16
            LayoutRubyRun (anonymous) at (615,279) size 24x16
              LayoutRubyText {RT} at (-9,0) size 14x16
                LayoutText {#text} at (2,3) size 10x10
                  text run at (2,3) width 9: "\x{3046}"
              LayoutRubyBase (anonymous) at (0,0) size 24x16
                LayoutInline {RB} at (0,0) size 18x16
                  LayoutText {#text} at (3,0) size 18x16
                    text run at (3,0) width 16: "\x{5F97}"
          LayoutText {#text} at (618,295) size 18x32
            text run at (618,295) width 32: "\x{308C}\x{3070}"
          LayoutRuby (inline) {RUBY} at (0,0) size 18x16
            LayoutRubyRun (anonymous) at (615,327) size 24x16
              LayoutRubyText {RT} at (-9,0) size 14x16
                LayoutText {#text} at (2,3) size 10x10
                  text run at (2,3) width 9: "\x{305F}"
              LayoutRubyBase (anonymous) at (0,0) size 24x16
                LayoutInline {RB} at (0,0) size 18x16
                  LayoutText {#text} at (3,0) size 18x16
                    text run at (3,0) width 16: "\x{8DB3}"
          LayoutText {#text} at (618,343) size 18x96
            text run at (618,343) width 96: "\x{308B}\x{3002}\x{3053}\x{306E}\x{6545}\x{306B}"
          LayoutRuby (inline) {RUBY} at (0,0) size 18x32
            LayoutRubyRun (anonymous) at (615,439) size 24x32
              LayoutRubyText {RT} at (-9,0) size 14x32
                LayoutText {#text} at (2,0) size 10x31
                  text run at (2,0) width 30: "\x{3080}\x{305B}\x{3044}"
              LayoutRubyBase (anonymous) at (0,0) size 24x32
                LayoutInline {RB} at (0,0) size 18x32
                  LayoutText {#text} at (3,0) size 18x32
                    text run at (3,0) width 32: "\x{7121}\x{58F0}"
          LayoutText {#text} at (618,471) size 46x503
            text run at (618,471) width 32: "\x{306E}\x{8A69}"
            text run at (646,0) width 128: "\x{4EBA}\x{306B}\x{306F}\x{4E00}\x{53E5}\x{306A}\x{304F}\x{3001}"
          LayoutRuby (inline) {RUBY} at (0,0) size 18x34
            LayoutRubyRun (anonymous) at (643,127) size 24x36
              LayoutRubyText {RT} at (-9,0) size 14x36
                LayoutText {#text} at (2,0) size 10x36
                  text run at (2,0) width 36: "\x{3080}\x{3057}\x{3087}\x{304F}"
              LayoutRubyBase (anonymous) at (0,0) size 24x36
                LayoutInline {RB} at (0,0) size 18x34
                  LayoutText {#text} at (3,1) size 18x34
                    text run at (3,1) width 34: "\x{7121}\x{8272}"
          LayoutText {#text} at (646,162) size 18x80
            text run at (646,162) width 80: "\x{306E}\x{753B}\x{5BB6}\x{306B}\x{306F}"
          LayoutRuby (inline) {RUBY} at (0,0) size 18x34
            LayoutRubyRun (anonymous) at (643,241) size 24x36
              LayoutRubyText {RT} at (-9,0) size 14x36
                LayoutText {#text} at (2,0) size 10x36
                  text run at (2,0) width 36: "\x{305B}\x{3063}\x{3051}\x{3093}"
              LayoutRubyBase (anonymous) at (0,0) size 24x36
                LayoutInline {RB} at (0,0) size 18x34
                  LayoutText {#text} at (3,1) size 18x34
                    text run at (3,1) width 34: "\x{5C3A}\x{7E11}"
          LayoutText {#text} at (646,276) size 18x96
            text run at (646,276) width 96: "\x{306A}\x{304D}\x{3082}\x{3001}\x{304B}\x{304F}"
          LayoutRuby (inline) {RUBY} at (0,0) size 18x34
            LayoutRubyRun (anonymous) at (643,371) size 24x36
              LayoutRubyText {RT} at (-9,0) size 14x36
                LayoutText {#text} at (2,0) size 10x36
                  text run at (2,0) width 36: "\x{3058}\x{3093}\x{305B}\x{3044}"
              LayoutRubyBase (anonymous) at (0,0) size 24x36
                LayoutInline {RB} at (0,0) size 18x34
                  LayoutText {#text} at (3,1) size 18x34
                    text run at (3,1) width 34: "\x{4EBA}\x{4E16}"
          LayoutText {#text} at (646,406) size 46x502
            text run at (646,406) width 96: "\x{3092}\x{89B3}\x{3058}\x{5F97}\x{308B}\x{306E}"
            text run at (674,0) width 128: "\x{70B9}\x{306B}\x{304A}\x{3044}\x{3066}\x{3001}\x{304B}\x{304F}"
          LayoutRuby (inline) {RUBY} at (0,0) size 18x34
            LayoutRubyRun (anonymous) at (671,127) size 24x36
              LayoutRubyText {RT} at (-9,0) size 14x36
                LayoutText {#text} at (2,0) size 10x36
                  text run at (2,0) width 36: "\x{307C}\x{3093}\x{306E}\x{3046}"
              LayoutRubyBase (anonymous) at (0,0) size 24x36
                LayoutInline {RB} at (0,0) size 18x34
                  LayoutText {#text} at (3,1) size 18x34
                    text run at (3,1) width 34: "\x{7169}\x{60A9}"
          LayoutText {#text} at (674,162) size 18x16
            text run at (674,162) width 16: "\x{3092}"
          LayoutRuby (inline) {RUBY} at (0,0) size 18x32
            LayoutRubyRun (anonymous) at (671,178) size 24x32
              LayoutRubyText {RT} at (-9,0) size 14x32
                LayoutText {#text} at (2,0) size 10x31
                  text run at (2,0) width 30: "\x{3052}\x{3060}\x{3064}"
              LayoutRubyBase (anonymous) at (0,0) size 24x32
                LayoutInline {RB} at (0,0) size 18x32
                  LayoutText {#text} at (3,0) size 18x32
                    text run at (3,0) width 32: "\x{89E3}\x{8131}"
          LayoutText {#text} at (674,210) size 18x176
            text run at (674,210) width 176: "\x{3059}\x{308B}\x{306E}\x{70B9}\x{306B}\x{304A}\x{3044}\x{3066}\x{3001}\x{304B}\x{304F}"
          LayoutRuby (inline) {RUBY} at (0,0) size 18x64
            LayoutRubyRun (anonymous) at (671,382) size 24x72
              LayoutRubyText {RT} at (-9,0) size 14x72
                LayoutText {#text} at (2,0) size 10x72
                  text run at (2,0) width 72: "\x{3057}\x{3087}\x{3046}\x{3058}\x{3087}\x{3046}\x{304B}\x{3044}"
              LayoutRubyBase (anonymous) at (0,0) size 24x72
                LayoutInline {RB} at (0,0) size 18x64
                  LayoutText {#text} at (3,4) size 18x64
                    text run at (3,4) width 64: "\x{6E05}\x{6D44}\x{754C}"
          LayoutText {#text} at (674,450) size 18x16
            text run at (674,450) width 16: "\x{306B}"
          LayoutRuby (inline) {RUBY} at (0,0) size 18x50
            LayoutRubyRun (anonymous) at (699,0) size 24x54
              LayoutRubyText {RT} at (-9,0) size 14x54
                LayoutText {#text} at (2,0) size 10x54
                  text run at (2,0) width 54: "\x{3057}\x{3085}\x{3064}\x{306B}\x{3085}\x{3046}"
              LayoutRubyBase (anonymous) at (0,0) size 24x54
                LayoutInline {RB} at (0,0) size 18x44
                  LayoutText {#text} at (3,5) size 18x44
                    text run at (3,5) width 43: "\x{51FA}\x{5165}"
          LayoutText {#text} at (702,50) size 18x224
            text run at (702,50) width 224: "\x{3057}\x{5F97}\x{308B}\x{306E}\x{70B9}\x{306B}\x{304A}\x{3044}\x{3066}\x{3001}\x{307E}\x{305F}\x{3053}\x{306E}"
          LayoutRuby (inline) {RUBY} at (0,0) size 18x64
            LayoutRubyRun (anonymous) at (699,274) size 24x64
              LayoutRubyText {RT} at (-9,0) size 14x64
                LayoutText {#text} at (2,1) size 10x61
                  text run at (2,1) width 60: "\x{3075}\x{3069}\x{3046}\x{3075}\x{3058}"
              LayoutRubyBase (anonymous) at (0,0) size 24x64
                LayoutInline {RB} at (0,0) size 18x64
                  LayoutText {#text} at (3,0) size 18x64
                    text run at (3,0) width 64: "\x{4E0D}\x{540C}\x{4E0D}\x{4E8C}"
          LayoutText {#text} at (702,338) size 18x16
            text run at (702,338) width 16: "\x{306E}"
          LayoutRuby (inline) {RUBY} at (0,0) size 18x34
            LayoutRubyRun (anonymous) at (699,353) size 24x36
              LayoutRubyText {RT} at (-9,0) size 14x36
                LayoutText {#text} at (2,0) size 10x36
                  text run at (2,0) width 36: "\x{3051}\x{3093}\x{3053}\x{3093}"
              LayoutRubyBase (anonymous) at (0,0) size 24x36
                LayoutInline {RB} at (0,0) size 18x34
                  LayoutText {#text} at (3,1) size 18x34
                    text run at (3,1) width 34: "\x{4E7E}\x{5764}"
          LayoutText {#text} at (702,388) size 18x16
            text run at (702,388) width 16: "\x{3092}"
          LayoutRuby (inline) {RUBY} at (0,0) size 18x39
            LayoutRubyRun (anonymous) at (699,401) size 24x45
              LayoutRubyText {RT} at (-9,0) size 14x45
                LayoutText {#text} at (2,0) size 10x45
                  text run at (2,0) width 45: "\x{3053}\x{3093}\x{308A}\x{3085}\x{3046}"
              LayoutRubyBase (anonymous) at (0,0) size 24x45
                LayoutInline {RB} at (0,0) size 18x39
                  LayoutText {#text} at (3,3) size 18x39
                    text run at (3,3) width 38: "\x{5EFA}\x{7ACB}"
          LayoutText {#text} at (702,443) size 46x491
            text run at (702,443) width 48: "\x{3057}\x{5F97}\x{308B}"
            text run at (730,0) width 112: "\x{306E}\x{70B9}\x{306B}\x{304A}\x{3044}\x{3066}\x{3001}"
          LayoutRuby (inline) {RUBY} at (0,0) size 18x64
            LayoutRubyRun (anonymous) at (727,112) size 24x64
              LayoutRubyText {RT} at (-9,0) size 14x64
                LayoutText {#text} at (2,1) size 10x61
                  text run at (2,1) width 60: "\x{304C}\x{308A}\x{3057}\x{3088}\x{304F}"
              LayoutRubyBase (anonymous) at (0,0) size 24x64
                LayoutInline {RB} at (0,0) size 18x64
                  LayoutText {#text} at (3,0) size 18x64
                    text run at (3,0) width 64: "\x{6211}\x{5229}\x{79C1}\x{617E}"
          LayoutText {#text} at (730,176) size 18x16
            text run at (730,176) width 16: "\x{306E}"
          LayoutRuby (inline) {RUBY} at (0,0) size 18x32
            LayoutRubyRun (anonymous) at (727,192) size 24x32
              LayoutRubyText {RT} at (-9,0) size 14x32
                LayoutText {#text} at (2,0) size 10x31
                  text run at (2,0) width 30: "\x{304D}\x{306F}\x{3093}"
              LayoutRubyBase (anonymous) at (0,0) size 24x32
                LayoutInline {RB} at (0,0) size 18x32
                  LayoutText {#text} at (3,0) size 18x32
                    text run at (3,0) width 32: "\x{898A}\x{7D46}"
          LayoutText {#text} at (730,224) size 18x16
            text run at (730,224) width 16: "\x{3092}"
          LayoutRuby (inline) {RUBY} at (0,0) size 18x34
            LayoutRubyRun (anonymous) at (727,239) size 24x36
              LayoutRubyText {RT} at (-9,0) size 14x36
                LayoutText {#text} at (2,0) size 10x36
                  text run at (2,0) width 36: "\x{305D}\x{3046}\x{3068}\x{3046}"
              LayoutRubyBase (anonymous) at (0,0) size 24x36
                LayoutInline {RB} at (0,0) size 18x34
                  LayoutText {#text} at (3,1) size 18x34
                    text run at (3,1) width 34: "\x{6383}\x{8569}"
          LayoutText {#text} at (730,274) size 18x176
            text run at (730,274) width 176: "\x{3059}\x{308B}\x{306E}\x{70B9}\x{306B}\x{304A}\x{3044}\x{3066}\x{3001}\x{2015}\x{2015}"
          LayoutRuby (inline) {RUBY} at (0,0) size 18x34
            LayoutRubyRun (anonymous) at (727,449) size 24x36
              LayoutRubyText {RT} at (-9,0) size 14x36
                LayoutText {#text} at (2,0) size 10x36
                  text run at (2,0) width 36: "\x{305B}\x{3093}\x{304D}\x{3093}"
              LayoutRubyBase (anonymous) at (0,0) size 24x36
                LayoutInline {RB} at (0,0) size 18x34
                  LayoutText {#text} at (3,1) size 18x34
                    text run at (3,1) width 34: "\x{5343}\x{91D1}"
          LayoutText {#text} at (730,484) size 46x500
            text run at (730,484) width 16: "\x{306E}"
            text run at (758,0) width 80: "\x{5B50}\x{3088}\x{308A}\x{3082}\x{3001}"
          LayoutRuby (inline) {RUBY} at (0,0) size 18x39
            LayoutRubyRun (anonymous) at (755,77) size 24x45
              LayoutRubyText {RT} at (-9,0) size 14x45
                LayoutText {#text} at (2,0) size 10x45
                  text run at (2,0) width 45: "\x{3070}\x{3093}\x{3058}\x{3087}\x{3046}"
              LayoutRubyBase (anonymous) at (0,0) size 24x45
                LayoutInline {RB} at (0,0) size 18x39
                  LayoutText {#text} at (3,3) size 18x39
                    text run at (3,3) width 38: "\x{4E07}\x{4E57}"
          LayoutText {#text} at (758,119) size 18x208
            text run at (758,119) width 208: "\x{306E}\x{541B}\x{3088}\x{308A}\x{3082}\x{3001}\x{3042}\x{3089}\x{3086}\x{308B}\x{4FD7}\x{754C}\x{306E}"
          LayoutRuby (inline) {RUBY} at (0,0) size 18x34
            LayoutRubyRun (anonymous) at (755,326) size 24x36
              LayoutRubyText {RT} at (-9,0) size 14x36
                LayoutText {#text} at (2,0) size 10x36
                  text run at (2,0) width 36: "\x{3061}\x{3087}\x{3046}\x{3058}"
              LayoutRubyBase (anonymous) at (0,0) size 24x36
                LayoutInline {RB} at (0,0) size 18x34
                  LayoutText {#text} at (3,1) size 18x34
                    text run at (3,1) width 34: "\x{5BF5}\x{5150}"
          LayoutText {#text} at (758,361) size 42x473
            text run at (758,361) width 112: "\x{3088}\x{308A}\x{3082}\x{5E78}\x{798F}\x{3067}\x{3042}"
            text run at (782,0) width 32: "\x{308B}\x{3002}"
          LayoutBR {BR} at (782,32) size 18x0
          LayoutText {#text} at (810,0) size 18x272
            text run at (810,0) width 272: "\x{3000}\x{4E16}\x{306B}\x{4F4F}\x{3080}\x{3053}\x{3068}\x{4E8C}\x{5341}\x{5E74}\x{306B}\x{3057}\x{3066}\x{3001}\x{4F4F}\x{3080}\x{306B}"
          LayoutRuby (inline) {RUBY} at (0,0) size 18x32
            LayoutRubyRun (anonymous) at (807,272) size 24x32
              LayoutRubyText {RT} at (-9,0) size 14x32
                LayoutText {#text} at (2,3) size 10x26
                  text run at (2,3) width 25: "\x{304B}\x{3044}"
              LayoutRubyBase (anonymous) at (0,0) size 24x32
                LayoutInline {RB} at (0,0) size 18x32
                  LayoutText {#text} at (3,0) size 18x32
                    text run at (3,0) width 32: "\x{7532}\x{6590}"
          LayoutText {#text} at (810,304) size 46x496
            text run at (810,304) width 192: "\x{3042}\x{308B}\x{4E16}\x{3068}\x{77E5}\x{3063}\x{305F}\x{3002}\x{4E8C}\x{5341}\x{4E94}\x{5E74}"
            text run at (838,0) width 96: "\x{306B}\x{3057}\x{3066}\x{660E}\x{6697}\x{306F}"
          LayoutRuby (inline) {RUBY} at (0,0) size 18x34
            LayoutRubyRun (anonymous) at (835,95) size 24x36
              LayoutRubyText {RT} at (-9,0) size 14x36
                LayoutText {#text} at (2,0) size 10x36
                  text run at (2,0) width 36: "\x{3072}\x{3087}\x{3046}\x{308A}"
              LayoutRubyBase (anonymous) at (0,0) size 24x36
                LayoutInline {RB} at (0,0) size 18x34
                  LayoutText {#text} at (3,1) size 18x34
                    text run at (3,1) width 34: "\x{8868}\x{88CF}"
          LayoutText {#text} at (838,130) size 46x498
            text run at (838,130) width 368: "\x{306E}\x{3054}\x{3068}\x{304F}\x{3001}\x{65E5}\x{306E}\x{3042}\x{305F}\x{308B}\x{6240}\x{306B}\x{306F}\x{304D}\x{3063}\x{3068}\x{5F71}\x{304C}\x{3055}\x{3059}\x{3068}\x{609F}\x{3063}"
            text run at (866,0) width 80: "\x{305F}\x{3002}\x{4E09}\x{5341}\x{306E}"
          LayoutRuby (inline) {RUBY} at (0,0) size 18x34
            LayoutRubyRun (anonymous) at (863,79) size 24x36
              LayoutRubyText {RT} at (-9,0) size 14x36
                LayoutText {#text} at (2,0) size 10x36
                  text run at (2,0) width 36: "\x{3053}\x{3093}\x{306B}\x{3061}"
              LayoutRubyBase (anonymous) at (0,0) size 24x36
                LayoutInline {RB} at (0,0) size 18x34
                  LayoutText {#text} at (3,1) size 18x34
                    text run at (3,1) width 34: "\x{4ECA}\x{65E5}"
          LayoutText {#text} at (866,114) size 18x288
            text run at (866,114) width 288: "\x{306F}\x{3053}\x{3046}\x{601D}\x{3046}\x{3066}\x{3044}\x{308B}\x{3002}\x{2015}\x{2015}\x{559C}\x{3073}\x{306E}\x{6DF1}\x{304D}\x{3068}\x{304D}"
          LayoutRuby (inline) {RUBY} at (0,0) size 18x19
            LayoutRubyRun (anonymous) at (863,398) size 24x27
              LayoutRubyText {RT} at (-9,0) size 14x27
                LayoutText {#text} at (2,0) size 10x27
                  text run at (2,0) width 27: "\x{3046}\x{308C}\x{3044}"
              LayoutRubyBase (anonymous) at (0,0) size 24x27
                LayoutInline {RB} at (0,0) size 18x17
                  LayoutText {#text} at (3,5) size 18x17
                    text run at (3,5) width 16: "\x{6182}"
          LayoutText {#text} at (866,421) size 46x501
            text run at (866,421) width 80: "\x{3044}\x{3088}\x{3044}\x{3088}\x{6DF1}"
            text run at (894,0) width 32: "\x{304F}\x{3001}"
          LayoutRuby (inline) {RUBY} at (0,0) size 18x19
            LayoutRubyRun (anonymous) at (891,28) size 24x27
              LayoutRubyText {RT} at (-9,0) size 14x27
                LayoutText {#text} at (2,0) size 10x27
                  text run at (2,0) width 27: "\x{305F}\x{306E}\x{3057}"
              LayoutRubyBase (anonymous) at (0,0) size 24x27
                LayoutInline {RB} at (0,0) size 18x17
                  LayoutText {#text} at (3,5) size 18x17
                    text run at (3,5) width 16: "\x{697D}"
          LayoutText {#text} at (894,51) size 46x499
            text run at (894,51) width 448: "\x{307F}\x{306E}\x{5927}\x{3044}\x{306A}\x{308B}\x{307B}\x{3069}\x{82E6}\x{3057}\x{307F}\x{3082}\x{5927}\x{304D}\x{3044}\x{3002}\x{3053}\x{308C}\x{3092}\x{5207}\x{308A}\x{653E}\x{305D}\x{3046}\x{3068}\x{3059}\x{308B}\x{3068}"
            text run at (922,0) width 96: "\x{8EAB}\x{304C}\x{6301}\x{3066}\x{306C}\x{3002}"
          LayoutRuby (inline) {RUBY} at (0,0) size 18x16
            LayoutRubyRun (anonymous) at (919,95) size 24x18
              LayoutRubyText {RT} at (-9,0) size 14x18
                LayoutText {#text} at (2,0) size 10x18
                  text run at (2,0) width 18: "\x{304B}\x{305F}"
              LayoutRubyBase (anonymous) at (0,0) size 24x18
                LayoutInline {RB} at (0,0) size 18x16
                  LayoutText {#text} at (3,1) size 18x16
                    text run at (3,1) width 16: "\x{7247}"
          LayoutText {#text} at (922,112) size 46x496
            text run at (922,112) width 384: "\x{3065}\x{3051}\x{3088}\x{3046}\x{3068}\x{3059}\x{308C}\x{3070}\x{4E16}\x{304C}\x{7ACB}\x{305F}\x{306C}\x{3002}\x{91D1}\x{306F}\x{5927}\x{4E8B}\x{3060}\x{3001}\x{5927}\x{4E8B}\x{306A}\x{3082}"
            text run at (950,0) width 32: "\x{306E}\x{304C}"
          LayoutRuby (inline) {RUBY} at (0,0) size 18x16
            LayoutRubyRun (anonymous) at (947,32) size 24x16
              LayoutRubyText {RT} at (-9,0) size 14x16
                LayoutText {#text} at (2,3) size 10x10
                  text run at (2,3) width 9: "\x{3075}"
              LayoutRubyBase (anonymous) at (0,0) size 24x16
                LayoutInline {RB} at (0,0) size 18x16
                  LayoutText {#text} at (3,0) size 18x16
                    text run at (3,0) width 16: "\x{6B96}"
          LayoutText {#text} at (950,48) size 18x48
            text run at (950,48) width 48: "\x{3048}\x{308C}\x{3070}"
          LayoutRuby (inline) {RUBY} at (0,0) size 18x16
            LayoutRubyRun (anonymous) at (947,96) size 24x16
              LayoutRubyText {RT} at (-9,0) size 14x16
                LayoutText {#text} at (2,3) size 10x10
                  text run at (2,3) width 9: "\x{306D}"
              LayoutRubyBase (anonymous) at (0,0) size 24x16
                LayoutInline {RB} at (0,0) size 18x16
                  LayoutText {#text} at (3,0) size 18x16
                    text run at (3,0) width 16: "\x{5BDD}"
          LayoutText {#text} at (950,112) size 18x16
            text run at (950,112) width 16: "\x{308B}"
          LayoutRuby (inline) {RUBY} at (0,0) size 18x16
            LayoutRubyRun (anonymous) at (947,128) size 24x16
              LayoutRubyText {RT} at (-9,0) size 14x16
                LayoutText {#text} at (2,3) size 10x10
                  text run at (2,3) width 9: "\x{307E}"
              LayoutRubyBase (anonymous) at (0,0) size 24x16
                LayoutInline {RB} at (0,0) size 18x16
                  LayoutText {#text} at (3,0) size 18x16
                    text run at (3,0) width 16: "\x{9593}"
          LayoutText {#text} at (950,144) size 46x496
            text run at (950,144) width 352: "\x{3082}\x{5FC3}\x{914D}\x{3060}\x{308D}\x{3046}\x{3002}\x{604B}\x{306F}\x{3046}\x{308C}\x{3057}\x{3044}\x{3001}\x{5B09}\x{3057}\x{3044}\x{604B}\x{304C}\x{7A4D}\x{3082}\x{308C}"
            text run at (978,0) width 464: "\x{3070}\x{3001}\x{604B}\x{3092}\x{305B}\x{306C}\x{6614}\x{304C}\x{304B}\x{3048}\x{3063}\x{3066}\x{604B}\x{3057}\x{304B}\x{308D}\x{3002}\x{95A3}\x{50DA}\x{306E}\x{80A9}\x{306F}\x{6570}\x{767E}\x{4E07}\x{4EBA}\x{306E}\x{8DB3}\x{3092}"
          LayoutRuby (inline) {RUBY} at (0,0) size 18x16
            LayoutRubyRun (anonymous) at (975,463) size 24x18
              LayoutRubyText {RT} at (-9,0) size 14x18
                LayoutText {#text} at (2,0) size 10x18
                  text run at (2,0) width 18: "\x{3055}\x{3055}"
              LayoutRubyBase (anonymous) at (0,0) size 24x18
                LayoutInline {RB} at (0,0) size 18x16
                  LayoutText {#text} at (3,1) size 18x16
                    text run at (3,1) width 16: "\x{652F}"
          LayoutText {#text} at (978,480) size 46x496
            text run at (978,480) width 16: "\x{3048}"
            text run at (1006,0) width 64: "\x{3066}\x{3044}\x{308B}\x{3002}"
          LayoutRuby (inline) {RUBY} at (0,0) size 18x32
            LayoutRubyRun (anonymous) at (1003,64) size 24x32
              LayoutRubyText {RT} at (-9,0) size 14x32
                LayoutText {#text} at (2,0) size 10x31
                  text run at (2,0) width 30: "\x{305B}\x{306A}\x{304B}"
              LayoutRubyBase (anonymous) at (0,0) size 24x32
                LayoutInline {RB} at (0,0) size 18x32
                  LayoutText {#text} at (3,0) size 18x32
                    text run at (3,0) width 32: "\x{80CC}\x{4E2D}"
          LayoutText {#text} at (1006,96) size 46x496
            text run at (1006,96) width 400: "\x{306B}\x{306F}\x{91CD}\x{3044}\x{5929}\x{4E0B}\x{304C}\x{304A}\x{3076}\x{3055}\x{3063}\x{3066}\x{3044}\x{308B}\x{3002}\x{3046}\x{307E}\x{3044}\x{7269}\x{3082}\x{98DF}\x{308F}\x{306D}\x{3070}\x{60DC}"
            text run at (1034,0) width 128: "\x{3057}\x{3044}\x{3002}\x{5C11}\x{3057}\x{98DF}\x{3048}\x{3070}"
          LayoutRuby (inline) {RUBY} at (0,0) size 18x16
            LayoutRubyRun (anonymous) at (1031,128) size 24x16
              LayoutRubyText {RT} at (-9,0) size 14x16
                LayoutText {#text} at (2,3) size 10x10
                  text run at (2,3) width 9: "\x{3042}"
              LayoutRubyBase (anonymous) at (0,0) size 24x16
                LayoutInline {RB} at (0,0) size 18x16
                  LayoutText {#text} at (3,0) size 18x16
                    text run at (3,0) width 16: "\x{98FD}"
          LayoutText {#text} at (1034,144) size 18x16
            text run at (1034,144) width 16: "\x{304D}"
          LayoutRuby (inline) {RUBY} at (0,0) size 18x16
            LayoutRubyRun (anonymous) at (1031,160) size 24x16
              LayoutRubyText {RT} at (-9,0) size 14x16
                LayoutText {#text} at (2,3) size 10x10
                  text run at (2,3) width 9: "\x{305F}"
              LayoutRubyBase (anonymous) at (0,0) size 24x16
                LayoutInline {RB} at (0,0) size 18x16
                  LayoutText {#text} at (3,0) size 18x16
                    text run at (3,0) width 16: "\x{8DB3}"
          LayoutText {#text} at (1034,176) size 18x288
            text run at (1034,176) width 288: "\x{3089}\x{306C}\x{3002}\x{5B58}\x{5206}\x{98DF}\x{3048}\x{3070}\x{3042}\x{3068}\x{304C}\x{4E0D}\x{6109}\x{5FEB}\x{3060}\x{3002}\x{2026}\x{2026}"
          LayoutBR {BR} at (1034,464) size 18x0
          LayoutText {#text} at (1062,0) size 18x16
            text run at (1062,0) width 16: "\x{3000}"
          LayoutRuby (inline) {RUBY} at (0,0) size 18x16
            LayoutRubyRun (anonymous) at (1059,16) size 24x16
              LayoutRubyText {RT} at (-9,0) size 14x16
                LayoutText {#text} at (2,3) size 10x10
                  text run at (2,3) width 9: "\x{3088}"
              LayoutRubyBase (anonymous) at (0,0) size 24x16
                LayoutInline {RB} at (0,0) size 18x16
                  LayoutText {#text} at (3,0) size 18x16
                    text run at (3,0) width 16: "\x{4F59}"
          LayoutText {#text} at (1062,32) size 18x16
            text run at (1062,32) width 16: "\x{306E}"
          LayoutRuby (inline) {RUBY} at (0,0) size 18x28
            LayoutRubyRun (anonymous) at (1059,44) size 24x36
              LayoutRubyText {RT} at (-9,0) size 14x36
                LayoutText {#text} at (2,0) size 10x36
                  text run at (2,0) width 36: "\x{304B}\x{3093}\x{304C}\x{3048}"
              LayoutRubyBase (anonymous) at (0,0) size 24x36
                LayoutInline {RB} at (0,0) size 18x16
                  LayoutText {#text} at (3,10) size 18x16
                    text run at (3,10) width 16: "\x{8003}"
          LayoutText {#text} at (1062,76) size 18x256
            text run at (1062,76) width 256: "\x{304C}\x{3053}\x{3053}\x{307E}\x{3067}\x{6F02}\x{6D41}\x{3057}\x{3066}\x{6765}\x{305F}\x{6642}\x{306B}\x{3001}\x{4F59}\x{306E}"
          LayoutRuby (inline) {RUBY} at (0,0) size 18x32
            LayoutRubyRun (anonymous) at (1059,332) size 24x32
              LayoutRubyText {RT} at (-9,0) size 14x32
                LayoutText {#text} at (2,0) size 10x31
                  text run at (2,0) width 30: "\x{3046}\x{305D}\x{304F}"
              LayoutRubyBase (anonymous) at (0,0) size 24x32
                LayoutInline {RB} at (0,0) size 18x32
                  LayoutText {#text} at (3,0) size 18x32
                    text run at (3,0) width 32: "\x{53F3}\x{8DB3}"
          LayoutText {#text} at (1062,364) size 18x48
            text run at (1062,364) width 48: "\x{306F}\x{7A81}\x{7136}"
          LayoutRuby (inline) {RUBY} at (0,0) size 18x16
            LayoutRubyRun (anonymous) at (1059,411) size 24x18
              LayoutRubyText {RT} at (-9,0) size 14x18
                LayoutText {#text} at (2,0) size 10x18
                  text run at (2,0) width 18: "\x{3059}\x{308F}"
              LayoutRubyBase (anonymous) at (0,0) size 24x18
                LayoutInline {RB} at (0,0) size 18x16
                  LayoutText {#text} at (3,1) size 18x16
                    text run at (3,1) width 16: "\x{5750}"
          LayoutText {#text} at (1062,428) size 46x492
            text run at (1062,428) width 64: "\x{308A}\x{306E}\x{308F}\x{308B}"
            text run at (1090,0) width 16: "\x{3044}"
          LayoutRuby (inline) {RUBY} at (0,0) size 18x34
            LayoutRubyRun (anonymous) at (1087,15) size 24x36
              LayoutRubyText {RT} at (-9,0) size 14x36
                LayoutText {#text} at (2,0) size 10x36
                  text run at (2,0) width 36: "\x{304B}\x{304F}\x{3044}\x{3057}"
              LayoutRubyBase (anonymous) at (0,0) size 24x36
                LayoutInline {RB} at (0,0) size 18x34
                  LayoutText {#text} at (3,1) size 18x34
                    text run at (3,1) width 34: "\x{89D2}\x{77F3}"
          LayoutText {#text} at (1090,50) size 18x16
            text run at (1090,50) width 16: "\x{306E}"
          LayoutRuby (inline) {RUBY} at (0,0) size 18x16
            LayoutRubyRun (anonymous) at (1087,65) size 24x18
              LayoutRubyText {RT} at (-9,0) size 14x18
                LayoutText {#text} at (2,0) size 10x18
                  text run at (2,0) width 18: "\x{306F}\x{3057}"
              LayoutRubyBase (anonymous) at (0,0) size 24x18
                LayoutInline {RB} at (0,0) size 18x16
                  LayoutText {#text} at (3,1) size 18x16
                    text run at (3,1) width 16: "\x{7AEF}"
          LayoutText {#text} at (1090,82) size 18x48
            text run at (1090,82) width 48: "\x{3092}\x{8E0F}\x{307F}"
          LayoutRuby (inline) {RUBY} at (0,0) size 18x16
            LayoutRubyRun (anonymous) at (1087,130) size 24x16
              LayoutRubyText {RT} at (-9,0) size 14x16
                LayoutText {#text} at (2,3) size 10x10
                  text run at (2,3) width 9: "\x{305D}"
              LayoutRubyBase (anonymous) at (0,0) size 24x16
                LayoutInline {RB} at (0,0) size 18x16
                  LayoutText {#text} at (3,0) size 18x16
                    text run at (3,0) width 16: "\x{640D}"
          LayoutText {#text} at (1090,146) size 18x80
            text run at (1090,146) width 80: "\x{304F}\x{306A}\x{3063}\x{305F}\x{3002}"
          LayoutRuby (inline) {RUBY} at (0,0) size 18x34
            LayoutRubyRun (anonymous) at (1087,225) size 24x36
              LayoutRubyText {RT} at (-9,0) size 14x36
                LayoutText {#text} at (2,0) size 10x36
                  text run at (2,0) width 36: "\x{3078}\x{3044}\x{3053}\x{3046}"
              LayoutRubyBase (anonymous) at (0,0) size 24x36
                LayoutInline {RB} at (0,0) size 18x34
                  LayoutText {#text} at (3,1) size 18x34
                    text run at (3,1) width 34: "\x{5E73}\x{8861}"
          LayoutText {#text} at (1090,260) size 46x500
            text run at (1090,260) width 240: "\x{3092}\x{4FDD}\x{3064}\x{305F}\x{3081}\x{306B}\x{3001}\x{3059}\x{308F}\x{3084}\x{3068}\x{524D}\x{306B}\x{98DB}\x{3073}"
            text run at (1118,0) width 48: "\x{51FA}\x{3057}\x{305F}"
          LayoutRuby (inline) {RUBY} at (0,0) size 18x32
            LayoutRubyRun (anonymous) at (1115,48) size 24x32
              LayoutRubyText {RT} at (-9,0) size 14x32
                LayoutText {#text} at (2,0) size 10x31
                  text run at (2,0) width 30: "\x{3055}\x{305D}\x{304F}"
              LayoutRubyBase (anonymous) at (0,0) size 24x32
                LayoutInline {RB} at (0,0) size 18x32
                  LayoutText {#text} at (3,0) size 18x32
                    text run at (3,0) width 32: "\x{5DE6}\x{8DB3}"
          LayoutText {#text} at (1118,80) size 18x32
            text run at (1118,80) width 32: "\x{304C}\x{3001}"
          LayoutRuby (inline) {RUBY} at (0,0) size 18x32
            LayoutRubyRun (anonymous) at (1115,112) size 24x32
              LayoutRubyText {RT} at (-9,0) size 14x32
                LayoutText {#text} at (2,0) size 10x31
                  text run at (2,0) width 30: "\x{3057}\x{305D}\x{3093}"
              LayoutRubyBase (anonymous) at (0,0) size 24x32
                LayoutInline {RB} at (0,0) size 18x32
                  LayoutText {#text} at (3,0) size 18x32
                    text run at (3,0) width 32: "\x{4ED5}\x{640D}"
          LayoutText {#text} at (1118,144) size 18x32
            text run at (1118,144) width 32: "\x{3058}\x{306E}"
          LayoutRuby (inline) {RUBY} at (0,0) size 18x16
            LayoutRubyRun (anonymous) at (1115,176) size 24x16
              LayoutRubyText {RT} at (-9,0) size 14x16
                LayoutText {#text} at (2,3) size 10x10
                  text run at (2,3) width 9: "\x{3046}"
              LayoutRubyBase (anonymous) at (0,0) size 24x16
                LayoutInline {RB} at (0,0) size 18x16
                  LayoutText {#text} at (3,0) size 18x16
                    text run at (3,0) width 16: "\x{57CB}"
          LayoutText {#text} at (1118,192) size 18x16
            text run at (1118,192) width 16: "\x{3081}"
          LayoutRuby (inline) {RUBY} at (0,0) size 18x16
            LayoutRubyRun (anonymous) at (1115,207) size 24x18
              LayoutRubyText {RT} at (-9,0) size 14x18
                LayoutText {#text} at (2,0) size 10x18
                  text run at (2,0) width 18: "\x{3042}\x{308F}"
              LayoutRubyBase (anonymous) at (0,0) size 24x18
                LayoutInline {RB} at (0,0) size 18x16
                  LayoutText {#text} at (3,1) size 18x16
                    text run at (3,1) width 16: "\x{5408}"
          LayoutText {#text} at (1118,224) size 18x256
            text run at (1118,224) width 256: "\x{305B}\x{3092}\x{3059}\x{308B}\x{3068}\x{5171}\x{306B}\x{3001}\x{4F59}\x{306E}\x{8170}\x{306F}\x{5177}\x{5408}\x{3088}\x{304F}"
          LayoutRuby (inline) {RUBY} at (0,0) size 18x17
            LayoutRubyRun (anonymous) at (1115,479) size 24x18
              LayoutRubyText {RT} at (-9,0) size 14x18
                LayoutText {#text} at (2,0) size 10x18
                  text run at (2,0) width 18: "\x{307B}\x{3046}"
              LayoutRubyBase (anonymous) at (0,0) size 24x18
                LayoutInline {RB} at (0,0) size 18x16
                  LayoutText {#text} at (3,1) size 18x16
                    text run at (3,1) width 16: "\x{65B9}"
          LayoutText {#text} at (1146,0) size 18x144
            text run at (1146,0) width 144: "\x{4E09}\x{5C3A}\x{307B}\x{3069}\x{306A}\x{5CA9}\x{306E}\x{4E0A}\x{306B}"
          LayoutRuby (inline) {RUBY} at (0,0) size 18x16
            LayoutRubyRun (anonymous) at (1143,144) size 24x16
              LayoutRubyText {RT} at (-9,0) size 14x16
                LayoutText {#text} at (2,3) size 10x10
                  text run at (2,3) width 9: "\x{304A}"
              LayoutRubyBase (anonymous) at (0,0) size 24x16
                LayoutInline {RB} at (0,0) size 18x16
                  LayoutText {#text} at (3,0) size 18x16
                    text run at (3,0) width 16: "\x{5378}"
          LayoutText {#text} at (1146,160) size 18x208
            text run at (1146,160) width 208: "\x{308A}\x{305F}\x{3002}\x{80A9}\x{306B}\x{304B}\x{3051}\x{305F}\x{7D75}\x{306E}\x{5177}\x{7BB1}\x{304C}"
          LayoutRuby (inline) {RUBY} at (0,0) size 18x16
            LayoutRubyRun (anonymous) at (1143,367) size 24x18
              LayoutRubyText {RT} at (-9,0) size 14x18
                LayoutText {#text} at (2,0) size 10x18
                  text run at (2,0) width 18: "\x{308F}\x{304D}"
              LayoutRubyBase (anonymous) at (0,0) size 24x18
                LayoutInline {RB} at (0,0) size 18x16
                  LayoutText {#text} at (3,1) size 18x16
                    text run at (3,1) width 16: "\x{814B}"
          LayoutText {#text} at (1146,384) size 18x64
            text run at (1146,384) width 64: "\x{306E}\x{4E0B}\x{304B}\x{3089}"
          LayoutRuby (inline) {RUBY} at (0,0) size 18x16
            LayoutRubyRun (anonymous) at (1143,447) size 24x18
              LayoutRubyText {RT} at (-9,0) size 14x18
                LayoutText {#text} at (2,0) size 10x18
                  text run at (2,0) width 18: "\x{304A}\x{3069}"
              LayoutRubyBase (anonymous) at (0,0) size 24x18
                LayoutInline {RB} at (0,0) size 18x16
                  LayoutText {#text} at (3,1) size 18x16
                    text run at (3,1) width 16: "\x{8E8D}"
          LayoutText {#text} at (1146,464) size 46x496
            text run at (1146,464) width 32: "\x{308A}\x{51FA}"
            text run at (1174,0) width 144: "\x{3057}\x{305F}\x{3060}\x{3051}\x{3067}\x{3001}\x{5E78}\x{3044}\x{3068}"
          LayoutRuby (inline) {RUBY} at (0,0) size 18x16
            LayoutRubyRun (anonymous) at (1171,143) size 24x18
              LayoutRubyText {RT} at (-9,0) size 14x18
                LayoutText {#text} at (2,0) size 10x18
                  text run at (2,0) width 18: "\x{306A}\x{3093}"
              LayoutRubyBase (anonymous) at (0,0) size 24x18
                LayoutInline {RB} at (0,0) size 18x16
                  LayoutText {#text} at (3,1) size 18x16
                    text run at (3,1) width 16: "\x{4F55}"
          LayoutText {#text} at (1174,160) size 18x128
            text run at (1174,160) width 128: "\x{306E}\x{4E8B}\x{3082}\x{306A}\x{304B}\x{3063}\x{305F}\x{3002}"
          LayoutBR {BR} at (1174,288) size 18x0
          LayoutText {#text} at (1202,0) size 18x240
            text run at (1202,0) width 240: "\x{3000}\x{7ACB}\x{3061}\x{4E0A}\x{304C}\x{308B}\x{6642}\x{306B}\x{5411}\x{3046}\x{3092}\x{898B}\x{308B}\x{3068}\x{3001}"
          LayoutRuby (inline) {RUBY} at (0,0) size 18x16
            LayoutRubyRun (anonymous) at (1199,239) size 24x18
              LayoutRubyText {RT} at (-9,0) size 14x18
                LayoutText {#text} at (2,0) size 10x18
                  text run at (2,0) width 18: "\x{307F}\x{3061}"
              LayoutRubyBase (anonymous) at (0,0) size 24x18
                LayoutInline {RB} at (0,0) size 18x16
                  LayoutText {#text} at (3,1) size 18x16
                    text run at (3,1) width 16: "\x{8DEF}"
          LayoutText {#text} at (1202,256) size 46x496
            text run at (1202,256) width 240: "\x{304B}\x{3089}\x{5DE6}\x{306E}\x{65B9}\x{306B}\x{30D0}\x{30B1}\x{30C4}\x{3092}\x{4F0F}\x{305B}\x{305F}\x{3088}\x{3046}"
            text run at (1230,0) width 48: "\x{306A}\x{5CF0}\x{304C}"
          LayoutRuby (inline) {RUBY} at (0,0) size 18x16
            LayoutRubyRun (anonymous) at (1227,47) size 24x18
              LayoutRubyText {RT} at (-9,0) size 14x18
                LayoutText {#text} at (2,0) size 10x18
                  text run at (2,0) width 18: "\x{305D}\x{3073}"
              LayoutRubyBase (anonymous) at (0,0) size 24x18
                LayoutInline {RB} at (0,0) size 18x16
                  LayoutText {#text} at (3,1) size 18x16
                    text run at (3,1) width 16: "\x{8073}"
          LayoutText {#text} at (1230,64) size 18x112
            text run at (1230,64) width 112: "\x{3048}\x{3066}\x{3044}\x{308B}\x{3002}\x{6749}\x{304B}"
          LayoutRuby (inline) {RUBY} at (0,0) size 18x19
            LayoutRubyRun (anonymous) at (1227,172) size 24x27
              LayoutRubyText {RT} at (-9,0) size 14x27
                LayoutText {#text} at (2,0) size 10x27
                  text run at (2,0) width 27: "\x{3072}\x{306E}\x{304D}"
              LayoutRubyBase (anonymous) at (0,0) size 24x27
                LayoutInline {RB} at (0,0) size 18x17
                  LayoutText {#text} at (3,5) size 18x17
                    text run at (3,5) width 16: "\x{6A9C}"
          LayoutText {#text} at (1230,195) size 18x112
            text run at (1230,195) width 112: "\x{304B}\x{5206}\x{304B}\x{3089}\x{306A}\x{3044}\x{304C}"
          LayoutRuby (inline) {RUBY} at (0,0) size 18x32
            LayoutRubyRun (anonymous) at (1227,307) size 24x32
              LayoutRubyText {RT} at (-9,0) size 14x32
                LayoutText {#text} at (2,0) size 10x31
                  text run at (2,0) width 30: "\x{306D}\x{3082}\x{3068}"
              LayoutRubyBase (anonymous) at (0,0) size 24x32
                LayoutInline {RB} at (0,0) size 18x32
                  LayoutText {#text} at (3,0) size 18x32
                    text run at (3,0) width 32: "\x{6839}\x{5143}"
          LayoutText {#text} at (1230,339) size 18x32
            text run at (1230,339) width 32: "\x{304B}\x{3089}"
          LayoutRuby (inline) {RUBY} at (0,0) size 18x19
            LayoutRubyRun (anonymous) at (1227,367) size 24x27
              LayoutRubyText {RT} at (-9,0) size 14x27
                LayoutText {#text} at (2,0) size 10x27
                  text run at (2,0) width 27: "\x{3044}\x{305F}\x{3060}"
              LayoutRubyBase (anonymous) at (0,0) size 24x27
                LayoutInline {RB} at (0,0) size 18x17
                  LayoutText {#text} at (3,5) size 18x17
                    text run at (3,5) width 16: "\x{9802}"
          LayoutText {#text} at (1230,390) size 46x502
            text run at (1230,390) width 112: "\x{304D}\x{307E}\x{3067}\x{3053}\x{3068}\x{3054}\x{3068}"
            text run at (1258,0) width 16: "\x{304F}"
          LayoutRuby (inline) {RUBY} at (0,0) size 18x34
            LayoutRubyRun (anonymous) at (1255,15) size 24x36
              LayoutRubyText {RT} at (-9,0) size 14x36
                LayoutText {#text} at (2,0) size 10x36
                  text run at (2,0) width 36: "\x{3042}\x{304A}\x{3050}\x{308D}"
              LayoutRubyBase (anonymous) at (0,0) size 24x36
                LayoutInline {RB} at (0,0) size 18x34
                  LayoutText {#text} at (3,1) size 18x34
                    text run at (3,1) width 34: "\x{84BC}\x{9ED2}"
          LayoutText {#text} at (1258,50) size 18x240
            text run at (1258,50) width 240: "\x{3044}\x{4E2D}\x{306B}\x{3001}\x{5C71}\x{685C}\x{304C}\x{8584}\x{8D64}\x{304F}\x{3060}\x{3093}\x{3060}\x{3089}\x{306B}"
          LayoutRuby (inline) {RUBY} at (0,0) size 18x32
            LayoutRubyRun (anonymous) at (1255,290) size 24x32
              LayoutRubyText {RT} at (-9,0) size 14x32
                LayoutText {#text} at (2,0) size 10x31
                  text run at (2,0) width 30: "\x{305F}\x{306A}\x{3073}"
              LayoutRubyBase (anonymous) at (0,0) size 24x32
                LayoutInline {RB} at (0,0) size 18x32
                  LayoutText {#text} at (3,0) size 18x32
                    text run at (3,0) width 32: "\x{68DA}\x{5F15}"
          LayoutText {#text} at (1258,322) size 18x48
            text run at (1258,322) width 48: "\x{3044}\x{3066}\x{3001}"
          LayoutRuby (inline) {RUBY} at (0,0) size 18x16
            LayoutRubyRun (anonymous) at (1255,370) size 24x16
              LayoutRubyText {RT} at (-9,0) size 14x16
                LayoutText {#text} at (2,3) size 10x10
                  text run at (2,3) width 9: "\x{3064}"
              LayoutRubyBase (anonymous) at (0,0) size 24x16
                LayoutInline {RB} at (0,0) size 18x16
                  LayoutText {#text} at (3,0) size 18x16
                    text run at (3,0) width 16: "\x{7D9A}"
          LayoutText {#text} at (1258,386) size 18x16
            text run at (1258,386) width 16: "\x{304E}"
          LayoutRuby (inline) {RUBY} at (0,0) size 18x16
            LayoutRubyRun (anonymous) at (1255,402) size 24x16
              LayoutRubyText {RT} at (-9,0) size 14x16
                LayoutText {#text} at (2,3) size 10x10
                  text run at (2,3) width 9: "\x{3081}"
              LayoutRubyBase (anonymous) at (0,0) size 24x16
                LayoutInline {RB} at (0,0) size 18x16
                  LayoutText {#text} at (3,0) size 18x16
                    text run at (3,0) width 16: "\x{76EE}"
          LayoutText {#text} at (1258,418) size 18x16
            text run at (1258,418) width 16: "\x{304C}"
          LayoutRuby (inline) {RUBY} at (0,0) size 18x16
            LayoutRubyRun (anonymous) at (1255,433) size 24x18
              LayoutRubyText {RT} at (-9,0) size 14x18
                LayoutText {#text} at (2,0) size 10x18
                  text run at (2,0) width 18: "\x{3057}\x{304B}"
              LayoutRubyBase (anonymous) at (0,0) size 24x18
                LayoutInline {RB} at (0,0) size 18x16
                  LayoutText {#text} at (3,1) size 18x16
                    text run at (3,1) width 16: "\x{78BA}"
          LayoutText {#text} at (1258,450) size 46x498
            text run at (1258,450) width 48: "\x{3068}\x{898B}\x{3048}"
            text run at (1286,0) width 64: "\x{306C}\x{304F}\x{3089}\x{3044}"
          LayoutRuby (inline) {RUBY} at (0,0) size 18x16
            LayoutRubyRun (anonymous) at (1283,63) size 24x18
              LayoutRubyText {RT} at (-9,0) size 14x18
                LayoutText {#text} at (2,0) size 10x18
                  text run at (2,0) width 18: "\x{3082}\x{3084}"
              LayoutRubyBase (anonymous) at (0,0) size 24x18
                LayoutInline {RB} at (0,0) size 18x16
                  LayoutText {#text} at (3,1) size 18x16
                    text run at (3,1) width 16: "\x{9744}"
          LayoutText {#text} at (1286,80) size 18x144
            text run at (1286,80) width 144: "\x{304C}\x{6FC3}\x{3044}\x{3002}\x{5C11}\x{3057}\x{624B}\x{524D}\x{306B}"
          LayoutRuby (inline) {RUBY} at (0,0) size 18x34
            LayoutRubyRun (anonymous) at (1283,223) size 24x36
              LayoutRubyText {RT} at (-9,0) size 14x36
                LayoutText {#text} at (2,0) size 10x36
                  text run at (2,0) width 36: "\x{306F}\x{3052}\x{3084}\x{307E}"
              LayoutRubyBase (anonymous) at (0,0) size 24x36
                LayoutInline {RB} at (0,0) size 18x34
                  LayoutText {#text} at (3,1) size 18x34
                    text run at (3,1) width 34: "\x{79BF}\x{5C71}"
          LayoutText {#text} at (1286,258) size 18x64
            text run at (1286,258) width 64: "\x{304C}\x{4E00}\x{3064}\x{3001}"
          LayoutRuby (inline) {RUBY} at (0,0) size 18x16
            LayoutRubyRun (anonymous) at (1283,321) size 24x18
              LayoutRubyText {RT} at (-9,0) size 14x18
                LayoutText {#text} at (2,0) size 10x18
                  text run at (2,0) width 18: "\x{3050}\x{3093}"
              LayoutRubyBase (anonymous) at (0,0) size 24x18
                LayoutInline {RB} at (0,0) size 18x16
                  LayoutText {#text} at (3,1) size 18x16
                    text run at (3,1) width 16: "\x{7FA4}"
          LayoutText {#text} at (1286,338) size 18x96
            text run at (1286,338) width 96: "\x{3092}\x{306C}\x{304D}\x{3093}\x{3067}\x{3066}"
          LayoutRuby (inline) {RUBY} at (0,0) size 18x16
            LayoutRubyRun (anonymous) at (1283,433) size 24x18
              LayoutRubyText {RT} at (-9,0) size 14x18
                LayoutText {#text} at (2,0) size 10x18
                  text run at (2,0) width 18: "\x{307E}\x{3086}"
              LayoutRubyBase (anonymous) at (0,0) size 24x18
                LayoutInline {RB} at (0,0) size 18x16
                  LayoutText {#text} at (3,1) size 18x16
                    text run at (3,1) width 16: "\x{7709}"
          LayoutText {#text} at (1286,450) size 18x16
            text run at (1286,450) width 16: "\x{306B}"
          LayoutRuby (inline) {RUBY} at (0,0) size 18x17
            LayoutRubyRun (anonymous) at (1283,465) size 24x18
              LayoutRubyText {RT} at (-9,0) size 14x18
                LayoutText {#text} at (2,0) size 10x18
                  text run at (2,0) width 18: "\x{305B}\x{307E}"
              LayoutRubyBase (anonymous) at (0,0) size 24x18
                LayoutInline {RB} at (0,0) size 18x16
                  LayoutText {#text} at (3,1) size 18x16
                    text run at (3,1) width 16: "\x{903C}"
          LayoutText {#text} at (1314,0) size 18x32
            text run at (1314,0) width 32: "\x{308B}\x{3002}"
          LayoutRuby (inline) {RUBY} at (0,0) size 18x16
            LayoutRubyRun (anonymous) at (1311,32) size 24x16
              LayoutRubyText {RT} at (-9,0) size 14x16
                LayoutText {#text} at (2,3) size 10x10
                  text run at (2,3) width 9: "\x{306F}"
              LayoutRubyBase (anonymous) at (0,0) size 24x16
                LayoutInline {RB} at (0,0) size 18x16
                  LayoutText {#text} at (3,0) size 18x16
                    text run at (3,0) width 16: "\x{79BF}"
          LayoutText {#text} at (1314,48) size 18x128
            text run at (1314,48) width 128: "\x{3052}\x{305F}\x{5074}\x{9762}\x{306F}\x{5DE8}\x{4EBA}\x{306E}"
          LayoutRuby (inline) {RUBY} at (0,0) size 18x16
            LayoutRubyRun (anonymous) at (1311,175) size 24x18
              LayoutRubyText {RT} at (-9,0) size 14x18
                LayoutText {#text} at (2,0) size 10x18
                  text run at (2,0) width 18: "\x{304A}\x{306E}"
              LayoutRubyBase (anonymous) at (0,0) size 24x18
                LayoutInline {RB} at (0,0) size 18x16
                  LayoutText {#text} at (3,1) size 18x16
                    text run at (3,1) width 16: "\x{65A7}"
          LayoutText {#text} at (1314,192) size 18x16
            text run at (1314,192) width 16: "\x{3067}"
          LayoutRuby (inline) {RUBY} at (0,0) size 18x16
            LayoutRubyRun (anonymous) at (1311,207) size 24x18
              LayoutRubyText {RT} at (-9,0) size 14x18
                LayoutText {#text} at (2,0) size 10x18
                  text run at (2,0) width 18: "\x{3051}\x{305A}"
              LayoutRubyBase (anonymous) at (0,0) size 24x18
                LayoutInline {RB} at (0,0) size 18x16
                  LayoutText {#text} at (3,1) size 18x16
                    text run at (3,1) width 16: "\x{524A}"
          LayoutText {#text} at (1314,224) size 46x496
            text run at (1314,224) width 272: "\x{308A}\x{53BB}\x{3063}\x{305F}\x{304B}\x{3001}\x{92ED}\x{3069}\x{304D}\x{5E73}\x{9762}\x{3092}\x{3084}\x{3051}\x{306B}\x{8C37}\x{306E}"
            text run at (1342,0) width 32: "\x{5E95}\x{306B}"
          LayoutRuby (inline) {RUBY} at (0,0) size 18x16
            LayoutRubyRun (anonymous) at (1339,31) size 24x18
              LayoutRubyText {RT} at (-9,0) size 14x18
                LayoutText {#text} at (2,0) size 10x18
                  text run at (2,0) width 18: "\x{3046}\x{305A}"
              LayoutRubyBase (anonymous) at (0,0) size 24x18
                LayoutInline {RB} at (0,0) size 18x16
                  LayoutText {#text} at (3,1) size 18x16
                    text run at (3,1) width 16: "\x{57CB}"
          LayoutText {#text} at (1342,48) size 18x80
            text run at (1342,48) width 80: "\x{3081}\x{3066}\x{3044}\x{308B}\x{3002}"
          LayoutRuby (inline) {RUBY} at (0,0) size 18x34
            LayoutRubyRun (anonymous) at (1339,127) size 24x36
              LayoutRubyText {RT} at (-9,0) size 14x36
                LayoutText {#text} at (2,0) size 10x36
                  text run at (2,0) width 36: "\x{3066}\x{3063}\x{307A}\x{3093}"
              LayoutRubyBase (anonymous) at (0,0) size 24x36
                LayoutInline {RB} at (0,0) size 18x34
                  LayoutText {#text} at (3,1) size 18x34
                    text run at (3,1) width 34: "\x{5929}\x{8FBA}"
          LayoutText {#text} at (1342,162) size 18x336
            text run at (1342,162) width 336: "\x{306B}\x{4E00}\x{672C}\x{898B}\x{3048}\x{308B}\x{306E}\x{306F}\x{8D64}\x{677E}\x{3060}\x{308D}\x{3046}\x{3002}\x{679D}\x{306E}\x{9593}\x{306E}\x{7A7A}\x{3055}\x{3048}"
          LayoutRuby (inline) {RUBY} at (0,0) size 18x35
            LayoutRubyRun (anonymous) at (1367,0) size 24x36
              LayoutRubyText {RT} at (-9,0) size 14x36
                LayoutText {#text} at (2,0) size 10x36
                  text run at (2,0) width 36: "\x{306F}\x{3063}\x{304D}\x{308A}"
              LayoutRubyBase (anonymous) at (0,0) size 24x36
                LayoutInline {RB} at (0,0) size 18x34
                  LayoutText {#text} at (3,1) size 18x34
                    text run at (3,1) width 34: "\x{5224}\x{7136}"
          LayoutText {#text} at (1370,35) size 18x448
            text run at (1370,35) width 448: "\x{3057}\x{3066}\x{3044}\x{308B}\x{3002}\x{884C}\x{304F}\x{624B}\x{306F}\x{4E8C}\x{4E01}\x{307B}\x{3069}\x{3067}\x{5207}\x{308C}\x{3066}\x{3044}\x{308B}\x{304C}\x{3001}\x{9AD8}\x{3044}\x{6240}\x{304B}\x{3089}\x{8D64}\x{3044}"
          LayoutRuby (inline) {RUBY} at (0,0) size 18x32
            LayoutRubyRun (anonymous) at (1395,0) size 24x32
              LayoutRubyText {RT} at (-9,0) size 14x32
                LayoutText {#text} at (2,0) size 10x31
                  text run at (2,0) width 30: "\x{3051}\x{3063}\x{3068}"
              LayoutRubyBase (anonymous) at (0,0) size 24x32
                LayoutInline {RB} at (0,0) size 18x32
                  LayoutText {#text} at (3,0) size 18x32
                    text run at (3,0) width 32: "\x{6BDB}\x{5E03}"
          LayoutText {#text} at (1398,32) size 46x496
            text run at (1398,32) width 464: "\x{304C}\x{52D5}\x{3044}\x{3066}\x{6765}\x{308B}\x{306E}\x{3092}\x{898B}\x{308B}\x{3068}\x{3001}\x{767B}\x{308C}\x{3070}\x{3042}\x{3059}\x{3053}\x{3078}\x{51FA}\x{308B}\x{306E}\x{3060}\x{308D}\x{3046}\x{3002}\x{8DEF}\x{306F}\x{3059}"
            text run at (1426,0) width 48: "\x{3053}\x{3076}\x{308B}"
          LayoutRuby (inline) {RUBY} at (0,0) size 18x32
            LayoutRubyRun (anonymous) at (1423,48) size 24x32
              LayoutRubyText {RT} at (-9,0) size 14x32
                LayoutText {#text} at (2,0) size 10x31
                  text run at (2,0) width 30: "\x{306A}\x{3093}\x{304E}"
              LayoutRubyBase (anonymous) at (0,0) size 24x32
                LayoutInline {RB} at (0,0) size 18x32
                  LayoutText {#text} at (3,0) size 18x32
                    text run at (3,0) width 32: "\x{96E3}\x{7FA9}"
          LayoutText {#text} at (1426,80) size 18x32
            text run at (1426,80) width 32: "\x{3060}\x{3002}"
          LayoutBR {BR} at (1426,112) size 18x0
          LayoutText {#text} at (1454,0) size 18x208
            text run at (1454,0) width 208: "\x{3000}\x{571F}\x{3092}\x{306A}\x{3089}\x{3059}\x{3060}\x{3051}\x{306A}\x{3089}\x{3055}\x{307B}\x{3069}"
          LayoutRuby (inline) {RUBY} at (0,0) size 18x32
            LayoutRubyRun (anonymous) at (1451,208) size 24x32
              LayoutRubyText {RT} at (-9,0) size 14x32
                LayoutText {#text} at (2,3) size 10x26
                  text run at (2,3) width 25: "\x{3066}\x{307E}"
              LayoutRubyBase (anonymous) at (0,0) size 24x32
                LayoutInline {RB} at (0,0) size 18x32
                  LayoutText {#text} at (3,0) size 18x32
                    text run at (3,0) width 32: "\x{624B}\x{9593}"
          LayoutText {#text} at (1454,240) size 18x16
            text run at (1454,240) width 16: "\x{3082}"
          LayoutRuby (inline) {RUBY} at (0,0) size 18x16
            LayoutRubyRun (anonymous) at (1451,256) size 24x16
              LayoutRubyText {RT} at (-9,0) size 14x16
                LayoutText {#text} at (2,3) size 10x10
                  text run at (2,3) width 9: "\x{3044}"
              LayoutRubyBase (anonymous) at (0,0) size 24x16
                LayoutInline {RB} at (0,0) size 18x16
                  LayoutText {#text} at (3,0) size 18x16
                    text run at (3,0) width 16: "\x{5165}"
          LayoutText {#text} at (1454,272) size 46x496
            text run at (1454,272) width 224: "\x{308B}\x{307E}\x{3044}\x{304C}\x{3001}\x{571F}\x{306E}\x{4E2D}\x{306B}\x{306F}\x{5927}\x{304D}\x{306A}\x{77F3}"
            text run at (1482,0) width 96: "\x{304C}\x{3042}\x{308B}\x{3002}\x{571F}\x{306F}"
          LayoutRuby (inline) {RUBY} at (0,0) size 18x16
            LayoutRubyRun (anonymous) at (1479,95) size 24x18
              LayoutRubyText {RT} at (-9,0) size 14x18
                LayoutText {#text} at (2,0) size 10x18
                  text run at (2,0) width 18: "\x{305F}\x{3044}"
              LayoutRubyBase (anonymous) at (0,0) size 24x18
                LayoutInline {RB} at (0,0) size 18x16
                  LayoutText {#text} at (3,1) size 18x16
                    text run at (3,1) width 16: "\x{5E73}"
          LayoutText {#text} at (1482,112) size 46x496
            text run at (1482,112) width 384: "\x{3089}\x{306B}\x{3057}\x{3066}\x{3082}\x{77F3}\x{306F}\x{5E73}\x{3089}\x{306B}\x{306A}\x{3089}\x{306C}\x{3002}\x{77F3}\x{306F}\x{5207}\x{308A}\x{7815}\x{3044}\x{3066}\x{3082}\x{3001}\x{5CA9}"
            text run at (1510,0) width 128: "\x{306F}\x{59CB}\x{672B}\x{304C}\x{3064}\x{304B}\x{306C}\x{3002}"
          LayoutRuby (inline) {RUBY} at (0,0) size 18x34
            LayoutRubyRun (anonymous) at (1507,127) size 24x36
              LayoutRubyText {RT} at (-9,0) size 14x36
                LayoutText {#text} at (2,0) size 10x36
                  text run at (2,0) width 36: "\x{307B}\x{308A}\x{304F}\x{305A}"
              LayoutRubyBase (anonymous) at (0,0) size 24x36
                LayoutInline {RB} at (0,0) size 18x34
                  LayoutText {#text} at (3,1) size 18x34
                    text run at (3,1) width 34: "\x{6398}\x{5D29}"
          LayoutText {#text} at (1510,162) size 18x96
            text run at (1510,162) width 96: "\x{3057}\x{305F}\x{571F}\x{306E}\x{4E0A}\x{306B}"
          LayoutRuby (inline) {RUBY} at (0,0) size 18x34
            LayoutRubyRun (anonymous) at (1507,257) size 24x36
              LayoutRubyText {RT} at (-9,0) size 14x36
                LayoutText {#text} at (2,0) size 10x36
                  text run at (2,0) width 36: "\x{3086}\x{3046}\x{305C}\x{3093}"
              LayoutRubyBase (anonymous) at (0,0) size 24x36
                LayoutInline {RB} at (0,0) size 18x34
                  LayoutText {#text} at (3,1) size 18x34
                    text run at (3,1) width 34: "\x{60A0}\x{7136}"
          LayoutText {#text} at (1510,292) size 18x16
            text run at (1510,292) width 16: "\x{3068}"
          LayoutRuby (inline) {RUBY} at (0,0) size 18x19
            LayoutRubyRun (anonymous) at (1507,304) size 24x27
              LayoutRubyText {RT} at (-9,0) size 14x27
                LayoutText {#text} at (2,0) size 10x27
                  text run at (2,0) width 27: "\x{305D}\x{3070}\x{3060}"
              LayoutRubyBase (anonymous) at (0,0) size 24x27
                LayoutInline {RB} at (0,0) size 18x17
                  LayoutText {#text} at (3,5) size 18x17
                    text run at (3,5) width 16: "\x{5CD9}"
          LayoutText {#text} at (1510,327) size 46x503
            text run at (1510,327) width 176: "\x{3063}\x{3066}\x{3001}\x{543E}\x{3089}\x{306E}\x{305F}\x{3081}\x{306B}\x{9053}\x{3092}"
            text run at (1538,0) width 32: "\x{8B72}\x{308B}"
          LayoutRuby (inline) {RUBY} at (0,0) size 18x32
            LayoutRubyRun (anonymous) at (1535,32) size 24x32
              LayoutRubyText {RT} at (-9,0) size 14x32
                LayoutText {#text} at (2,0) size 10x31
                  text run at (2,0) width 30: "\x{3051}\x{3057}\x{304D}"
              LayoutRubyBase (anonymous) at (0,0) size 24x32
                LayoutInline {RB} at (0,0) size 18x32
                  LayoutText {#text} at (3,0) size 18x32
                    text run at (3,0) width 32: "\x{666F}\x{8272}"
          LayoutText {#text} at (1538,64) size 46x480
            text run at (1538,64) width 416: "\x{306F}\x{306A}\x{3044}\x{3002}\x{5411}\x{3046}\x{3067}\x{805E}\x{304B}\x{306C}\x{4E0A}\x{306F}\x{4E57}\x{308A}\x{8D8A}\x{3059}\x{304B}\x{3001}\x{5EFB}\x{3089}\x{306A}\x{3051}\x{308C}\x{3070}\x{306A}\x{3089}"
            text run at (1566,0) width 32: "\x{3093}\x{3002}"
          LayoutRuby (inline) {RUBY} at (0,0) size 18x16
            LayoutRubyRun (anonymous) at (1563,31) size 24x18
              LayoutRubyText {RT} at (-9,0) size 14x18
                LayoutText {#text} at (2,0) size 10x18
                  text run at (2,0) width 18: "\x{3044}\x{308F}"
              LayoutRubyBase (anonymous) at (0,0) size 24x18
                LayoutInline {RB} at (0,0) size 18x16
                  LayoutText {#text} at (3,1) size 18x16
                    text run at (3,1) width 16: "\x{5DCC}"
          LayoutText {#text} at (1566,48) size 18x112
            text run at (1566,48) width 112: "\x{306E}\x{306A}\x{3044}\x{6240}\x{3067}\x{3055}\x{3048}"
          LayoutRuby (inline) {RUBY} at (0,0) size 18x16
            LayoutRubyRun (anonymous) at (1563,160) size 24x16
              LayoutRubyText {RT} at (-9,0) size 14x16
                LayoutText {#text} at (2,3) size 10x10
                  text run at (2,3) width 9: "\x{3042}"
              LayoutRubyBase (anonymous) at (0,0) size 24x16
                LayoutInline {RB} at (0,0) size 18x16
                  LayoutText {#text} at (3,0) size 18x16
                    text run at (3,0) width 16: "\x{6B69}"
          LayoutText {#text} at (1566,176) size 18x304
            text run at (1566,176) width 304: "\x{308B}\x{304D}\x{3088}\x{304F}\x{306F}\x{306A}\x{3044}\x{3002}\x{5DE6}\x{53F3}\x{304C}\x{9AD8}\x{304F}\x{3063}\x{3066}\x{3001}\x{4E2D}\x{5FC3}\x{304C}"
          LayoutRuby (inline) {RUBY} at (0,0) size 18x17
            LayoutRubyRun (anonymous) at (1563,479) size 24x18
              LayoutRubyText {RT} at (-9,0) size 14x18
                LayoutText {#text} at (2,0) size 10x18
                  text run at (2,0) width 18: "\x{304F}\x{307C}"
              LayoutRubyBase (anonymous) at (0,0) size 24x18
                LayoutInline {RB} at (0,0) size 18x16
                  LayoutText {#text} at (3,1) size 18x16
                    text run at (3,1) width 16: "\x{7AAA}"
          LayoutText {#text} at (1594,0) size 18x128
            text run at (1594,0) width 128: "\x{3093}\x{3067}\x{3001}\x{307E}\x{308B}\x{3067}\x{4E00}\x{9593}"
          LayoutRuby (inline) {RUBY} at (0,0) size 18x16
            LayoutRubyRun (anonymous) at (1591,127) size 24x18
              LayoutRubyText {RT} at (-9,0) size 14x18
                LayoutText {#text} at (2,0) size 10x18
                  text run at (2,0) width 18: "\x{306F}\x{3070}"
              LayoutRubyBase (anonymous) at (0,0) size 24x18
                LayoutInline {RB} at (0,0) size 18x16
                  LayoutText {#text} at (3,1) size 18x16
                    text run at (3,1) width 16: "\x{5E45}"
          LayoutText {#text} at (1594,144) size 18x64
            text run at (1594,144) width 64: "\x{3092}\x{4E09}\x{89D2}\x{306B}"
          LayoutRuby (inline) {RUBY} at (0,0) size 18x16
            LayoutRubyRun (anonymous) at (1591,208) size 24x16
              LayoutRubyText {RT} at (-9,0) size 14x16
                LayoutText {#text} at (2,3) size 10x10
                  text run at (2,3) width 9: "\x{304F}"
              LayoutRubyBase (anonymous) at (0,0) size 24x16
                LayoutInline {RB} at (0,0) size 18x16
                  LayoutText {#text} at (3,0) size 18x16
                    text run at (3,0) width 16: "\x{7A7F}"
          LayoutText {#text} at (1594,224) size 18x128
            text run at (1594,224) width 128: "\x{3063}\x{3066}\x{3001}\x{305D}\x{306E}\x{9802}\x{70B9}\x{304C}"
          LayoutRuby (inline) {RUBY} at (0,0) size 18x34
            LayoutRubyRun (anonymous) at (1591,351) size 24x36
              LayoutRubyText {RT} at (-9,0) size 14x36
                LayoutText {#text} at (2,0) size 10x36
                  text run at (2,0) width 36: "\x{307E}\x{3093}\x{306A}\x{304B}"
              LayoutRubyBase (anonymous) at (0,0) size 24x36
                LayoutInline {RB} at (0,0) size 18x34
                  LayoutText {#text} at (3,1) size 18x34
                    text run at (3,1) width 34: "\x{771F}\x{4E2D}"
          LayoutText {#text} at (1594,386) size 18x16
            text run at (1594,386) width 16: "\x{3092}"
          LayoutRuby (inline) {RUBY} at (0,0) size 18x19
            LayoutRubyRun (anonymous) at (1591,398) size 24x27
              LayoutRubyText {RT} at (-9,0) size 14x27
                LayoutText {#text} at (2,0) size 10x27
                  text run at (2,0) width 27: "\x{3064}\x{3089}\x{306C}"
              LayoutRubyBase (anonymous) at (0,0) size 24x27
                LayoutInline {RB} at (0,0) size 18x17
                  LayoutText {#text} at (3,5) size 18x17
                    text run at (3,5) width 16: "\x{8CAB}"
          LayoutText {#text} at (1594,421) size 46x501
            text run at (1594,421) width 80: "\x{3044}\x{3066}\x{3044}\x{308B}\x{3068}"
            text run at (1622,0) width 320: "\x{8A55}\x{3057}\x{3066}\x{3082}\x{3088}\x{3044}\x{3002}\x{8DEF}\x{3092}\x{884C}\x{304F}\x{3068}\x{4E91}\x{308F}\x{3093}\x{3088}\x{308A}\x{5DDD}\x{5E95}\x{3092}"
          LayoutRuby (inline) {RUBY} at (0,0) size 18x16
            LayoutRubyRun (anonymous) at (1619,319) size 24x18
              LayoutRubyText {RT} at (-9,0) size 14x18
                LayoutText {#text} at (2,0) size 10x18
                  text run at (2,0) width 18: "\x{308F}\x{305F}"
              LayoutRubyBase (anonymous) at (0,0) size 24x18
                LayoutInline {RB} at (0,0) size 18x16
                  LayoutText {#text} at (3,1) size 18x16
                    text run at (3,1) width 16: "\x{6E09}"
          LayoutText {#text} at (1622,336) size 18x160
            text run at (1622,336) width 160: "\x{308B}\x{3068}\x{4E91}\x{3046}\x{65B9}\x{304C}\x{9069}\x{5F53}\x{3060}\x{3002}"
          LayoutRuby (inline) {RUBY} at (0,0) size 18x17
            LayoutRubyRun (anonymous) at (1647,0) size 24x18
              LayoutRubyText {RT} at (-9,0) size 14x18
                LayoutText {#text} at (2,0) size 10x18
                  text run at (2,0) width 18: "\x{3082}\x{3068}"
              LayoutRubyBase (anonymous) at (0,0) size 24x18
                LayoutInline {RB} at (0,0) size 18x16
                  LayoutText {#text} at (3,1) size 18x16
                    text run at (3,1) width 16: "\x{56FA}"
          LayoutText {#text} at (1650,17) size 18x256
            text run at (1650,17) width 256: "\x{3088}\x{308A}\x{6025}\x{3050}\x{65C5}\x{3067}\x{306A}\x{3044}\x{304B}\x{3089}\x{3001}\x{3076}\x{3089}\x{3076}\x{3089}\x{3068}"
          LayoutRuby (inline) {RUBY} at (0,0) size 18x34
            LayoutRubyRun (anonymous) at (1647,272) size 24x36
              LayoutRubyText {RT} at (-9,0) size 14x36
                LayoutText {#text} at (2,0) size 10x36
                  text run at (2,0) width 36: "\x{306A}\x{306A}\x{307E}\x{304C}"
              LayoutRubyBase (anonymous) at (0,0) size 24x36
                LayoutInline {RB} at (0,0) size 18x34
                  LayoutText {#text} at (3,1) size 18x34
                    text run at (3,1) width 34: "\x{4E03}\x{66F2}"
          LayoutText {#text} at (1650,307) size 18x96
            text run at (1650,307) width 96: "\x{308A}\x{3078}\x{304B}\x{304B}\x{308B}\x{3002}"
          LayoutBR {BR} at (1650,403) size 18x0
          LayoutText {#text} at (1678,0) size 18x144
            text run at (1678,0) width 144: "\x{3000}\x{305F}\x{3061}\x{307E}\x{3061}\x{8DB3}\x{306E}\x{4E0B}\x{3067}"
          LayoutRuby (inline) {RUBY} at (0,0) size 18x32
            LayoutRubyRun (anonymous) at (1675,144) size 24x32
              LayoutRubyText {RT} at (-9,0) size 14x32
                LayoutText {#text} at (2,0) size 10x31
                  text run at (2,0) width 30: "\x{3072}\x{3070}\x{308A}"
              LayoutRubyBase (anonymous) at (0,0) size 24x32
                LayoutInline {RB} at (0,0) size 18x32
                  LayoutText {#text} at (3,0) size 18x32
                    text run at (3,0) width 32: "\x{96F2}\x{96C0}"
          LayoutText {#text} at (1678,176) size 18x160
            text run at (1678,176) width 160: "\x{306E}\x{58F0}\x{304C}\x{3057}\x{51FA}\x{3057}\x{305F}\x{3002}\x{8C37}\x{3092}"
          LayoutRuby (inline) {RUBY} at (0,0) size 18x32
            LayoutRubyRun (anonymous) at (1675,336) size 24x32
              LayoutRubyText {RT} at (-9,0) size 14x32
                LayoutText {#text} at (2,0) size 10x31
                  text run at (2,0) width 30: "\x{307F}\x{304A}\x{308D}"
              LayoutRubyBase (anonymous) at (0,0) size 24x32
                LayoutInline {RB} at (0,0) size 18x32
                  LayoutText {#text} at (3,0) size 18x32
                    text run at (3,0) width 32: "\x{898B}\x{4E0B}"
          LayoutText {#text} at (1678,368) size 46x496
            text run at (1678,368) width 128: "\x{3057}\x{305F}\x{304C}\x{3001}\x{3069}\x{3053}\x{3067}\x{9CF4}"
            text run at (1706,0) width 480: "\x{3044}\x{3066}\x{308B}\x{304B}\x{5F71}\x{3082}\x{5F62}\x{3082}\x{898B}\x{3048}\x{306C}\x{3002}\x{305F}\x{3060}\x{58F0}\x{3060}\x{3051}\x{304C}\x{660E}\x{3089}\x{304B}\x{306B}\x{805E}\x{3048}\x{308B}\x{3002}\x{305B}\x{3063}\x{305B}\x{3068}"
          LayoutRuby (inline) {RUBY} at (0,0) size 18x17
            LayoutRubyRun (anonymous) at (1703,479) size 24x18
              LayoutRubyText {RT} at (-9,0) size 14x18
                LayoutText {#text} at (2,0) size 10x18
                  text run at (2,0) width 18: "\x{305B}\x{308F}"
              LayoutRubyBase (anonymous) at (0,0) size 24x18
                LayoutInline {RB} at (0,0) size 18x16
                  LayoutText {#text} at (3,1) size 18x16
                    text run at (3,1) width 16: "\x{5FD9}"
          LayoutText {#text} at (1734,0) size 18x48
            text run at (1734,0) width 48: "\x{3057}\x{304F}\x{3001}"
          LayoutRuby (inline) {RUBY} at (0,0) size 18x32
            LayoutRubyRun (anonymous) at (1731,48) size 24x32
              LayoutRubyText {RT} at (-9,0) size 14x32
                LayoutText {#text} at (2,0) size 10x31
                  text run at (2,0) width 30: "\x{305F}\x{3048}\x{307E}"
              LayoutRubyBase (anonymous) at (0,0) size 24x32
                LayoutInline {RB} at (0,0) size 18x32
                  LayoutText {#text} at (3,0) size 18x32
                    text run at (3,0) width 32: "\x{7D76}\x{9593}"
          LayoutText {#text} at (1734,80) size 18x128
            text run at (1734,80) width 128: "\x{306A}\x{304F}\x{9CF4}\x{3044}\x{3066}\x{3044}\x{308B}\x{3002}"
          LayoutRuby (inline) {RUBY} at (0,0) size 18x48
            LayoutRubyRun (anonymous) at (1731,208) size 24x48
              LayoutRubyText {RT} at (-9,0) size 14x48
                LayoutText {#text} at (2,0) size 10x48
                  text run at (2,0) width 47: "\x{307B}\x{3046}\x{3044}\x{304F}\x{308A}"
              LayoutRubyBase (anonymous) at (0,0) size 24x48
                LayoutInline {RB} at (0,0) size 18x48
                  LayoutText {#text} at (3,0) size 18x48
                    text run at (3,0) width 48: "\x{65B9}\x{5E7E}\x{91CC}"
          LayoutText {#text} at (1734,256) size 18x112
            text run at (1734,256) width 112: "\x{306E}\x{7A7A}\x{6C17}\x{304C}\x{4E00}\x{9762}\x{306B}"
          LayoutRuby (inline) {RUBY} at (0,0) size 18x16
            LayoutRubyRun (anonymous) at (1731,367) size 24x18
              LayoutRubyText {RT} at (-9,0) size 14x18
                LayoutText {#text} at (2,0) size 10x18
                  text run at (2,0) width 18: "\x{306E}\x{307F}"
              LayoutRubyBase (anonymous) at (0,0) size 24x18
                LayoutInline {RB} at (0,0) size 18x16
                  LayoutText {#text} at (3,1) size 18x16
                    text run at (3,1) width 16: "\x{86A4}"
          LayoutText {#text} at (1734,384) size 46x496
            text run at (1734,384) width 112: "\x{306B}\x{523A}\x{3055}\x{308C}\x{3066}\x{3044}\x{305F}"
            text run at (1762,0) width 304: "\x{305F}\x{307E}\x{308C}\x{306A}\x{3044}\x{3088}\x{3046}\x{306A}\x{6C17}\x{304C}\x{3059}\x{308B}\x{3002}\x{3042}\x{306E}\x{9CE5}\x{306E}\x{9CF4}\x{304F}"
          LayoutRuby (inline) {RUBY} at (0,0) size 18x16
            LayoutRubyRun (anonymous) at (1759,304) size 24x16
              LayoutRubyText {RT} at (-9,0) size 14x16
                LayoutText {#text} at (2,3) size 10x10
                  text run at (2,3) width 9: "\x{306D}"
              LayoutRubyBase (anonymous) at (0,0) size 24x16
                LayoutInline {RB} at (0,0) size 18x16
                  LayoutText {#text} at (3,0) size 18x16
                    text run at (3,0) width 16: "\x{97F3}"
          LayoutText {#text} at (1762,320) size 94x496
            text run at (1762,320) width 176: "\x{306B}\x{306F}\x{77AC}\x{6642}\x{306E}\x{4F59}\x{88D5}\x{3082}\x{306A}\x{3044}\x{3002}"
            text run at (1786,0) width 496: "\x{306E}\x{3069}\x{304B}\x{306A}\x{6625}\x{306E}\x{65E5}\x{3092}\x{9CF4}\x{304D}\x{5C3D}\x{304F}\x{3057}\x{3001}\x{9CF4}\x{304D}\x{3042}\x{304B}\x{3057}\x{3001}\x{307E}\x{305F}\x{9CF4}\x{304D}\x{66AE}\x{3089}\x{3055}\x{306A}\x{3051}\x{308C}\x{3070}"
            text run at (1810,0) width 496: "\x{6C17}\x{304C}\x{6E08}\x{307E}\x{3093}\x{3068}\x{898B}\x{3048}\x{308B}\x{3002}\x{305D}\x{306E}\x{4E0A}\x{3069}\x{3053}\x{307E}\x{3067}\x{3082}\x{767B}\x{3063}\x{3066}\x{884C}\x{304F}\x{3001}\x{3044}\x{3064}\x{307E}\x{3067}\x{3082}\x{767B}\x{3063}"
            text run at (1838,0) width 432: "\x{3066}\x{884C}\x{304F}\x{3002}\x{96F2}\x{96C0}\x{306F}\x{304D}\x{3063}\x{3068}\x{96F2}\x{306E}\x{4E2D}\x{3067}\x{6B7B}\x{306C}\x{306B}\x{76F8}\x{9055}\x{306A}\x{3044}\x{3002}\x{767B}\x{308A}\x{8A70}\x{3081}\x{305F}"
          LayoutRuby (inline) {RUBY} at (0,0) size 18x32
            LayoutRubyRun (anonymous) at (1835,432) size 24x32
              LayoutRubyText {RT} at (-9,0) size 14x32
                LayoutText {#text} at (2,0) size 10x31
                  text run at (2,0) width 30: "\x{3042}\x{3052}\x{304F}"
              LayoutRubyBase (anonymous) at (0,0) size 24x32
                LayoutInline {RB} at (0,0) size 18x32
                  LayoutText {#text} at (3,0) size 18x32
                    text run at (3,0) width 32: "\x{63DA}\x{53E5}"
          LayoutText {#text} at (1838,464) size 46x496
            text run at (1838,464) width 32: "\x{306F}\x{3001}"
            text run at (1866,0) width 80: "\x{6D41}\x{308C}\x{3066}\x{96F2}\x{306B}"
          LayoutRuby (inline) {RUBY} at (0,0) size 18x16
            LayoutRubyRun (anonymous) at (1863,80) size 24x16
              LayoutRubyText {RT} at (-9,0) size 14x16
                LayoutText {#text} at (2,3) size 10x10
                  text run at (2,3) width 9: "\x{3044}"
              LayoutRubyBase (anonymous) at (0,0) size 24x16
                LayoutInline {RB} at (0,0) size 18x16
                  LayoutText {#text} at (3,0) size 18x16
                    text run at (3,0) width 16: "\x{5165}"
          LayoutText {#text} at (1866,96) size 18x48
            text run at (1866,96) width 48: "\x{3063}\x{3066}\x{3001}"
          LayoutRuby (inline) {RUBY} at (0,0) size 18x19
            LayoutRubyRun (anonymous) at (1863,140) size 24x27
              LayoutRubyText {RT} at (-9,0) size 14x27
                LayoutText {#text} at (2,0) size 10x27
                  text run at (2,0) width 27: "\x{305F}\x{3060}\x{3088}"
              LayoutRubyBase (anonymous) at (0,0) size 24x27
                LayoutInline {RB} at (0,0) size 18x17
                  LayoutText {#text} at (3,5) size 18x17
                    text run at (3,5) width 16: "\x{6F02}"
          LayoutText {#text} at (1866,163) size 46x499
            text run at (1866,163) width 336: "\x{3046}\x{3066}\x{3044}\x{308B}\x{3046}\x{3061}\x{306B}\x{5F62}\x{306F}\x{6D88}\x{3048}\x{3066}\x{306A}\x{304F}\x{306A}\x{3063}\x{3066}\x{3001}\x{305F}\x{3060}\x{58F0}"
            text run at (1894,0) width 80: "\x{3060}\x{3051}\x{304C}\x{7A7A}\x{306E}"
          LayoutRuby (inline) {RUBY} at (0,0) size 18x16
            LayoutRubyRun (anonymous) at (1891,79) size 24x18
              LayoutRubyText {RT} at (-9,0) size 14x18
                LayoutText {#text} at (2,0) size 10x18
                  text run at (2,0) width 18: "\x{3046}\x{3061}"
              LayoutRubyBase (anonymous) at (0,0) size 24x18
                LayoutInline {RB} at (0,0) size 18x16
                  LayoutText {#text} at (3,1) size 18x16
                    text run at (3,1) width 16: "\x{88E1}"
          LayoutText {#text} at (1894,96) size 18x176
            text run at (1894,96) width 176: "\x{306B}\x{6B8B}\x{308B}\x{306E}\x{304B}\x{3082}\x{77E5}\x{308C}\x{306A}\x{3044}\x{3002}"
          LayoutBR {BR} at (1894,272) size 18x0
          LayoutText {#text} at (1922,0) size 18x16
            text run at (1922,0) width 16: "\x{3000}"
          LayoutRuby (inline) {RUBY} at (0,0) size 18x34
            LayoutRubyRun (anonymous) at (1919,15) size 24x36
              LayoutRubyText {RT} at (-9,0) size 14x36
                LayoutText {#text} at (2,0) size 10x36
                  text run at (2,0) width 36: "\x{3044}\x{308F}\x{304B}\x{3069}"
              LayoutRubyBase (anonymous) at (0,0) size 24x36
                LayoutInline {RB} at (0,0) size 18x34
                  LayoutText {#text} at (3,1) size 18x34
                    text run at (3,1) width 34: "\x{5DCC}\x{89D2}"
          LayoutText {#text} at (1922,50) size 18x128
            text run at (1922,50) width 128: "\x{3092}\x{92ED}\x{3069}\x{304F}\x{5EFB}\x{3063}\x{3066}\x{3001}"
          LayoutRuby (inline) {RUBY} at (0,0) size 18x32
            LayoutRubyRun (anonymous) at (1919,178) size 24x32
              LayoutRubyText {RT} at (-9,0) size 14x32
                LayoutText {#text} at (2,0) size 10x31
                  text run at (2,0) width 30: "\x{3042}\x{3093}\x{307E}"
              LayoutRubyBase (anonymous) at (0,0) size 24x32
                LayoutInline {RB} at (0,0) size 18x32
                  LayoutText {#text} at (3,0) size 18x32
                    text run at (3,0) width 32: "\x{6309}\x{6469}"
          LayoutText {#text} at (1922,210) size 18x32
            text run at (1922,210) width 32: "\x{306A}\x{3089}"
          LayoutRuby (inline) {RUBY} at (0,0) size 18x52
            LayoutRubyRun (anonymous) at (1919,241) size 24x54
              LayoutRubyText {RT} at (-9,0) size 14x54
                LayoutText {#text} at (2,0) size 10x54
                  text run at (2,0) width 54: "\x{307E}\x{3063}\x{3055}\x{304B}\x{3055}\x{307E}"
              LayoutRubyBase (anonymous) at (0,0) size 24x54
                LayoutInline {RB} at (0,0) size 18x52
                  LayoutText {#text} at (3,1) size 18x52
                    text run at (3,1) width 52: "\x{771F}\x{9006}\x{69D8}"
          LayoutText {#text} at (1922,294) size 18x144
            text run at (1922,294) width 144: "\x{306B}\x{843D}\x{3064}\x{308B}\x{3068}\x{3053}\x{308D}\x{3092}\x{3001}"
          LayoutRuby (inline) {RUBY} at (0,0) size 18x16
            LayoutRubyRun (anonymous) at (1919,437) size 24x18
              LayoutRubyText {RT} at (-9,0) size 14x18
                LayoutText {#text} at (2,0) size 10x18
                  text run at (2,0) width 18: "\x{304D}\x{308F}"
              LayoutRubyBase (anonymous) at (0,0) size 24x18
                LayoutInline {RB} at (0,0) size 18x16
                  LayoutText {#text} at (3,1) size 18x16
                    text run at (3,1) width 16: "\x{969B}"
          LayoutText {#text} at (1922,454) size 46x502
            text run at (1922,454) width 48: "\x{3069}\x{304F}\x{53F3}"
            text run at (1950,0) width 112: "\x{3078}\x{5207}\x{308C}\x{3066}\x{3001}\x{6A2A}\x{306B}"
          LayoutRuby (inline) {RUBY} at (0,0) size 18x32
            LayoutRubyRun (anonymous) at (1947,112) size 24x32
              LayoutRubyText {RT} at (-9,0) size 14x32
                LayoutText {#text} at (2,0) size 10x31
                  text run at (2,0) width 30: "\x{307F}\x{304A}\x{308D}"
              LayoutRubyBase (anonymous) at (0,0) size 24x32
                LayoutInline {RB} at (0,0) size 18x32
                  LayoutText {#text} at (3,0) size 18x32
                    text run at (3,0) width 32: "\x{898B}\x{4E0B}"
          LayoutText {#text} at (1950,144) size 18x48
            text run at (1950,144) width 48: "\x{3059}\x{3068}\x{3001}"
          LayoutRuby (inline) {RUBY} at (0,0) size 18x16
            LayoutRubyRun (anonymous) at (1947,192) size 24x16
              LayoutRubyText {RT} at (-9,0) size 14x16
                LayoutText {#text} at (2,3) size 10x10
                  text run at (2,3) width 9: "\x{306A}"
              LayoutRubyBase (anonymous) at (0,0) size 24x16
                LayoutInline {RB} at (0,0) size 18x16
                  LayoutText {#text} at (3,0) size 18x16
                    text run at (3,0) width 16: "\x{83DC}"
          LayoutText {#text} at (1950,208) size 46x496
            text run at (1950,208) width 288: "\x{306E}\x{82B1}\x{304C}\x{4E00}\x{9762}\x{306B}\x{898B}\x{3048}\x{308B}\x{3002}\x{96F2}\x{96C0}\x{306F}\x{3042}\x{3059}\x{3053}\x{3078}\x{843D}"
            text run at (1978,0) width 240: "\x{3061}\x{308B}\x{306E}\x{304B}\x{3068}\x{601D}\x{3063}\x{305F}\x{3002}\x{3044}\x{3044}\x{3084}\x{3001}\x{3042}\x{306E}"
          LayoutRuby (inline) {RUBY} at (0,0) size 18x32
            LayoutRubyRun (anonymous) at (1975,240) size 24x32
              LayoutRubyText {RT} at (-9,0) size 14x32
                LayoutText {#text} at (2,0) size 10x31
                  text run at (2,0) width 30: "\x{3053}\x{304C}\x{306D}"
              LayoutRubyBase (anonymous) at (0,0) size 24x32
                LayoutInline {RB} at (0,0) size 18x32
                  LayoutText {#text} at (3,0) size 18x32
                    text run at (3,0) width 32: "\x{9EC4}\x{91D1}"
          LayoutText {#text} at (1978,272) size 46x496
            text run at (1978,272) width 224: "\x{306E}\x{539F}\x{304B}\x{3089}\x{98DB}\x{3073}\x{4E0A}\x{304C}\x{3063}\x{3066}\x{304F}\x{308B}\x{306E}\x{304B}"
            text run at (2006,0) width 240: "\x{3068}\x{601D}\x{3063}\x{305F}\x{3002}\x{6B21}\x{306B}\x{306F}\x{843D}\x{3061}\x{308B}\x{96F2}\x{96C0}\x{3068}\x{3001}"
          LayoutRuby (inline) {RUBY} at (0,0) size 18x16
            LayoutRubyRun (anonymous) at (2003,239) size 24x18
              LayoutRubyText {RT} at (-9,0) size 14x18
                LayoutText {#text} at (2,0) size 10x18
                  text run at (2,0) width 18: "\x{3042}\x{304C}"
              LayoutRubyBase (anonymous) at (0,0) size 24x18
                LayoutInline {RB} at (0,0) size 18x16
                  LayoutText {#text} at (3,1) size 18x16
                    text run at (3,1) width 16: "\x{4E0A}"
          LayoutText {#text} at (2006,256) size 18x16
            text run at (2006,256) width 16: "\x{308B}"
          LayoutRuby (inline) {RUBY} at (0,0) size 18x32
            LayoutRubyRun (anonymous) at (2003,272) size 24x32
              LayoutRubyText {RT} at (-9,0) size 14x32
                LayoutText {#text} at (2,0) size 10x31
                  text run at (2,0) width 30: "\x{3072}\x{3070}\x{308A}"
              LayoutRubyBase (anonymous) at (0,0) size 24x32
                LayoutInline {RB} at (0,0) size 18x32
                  LayoutText {#text} at (3,0) size 18x32
                    text run at (3,0) width 32: "\x{96F2}\x{96C0}"
          LayoutText {#text} at (2006,304) size 46x496
            text run at (2006,304) width 192: "\x{304C}\x{5341}\x{6587}\x{5B57}\x{306B}\x{3059}\x{308C}\x{9055}\x{3046}\x{306E}\x{304B}\x{3068}"
            text run at (2034,0) width 400: "\x{601D}\x{3063}\x{305F}\x{3002}\x{6700}\x{5F8C}\x{306B}\x{3001}\x{843D}\x{3061}\x{308B}\x{6642}\x{3082}\x{3001}\x{4E0A}\x{308B}\x{6642}\x{3082}\x{3001}\x{307E}\x{305F}\x{5341}\x{6587}\x{5B57}\x{306B}"
          LayoutRuby (inline) {RUBY} at (0,0) size 18x16
            LayoutRubyRun (anonymous) at (2031,400) size 24x16
              LayoutRubyText {RT} at (-9,0) size 14x16
                LayoutText {#text} at (2,3) size 10x10
                  text run at (2,3) width 9: "\x{3059}"
              LayoutRubyBase (anonymous) at (0,0) size 24x16
                LayoutInline {RB} at (0,0) size 18x16
                  LayoutText {#text} at (3,0) size 18x16
                    text run at (3,0) width 16: "\x{64E6}"
          LayoutText {#text} at (2034,416) size 42x496
            text run at (2034,416) width 80: "\x{308C}\x{9055}\x{3046}\x{3068}\x{304D}"
            text run at (2058,0) width 320: "\x{306B}\x{3082}\x{5143}\x{6C17}\x{3088}\x{304F}\x{9CF4}\x{304D}\x{3064}\x{3065}\x{3051}\x{308B}\x{3060}\x{308D}\x{3046}\x{3068}\x{601D}\x{3063}\x{305F}\x{3002}"
          LayoutBR {BR} at (2058,320) size 18x0
          LayoutText {#text} at (2086,0) size 18x192
            text run at (2086,0) width 192: "\x{3000}\x{6625}\x{306F}\x{7720}\x{304F}\x{306A}\x{308B}\x{3002}\x{732B}\x{306F}\x{9F20}\x{3092}"
          LayoutRuby (inline) {RUBY} at (0,0) size 18x16
            LayoutRubyRun (anonymous) at (2083,192) size 24x16
              LayoutRubyText {RT} at (-9,0) size 14x16
                LayoutText {#text} at (2,3) size 10x10
                  text run at (2,3) width 9: "\x{3068}"
              LayoutRubyBase (anonymous) at (0,0) size 24x16
                LayoutInline {RB} at (0,0) size 18x16
                  LayoutText {#text} at (3,0) size 18x16
                    text run at (3,0) width 16: "\x{6355}"
          LayoutText {#text} at (2086,208) size 46x496
            text run at (2086,208) width 288: "\x{308B}\x{4E8B}\x{3092}\x{5FD8}\x{308C}\x{3001}\x{4EBA}\x{9593}\x{306F}\x{501F}\x{91D1}\x{306E}\x{3042}\x{308B}\x{4E8B}\x{3092}\x{5FD8}\x{308C}"
            text run at (2114,0) width 128: "\x{308B}\x{3002}\x{6642}\x{306B}\x{306F}\x{81EA}\x{5206}\x{306E}"
          LayoutRuby (inline) {RUBY} at (0,0) size 18x28
            LayoutRubyRun (anonymous) at (2111,124) size 24x36
              LayoutRubyText {RT} at (-9,0) size 14x36
                LayoutText {#text} at (2,0) size 10x36
                  text run at (2,0) width 36: "\x{305F}\x{307E}\x{3057}\x{3044}"
              LayoutRubyBase (anonymous) at (0,0) size 24x36
                LayoutInline {RB} at (0,0) size 18x16
                  LayoutText {#text} at (3,10) size 18x16
                    text run at (3,10) width 16: "\x{9B42}"
          LayoutText {#text} at (2114,156) size 18x16
            text run at (2114,156) width 16: "\x{306E}"
          LayoutRuby (inline) {RUBY} at (0,0) size 18x34
            LayoutRubyRun (anonymous) at (2111,171) size 24x36
              LayoutRubyText {RT} at (-9,0) size 14x36
                LayoutText {#text} at (2,0) size 10x36
                  text run at (2,0) width 36: "\x{3044}\x{3069}\x{3053}\x{308D}"
              LayoutRubyBase (anonymous) at (0,0) size 24x36
                LayoutInline {RB} at (0,0) size 18x34
                  LayoutText {#text} at (3,1) size 18x34
                    text run at (3,1) width 34: "\x{5C45}\x{6240}"
          LayoutText {#text} at (2114,206) size 46x494
            text run at (2114,206) width 288: "\x{3055}\x{3048}\x{5FD8}\x{308C}\x{3066}\x{6B63}\x{4F53}\x{306A}\x{304F}\x{306A}\x{308B}\x{3002}\x{305F}\x{3060}\x{83DC}\x{306E}\x{82B1}\x{3092}"
            text run at (2142,0) width 160: "\x{9060}\x{304F}\x{671B}\x{3093}\x{3060}\x{3068}\x{304D}\x{306B}\x{773C}\x{304C}"
          LayoutRuby (inline) {RUBY} at (0,0) size 18x16
            LayoutRubyRun (anonymous) at (2139,160) size 24x16
              LayoutRubyText {RT} at (-9,0) size 14x16
                LayoutText {#text} at (2,3) size 10x10
                  text run at (2,3) width 9: "\x{3055}"
              LayoutRubyBase (anonymous) at (0,0) size 24x16
                LayoutInline {RB} at (0,0) size 18x16
                  LayoutText {#text} at (3,0) size 18x16
                    text run at (3,0) width 16: "\x{9192}"
          LayoutText {#text} at (2142,176) size 18x320
            text run at (2142,176) width 320: "\x{3081}\x{308B}\x{3002}\x{96F2}\x{96C0}\x{306E}\x{58F0}\x{3092}\x{805E}\x{3044}\x{305F}\x{3068}\x{304D}\x{306B}\x{9B42}\x{306E}\x{3042}\x{308A}\x{304B}\x{304C}"
          LayoutRuby (inline) {RUBY} at (0,0) size 18x35
            LayoutRubyRun (anonymous) at (2167,0) size 24x36
              LayoutRubyText {RT} at (-9,0) size 14x36
                LayoutText {#text} at (2,0) size 10x36
                  text run at (2,0) width 36: "\x{306F}\x{3093}\x{305C}\x{3093}"
              LayoutRubyBase (anonymous) at (0,0) size 24x36
                LayoutInline {RB} at (0,0) size 18x34
                  LayoutText {#text} at (3,1) size 18x34
                    text run at (3,1) width 34: "\x{5224}\x{7136}"
          LayoutText {#text} at (2170,35) size 66x499
            text run at (2170,35) width 464: "\x{3059}\x{308B}\x{3002}\x{96F2}\x{96C0}\x{306E}\x{9CF4}\x{304F}\x{306E}\x{306F}\x{53E3}\x{3067}\x{9CF4}\x{304F}\x{306E}\x{3067}\x{306F}\x{306A}\x{3044}\x{3001}\x{9B42}\x{5168}\x{4F53}\x{304C}\x{9CF4}\x{304F}\x{306E}\x{3060}\x{3002}"
            text run at (2194,0) width 496: "\x{9B42}\x{306E}\x{6D3B}\x{52D5}\x{304C}\x{58F0}\x{306B}\x{3042}\x{3089}\x{308F}\x{308C}\x{305F}\x{3082}\x{306E}\x{306E}\x{3046}\x{3061}\x{3067}\x{3001}\x{3042}\x{308C}\x{307B}\x{3069}\x{5143}\x{6C17}\x{306E}\x{3042}\x{308B}\x{3082}\x{306E}\x{306F}"
            text run at (2218,0) width 464: "\x{306A}\x{3044}\x{3002}\x{3042}\x{3042}\x{6109}\x{5FEB}\x{3060}\x{3002}\x{3053}\x{3046}\x{601D}\x{3063}\x{3066}\x{3001}\x{3053}\x{3046}\x{6109}\x{5FEB}\x{306B}\x{306A}\x{308B}\x{306E}\x{304C}\x{8A69}\x{3067}\x{3042}\x{308B}\x{3002}"
          LayoutBR {BR} at (2218,464) size 18x0
          LayoutText {#text} at (2242,0) size 46x496
            text run at (2242,0) width 496: "\x{3000}\x{305F}\x{3061}\x{307E}\x{3061}\x{30B7}\x{30A7}\x{30EC}\x{30FC}\x{306E}\x{96F2}\x{96C0}\x{306E}\x{8A69}\x{3092}\x{601D}\x{3044}\x{51FA}\x{3057}\x{3066}\x{3001}\x{53E3}\x{306E}\x{3046}\x{3061}\x{3067}\x{899A}\x{3048}\x{305F}\x{3068}\x{3053}"
            text run at (2270,0) width 48: "\x{308D}\x{3060}\x{3051}"
          LayoutRuby (inline) {RUBY} at (0,0) size 18x39
            LayoutRubyRun (anonymous) at (2267,45) size 24x45
              LayoutRubyText {RT} at (-9,0) size 14x45
                LayoutText {#text} at (2,0) size 10x45
                  text run at (2,0) width 45: "\x{3042}\x{3093}\x{3057}\x{3087}\x{3046}"
              LayoutRubyBase (anonymous) at (0,0) size 24x45
                LayoutInline {RB} at (0,0) size 18x39
                  LayoutText {#text} at (3,3) size 18x39
                    text run at (3,3) width 38: "\x{6697}\x{8AA6}"
          LayoutText {#text} at (2270,87) size 42x503
            text run at (2270,87) width 416: "\x{3057}\x{3066}\x{898B}\x{305F}\x{304C}\x{3001}\x{899A}\x{3048}\x{3066}\x{3044}\x{308B}\x{3068}\x{3053}\x{308D}\x{306F}\x{4E8C}\x{4E09}\x{53E5}\x{3057}\x{304B}\x{306A}\x{304B}\x{3063}\x{305F}\x{3002}\x{305D}"
            text run at (2294,0) width 256: "\x{306E}\x{4E8C}\x{4E09}\x{53E5}\x{306E}\x{306A}\x{304B}\x{306B}\x{3053}\x{3093}\x{306A}\x{306E}\x{304C}\x{3042}\x{308B}\x{3002}"
          LayoutBR {BR} at (2294,256) size 18x0
        LayoutBlockFlow {DIV} at (2315,32) size 114x472
          LayoutText {#text} at (3,0) size 18x191
            text run at (3,0) width 191: "\x{3000}\x{3000}We look before and after"
          LayoutBR {BR} at (3,190) size 18x1
          LayoutText {#text} at (27,0) size 18x225
            text run at (27,0) width 225: "\x{3000}\x{3000}\x{3000}\x{3000}And pine for what is not:"
          LayoutBR {BR} at (27,224) size 18x1
          LayoutText {#text} at (51,0) size 18x174
            text run at (51,0) width 174: "\x{3000}\x{3000}Our sincerest laughter"
          LayoutBR {BR} at (51,173) size 18x1
          LayoutText {#text} at (75,0) size 18x234
            text run at (75,0) width 234: "\x{3000}\x{3000}\x{3000}\x{3000}With some pain is fraught;"
          LayoutBR {BR} at (75,234) size 18x0
          LayoutText {#text} at (96,0) size 18x363
            text run at (96,0) width 363: "Our sweetest songs are those that tell of saddest thought."
          LayoutBR {BR} at (96,362) size 18x1
        LayoutBlockFlow (anonymous) at (2429,0) size 1751x504
          LayoutText {#text} at (10,0) size 18x112
            text run at (10,0) width 112: "\x{300C}\x{524D}\x{3092}\x{307F}\x{3066}\x{306F}\x{3001}"
          LayoutRuby (inline) {RUBY} at (0,0) size 18x16
            LayoutRubyRun (anonymous) at (7,111) size 24x18
              LayoutRubyText {RT} at (-9,0) size 14x18
                LayoutText {#text} at (2,0) size 10x18
                  text run at (2,0) width 18: "\x{3057}\x{308A}"
              LayoutRubyBase (anonymous) at (0,0) size 24x18
                LayoutInline {RB} at (0,0) size 18x16
                  LayoutText {#text} at (3,1) size 18x16
                    text run at (3,1) width 16: "\x{5F8C}"
          LayoutText {#text} at (10,128) size 18x96
            text run at (10,128) width 96: "\x{3048}\x{3092}\x{898B}\x{3066}\x{306F}\x{3001}"
          LayoutRuby (inline) {RUBY} at (0,0) size 18x32
            LayoutRubyRun (anonymous) at (7,224) size 24x32
              LayoutRubyText {RT} at (-9,0) size 14x32
                LayoutText {#text} at (2,0) size 10x31
                  text run at (2,0) width 30: "\x{3082}\x{306E}\x{307B}"
              LayoutRubyBase (anonymous) at (0,0) size 24x32
                LayoutInline {RB} at (0,0) size 18x32
                  LayoutText {#text} at (3,0) size 18x32
                    text run at (3,0) width 32: "\x{7269}\x{6B32}"
          LayoutText {#text} at (10,256) size 46x496
            text run at (10,256) width 240: "\x{3057}\x{3068}\x{3001}\x{3042}\x{3053}\x{304C}\x{308B}\x{308B}\x{304B}\x{306A}\x{308F}\x{308C}\x{3002}\x{8179}\x{304B}"
            text run at (38,0) width 448: "\x{3089}\x{306E}\x{3001}\x{7B11}\x{3068}\x{3044}\x{3048}\x{3069}\x{3001}\x{82E6}\x{3057}\x{307F}\x{306E}\x{3001}\x{305D}\x{3053}\x{306B}\x{3042}\x{308B}\x{3079}\x{3057}\x{3002}\x{3046}\x{3064}\x{304F}\x{3057}\x{304D}\x{3001}"
          LayoutRuby (inline) {RUBY} at (0,0) size 18x16
            LayoutRubyRun (anonymous) at (35,447) size 24x18
              LayoutRubyText {RT} at (-9,0) size 14x18
                LayoutText {#text} at (2,0) size 10x18
                  text run at (2,0) width 18: "\x{304D}\x{308F}"
              LayoutRubyBase (anonymous) at (0,0) size 24x18
                LayoutInline {RB} at (0,0) size 18x16
                  LayoutText {#text} at (3,1) size 18x16
                    text run at (3,1) width 16: "\x{6975}"
          LayoutText {#text} at (38,464) size 46x496
            text run at (38,464) width 32: "\x{307F}\x{306E}"
            text run at (66,0) width 176: "\x{6B4C}\x{306B}\x{3001}\x{60B2}\x{3057}\x{3055}\x{306E}\x{3001}\x{6975}\x{307F}\x{306E}"
          LayoutRuby (inline) {RUBY} at (0,0) size 18x19
            LayoutRubyRun (anonymous) at (63,172) size 24x27
              LayoutRubyText {RT} at (-9,0) size 14x27
                LayoutText {#text} at (2,0) size 10x27
                  text run at (2,0) width 27: "\x{304A}\x{3082}\x{3044}"
              LayoutRubyBase (anonymous) at (0,0) size 24x27
                LayoutInline {RB} at (0,0) size 18x17
                  LayoutText {#text} at (3,5) size 18x17
                    text run at (3,5) width 16: "\x{60F3}"
          LayoutText {#text} at (66,195) size 18x16
            text run at (66,195) width 16: "\x{3001}"
          LayoutRuby (inline) {RUBY} at (0,0) size 18x16
            LayoutRubyRun (anonymous) at (63,210) size 24x18
              LayoutRubyText {RT} at (-9,0) size 14x18
                LayoutText {#text} at (2,0) size 10x18
                  text run at (2,0) width 18: "\x{3053}\x{3082}"
              LayoutRubyBase (anonymous) at (0,0) size 24x18
                LayoutInline {RB} at (0,0) size 18x16
                  LayoutText {#text} at (3,1) size 18x16
                    text run at (3,1) width 16: "\x{7C60}"
          LayoutText {#text} at (66,227) size 18x96
            text run at (66,227) width 96: "\x{308B}\x{3068}\x{305E}\x{77E5}\x{308C}\x{300D}"
          LayoutBR {BR} at (66,323) size 18x0
          LayoutText {#text} at (90,0) size 46x496
            text run at (90,0) width 496: "\x{3000}\x{306A}\x{308B}\x{307B}\x{3069}\x{3044}\x{304F}\x{3089}\x{8A69}\x{4EBA}\x{304C}\x{5E78}\x{798F}\x{3067}\x{3082}\x{3001}\x{3042}\x{306E}\x{96F2}\x{96C0}\x{306E}\x{3088}\x{3046}\x{306B}\x{601D}\x{3044}\x{5207}\x{3063}\x{3066}\x{3001}\x{4E00}"
            text run at (118,0) width 320: "\x{5FC3}\x{4E0D}\x{4E71}\x{306B}\x{3001}\x{524D}\x{5F8C}\x{3092}\x{5FD8}\x{5374}\x{3057}\x{3066}\x{3001}\x{308F}\x{304C}\x{559C}\x{3073}\x{3092}\x{6B4C}\x{3046}"
          LayoutRuby (inline) {RUBY} at (0,0) size 18x16
            LayoutRubyRun (anonymous) at (115,319) size 24x18
              LayoutRubyText {RT} at (-9,0) size 14x18
                LayoutText {#text} at (2,0) size 10x18
                  text run at (2,0) width 18: "\x{308F}\x{3051}"
              LayoutRubyBase (anonymous) at (0,0) size 24x18
                LayoutInline {RB} at (0,0) size 18x16
                  LayoutText {#text} at (3,1) size 18x16
                    text run at (3,1) width 16: "\x{8A33}"
          LayoutText {#text} at (118,336) size 46x496
            text run at (118,336) width 160: "\x{306B}\x{306F}\x{884C}\x{304F}\x{307E}\x{3044}\x{3002}\x{897F}\x{6D0B}\x{306E}"
            text run at (146,0) width 256: "\x{8A69}\x{306F}\x{7121}\x{8AD6}\x{306E}\x{4E8B}\x{3001}\x{652F}\x{90A3}\x{306E}\x{8A69}\x{306B}\x{3082}\x{3001}\x{3088}\x{304F}"
          LayoutRuby (inline) {RUBY} at (0,0) size 18x34
            LayoutRubyRun (anonymous) at (143,255) size 24x36
              LayoutRubyText {RT} at (-9,0) size 14x36
                LayoutText {#text} at (2,0) size 10x36
                  text run at (2,0) width 36: "\x{3070}\x{3093}\x{3053}\x{304F}"
              LayoutRubyBase (anonymous) at (0,0) size 24x36
                LayoutInline {RB} at (0,0) size 18x34
                  LayoutText {#text} at (3,1) size 18x34
                    text run at (3,1) width 34: "\x{4E07}\x{659B}"
          LayoutText {#text} at (146,290) size 18x16
            text run at (146,290) width 16: "\x{306E}"
          LayoutRuby (inline) {RUBY} at (0,0) size 18x19
            LayoutRubyRun (anonymous) at (143,302) size 24x27
              LayoutRubyText {RT} at (-9,0) size 14x27
                LayoutText {#text} at (2,0) size 10x27
                  text run at (2,0) width 27: "\x{3046}\x{308C}\x{3044}"
              LayoutRubyBase (anonymous) at (0,0) size 24x27
                LayoutInline {RB} at (0,0) size 18x17
                  LayoutText {#text} at (3,5) size 18x17
                    text run at (3,5) width 16: "\x{6101}"
          LayoutText {#text} at (146,325) size 46x501
            text run at (146,325) width 176: "\x{306A}\x{3069}\x{3068}\x{4E91}\x{3046}\x{5B57}\x{304C}\x{3042}\x{308B}\x{3002}\x{8A69}"
            text run at (174,0) width 112: "\x{4EBA}\x{3060}\x{304B}\x{3089}\x{4E07}\x{659B}\x{3067}"
          LayoutRuby (inline) {RUBY} at (0,0) size 18x34
            LayoutRubyRun (anonymous) at (171,111) size 24x36
              LayoutRubyText {RT} at (-9,0) size 14x36
                LayoutText {#text} at (2,0) size 10x36
                  text run at (2,0) width 36: "\x{3057}\x{308D}\x{3046}\x{3068}"
              LayoutRubyBase (anonymous) at (0,0) size 24x36
                LayoutInline {RB} at (0,0) size 18x34
                  LayoutText {#text} at (3,1) size 18x34
                    text run at (3,1) width 34: "\x{7D20}\x{4EBA}"
          LayoutText {#text} at (174,146) size 18x48
            text run at (174,146) width 48: "\x{306A}\x{3089}\x{4E00}"
          LayoutRuby (inline) {RUBY} at (0,0) size 18x16
            LayoutRubyRun (anonymous) at (171,193) size 24x18
              LayoutRubyText {RT} at (-9,0) size 14x18
                LayoutText {#text} at (2,0) size 10x18
                  text run at (2,0) width 18: "\x{3054}\x{3046}"
              LayoutRubyBase (anonymous) at (0,0) size 24x18
                LayoutInline {RB} at (0,0) size 18x16
                  LayoutText {#text} at (3,1) size 18x16
                    text run at (3,1) width 16: "\x{5408}"
          LayoutText {#text} at (174,210) size 46x498
            text run at (174,210) width 288: "\x{3067}\x{6E08}\x{3080}\x{304B}\x{3082}\x{77E5}\x{308C}\x{306C}\x{3002}\x{3057}\x{3066}\x{898B}\x{308B}\x{3068}\x{8A69}\x{4EBA}\x{306F}\x{5E38}"
            text run at (202,0) width 160: "\x{306E}\x{4EBA}\x{3088}\x{308A}\x{3082}\x{82E6}\x{52B4}\x{6027}\x{3067}\x{3001}"
          LayoutRuby (inline) {RUBY} at (0,0) size 18x34
            LayoutRubyRun (anonymous) at (199,159) size 24x36
              LayoutRubyText {RT} at (-9,0) size 14x36
                LayoutText {#text} at (2,0) size 10x36
                  text run at (2,0) width 36: "\x{307C}\x{3093}\x{3053}\x{3064}"
              LayoutRubyBase (anonymous) at (0,0) size 24x36
                LayoutInline {RB} at (0,0) size 18x34
                  LayoutText {#text} at (3,1) size 18x34
                    text run at (3,1) width 34: "\x{51E1}\x{9AA8}"
          LayoutText {#text} at (202,194) size 46x498
            text run at (202,194) width 304: "\x{306E}\x{500D}\x{4EE5}\x{4E0A}\x{306B}\x{795E}\x{7D4C}\x{304C}\x{92ED}\x{654F}\x{306A}\x{306E}\x{304B}\x{3082}\x{77E5}\x{308C}\x{3093}\x{3002}\x{8D85}"
            text run at (230,0) width 208: "\x{4FD7}\x{306E}\x{559C}\x{3073}\x{3082}\x{3042}\x{308D}\x{3046}\x{304C}\x{3001}\x{7121}\x{91CF}\x{306E}"
          LayoutRuby (inline) {RUBY} at (0,0) size 18x28
            LayoutRubyRun (anonymous) at (227,204) size 24x36
              LayoutRubyText {RT} at (-9,0) size 14x36
                LayoutText {#text} at (2,0) size 10x36
                  text run at (2,0) width 36: "\x{304B}\x{306A}\x{3057}\x{307F}"
              LayoutRubyBase (anonymous) at (0,0) size 24x36
                LayoutInline {RB} at (0,0) size 18x16
                  LayoutText {#text} at (3,10) size 18x16
                    text run at (3,10) width 16: "\x{60B2}"
          LayoutText {#text} at (230,236) size 42x492
            text run at (230,236) width 256: "\x{3082}\x{591A}\x{304B}\x{308D}\x{3046}\x{3002}\x{305D}\x{3093}\x{306A}\x{3089}\x{3070}\x{8A69}\x{4EBA}\x{306B}\x{306A}\x{308B}"
            text run at (254,0) width 112: "\x{306E}\x{3082}\x{8003}\x{3048}\x{7269}\x{3060}\x{3002}"
          LayoutBR {BR} at (254,112) size 18x0
          LayoutText {#text} at (282,0) size 18x128
            text run at (282,0) width 128: "\x{3000}\x{3057}\x{3070}\x{3089}\x{304F}\x{306F}\x{8DEF}\x{304C}"
          LayoutRuby (inline) {RUBY} at (0,0) size 18x19
            LayoutRubyRun (anonymous) at (279,124) size 24x27
              LayoutRubyText {RT} at (-9,0) size 14x27
                LayoutText {#text} at (2,0) size 10x27
                  text run at (2,0) width 27: "\x{305F}\x{3044}\x{3089}"
              LayoutRubyBase (anonymous) at (0,0) size 24x27
                LayoutInline {RB} at (0,0) size 18x17
                  LayoutText {#text} at (3,5) size 18x17
                    text run at (3,5) width 16: "\x{5E73}"
          LayoutText {#text} at (282,147) size 18x64
            text run at (282,147) width 64: "\x{3067}\x{3001}\x{53F3}\x{306F}"
          LayoutRuby (inline) {RUBY} at (0,0) size 18x48
            LayoutRubyRun (anonymous) at (279,211) size 24x48
              LayoutRubyText {RT} at (-9,0) size 14x48
                LayoutText {#text} at (2,0) size 10x48
                  text run at (2,0) width 47: "\x{305E}\x{3046}\x{304D}\x{3084}\x{307E}"
              LayoutRubyBase (anonymous) at (0,0) size 24x48
                LayoutInline {RB} at (0,0) size 18x48
                  LayoutText {#text} at (3,0) size 18x48
                    text run at (3,0) width 48: "\x{96D1}\x{6728}\x{5C71}"
          LayoutText {#text} at (282,259) size 46x499
            text run at (282,259) width 240: "\x{3001}\x{5DE6}\x{306F}\x{83DC}\x{306E}\x{82B1}\x{306E}\x{898B}\x{3064}\x{3065}\x{3051}\x{3067}\x{3042}\x{308B}\x{3002}"
            text run at (310,0) width 96: "\x{8DB3}\x{306E}\x{4E0B}\x{306B}\x{6642}\x{3005}"
          LayoutRuby (inline) {RUBY} at (0,0) size 18x48
            LayoutRubyRun (anonymous) at (307,96) size 24x48
              LayoutRubyText {RT} at (-9,0) size 14x48
                LayoutText {#text} at (2,1) size 10x46
                  text run at (2,1) width 45: "\x{305F}\x{3093}\x{307D}\x{307D}"
              LayoutRubyBase (anonymous) at (0,0) size 24x48
                LayoutInline {RB} at (0,0) size 18x48
                  LayoutText {#text} at (3,0) size 18x48
                    text run at (3,0) width 48: "\x{84B2}\x{516C}\x{82F1}"
          LayoutText {#text} at (310,144) size 18x112
            text run at (310,144) width 112: "\x{3092}\x{8E0F}\x{307F}\x{3064}\x{3051}\x{308B}\x{3002}"
          LayoutRuby (inline) {RUBY} at (0,0) size 18x28
            LayoutRubyRun (anonymous) at (307,252) size 24x36
              LayoutRubyText {RT} at (-9,0) size 14x36
                LayoutText {#text} at (2,0) size 10x36
                  text run at (2,0) width 36: "\x{306E}\x{3053}\x{304E}\x{308A}"
              LayoutRubyBase (anonymous) at (0,0) size 24x36
                LayoutInline {RB} at (0,0) size 18x16
                  LayoutText {#text} at (3,10) size 18x16
                    text run at (3,10) width 16: "\x{92F8}"
          LayoutText {#text} at (310,284) size 46x492
            text run at (310,284) width 208: "\x{306E}\x{3088}\x{3046}\x{306A}\x{8449}\x{304C}\x{9060}\x{616E}\x{306A}\x{304F}\x{56DB}\x{65B9}\x{3078}"
            text run at (338,0) width 144: "\x{306E}\x{3057}\x{3066}\x{771F}\x{4E2D}\x{306B}\x{9EC4}\x{8272}\x{306A}"
          LayoutRuby (inline) {RUBY} at (0,0) size 18x16
            LayoutRubyRun (anonymous) at (335,143) size 24x18
              LayoutRubyText {RT} at (-9,0) size 14x18
                LayoutText {#text} at (2,0) size 10x18
                  text run at (2,0) width 18: "\x{305F}\x{307E}"
              LayoutRubyBase (anonymous) at (0,0) size 24x18
                LayoutInline {RB} at (0,0) size 18x16
                  LayoutText {#text} at (3,1) size 18x16
                    text run at (3,1) width 16: "\x{73E0}"
          LayoutText {#text} at (338,160) size 70x496
            text run at (338,160) width 336: "\x{3092}\x{64C1}\x{8B77}\x{3057}\x{3066}\x{3044}\x{308B}\x{3002}\x{83DC}\x{306E}\x{82B1}\x{306B}\x{6C17}\x{3092}\x{3068}\x{3089}\x{308C}\x{3066}\x{3001}\x{8E0F}\x{307F}"
            text run at (362,0) width 496: "\x{3064}\x{3051}\x{305F}\x{3042}\x{3068}\x{3067}\x{3001}\x{6C17}\x{306E}\x{6BD2}\x{306A}\x{4E8B}\x{3092}\x{3057}\x{305F}\x{3068}\x{3001}\x{632F}\x{308A}\x{5411}\x{3044}\x{3066}\x{898B}\x{308B}\x{3068}\x{3001}\x{9EC4}\x{8272}\x{306A}\x{73E0}\x{306F}"
            text run at (390,0) width 160: "\x{4F9D}\x{7136}\x{3068}\x{3057}\x{3066}\x{92F8}\x{306E}\x{306A}\x{304B}\x{306B}"
          LayoutRuby (inline) {RUBY} at (0,0) size 18x32
            LayoutRubyRun (anonymous) at (387,160) size 24x32
              LayoutRubyText {RT} at (-9,0) size 14x32
                LayoutText {#text} at (2,0) size 10x31
                  text run at (2,0) width 30: "\x{3061}\x{3093}\x{3056}"
              LayoutRubyBase (anonymous) at (0,0) size 24x32
                LayoutInline {RB} at (0,0) size 18x32
                  LayoutText {#text} at (3,0) size 18x32
                    text run at (3,0) width 32: "\x{93AE}\x{5EA7}"
          LayoutText {#text} at (390,192) size 18x80
            text run at (390,192) width 80: "\x{3057}\x{3066}\x{3044}\x{308B}\x{3002}"
          LayoutRuby (inline) {RUBY} at (0,0) size 18x32
            LayoutRubyRun (anonymous) at (387,272) size 24x32
              LayoutRubyText {RT} at (-9,0) size 14x32
                LayoutText {#text} at (2,0) size 10x31
                  text run at (2,0) width 30: "\x{306E}\x{3093}\x{304D}"
              LayoutRubyBase (anonymous) at (0,0) size 24x32
                LayoutInline {RB} at (0,0) size 18x32
                  LayoutText {#text} at (3,0) size 18x32
                    text run at (3,0) width 32: "\x{5451}\x{6C17}"
          LayoutText {#text} at (390,304) size 42x496
            text run at (390,304) width 192: "\x{306A}\x{3082}\x{306E}\x{3060}\x{3002}\x{307E}\x{305F}\x{8003}\x{3048}\x{3092}\x{3064}\x{3065}"
            text run at (414,0) width 48: "\x{3051}\x{308B}\x{3002}"
          LayoutBR {BR} at (414,48) size 18x0
          LayoutText {#text} at (442,0) size 18x64
            text run at (442,0) width 64: "\x{3000}\x{8A69}\x{4EBA}\x{306B}"
          LayoutRuby (inline) {RUBY} at (0,0) size 18x19
            LayoutRubyRun (anonymous) at (439,60) size 24x27
              LayoutRubyText {RT} at (-9,0) size 14x27
                LayoutText {#text} at (2,0) size 10x27
                  text run at (2,0) width 27: "\x{3046}\x{308C}\x{3044}"
              LayoutRubyBase (anonymous) at (0,0) size 24x27
                LayoutInline {RB} at (0,0) size 18x17
                  LayoutText {#text} at (3,5) size 18x17
                    text run at (3,5) width 16: "\x{6182}"
          LayoutText {#text} at (442,83) size 18x240
            text run at (442,83) width 240: "\x{306F}\x{3064}\x{304D}\x{3082}\x{306E}\x{304B}\x{3082}\x{77E5}\x{308C}\x{306A}\x{3044}\x{304C}\x{3001}\x{3042}\x{306E}"
          LayoutRuby (inline) {RUBY} at (0,0) size 18x32
            LayoutRubyRun (anonymous) at (439,323) size 24x32
              LayoutRubyText {RT} at (-9,0) size 14x32
                LayoutText {#text} at (2,0) size 10x31
                  text run at (2,0) width 30: "\x{3072}\x{3070}\x{308A}"
              LayoutRubyBase (anonymous) at (0,0) size 24x32
                LayoutInline {RB} at (0,0) size 18x32
                  LayoutText {#text} at (3,0) size 18x32
                    text run at (3,0) width 32: "\x{96F2}\x{96C0}"
          LayoutText {#text} at (442,355) size 18x144
            text run at (442,355) width 144: "\x{3092}\x{805E}\x{304F}\x{5FC3}\x{6301}\x{306B}\x{306A}\x{308C}\x{3070}"
          LayoutRuby (inline) {RUBY} at (0,0) size 18x32
            LayoutRubyRun (anonymous) at (467,0) size 24x32
              LayoutRubyText {RT} at (-9,0) size 14x32
                LayoutText {#text} at (2,0) size 10x31
                  text run at (2,0) width 30: "\x{307F}\x{3058}\x{3093}"
              LayoutRubyBase (anonymous) at (0,0) size 24x32
                LayoutInline {RB} at (0,0) size 18x32
                  LayoutText {#text} at (3,0) size 18x32
                    text run at (3,0) width 32: "\x{5FAE}\x{5875}"
          LayoutText {#text} at (470,32) size 18x16
            text run at (470,32) width 16: "\x{306E}"
          LayoutRuby (inline) {RUBY} at (0,0) size 18x16
            LayoutRubyRun (anonymous) at (467,48) size 24x16
              LayoutRubyText {RT} at (-9,0) size 14x16
                LayoutText {#text} at (2,3) size 10x10
                  text run at (2,3) width 9: "\x{304F}"
              LayoutRubyBase (anonymous) at (0,0) size 24x16
                LayoutInline {RB} at (0,0) size 18x16
                  LayoutText {#text} at (3,0) size 18x16
                    text run at (3,0) width 16: "\x{82E6}"
          LayoutText {#text} at (470,64) size 18x336
            text run at (470,64) width 336: "\x{3082}\x{306A}\x{3044}\x{3002}\x{83DC}\x{306E}\x{82B1}\x{3092}\x{898B}\x{3066}\x{3082}\x{3001}\x{305F}\x{3060}\x{3046}\x{308C}\x{3057}\x{304F}\x{3066}\x{80F8}\x{304C}"
          LayoutRuby (inline) {RUBY} at (0,0) size 18x16
            LayoutRubyRun (anonymous) at (467,399) size 24x18
              LayoutRubyText {RT} at (-9,0) size 14x18
                LayoutText {#text} at (2,0) size 10x18
                  text run at (2,0) width 18: "\x{304A}\x{3069}"
              LayoutRubyBase (anonymous) at (0,0) size 24x18
                LayoutInline {RB} at (0,0) size 18x16
                  LayoutText {#text} at (3,1) size 18x16
                    text run at (3,1) width 16: "\x{8E8D}"
          LayoutText {#text} at (470,416) size 70x496
            text run at (470,416) width 64: "\x{308B}\x{3070}\x{304B}\x{308A}"
            text run at (494,0) width 496: "\x{3060}\x{3002}\x{84B2}\x{516C}\x{82F1}\x{3082}\x{305D}\x{306E}\x{901A}\x{308A}\x{3001}\x{685C}\x{3082}\x{2015}\x{2015}\x{685C}\x{306F}\x{3044}\x{3064}\x{304B}\x{898B}\x{3048}\x{306A}\x{304F}\x{306A}\x{3063}\x{305F}\x{3002}\x{3053}\x{3046}\x{5C71}"
            text run at (522,0) width 128: "\x{306E}\x{4E2D}\x{3078}\x{6765}\x{3066}\x{81EA}\x{7136}\x{306E}"
          LayoutRuby (inline) {RUBY} at (0,0) size 18x34
            LayoutRubyRun (anonymous) at (519,127) size 24x36
              LayoutRubyText {RT} at (-9,0) size 14x36
                LayoutText {#text} at (2,0) size 10x36
                  text run at (2,0) width 36: "\x{3051}\x{3044}\x{3076}\x{3064}"
              LayoutRubyBase (anonymous) at (0,0) size 24x36
                LayoutInline {RB} at (0,0) size 18x34
                  LayoutText {#text} at (3,1) size 18x34
                    text run at (3,1) width 34: "\x{666F}\x{7269}"
          LayoutText {#text} at (522,162) size 46x498
            text run at (522,162) width 336: "\x{306B}\x{63A5}\x{3059}\x{308C}\x{3070}\x{3001}\x{898B}\x{308B}\x{3082}\x{306E}\x{3082}\x{805E}\x{304F}\x{3082}\x{306E}\x{3082}\x{9762}\x{767D}\x{3044}\x{3002}\x{9762}"
            text run at (550,0) width 384: "\x{767D}\x{3044}\x{3060}\x{3051}\x{3067}\x{5225}\x{6BB5}\x{306E}\x{82E6}\x{3057}\x{307F}\x{3082}\x{8D77}\x{3089}\x{306C}\x{3002}\x{8D77}\x{308B}\x{3068}\x{3059}\x{308C}\x{3070}\x{8DB3}\x{304C}"
          LayoutRuby (inline) {RUBY} at (0,0) size 18x32
            LayoutRubyRun (anonymous) at (547,384) size 24x32
              LayoutRubyText {RT} at (-9,0) size 14x32
                LayoutText {#text} at (2,0) size 10x31
                  text run at (2,0) width 30: "\x{304F}\x{305F}\x{3073}"
              LayoutRubyBase (anonymous) at (0,0) size 24x32
                LayoutInline {RB} at (0,0) size 18x32
                  LayoutText {#text} at (3,0) size 18x32
                    text run at (3,0) width 32: "\x{8349}\x{81E5}"
          LayoutText {#text} at (550,416) size 18x48
            text run at (550,416) width 48: "\x{308C}\x{3066}\x{3001}"
          LayoutRuby (inline) {RUBY} at (0,0) size 18x16
            LayoutRubyRun (anonymous) at (547,463) size 24x18
              LayoutRubyText {RT} at (-9,0) size 14x18
                LayoutText {#text} at (2,0) size 10x18
                  text run at (2,0) width 18: "\x{3046}\x{307E}"
              LayoutRubyBase (anonymous) at (0,0) size 24x18
                LayoutInline {RB} at (0,0) size 18x16
                  LayoutText {#text} at (3,1) size 18x16
                    text run at (3,1) width 16: "\x{65E8}"
          LayoutText {#text} at (550,480) size 42x496
            text run at (550,480) width 16: "\x{3044}"
            text run at (574,0) width 272: "\x{3082}\x{306E}\x{304C}\x{98DF}\x{3079}\x{3089}\x{308C}\x{306C}\x{304F}\x{3089}\x{3044}\x{306E}\x{4E8B}\x{3060}\x{308D}\x{3046}\x{3002}"
          LayoutBR {BR} at (574,272) size 18x0
          LayoutText {#text} at (602,0) size 18x416
            text run at (602,0) width 416: "\x{3000}\x{3057}\x{304B}\x{3057}\x{82E6}\x{3057}\x{307F}\x{306E}\x{306A}\x{3044}\x{306E}\x{306F}\x{306A}\x{305C}\x{3060}\x{308D}\x{3046}\x{3002}\x{305F}\x{3060}\x{3053}\x{306E}\x{666F}\x{8272}\x{3092}\x{4E00}"
          LayoutRuby (inline) {RUBY} at (0,0) size 18x16
            LayoutRubyRun (anonymous) at (599,415) size 24x18
              LayoutRubyText {RT} at (-9,0) size 14x18
                LayoutText {#text} at (2,0) size 10x18
                  text run at (2,0) width 18: "\x{3077}\x{304F}"
              LayoutRubyBase (anonymous) at (0,0) size 24x18
                LayoutInline {RB} at (0,0) size 18x16
                  LayoutText {#text} at (3,1) size 18x16
                    text run at (3,1) width 16: "\x{5E45}"
          LayoutText {#text} at (602,432) size 18x16
            text run at (602,432) width 16: "\x{306E}"
          LayoutRuby (inline) {RUBY} at (0,0) size 18x16
            LayoutRubyRun (anonymous) at (599,448) size 24x16
              LayoutRubyText {RT} at (-9,0) size 14x16
                LayoutText {#text} at (2,3) size 10x10
                  text run at (2,3) width 9: "\x{3048}"
              LayoutRubyBase (anonymous) at (0,0) size 24x16
                LayoutInline {RB} at (0,0) size 18x16
                  LayoutText {#text} at (3,0) size 18x16
                    text run at (3,0) width 16: "\x{753B}"
          LayoutText {#text} at (602,464) size 46x496
            text run at (602,464) width 32: "\x{3068}\x{3057}"
            text run at (630,0) width 16: "\x{3066}"
          LayoutRuby (inline) {RUBY} at (0,0) size 18x16
            LayoutRubyRun (anonymous) at (627,16) size 24x16
              LayoutRubyText {RT} at (-9,0) size 14x16
                LayoutText {#text} at (2,3) size 10x10
                  text run at (2,3) width 9: "\x{307F}"
              LayoutRubyBase (anonymous) at (0,0) size 24x16
                LayoutInline {RB} at (0,0) size 18x16
                  LayoutText {#text} at (3,0) size 18x16
                    text run at (3,0) width 16: "\x{89B3}"
          LayoutText {#text} at (630,32) size 18x32
            text run at (630,32) width 32: "\x{3001}\x{4E00}"
          LayoutRuby (inline) {RUBY} at (0,0) size 18x16
            LayoutRubyRun (anonymous) at (627,63) size 24x18
              LayoutRubyText {RT} at (-9,0) size 14x18
                LayoutText {#text} at (2,0) size 10x18
                  text run at (2,0) width 18: "\x{304B}\x{3093}"
              LayoutRubyBase (anonymous) at (0,0) size 24x18
                LayoutInline {RB} at (0,0) size 18x16
                  LayoutText {#text} at (3,1) size 18x16
                    text run at (3,1) width 16: "\x{5DFB}"
          LayoutText {#text} at (630,80) size 18x208
            text run at (630,80) width 208: "\x{306E}\x{8A69}\x{3068}\x{3057}\x{3066}\x{8AAD}\x{3080}\x{304B}\x{3089}\x{3067}\x{3042}\x{308B}\x{3002}"
          LayoutRuby (inline) {RUBY} at (0,0) size 18x16
            LayoutRubyRun (anonymous) at (627,288) size 24x16
              LayoutRubyText {RT} at (-9,0) size 14x16
                LayoutText {#text} at (2,3) size 10x10
                  text run at (2,3) width 9: "\x{304C}"
              LayoutRubyBase (anonymous) at (0,0) size 24x16
                LayoutInline {RB} at (0,0) size 18x16
                  LayoutText {#text} at (3,0) size 18x16
                    text run at (3,0) width 16: "\x{753B}"
          LayoutText {#text} at (630,304) size 18x160
            text run at (630,304) width 160: "\x{3067}\x{3042}\x{308A}\x{8A69}\x{3067}\x{3042}\x{308B}\x{4EE5}\x{4E0A}\x{306F}"
          LayoutRuby (inline) {RUBY} at (0,0) size 18x32
            LayoutRubyRun (anonymous) at (627,464) size 24x32
              LayoutRubyText {RT} at (-9,0) size 14x32
                LayoutText {#text} at (2,0) size 10x31
                  text run at (2,0) width 30: "\x{3058}\x{3081}\x{3093}"
              LayoutRubyBase (anonymous) at (0,0) size 24x32
                LayoutInline {RB} at (0,0) size 18x32
                  LayoutText {#text} at (3,0) size 18x32
                    text run at (3,0) width 32: "\x{5730}\x{9762}"
          LayoutText {#text} at (658,0) size 18x368
            text run at (658,0) width 368: "\x{3092}\x{8CB0}\x{3063}\x{3066}\x{3001}\x{958B}\x{62D3}\x{3059}\x{308B}\x{6C17}\x{306B}\x{3082}\x{306A}\x{3089}\x{306D}\x{3070}\x{3001}\x{9244}\x{9053}\x{3092}\x{304B}\x{3051}\x{3066}"
          LayoutRuby (inline) {RUBY} at (0,0) size 18x34
            LayoutRubyRun (anonymous) at (655,367) size 24x36
              LayoutRubyText {RT} at (-9,0) size 14x36
                LayoutText {#text} at (2,0) size 10x36
                  text run at (2,0) width 36: "\x{3072}\x{3068}\x{3082}\x{3046}"
              LayoutRubyBase (anonymous) at (0,0) size 24x36
                LayoutInline {RB} at (0,0) size 18x34
                  LayoutText {#text} at (3,1) size 18x34
                    text run at (3,1) width 34: "\x{4E00}\x{5132}"
          LayoutText {#text} at (658,402) size 18x48
            text run at (658,402) width 48: "\x{3051}\x{3059}\x{308B}"
          LayoutRuby (inline) {RUBY} at (0,0) size 18x42
            LayoutRubyRun (anonymous) at (655,447) size 24x45
              LayoutRubyText {RT} at (-9,0) size 14x45
                LayoutText {#text} at (2,0) size 10x45
                  text run at (2,0) width 45: "\x{308A}\x{3087}\x{3046}\x{3051}\x{3093}"
              LayoutRubyBase (anonymous) at (0,0) size 24x45
                LayoutInline {RB} at (0,0) size 18x39
                  LayoutText {#text} at (3,3) size 18x39
                    text run at (3,3) width 38: "\x{4E86}\x{898B}"
          LayoutText {#text} at (686,0) size 18x256
            text run at (686,0) width 256: "\x{3082}\x{8D77}\x{3089}\x{306C}\x{3002}\x{305F}\x{3060}\x{3053}\x{306E}\x{666F}\x{8272}\x{304C}\x{2015}\x{2015}\x{8179}\x{306E}"
          LayoutRuby (inline) {RUBY} at (0,0) size 18x16
            LayoutRubyRun (anonymous) at (683,256) size 24x16
              LayoutRubyText {RT} at (-9,0) size 14x16
                LayoutText {#text} at (2,3) size 10x10
                  text run at (2,3) width 9: "\x{305F}"
              LayoutRubyBase (anonymous) at (0,0) size 24x16
                LayoutInline {RB} at (0,0) size 18x16
                  LayoutText {#text} at (3,0) size 18x16
                    text run at (3,0) width 16: "\x{8DB3}"
          LayoutText {#text} at (686,272) size 70x496
            text run at (686,272) width 224: "\x{3057}\x{306B}\x{3082}\x{306A}\x{3089}\x{306C}\x{3001}\x{6708}\x{7D66}\x{306E}\x{88DC}\x{3044}\x{306B}\x{3082}"
            text run at (710,0) width 496: "\x{306A}\x{3089}\x{306C}\x{3053}\x{306E}\x{666F}\x{8272}\x{304C}\x{666F}\x{8272}\x{3068}\x{3057}\x{3066}\x{306E}\x{307F}\x{3001}\x{4F59}\x{304C}\x{5FC3}\x{3092}\x{697D}\x{307E}\x{305B}\x{3064}\x{3064}\x{3042}\x{308B}\x{304B}\x{3089}\x{82E6}\x{52B4}"
            text run at (738,0) width 64: "\x{3082}\x{5FC3}\x{914D}\x{3082}"
          LayoutRuby (inline) {RUBY} at (0,0) size 18x19
            LayoutRubyRun (anonymous) at (735,60) size 24x27
              LayoutRubyText {RT} at (-9,0) size 14x27
                LayoutText {#text} at (2,0) size 10x27
                  text run at (2,0) width 27: "\x{3068}\x{3082}\x{306A}"
              LayoutRubyBase (anonymous) at (0,0) size 24x27
                LayoutInline {RB} at (0,0) size 18x17
                  LayoutText {#text} at (3,5) size 18x17
                    text run at (3,5) width 16: "\x{4F34}"
          LayoutText {#text} at (738,83) size 18x288
            text run at (738,83) width 288: "\x{308F}\x{306C}\x{306E}\x{3060}\x{308D}\x{3046}\x{3002}\x{81EA}\x{7136}\x{306E}\x{529B}\x{306F}\x{3053}\x{3053}\x{306B}\x{304A}\x{3044}\x{3066}"
          LayoutRuby (inline) {RUBY} at (0,0) size 18x16
            LayoutRubyRun (anonymous) at (735,370) size 24x18
              LayoutRubyText {RT} at (-9,0) size 14x18
                LayoutText {#text} at (2,0) size 10x18
                  text run at (2,0) width 18: "\x{305F}\x{3063}"
              LayoutRubyBase (anonymous) at (0,0) size 24x18
                LayoutInline {RB} at (0,0) size 18x16
                  LayoutText {#text} at (3,1) size 18x16
                    text run at (3,1) width 16: "\x{5C0A}"
          LayoutText {#text} at (738,387) size 46x499
            text run at (738,387) width 112: "\x{3068}\x{3044}\x{3002}\x{543E}\x{4EBA}\x{306E}\x{6027}"
            text run at (766,0) width 80: "\x{60C5}\x{3092}\x{77AC}\x{523B}\x{306B}"
          LayoutRuby (inline) {RUBY} at (0,0) size 18x32
            LayoutRubyRun (anonymous) at (763,80) size 24x32
              LayoutRubyText {RT} at (-9,0) size 14x32
                LayoutText {#text} at (2,0) size 10x31
                  text run at (2,0) width 30: "\x{3068}\x{3046}\x{3084}"
              LayoutRubyBase (anonymous) at (0,0) size 24x32
                LayoutInline {RB} at (0,0) size 18x32
                  LayoutText {#text} at (3,0) size 18x32
                    text run at (3,0) width 32: "\x{9676}\x{51B6}"
          LayoutText {#text} at (766,112) size 18x32
            text run at (766,112) width 32: "\x{3057}\x{3066}"
          LayoutRuby (inline) {RUBY} at (0,0) size 18x34
            LayoutRubyRun (anonymous) at (763,143) size 24x36
              LayoutRubyText {RT} at (-9,0) size 14x36
                LayoutText {#text} at (2,0) size 10x36
                  text run at (2,0) width 36: "\x{3058}\x{3085}\x{3093}\x{3053}"
              LayoutRubyBase (anonymous) at (0,0) size 24x36
                LayoutInline {RB} at (0,0) size 18x34
                  LayoutText {#text} at (3,1) size 18x34
                    text run at (3,1) width 34: "\x{9187}\x{4E4E}"
          LayoutText {#text} at (766,178) size 42x498
            text run at (766,178) width 320: "\x{3068}\x{3057}\x{3066}\x{9187}\x{306A}\x{308B}\x{8A69}\x{5883}\x{306B}\x{5165}\x{3089}\x{3057}\x{3080}\x{308B}\x{306E}\x{306F}\x{81EA}\x{7136}\x{3067}\x{3042}"
            text run at (790,0) width 32: "\x{308B}\x{3002}"
          LayoutBR {BR} at (790,32) size 18x0
          LayoutText {#text} at (814,0) size 46x496
            text run at (814,0) width 496: "\x{3000}\x{604B}\x{306F}\x{3046}\x{3064}\x{304F}\x{3057}\x{304B}\x{308D}\x{3001}\x{5B5D}\x{3082}\x{3046}\x{3064}\x{304F}\x{3057}\x{304B}\x{308D}\x{3001}\x{5FE0}\x{541B}\x{611B}\x{56FD}\x{3082}\x{7D50}\x{69CB}\x{3060}\x{308D}\x{3046}\x{3002}\x{3057}"
            text run at (842,0) width 112: "\x{304B}\x{3057}\x{81EA}\x{8EAB}\x{304C}\x{305D}\x{306E}"
          LayoutRuby (inline) {RUBY} at (0,0) size 18x19
            LayoutRubyRun (anonymous) at (839,108) size 24x27
              LayoutRubyText {RT} at (-9,0) size 14x27
                LayoutText {#text} at (2,0) size 10x27
                  text run at (2,0) width 27: "\x{304D}\x{3087}\x{304F}"
              LayoutRubyBase (anonymous) at (0,0) size 24x27
                LayoutInline {RB} at (0,0) size 18x17
                  LayoutText {#text} at (3,5) size 18x17
                    text run at (3,5) width 16: "\x{5C40}"
          LayoutText {#text} at (842,131) size 18x112
            text run at (842,131) width 112: "\x{306B}\x{5F53}\x{308C}\x{3070}\x{5229}\x{5BB3}\x{306E}"
          LayoutRuby (inline) {RUBY} at (0,0) size 18x32
            LayoutRubyRun (anonymous) at (839,243) size 24x32
              LayoutRubyText {RT} at (-9,0) size 14x32
                LayoutText {#text} at (2,0) size 10x31
                  text run at (2,0) width 30: "\x{3064}\x{3080}\x{3058}"
              LayoutRubyBase (anonymous) at (0,0) size 24x32
                LayoutInline {RB} at (0,0) size 18x32
                  LayoutText {#text} at (3,0) size 18x32
                    text run at (3,0) width 32: "\x{65CB}\x{98A8}"
          LayoutText {#text} at (842,275) size 18x16
            text run at (842,275) width 16: "\x{306B}"
          LayoutRuby (inline) {RUBY} at (0,0) size 18x16
            LayoutRubyRun (anonymous) at (839,291) size 24x16
              LayoutRubyText {RT} at (-9,0) size 14x16
                LayoutText {#text} at (2,3) size 10x10
                  text run at (2,3) width 9: "\x{307E}"
              LayoutRubyBase (anonymous) at (0,0) size 24x16
                LayoutInline {RB} at (0,0) size 18x16
                  LayoutText {#text} at (3,0) size 18x16
                    text run at (3,0) width 16: "\x{6372}"
          LayoutText {#text} at (842,307) size 46x499
            text run at (842,307) width 192: "\x{304D}\x{8FBC}\x{307E}\x{308C}\x{3066}\x{3001}\x{3046}\x{3064}\x{304F}\x{3057}\x{304D}\x{4E8B}"
            text run at (870,0) width 192: "\x{306B}\x{3082}\x{3001}\x{7D50}\x{69CB}\x{306A}\x{4E8B}\x{306B}\x{3082}\x{3001}\x{76EE}\x{306F}"
          LayoutRuby (inline) {RUBY} at (0,0) size 18x16
            LayoutRubyRun (anonymous) at (867,191) size 24x18
              LayoutRubyText {RT} at (-9,0) size 14x18
                LayoutText {#text} at (2,0) size 10x18
                  text run at (2,0) width 18: "\x{304F}\x{3089}"
              LayoutRubyBase (anonymous) at (0,0) size 24x18
                LayoutInline {RB} at (0,0) size 18x16
                  LayoutText {#text} at (3,1) size 18x16
                    text run at (3,1) width 16: "\x{7729}"
          LayoutText {#text} at (870,208) size 46x496
            text run at (870,208) width 288: "\x{3093}\x{3067}\x{3057}\x{307E}\x{3046}\x{3002}\x{3057}\x{305F}\x{304C}\x{3063}\x{3066}\x{3069}\x{3053}\x{306B}\x{8A69}\x{304C}\x{3042}\x{308B}"
            text run at (898,0) width 80: "\x{304B}\x{81EA}\x{8EAB}\x{306B}\x{306F}"
          LayoutRuby (inline) {RUBY} at (0,0) size 18x16
            LayoutRubyRun (anonymous) at (895,80) size 24x16
              LayoutRubyText {RT} at (-9,0) size 14x16
                LayoutText {#text} at (2,3) size 10x10
                  text run at (2,3) width 9: "\x{3052}"
              LayoutRubyBase (anonymous) at (0,0) size 24x16
                LayoutInline {RB} at (0,0) size 18x16
                  LayoutText {#text} at (3,0) size 18x16
                    text run at (3,0) width 16: "\x{89E3}"
          LayoutText {#text} at (898,96) size 18x80
            text run at (898,96) width 80: "\x{3057}\x{304B}\x{306D}\x{308B}\x{3002}"
          LayoutBR {BR} at (898,176) size 18x0
          LayoutText {#text} at (922,0) size 46x496
            text run at (922,0) width 496: "\x{3000}\x{3053}\x{308C}\x{304C}\x{308F}\x{304B}\x{308B}\x{305F}\x{3081}\x{306B}\x{306F}\x{3001}\x{308F}\x{304B}\x{308B}\x{3060}\x{3051}\x{306E}\x{4F59}\x{88D5}\x{306E}\x{3042}\x{308B}\x{7B2C}\x{4E09}\x{8005}\x{306E}\x{5730}\x{4F4D}\x{306B}\x{7ACB}"
            text run at (950,0) width 336: "\x{305F}\x{306D}\x{3070}\x{306A}\x{3089}\x{306C}\x{3002}\x{4E09}\x{8005}\x{306E}\x{5730}\x{4F4D}\x{306B}\x{7ACB}\x{3066}\x{3070}\x{3053}\x{305D}\x{829D}\x{5C45}\x{306F}"
          LayoutRuby (inline) {RUBY} at (0,0) size 18x16
            LayoutRubyRun (anonymous) at (947,336) size 24x16
              LayoutRubyText {RT} at (-9,0) size 14x16
                LayoutText {#text} at (2,3) size 10x10
                  text run at (2,3) width 9: "\x{307F}"
              LayoutRubyBase (anonymous) at (0,0) size 24x16
                LayoutInline {RB} at (0,0) size 18x16
                  LayoutText {#text} at (3,0) size 18x16
                    text run at (3,0) width 16: "\x{89B3}"
          LayoutText {#text} at (950,352) size 70x496
            text run at (950,352) width 144: "\x{3066}\x{9762}\x{767D}\x{3044}\x{3002}\x{5C0F}\x{8AAC}\x{3082}\x{898B}"
            text run at (974,0) width 496: "\x{3066}\x{9762}\x{767D}\x{3044}\x{3002}\x{829D}\x{5C45}\x{3092}\x{898B}\x{3066}\x{9762}\x{767D}\x{3044}\x{4EBA}\x{3082}\x{3001}\x{5C0F}\x{8AAC}\x{3092}\x{8AAD}\x{3093}\x{3067}\x{9762}\x{767D}\x{3044}\x{4EBA}\x{3082}\x{3001}\x{81EA}\x{5DF1}\x{306E}"
            text run at (1002,0) width 48: "\x{5229}\x{5BB3}\x{306F}"
          LayoutRuby (inline) {RUBY} at (0,0) size 18x16
            LayoutRubyRun (anonymous) at (999,47) size 24x18
              LayoutRubyText {RT} at (-9,0) size 14x18
                LayoutText {#text} at (2,0) size 10x18
                  text run at (2,0) width 18: "\x{305F}\x{306A}"
              LayoutRubyBase (anonymous) at (0,0) size 24x18
                LayoutInline {RB} at (0,0) size 18x16
                  LayoutText {#text} at (3,1) size 18x16
                    text run at (3,1) width 16: "\x{68DA}"
          LayoutText {#text} at (1002,64) size 18x416
            text run at (1002,64) width 416: "\x{3078}\x{4E0A}\x{3052}\x{3066}\x{3044}\x{308B}\x{3002}\x{898B}\x{305F}\x{308A}\x{8AAD}\x{3093}\x{3060}\x{308A}\x{3059}\x{308B}\x{9593}\x{3060}\x{3051}\x{306F}\x{8A69}\x{4EBA}\x{3067}\x{3042}\x{308B}\x{3002}"
          LayoutBR {BR} at (1002,480) size 18x0
          LayoutText {#text} at (1030,0) size 18x304
            text run at (1030,0) width 304: "\x{3000}\x{305D}\x{308C}\x{3059}\x{3089}\x{3001}\x{666E}\x{901A}\x{306E}\x{829D}\x{5C45}\x{3084}\x{5C0F}\x{8AAC}\x{3067}\x{306F}\x{4EBA}\x{60C5}\x{3092}"
          LayoutRuby (inline) {RUBY} at (0,0) size 18x16
            LayoutRubyRun (anonymous) at (1027,303) size 24x18
              LayoutRubyText {RT} at (-9,0) size 14x18
                LayoutText {#text} at (2,0) size 10x18
                  text run at (2,0) width 18: "\x{307E}\x{306C}"
              LayoutRubyBase (anonymous) at (0,0) size 24x18
                LayoutInline {RB} at (0,0) size 18x16
                  LayoutText {#text} at (3,1) size 18x16
                    text run at (3,1) width 16: "\x{514D}"
          LayoutText {#text} at (1030,320) size 70x496
            text run at (1030,320) width 176: "\x{304B}\x{308C}\x{306C}\x{3002}\x{82E6}\x{3057}\x{3093}\x{3060}\x{308A}\x{3001}\x{6012}"
            text run at (1054,0) width 496: "\x{3063}\x{305F}\x{308A}\x{3001}\x{9A12}\x{3044}\x{3060}\x{308A}\x{3001}\x{6CE3}\x{3044}\x{305F}\x{308A}\x{3059}\x{308B}\x{3002}\x{898B}\x{308B}\x{3082}\x{306E}\x{3082}\x{3044}\x{3064}\x{304B}\x{305D}\x{306E}\x{4E2D}\x{306B}\x{540C}\x{5316}\x{3057}"
            text run at (1082,0) width 384: "\x{3066}\x{82E6}\x{3057}\x{3093}\x{3060}\x{308A}\x{3001}\x{6012}\x{3063}\x{305F}\x{308A}\x{3001}\x{9A12}\x{3044}\x{3060}\x{308A}\x{3001}\x{6CE3}\x{3044}\x{305F}\x{308A}\x{3059}\x{308B}\x{3002}"
          LayoutRuby (inline) {RUBY} at (0,0) size 18x32
            LayoutRubyRun (anonymous) at (1079,384) size 24x32
              LayoutRubyText {RT} at (-9,0) size 14x32
                LayoutText {#text} at (2,0) size 10x31
                  text run at (2,0) width 30: "\x{3068}\x{308A}\x{3048}"
              LayoutRubyBase (anonymous) at (0,0) size 24x32
                LayoutInline {RB} at (0,0) size 18x32
                  LayoutText {#text} at (3,0) size 18x32
                    text run at (3,0) width 32: "\x{53D6}\x{67C4}"
          LayoutText {#text} at (1082,416) size 18x64
            text run at (1082,416) width 64: "\x{306F}\x{5229}\x{617E}\x{304C}"
          LayoutRuby (inline) {RUBY} at (0,0) size 18x17
            LayoutRubyRun (anonymous) at (1079,479) size 24x18
              LayoutRubyText {RT} at (-9,0) size 14x18
                LayoutText {#text} at (2,0) size 10x18
                  text run at (2,0) width 18: "\x{307E}\x{3058}"
              LayoutRubyBase (anonymous) at (0,0) size 24x18
                LayoutInline {RB} at (0,0) size 18x16
                  LayoutText {#text} at (3,1) size 18x16
                    text run at (3,1) width 16: "\x{4EA4}"
          LayoutText {#text} at (1110,0) size 18x112
            text run at (1110,0) width 112: "\x{3089}\x{306C}\x{3068}\x{4E91}\x{3046}\x{70B9}\x{306B}"
          LayoutRuby (inline) {RUBY} at (0,0) size 18x16
            LayoutRubyRun (anonymous) at (1107,111) size 24x18
              LayoutRubyText {RT} at (-9,0) size 14x18
                LayoutText {#text} at (2,0) size 10x18
                  text run at (2,0) width 18: "\x{305D}\x{3093}"
              LayoutRubyBase (anonymous) at (0,0) size 24x18
                LayoutInline {RB} at (0,0) size 18x16
                  LayoutText {#text} at (3,1) size 18x16
                    text run at (3,1) width 16: "\x{5B58}"
          LayoutText {#text} at (1110,128) size 18x304
            text run at (1110,128) width 304: "\x{3059}\x{308B}\x{304B}\x{3082}\x{77E5}\x{308C}\x{306C}\x{304C}\x{3001}\x{4EA4}\x{3089}\x{306C}\x{3060}\x{3051}\x{306B}\x{305D}\x{306E}\x{4ED6}\x{306E}"
          LayoutRuby (inline) {RUBY} at (0,0) size 18x39
            LayoutRubyRun (anonymous) at (1107,429) size 24x45
              LayoutRubyText {RT} at (-9,0) size 14x45
                LayoutText {#text} at (2,0) size 10x45
                  text run at (2,0) width 45: "\x{3058}\x{3087}\x{3046}\x{3057}\x{3087}"
              LayoutRubyBase (anonymous) at (0,0) size 24x45
                LayoutInline {RB} at (0,0) size 18x39
                  LayoutText {#text} at (3,3) size 18x39
                    text run at (3,3) width 38: "\x{60C5}\x{7DD2}"
          LayoutText {#text} at (1110,471) size 46x503
            text run at (1110,471) width 32: "\x{306F}\x{5E38}"
            text run at (1138,0) width 272: "\x{3088}\x{308A}\x{306F}\x{4F59}\x{8A08}\x{306B}\x{6D3B}\x{52D5}\x{3059}\x{308B}\x{3060}\x{308D}\x{3046}\x{3002}\x{305D}\x{308C}\x{304C}"
          LayoutRuby (inline) {RUBY} at (0,0) size 18x16
            LayoutRubyRun (anonymous) at (1135,271) size 24x18
              LayoutRubyText {RT} at (-9,0) size 14x18
                LayoutText {#text} at (2,0) size 10x18
                  text run at (2,0) width 18: "\x{3044}\x{3084}"
              LayoutRubyBase (anonymous) at (0,0) size 24x18
                LayoutInline {RB} at (0,0) size 18x16
                  LayoutText {#text} at (3,1) size 18x16
                    text run at (3,1) width 16: "\x{5ACC}"
          LayoutText {#text} at (1138,288) size 18x32
            text run at (1138,288) width 32: "\x{3060}\x{3002}"
          LayoutBR {BR} at (1138,320) size 18x0
          LayoutText {#text} at (1162,0) size 46x480
            text run at (1162,0) width 480: "\x{3000}\x{82E6}\x{3057}\x{3093}\x{3060}\x{308A}\x{3001}\x{6012}\x{3063}\x{305F}\x{308A}\x{3001}\x{9A12}\x{3044}\x{3060}\x{308A}\x{3001}\x{6CE3}\x{3044}\x{305F}\x{308A}\x{306F}\x{4EBA}\x{306E}\x{4E16}\x{306B}\x{3064}\x{304D}\x{3082}\x{306E}"
            text run at (1190,0) width 192: "\x{3060}\x{3002}\x{4F59}\x{3082}\x{4E09}\x{5341}\x{5E74}\x{306E}\x{9593}\x{305D}\x{308C}\x{3092}"
          LayoutRuby (inline) {RUBY} at (0,0) size 18x32
            LayoutRubyRun (anonymous) at (1187,192) size 24x32
              LayoutRubyText {RT} at (-9,0) size 14x32
                LayoutText {#text} at (2,0) size 10x31
                  text run at (2,0) width 30: "\x{3057}\x{3068}\x{304A}"
              LayoutRubyBase (anonymous) at (0,0) size 24x32
                LayoutInline {RB} at (0,0) size 18x32
                  LayoutText {#text} at (3,0) size 18x32
                    text run at (3,0) width 32: "\x{4ED5}\x{901A}"
          LayoutText {#text} at (1190,224) size 18x48
            text run at (1190,224) width 48: "\x{3057}\x{3066}\x{3001}"
          LayoutRuby (inline) {RUBY} at (0,0) size 18x34
            LayoutRubyRun (anonymous) at (1187,271) size 24x36
              LayoutRubyText {RT} at (-9,0) size 14x36
                LayoutText {#text} at (2,0) size 10x36
                  text run at (2,0) width 36: "\x{3042}\x{304D}\x{3042}\x{304D}"
              LayoutRubyBase (anonymous) at (0,0) size 24x36
                LayoutInline {RB} at (0,0) size 18x34
                  LayoutText {#text} at (3,1) size 18x34
                    text run at (3,1) width 34: "\x{98FD}\x{3005}"
          LayoutText {#text} at (1190,306) size 18x48
            text run at (1190,306) width 48: "\x{3057}\x{305F}\x{3002}"
          LayoutRuby (inline) {RUBY} at (0,0) size 18x16
            LayoutRubyRun (anonymous) at (1187,354) size 24x16
              LayoutRubyText {RT} at (-9,0) size 14x16
                LayoutText {#text} at (2,3) size 10x10
                  text run at (2,3) width 9: "\x{3042}"
              LayoutRubyBase (anonymous) at (0,0) size 24x16
                LayoutInline {RB} at (0,0) size 18x16
                  LayoutText {#text} at (3,0) size 18x16
                    text run at (3,0) width 16: "\x{98FD}"
          LayoutText {#text} at (1190,370) size 70x498
            text run at (1190,370) width 128: "\x{304D}\x{98FD}\x{304D}\x{3057}\x{305F}\x{4E0A}\x{306B}\x{829D}"
            text run at (1214,0) width 496: "\x{5C45}\x{3084}\x{5C0F}\x{8AAC}\x{3067}\x{540C}\x{3058}\x{523A}\x{6FC0}\x{3092}\x{7E70}\x{308A}\x{8FD4}\x{3057}\x{3066}\x{306F}\x{5927}\x{5909}\x{3060}\x{3002}\x{4F59}\x{304C}\x{6B32}\x{3059}\x{308B}\x{8A69}\x{306F}\x{305D}\x{3093}\x{306A}\x{4E16}"
            text run at (1242,0) width 96: "\x{9593}\x{7684}\x{306E}\x{4EBA}\x{60C5}\x{3092}"
          LayoutRuby (inline) {RUBY} at (0,0) size 18x32
            LayoutRubyRun (anonymous) at (1239,96) size 24x32
              LayoutRubyText {RT} at (-9,0) size 14x32
                LayoutText {#text} at (2,3) size 10x26
                  text run at (2,3) width 25: "\x{3053}\x{3076}"
              LayoutRubyBase (anonymous) at (0,0) size 24x32
                LayoutInline {RB} at (0,0) size 18x32
                  LayoutText {#text} at (3,0) size 18x32
                    text run at (3,0) width 32: "\x{9F13}\x{821E}"
          LayoutText {#text} at (1242,128) size 46x496
            text run at (1242,128) width 368: "\x{3059}\x{308B}\x{3088}\x{3046}\x{306A}\x{3082}\x{306E}\x{3067}\x{306F}\x{306A}\x{3044}\x{3002}\x{4FD7}\x{5FF5}\x{3092}\x{653E}\x{68C4}\x{3057}\x{3066}\x{3001}\x{3057}\x{3070}\x{3089}"
            text run at (1270,0) width 48: "\x{304F}\x{3067}\x{3082}"
          LayoutRuby (inline) {RUBY} at (0,0) size 18x34
            LayoutRubyRun (anonymous) at (1267,47) size 24x36
              LayoutRubyText {RT} at (-9,0) size 14x36
                LayoutText {#text} at (2,0) size 10x36
                  text run at (2,0) width 36: "\x{3058}\x{3093}\x{304B}\x{3044}"
              LayoutRubyBase (anonymous) at (0,0) size 24x36
                LayoutInline {RB} at (0,0) size 18x34
                  LayoutText {#text} at (3,1) size 18x34
                    text run at (3,1) width 34: "\x{5875}\x{754C}"
          LayoutText {#text} at (1270,82) size 94x498
            text run at (1270,82) width 416: "\x{3092}\x{96E2}\x{308C}\x{305F}\x{5FC3}\x{6301}\x{3061}\x{306B}\x{306A}\x{308C}\x{308B}\x{8A69}\x{3067}\x{3042}\x{308B}\x{3002}\x{3044}\x{304F}\x{3089}\x{5091}\x{4F5C}\x{3067}\x{3082}\x{4EBA}\x{60C5}\x{3092}"
            text run at (1294,0) width 496: "\x{96E2}\x{308C}\x{305F}\x{829D}\x{5C45}\x{306F}\x{306A}\x{3044}\x{3001}\x{7406}\x{975E}\x{3092}\x{7D76}\x{3057}\x{305F}\x{5C0F}\x{8AAC}\x{306F}\x{5C11}\x{304B}\x{308D}\x{3046}\x{3002}\x{3069}\x{3053}\x{307E}\x{3067}\x{3082}\x{4E16}\x{9593}\x{3092}"
            text run at (1318,0) width 496: "\x{51FA}\x{308B}\x{4E8B}\x{304C}\x{51FA}\x{6765}\x{306C}\x{306E}\x{304C}\x{5F7C}\x{3089}\x{306E}\x{7279}\x{8272}\x{3067}\x{3042}\x{308B}\x{3002}\x{3053}\x{3068}\x{306B}\x{897F}\x{6D0B}\x{306E}\x{8A69}\x{306B}\x{306A}\x{308B}\x{3068}\x{3001}\x{4EBA}"
            text run at (1346,0) width 208: "\x{4E8B}\x{304C}\x{6839}\x{672C}\x{306B}\x{306A}\x{308B}\x{304B}\x{3089}\x{3044}\x{308F}\x{3086}\x{308B}"
          LayoutRuby (inline) {RUBY} at (0,0) size 18x32
            LayoutRubyRun (anonymous) at (1343,208) size 24x32
              LayoutRubyText {RT} at (-9,0) size 14x32
                LayoutText {#text} at (2,0) size 10x31
                  text run at (2,0) width 30: "\x{3057}\x{3044}\x{304B}"
              LayoutRubyBase (anonymous) at (0,0) size 24x32
                LayoutInline {RB} at (0,0) size 18x32
                  LayoutText {#text} at (3,0) size 18x32
                    text run at (3,0) width 32: "\x{8A69}\x{6B4C}"
          LayoutText {#text} at (1346,240) size 18x160
            text run at (1346,240) width 160: "\x{306E}\x{7D14}\x{7C8B}\x{306A}\x{308B}\x{3082}\x{306E}\x{3082}\x{3053}\x{306E}"
          LayoutRuby (inline) {RUBY} at (0,0) size 18x19
            LayoutRubyRun (anonymous) at (1343,396) size 24x27
              LayoutRubyText {RT} at (-9,0) size 14x27
                LayoutText {#text} at (2,0) size 10x27
                  text run at (2,0) width 27: "\x{304D}\x{3087}\x{3046}"
              LayoutRubyBase (anonymous) at (0,0) size 24x27
                LayoutInline {RB} at (0,0) size 18x17
                  LayoutText {#text} at (3,5) size 18x17
                    text run at (3,5) width 16: "\x{5883}"
          LayoutText {#text} at (1346,419) size 18x16
            text run at (1346,419) width 16: "\x{3092}"
          LayoutRuby (inline) {RUBY} at (0,0) size 18x32
            LayoutRubyRun (anonymous) at (1343,435) size 24x32
              LayoutRubyText {RT} at (-9,0) size 14x32
                LayoutText {#text} at (2,0) size 10x31
                  text run at (2,0) width 30: "\x{3052}\x{3060}\x{3064}"
              LayoutRubyBase (anonymous) at (0,0) size 24x32
                LayoutInline {RB} at (0,0) size 18x32
                  LayoutText {#text} at (3,0) size 18x32
                    text run at (3,0) width 32: "\x{89E3}\x{8131}"
          LayoutText {#text} at (1346,467) size 70x499
            text run at (1346,467) width 32: "\x{3059}\x{308B}"
            text run at (1370,0) width 496: "\x{4E8B}\x{3092}\x{77E5}\x{3089}\x{306C}\x{3002}\x{3069}\x{3053}\x{307E}\x{3067}\x{3082}\x{540C}\x{60C5}\x{3060}\x{3068}\x{304B}\x{3001}\x{611B}\x{3060}\x{3068}\x{304B}\x{3001}\x{6B63}\x{7FA9}\x{3060}\x{3068}\x{304B}\x{3001}\x{81EA}\x{7531}\x{3060}"
            text run at (1398,0) width 48: "\x{3068}\x{304B}\x{3001}"
          LayoutRuby (inline) {RUBY} at (0,0) size 18x32
            LayoutRubyRun (anonymous) at (1395,48) size 24x32
              LayoutRubyText {RT} at (-9,0) size 14x32
                LayoutText {#text} at (2,0) size 10x31
                  text run at (2,0) width 30: "\x{3046}\x{304D}\x{3088}"
              LayoutRubyBase (anonymous) at (0,0) size 24x32
                LayoutInline {RB} at (0,0) size 18x32
                  LayoutText {#text} at (3,0) size 18x32
                    text run at (3,0) width 32: "\x{6D6E}\x{4E16}"
          LayoutText {#text} at (1398,80) size 18x16
            text run at (1398,80) width 16: "\x{306E}"
          LayoutRuby (inline) {RUBY} at (0,0) size 18x48
            LayoutRubyRun (anonymous) at (1395,96) size 24x48
              LayoutRubyText {RT} at (-9,0) size 14x48
                LayoutText {#text} at (2,0) size 10x48
                  text run at (2,0) width 47: "\x{304B}\x{3093}\x{3053}\x{3046}\x{3070}"
              LayoutRubyBase (anonymous) at (0,0) size 24x48
                LayoutInline {RB} at (0,0) size 18x48
                  LayoutText {#text} at (3,0) size 18x48
                    text run at (3,0) width 48: "\x{52E7}\x{5DE5}\x{5834}"
          LayoutText {#text} at (1398,144) size 18x160
            text run at (1398,144) width 160: "\x{306B}\x{3042}\x{308B}\x{3082}\x{306E}\x{3060}\x{3051}\x{3067}\x{7528}\x{3092}"
          LayoutRuby (inline) {RUBY} at (0,0) size 18x16
            LayoutRubyRun (anonymous) at (1395,303) size 24x18
              LayoutRubyText {RT} at (-9,0) size 14x18
                LayoutText {#text} at (2,0) size 10x18
                  text run at (2,0) width 18: "\x{3079}\x{3093}"
              LayoutRubyBase (anonymous) at (0,0) size 24x18
                LayoutInline {RB} at (0,0) size 18x16
                  LayoutText {#text} at (3,1) size 18x16
                    text run at (3,1) width 16: "\x{5F01}"
          LayoutText {#text} at (1398,320) size 46x496
            text run at (1398,320) width 176: "\x{3058}\x{3066}\x{3044}\x{308B}\x{3002}\x{3044}\x{304F}\x{3089}\x{8A69}\x{7684}\x{306B}"
            text run at (1426,0) width 144: "\x{306A}\x{3063}\x{3066}\x{3082}\x{5730}\x{9762}\x{306E}\x{4E0A}\x{3092}"
          LayoutRuby (inline) {RUBY} at (0,0) size 18x16
            LayoutRubyRun (anonymous) at (1423,144) size 24x16
              LayoutRubyText {RT} at (-9,0) size 14x16
                LayoutText {#text} at (2,3) size 10x10
                  text run at (2,3) width 9: "\x{304B}"
              LayoutRubyBase (anonymous) at (0,0) size 24x16
                LayoutInline {RB} at (0,0) size 18x16
                  LayoutText {#text} at (3,0) size 18x16
                    text run at (3,0) width 16: "\x{99B3}"
          LayoutText {#text} at (1426,160) size 18x112
            text run at (1426,160) width 112: "\x{3051}\x{3066}\x{3042}\x{308B}\x{3044}\x{3066}\x{3001}"
          LayoutRuby (inline) {RUBY} at (0,0) size 18x16
            LayoutRubyRun (anonymous) at (1423,271) size 24x18
              LayoutRubyText {RT} at (-9,0) size 14x18
                LayoutText {#text} at (2,0) size 10x18
                  text run at (2,0) width 18: "\x{305C}\x{306B}"
              LayoutRubyBase (anonymous) at (0,0) size 24x18
                LayoutInline {RB} at (0,0) size 18x16
                  LayoutText {#text} at (3,1) size 18x16
                    text run at (3,1) width 16: "\x{92AD}"
          LayoutText {#text} at (1426,288) size 46x496
            text run at (1426,288) width 208: "\x{306E}\x{52D8}\x{5B9A}\x{3092}\x{5FD8}\x{308C}\x{308B}\x{3072}\x{307E}\x{304C}\x{306A}\x{3044}\x{3002}"
            text run at (1454,0) width 80: "\x{30B7}\x{30A7}\x{30EC}\x{30FC}\x{304C}"
          LayoutRuby (inline) {RUBY} at (0,0) size 18x32
            LayoutRubyRun (anonymous) at (1451,80) size 24x32
              LayoutRubyText {RT} at (-9,0) size 14x32
                LayoutText {#text} at (2,0) size 10x31
                  text run at (2,0) width 30: "\x{3072}\x{3070}\x{308A}"
              LayoutRubyBase (anonymous) at (0,0) size 24x32
                LayoutInline {RB} at (0,0) size 18x32
                  LayoutText {#text} at (3,0) size 18x32
                    text run at (3,0) width 32: "\x{96F2}\x{96C0}"
          LayoutText {#text} at (1454,112) size 18x256
            text run at (1454,112) width 256: "\x{3092}\x{805E}\x{3044}\x{3066}\x{5606}\x{606F}\x{3057}\x{305F}\x{306E}\x{3082}\x{7121}\x{7406}\x{306F}\x{306A}\x{3044}\x{3002}"
          LayoutBR {BR} at (1454,368) size 18x0
          LayoutText {#text} at (1482,0) size 18x160
            text run at (1482,0) width 160: "\x{3000}\x{3046}\x{308C}\x{3057}\x{3044}\x{4E8B}\x{306B}\x{6771}\x{6D0B}\x{306E}"
          LayoutRuby (inline) {RUBY} at (0,0) size 18x32
            LayoutRubyRun (anonymous) at (1479,160) size 24x32
              LayoutRubyText {RT} at (-9,0) size 14x32
                LayoutText {#text} at (2,0) size 10x31
                  text run at (2,0) width 30: "\x{3057}\x{3044}\x{304B}"
              LayoutRubyBase (anonymous) at (0,0) size 24x32
                LayoutInline {RB} at (0,0) size 18x32
                  LayoutText {#text} at (3,0) size 18x32
                    text run at (3,0) width 32: "\x{8A69}\x{6B4C}"
          LayoutText {#text} at (1482,192) size 18x64
            text run at (1482,192) width 64: "\x{306F}\x{305D}\x{3053}\x{3092}"
          LayoutRuby (inline) {RUBY} at (0,0) size 18x32
            LayoutRubyRun (anonymous) at (1479,256) size 24x32
              LayoutRubyText {RT} at (-9,0) size 14x32
                LayoutText {#text} at (2,0) size 10x31
                  text run at (2,0) width 30: "\x{3052}\x{3060}\x{3064}"
              LayoutRubyBase (anonymous) at (0,0) size 24x32
                LayoutInline {RB} at (0,0) size 18x32
                  LayoutText {#text} at (3,0) size 18x32
                    text run at (3,0) width 32: "\x{89E3}\x{8131}"
          LayoutText {#text} at (1482,288) size 18x112
            text run at (1482,288) width 112: "\x{3057}\x{305F}\x{306E}\x{304C}\x{3042}\x{308B}\x{3002}"
          LayoutRuby (inline) {RUBY} at (0,0) size 18x42
            LayoutRubyRun (anonymous) at (1479,397) size 24x45
              LayoutRubyText {RT} at (-9,0) size 14x45
                LayoutText {#text} at (2,0) size 10x45
                  text run at (2,0) width 45: "\x{304D}\x{304F}\x{3092}\x{3068}\x{308B}"
              LayoutRubyBase (anonymous) at (0,0) size 24x45
                LayoutInline {RB} at (0,0) size 18x39
                  LayoutText {#text} at (3,3) size 18x39
                    text run at (3,3) width 38: "\x{63A1}\x{83CA}"
          LayoutRuby (inline) {RUBY} at (0,0) size 18x53
            LayoutRubyRun (anonymous) at (1507,0) size 24x54
              LayoutRubyText {RT} at (-9,0) size 14x54
                LayoutText {#text} at (2,0) size 10x54
                  text run at (2,0) width 54: "\x{3068}\x{3046}\x{308A}\x{306E}\x{3082}\x{3068}"
              LayoutRubyBase (anonymous) at (0,0) size 24x54
                LayoutInline {RB} at (0,0) size 18x52
                  LayoutText {#text} at (3,1) size 18x52
                    text run at (3,1) width 52: "\x{6771}\x{7C6C}\x{4E0B}"
          LayoutText {#text} at (1510,53) size 18x16
            text run at (1510,53) width 16: "\x{3001}"
          LayoutRuby (inline) {RUBY} at (0,0) size 18x59
            LayoutRubyRun (anonymous) at (1507,65) size 24x63
              LayoutRubyText {RT} at (-9,0) size 14x63
                LayoutText {#text} at (2,0) size 10x63
                  text run at (2,0) width 63: "\x{3086}\x{3046}\x{305C}\x{3093}\x{3068}\x{3057}\x{3066}"
              LayoutRubyBase (anonymous) at (0,0) size 24x63
                LayoutInline {RB} at (0,0) size 18x48
                  LayoutText {#text} at (3,7) size 18x48
                    text run at (3,7) width 47: "\x{60A0}\x{7136}"
          LayoutRuby (inline) {RUBY} at (0,0) size 18x61
            LayoutRubyRun (anonymous) at (1507,128) size 24x63
              LayoutRubyText {RT} at (-9,0) size 14x63
                LayoutText {#text} at (2,0) size 10x63
                  text run at (2,0) width 63: "\x{306A}\x{3093}\x{3056}\x{3093}\x{3092}\x{307F}\x{308B}"
              LayoutRubyBase (anonymous) at (0,0) size 24x63
                LayoutInline {RB} at (0,0) size 18x59
                  LayoutText {#text} at (3,2) size 18x59
                    text run at (3,2) width 58: "\x{898B}\x{5357}\x{5C71}"
          LayoutText {#text} at (1510,189) size 18x128
            text run at (1510,189) width 128: "\x{3002}\x{305F}\x{3060}\x{305D}\x{308C}\x{304E}\x{308A}\x{306E}"
          LayoutRuby (inline) {RUBY} at (0,0) size 18x16
            LayoutRubyRun (anonymous) at (1507,316) size 24x18
              LayoutRubyText {RT} at (-9,0) size 14x18
                LayoutText {#text} at (2,0) size 10x18
                  text run at (2,0) width 18: "\x{3046}\x{3061}"
              LayoutRubyBase (anonymous) at (0,0) size 24x18
                LayoutInline {RB} at (0,0) size 18x16
                  LayoutText {#text} at (3,1) size 18x16
                    text run at (3,1) width 16: "\x{88CF}"
          LayoutText {#text} at (1510,333) size 46x493
            text run at (1510,333) width 160: "\x{306B}\x{6691}\x{82E6}\x{3057}\x{3044}\x{4E16}\x{306E}\x{4E2D}\x{3092}\x{307E}"
            text run at (1538,0) width 368: "\x{308B}\x{3067}\x{5FD8}\x{308C}\x{305F}\x{5149}\x{666F}\x{304C}\x{51FA}\x{3066}\x{304F}\x{308B}\x{3002}\x{57A3}\x{306E}\x{5411}\x{3046}\x{306B}\x{96A3}\x{308A}\x{306E}\x{5A18}\x{304C}"
          LayoutRuby (inline) {RUBY} at (0,0) size 18x16
            LayoutRubyRun (anonymous) at (1535,367) size 24x18
              LayoutRubyText {RT} at (-9,0) size 14x18
                LayoutText {#text} at (2,0) size 10x18
                  text run at (2,0) width 18: "\x{306E}\x{305E}"
              LayoutRubyBase (anonymous) at (0,0) size 24x18
                LayoutInline {RB} at (0,0) size 18x16
                  LayoutText {#text} at (3,1) size 18x16
                    text run at (3,1) width 16: "\x{8997}"
          LayoutText {#text} at (1538,384) size 46x496
            text run at (1538,384) width 112: "\x{3044}\x{3066}\x{308B}\x{8A33}\x{3067}\x{3082}\x{306A}"
            text run at (1566,0) width 64: "\x{3051}\x{308C}\x{3070}\x{3001}"
          LayoutRuby (inline) {RUBY} at (0,0) size 18x34
            LayoutRubyRun (anonymous) at (1563,63) size 24x36
              LayoutRubyText {RT} at (-9,0) size 14x36
                LayoutText {#text} at (2,0) size 10x36
                  text run at (2,0) width 36: "\x{306A}\x{3093}\x{3056}\x{3093}"
              LayoutRubyBase (anonymous) at (0,0) size 24x36
                LayoutInline {RB} at (0,0) size 18x34
                  LayoutText {#text} at (3,1) size 18x34
                    text run at (3,1) width 34: "\x{5357}\x{5C71}"
          LayoutText {#text} at (1566,98) size 18x320
            text run at (1566,98) width 320: "\x{306B}\x{89AA}\x{53CB}\x{304C}\x{5949}\x{8077}\x{3057}\x{3066}\x{3044}\x{308B}\x{6B21}\x{7B2C}\x{3067}\x{3082}\x{306A}\x{3044}\x{3002}\x{8D85}\x{7136}\x{3068}"
          LayoutRuby (inline) {RUBY} at (0,0) size 18x70
            LayoutRubyRun (anonymous) at (1563,417) size 24x72
              LayoutRubyText {RT} at (-9,0) size 14x72
                LayoutText {#text} at (2,0) size 10x72
                  text run at (2,0) width 72: "\x{3057}\x{3085}\x{3063}\x{305B}\x{3051}\x{3093}\x{3066}\x{304D}"
              LayoutRubyBase (anonymous) at (0,0) size 24x72
                LayoutInline {RB} at (0,0) size 18x70
                  LayoutText {#text} at (3,1) size 18x70
                    text run at (3,1) width 70: "\x{51FA}\x{4E16}\x{9593}\x{7684}"
          LayoutText {#text} at (1566,488) size 46x504
            text run at (1566,488) width 16: "\x{306B}"
            text run at (1594,0) width 320: "\x{5229}\x{5BB3}\x{640D}\x{5F97}\x{306E}\x{6C57}\x{3092}\x{6D41}\x{3057}\x{53BB}\x{3063}\x{305F}\x{5FC3}\x{6301}\x{3061}\x{306B}\x{306A}\x{308C}\x{308B}\x{3002}"
          LayoutRuby (inline) {RUBY} at (0,0) size 18x23
            LayoutRubyRun (anonymous) at (1591,316) size 24x27
              LayoutRubyText {RT} at (-9,0) size 14x27
                LayoutText {#text} at (2,0) size 10x27
                  text run at (2,0) width 27: "\x{3072}\x{3068}\x{308A}"
              LayoutRubyBase (anonymous) at (0,0) size 24x27
                LayoutInline {RB} at (0,0) size 18x17
                  LayoutText {#text} at (3,5) size 18x17
                    text run at (3,5) width 16: "\x{72EC}"
          LayoutRuby (inline) {RUBY} at (0,0) size 18x87
            LayoutRubyRun (anonymous) at (1591,343) size 24x90
              LayoutRubyText {RT} at (-9,0) size 14x90
                LayoutText {#text} at (2,0) size 10x90
                  text run at (2,0) width 90: "\x{3086}\x{3046}\x{3053}\x{3046}\x{306E}\x{3046}\x{3061}\x{306B}\x{3056}\x{3057}"
              LayoutRubyBase (anonymous) at (0,0) size 24x90
                LayoutInline {RB} at (0,0) size 18x84
                  LayoutText {#text} at (3,3) size 18x84
                    text run at (3,3) width 83: "\x{5750}\x{5E7D}\x{7BC1}\x{88CF}"
          LayoutText {#text} at (1594,430) size 18x16
            text run at (1594,430) width 16: "\x{3001}"
          LayoutRuby (inline) {RUBY} at (0,0) size 18x63
            LayoutRubyRun (anonymous) at (1619,0) size 24x63
              LayoutRubyText {RT} at (-9,0) size 14x63
                LayoutText {#text} at (2,0) size 10x63
                  text run at (2,0) width 63: "\x{304D}\x{3093}\x{3092}\x{3060}\x{3093}\x{3058}\x{3066}"
              LayoutRubyBase (anonymous) at (0,0) size 24x63
                LayoutInline {RB} at (0,0) size 18x48
                  LayoutText {#text} at (3,7) size 18x48
                    text run at (3,7) width 47: "\x{5F3E}\x{7434}"
          LayoutRuby (inline) {RUBY} at (0,0) size 18x77
            LayoutRubyRun (anonymous) at (1619,63) size 24x81
              LayoutRubyText {RT} at (-9,0) size 14x81
                LayoutText {#text} at (2,0) size 10x81
                  text run at (2,0) width 81: "\x{307E}\x{305F}\x{3061}\x{3087}\x{3046}\x{3057}\x{3087}\x{3046}\x{3059}"
              LayoutRubyBase (anonymous) at (0,0) size 24x81
                LayoutInline {RB} at (0,0) size 18x71
                  LayoutText {#text} at (3,5) size 18x71
                    text run at (3,5) width 70: "\x{5FA9}\x{9577}\x{562F}"
          LayoutText {#text} at (1622,140) size 18x16
            text run at (1622,140) width 16: "\x{3001}"
          LayoutRuby (inline) {RUBY} at (0,0) size 18x35
            LayoutRubyRun (anonymous) at (1619,155) size 24x36
              LayoutRubyText {RT} at (-9,0) size 14x36
                LayoutText {#text} at (2,0) size 10x36
                  text run at (2,0) width 36: "\x{3057}\x{3093}\x{308A}\x{3093}"
              LayoutRubyBase (anonymous) at (0,0) size 24x36
                LayoutInline {RB} at (0,0) size 18x34
                  LayoutText {#text} at (3,1) size 18x34
                    text run at (3,1) width 34: "\x{6DF1}\x{6797}"
          LayoutRuby (inline) {RUBY} at (0,0) size 18x48
            LayoutRubyRun (anonymous) at (1619,191) size 24x48
              LayoutRubyText {RT} at (-9,0) size 14x48
                LayoutText {#text} at (2,0) size 10x48
                  text run at (2,0) width 47: "\x{3072}\x{3068}\x{3057}\x{3089}\x{305A}"
              LayoutRubyBase (anonymous) at (0,0) size 24x48
                LayoutInline {RB} at (0,0) size 18x48
                  LayoutText {#text} at (3,0) size 18x48
                    text run at (3,0) width 48: "\x{4EBA}\x{4E0D}\x{77E5}"
          LayoutText {#text} at (1622,239) size 18x16
            text run at (1622,239) width 16: "\x{3001}"
          LayoutRuby (inline) {RUBY} at (0,0) size 18x68
            LayoutRubyRun (anonymous) at (1619,251) size 24x72
              LayoutRubyText {RT} at (-9,0) size 14x72
                LayoutText {#text} at (2,0) size 10x72
                  text run at (2,0) width 72: "\x{3081}\x{3044}\x{3052}\x{3064}\x{304D}\x{305F}\x{308A}\x{3066}"
              LayoutRubyBase (anonymous) at (0,0) size 24x72
                LayoutInline {RB} at (0,0) size 18x64
                  LayoutText {#text} at (3,4) size 18x64
                    text run at (3,4) width 64: "\x{660E}\x{6708}\x{6765}"
          LayoutRuby (inline) {RUBY} at (0,0) size 18x42
            LayoutRubyRun (anonymous) at (1619,323) size 24x45
              LayoutRubyText {RT} at (-9,0) size 14x45
                LayoutText {#text} at (2,0) size 10x45
                  text run at (2,0) width 45: "\x{3042}\x{3044}\x{3066}\x{3089}\x{3059}"
              LayoutRubyBase (anonymous) at (0,0) size 24x45
                LayoutInline {RB} at (0,0) size 18x39
                  LayoutText {#text} at (3,3) size 18x39
                    text run at (3,3) width 38: "\x{76F8}\x{7167}"
          LayoutText {#text} at (1622,365) size 46x493
            text run at (1622,365) width 128: "\x{3002}\x{305F}\x{3060}\x{4E8C}\x{5341}\x{5B57}\x{306E}\x{3046}"
            text run at (1650,0) width 32: "\x{3061}\x{306B}"
          LayoutRuby (inline) {RUBY} at (0,0) size 18x16
            LayoutRubyRun (anonymous) at (1647,31) size 24x18
              LayoutRubyText {RT} at (-9,0) size 14x18
                LayoutText {#text} at (2,0) size 10x18
                  text run at (2,0) width 18: "\x{3086}\x{3046}"
              LayoutRubyBase (anonymous) at (0,0) size 24x18
                LayoutInline {RB} at (0,0) size 18x16
                  LayoutText {#text} at (3,1) size 18x16
                    text run at (3,1) width 16: "\x{512A}"
          LayoutText {#text} at (1650,48) size 18x16
            text run at (1650,48) width 16: "\x{306B}"
          LayoutRuby (inline) {RUBY} at (0,0) size 18x52
            LayoutRubyRun (anonymous) at (1647,63) size 24x54
              LayoutRubyText {RT} at (-9,0) size 14x54
                LayoutText {#text} at (2,0) size 10x54
                  text run at (2,0) width 54: "\x{3079}\x{3064}\x{3051}\x{3093}\x{3053}\x{3093}"
              LayoutRubyBase (anonymous) at (0,0) size 24x54
                LayoutInline {RB} at (0,0) size 18x52
                  LayoutText {#text} at (3,1) size 18x52
                    text run at (3,1) width 52: "\x{5225}\x{4E7E}\x{5764}"
          LayoutText {#text} at (1650,116) size 18x16
            text run at (1650,116) width 16: "\x{3092}"
          LayoutRuby (inline) {RUBY} at (0,0) size 18x39
            LayoutRubyRun (anonymous) at (1647,129) size 24x45
              LayoutRubyText {RT} at (-9,0) size 14x45
                LayoutText {#text} at (2,0) size 10x45
                  text run at (2,0) width 45: "\x{3053}\x{3093}\x{308A}\x{3085}\x{3046}"
              LayoutRubyBase (anonymous) at (0,0) size 24x45
                LayoutInline {RB} at (0,0) size 18x39
                  LayoutText {#text} at (3,3) size 18x39
                    text run at (3,3) width 38: "\x{5EFA}\x{7ACB}"
          LayoutText {#text} at (1650,171) size 18x160
            text run at (1650,171) width 160: "\x{3057}\x{3066}\x{3044}\x{308B}\x{3002}\x{3053}\x{306E}\x{4E7E}\x{5764}\x{306E}"
          LayoutRuby (inline) {RUBY} at (0,0) size 18x32
            LayoutRubyRun (anonymous) at (1647,331) size 24x32
              LayoutRubyText {RT} at (-9,0) size 14x32
                LayoutText {#text} at (2,0) size 10x31
                  text run at (2,0) width 30: "\x{304F}\x{3069}\x{304F}"
              LayoutRubyBase (anonymous) at (0,0) size 24x32
                LayoutInline {RB} at (0,0) size 18x32
                  LayoutText {#text} at (3,0) size 18x32
                    text run at (3,0) width 32: "\x{529F}\x{5FB3}"
          LayoutText {#text} at (1650,363) size 18x32
            text run at (1650,363) width 32: "\x{306F}\x{300C}"
          LayoutRuby (inline) {RUBY} at (0,0) size 18x48
            LayoutRubyRun (anonymous) at (1647,395) size 24x48
              LayoutRubyText {RT} at (-9,0) size 14x48
                LayoutText {#text} at (2,0) size 10x48
                  text run at (2,0) width 47: "\x{307B}\x{3068}\x{3068}\x{304E}\x{3059}"
              LayoutRubyBase (anonymous) at (0,0) size 24x48
                LayoutInline {RB} at (0,0) size 18x48
                  LayoutText {#text} at (3,0) size 18x48
                    text run at (3,0) width 48: "\x{4E0D}\x{5982}\x{5E30}"
          LayoutText {#text} at (1650,443) size 46x475
            text run at (1650,443) width 32: "\x{300D}\x{3084}"
            text run at (1678,0) width 16: "\x{300C}"
          LayoutRuby (inline) {RUBY} at (0,0) size 18x64
            LayoutRubyRun (anonymous) at (1675,16) size 24x64
              LayoutRubyText {RT} at (-9,0) size 14x64
                LayoutText {#text} at (2,0) size 10x64
                  text run at (2,0) width 63: "\x{3053}\x{3093}\x{3058}\x{304D}\x{3084}\x{3057}\x{3083}"
              LayoutRubyBase (anonymous) at (0,0) size 24x64
                LayoutInline {RB} at (0,0) size 18x64
                  LayoutText {#text} at (3,0) size 18x64
                    text run at (3,0) width 64: "\x{91D1}\x{8272}\x{591C}\x{53C9}"
          LayoutText {#text} at (1678,80) size 46x496
            text run at (1678,80) width 416: "\x{300D}\x{306E}\x{529F}\x{5FB3}\x{3067}\x{306F}\x{306A}\x{3044}\x{3002}\x{6C7D}\x{8239}\x{3001}\x{6C7D}\x{8ECA}\x{3001}\x{6A29}\x{5229}\x{3001}\x{7FA9}\x{52D9}\x{3001}\x{9053}\x{5FB3}\x{3001}\x{793C}\x{7FA9}"
            text run at (1706,0) width 96: "\x{3067}\x{75B2}\x{308C}\x{679C}\x{3066}\x{305F}"
          LayoutRuby (inline) {RUBY} at (0,0) size 18x16
            LayoutRubyRun (anonymous) at (1703,95) size 24x18
              LayoutRubyText {RT} at (-9,0) size 14x18
                LayoutText {#text} at (2,0) size 10x18
                  text run at (2,0) width 18: "\x{306E}\x{3061}"
              LayoutRubyBase (anonymous) at (0,0) size 24x18
                LayoutInline {RB} at (0,0) size 18x16
                  LayoutText {#text} at (3,1) size 18x16
                    text run at (3,1) width 16: "\x{5F8C}"
          LayoutText {#text} at (1706,112) size 42x496
            text run at (1706,112) width 384: "\x{306B}\x{3001}\x{3059}\x{3079}\x{3066}\x{3092}\x{5FD8}\x{5374}\x{3057}\x{3066}\x{3050}\x{3063}\x{3059}\x{308A}\x{5BDD}\x{8FBC}\x{3080}\x{3088}\x{3046}\x{306A}\x{529F}\x{5FB3}\x{3067}\x{3042}"
            text run at (1730,0) width 32: "\x{308B}\x{3002}"
          LayoutBR {BR} at (1730,32) size 18x0
