layer at (0,0) size 800x600
  LayoutView at (0,0) size 800x600
layer at (0,0) size 800x165
  LayoutBlockFlow {html} at (0,0) size 800x165
    LayoutBlockFlow {body} at (8,16) size 784x141
      LayoutBlockFlow {p} at (0,0) size 784x20
        LayoutText {#text} at (0,0) size 658x19
          text run at (0,0) width 658: "Below two svg areas are shown. Both should have the text aligned to the paths in the same way (Bug 13052)."
      LayoutBlockFlow {div} at (0,36) size 784x105
        LayoutSVGRoot {svg} at (18,65) size 63x68
          LayoutSVGPath {path} at (36,65) size 45x68 [fill={[type=SOLID] [color=#337711]}] [data="M 38 38 C 38 26 62 23 61 36 C 61 45 45 49 45 59 L 45 66 L 56 66 L 56 62 C 56 53 73 50 73 35 C 71 13 28 13 28 38 Z M 45 70 L 56 70 L 56 81 L 45 81 Z"]
          LayoutSVGText {text} at (10,35) size 37x19 contains 1 chunk(s)
            LayoutSVGInlineText {#text} at (0,0) size 37x19
              chunk 1 text run 1 at (10.00,50.00) startOffset 0 endOffset 4 width 36.53: "PASS"
        LayoutText {#text} at (100,85) size 4x19
          text run at (100,85) width 4: " "
        LayoutSVGRoot {svg} at (122,65) size 63x68
          LayoutSVGPath {path} at (140,65) size 45x68 [fill={[type=SOLID] [color=#337711]}] [data="M 38 38 C 38 26 62 23 61 36 C 61 45 45 49 45 59 L 45 66 L 56 66 L 56 62 C 56 53 73 50 73 35 C 71 13 28 13 28 38 Z M 45 70 L 56 70 L 56 81 L 45 81 Z"]
          LayoutSVGText {text} at (10,35) size 37x19 contains 1 chunk(s)
            LayoutSVGInlineText {#text} at (0,0) size 37x19
              chunk 1 text run 1 at (10.00,50.00) startOffset 0 endOffset 4 width 36.53: "PASS"
        LayoutText {#text} at (0,0) size 0x0
