layer at (0,0) size 800x600
  LayoutView at (0,0) size 800x600
layer at (0,0) size 800x88
  LayoutBlockFlow {test} at (0,0) size 800x88
    LayoutBlockFlow {p} at (0,16) size 800x20
      LayoutText {#text} at (0,0) size 78x19
        text run at (0,0) width 78: "This test has "
      LayoutInline {span} at (0,0) size 58x19
        LayoutInline {<pseudo:before>} at (0,0) size 58x19 [bgcolor=#00FF00]
          LayoutTextFragment (anonymous) at (78,0) size 58x19
            text run at (78,0) width 58: "PASSED"
      LayoutText {#text} at (136,0) size 4x19
        text run at (136,0) width 4: "."
    LayoutBlockFlow {p} at (0,52) size 800x20
      LayoutText {#text} at (0,0) size 420x19
        text run at (0,0) width 420: "(If the previous line just reads \"This test has .\" then this test has failed.)"
