layer at (0,0) size 800x600
  LayoutView at (0,0) size 800x600
layer at (0,0) size 800x600
  LayoutBlockFlow {HTML} at (0,0) size 800x600
    LayoutBlockFlow {BODY} at (8,8) size 784x584
      LayoutBlockFlow {P} at (0,0) size 784x20
        LayoutText {#text} at (0,0) size 263x19
          text run at (0,0) width 263: "This tests GraphicsContext::drawBidiText()."
layer at (8,44) size 327x209 clip at (9,45) size 310x207 scrollHeight 231
  LayoutListBox {SELECT} at (0,36) size 326.69x209 [bgcolor=#FFFFFF] [border: (1px solid #A9A9A9)]
    LayoutBlockFlow {OPTION} at (1,1) size 309.69x23
      LayoutText {#text} at (2,0) size 199x21
        text run at (2,0) width 40: "First "
        text run at (42,0) width 60 RTL: ") \x{5E8}\x{5D1}\x{5D9}\x{5E2}\x{5D9}\x{5EA}"
        text run at (102,0) width 20: "03"
        text run at (122,0) width 45 RTL: "\x{5E9}\x{5E0}\x{5D9}\x{5D4} ("
        text run at (167,0) width 34: " fifth"
    LayoutBlockFlow {OPTION} at (1,24) size 309.69x23
      LayoutText {#text} at (108,0) size 200x21
        text run at (108,0) width 30: "fifth"
        text run at (137,0) width 66 RTL: ") \x{5E8}\x{5D1}\x{5D9}\x{5E2}\x{5D9}\x{5EA} "
        text run at (202,0) width 21: "03"
        text run at (222,0) width 51 RTL: " \x{5E9}\x{5E0}\x{5D9}\x{5D4} ("
        text run at (272,0) width 36: "First"
    LayoutBlockFlow {OPTION} at (1,47) size 309.69x23
      LayoutText {#text} at (2,0) size 199x21
        text run at (2,0) width 199 LTR override: "First \x{5E9}\x{5E0}\x{5D9}\x{5D4} (03) \x{5E8}\x{5D1}\x{5D9}\x{5E2}\x{5D9}\x{5EA} fifth"
    LayoutBlockFlow {OPTION} at (1,70) size 309.69x23
      LayoutText {#text} at (108,0) size 200x21
        text run at (108,0) width 200 RTL override: "First \x{5E9}\x{5E0}\x{5D9}\x{5D4} (03) \x{5E8}\x{5D1}\x{5D9}\x{5E2}\x{5D9}\x{5EA} fifth"
    LayoutBlockFlow {OPTION} at (1,93) size 309.69x23
      LayoutText {#text} at (2,0) size 100x21
        text run at (2,0) width 100 RTL: "\x{5DE}\x{5E9}\x{5D4}\x{5D5} \x{5E2}\x{5DD} \x{5E0}\x{5B4}\x{5E7}\x{5BC}\x{5D5}\x{5BC}\x{5D3}"
    LayoutBlockFlow {OPTION} at (1,116) size 309.69x23
      LayoutText {#text} at (2,0) size 70x21
        text run at (2,0) width 70 RTL: "\x{627}\x{644}\x{644}\x{63A}\x{629} \x{627}\x{644}\x{639}\x{631}\x{628}\x{64A}\x{629}"
    LayoutBlockFlow {OPTION} at (1,139) size 309.69x23
      LayoutText {#text} at (2,0) size 126x21
        text run at (2,0) width 126: "Et volia\x{300}: ATSUI!"
    LayoutBlockFlow {OPTION} at (1,162) size 309.69x35
      LayoutText {#text} at (2,6) size 282x21
        text run at (2,6) width 90: "Directional "
        text run at (92,6) width 74 RTL override: "\x{202E}overrides"
        text run at (166,6) width 118: "\x{202C} are confusing."
    LayoutBlockFlow {OPTION} at (1,197) size 309.69x35
      LayoutText {#text} at (2,6) size 306x21
        text run at (2,6) width 82: "She said \x{201C}"
        text run at (84,6) width 67 RTL: " \x{5D1}\x{5DE}\x{5D6}\x{5D5}\x{5D5}\x{5D3}\x{5D4}!"
        text run at (151,6) width 37: "TNT"
        text run at (188,6) width 22 RTL: "\x{202B}\x{5D9}\x{5E9} "
        text run at (210,6) width 98: "\x{202C}\x{201D} and ran off"
layer at (8,253) size 365x18 clip at (9,254) size 348x16
  LayoutListBox {SELECT} at (0,245) size 365x18 [bgcolor=#FFFFFF] [border: (1px solid #A9A9A9)]
    LayoutBlockFlow {OPTION} at (1,1) size 348x16
      LayoutText {#text} at (2,0) size 344x15
        text run at (2,0) width 344: "There are two ways to measure text: my way and the wrong way"
