layer at (0,0) size 800x600 clip at (0,0) size 785x600 scrollHeight 746
  LayoutView at (0,0) size 800x600
layer at (0,0) size 785x746 backgroundClip at (0,0) size 785x600 clip at (0,0) size 785x600
  LayoutBlockFlow {HTML} at (0,0) size 785x746
    LayoutBlockFlow {BODY} at (8,8) size 769x0
      LayoutBlockFlow (floating) {DIV} at (8,8) size 366x146 [border: (3px solid #000000)]
        LayoutText {#text} at (3,3) size 270x27
          text run at (3,3) width 270: "Lorem ipsum dolor sit amet,"
        LayoutInline {SPAN} at (0,0) size 213x27
          LayoutText {#text} at (3,45) size 213x27
            text run at (3,45) width 213: "consectetur adipiscing"
        LayoutText {#text} at (216,45) size 130x27
          text run at (216,45) width 6: " "
          text run at (222,45) width 124: "elit. Aliquam"
        LayoutInline {SPAN} at (0,0) size 109x27
          LayoutText {#text} at (3,73) size 109x27
            text run at (3,73) width 109: "odio sapien"
        LayoutText {#text} at (112,73) size 330x69
          text run at (112,73) width 12: ", "
          text run at (124,73) width 209: "lobortis eu iaculis vel,"
          text run at (3,115) width 207: "scelerisque nec dolor."
      LayoutBlockFlow (floating) {DIV} at (390,8) size 366x146 [border: (3px solid #000000)]
        LayoutText {#text} at (3,3) size 270x27
          text run at (3,3) width 270: "Lorem ipsum dolor sit amet,"
        LayoutInline {SPAN} at (0,0) size 213x27
          LayoutText {#text} at (3,45) size 213x27
            text run at (3,45) width 213: "consectetur adipiscing"
        LayoutText {#text} at (216,45) size 130x27
          text run at (216,45) width 6: " "
          text run at (222,45) width 124: "elit. Aliquam"
        LayoutInline {SPAN} at (0,0) size 109x27
          LayoutText {#text} at (3,73) size 109x27
            text run at (3,73) width 109: "odio sa\x{300}pien"
        LayoutText {#text} at (112,73) size 330x69
          text run at (112,73) width 12: ", "
          text run at (124,73) width 209: "lobortis eu iaculis vel,"
          text run at (3,115) width 207: "scelerisque nec dolor."
      LayoutBlockFlow (floating) {DIV} at (8,170) size 366x185 [border: (3px solid #000000)]
        LayoutText {#text} at (3,18) size 70x27
          text run at (3,18) width 70: "Lorem "
        LayoutInline {SPAN} at (0,0) size 57x27
          LayoutText {#text} at (73,18) size 57x27
            text run at (73,18) width 57: "ipsum"
        LayoutText {#text} at (130,18) size 6x27
          text run at (130,18) width 6: " "
        LayoutInline {SPAN} at (0,0) size 50x27
          LayoutText {#text} at (136,18) size 50x27
            text run at (136,18) width 50: "dolor"
        LayoutText {#text} at (186,18) size 6x27
          text run at (186,18) width 6: " "
        LayoutInline {SPAN} at (0,0) size 22x27
          LayoutText {#text} at (192,18) size 22x27
            text run at (192,18) width 22: "sit"
        LayoutText {#text} at (214,18) size 6x27
          text run at (214,18) width 6: " "
        LayoutInline {SPAN} at (0,0) size 47x27
          LayoutText {#text} at (220,18) size 47x27
            text run at (220,18) width 47: "amet"
        LayoutText {#text} at (267,18) size 6x27
          text run at (267,18) width 6: ","
        LayoutInline {SPAN} at (0,0) size 111x27
          LayoutText {#text} at (3,72) size 111x27
            text run at (3,72) width 111: "consectetur"
        LayoutText {#text} at (114,72) size 6x27
          text run at (114,72) width 6: " "
        LayoutInline {SPAN} at (0,0) size 96x27
          LayoutText {#text} at (120,72) size 96x27
            text run at (120,72) width 96: "adipiscing"
        LayoutText {#text} at (216,72) size 6x27
          text run at (216,72) width 6: " "
        LayoutInline {SPAN} at (0,0) size 30x27
          LayoutText {#text} at (222,72) size 30x27
            text run at (222,72) width 30: "elit"
        LayoutText {#text} at (252,72) size 12x27
          text run at (252,72) width 12: ". "
        LayoutInline {SPAN} at (0,0) size 82x27
          LayoutText {#text} at (264,72) size 82x27
            text run at (264,72) width 82: "Aliquam"
        LayoutText {#text} at (346,72) size 6x27
          text run at (346,72) width 6: ","
        LayoutInline {SPAN} at (0,0) size 42x27
          LayoutText {#text} at (3,126) size 42x27
            text run at (3,126) width 42: "odio"
        LayoutText {#text} at (45,126) size 6x27
          text run at (45,126) width 6: " "
        LayoutInline {SPAN} at (0,0) size 61x27
          LayoutText {#text} at (51,126) size 61x27
            text run at (51,126) width 61: "sapien"
        LayoutText {#text} at (112,126) size 12x27
          text run at (112,126) width 12: ", "
        LayoutInline {SPAN} at (0,0) size 72x27
          LayoutText {#text} at (124,126) size 72x27
            text run at (124,126) width 72: "lobortis"
        LayoutText {#text} at (196,126) size 330x55
          text run at (196,126) width 6: " "
          text run at (202,126) width 131: "eu iaculis vel,"
          text run at (3,154) width 207: "scelerisque nec dolor."
      LayoutBlockFlow (floating) {DIV} at (390,170) size 366x184 [border: (3px solid #000000)]
        LayoutText {#text} at (3,3) size 70x27
          text run at (3,3) width 70: "Lorem "
        LayoutInline {SPAN} at (0,0) size 57x27
          LayoutText {#text} at (73,3) size 57x27
            text run at (73,3) width 57: "ipsum"
        LayoutText {#text} at (130,3) size 6x27
          text run at (130,3) width 6: " "
        LayoutInline {SPAN} at (0,0) size 50x27
          LayoutText {#text} at (136,3) size 50x27
            text run at (136,3) width 50: "dolor"
        LayoutText {#text} at (186,3) size 6x27
          text run at (186,3) width 6: " "
        LayoutInline {SPAN} at (0,0) size 22x27
          LayoutText {#text} at (192,3) size 22x27
            text run at (192,3) width 22: "sit"
        LayoutText {#text} at (214,3) size 6x27
          text run at (214,3) width 6: " "
        LayoutInline {SPAN} at (0,0) size 47x27
          LayoutText {#text} at (220,3) size 47x27
            text run at (220,3) width 47: "amet"
        LayoutText {#text} at (267,3) size 6x27
          text run at (267,3) width 6: ","
        LayoutInline {SPAN} at (0,0) size 111x27
          LayoutText {#text} at (3,45) size 111x27
            text run at (3,45) width 111: "consectetur"
        LayoutText {#text} at (114,45) size 6x27
          text run at (114,45) width 6: " "
        LayoutInline {SPAN} at (0,0) size 96x27
          LayoutText {#text} at (120,45) size 96x27
            text run at (120,45) width 96: "adipiscing"
        LayoutText {#text} at (216,45) size 6x27
          text run at (216,45) width 6: " "
        LayoutInline {SPAN} at (0,0) size 30x27
          LayoutText {#text} at (222,45) size 30x27
            text run at (222,45) width 30: "elit"
        LayoutText {#text} at (252,45) size 12x27
          text run at (252,45) width 12: ". "
        LayoutInline {SPAN} at (0,0) size 82x27
          LayoutText {#text} at (264,45) size 82x27
            text run at (264,45) width 82: "Aliquam"
        LayoutText {#text} at (346,45) size 6x27
          text run at (346,45) width 6: ","
        LayoutInline {SPAN} at (0,0) size 42x27
          LayoutText {#text} at (3,99) size 42x27
            text run at (3,99) width 42: "odio"
        LayoutText {#text} at (45,99) size 6x27
          text run at (45,99) width 6: " "
        LayoutInline {SPAN} at (0,0) size 61x27
          LayoutText {#text} at (51,99) size 61x27
            text run at (51,99) width 61: "sapien"
        LayoutText {#text} at (112,99) size 12x27
          text run at (112,99) width 12: ", "
        LayoutInline {SPAN} at (0,0) size 72x27
          LayoutText {#text} at (124,99) size 72x27
            text run at (124,99) width 72: "lobortis"
        LayoutText {#text} at (196,99) size 330x81
          text run at (196,99) width 6: " "
          text run at (202,99) width 131: "eu iaculis vel,"
          text run at (3,153) width 207: "scelerisque nec dolor."
      LayoutBlockFlow (floating) {DIV} at (390,370) size 366x198 [border: (3px solid #000000)]
        LayoutText {#text} at (3,13) size 270x27
          text run at (3,13) width 270: "Lorem ipsum dolor sit amet,"
        LayoutInline {SPAN} at (0,0) size 213x27
          LayoutText {#text} at (3,61) size 213x27
            text run at (3,61) width 213: "consectetur adipiscing"
        LayoutText {#text} at (216,61) size 130x27
          text run at (216,61) width 6: " "
          text run at (222,61) width 124: "elit. Aliquam"
        LayoutInline {SPAN} at (0,0) size 109x27
          LayoutText {#text} at (3,109) size 109x27
            text run at (3,109) width 109: "odio sapien"
        LayoutText {#text} at (112,109) size 330x75
          text run at (112,109) width 12: ", "
          text run at (124,109) width 209: "lobortis eu iaculis vel,"
          text run at (3,157) width 207: "scelerisque nec dolor."
      LayoutBlockFlow (floating) {DIV} at (8,584) size 366x146 [border: (3px solid #000000)]
        LayoutText {#text} at (3,3) size 270x27
          text run at (3,3) width 270: "Lorem ipsum dolor sit amet,"
        LayoutInline {SPAN} at (0,0) size 213x27
          LayoutText {#text} at (3,45) size 213x27
            text run at (3,45) width 213: "consectetur adipiscing"
        LayoutText {#text} at (216,45) size 130x27
          text run at (216,45) width 6: " "
          text run at (222,45) width 124: "elit. Aliquam"
        LayoutInline {SPAN} at (0,0) size 109x27
          LayoutText {#text} at (3,73) size 109x27
            text run at (3,73) width 109: "odio sapien"
        LayoutText {#text} at (112,73) size 330x69
          text run at (112,73) width 12: ", "
          text run at (124,73) width 209: "lobortis eu iaculis vel,"
          text run at (3,115) width 207: "scelerisque nec dolor."
selection start: position 10 of child 0 {#text} of child 1 {SPAN} of child 10 {DIV} of body
selection end:   position 7 of child 0 {#text} of child 3 {SPAN} of child 10 {DIV} of body
