layer at (0,0) size 800x600
  LayoutView at (0,0) size 800x600
layer at (0,0) size 800x491
  LayoutBlockFlow {HTML} at (0,0) size 800x490.63
    LayoutBlockFlow {BODY} at (8,8) size 784x461.30
      LayoutBlockFlow (anonymous) at (0,0) size 784x20
        LayoutText {#text} at (0,0) size 76x19
          text run at (0,0) width 76: "This is good:"
      LayoutBlockFlow {DIV} at (0,41.33) size 100x50
        LayoutBlockFlow {P} at (0,0) size 100x50 [border: (1px solid #008000)]
          LayoutText {#text} at (44,1) size 55x47
            text run at (44,1) width 55: "Lorem"
            text run at (48,25) width 51: "ipsum"
      LayoutBlockFlow (anonymous) at (0,112.66) size 784x20
        LayoutText {#text} at (0,0) size 264x19
          text run at (0,0) width 264: "The following three should look like \x{201C}good\x{201D}:"
      LayoutBlockFlow {DIV} at (0,153.98) size 100x194.66
        LayoutBlockFlow {P} at (0,0) size 100x50 [border: (1px solid #0000FF)]
          LayoutText {#text} at (44,1) size 55x47
            text run at (44,1) width 55: "Lorem"
            text run at (48,25) width 51: "\x{131}psum"
        LayoutBlockFlow {P} at (0,71.33) size 100x50 [border: (1px solid #0000FF)]
          LayoutText {#text} at (44,1) size 55x47
            text run at (44,1) width 55: "Lorem"
            text run at (48,25) width 51: "\x{131}psum"
        LayoutBlockFlow {P} at (0,142.66) size 100x52 [border: (1px solid #0000FF)]
          LayoutText {#text} at (40,3) size 59x47
            text run at (40,3) width 59: "Lore\x{1E3F}"
            text run at (48,27) width 51: "ipsum"
      LayoutBlockFlow (anonymous) at (0,369.97) size 784x20
        LayoutText {#text} at (0,0) size 68x19
          text run at (0,0) width 68: "This is bad:"
      LayoutBlockFlow {DIV} at (0,411.30) size 100x50
        LayoutBlockFlow {P} at (0,0) size 100x50 [border: (1px solid #FF0000)]
          LayoutText {#text} at (39,1) size 60x47
            text run at (39,1) width 60: "Lorem "
            text run at (48,25) width 51: "ipsum"
