layer at (0,0) size 800x600
  LayoutView at (0,0) size 800x600
layer at (0,0) size 800x600
  LayoutBlockFlow {HTML} at (0,0) size 800x600
    LayoutBlockFlow {BODY} at (8,8) size 784x584
      LayoutBlockFlow {P} at (0,0) size 784x20
        LayoutText {#text} at (0,0) size 239x19
          text run at (0,0) width 239: "These two glyphs should look the same:"
      LayoutBlockFlow {DIV} at (0,36) size 784x57
        LayoutText {#text} at (0,1) size 37x55
          text run at (0,1) width 37: "\x{D842}\x{DF9F}"
      LayoutBlockFlow {DIV} at (0,93) size 57x55
        LayoutText {#text} at (1,0) size 55x55
          text run at (1,0) width 55: "\x{D842}\x{DF9F}"
