layer at (0,0) size 800x600
  LayoutView at (0,0) size 800x600
layer at (0,0) size 800x600
  LayoutBlockFlow {HTML} at (0,0) size 800x600
    LayoutBlockFlow {BODY} at (8,8) size 784x576
      LayoutBlockFlow {P} at (0,0) size 784x40
        LayoutText {#text} at (0,0) size 783x39
          text run at (0,0) width 275: "This test for a bug in Insert{Un}OrderedList. "
          text run at (275,0) width 485: "Inside an empty editable region, a new paragraph is added, then a list is created. "
          text run at (760,0) width 23: "The"
          text run at (0,20) width 96: "caret should be "
        LayoutInline {B} at (0,0) size 39x19
          LayoutText {#text} at (96,20) size 39x19
            text run at (96,20) width 39: "inside"
        LayoutText {#text} at (135,20) size 116x19
          text run at (135,20) width 116: " the empty list item."
      LayoutBlockFlow {DIV} at (0,56) size 784x56
        LayoutBlockFlow {DIV} at (0,0) size 784x20
          LayoutBR {BR} at (0,0) size 0x19
        LayoutBlockFlow {DIV} at (0,36) size 784x20
          LayoutBlockFlow {UL} at (0,0) size 784x20
            LayoutListItem {LI} at (40,0) size 744x20
              LayoutListMarker (anonymous) at (-18,0) size 7x19: bullet
              LayoutBR {BR} at (0,0) size 0x19
caret: position 0 of child 0 {BR} of child 0 {LI} of child 0 {UL} of child 1 {DIV} of child 2 {DIV} of body
