EDITING DELEGATE: webViewDidChangeSelection:WebViewDidChangeSelectionNotification
EDITING DELEGATE: webViewDidChangeSelection:WebViewDidChangeSelectionNotification
EDITING DELEGATE: webViewDidChange:WebViewDidChangeNotification
layer at (0,0) size 800x600
  LayoutView at (0,0) size 800x600
layer at (0,0) size 800x600
  LayoutBlockFlow {HTML} at (0,0) size 800x600
    LayoutBlockFlow {BODY} at (8,8) size 784x576
      LayoutBlockFlow {P} at (0,0) size 784x40
        LayoutText {#text} at (0,0) size 487x19
          text run at (0,0) width 487: "This test pushes a horizontal rule into an unordered list with InsertUnorderedList. "
        LayoutInline {B} at (0,0) size 264x19
          LayoutText {#text} at (487,0) size 264x19
            text run at (487,0) width 264: "This demonstrates what might be a bug:"
        LayoutText {#text} at (751,0) size 773x39
          text run at (751,0) width 22: " the"
          text run at (0,20) width 378: "horizontal rule appears before the list marker in the render tree."
      LayoutBlockFlow {DIV} at (0,56) size 784x30
        LayoutBlockFlow {UL} at (0,0) size 784x30
          LayoutListItem {LI} at (40,0) size 744x30
            LayoutBlockFlow {HR} at (0,0) size 744x2 [border: (1px inset #EEEEEE)]
            LayoutBlockFlow (anonymous) at (0,10) size 744x20
              LayoutListMarker (anonymous) at (-18,0) size 7x19: bullet
caret: position 0 of child 0 {HR} of child 0 {LI} of child 0 {UL} of child 2 {DIV} of body
