EDITING DELEGATE: webViewDidChangeSelection:WebViewDidChangeSelectionNotification
EDITING DELEGATE: webViewDidChangeSelection:WebViewDidChangeSelectionNotification
EDITING DELEGATE: webViewDidChange:WebViewDidChangeNotification
layer at (0,0) size 800x600
  LayoutView at (0,0) size 800x600
layer at (0,0) size 800x600
  LayoutBlockFlow {HTML} at (0,0) size 800x600
    LayoutBlockFlow {BODY} at (8,8) size 784x584
      LayoutBlockFlow {P} at (0,0) size 784x20
        LayoutText {#text} at (0,0) size 276x19
          text run at (0,0) width 276: "This tests Indent in an empty editable element."
      LayoutBlockFlow {DIV} at (0,36) size 784x20
        LayoutBlockFlow {BLOCKQUOTE} at (40,0) size 744x20
          LayoutBR {BR} at (0,0) size 0x19
caret: position 0 of child 0 {BR} of child 0 {BLOCKQUOTE} of child 3 {DIV} of body
