EDITING DELEGATE: webViewDidChangeSelection:WebViewDidChangeSelectionNotification
EDITING DELEGATE: webViewDidChangeSelection:WebViewDidChangeSelectionNotification
EDITING DELEGATE: webViewDidChange:WebViewDidChangeNotification
layer at (0,0) size 800x600
  LayoutView at (0,0) size 800x600
layer at (0,0) size 800x600
  LayoutBlockFlow {HTML} at (0,0) size 800x600
    LayoutBlockFlow {BODY} at (8,8) size 784x576
      LayoutBlockFlow {P} at (0,0) size 784x20
        LayoutText {#text} at (0,0) size 499x19
          text run at (0,0) width 499: "This tests Insert{Un}OrderedList on a range selection that is entirely within one list."
      LayoutBlockFlow {DIV} at (0,36) size 784x116
        LayoutBlockFlow (anonymous) at (0,0) size 784x80
          LayoutText {#text} at (0,0) size 72x19
            text run at (0,0) width 72: "None of the"
          LayoutBR {BR} at (72,15) size 0x0
          LayoutText {#text} at (0,20) size 97x19
            text run at (0,20) width 97: "selected content"
          LayoutBR {BR} at (97,35) size 0x0
          LayoutText {#text} at (0,40) size 58x19
            text run at (0,40) width 58: "should be"
          LayoutBR {BR} at (58,55) size 0x0
          LayoutText {#text} at (0,60) size 45x19
            text run at (0,60) width 45: "in a list."
          LayoutBR {BR} at (45,75) size 0x0
        LayoutBlockFlow {OL} at (0,96) size 784x20
          LayoutListItem {LI} at (40,0) size 744x20
            LayoutListMarker (anonymous) at (-16,0) size 16x19: "1"
            LayoutText {#text} at (0,0) size 300x19
              text run at (0,0) width 300: "This should be in a list and should not be selected."
selection start: position 2 of child 0 {#text} of child 2 {DIV} of body
selection end:   position 2 of child 6 {#text} of child 2 {DIV} of body
