layer at (0,0) size 800x600
  LayoutView at (0,0) size 800x600
layer at (0,0) size 800x52
  LayoutBlockFlow {html} at (0,0) size 800x52
    LayoutBlockFlow {body} at (8,16) size 784x20
      LayoutBlockFlow {p} at (0,0) size 784x20
        LayoutText {#text} at (0,0) size 594x19
          text run at (0,0) width 594: "You should see after this paragraph the words GENERATED CONTENT over green background"
        LayoutInline {<pseudo:after>} at (0,0) size 169x19 [bgcolor=#00FF00]
          LayoutTextFragment (anonymous) at (594,0) size 169x19
            text run at (594,0) width 169: "GENERATED CONTENT"
