layer at (0,0) size 800x600
  LayoutView at (0,0) size 800x600
layer at (0,0) size 800x515
  LayoutBlockFlow {HTML} at (0,0) size 800x514.94
    LayoutBlockFlow {BODY} at (8,8) size 784x490.94
      LayoutBlockFlow {UL} at (185.59,0) size 412.80x192
        LayoutListItem (floating) {LI} at (0,48) size 283.19x71.19
          LayoutBlockFlow {A} at (123.19,0) size 160x138.55 [color=#CCCCCC]
            LayoutBlockFlow {B} at (0,0) size 160x70 [border: none (40px solid #00000000) (69px solid #CCCCCC) (40px solid #00000000)]
            LayoutBlockFlow {B} at (0,70) size 160x70 [border: (69px solid #CCCCCC) (40px solid #00000000) none (40px solid #00000000)]
            LayoutBlockFlow {SPAN} at (8,61.13) size 144x18 [color=#000000]
              LayoutInline {ABBR} at (0,0) size 33x17
                LayoutText {#text} at (19,0) size 33x17
                  text run at (19,0) width 33: "CSS"
              LayoutText {#text} at (51,0) size 74x17
                text run at (51,0) width 74: " examples"
        LayoutListItem (floating) {LI} at (0,119.19) size 246.39x71.19
          LayoutBlockFlow {A} at (0,0) size 160x138.55 [color=#CCCCCC]
            LayoutBlockFlow {B} at (0,0) size 160x70 [border: none (40px solid #00000000) (69px solid #CCCCCC) (40px solid #00000000)]
            LayoutBlockFlow {B} at (0,70) size 160x70 [border: (69px solid #CCCCCC) (40px solid #00000000) none (40px solid #00000000)]
            LayoutBlockFlow {SPAN} at (8,61.13) size 144x18 [color=#000000]
              LayoutText {#text} at (41,0) size 62x17
                text run at (41,0) width 62: "Favelets"
        LayoutListItem (floating) {LI} at (246.39,119.19) size 160x71.19
          LayoutBlockFlow {A} at (0,0) size 160x138.55 [color=#CCCCCC]
            LayoutBlockFlow {B} at (0,0) size 160x70 [border: none (40px solid #00000000) (69px solid #CCCCCC) (40px solid #00000000)]
            LayoutBlockFlow {B} at (0,70) size 160x70 [border: (69px solid #CCCCCC) (40px solid #00000000) none (40px solid #00000000)]
            LayoutBlockFlow {SPAN} at (8,61.13) size 144x18 [color=#000000]
              LayoutInline {ABBR} at (0,0) size 24x17
                LayoutText {#text} at (60,0) size 24x17
                  text run at (60,0) width 24: "CV"
        LayoutListItem (floating) {LI} at (0,190.38) size 283.19x71.19
          LayoutBlockFlow {A} at (123.19,0) size 160x138.55 [color=#CCCCCC]
            LayoutBlockFlow {B} at (0,0) size 160x70 [border: none (40px solid #00000000) (69px solid #CCCCCC) (40px solid #00000000)]
            LayoutBlockFlow {B} at (0,70) size 160x70 [border: (69px solid #CCCCCC) (40px solid #00000000) none (40px solid #00000000)]
            LayoutBlockFlow {SPAN} at (8,61.13) size 144x18 [color=#000000]
              LayoutText {#text} at (61,0) size 22x17
                text run at (61,0) width 22: "log"
        LayoutListItem (floating) {LI} at (0,261.56) size 246.39x71.19
          LayoutBlockFlow {A} at (0,0) size 160x138.55 [color=#CCCCCC]
            LayoutBlockFlow {B} at (0,0) size 160x70 [border: none (40px solid #00000000) (69px solid #CCCCCC) (40px solid #00000000)]
            LayoutBlockFlow {B} at (0,70) size 160x70 [border: (69px solid #CCCCCC) (40px solid #00000000) none (40px solid #00000000)]
            LayoutBlockFlow {SPAN} at (8,61.13) size 144x18 [color=#000000]
              LayoutText {#text} at (0,0) size 52x17
                text run at (0,0) width 52: "simple "
              LayoutInline {ABBR} at (0,0) size 55x17
                LayoutText {#text} at (51,0) size 55x17
                  text run at (51,0) width 55: "XHTML"
              LayoutText {#text} at (105,0) size 39x17
                text run at (105,0) width 39: " tests"
        LayoutListItem (floating) {LI} at (246.39,261.56) size 160x71.19
          LayoutBlockFlow {A} at (0,0) size 160x138.55 [color=#CCCCCC]
            LayoutBlockFlow {B} at (0,0) size 160x70 [border: none (40px solid #00000000) (69px solid #CCCCCC) (40px solid #00000000)]
            LayoutBlockFlow {B} at (0,70) size 160x70 [border: (69px solid #CCCCCC) (40px solid #00000000) none (40px solid #00000000)]
            LayoutBlockFlow {SPAN} at (8,61.13) size 144x18 [color=#000000]
              LayoutText {#text} at (36,0) size 72x17
                text run at (36,0) width 72: "entrances"
        LayoutListItem (floating) {LI} at (0,332.75) size 283.19x71.19
          LayoutBlockFlow {A} at (123.19,0) size 160x138.55 [color=#CCCCCC]
            LayoutBlockFlow {B} at (0,0) size 160x70 [border: none (40px solid #00000000) (69px solid #CCCCCC) (40px solid #00000000)]
            LayoutBlockFlow {B} at (0,70) size 160x70 [border: (69px solid #CCCCCC) (40px solid #00000000) none (40px solid #00000000)]
            LayoutBlockFlow {SPAN} at (8,61.13) size 144x18 [color=#000000]
              LayoutText {#text} at (59,0) size 26x17
                text run at (59,0) width 26: "exit"
      LayoutBlockFlow {P} at (0,403.94) size 784x87
        LayoutText {#text} at (316,32) size 152x23
          text run at (316,32) width 152: "Ceci n'est pas Flash."
