layer at (0,0) size 800x600
  LayoutView at (0,0) size 800x600
layer at (0,0) size 800x166
  LayoutBlockFlow {HTML} at (0,0) size 800x166
    LayoutBlockFlow {BODY} at (8,8) size 784x38
      LayoutBlockFlow (floating) {DIV} at (532,0) size 252x102 [border: (1px solid #FF0000)]
        LayoutText {#text} at (1,1) size 85x17
          text run at (1,1) width 85: "TOP-RIGHT"
        LayoutBR {BR} at (85,1) size 1x17
        LayoutText {#text} at (1,19) size 69x17
          text run at (1,19) width 69: "float:right;"
        LayoutBR {BR} at (69,19) size 1x17
        LayoutText {#text} at (1,37) size 90x17
          text run at (1,37) width 90: "width: 250px;"
        LayoutBR {BR} at (90,37) size 1x17
        LayoutText {#text} at (1,55) size 89x17
          text run at (1,55) width 89: "height:100px;"
      LayoutBlockFlow {DIV} at (0,0) size 394x38 [border: (1px solid #FF0000)]
        LayoutText {#text} at (1,1) size 30x17
          text run at (1,1) width 30: "TOP"
        LayoutBR {BR} at (30,1) size 1x17
        LayoutText {#text} at (1,19) size 75x17
          text run at (1,19) width 75: "width:50%;"
      LayoutBlockFlow (floating) {DIV} at (0,102) size 112.81x56 [border: (1px solid #FF0000)]
        LayoutText {#text} at (1,1) size 111x17
          text run at (1,1) width 111: "BOTTOM-LEFT"
        LayoutBR {BR} at (111,1) size 1x17
        LayoutText {#text} at (1,19) size 64x17
          text run at (1,19) width 64: "float: left;"
        LayoutBR {BR} at (64,19) size 1x17
        LayoutText {#text} at (1,37) size 73x17
          text run at (1,37) width 73: "clear: both;"
