layer at (0,0) size 800x600
  LayoutView at (0,0) size 800x600
layer at (0,0) size 800x158
  LayoutBlockFlow {HTML} at (0,0) size 800x158
    LayoutBlockFlow {BODY} at (8,16) size 784x126
      LayoutBlockFlow (floating) {DIV} at (554.23,0) size 229.77x58 [bgcolor=#CC6666]
        LayoutText {#text} at (20,20) size 190x17
          text run at (20,20) width 190: "DIV NUMBER 1: float:right;"
      LayoutBlockFlow (floating) {DIV} at (480.05,58) size 303.95x58 [bgcolor=#99CC66]
        LayoutText {#text} at (20,20) size 264x17
          text run at (20,20) width 264: "DIV NUMBER 2: clear:right; float:right;"
      LayoutBlockFlow (floating) {DIV} at (0,58) size 220.88x58 [bgcolor=#6699FF]
        LayoutText {#text} at (20,20) size 181x17
          text run at (20,20) width 181: "DIV NUMBER 3: float:left;"
      LayoutBlockFlow {P} at (0,0) size 784x126
        LayoutText {#text} at (0,0) size 554x107
          text run at (0,0) width 543: "The first element is floated to the right. The second element clears the right float and"
          text run at (0,18) width 554: "also floats right. The third element is floated to the left, but is forced below the bottom"
          text run at (0,36) width 552: "of the first element. Yet, somehow this paragraph comes at the end of the markup, and"
          text run at (220,54) width 244: "manages to rise to the top of the page."
          text run at (220,72) width 226: "This behavior is present in Firefox,"
          text run at (220,90) width 118: "Safari and Opera. "
        LayoutInline {A} at (0,0) size 255x35 [color=#0000EE]
          LayoutInline {STRONG} at (0,0) size 255x35
            LayoutText {#text} at (337,90) size 255x35
              text run at (337,90) width 138: "Click here for a real"
              text run at (220,108) width 182: "world example of this bug."
