layer at (0,0) size 800x600
  LayoutView at (0,0) size 800x600
layer at (0,0) size 800x600
  LayoutBlockFlow {HTML} at (0,0) size 800x600
    LayoutBlockFlow {BODY} at (8,8) size 784x584
      LayoutBlockFlow {P} at (0,0) size 784x36
        LayoutText {#text} at (0,0) size 144x17
          text run at (0,0) width 144: "This is a pixel test for "
        LayoutInline {I} at (0,0) size 774x35
          LayoutInline {A} at (0,0) size 353x17 [color=#0000EE]
            LayoutText {#text} at (143,0) size 353x17
              text run at (143,0) width 353: "http://bugzilla.opendarwin.org/show_bug.cgi?id=4334"
          LayoutText {#text} at (495,0) size 774x35
            text run at (495,0) width 5: " "
            text run at (499,0) width 275: "REGRESSION: Flickering when css-hover"
            text run at (0,18) width 278: "should change opacity on floating elements"
        LayoutText {#text} at (277,18) size 5x17
          text run at (277,18) width 5: "."
      LayoutBlockFlow {P} at (0,52) size 784x18
        LayoutText {#text} at (0,0) size 281x17
          text run at (0,0) width 281: "There should be a solid green square below."
      LayoutBlockFlow {HR} at (0,86) size 784x2 [border: (1px inset #EEEEEE)]
      LayoutBlockFlow (floating) {DIV} at (0,96) size 100x100 [bgcolor=#008000]
