layer at (0,0) size 800x600
  LayoutView at (0,0) size 800x600
layer at (0,0) size 800x600
  LayoutBlockFlow {HTML} at (0,0) size 800x600
    LayoutBlockFlow {BODY} at (8,8) size 784x584
      LayoutBlockFlow {P} at (0,0) size 784x36
        LayoutText {#text} at (0,0) size 177x17
          text run at (0,0) width 177: "This is a regression test for "
        LayoutInline {I} at (0,0) size 755x35
          LayoutInline {A} at (0,0) size 354x17 [color=#0000EE]
            LayoutText {#text} at (176,0) size 354x17
              text run at (176,0) width 354: "http://bugzilla.opendarwin.org/show_bug.cgi?id=7395"
          LayoutText {#text} at (529,0) size 755x35
            text run at (529,0) width 5: " "
            text run at (533,0) width 222: "Table not properly re-flowed when"
            text run at (0,18) width 205: "floated div removed from layout"
        LayoutText {#text} at (204,18) size 5x17
          text run at (204,18) width 5: "."
      LayoutBlockFlow {P} at (0,52) size 784x18
        LayoutText {#text} at (0,0) size 267x17
          text run at (0,0) width 267: "The two boxes below should be identical."
      LayoutBlockFlow {HR} at (0,86) size 784x2 [border: (1px inset #EEEEEE)]
      LayoutBlockFlow {DIV} at (0,96) size 200x60 [bgcolor=#C0C0C0]
        LayoutTable {TABLE} at (0,0) size 200x60
          LayoutTableSection {TBODY} at (0,0) size 200x60
            LayoutTableRow {TR} at (0,2) size 200x56
              LayoutTableCell {TD} at (2,2) size 196x56 [r=0 c=0 rs=1 cs=1]
                LayoutText {#text} at (1,1) size 182x53
                  text run at (1,1) width 182: "Lorem ipsum dolor sit amet,"
                  text run at (1,19) width 179: "consectetuer adipiscing elit."
                  text run at (1,37) width 81: "Nunc neque."
      LayoutBlockFlow (anonymous) at (0,156) size 784x18
        LayoutBR {BR} at (0,0) size 0x17
      LayoutBlockFlow {DIV} at (0,174) size 200x60 [bgcolor=#C0C0C0]
        LayoutTable {TABLE} at (0,0) size 200x60
          LayoutTableSection {TBODY} at (0,0) size 200x60
            LayoutTableRow {TR} at (0,2) size 200x56
              LayoutTableCell {TD} at (2,2) size 196x56 [r=0 c=0 rs=1 cs=1]
                LayoutText {#text} at (1,1) size 182x53
                  text run at (1,1) width 182: "Lorem ipsum dolor sit amet,"
                  text run at (1,19) width 179: "consectetuer adipiscing elit."
                  text run at (1,37) width 81: "Nunc neque."
