layer at (0,0) size 800x600
  LayoutView at (0,0) size 800x600
layer at (0,0) size 800x600
  LayoutBlockFlow {HTML} at (0,0) size 800x600
    LayoutBlockFlow {BODY} at (8,8) size 784x584
      LayoutBlockFlow (floating) {P} at (242.34,16) size 541.66x18
        LayoutText {#text} at (0,0) size 542x17
          text run at (0,0) width 542: "The 'hr' below should span the width of the page, not just to the left edge of this text."
      LayoutBlockFlow {HR} at (0,50) size 784x2 [border: (1px inset #EEEEEE)]
      LayoutBlockFlow (floating) {P} at (230.34,76) size 553.66x18
        LayoutText {#text} at (0,0) size 554x17
          text run at (0,0) width 554: "The table below should span the width of the page, not just to the left edge of this text."
      LayoutTable {TABLE} at (0,110) size 784x64 [border: (10px outset #808080)]
        LayoutTableSection {TBODY} at (10,10) size 764x44
          LayoutTableRow {TR} at (0,2) size 764x40
            LayoutTableCell {TD} at (2,2) size 760x40 [border: (1px inset #808080)] [r=0 c=0 rs=1 cs=1]
              LayoutText {#text} at (2,2) size 737x35
                text run at (2,2) width 375: "This is a table that should fill the entire width of the page. "
                text run at (376,2) width 363: "It should clear the float and then take up the width of the"
                text run at (2,20) width 208: "page. If it doesn't then it's a bug."
      LayoutBlockFlow (floating) {P} at (350.33,190) size 433.67x18
        LayoutText {#text} at (0,0) size 434x17
          text run at (0,0) width 434: "The overflow auto section below should span the width of the page."
layer at (8,232) size 784x36
  LayoutBlockFlow {DIV} at (0,224) size 784x36
    LayoutText {#text} at (0,0) size 779x35
      text run at (0,0) width 364: "This is a div that should fill the entire width of the page. "
      text run at (363,0) width 416: "It should clear the float and then take up the width of the page. If"
      text run at (0,18) width 155: "it doesn't then it's a bug."
