layer at (0,0) size 800x600
  LayoutView at (0,0) size 800x600
layer at (0,0) size 800x600
  LayoutBlockFlow {HTML} at (0,0) size 800x600
    LayoutBlockFlow {BODY} at (8,8) size 784x576
      LayoutBlockFlow {P} at (0,0) size 784x40
        LayoutText {#text} at (0,0) size 50x19
          text run at (0,0) width 50: "Test for "
        LayoutInline {I} at (0,0) size 751x39
          LayoutInline {A} at (0,0) size 303x19 [color=#0000EE]
            LayoutText {#text} at (49,0) size 303x19
              text run at (49,0) width 303: "http://bugs.webkit.org/show_bug.cgi?id=11124"
          LayoutText {#text} at (351,0) size 751x39
            text run at (351,0) width 5: " "
            text run at (355,0) width 396: "REGRESSION (r14297): No drag image for partially-selected"
            text run at (0,20) width 83: "complex text"
        LayoutText {#text} at (83,20) size 4x19
          text run at (83,20) width 4: "."
      LayoutBlockFlow {P} at (0,56) size 784x20
        LayoutText {#text} at (0,0) size 134x19
          text run at (0,0) width 134: "This should look like \x{201C}"
        LayoutInline {SPAN} at (0,0) size 79x19 [color=#008000]
          LayoutText {#text} at (134,0) size 79x19
            text run at (134,0) width 79: "Lore\x{300}m ipsum"
        LayoutText {#text} at (213,0) size 13x19
          text run at (213,0) width 13: "\x{201D}: "
        LayoutInline {SPAN} at (0,0) size 83x19
          LayoutText {#text} at (226,0) size 83x19
            text run at (226,0) width 83: " Lore\x{300}m ipsum"
        LayoutText {#text} at (0,0) size 0x0
selection start: position 1 of child 0 {#text} of child 3 {SPAN} of child 2 {P} of body
selection end:   position 13 of child 0 {#text} of child 3 {SPAN} of child 2 {P} of body
