layer at (0,0) size 800x600
  LayoutView at (0,0) size 800x600
layer at (0,0) size 800x600
  LayoutBlockFlow {HTML} at (0,0) size 800x600
    LayoutBlockFlow {BODY} at (8,8) size 784x576
      LayoutBlockFlow {P} at (0,0) size 784x40
        LayoutText {#text} at (0,0) size 202x19
          text run at (0,0) width 202: "This tests for a regression against "
        LayoutInline {I} at (0,0) size 733x39
          LayoutInline {A} at (0,0) size 350x19 [color=#0000EE]
            LayoutText {#text} at (202,0) size 350x19
              text run at (202,0) width 350: "http://bugzilla.opendarwin.org/show_bug.cgi?id=6397"
          LayoutText {#text} at (551,0) size 733x39
            text run at (551,0) width 182: " ATSUI small caps use small"
            text run at (0,20) width 77: "punctuation"
        LayoutText {#text} at (77,20) size 4x19
          text run at (77,20) width 4: "."
      LayoutBlockFlow {P} at (0,56) size 784x20
        LayoutText {#text} at (0,0) size 344x19
          text run at (0,0) width 344: "All four question marks below should be \x{201C}big\x{201D}, like this: ?"
      LayoutBlockFlow {HR} at (0,92) size 784x2 [border: (1px inset #EEEEEE)]
      LayoutBlockFlow {P} at (0,110) size 784x20
        LayoutText {#text} at (0,0) size 51x19
          text run at (0,0) width 51: "ATSUI: "
        LayoutInline {SPAN} at (0,0) size 40x19
          LayoutText {#text} at (50,0) size 40x19
            text run at (50,0) width 40: "A?b?e\x{300}"
      LayoutBlockFlow {P} at (0,146) size 784x20
        LayoutText {#text} at (0,0) size 29x19
          text run at (0,0) width 29: "CG: "
        LayoutInline {SPAN} at (0,0) size 39x19
          LayoutText {#text} at (29,0) size 39x19
            text run at (29,0) width 39: "A?b?e"
