layer at (0,0) size 800x600
  LayoutView at (0,0) size 800x600
layer at (0,0) size 800x600
  LayoutBlockFlow {HTML} at (0,0) size 800x600
    LayoutBlockFlow {BODY} at (0,0) size 800x600
      LayoutBlockFlow (anonymous) at (0,0) size 800x20
        LayoutText {#text} at (0,0) size 53x19
          text run at (0,0) width 53: "e\x{300}e\x{300}e\x{300}e\x{300}e\x{300}e\x{300}X"
      LayoutBlockFlow {HR} at (0,28) size 800x2 [border: (1px inset #EEEEEE)]
      LayoutBlockFlow (anonymous) at (0,38) size 800x40
        LayoutText {#text} at (0,0) size 197x19
          text run at (0,0) width 197: "This tests for regressions against "
        LayoutInline {I} at (0,0) size 775x39
          LayoutText {#text} at (197,0) size 775x39
            text run at (197,0) width 578: "http://bugzilla.opendarwin.org/show_bug.cgi?id=5878 pointToOffset always takes the CG"
            text run at (0,20) width 63: "code path"
        LayoutText {#text} at (63,20) size 603x19
          text run at (63,20) width 603: " by clicking the X and verifying that the correct caret position (13) is reported to the editing delegate."
caret: position 13 of child 2 {#text} of body
