layer at (0,0) size 800x600
  LayoutView at (0,0) size 800x600
layer at (0,0) size 800x600
  LayoutBlockFlow {HTML} at (0,0) size 800x600
    LayoutBlockFlow {BODY} at (8,8) size 784x576
      LayoutBlockFlow {P} at (0,0) size 784x40
        LayoutText {#text} at (0,0) size 99x19
          text run at (0,0) width 99: "This is a test for "
        LayoutInline {I} at (0,0) size 755x39
          LayoutText {#text} at (99,0) size 755x39
            text run at (99,0) width 656: "http://bugzilla.opendarwin.org/show_bug.cgi?id=6139 ATSUI code path should implement small caps,"
            text run at (0,20) width 412: "synthetic bold and oblique and correct metrics for fallback fonts"
        LayoutText {#text} at (411,20) size 5x19
          text run at (411,20) width 5: "."
      LayoutBlockFlow {HR} at (0,56) size 784x2 [border: (1px inset #EEEEEE)]
      LayoutBlockFlow {P} at (0,74) size 784x20
        LayoutText {#text} at (0,0) size 571x19
          text run at (0,0) width 571: "The two columns should be identical except for the accent over the e and the umlaut over the u."
      LayoutTable {TABLE} at (0,110) size 229x133 [border: none]
        LayoutTableSection {TBODY} at (0,0) size 228x132
          LayoutTableRow {TR} at (0,0) size 228x26
            LayoutTableCell {TD} at (0,0) size 114x26 [border: (1px solid #008000)] [r=0 c=0 rs=1 cs=1]
              LayoutText {#text} at (2,2) size 56x22
                text run at (2,2) width 56: "Lore\x{300}m "
              LayoutInline {SPAN} at (0,0) size 47x22
                LayoutText {#text} at (58,2) size 47x22
                  text run at (58,2) width 47: "ipsu\x{308}m"
              LayoutText {#text} at (0,0) size 0x0
            LayoutTableCell {TD} at (114,0) size 114x26 [border: (1px solid #008000)] [r=0 c=1 rs=1 cs=1]
              LayoutText {#text} at (2,2) size 56x22
                text run at (2,2) width 56: "Lorem "
              LayoutInline {SPAN} at (0,0) size 47x22
                LayoutText {#text} at (58,2) size 47x22
                  text run at (58,2) width 47: "ipsum"
              LayoutText {#text} at (0,0) size 0x0
          LayoutTableRow {TR} at (0,26) size 228x27
            LayoutTableCell {TD} at (0,26) size 114x27 [border: (1px solid #008000)] [r=1 c=0 rs=1 cs=1]
              LayoutText {#text} at (2,2) size 61x23
                text run at (2,2) width 61: "Lore\x{300}m "
              LayoutInline {SPAN} at (0,0) size 48x23
                LayoutText {#text} at (63,2) size 48x23
                  text run at (63,2) width 48: "ipsu\x{308}m"
              LayoutText {#text} at (0,0) size 0x0
            LayoutTableCell {TD} at (114,26) size 114x27 [border: (1px solid #008000)] [r=1 c=1 rs=1 cs=1]
              LayoutText {#text} at (2,2) size 61x23
                text run at (2,2) width 61: "Lorem "
              LayoutInline {SPAN} at (0,0) size 49x23
                LayoutText {#text} at (62,2) size 49x23
                  text run at (62,2) width 49: "ipsum"
              LayoutText {#text} at (0,0) size 0x0
          LayoutTableRow {TR} at (0,53) size 228x26
            LayoutTableCell {TD} at (0,53) size 114x26 [border: (1px solid #008000)] [r=2 c=0 rs=1 cs=1]
              LayoutText {#text} at (2,2) size 57x22
                text run at (2,2) width 57: "Lore\x{300}m "
              LayoutInline {SPAN} at (0,0) size 48x22
                LayoutText {#text} at (59,2) size 48x22
                  text run at (59,2) width 48: "ipsu\x{308}m"
              LayoutText {#text} at (0,0) size 0x0
            LayoutTableCell {TD} at (114,53) size 114x26 [border: (1px solid #008000)] [r=2 c=1 rs=1 cs=1]
              LayoutText {#text} at (2,2) size 57x22
                text run at (2,2) width 57: "Lorem "
              LayoutInline {SPAN} at (0,0) size 49x22
                LayoutText {#text} at (58,2) size 49x22
                  text run at (58,2) width 49: "ipsum"
              LayoutText {#text} at (0,0) size 0x0
          LayoutTableRow {TR} at (0,79) size 228x27
            LayoutTableCell {TD} at (0,79) size 114x27 [border: (1px solid #008000)] [r=3 c=0 rs=1 cs=1]
              LayoutText {#text} at (2,2) size 60x23
                text run at (2,2) width 60: "Lore\x{300}m "
              LayoutInline {SPAN} at (0,0) size 51x23
                LayoutText {#text} at (62,2) size 51x23
                  text run at (62,2) width 51: "ipsu\x{308}m"
              LayoutText {#text} at (0,0) size 0x0
            LayoutTableCell {TD} at (114,79) size 114x27 [border: (1px solid #008000)] [r=3 c=1 rs=1 cs=1]
              LayoutText {#text} at (2,2) size 60x23
                text run at (2,2) width 60: "Lorem "
              LayoutInline {SPAN} at (0,0) size 51x23
                LayoutText {#text} at (62,2) size 51x23
                  text run at (62,2) width 51: "ipsum"
              LayoutText {#text} at (0,0) size 0x0
          LayoutTableRow {TR} at (0,106) size 228x26
            LayoutTableCell {TD} at (0,106) size 114x26 [border: (1px solid #008000)] [r=4 c=0 rs=1 cs=1]
              LayoutText {#text} at (2,2) size 97x22
                text run at (2,2) width 97: "Lore\x{300}m ipsu\x{308}m"
            LayoutTableCell {TD} at (114,106) size 114x26 [border: (1px solid #008000)] [r=4 c=1 rs=1 cs=1]
              LayoutText {#text} at (2,2) size 97x22
                text run at (2,2) width 97: "Lorem ipsum"
      LayoutBlockFlow {HR} at (0,251) size 784x2 [border: (1px inset #EEEEEE)]
      LayoutBlockFlow {P} at (0,269) size 784x20
        LayoutText {#text} at (0,0) size 257x19
          text run at (0,0) width 257: "The following two lines should be identical."
      LayoutBlockFlow {P} at (0,305) size 784x34
        LayoutInline {SPAN} at (0,0) size 362x22 [border: (1px solid #008000)]
          LayoutText {#text} at (1,7) size 360x20
            text run at (1,7) width 360: "\x{E01}\x{E02}\x{E03}\x{E04}\x{E05}\x{E06}\x{E07}\x{E08}\x{E01}\x{E02}\x{E03}\x{E04}\x{E05}\x{E06}\x{E07}\x{E08}\x{E01}\x{E02}\x{E03}\x{E04}\x{E05}\x{E06}\x{E07}\x{E08}\x{E01}\x{E02}\x{E03}\x{E04}\x{E05}\x{E06}\x{E07}\x{E08}"
        LayoutText {#text} at (0,0) size 0x0
      LayoutBlockFlow {P} at (0,355) size 784x34
        LayoutInline {SPAN} at (0,0) size 362x22 [border: (1px solid #008000)]
          LayoutText {#text} at (1,7) size 360x20
            text run at (1,7) width 360: "\x{E01}\x{E02}\x{E03}\x{E04}\x{E05}\x{E06}\x{E07}\x{E08}\x{E01}\x{E02}\x{E03}\x{E04}\x{E05}\x{E06}\x{E07}\x{E08}\x{E01}\x{E02}\x{E03}\x{E04}\x{E05}\x{E06}\x{E07}\x{E08}\x{E01}\x{E02}\x{E03}\x{E04}\x{E05}\x{E06}\x{E07}\x{E08}"
        LayoutText {#text} at (0,0) size 0x0
