layer at (0,0) size 800x600
  LayoutView at (0,0) size 800x600
layer at (0,0) size 800x600
  LayoutBlockFlow {HTML} at (0,0) size 800x600
    LayoutBlockFlow {BODY} at (8,8) size 784x584
      LayoutBlockFlow {P} at (0,0) size 784x20
        LayoutText {#text} at (0,0) size 490x19
          text run at (0,0) width 490: "In each box below, the words or letters should be in the same order on every line."
      LayoutBlockFlow {DIV} at (8,36) size 768x70 [border: (1px solid #ADD8E6)]
        LayoutBlockFlow {DIV} at (5,5) size 758x20
          LayoutText {#text} at (0,0) size 44x19
            text run at (0,0) width 44: "Lorem "
          LayoutInline {SPAN} at (0,0) size 71x19
            LayoutText {#text} at (44,0) size 71x19
              text run at (44,0) width 71: "ipsum dolor"
          LayoutText {#text} at (115,0) size 54x19
            text run at (115,0) width 54: " sit amet."
        LayoutBlockFlow {DIV} at (5,25) size 758x20
          LayoutText {#text} at (0,0) size 44x19
            text run at (0,0) width 44: "Lorem "
          LayoutInline {SPAN} at (0,0) size 35x19
            LayoutText {#text} at (44,0) size 35x19
              text run at (44,0) width 35: "ipsum"
          LayoutInline {SPAN} at (0,0) size 36x19
            LayoutText {#text} at (79,0) size 36x19
              text run at (79,0) width 36: " dolor"
          LayoutText {#text} at (115,0) size 54x19
            text run at (115,0) width 54: " sit amet."
        LayoutBlockFlow {DIV} at (5,45) size 758x20
          LayoutText {#text} at (0,0) size 44x19
            text run at (0,0) width 44: "Lorem "
          LayoutInline {SPAN} at (0,0) size 39x19
            LayoutText {#text} at (44,0) size 39x19
              text run at (44,0) width 39: "ipsum "
          LayoutInline {B} at (0,0) size 91x19
            LayoutInline {SPAN} at (0,0) size 34x19
              LayoutText {#text} at (83,0) size 34x19
                text run at (83,0) width 34: "dolor"
            LayoutText {#text} at (116,0) size 5x19
              text run at (116,0) width 5: " "
            LayoutInline {I} at (0,0) size 17x19
              LayoutText {#text} at (120,0) size 17x19
                text run at (120,0) width 17: "sit"
            LayoutText {#text} at (136,0) size 38x19
              text run at (136,0) width 38: " amet"
          LayoutText {#text} at (173,0) size 5x19
            text run at (173,0) width 5: "."
      LayoutBlockFlow {DIV} at (8,114) size 768x70 [border: (1px solid #ADD8E6)]
        LayoutBlockFlow {DIV} at (5,5) size 758x20
          LayoutText {#text} at (0,0) size 44x19
            text run at (0,0) width 44: "Lorem "
          LayoutInline {SPAN} at (0,0) size 53x19
            LayoutText {#text} at (44,0) size 53x19
              text run at (44,0) width 18 RTL: " \x{5DB}\x{5DC}"
              text run at (62,0) width 7: "if"
              text run at (69,0) width 28 RTL: "\x{5D9}\x{5D5}\x{5EA}\x{5E8} "
          LayoutText {#text} at (97,0) size 54x19
            text run at (97,0) width 54: " sit amet."
        LayoutBlockFlow {DIV} at (5,25) size 758x20
          LayoutText {#text} at (0,0) size 44x19
            text run at (0,0) width 44: "Lorem "
          LayoutInline {SPAN} at (0,0) size 28x19
            LayoutText {#text} at (69,0) size 28x19
              text run at (69,0) width 28 RTL: "\x{5D9}\x{5D5}\x{5EA}\x{5E8} "
          LayoutInline {SPAN} at (0,0) size 25x19
            LayoutText {#text} at (44,0) size 25x19
              text run at (44,0) width 18 RTL: " \x{5DB}\x{5DC}"
              text run at (62,0) width 7: "if"
          LayoutText {#text} at (97,0) size 54x19
            text run at (97,0) width 54: " sit amet."
        LayoutBlockFlow {DIV} at (5,45) size 758x20
          LayoutText {#text} at (0,0) size 44x19
            text run at (0,0) width 44: "Lorem "
          LayoutInline {SPAN} at (0,0) size 28x19
            LayoutText {#text} at (71,0) size 28x19
              text run at (71,0) width 28 RTL: "\x{5D9}\x{5D5}\x{5EA}\x{5E8} "
          LayoutInline {B} at (0,0) size 112x19
            LayoutInline {SPAN} at (0,0) size 27x19
              LayoutText {#text} at (44,0) size 27x19
                text run at (44,0) width 18 RTL: " \x{5DB}\x{5DC}"
                text run at (62,0) width 9: "if"
            LayoutText {#text} at (99,0) size 4x19
              text run at (99,0) width 4: " "
            LayoutInline {I} at (0,0) size 16x19
              LayoutText {#text} at (103,0) size 16x19
                text run at (103,0) width 16: "sit"
            LayoutText {#text} at (119,0) size 37x19
              text run at (119,0) width 37: " amet"
          LayoutText {#text} at (156,0) size 4x19
            text run at (156,0) width 4: "."
      LayoutBlockFlow {DIV} at (8,192) size 768x50 [border: (1px solid #ADD8E6)]
        LayoutBlockFlow {DIV} at (5,5) size 758x20
          LayoutInline {SPAN} at (0,0) size 19x19
            LayoutText {#text} at (0,0) size 19x19
              text run at (0,0) width 19: "a b"
          LayoutText {#text} at (0,0) size 0x0
        LayoutBlockFlow {DIV} at (5,25) size 758x20
          LayoutInline {SPAN} at (0,0) size 7x19
            LayoutText {#text} at (0,0) size 7x19
              text run at (0,0) width 7: "a"
          LayoutInline {SPAN} at (0,0) size 12x19
            LayoutText {#text} at (7,0) size 12x19
              text run at (7,0) width 12: " b"
          LayoutText {#text} at (0,0) size 0x0
      LayoutBlockFlow {DIV} at (8,250) size 768x70 [border: (1px solid #ADD8E6)]
        LayoutBlockFlow {DIV} at (5,5) size 758x20
          LayoutText {#text} at (730,0) size 28x19
            text run at (730,0) width 28 RTL: "\x{5D0}\x{5D7}\x{5EA} "
          LayoutInline {SPAN} at (0,0) size 69x19
            LayoutText {#text} at (661,0) size 69x19
              text run at (661,0) width 69 RTL: "\x{5E9}\x{5EA}\x{5D9}\x{5D9}\x{5DD} \x{5E9}\x{5DC}\x{5D5}\x{5E9}"
          LayoutText {#text} at (593,0) size 68x19
            text run at (593,0) width 68 RTL: " \x{5D0}\x{5E8}\x{5D1}\x{5E2} \x{5D7}\x{5DE}\x{5E9}."
        LayoutBlockFlow {DIV} at (5,25) size 758x20
          LayoutText {#text} at (730,0) size 28x19
            text run at (730,0) width 28 RTL: "\x{5D0}\x{5D7}\x{5EA} "
          LayoutInline {SPAN} at (0,0) size 34x19
            LayoutText {#text} at (696,0) size 34x19
              text run at (696,0) width 34 RTL: "\x{5E9}\x{5EA}\x{5D9}\x{5D9}\x{5DD}"
          LayoutInline {SPAN} at (0,0) size 35x19
            LayoutText {#text} at (661,0) size 35x19
              text run at (661,0) width 35 RTL: " \x{5E9}\x{5DC}\x{5D5}\x{5E9}"
          LayoutText {#text} at (593,0) size 68x19
            text run at (593,0) width 68 RTL: " \x{5D0}\x{5E8}\x{5D1}\x{5E2} \x{5D7}\x{5DE}\x{5E9}."
        LayoutBlockFlow {DIV} at (5,45) size 758x20
          LayoutText {#text} at (730,0) size 28x19
            text run at (730,0) width 28 RTL: "\x{5D0}\x{5D7}\x{5EA} "
          LayoutInline {SPAN} at (0,0) size 38x19
            LayoutText {#text} at (692,0) size 38x19
              text run at (692,0) width 38 RTL: "\x{5E9}\x{5EA}\x{5D9}\x{5D9}\x{5DD} "
          LayoutInline {B} at (0,0) size 101x19
            LayoutInline {SPAN} at (0,0) size 34x19
              LayoutText {#text} at (658,0) size 34x19
                text run at (658,0) width 34 RTL: "\x{5E9}\x{5DC}\x{5D5}\x{5E9}"
            LayoutText {#text} at (654,0) size 4x19
              text run at (654,0) width 4 RTL: " "
            LayoutInline {I} at (0,0) size 31x19
              LayoutText {#text} at (623,0) size 31x19
                text run at (623,0) width 31 RTL: "\x{5D0}\x{5E8}\x{5D1}\x{5E2}"
            LayoutText {#text} at (591,0) size 32x19
              text run at (591,0) width 32 RTL: " \x{5D7}\x{5DE}\x{5E9}"
          LayoutText {#text} at (587,0) size 4x19
            text run at (587,0) width 4 RTL: "."
