layer at (0,0) size 800x600
  LayoutView at (0,0) size 800x600
layer at (0,0) size 800x600
  LayoutBlockFlow {HTML} at (0,0) size 800x600
    LayoutBlockFlow {BODY} at (8,8) size 784x576
      LayoutBlockFlow {P} at (0,0) size 784x40
        LayoutText {#text} at (0,0) size 50x19
          text run at (0,0) width 50: "Test for "
        LayoutInline {I} at (0,0) size 773x39
          LayoutInline {A} at (0,0) size 305x19 [color=#0000EE]
            LayoutText {#text} at (49,0) size 305x19
              text run at (49,0) width 305: "http://bugs.webkit.org/show_bug.cgi?id=11671"
          LayoutText {#text} at (353,0) size 773x39
            text run at (353,0) width 5: " "
            text run at (357,0) width 416: "REGRESSION (r13702): text-transform: capitalize changes non-"
            text run at (0,20) width 166: "breaking spaces to spaces"
        LayoutText {#text} at (165,20) size 5x19
          text run at (165,20) width 5: "."
      LayoutBlockFlow {P} at (0,56) size 784x20
        LayoutText {#text} at (0,0) size 268x19
          text run at (0,0) width 268: "The next three lines should all look the same."
      LayoutBlockFlow {P} at (0,92) size 784x20
        LayoutText {#text} at (0,0) size 97x19
          text run at (0,0) width 97: "Lorem     Ipsum"
      LayoutBlockFlow {P} at (0,128) size 784x20
        LayoutText {#text} at (0,0) size 60x19
          text run at (0,0) width 60: "Lorem     "
        LayoutInline {SPAN} at (0,0) size 37x19
          LayoutText {#text} at (60,0) size 37x19
            text run at (60,0) width 37: "Ipsum"
      LayoutBlockFlow {P} at (0,164) size 784x20
        LayoutText {#text} at (0,0) size 97x19
          text run at (0,0) width 97: "Lorem     Ipsum"
