layer at (0,0) size 800x600
  LayoutView at (0,0) size 800x600
layer at (0,0) size 800x600
  LayoutBlockFlow {HTML} at (0,0) size 800x600
    LayoutBlockFlow {BODY} at (8,8) size 784x576
      LayoutBlockFlow {P} at (0,0) size 784x20
        LayoutText {#text} at (0,0) size 50x19
          text run at (0,0) width 50: "Test for "
        LayoutInline {I} at (0,0) size 729x19
          LayoutInline {A} at (0,0) size 160x19 [color=#0000EE]
            LayoutText {#text} at (49,0) size 160x19
              text run at (49,0) width 160: "http://crbug.com/373389"
          LayoutText {#text} at (208,0) size 570x19
            text run at (208,0) width 5: " "
            text run at (212,0) width 566: "When a webfont is missing a glyph, synthesization from the fallback font isn't happening"
        LayoutText {#text} at (777,0) size 5x19
          text run at (777,0) width 5: "."
      LayoutBlockFlow {P} at (0,36) size 784x37
        LayoutText {#text} at (0,14) size 174x19
          text run at (0,14) width 174: "A synthesized oblique bullet: "
        LayoutInline {SPAN} at (0,0) size 19x32
          LayoutText {#text} at (174,3) size 19x32
            text run at (174,3) width 19: "\x{25CF}"
        LayoutText {#text} at (0,0) size 0x0
