layer at (0,0) size 800x600
  LayoutView at (0,0) size 800x600
layer at (0,0) size 800x416
  LayoutBlockFlow {HTML} at (0,0) size 800x416
    LayoutBlockFlow {BODY} at (8,8) size 784x400
      LayoutBlockFlow {H1} at (0,0) size 784x24
        LayoutText {#text} at (0,0) size 247x23
          text run at (0,0) width 247: "Tests support for font-stretch"
      LayoutBlockFlow {P} at (0,26) size 784x17
        LayoutText {#text} at (0,0) size 233x16
          text run at (0,0) width 233: "Tests that CSS font-stretch is supported."
      LayoutBlockFlow {SECTION} at (0,51) size 784x175
        LayoutBlockFlow {H2} at (0,0) size 784x20
          LayoutText {#text} at (0,0) size 62x19
            text run at (0,0) width 62: "Segoe UI"
        LayoutBlockFlow {P} at (0,22) size 784x17
          LayoutBlockFlow {SPAN} at (0,0) size 210x17
            LayoutText {#text} at (0,0) size 164x16
              text run at (0,0) width 164: "font-stretch: ultra-condensed"
          LayoutText {#text} at (210,0) size 354x16
            text run at (210,0) width 354: " - Just poets wax boldly as kings and queens march over fuzz."
        LayoutBlockFlow {P} at (0,39) size 784x17
          LayoutBlockFlow {SPAN} at (0,0) size 210x17
            LayoutText {#text} at (0,0) size 167x16
              text run at (0,0) width 167: "font-stretch: extra-condensed"
          LayoutText {#text} at (210,0) size 354x16
            text run at (210,0) width 354: " - Just poets wax boldly as kings and queens march over fuzz."
        LayoutBlockFlow {P} at (0,56) size 784x17
          LayoutBlockFlow {SPAN} at (0,0) size 210x17
            LayoutText {#text} at (0,0) size 134x16
              text run at (0,0) width 134: "font-stretch: condensed"
          LayoutText {#text} at (210,0) size 354x16
            text run at (210,0) width 354: " - Just poets wax boldly as kings and queens march over fuzz."
        LayoutBlockFlow {P} at (0,73) size 784x17
          LayoutBlockFlow {SPAN} at (0,0) size 210x17
            LayoutText {#text} at (0,0) size 165x16
              text run at (0,0) width 165: "font-stretch: semi-condensed"
          LayoutText {#text} at (210,0) size 354x16
            text run at (210,0) width 354: " - Just poets wax boldly as kings and queens march over fuzz."
        LayoutBlockFlow {P} at (0,90) size 784x17
          LayoutBlockFlow {SPAN} at (0,0) size 210x17
            LayoutText {#text} at (0,0) size 113x16
              text run at (0,0) width 113: "font-stretch: normal"
          LayoutText {#text} at (210,0) size 354x16
            text run at (210,0) width 354: " - Just poets wax boldly as kings and queens march over fuzz."
        LayoutBlockFlow {P} at (0,107) size 784x17
          LayoutBlockFlow {SPAN} at (0,0) size 210x17
            LayoutText {#text} at (0,0) size 158x16
              text run at (0,0) width 158: "font-stretch: semi-expanded"
          LayoutText {#text} at (210,0) size 354x16
            text run at (210,0) width 354: " - Just poets wax boldly as kings and queens march over fuzz."
        LayoutBlockFlow {P} at (0,124) size 784x17
          LayoutBlockFlow {SPAN} at (0,0) size 210x17
            LayoutText {#text} at (0,0) size 127x16
              text run at (0,0) width 127: "font-stretch: expanded"
          LayoutText {#text} at (210,0) size 354x16
            text run at (210,0) width 354: " - Just poets wax boldly as kings and queens march over fuzz."
        LayoutBlockFlow {P} at (0,141) size 784x17
          LayoutBlockFlow {SPAN} at (0,0) size 210x17
            LayoutText {#text} at (0,0) size 160x16
              text run at (0,0) width 160: "font-stretch: extra-expanded"
          LayoutText {#text} at (210,0) size 354x16
            text run at (210,0) width 354: " - Just poets wax boldly as kings and queens march over fuzz."
        LayoutBlockFlow {P} at (0,158) size 784x17
          LayoutBlockFlow {SPAN} at (0,0) size 210x17
            LayoutText {#text} at (0,0) size 157x16
              text run at (0,0) width 157: "font-stretch: ultra-expanded"
          LayoutText {#text} at (210,0) size 354x16
            text run at (210,0) width 354: " - Just poets wax boldly as kings and queens march over fuzz."
      LayoutBlockFlow {SECTION} at (0,234) size 784x166
        LayoutBlockFlow {H2} at (0,0) size 784x20
          LayoutText {#text} at (0,0) size 34x19
            text run at (0,0) width 34: "Arial"
        LayoutBlockFlow {P} at (0,22) size 784x16
          LayoutBlockFlow {SPAN} at (0,0) size 240x16
            LayoutText {#text} at (0,0) size 183x16
              text run at (0,0) width 183: "font-stretch: ultra-condensed"
          LayoutText {#text} at (240,0) size 387x16
            text run at (240,0) width 387: " - Just poets wax boldly as kings and queens march over fuzz."
        LayoutBlockFlow {P} at (0,38) size 784x16
          LayoutBlockFlow {SPAN} at (0,0) size 240x16
            LayoutText {#text} at (0,0) size 186x16
              text run at (0,0) width 186: "font-stretch: extra-condensed"
          LayoutText {#text} at (240,0) size 387x16
            text run at (240,0) width 387: " - Just poets wax boldly as kings and queens march over fuzz."
        LayoutBlockFlow {P} at (0,54) size 784x16
          LayoutBlockFlow {SPAN} at (0,0) size 240x16
            LayoutText {#text} at (0,0) size 150x16
              text run at (0,0) width 150: "font-stretch: condensed"
          LayoutText {#text} at (240,0) size 387x16
            text run at (240,0) width 387: " - Just poets wax boldly as kings and queens march over fuzz."
        LayoutBlockFlow {P} at (0,70) size 784x16
          LayoutBlockFlow {SPAN} at (0,0) size 240x16
            LayoutText {#text} at (0,0) size 184x16
              text run at (0,0) width 184: "font-stretch: semi-condensed"
          LayoutText {#text} at (240,0) size 387x16
            text run at (240,0) width 387: " - Just poets wax boldly as kings and queens march over fuzz."
        LayoutBlockFlow {P} at (0,86) size 784x16
          LayoutBlockFlow {SPAN} at (0,0) size 240x16
            LayoutText {#text} at (0,0) size 123x16
              text run at (0,0) width 123: "font-stretch: normal"
          LayoutText {#text} at (240,0) size 387x16
            text run at (240,0) width 387: " - Just poets wax boldly as kings and queens march over fuzz."
        LayoutBlockFlow {P} at (0,102) size 784x16
          LayoutBlockFlow {SPAN} at (0,0) size 240x16
            LayoutText {#text} at (0,0) size 176x16
              text run at (0,0) width 176: "font-stretch: semi-expanded"
          LayoutText {#text} at (240,0) size 387x16
            text run at (240,0) width 387: " - Just poets wax boldly as kings and queens march over fuzz."
        LayoutBlockFlow {P} at (0,118) size 784x16
          LayoutBlockFlow {SPAN} at (0,0) size 240x16
            LayoutText {#text} at (0,0) size 142x16
              text run at (0,0) width 142: "font-stretch: expanded"
          LayoutText {#text} at (240,0) size 387x16
            text run at (240,0) width 387: " - Just poets wax boldly as kings and queens march over fuzz."
        LayoutBlockFlow {P} at (0,134) size 784x16
          LayoutBlockFlow {SPAN} at (0,0) size 240x16
            LayoutText {#text} at (0,0) size 178x16
              text run at (0,0) width 178: "font-stretch: extra-expanded"
          LayoutText {#text} at (240,0) size 387x16
            text run at (240,0) width 387: " - Just poets wax boldly as kings and queens march over fuzz."
        LayoutBlockFlow {P} at (0,150) size 784x16
          LayoutBlockFlow {SPAN} at (0,0) size 240x16
            LayoutText {#text} at (0,0) size 175x16
              text run at (0,0) width 175: "font-stretch: ultra-expanded"
          LayoutText {#text} at (240,0) size 387x16
            text run at (240,0) width 387: " - Just poets wax boldly as kings and queens march over fuzz."
