layer at (0,0) size 800x600
  LayoutView at (0,0) size 800x600
layer at (0,0) size 800x600
  LayoutBlockFlow {HTML} at (0,0) size 800x600
    LayoutBlockFlow {BODY} at (8,8) size 784x584
      LayoutBlockFlow {P} at (0,0) size 784x20
        LayoutText {#text} at (0,0) size 50x19
          text run at (0,0) width 50: "Test for "
        LayoutInline {I} at (0,0) size 626x19
          LayoutInline {A} at (0,0) size 306x19 [color=#0000EE]
            LayoutText {#text} at (49,0) size 306x19
              text run at (49,0) width 306: "http://bugs.webkit.org/show_bug.cgi?id=12039"
          LayoutText {#text} at (354,0) size 321x19
            text run at (354,0) width 5: " "
            text run at (358,0) width 317: "Assertion failure in WebCore::Font::primaryFont"
        LayoutText {#text} at (674,0) size 5x19
          text run at (674,0) width 5: "."
      LayoutBlockFlow (anonymous) at (0,36) size 784x20
        LayoutInline {SPAN} at (0,0) size 37x19
          LayoutText {#text} at (0,0) size 37x19
            text run at (0,0) width 37: "PASS"
        LayoutText {#text} at (0,0) size 0x0
