layer at (0,0) size 800x600
  LayoutView at (0,0) size 800x600
layer at (0,0) size 800x600
  LayoutBlockFlow {HTML} at (0,0) size 800x600
    LayoutBlockFlow {BODY} at (8,8) size 784x584
      LayoutBlockFlow {P} at (0,0) size 784x20
        LayoutText {#text} at (0,0) size 100x19
          text run at (0,0) width 100: "Test for revision "
        LayoutInline {A} at (0,0) size 49x19 [color=#0000EE]
          LayoutText {#text} at (99,0) size 49x19
            text run at (99,0) width 49: "#20574"
        LayoutText {#text} at (147,0) size 5x19
          text run at (147,0) width 5: "."
      LayoutBlockFlow {P} at (0,36) size 784x20
        LayoutText {#text} at (0,0) size 238x19
          text run at (0,0) width 238: "The two blue boxes should be identical."
      LayoutBlockFlow {DIV} at (0,72) size 106x46 [border: (3px solid #0000FF)]
        LayoutText {#text} at (3,3) size 9x19
          text run at (3,3) width 9: "L"
        LayoutInline {SPAN} at (0,0) size 41x19 [color=#008000] [bgcolor=#FFFF00]
          LayoutText {#text} at (12,3) size 41x19
            text run at (12,3) width 41: "o r"
        LayoutText {#text} at (53,3) size 100x39
          text run at (53,3) width 50: "e mi"
          text run at (3,23) width 64: "psumdolor"
      LayoutBlockFlow (anonymous) at (0,118) size 784x20
        LayoutBR {BR} at (0,0) size 0x19
      LayoutBlockFlow {DIV} at (0,138) size 106x46 [border: (3px solid #0000FF)]
        LayoutText {#text} at (3,3) size 100x39
          text run at (3,3) width 100: "Lo re mi"
          text run at (3,23) width 64: "psumdolor"
selection start: position 1 of child 0 {#text} of child 8 {DIV} of body
selection end:   position 4 of child 0 {#text} of child 8 {DIV} of body
