layer at (0,0) size 800x600
  LayoutView at (0,0) size 800x600
layer at (0,0) size 800x600
  LayoutBlockFlow {HTML} at (0,0) size 800x600
    LayoutBlockFlow {BODY} at (8,8) size 784x576
      LayoutBlockFlow {P} at (0,0) size 784x20
        LayoutText {#text} at (0,0) size 369x19
          text run at (0,0) width 369: "Test for bug 13234, layout of selected justified text is broken."
      LayoutBlockFlow {P} at (0,36) size 784x20
        LayoutText {#text} at (0,0) size 238x19
          text run at (0,0) width 238: "The two blue boxes should be identical."
      LayoutBlockFlow {DIV} at (0,72) size 256x46 [border: (3px solid #0000FF)]
        LayoutText {#text} at (3,3) size 128x19
          text run at (3,3) width 128: "Lorem ipsum dolor si"
        LayoutInline {SPAN} at (0,0) size 41x19 [color=#008000] [bgcolor=#FFFF00]
          LayoutText {#text} at (131,3) size 41x19
            text run at (131,3) width 41: "t amet,"
        LayoutText {#text} at (172,3) size 250x39
          text run at (172,3) width 81: " consectetuer"
          text run at (3,23) width 84: "adipiscing elit."
      LayoutBlockFlow (anonymous) at (0,118) size 784x20
        LayoutBR {BR} at (0,0) size 0x19
      LayoutBlockFlow {P} at (0,154) size 256x46 [border: (3px solid #0000FF)]
        LayoutText {#text} at (3,3) size 250x39
          text run at (3,3) width 250: "Lorem ipsum dolor sit amet, consectetuer"
          text run at (3,23) width 84: "adipiscing elit."
selection start: position 20 of child 0 {#text} of child 8 {P} of body
selection end:   position 27 of child 0 {#text} of child 8 {P} of body
