layer at (0,0) size 800x600
  LayoutView at (0,0) size 800x600
layer at (0,0) size 800x600
  LayoutBlockFlow {HTML} at (0,0) size 800x600
    LayoutBlockFlow {BODY} at (8,8) size 784x576
      LayoutBlockFlow {P} at (0,0) size 784x40
        LayoutText {#text} at (0,0) size 50x19
          text run at (0,0) width 50: "Test for "
        LayoutInline {I} at (0,0) size 732x39
          LayoutInline {A} at (0,0) size 306x19 [color=#0000EE]
            LayoutText {#text} at (49,0) size 306x19
              text run at (49,0) width 306: "http://bugs.webkit.org/show_bug.cgi?id=13156"
          LayoutText {#text} at (354,0) size 732x39
            text run at (354,0) width 5: " "
            text run at (358,0) width 374: "REGRESSION (r19621): Pasting breakable content where"
            text run at (0,20) width 501: "wrapped line is too long to fit in a textarea fails to draw a horizontal scrollbar"
        LayoutText {#text} at (500,20) size 5x19
          text run at (500,20) width 5: "."
      LayoutBlockFlow {P} at (0,56) size 784x40
        LayoutText {#text} at (0,0) size 774x39
          text run at (0,0) width 774: "This tests that a line break will occur in the middle of the first word on a line if it\x{2019}s too long to fit on the line. The behavior is tested"
          text run at (0,20) width 559: "after breakable characters (question mark and hyphen), after a space and after a soft hyphen."
      LayoutBlockFlow {P} at (0,112) size 784x20
        LayoutText {#text} at (0,0) size 244x19
          text run at (0,0) width 244: "The following blocks should be identical."
      LayoutBlockFlow (floating) {DIV} at (4,152) size 300x180 [bgcolor=#FFFFE0]
        LayoutText {#text} at (0,0) size 300x179
          text run at (0,0) width 176: "Curabiturpretium,quamquiss?"
          text run at (0,20) width 300: "empermalesuada,estliberofeugiatlibero,velfringillao"
          text run at (0,40) width 103: "rcinibhsedneque-"
          text run at (0,60) width 295: "Quisqueeunullanonnisimolestieaccumsan.Etiamtell"
          text run at (0,80) width 165: "usurna,laoreetac,laoreetnon"
          text run at (0,100) width 294: "suscipitsed,sapien.Phasellusvehicula,sematposuer"
          text run at (0,120) width 193: "evehicula,auguenibhmolestienisl\x{AD}" + hyphen string "-"
          text run at (0,140) width 298: "necullamcorperlacusantevulputatepede.Nasceturri"
          text run at (0,160) width 69: "diculusmus."
      LayoutBlockFlow (floating) {DIV} at (312,152) size 300x180 [bgcolor=#FFFFE0]
        LayoutText {#text} at (0,0) size 176x19
          text run at (0,0) width 176: "Curabiturpretium,quamquiss?"
        LayoutBR {BR} at (176,15) size 0x0
        LayoutText {#text} at (0,20) size 279x19
          text run at (0,20) width 279: "empermalesuada,estliberofeugiatlibero,velfringi"
        LayoutBR {BR} at (279,35) size 0x0
        LayoutText {#text} at (0,40) size 124x19
          text run at (0,40) width 124: "llaorcinibhsedneque-"
        LayoutBR {BR} at (124,55) size 0x0
        LayoutText {#text} at (0,60) size 278x19
          text run at (0,60) width 278: "Quisqueeunullanonnisimolestieaccumsan.Etiam"
        LayoutBR {BR} at (278,75) size 0x0
        LayoutText {#text} at (0,80) size 182x19
          text run at (0,80) width 182: "tellusurna,laoreetac,laoreetnon"
        LayoutBR {BR} at (182,95) size 0x0
        LayoutText {#text} at (0,100) size 282x19
          text run at (0,100) width 282: "suscipitsed,sapien.Phasellusvehicula,sematposu"
        LayoutBR {BR} at (282,115) size 0x0
        LayoutText {#text} at (0,120) size 205x19
          text run at (0,120) width 205: "erevehicula,auguenibhmolestienisl-"
        LayoutBR {BR} at (205,135) size 0x0
        LayoutText {#text} at (0,140) size 285x19
          text run at (0,140) width 285: "necullamcorperlacusantevulputatepede.Nascetu"
        LayoutBR {BR} at (285,155) size 0x0
        LayoutText {#text} at (0,160) size 82x19
          text run at (0,160) width 82: "rridiculusmus."
