layer at (0,0) size 800x600
  LayoutView at (0,0) size 800x600
layer at (0,0) size 800x600
  LayoutBlockFlow {HTML} at (0,0) size 800x600
    LayoutBlockFlow {BODY} at (8,8) size 784x584
      LayoutBlockFlow {P} at (0,0) size 784x40
        LayoutText {#text} at (0,0) size 164x19
          text run at (0,0) width 164: "This is a regression test for "
        LayoutInline {I} at (0,0) size 705x39
          LayoutInline {A} at (0,0) size 350x19 [color=#0000EE]
            LayoutText {#text} at (164,0) size 350x19
              text run at (164,0) width 350: "http://bugzilla.opendarwin.org/show_bug.cgi?id=8485"
          LayoutText {#text} at (513,0) size 705x39
            text run at (513,0) width 5: " "
            text run at (517,0) width 188: "iExploder(#11705): Freeze in"
            text run at (0,20) width 174: "LayoutBlockFlow::layout()"
        LayoutText {#text} at (174,20) size 4x19
          text run at (174,20) width 4: "."
      LayoutBlockFlow {HR} at (0,56) size 784x2 [border: (1px inset #EEEEEE)]
      LayoutBlockFlow {DIV} at (0,66) size 30x282
        LayoutText {#text} at (0,2) size 87x277
          text run at (0,2) width 0: " "
          text run at (0,143) width 87: "A"
