layer at (0,0) size 800x600
  LayoutView at (0,0) size 800x600
layer at (0,0) size 800x600
  LayoutBlockFlow {HTML} at (0,0) size 800x600
    LayoutBlockFlow {BODY} at (8,8) size 784x576
      LayoutBlockFlow {P} at (0,0) size 784x40
        LayoutText {#text} at (0,0) size 305x19
          text run at (0,0) width 305: "Test for monospace width cache bug mentioned in "
        LayoutInline {A} at (0,0) size 66x19 [color=#0000EE]
          LayoutText {#text} at (304,0) size 66x19
            text run at (304,0) width 66: "bug 11197"
        LayoutText {#text} at (369,0) size 5x19
          text run at (369,0) width 5: " "
        LayoutInline {I} at (0,0) size 775x39
          LayoutText {#text} at (373,0) size 775x39
            text run at (373,0) width 402: "REGRESSION: Specifying a counter for a CODE tag's content"
            text run at (0,20) width 302: "style property on before or after causes a crash"
        LayoutText {#text} at (301,20) size 5x19
          text run at (301,20) width 5: "."
      LayoutBlockFlow {P} at (0,56) size 784x20
        LayoutText {#text} at (0,0) size 347x19
          text run at (0,0) width 347: "The blue line and the black line should be the same length."
      LayoutBlockFlow {P} at (0,92) size 784x18
        LayoutInline {SPAN} at (0,0) size 120x19 [border: none (1px solid #0000FF) none]
          LayoutText {#text} at (0,0) size 120x18
            text run at (0,0) width 120: "\x{2500}\x{2500}\x{2500}\x{2500}\x{2500}\x{2500}\x{2500}\x{2500}\x{2500}\x{2500}\x{2500}\x{2500}"
