layer at (0,0) size 800x600
  LayoutView at (0,0) size 800x600
layer at (0,0) size 800x600
  LayoutBlockFlow {HTML} at (0,0) size 800x600
    LayoutBlockFlow {BODY} at (8,8) size 784x584
      LayoutBlockFlow {P} at (0,0) size 784x40
        LayoutText {#text} at (0,0) size 50x19
          text run at (0,0) width 50: "Test for "
        LayoutInline {I} at (0,0) size 774x39
          LayoutInline {A} at (0,0) size 306x19 [color=#0000EE]
            LayoutText {#text} at (49,0) size 306x19
              text run at (49,0) width 306: "http://bugs.webkit.org/show_bug.cgi?id=13153"
          LayoutText {#text} at (354,0) size 774x39
            text run at (354,0) width 5: " "
            text run at (358,0) width 416: "REGRESSION: Visual highlighting of pre-populated blank line in"
            text run at (0,20) width 116: "textarea is broken"
        LayoutText {#text} at (115,20) size 5x19
          text run at (115,20) width 5: "."
      LayoutBlockFlow {P} at (0,56) size 784x20
        LayoutText {#text} at (0,0) size 309x19
          text run at (0,0) width 309: "Testing the highlighting of and near hard line breaks."
      LayoutBlockFlow (anonymous) at (0,92) size 784x80
        LayoutText {#text} at (0,0) size 0x0
      LayoutBlockFlow {P} at (0,188) size 784x20
        LayoutText {#text} at (0,0) size 290x19
          text run at (0,0) width 290: "Testing the highlighting of text split across boxes."
      LayoutBlockFlow (anonymous) at (0,224) size 784x80
        LayoutText {#text} at (0,0) size 0x0
layer at (12,104) size 62x72
  LayoutIFrame {IFRAME} at (4,4) size 62x72 [border: (1px solid #0000FF)]
    layer at (0,0) size 60x70
      LayoutView at (0,0) size 60x70
    layer at (0,0) size 60x70
      LayoutBlockFlow {HTML} at (0,0) size 60x70
        LayoutBlockFlow {BODY} at (8,8) size 44x54
          LayoutBlockFlow {PRE} at (0,0) size 44x48
            LayoutText {#text} at (0,0) size 24x48
              text run at (0,0) width 24: "foo"
              text run at (24,0) width 0: " "
              text run at (0,16) width 0: " "
              text run at (0,32) width 24: "bar"
layer at (82,104) size 62x72
  LayoutIFrame {IFRAME} at (74,4) size 62x72 [border: (1px solid #0000FF)]
    layer at (0,0) size 60x70
      LayoutView at (0,0) size 60x70
    layer at (0,0) size 60x70
      LayoutBlockFlow {HTML} at (0,0) size 60x70
        LayoutBlockFlow {BODY} at (8,8) size 44x54
          LayoutBlockFlow {PRE} at (0,0) size 44x48
            LayoutText {#text} at (0,0) size 24x48
              text run at (0,0) width 24: "foo"
              text run at (24,0) width 0: " "
              text run at (0,16) width 0: " "
              text run at (0,32) width 24: "bar"
layer at (152,104) size 62x72
  LayoutIFrame {IFRAME} at (144,4) size 62x72 [border: (1px solid #0000FF)]
    layer at (0,0) size 60x70
      LayoutView at (0,0) size 60x70
    layer at (0,0) size 60x70
      LayoutBlockFlow {HTML} at (0,0) size 60x70
        LayoutBlockFlow {BODY} at (8,8) size 44x54
          LayoutBlockFlow {PRE} at (0,0) size 44x48
            LayoutText {#text} at (0,0) size 24x48
              text run at (0,0) width 24: "foo"
              text run at (24,0) width 0: " "
              text run at (0,16) width 0: " "
              text run at (0,32) width 24: "bar"
layer at (222,104) size 62x72
  LayoutIFrame {IFRAME} at (214,4) size 62x72 [border: (1px solid #0000FF)]
    layer at (0,0) size 60x70
      LayoutView at (0,0) size 60x70
    layer at (0,0) size 60x70
      LayoutBlockFlow {HTML} at (0,0) size 60x70
        LayoutBlockFlow {BODY} at (8,8) size 44x54
          LayoutBlockFlow {PRE} at (0,0) size 44x48
            LayoutText {#text} at (0,0) size 24x48
              text run at (0,0) width 24: "foo"
              text run at (24,0) width 0: " "
              text run at (0,16) width 0: " "
              text run at (0,32) width 24: "bar"
layer at (292,104) size 62x72
  LayoutIFrame {IFRAME} at (284,4) size 62x72 [border: (1px solid #0000FF)]
    layer at (0,0) size 60x70
      LayoutView at (0,0) size 60x70
    layer at (0,0) size 60x70
      LayoutBlockFlow {HTML} at (0,0) size 60x70
        LayoutBlockFlow {BODY} at (8,8) size 44x54
          LayoutBlockFlow {PRE} at (0,0) size 44x48
            LayoutText {#text} at (0,0) size 24x48
              text run at (0,0) width 24: "foo"
              text run at (24,0) width 0: " "
              text run at (0,16) width 0: " "
              text run at (0,32) width 24: "bar"
layer at (362,104) size 62x72
  LayoutIFrame {IFRAME} at (354,4) size 62x72 [border: (1px solid #0000FF)]
    layer at (0,0) size 60x70
      LayoutView at (0,0) size 60x70
    layer at (0,0) size 60x70
      LayoutBlockFlow {HTML} at (0,0) size 60x70
        LayoutBlockFlow {BODY} at (8,8) size 44x54
          LayoutBlockFlow {PRE} at (0,0) size 44x48
            LayoutText {#text} at (0,0) size 24x48
              text run at (0,0) width 24: "foo"
              text run at (24,0) width 0: " "
              text run at (0,16) width 0: " "
              text run at (0,32) width 24: "bar"
layer at (432,104) size 62x72
  LayoutIFrame {IFRAME} at (424,4) size 62x72 [border: (1px solid #0000FF)]
    layer at (0,0) size 60x70
      LayoutView at (0,0) size 60x70
    layer at (0,0) size 60x70
      LayoutBlockFlow {HTML} at (0,0) size 60x70
        LayoutBlockFlow {BODY} at (8,8) size 44x54
          LayoutBlockFlow {PRE} at (0,0) size 44x48
            LayoutText {#text} at (0,0) size 24x48
              text run at (0,0) width 24: "foo"
              text run at (24,0) width 0: " "
              text run at (0,16) width 0: " "
              text run at (0,32) width 24: "bar"
layer at (502,104) size 62x72
  LayoutIFrame {IFRAME} at (494,4) size 62x72 [border: (1px solid #0000FF)]
    layer at (0,0) size 60x70
      LayoutView at (0,0) size 60x70
    layer at (0,0) size 60x70
      LayoutBlockFlow {HTML} at (0,0) size 60x70
        LayoutBlockFlow {BODY} at (8,8) size 44x54
          LayoutBlockFlow {PRE} at (0,0) size 44x48
            LayoutText {#text} at (0,0) size 24x48
              text run at (0,0) width 24: "foo"
              text run at (24,0) width 0: " "
              text run at (0,16) width 0: " "
              text run at (0,32) width 24: "bar"
layer at (572,104) size 62x72
  LayoutIFrame {IFRAME} at (564,4) size 62x72 [border: (1px solid #0000FF)]
    layer at (0,0) size 60x70
      LayoutView at (0,0) size 60x70
    layer at (0,0) size 60x70
      LayoutBlockFlow {HTML} at (0,0) size 60x70
        LayoutBlockFlow {BODY} at (8,8) size 44x54
          LayoutBlockFlow {PRE} at (0,0) size 44x48
            LayoutText {#text} at (0,0) size 24x48
              text run at (0,0) width 24: "foo"
              text run at (24,0) width 0: " "
              text run at (0,16) width 0: " "
              text run at (0,32) width 24: "bar"
layer at (642,104) size 62x72
  LayoutIFrame {IFRAME} at (634,4) size 62x72 [border: (1px solid #0000FF)]
    layer at (0,0) size 60x70
      LayoutView at (0,0) size 60x70
    layer at (0,0) size 60x70
      LayoutBlockFlow {HTML} at (0,0) size 60x70
        LayoutBlockFlow {BODY} at (8,8) size 44x54
          LayoutBlockFlow {PRE} at (0,0) size 44x48
            LayoutText {#text} at (0,0) size 24x48
              text run at (0,0) width 24: "foo"
              text run at (24,0) width 0: " "
              text run at (0,16) width 0: " "
              text run at (0,32) width 24: "bar"
layer at (12,236) size 130x72
  LayoutIFrame {IFRAME} at (4,4) size 130x72 [border: (1px solid #0000FF)]
    layer at (0,0) size 128x70
      LayoutView at (0,0) size 128x70
    layer at (0,0) size 128x70
      LayoutBlockFlow {HTML} at (0,0) size 128x70
        LayoutBlockFlow {BODY} at (8,8) size 112x54
          LayoutBlockFlow {DIV} at (0,0) size 112x40
            LayoutText {#text} at (0,0) size 79x39
              text run at (0,0) width 44: "Lorem "
              text run at (44,0) width 35: "ipsum"
              text run at (0,20) width 32: "dolor"
