layer at (0,0) size 800x600
  LayoutView at (0,0) size 800x600
layer at (0,0) size 800x600
  LayoutBlockFlow {HTML} at (0,0) size 800x600
    LayoutBlockFlow {BODY} at (8,8) size 784x576
      LayoutBlockFlow {P} at (0,0) size 784x20
        LayoutText {#text} at (0,0) size 566x19
          text run at (0,0) width 451: "Test that the intensity of text-shadow does not depend on the transparency "
          text run at (450,0) width 116: "of the text fill color."
      LayoutBlockFlow {DIV} at (0,36) size 784x72
        LayoutText {#text} at (0,0) size 48x24
          text run at (0,0) width 48: "A "
        LayoutInline {SPAN} at (0,0) size 24x24 [color=#00000000]
          LayoutText {#text} at (48,0) size 24x24
            text run at (48,0) width 24: "A"
        LayoutText {#text} at (72,0) size 24x24
          text run at (72,0) width 24: " "
        LayoutInline {SPAN} at (0,0) size 24x24 [color=#00000019]
          LayoutText {#text} at (96,0) size 24x24
            text run at (96,0) width 24: "A"
        LayoutText {#text} at (0,0) size 0x0
      LayoutBlockFlow {P} at (0,124) size 784x20
        LayoutText {#text} at (0,0) size 381x19
          text run at (0,0) width 381: "There should be three identical green squares on the line above."
      LayoutBlockFlow {DIV} at (0,160) size 784x72
        LayoutText {#text} at (0,0) size 48x24
          text run at (0,0) width 48: "A "
        LayoutInline {SPAN} at (0,0) size 24x24 [color=#00000000]
          LayoutText {#text} at (48,0) size 24x24
            text run at (48,0) width 24: "A"
        LayoutText {#text} at (72,0) size 24x24
          text run at (72,0) width 24: " "
        LayoutInline {SPAN} at (0,0) size 24x24 [color=#00000019]
          LayoutText {#text} at (96,0) size 24x24
            text run at (96,0) width 24: "A"
        LayoutText {#text} at (0,0) size 0x0
      LayoutBlockFlow {P} at (0,248) size 784x20
        LayoutText {#text} at (0,0) size 450x19
          text run at (0,0) width 450: "There should be three identical soft-edged green squares on the line above."
      LayoutBlockFlow {DIV} at (0,284) size 784x72 [textStrokeColor=#0000FF] [textStrokeWidth=5.00]
        LayoutText {#text} at (0,0) size 48x24
          text run at (0,0) width 48: "A "
        LayoutInline {SPAN} at (0,0) size 24x24 [color=#00000000]
          LayoutText {#text} at (48,0) size 24x24
            text run at (48,0) width 24: "A"
        LayoutText {#text} at (72,0) size 24x24
          text run at (72,0) width 24: " "
        LayoutInline {SPAN} at (0,0) size 24x24 [color=#00000019]
          LayoutText {#text} at (96,0) size 24x24
            text run at (96,0) width 24: "A"
        LayoutText {#text} at (0,0) size 0x0
      LayoutBlockFlow {P} at (0,372) size 784x20
        LayoutText {#text} at (0,0) size 381x19
          text run at (0,0) width 381: "There should be three identical green squares on the line above."
