layer at (0,0) size 800x600
  LayoutView at (0,0) size 800x600
layer at (0,0) size 800x600
  LayoutBlockFlow {HTML} at (0,0) size 800x600
    LayoutBlockFlow {BODY} at (8,8) size 784x584
      LayoutBlockFlow {DIV} at (0,0) size 784x152 [textFillColor=#800080] [textStrokeWidth=2.00]
        LayoutText {#text} at (0,1) size 755x149
          text run at (0,1) width 612: "Purple\x{300} fill, black stroke,"
          text run at (0,77) width 755: "complex text, black underline"
      LayoutBlockFlow {DIV} at (0,152) size 784x152 [textStrokeColor=#FFA500] [textStrokeWidth=1.33]
        LayoutText {#text} at (0,1) size 633x149
          text run at (0,1) width 633: "Orange stroke, black fill,"
          text run at (0,77) width 412: "orange overline."
      LayoutBlockFlow {DIV} at (0,304) size 784x152 [textFillColor=#0000FF] [textStrokeWidth=1.33]
        LayoutText {#text} at (0,1) size 593x149
          text run at (0,1) width 593: "No stroke, blue fill, red"
          text run at (0,77) width 588: "shadow, blue underline"
