layer at (0,0) size 800x600
  LayoutView at (0,0) size 800x600
layer at (0,0) size 800x600
  LayoutBlockFlow {HTML} at (0,0) size 800x600
    LayoutBlockFlow {BODY} at (8,8) size 784x584
      LayoutBlockFlow {P} at (0,0) size 784x40
        LayoutText {#text} at (0,0) size 50x19
          text run at (0,0) width 50: "Test for "
        LayoutInline {I} at (0,0) size 765x39
          LayoutInline {A} at (0,0) size 306x19 [color=#0000EE]
            LayoutText {#text} at (49,0) size 306x19
              text run at (49,0) width 306: "http://bugs.webkit.org/show_bug.cgi?id=17464"
          LayoutText {#text} at (354,0) size 765x39
            text run at (354,0) width 5: " "
            text run at (358,0) width 407: "REGRESSION: Crash in LayoutBlockFlow::findNextLineBreak"
            text run at (0,20) width 251: "reading r30444 commit email in GMail"
        LayoutText {#text} at (250,20) size 5x19
          text run at (250,20) width 5: "."
      LayoutBlockFlow {P} at (0,56) size 784x20
        LayoutText {#text} at (0,0) size 152x19
          text run at (0,0) width 152: "No crash means success."
      LayoutBlockFlow {DIV} at (0,92) size 100x40
        LayoutText {#text} at (0,0) size 79x19
          text run at (0,0) width 79: "Lorem ipsum"
        LayoutWordBreak {WBR} at (0,0) size 0x0
        LayoutText {#text} at (0,20) size 82x19
          text run at (0,20) width 82: "dolor sit amet"
