layer at (0,0) size 800x600
  LayoutView at (0,0) size 800x600
layer at (0,0) size 800x600
  LayoutBlockFlow {HTML} at (0,0) size 800x600
    LayoutBlockFlow {BODY} at (8,8) size 784x584
      LayoutBlockFlow {P} at (0,0) size 784x20
        LayoutText {#text} at (0,0) size 50x19
          text run at (0,0) width 50: "Test for "
        LayoutInline {I} at (0,0) size 608x19
          LayoutInline {A} at (0,0) size 306x19 [color=#0000EE]
            LayoutText {#text} at (49,0) size 306x19
              text run at (49,0) width 306: "http://bugs.webkit.org/show_bug.cgi?id=13178"
          LayoutText {#text} at (354,0) size 303x19
            text run at (354,0) width 5: " "
            text run at (358,0) width 299: "Helvetica zero-width space has non-zero width"
        LayoutText {#text} at (656,0) size 5x19
          text run at (656,0) width 5: "."
      LayoutBlockFlow {P} at (0,36) size 784x20
        LayoutText {#text} at (0,0) size 247x19
          text run at (0,0) width 247: "The following lines should all be identical."
      LayoutBlockFlow {DIV} at (0,72) size 784x42
        LayoutText {#text} at (0,0) size 384x41
          text run at (0,0) width 384: "Lor\x{E9}m\x{200B}ipsum\x{200E}dolor\x{1F}sit"
      LayoutBlockFlow {DIV} at (0,114) size 784x42
        LayoutText {#text} at (0,0) size 384x41
          text run at (0,0) width 384: "Lore\x{301}m\x{200B}ipsum\x{200E}dolor\x{1F}sit"
      LayoutBlockFlow {DIV} at (0,156) size 784x42
        LayoutText {#text} at (0,0) size 384x41
          text run at (0,0) width 384: "Lor\x{E9}mipsumdolorsit"
