layer at (0,0) size 800x600
  LayoutView at (0,0) size 800x600
layer at (0,0) size 800x600
  LayoutBlockFlow {HTML} at (0,0) size 800x600
    LayoutBlockFlow {BODY} at (8,8) size 784x576
      LayoutBlockFlow {P} at (0,0) size 784x40
        LayoutText {#text} at (0,0) size 50x19
          text run at (0,0) width 50: "Test for "
        LayoutInline {I} at (0,0) size 753x39
          LayoutInline {A} at (0,0) size 306x19 [color=#0000EE]
            LayoutText {#text} at (49,0) size 306x19
              text run at (49,0) width 306: "http://bugs.webkit.org/show_bug.cgi?id=15367"
          LayoutText {#text} at (354,0) size 753x39
            text run at (354,0) width 5: " "
            text run at (358,0) width 395: "Assertion failure inspecting a document including soft hyphen"
            text run at (0,20) width 76: "code (0xad)"
        LayoutText {#text} at (76,20) size 4x19
          text run at (76,20) width 4: "."
      LayoutBlockFlow {P} at (0,56) size 784x20
        LayoutText {#text} at (0,0) size 459x19
          text run at (0,0) width 459: "The following text should not wrap and the border should fit tightly around it."
layer at (8,100) size 109x26
  LayoutBlockFlow (positioned) {DIV} at (8,100) size 109x26 [border: (3px solid #000000)]
    LayoutText {#text} at (3,3) size 102x19
      text run at (3,3) width 102: "Two soft\x{AD}hyp\x{AD}hens"
