layer at (0,0) size 800x600
  LayoutView at (0,0) size 800x600
layer at (0,0) size 800x600
  LayoutBlockFlow {HTML} at (0,0) size 800x600
    LayoutBlockFlow {BODY} at (8,8) size 784x576
      LayoutBlockFlow {P} at (0,0) size 784x44
        LayoutRuby (inline) {RUBY} at (0,0) size 88x19
          LayoutRubyRun (anonymous) at (0,12) size 88x32
            LayoutRubyText {RT} at (0,-12) size 88x12
              LayoutText {#text} at (14,0) size 60x12
                text run at (14,0) width 60: "K\x{14D}kakukid\x{14D}tai"
            LayoutRubyBase (anonymous) at (0,0) size 88x32
              LayoutRuby (inline) {RUBY} at (0,0) size 88x19
                LayoutRubyRun (anonymous) at (0,12) size 18x20
                  LayoutRubyText {RT} at (0,-12) size 18x12
                    LayoutText {#text} at (0,0) size 18x12
                      text run at (0,0) width 18: "\x{3053}\x{3046}"
                  LayoutRubyBase (anonymous) at (0,0) size 18x20
                    LayoutText {#text} at (1,0) size 16x19
                      text run at (1,0) width 16: "\x{653B}"
                LayoutRubyRun (anonymous) at (18,12) size 18x20
                  LayoutRubyText {RT} at (0,-12) size 18x12
                    LayoutText {#text} at (0,0) size 18x12
                      text run at (0,0) width 18: "\x{304B}\x{304F}"
                  LayoutRubyBase (anonymous) at (0,0) size 18x20
                    LayoutText {#text} at (1,0) size 16x19
                      text run at (1,0) width 16: "\x{6BBB}"
                LayoutRubyRun (anonymous) at (36,12) size 16x20
                  LayoutRubyText {RT} at (0,-12) size 16x12
                    LayoutText {#text} at (3,0) size 10x12
                      text run at (3,0) width 10: "\x{304D}"
                  LayoutRubyBase (anonymous) at (0,0) size 16x20
                    LayoutText {#text} at (0,0) size 16x19
                      text run at (0,0) width 16: "\x{6A5F}"
                LayoutRubyRun (anonymous) at (52,12) size 18x20
                  LayoutRubyText {RT} at (0,-12) size 18x12
                    LayoutText {#text} at (0,0) size 18x12
                      text run at (0,0) width 18: "\x{3069}\x{3046}"
                  LayoutRubyBase (anonymous) at (0,0) size 18x20
                    LayoutText {#text} at (1,0) size 16x19
                      text run at (1,0) width 16: "\x{52D5}"
                LayoutRubyRun (anonymous) at (70,12) size 18x20
                  LayoutRubyText {RT} at (0,-12) size 18x12
                    LayoutText {#text} at (0,0) size 18x12
                      text run at (0,0) width 18: "\x{305F}\x{3044}"
                  LayoutRubyBase (anonymous) at (0,0) size 18x20
                    LayoutText {#text} at (1,0) size 16x19
                      text run at (1,0) width 16: "\x{968A}"
