EDITING DELEGATE: webViewDidChangeSelection:WebViewDidChangeSelectionNotification
EDITING DELEGATE: webViewDidChangeSelection:WebViewDidChangeSelectionNotification
EDITING DELEGATE: webViewDidChangeSelection:WebViewDidChangeSelectionNotification
EDITING DELEGATE: webViewDidChange:WebViewDidChangeNotification
layer at (0,0) size 800x600
  LayoutView at (0,0) size 800x600
layer at (0,0) size 800x600
  LayoutBlockFlow {HTML} at (0,0) size 800x600
    LayoutBlockFlow {BODY} at (8,8) size 784x584
      LayoutBlockFlow {P} at (0,0) size 784x40
        LayoutText {#text} at (0,0) size 775x39
          text run at (0,0) width 627: "This tests for a bug when creating markup for a selection that contained unrendered nodes with children. "
          text run at (627,0) width 148: "You should see a picture"
          text run at (0,20) width 193: "of abe followed by a select box."
      LayoutBlockFlow {DIV} at (0,56) size 784x108
        LayoutImage {IMG} at (0,0) size 76x103
        LayoutText {#text} at (76,88) size 4x19
          text run at (76,88) width 4: " "
        LayoutMenuList {SELECT} at (80,88) size 48x20 [bgcolor=#C0C0C0] [border: (1px solid #A9A9A9)]
          LayoutBlockFlow (anonymous) at (1,1) size 46x18
            LayoutText (anonymous) at (4,1) size 7x16
              text run at (4,1) width 7: "1"
      LayoutBlockFlow (anonymous) at (0,164) size 784x108
        LayoutImage {IMG} at (0,0) size 76x103
        LayoutText {#text} at (76,88) size 4x19
          text run at (76,88) width 4: " "
        LayoutMenuList {SELECT} at (80,88) size 48x20 [bgcolor=#C0C0C0] [border: (1px solid #A9A9A9)]
          LayoutBlockFlow (anonymous) at (1,1) size 46x18
            LayoutText (anonymous) at (4,1) size 7x16
              text run at (4,1) width 7: "1"
        LayoutText {#text} at (0,0) size 0x0
        LayoutText {#text} at (0,0) size 0x0
caret: position 1 of child 2 {SELECT} of child 2 {DIV} of body
