layer at (0,0) size 800x600
  LayoutView at (0,0) size 800x600
layer at (0,0) size 800x600
  LayoutBlockFlow {HTML} at (0,0) size 800x600
    LayoutBlockFlow {BODY} at (8,8) size 784x584
      LayoutText {#text} at (0,0) size 779x59
        text run at (0,0) width 773: "All the text here should be the same size. All the text here should be the same"
        text run at (772,0) width 7: " "
        text run at (0,30) width 50: "size. "
      LayoutText {#text} at (0,0) size 0x0
caret: position 87 of child 0 {#text} of body
