layer at (0,0) size 800x600
  LayoutView at (0,0) size 800x600
layer at (0,0) size 800x600
  LayoutBlockFlow {HTML} at (0,0) size 800x600
    LayoutBlockFlow {BODY} at (8,8) size 784x584
      LayoutBlockFlow {P} at (0,0) size 784x20
        LayoutText {#text} at (0,0) size 284x19
          text run at (0,0) width 284: "This test for a bug copy/pasting underlined text."
      LayoutBlockFlow {DIV} at (0,36) size 784x20
        LayoutInline {U} at (0,0) size 157x19
          LayoutText {#text} at (0,0) size 157x19
            text run at (0,0) width 157: "This should be underlined."
      LayoutBlockFlow {DIV} at (0,56) size 784x20
        LayoutInline {U} at (0,0) size 157x19
          LayoutText {#text} at (0,0) size 157x19
            text run at (0,0) width 157: "This should be underlined."
caret: position 26 of child 0 {#text} of child 0 {U} of child 4 {DIV} of body
