layer at (0,0) size 800x600
  LayoutView at (0,0) size 800x600
layer at (0,0) size 800x600
  LayoutBlockFlow {HTML} at (0,0) size 800x600
    LayoutBlockFlow {BODY} at (8,8) size 784x584
      LayoutBlockFlow {P} at (0,0) size 784x20
        LayoutText {#text} at (0,0) size 614x19
          text run at (0,0) width 479: "This tests for a hang when pasting underlined content at the end of a paragraph. "
          text run at (479,0) width 135: "You should see 'Hello "
        LayoutInline {U} at (0,0) size 44x19
          LayoutText {#text} at (613,0) size 44x19
            text run at (613,0) width 44: "World!"
        LayoutText {#text} at (656,0) size 48x19
          text run at (656,0) width 48: "' below."
      LayoutBlockFlow {DIV} at (0,36) size 784x20
        LayoutBlockFlow {DIV} at (0,0) size 784x20
          LayoutText {#text} at (0,0) size 36x19
            text run at (0,0) width 36: "Hello "
          LayoutInline {SPAN} at (0,0) size 43x19
            LayoutText {#text} at (36,0) size 43x19
              text run at (36,0) width 43: "World!"
        LayoutBlockFlow (anonymous) at (0,20) size 784x0
caret: position 6 of child 0 {#text} of child 1 {SPAN} of child 0 {DIV} of child 2 {DIV} of body
