EDITING DELEGATE: webViewDidChangeSelection:WebViewDidChangeSelectionNotification
EDITING DELEGATE: webViewDidChangeSelection:WebViewDidChangeSelectionNotification
EDITING DELEGATE: webViewDidChangeSelection:WebViewDidChangeSelectionNotification
EDITING DELEGATE: webViewDidChangeSelection:WebViewDidChangeSelectionNotification
EDITING DELEGATE: webViewDidChange:WebViewDidChangeNotification
layer at (0,0) size 800x600
  LayoutView at (0,0) size 800x600
layer at (0,0) size 800x600
  LayoutBlockFlow {HTML} at (0,0) size 800x600
    LayoutBlockFlow {BODY} at (8,8) size 784x584
      LayoutBlockFlow {P} at (0,0) size 784x40
        LayoutText {#text} at (0,0) size 766x39
          text run at (0,0) width 284: "This tests a change made with the fix for 8145. "
          text run at (284,0) width 480: "The paragraph separator inserted to prevent nesting blocks from the fragment to"
          text run at (0,20) width 766: "paste inside the block where the paste occured was not being inserted when the fragment had an interchange newline at the end."
      LayoutBlockFlow {DIV} at (0,56) size 784x62 [border: (1px solid #000000)]
        LayoutBlockFlow {DIV} at (1,1) size 782x20
          LayoutText {#text} at (0,0) size 24x19
            text run at (0,0) width 24: "fbar"
        LayoutBlockFlow (anonymous) at (1,21) size 782x20
          LayoutText {#text} at (0,0) size 21x19
            text run at (0,0) width 21: "baz"
        LayoutBlockFlow {DIV} at (1,41) size 782x20
          LayoutText {#text} at (0,0) size 16x19
            text run at (0,0) width 16: "oo"
caret: position 0 of child 0 {#text} of child 2 {DIV} of child 2 {DIV} of body
