EDITING DELEGATE: webViewDidChangeSelection:WebViewDidChangeSelectionNotification
EDITING DELEGATE: webViewDidChangeSelection:WebViewDidChangeSelectionNotification
EDITING DELEGATE: webViewDidChangeSelection:WebViewDidChangeSelectionNotification
EDITING DELEGATE: webViewDidChangeSelection:WebViewDidChangeSelectionNotification
EDITING DELEGATE: webViewDidChangeSelection:WebViewDidChangeSelectionNotification
EDITING DELEGATE: webViewDidChange:WebViewDidChangeNotification
layer at (0,0) size 800x600
  LayoutView at (0,0) size 800x600
layer at (0,0) size 800x600
  LayoutBlockFlow {HTML} at (0,0) size 800x600
    LayoutBlockFlow {BODY} at (8,8) size 784x584
      LayoutBlockFlow {DIV} at (4,0) size 776x58 [border: (1px solid #0000FF)]
        LayoutBlockFlow {DIV} at (5,5) size 766x22 [border: (1px solid #0000FF)]
          LayoutText {#text} at (1,1) size 24x19
            text run at (1,1) width 24: "ffoo"
        LayoutBlockFlow {DIV} at (5,31) size 766x22 [border: (1px solid #0000FF)]
          LayoutBR {BR} at (1,1) size 0x19
caret: position 0 of child 0 {BR} of child 1 {DIV} of child 0 {DIV} of body
