EDITING DELEGATE: webViewDidChangeSelection:WebViewDidChangeSelectionNotification
EDITING DELEGATE: webViewDidChangeSelection:WebViewDidChangeSelectionNotification
EDITING DELEGATE: webViewDidChange:WebViewDidChangeNotification
EDITING DELEGATE: webViewDidChangeSelection:WebViewDidChangeSelectionNotification
EDITING DELEGATE: webViewDidChangeSelection:WebViewDidChangeSelectionNotification
EDITING DELEGATE: webViewDidChangeSelection:WebViewDidChangeSelectionNotification
EDITING DELEGATE: webViewDidChangeSelection:WebViewDidChangeSelectionNotification
EDITING DELEGATE: webViewDidChange:WebViewDidChangeNotification
layer at (0,0) size 800x600
  LayoutView at (0,0) size 800x600
layer at (0,0) size 800x600
  LayoutBlockFlow {HTML} at (0,0) size 800x600
    LayoutBlockFlow {BODY} at (8,8) size 784x576
      LayoutBlockFlow {P} at (0,0) size 784x20
        LayoutText {#text} at (0,0) size 582x19
          text run at (0,0) width 383: "This tests pasting a Mail blockquote at the start of a paragraph. "
          text run at (383,0) width 199: "Blockquoting should be stripped."
      LayoutBlockFlow {DIV} at (0,36) size 784x20
        LayoutText {#text} at (0,0) size 115x19
          text run at (0,0) width 115: "Blockquoted Textx"
      LayoutBlockFlow {P} at (0,72) size 784x40
        LayoutText {#text} at (0,0) size 782x39
          text run at (0,0) width 276: "This tests pasting text into a Mail blockquote. "
          text run at (276,0) width 506: "The last bit of content in the incoming fragment should be merged with the paragraph"
          text run at (0,20) width 210: "after the position being pasted into."
      LayoutBlockFlow {DIV} at (0,128) size 784x56
        LayoutBlockFlow {BLOCKQUOTE} at (40,0) size 704x20
          LayoutBlockFlow {DIV} at (0,0) size 704x20
            LayoutText {#text} at (0,0) size 98x19
              text run at (0,0) width 98: "Blockquotedfoo"
        LayoutBlockFlow {BLOCKQUOTE} at (40,36) size 704x20
          LayoutBlockFlow {DIV} at (0,0) size 704x20
            LayoutText {#text} at (0,0) size 46x19
              text run at (0,0) width 46: "barText"
caret: position 3 of child 0 {#text} of child 0 {DIV} of child 1 {BLOCKQUOTE} of child 10 {DIV} of body
