EDITING DELEGATE: webViewDidChangeSelection:WebViewDidChangeSelectionNotification
EDITING DELEGATE: webViewDidChangeSelection:WebViewDidChangeSelectionNotification
EDITING DELEGATE: webViewDidChangeSelection:WebViewDidChangeSelectionNotification
EDITING DELEGATE: webViewDidChangeSelection:WebViewDidChangeSelectionNotification
EDITING DELEGATE: webViewDidChangeSelection:WebViewDidChangeSelectionNotification
EDITING DELEGATE: webViewDidChangeSelection:WebViewDidChangeSelectionNotification
EDITING DELEGATE: webViewDidChangeSelection:WebViewDidChangeSelectionNotification
EDITING DELEGATE: webViewDidChangeSelection:WebViewDidChangeSelectionNotification
EDITING DELEGATE: webViewDidChange:WebViewDidChangeNotification
layer at (0,0) size 800x600
  LayoutView at (0,0) size 800x600
layer at (0,0) size 800x600
  LayoutBlockFlow {HTML} at (0,0) size 800x600
    LayoutBlockFlow {BODY} at (8,8) size 784x584
      LayoutBlockFlow {P} at (0,0) size 784x60
        LayoutText {#text} at (0,0) size 781x59
          text run at (0,0) width 781: "This is a test for the merge that paste does of the last paragraph of the incoming fragment with content after the end of the selection"
          text run at (0,20) width 110: "being pasted into. "
          text run at (110,20) width 627: "A fragment that ends in with paragraph surrounded by a blue border is pasted into a selection ending in a"
          text run at (0,40) width 240: "paragraph surrounded by a red border. "
          text run at (239,40) width 165: "The red border should win."
      LayoutBlockFlow {P} at (0,76) size 784x20
        LayoutInline {B} at (0,0) size 569x19
          LayoutText {#text} at (0,0) size 569x19
            text run at (0,0) width 569: "The second paragraph should be surrounded by a red border before and after the test."
      LayoutBlockFlow {DIV} at (0,112) size 784x42
        LayoutBlockFlow (anonymous) at (0,0) size 784x20
          LayoutText {#text} at (0,0) size 92x19
            text run at (0,0) width 92: "First paragraph"
        LayoutBlockFlow {DIV} at (0,20) size 784x22 [border: (1px solid #FF0000)]
          LayoutText {#text} at (1,1) size 288x19
            text run at (1,1) width 288: "This text should be surrounded by a red border."
caret: position 4 of child 0 {#text} of child 1 {DIV} of child 3 {DIV} of body
