EDITING DELEGATE: webViewDidChangeSelection:WebViewDidChangeSelectionNotification
EDITING DELEGATE: webViewDidChangeSelection:WebViewDidChangeSelectionNotification
EDITING DELEGATE: webViewDidChangeSelection:WebViewDidChangeSelectionNotification
EDITING DELEGATE: webViewDidChangeSelection:WebViewDidChangeSelectionNotification
EDITING DELEGATE: webViewDidChange:WebViewDidChangeNotification
layer at (0,0) size 800x600
  LayoutView at (0,0) size 800x600
layer at (0,0) size 800x600
  LayoutBlockFlow {HTML} at (0,0) size 800x600
    LayoutBlockFlow {BODY} at (8,8) size 784x584
      LayoutBlockFlow {P} at (0,0) size 784x40
        LayoutText {#text} at (0,0) size 750x39
          text run at (0,0) width 725: "This tests for a bug where attachments dragged into Mail documents blew all content after the position being pasted into. "
          text run at (725,0) width 25: "You"
          text run at (0,20) width 270: "should see \"Hello[black box] World!\" below."
      LayoutBlockFlow {DIV} at (0,56) size 784x157
        LayoutText {#text} at (0,137) size 32x19
          text run at (0,137) width 32: "Hello"
        LayoutText {#text} at (334,137) size 47x19
          text run at (334,137) width 47: " World!"
layer at (40,64) size 302x152
  LayoutEmbeddedObject {OBJECT} at (32,0) size 302x152 [border: (1px solid #AAAAAA)]
caret: position 1 of child 1 {OBJECT} of child 3 {DIV} of body
