EDITING DELEGATE: webViewDidChangeSelection:WebViewDidChangeSelectionNotification
EDITING DELEGATE: webViewDidChangeSelection:WebViewDidChangeSelectionNotification
EDITING DELEGATE: webViewDidChangeSelection:WebViewDidChangeSelectionNotification
EDITING DELEGATE: webViewDidChangeSelection:WebViewDidChangeSelectionNotification
EDITING DELEGATE: webViewDidChangeSelection:WebViewDidChangeSelectionNotification
EDITING DELEGATE: webViewDidChangeSelection:WebViewDidChangeSelectionNotification
EDITING DELEGATE: webViewDidChangeSelection:WebViewDidChangeSelectionNotification
EDITING DELEGATE: webViewDidChangeSelection:WebViewDidChangeSelectionNotification
EDITING DELEGATE: webViewDidChangeSelection:WebViewDidChangeSelectionNotification
EDITING DELEGATE: webViewDidChangeSelection:WebViewDidChangeSelectionNotification
EDITING DELEGATE: webViewDidChangeSelection:WebViewDidChangeSelectionNotification
EDITING DELEGATE: webViewDidChangeSelection:WebViewDidChangeSelectionNotification
EDITING DELEGATE: webViewDidChangeSelection:WebViewDidChangeSelectionNotification
EDITING DELEGATE: webViewDidChange:WebViewDidChangeNotification
layer at (0,0) size 800x600
  LayoutView at (0,0) size 800x600
layer at (0,0) size 800x600
  LayoutBlockFlow {HTML} at (0,0) size 800x600
    LayoutBlockFlow {BODY} at (8,8) size 784x584
      LayoutBlockFlow {DIV} at (0,0) size 784x238 [border: (2px solid #0000FF)]
        LayoutBlockFlow {DIV} at (14,14) size 756x83
          LayoutText {#text} at (0,0) size 64x26
            text run at (0,0) width 64: "Tests: "
          LayoutBR {BR} at (0,0) size 0x0
          LayoutText {#text} at (0,27) size 158x27
            text run at (0,27) width 158: "Fix for this bug: "
          LayoutInline {A} at (0,0) size 257x27 [color=#0000EE]
            LayoutText {#text} at (158,27) size 257x27
              text run at (158,27) width 257: "<rdar://problem/4045513>"
          LayoutText {#text} at (415,27) size 708x55
            text run at (415,27) width 293: " Copying and pasting selection"
            text run at (0,55) width 593: "starting at end of paragraph can incorrectly remove line break"
        LayoutBlockFlow {DIV} at (14,113) size 756x111
          LayoutText {#text} at (0,0) size 189x26
            text run at (0,0) width 189: "Expected Results: "
          LayoutBR {BR} at (189,21) size 0x0
          LayoutText {#text} at (0,27) size 745x83
            text run at (0,27) width 745: "Should see two lines of text below, self-documenting themselves as \"line one\""
            text run at (0,55) width 713: "and \"line two\". The insertion point must be after the first character (\"l\") of"
            text run at (0,83) width 103: "\"line two\"."
      LayoutBlockFlow {DIV} at (0,262) size 784x60
        LayoutBlockFlow {DIV} at (0,0) size 784x60 [border: (2px solid #FF0000)]
          LayoutBlockFlow {DIV} at (2,2) size 780x28
            LayoutText {#text} at (0,0) size 76x27
              text run at (0,0) width 76: "line one"
          LayoutBlockFlow {DIV} at (2,30) size 780x28
            LayoutText {#text} at (0,0) size 77x27
              text run at (0,0) width 77: "line two"
caret: position 1 of child 0 {#text} of child 2 {DIV} of child 1 {DIV} of child 3 {DIV} of body
