EDITING DELEGATE: webViewDidChangeSelection:WebViewDidChangeSelectionNotification
EDITING DELEGATE: webViewDidChangeSelection:WebViewDidChangeSelectionNotification
EDITING DELEGATE: webViewDidChangeSelection:WebViewDidChangeSelectionNotification
EDITING DELEGATE: webViewDidChange:WebViewDidChangeNotification
layer at (0,0) size 800x600
  LayoutView at (0,0) size 800x600
layer at (0,0) size 800x600
  LayoutBlockFlow {HTML} at (0,0) size 800x600
    LayoutBlockFlow {BODY} at (8,8) size 784x584
      LayoutBlockFlow {P} at (0,0) size 784x40
        LayoutText {#text} at (0,0) size 761x39
          text run at (0,0) width 761: "Tests that drag/drop after double-click does a smart drag. Specifically the end result should have a space: \"world hello\". To test"
          text run at (0,20) width 380: "manually double click on the \"hello\" and drag it to after \"world\"."
      LayoutBlockFlow {DIV} at (0,56) size 784x20
        LayoutText {#text} at (0,0) size 67x19
          text run at (0,0) width 67: "world hello"
selection start: position 5 of child 0 {#text} of child 3 {DIV} of body
selection end:   position 11 of child 0 {#text} of child 3 {DIV} of body
