layer at (0,0) size 800x600
  LayoutView at (0,0) size 800x600
layer at (0,0) size 800x316
  LayoutBlockFlow {HTML} at (0,0) size 800x316
    LayoutBlockFlow {BODY} at (8,8) size 784x300
      LayoutBlockFlow {IMG} at (0,0) size 300x300 [bgcolor=#008000]
      LayoutText {#text} at (0,0) size 0x0
layer at (8,8) size 300x300 clip at (9,9) size 298x298
  LayoutBlockFlow {DIV} at (0,0) size 300x300 [border: (1px solid #C0C0C0)]
layer at (10,10) size 296x18
  LayoutBlockFlow {DIV} at (2,2) size 296x18
    LayoutText {#text} at (0,0) size 11x18
      text run at (0,0) width 11: "--"
