layer at (0,0) size 800x600
  LayoutView at (0,0) size 800x600
layer at (0,0) size 800x600
  LayoutBlockFlow {HTML} at (0,0) size 800x600
    LayoutBlockFlow {BODY} at (8,8) size 784x584
      LayoutBlockFlow {P} at (0,0) size 784x20
        LayoutText {#text} at (0,0) size 614x19
          text run at (0,0) width 614: "The selection should cover the all of the below text. There should be no blank between either C and F."
      LayoutBlockFlow {DIV} at (0,36) size 784x20
        LayoutText {#text} at (0,0) size 32x19
          text run at (0,0) width 32: "ABC"
        LayoutInline {SPAN} at (0,0) size 29x19
          LayoutText {#text} at (32,0) size 29x19
            text run at (32,0) width 29 RTL override: "DEF"
        LayoutText {#text} at (61,0) size 27x19
          text run at (61,0) width 27: "GHI"
      LayoutBlockFlow {DIV} at (0,56) size 784x20
        LayoutText {#text} at (0,0) size 32x19
          text run at (0,0) width 32: "ABC"
        LayoutInline {SPAN} at (0,0) size 29x19
          LayoutText {#text} at (32,0) size 29x19
            text run at (32,0) width 29 RTL override: "DEF"
        LayoutText {#text} at (61,0) size 27x19
          text run at (61,0) width 27: "GHI"
selection start: position 1 of child 0 {#text} of child 2 {DIV} of body
selection end:   position 3 of child 2 {#text} of child 4 {DIV} of body
