layer at (0,0) size 800x600
  LayoutView at (0,0) size 800x600
layer at (0,0) size 800x600
  LayoutBlockFlow {HTML} at (0,0) size 800x600
    LayoutBlockFlow {BODY} at (8,8) size 784x584
      LayoutBlockFlow (anonymous) at (0,0) size 784x36
        LayoutText {#text} at (0,0) size 764x36
          text run at (0,0) width 764: "You should see a black and white Chromium logo. This test requires the ChromiumAATTest font to be available in the"
          text run at (0,18) width 486: "test runner, the test only works on Mac in order to verify AAT font support."
      LayoutBlockFlow {DIV} at (0,36) size 784x202
        LayoutText {#text} at (0,11) size 543x179
          text run at (0,11) width 543: "abcd"
