layer at (0,0) size 800x600
  LayoutView at (0,0) size 800x600
layer at (0,0) size 800x73
  LayoutBlockFlow {HTML} at (0,0) size 800x73
    LayoutBlockFlow {BODY} at (8,8) size 784x57
      LayoutBlockFlow {DIV} at (0,0) size 784x57
        LayoutTable {TABLE} at (0,0) size 99x57 [border: (1px outset #808080)]
          LayoutTableSection {TBODY} at (1,1) size 97x55
            LayoutTableRow {TR} at (0,2) size 97x51
              LayoutTableCell {TD} at (2,2) size 93x51 [border: (1px inset #808080)] [r=0 c=0 rs=1 cs=1]
                LayoutText {#text} at (2,3) size 89x45
                  text run at (2,3) width 89: "aaaaa"
