layer at (0,0) size 800x600
  LayoutView at (0,0) size 800x600
layer at (0,0) size 800x600
  LayoutBlockFlow {HTML} at (0,0) size 800x600
    LayoutBlockFlow {BODY} at (8,8) size 784x584
      LayoutBlockFlow (anonymous) at (0,0) size 784x36
        LayoutText {#text} at (0,0) size 267x17
          text run at (0,0) width 267: "Tables: both lines should be 1 pixel thick."
        LayoutBR {BR} at (266,14) size 1x0
        LayoutBR {BR} at (0,18) size 0x17
      LayoutTable {TABLE} at (0,36) size 36x5
        LayoutTableSection {TBODY} at (0,0) size 36x5
          LayoutTableRow {TR} at (0,2) size 36x1
            LayoutTableCell {TD} at (2,2) size 30x1 [bgcolor=#FF0000] [r=0 c=0 rs=1 cs=1]
              LayoutImage {IMG} at (0,0) size 30x1
            LayoutTableCell {TD} at (34,2) size 0x0 [r=0 c=1 rs=1 cs=1]
      LayoutBlockFlow (anonymous) at (0,41) size 784x18
        LayoutBR {BR} at (0,0) size 0x17
      LayoutTable {TABLE} at (0,59) size 34x5
        LayoutTableSection {TBODY} at (0,0) size 34x5
          LayoutTableRow {TR} at (0,2) size 34x1
            LayoutTableCell {TD} at (2,2) size 30x1 [bgcolor=#FF0000] [r=0 c=0 rs=1 cs=1]
              LayoutImage {IMG} at (0,0) size 30x1
      LayoutBlockFlow (anonymous) at (0,64) size 784x178
        LayoutBR {BR} at (0,0) size 0x17
        LayoutBR {BR} at (0,18) size 0x17
        LayoutBR {BR} at (0,36) size 0x17
        LayoutText {#text} at (0,54) size 402x17
          text run at (0,54) width 223: "2 texts, FACE=\"Arial, Helvetica\", "
          text run at (222,54) width 180: "1st at size=0, 2nd at size=-4"
        LayoutBR {BR} at (401,68) size 1x0
        LayoutBR {BR} at (0,72) size 0x17
        LayoutInline {FONT} at (0,0) size 104x26
          LayoutText {#text} at (0,90) size 104x13
            text run at (0,90) width 104: "Detonator 3.53 Drivers"
          LayoutBR {BR} at (104,100) size 0x0
          LayoutText {#text} at (0,103) size 78x13
            text run at (0,103) width 78: "Available NOW! "
        LayoutBR {BR} at (77,113) size 1x0
        LayoutBR {BR} at (0,116) size 0x17
        LayoutInline {FONT} at (0,0) size 104x26
          LayoutText {#text} at (0,134) size 104x13
            text run at (0,134) width 104: "Detonator 3.53 Drivers"
          LayoutBR {BR} at (104,144) size 0x0
          LayoutText {#text} at (0,147) size 78x13
            text run at (0,147) width 78: "Available NOW! "
        LayoutBR {BR} at (77,157) size 1x0
        LayoutBR {BR} at (0,160) size 0x17
