layer at (0,0) size 800x600
  LayoutView at (0,0) size 800x600
layer at (0,0) size 800x600
  LayoutBlockFlow {HTML} at (0,0) size 800x600
    LayoutBlockFlow {BODY} at (8,8) size 784x576
      LayoutTable {TABLE} at (0,0) size 66x46
        LayoutTableSection {THEAD} at (0,0) size 66x24
          LayoutTableRow {TR} at (0,2) size 66x20
            LayoutTableCell {TD} at (2,2) size 62x20 [r=0 c=0 rs=1 cs=1]
              LayoutText {#text} at (1,1) size 60x17
                text run at (1,1) width 60: "The head"
        LayoutTableSection {TBODY} at (0,24) size 66x22
          LayoutTableRow {TR} at (0,0) size 66x20
            LayoutTableCell {TD} at (2,0) size 62x20 [r=0 c=0 rs=1 cs=1]
              LayoutText {#text} at (1,1) size 59x17
                text run at (1,1) width 59: "First row"
      LayoutBlockFlow {FORM} at (0,46) size 784x22
        LayoutButton {INPUT} at (0,0) size 48x22 [bgcolor=#C0C0C0] [border: (2px outset #C0C0C0)]
          LayoutBlockFlow (anonymous) at (8,3) size 32x16
            LayoutText {#text} at (0,0) size 32x16
              text run at (0,0) width 32: "insert"
        LayoutText {#text} at (0,0) size 0x0
