layer at (0,0) size 800x600
  LayoutView at (0,0) size 800x600
layer at (0,0) size 800x270
  LayoutBlockFlow {HTML} at (0,0) size 800x269.53
    LayoutBlockFlow {BODY} at (88,25.27) size 648x219 [bgcolor=#FFFFF5]
      LayoutTable {TABLE} at (0,0) size 350x83
        LayoutTableSection {TBODY} at (0,0) size 350x83
          LayoutTableRow {TR} at (0,2) size 350x21
            LayoutTableCell {TH} at (2,2) size 172x21 [color=#CC0000] [r=0 c=0 rs=1 cs=1]
              LayoutText {#text} at (0,2) size 31x16
                text run at (0,2) width 31: "17.6 "
              LayoutInline {A} at (0,0) size 141x16 [color=#3333FF]
                LayoutText {#text} at (31,2) size 141x16
                  text run at (31,2) width 141: "Table Border Test 2"
            LayoutTableCell {TD} at (176,2) size 22x21 [color=#FFFF00] [bgcolor=#CC0000] [r=0 c=1 rs=1 cs=1]
              LayoutText {#text} at (0,0) size 12x21
                text run at (0,0) width 12: "B"
            LayoutTableCell {TD} at (200,2) size 13x21 [color=#FFFFFF] [bgcolor=#000099] [r=0 c=2 rs=1 cs=1]
              LayoutText {#text} at (0,0) size 13x21
                text run at (0,0) width 13: "N"
            LayoutTableCell {TD} at (215,2) size 22x21 [color=#FFFFFF] [bgcolor=#000099] [r=0 c=3 rs=1 cs=1]
              LayoutText {#text} at (0,0) size 13x21
                text run at (0,0) width 13: "N"
            LayoutTableCell {TD} at (239,2) size 22x21 [color=#FFFFFF] [bgcolor=#000099] [r=0 c=4 rs=1 cs=1]
              LayoutText {#text} at (0,0) size 13x21
                text run at (0,0) width 13: "N"
            LayoutTableCell {TD} at (263,2) size 22x21 [color=#FFFFFF] [bgcolor=#000099] [r=0 c=5 rs=1 cs=1]
              LayoutText {#text} at (0,0) size 13x21
                text run at (0,0) width 13: "N"
            LayoutTableCell {TD} at (287,2) size 13x21 [bgcolor=#CCCCCC] [r=0 c=6 rs=1 cs=1]
              LayoutText {#text} at (0,0) size 13x21
                text run at (0,0) width 13: "U"
            LayoutTableCell {TD} at (302,2) size 46x21 [r=0 c=7 rs=1 cs=1]
              LayoutText {#text} at (0,0) size 46x21
                text run at (0,0) width 46: "CSS2"
          LayoutTableRow {TR} at (0,25) size 350x33
            LayoutTableCell {TH} at (2,25) size 172x33 [color=#CC0000] [border: (12px solid #FFFFF5) none] [r=1 c=0 rs=1 cs=1]
              LayoutText {#text} at (89,14) size 83x16
                text run at (89,14) width 83: "Tests Y (+1)"
            LayoutTableCell {TD} at (176,25) size 22x33 [color=#FFFFFF] [bgcolor=#009900] [border: (12px solid #FFFFF5) none] [r=1 c=1 rs=1 cs=1]
              LayoutText {#text} at (0,12) size 22x21
                text run at (0,12) width 22: "31"
            LayoutTableCell {TD} at (200,25) size 13x33 [color=#FFFFFF] [bgcolor=#009900] [border: (12px solid #FFFFF5) none] [r=1 c=2 rs=1 cs=1]
              LayoutText {#text} at (0,12) size 6x21
                text run at (0,12) width 6: " "
            LayoutTableCell {TD} at (215,25) size 22x33 [color=#FFFFFF] [bgcolor=#009900] [border: (12px solid #FFFFF5) none] [r=1 c=3 rs=1 cs=1]
              LayoutText {#text} at (0,12) size 22x21
                text run at (0,12) width 22: "16"
            LayoutTableCell {TD} at (239,25) size 22x33 [color=#FFFFFF] [bgcolor=#009900] [border: (12px solid #FFFFF5) none] [r=1 c=4 rs=1 cs=1]
              LayoutText {#text} at (0,12) size 22x21
                text run at (0,12) width 22: "16"
            LayoutTableCell {TD} at (263,25) size 22x33 [color=#FFFFFF] [bgcolor=#009900] [border: (12px solid #FFFFF5) none] [r=1 c=5 rs=1 cs=1]
              LayoutText {#text} at (0,12) size 11x21
                text run at (0,12) width 11: "2"
            LayoutTableCell {TD} at (287,25) size 13x33 [color=#FFFFFF] [bgcolor=#009900] [border: (12px solid #FFFFF5) none] [r=1 c=6 rs=1 cs=1]
              LayoutText {#text} at (0,12) size 13x21
                text run at (0,12) width 13: "U"
            LayoutTableCell {TD} at (302,35) size 46x12 [border: (12px solid #FFFFF5) none] [r=1 c=7 rs=1 cs=1]
          LayoutTableRow {TR} at (0,60) size 350x21
            LayoutTableCell {TH} at (2,60) size 172x21 [color=#CC0000] [r=2 c=0 rs=1 cs=1]
              LayoutText {#text} at (94,2) size 78x16
                text run at (94,2) width 78: "Tests N (0)"
            LayoutTableCell {TD} at (176,60) size 22x21 [color=#FFFFFF] [bgcolor=#000099] [r=2 c=1 rs=1 cs=1]
              LayoutText {#text} at (0,0) size 11x21
                text run at (0,0) width 11: "4"
            LayoutTableCell {TD} at (200,60) size 13x21 [color=#FFFFFF] [bgcolor=#000099] [r=2 c=2 rs=1 cs=1]
              LayoutText {#text} at (0,0) size 6x21
                text run at (0,0) width 6: " "
            LayoutTableCell {TD} at (215,60) size 22x21 [color=#FFFFFF] [bgcolor=#000099] [r=2 c=3 rs=1 cs=1]
              LayoutText {#text} at (0,0) size 22x21
                text run at (0,0) width 22: "21"
            LayoutTableCell {TD} at (239,60) size 22x21 [color=#FFFFFF] [bgcolor=#000099] [r=2 c=4 rs=1 cs=1]
              LayoutText {#text} at (0,0) size 22x21
                text run at (0,0) width 22: "14"
            LayoutTableCell {TD} at (263,60) size 22x21 [color=#FFFFFF] [bgcolor=#000099] [r=2 c=5 rs=1 cs=1]
              LayoutText {#text} at (0,0) size 22x21
                text run at (0,0) width 22: "18"
            LayoutTableCell {TD} at (287,60) size 13x21 [color=#FFFFFF] [bgcolor=#000099] [r=2 c=6 rs=1 cs=1]
              LayoutText {#text} at (0,0) size 13x21
                text run at (0,0) width 13: "U"
            LayoutTableCell {TD} at (302,70) size 46x0 [r=2 c=7 rs=1 cs=1]
      LayoutBlockFlow {HR} at (0,95) size 648x1
      LayoutBlockFlow {P} at (0,108) size 648x37
        LayoutInline {A} at (0,0) size 88x21 [color=#3333FF] [bgcolor=#FFFFF5]
          LayoutImage {IMG} at (0,0) size 88x31
      LayoutBlockFlow {P} at (0,157) size 648x25
        LayoutText {#text} at (0,2) size 78x21
          text run at (0,2) width 78: "(Back to "
        LayoutInline {A} at (0,0) size 234x21 [color=#3333FF] [bgcolor=#FFFFF5]
          LayoutText {#text} at (77,2) size 234x21
            text run at (77,2) width 234: "CSS Testing Information"
        LayoutText {#text} at (310,2) size 13x21
          text run at (310,2) width 13: ", "
        LayoutInline {A} at (0,0) size 117x21 [color=#3333FF] [bgcolor=#FFFFF5]
          LayoutText {#text} at (322,2) size 117x21
            text run at (322,2) width 117: "David Baron"
        LayoutText {#text} at (438,2) size 9x21
          text run at (438,2) width 9: ")"
      LayoutBlockFlow {P} at (0,194) size 648x25
        LayoutInline {A} at (0,0) size 38x21 [color=#3333FF] [bgcolor=#FFFFF5]
          LayoutText {#text} at (0,2) size 38x21
            text run at (0,2) width 38: "LDB"
        LayoutText {#text} at (37,2) size 13x21
          text run at (37,2) width 13: ", "
        LayoutInline {A} at (0,0) size 235x21 [color=#3333FF] [bgcolor=#FFFFF5]
          LayoutText {#text} at (49,2) size 235x21
            text run at (49,2) width 235: "dbaron@fas.harvard.edu"
