layer at (0,0) size 800x600 clip at (0,0) size 785x600 scrollHeight 2599
  LayoutView at (0,0) size 800x600
layer at (0,0) size 785x2599 backgroundClip at (0,0) size 785x600 clip at (0,0) size 785x600
  LayoutBlockFlow {HTML} at (0,0) size 785x2599.22
    LayoutBlockFlow {BODY} at (8,21.44) size 769x2561.78 [bgcolor=#FFFFFF]
      LayoutBlockFlow {H1} at (0,0) size 769x37
        LayoutText {#text} at (0,0) size 361x36
          text run at (0,0) width 361: "Table Inheritance Tests - 1"
      LayoutBlockFlow {P} at (0,58.44) size 769x18
        LayoutText {#text} at (0,0) size 397x17
          text run at (0,0) width 397: "If you have any comments to make regarding this test, e-mail "
        LayoutInline {A} at (0,0) size 186x17 [color=#0000EE]
          LayoutText {#text} at (396,0) size 186x17
            text run at (396,0) width 186: "py8ieh=eviltests@bath.ac.uk"
        LayoutText {#text} at (581,0) size 5x17
          text run at (581,0) width 5: "."
      LayoutBlockFlow {DL} at (0,92.44) size 769x36
        LayoutBlockFlow {DT} at (0,0) size 769x18
          LayoutText {#text} at (0,0) size 83x17
            text run at (0,0) width 83: "Prerequisites"
        LayoutBlockFlow {DD} at (40,18) size 729x18
          LayoutText {#text} at (0,0) size 560x17
            text run at (0,0) width 560: "Browsers that are subjected to this test should support CSS1 and the CSS2 table model."
      LayoutBlockFlow {H2} at (0,148.34) size 769x27
        LayoutText {#text} at (0,0) size 104x26
          text run at (0,0) width 104: "0. Control"
      LayoutBlockFlow {P} at (0,195.25) size 769x18
        LayoutText {#text} at (0,0) size 410x17
          text run at (0,0) width 410: "The following four tests should look identical, namely, like this:"
      LayoutBlockFlow {DIV} at (0,229.25) size 769x74 [color=#FFFFFF] [bgcolor=#000000]
        LayoutText {#text} at (0,0) size 761x73
          text run at (0,0) width 761: "This text should be white on black, bold, twice the"
          text run at (0,37) width 523: "size of normal text, and sans serif."
      LayoutBlockFlow {P} at (0,319.25) size 769x72
        LayoutText {#text} at (0,0) size 768x71
          text run at (0,0) width 757: "There are some minor exceptions, however. The x.1 tests should fill the viewport width, the other tests need not. Also,"
          text run at (0,18) width 766: "browsers attempting to have backwards compatability with the buggy behaviour of legacy browsers may omit to inherit"
          text run at (0,36) width 768: "the color and font-size in 1.1, which will make 1.1 (but only 1.1) unreadable. That is the problem with not following the"
          text run at (0,54) width 39: "specs."
      LayoutBlockFlow {H2} at (0,411.16) size 769x27
        LayoutText {#text} at (0,0) size 170x26
          text run at (0,0) width 170: "1. HTML Tables"
      LayoutBlockFlow {H3} at (0,458.06) size 769x22
        LayoutText {#text} at (0,0) size 243x21
          text run at (0,0) width 243: "1.1 Inheritance through a DIV"
      LayoutBlockFlow {DIV} at (0,498.78) size 769x80 [color=#FFFFFF] [bgcolor=#000000]
        LayoutTable {TABLE} at (0,0) size 769x80
          LayoutTableSection {TBODY} at (0,0) size 769x80
            LayoutTableRow {TR} at (0,2) size 769x76
              LayoutTableCell {TD} at (2,2) size 765x76 [r=0 c=0 rs=1 cs=1]
                LayoutText {#text} at (1,1) size 761x73
                  text run at (1,1) width 761: "This text should be white on black, bold, twice the"
                  text run at (1,38) width 523: "size of normal text, and sans serif."
      LayoutBlockFlow {H3} at (0,597.50) size 769x22
        LayoutText {#text} at (0,0) size 259x21
          text run at (0,0) width 259: "1.2 Styles set directly on TABLE"
      LayoutTable {TABLE} at (0,638.22) size 769x80 [color=#FFFFFF] [bgcolor=#000000]
        LayoutTableSection {TBODY} at (0,0) size 769x80
          LayoutTableRow {TR} at (0,2) size 769x76
            LayoutTableCell {TD} at (2,2) size 765x76 [r=0 c=0 rs=1 cs=1]
              LayoutText {#text} at (1,1) size 761x73
                text run at (1,1) width 761: "This text should be white on black, bold, twice the"
                text run at (1,38) width 523: "size of normal text, and sans serif."
      LayoutBlockFlow {H2} at (0,738.13) size 769x27
        LayoutText {#text} at (0,0) size 226x26
          text run at (0,0) width 226: "2. Explicit CSS Tables"
      LayoutBlockFlow {H3} at (0,785.03) size 769x22
        LayoutText {#text} at (0,0) size 243x21
          text run at (0,0) width 243: "2.1 Inheritance through a DIV"
      LayoutBlockFlow {DIV} at (0,825.75) size 769x74 [color=#FFFFFF] [bgcolor=#000000]
        LayoutTable {DIV} at (0,0) size 769x74
          LayoutTableSection (anonymous) at (0,0) size 769x74
            LayoutTableRow {DIV} at (0,0) size 769x74
              LayoutTableCell {DIV} at (0,0) size 769x74 [r=0 c=0 rs=1 cs=1]
                LayoutText {#text} at (0,0) size 761x73
                  text run at (0,0) width 761: "This text should be white on black, bold, twice the"
                  text run at (0,37) width 523: "size of normal text, and sans serif."
      LayoutBlockFlow {H3} at (0,918.47) size 769x22
        LayoutText {#text} at (0,0) size 259x21
          text run at (0,0) width 259: "2.2 Styles set directly on TABLE"
      LayoutTable {DIV} at (0,959.19) size 769x74 [color=#FFFFFF] [bgcolor=#000000]
        LayoutTableSection (anonymous) at (0,0) size 769x74
          LayoutTableRow {DIV} at (0,0) size 769x74
            LayoutTableCell {DIV} at (0,0) size 769x74 [r=0 c=0 rs=1 cs=1]
              LayoutText {#text} at (0,0) size 761x73
                text run at (0,0) width 761: "This text should be white on black, bold, twice the"
                text run at (0,37) width 523: "size of normal text, and sans serif."
      LayoutBlockFlow {H3} at (0,1051.91) size 769x22
        LayoutText {#text} at (0,0) size 243x21
          text run at (0,0) width 243: "2.3 Styles set directly on ROW"
      LayoutTable {DIV} at (0,1092.63) size 769x74
        LayoutTableSection (anonymous) at (0,0) size 769x74
          LayoutTableRow {DIV} at (0,0) size 769x74 [color=#FFFFFF] [bgcolor=#000000]
            LayoutTableCell {DIV} at (0,0) size 769x74 [r=0 c=0 rs=1 cs=1]
              LayoutText {#text} at (0,0) size 761x73
                text run at (0,0) width 761: "This text should be white on black, bold, twice the"
                text run at (0,37) width 523: "size of normal text, and sans serif."
      LayoutBlockFlow {H3} at (0,1185.34) size 769x22
        LayoutText {#text} at (0,0) size 248x21
          text run at (0,0) width 248: "2.4 Styles set directly on CELL"
      LayoutTable {DIV} at (0,1226.06) size 769x74
        LayoutTableSection (anonymous) at (0,0) size 769x74
          LayoutTableRow {DIV} at (0,0) size 769x74
            LayoutTableCell {DIV} at (0,0) size 769x74 [color=#FFFFFF] [bgcolor=#000000] [r=0 c=0 rs=1 cs=1]
              LayoutText {#text} at (0,0) size 761x73
                text run at (0,0) width 761: "This text should be white on black, bold, twice the"
                text run at (0,37) width 523: "size of normal text, and sans serif."
      LayoutBlockFlow {H2} at (0,1319.97) size 769x27
        LayoutText {#text} at (0,0) size 381x26
          text run at (0,0) width 381: "3. Implicit CSS Tables (table explicit)"
      LayoutBlockFlow {H3} at (0,1366.88) size 769x22
        LayoutText {#text} at (0,0) size 243x21
          text run at (0,0) width 243: "3.1 Inheritance through a DIV"
      LayoutBlockFlow {DIV} at (0,1407.59) size 769x74 [color=#FFFFFF] [bgcolor=#000000]
        LayoutTable {DIV} at (0,0) size 769x74
          LayoutTableSection (anonymous) at (0,0) size 769x74
            LayoutTableRow (anonymous) at (0,0) size 769x74
              LayoutTableCell (anonymous) at (0,0) size 769x74 [r=0 c=0 rs=1 cs=1]
                LayoutText {#text} at (0,0) size 761x73
                  text run at (0,0) width 761: "This text should be white on black, bold, twice the"
                  text run at (0,37) width 523: "size of normal text, and sans serif."
      LayoutBlockFlow {H3} at (0,1500.31) size 769x22
        LayoutText {#text} at (0,0) size 259x21
          text run at (0,0) width 259: "3.2 Styles set directly on TABLE"
      LayoutTable {DIV} at (0,1541.03) size 769x74 [color=#FFFFFF] [bgcolor=#000000]
        LayoutTableSection (anonymous) at (0,0) size 769x74
          LayoutTableRow (anonymous) at (0,0) size 769x74
            LayoutTableCell (anonymous) at (0,0) size 769x74 [r=0 c=0 rs=1 cs=1]
              LayoutText {#text} at (0,0) size 761x73
                text run at (0,0) width 761: "This text should be white on black, bold, twice the"
                text run at (0,37) width 523: "size of normal text, and sans serif."
      LayoutBlockFlow {H2} at (0,1634.94) size 769x27
        LayoutText {#text} at (0,0) size 370x26
          text run at (0,0) width 370: "4. Implicit CSS Tables (row explicit)"
      LayoutBlockFlow {H3} at (0,1681.84) size 769x22
        LayoutText {#text} at (0,0) size 243x21
          text run at (0,0) width 243: "4.1 Inheritance through a DIV"
      LayoutBlockFlow {DIV} at (0,1722.56) size 769x74 [color=#FFFFFF] [bgcolor=#000000]
        LayoutTable (anonymous) at (0,0) size 769x74
          LayoutTableSection (anonymous) at (0,0) size 769x74
            LayoutTableRow {DIV} at (0,0) size 769x74
              LayoutTableCell (anonymous) at (0,0) size 769x74 [r=0 c=0 rs=1 cs=1]
                LayoutText {#text} at (0,0) size 761x73
                  text run at (0,0) width 761: "This text should be white on black, bold, twice the"
                  text run at (0,37) width 523: "size of normal text, and sans serif."
      LayoutBlockFlow {H3} at (0,1815.28) size 769x22
        LayoutText {#text} at (0,0) size 243x21
          text run at (0,0) width 243: "4.2 Styles set directly on ROW"
      LayoutTable (anonymous) at (0,1856) size 769x74
        LayoutTableSection (anonymous) at (0,0) size 769x74
          LayoutTableRow {DIV} at (0,0) size 769x74 [color=#FFFFFF] [bgcolor=#000000]
            LayoutTableCell (anonymous) at (0,0) size 769x74 [r=0 c=0 rs=1 cs=1]
              LayoutText {#text} at (0,0) size 761x73
                text run at (0,0) width 761: "This text should be white on black, bold, twice the"
                text run at (0,37) width 523: "size of normal text, and sans serif."
      LayoutBlockFlow {H2} at (0,1949.91) size 769x27
        LayoutText {#text} at (0,0) size 365x26
          text run at (0,0) width 365: "5. Implicit CSS Tables (cell explicit)"
      LayoutBlockFlow {H3} at (0,1996.81) size 769x22
        LayoutText {#text} at (0,0) size 243x21
          text run at (0,0) width 243: "5.1 Inheritance through a DIV"
      LayoutBlockFlow {DIV} at (0,2037.53) size 769x74 [color=#FFFFFF] [bgcolor=#000000]
        LayoutTable (anonymous) at (0,0) size 769x74
          LayoutTableSection (anonymous) at (0,0) size 769x74
            LayoutTableRow (anonymous) at (0,0) size 769x74
              LayoutTableCell {DIV} at (0,0) size 769x74 [r=0 c=0 rs=1 cs=1]
                LayoutText {#text} at (0,0) size 761x73
                  text run at (0,0) width 761: "This text should be white on black, bold, twice the"
                  text run at (0,37) width 523: "size of normal text, and sans serif."
      LayoutBlockFlow {H3} at (0,2130.25) size 769x22
        LayoutText {#text} at (0,0) size 248x21
          text run at (0,0) width 248: "5.2 Styles set directly on CELL"
      LayoutTable (anonymous) at (0,2170.97) size 769x74
        LayoutTableSection (anonymous) at (0,0) size 769x74
          LayoutTableRow (anonymous) at (0,0) size 769x74
            LayoutTableCell {DIV} at (0,0) size 769x74 [color=#FFFFFF] [bgcolor=#000000] [r=0 c=0 rs=1 cs=1]
              LayoutText {#text} at (0,0) size 761x73
                text run at (0,0) width 761: "This text should be white on black, bold, twice the"
                text run at (0,37) width 523: "size of normal text, and sans serif."
      LayoutBlockFlow {H2} at (0,2264.88) size 769x27
        LayoutText {#text} at (0,0) size 156x26
          text run at (0,0) width 156: "Submit Results"
      LayoutBlockFlow {FORM} at (0,2311.78) size 769x62
        LayoutBlockFlow {P} at (0,0) size 769x62
          LayoutText {#text} at (0,0) size 263x17
            text run at (0,0) width 263: "How does your browser fare on this test?"
          LayoutMenuList {SELECT} at (0,19) size 506x20 [bgcolor=#FFFFFF] [border: (1px solid #A9A9A9)]
            LayoutBlockFlow (anonymous) at (1,1) size 504x18
              LayoutText (anonymous) at (4,1) size 480x16
                text run at (4,1) width 480: "The tests all render identically, and this browser may or may not grok CSS2 tables."
          LayoutText {#text} at (506,20) size 4x17
            text run at (506,20) width 4: " "
          LayoutInline {LABEL} at (0,0) size 245x17
            LayoutText {#text} at (510,20) size 72x17
              text run at (510,20) width 72: "Comment: "
            LayoutTextControl {INPUT} at (581.55,18) size 173x22 [bgcolor=#FFFFFF] [border: (2px inset #EEEEEE)]
          LayoutText {#text} at (0,0) size 0x0
          LayoutButton {INPUT} at (0,40) size 57x22 [bgcolor=#C0C0C0] [border: (2px outset #C0C0C0)]
            LayoutBlockFlow (anonymous) at (8,3) size 41x16
              LayoutText {#text} at (0,0) size 41x16
                text run at (0,0) width 41: "Submit"
          LayoutText {#text} at (0,0) size 0x0
      LayoutBlockFlow {HR} at (0,2389.78) size 769x2 [border: (1px inset #EEEEEE)]
      LayoutBlockFlow {P} at (0,2407.78) size 769x18
        LayoutText {#text} at (0,0) size 64x17
          text run at (0,0) width 64: "Up to the "
        LayoutInline {A} at (0,0) size 73x17 [color=#0000EE]
          LayoutText {#text} at (63,0) size 73x17
            text run at (63,0) width 73: "Table Tests"
        LayoutText {#text} at (135,0) size 5x17
          text run at (135,0) width 5: "."
      LayoutBlockFlow {P} at (0,2441.78) size 769x18
        LayoutText {#text} at (0,0) size 64x17
          text run at (0,0) width 64: "Up to the "
        LayoutInline {A} at (0,0) size 99x17 [color=#0000EE]
          LayoutText {#text} at (63,0) size 99x17
            text run at (63,0) width 99: "Evil Tests Page"
        LayoutText {#text} at (161,0) size 5x17
          text run at (161,0) width 5: "."
      LayoutBlockFlow {P} at (0,2475.78) size 769x18
        LayoutText {#text} at (0,0) size 63x17
          text run at (0,0) width 63: "Bugzilla: "
        LayoutInline {A} at (0,0) size 64x17 [color=#0000EE]
          LayoutText {#text} at (62,0) size 64x17
            text run at (62,0) width 64: "Bug 1044"
      LayoutBlockFlow {P} at (0,2509.78) size 769x18
        LayoutText {#text} at (0,0) size 177x17
          text run at (0,0) width 177: "This page is maintained by "
        LayoutInline {A} at (0,0) size 79x17 [color=#0000EE]
          LayoutText {#text} at (176,0) size 79x17
            text run at (176,0) width 79: "Ian Hickson"
        LayoutText {#text} at (254,0) size 10x17
          text run at (254,0) width 10: " ("
        LayoutInline {A} at (0,0) size 125x17 [color=#0000EE]
          LayoutText {#text} at (263,0) size 125x17
            text run at (263,0) width 125: "py8ieh@bath.ac.uk"
        LayoutText {#text} at (387,0) size 10x17
          text run at (387,0) width 10: ")."
      LayoutBlockFlow {P} at (0,2543.78) size 769x18
        LayoutText {#text} at (0,0) size 185x17
          text run at (0,0) width 185: "Last updated in March 1999."
layer at (592,2354) size 169x16 backgroundClip at (0,0) size 0x0 clip at (0,0) size 0x0
  LayoutBlockFlow {DIV} at (2,3) size 169x16
