layer at (0,0) size 800x600
  LayoutView at (0,0) size 800x600
layer at (0,0) size 800x600
  LayoutBlockFlow {HTML} at (0,0) size 800x600
    LayoutBlockFlow {BODY} at (8,8) size 784x584
      LayoutTable {TABLE} at (0,0) size 784x111 [bgcolor=#00FFFF] [border: (1px outset #808080)]
        LayoutTableSection {TBODY} at (1,1) size 782x109
          LayoutTableRow {TR} at (0,2) size 782x105
            LayoutTableCell {TD} at (2,2) size 453x105 [border: (1px inset #808080)] [r=0 c=0 rs=1 cs=1]
              LayoutTable {TABLE} at (2,2) size 449x101 [bgcolor=#FF00FF] [border: (1px outset #808080)]
                LayoutTableSection {TBODY} at (1,1) size 447x99
                  LayoutTableRow {TR} at (0,2) size 447x95
                    LayoutTableCell {TD} at (2,2) size 443x95 [border: (1px inset #808080)] [r=0 c=0 rs=1 cs=1]
                      LayoutText {#text} at (2,2) size 203x17
                        text run at (2,2) width 203: "Mozilla To Be Dually-Licensed"
                      LayoutBR {BR} at (204,16) size 1x0
                      LayoutText {#text} at (2,35) size 208x17
                        text run at (2,35) width 208: "Plans are underway to make the "
                      LayoutInline {FONT} at (0,0) size 101x36 [color=#0000FF]
                        LayoutText {#text} at (209,20) size 101x36
                          text run at (209,20) width 101: "Mozilla"
                      LayoutText {#text} at (309,35) size 404x57
                        text run at (309,35) width 97: " code available"
                        text run at (2,57) width 52: "under a "
                        text run at (53,57) width 157: "dual MPL/GPL license. "
                        text run at (209,57) width 181: "See the for more info. We're"
                        text run at (2,75) width 326: "gathering contributor input now, in the newsgroup."
                      LayoutBR {BR} at (327,89) size 1x0
            LayoutTableCell {TD} at (457,25) size 323x58 [border: (1px inset #808080)] [r=0 c=1 rs=1 cs=1]
              LayoutText {#text} at (2,2) size 319x53
                text run at (2,2) width 273: "This status update contains information on"
                text run at (2,20) width 319: "MailNews, XML/DOM, XPToolkit, Architecture,"
                text run at (2,38) width 205: "Bidi, Necko/Imglib, and more..."
      LayoutBlockFlow (anonymous) at (0,111) size 784x40
        LayoutBR {BR} at (0,0) size 0x17
        LayoutButton {INPUT} at (0,18) size 56x22 [bgcolor=#C0C0C0] [border: (2px outset #C0C0C0)]
          LayoutBlockFlow (anonymous) at (8,3) size 40x16
            LayoutText {#text} at (0,0) size 40x16
              text run at (0,0) width 40: "Reload"
        LayoutText {#text} at (56,20) size 8x17
          text run at (56,20) width 8: "  "
        LayoutButton {INPUT} at (64,18) size 90x22 [bgcolor=#C0C0C0] [border: (2px outset #C0C0C0)]
          LayoutBlockFlow (anonymous) at (8,3) size 74x16
            LayoutText {#text} at (0,0) size 74x16
              text run at (0,0) width 74: "Change Font"
        LayoutText {#text} at (154,20) size 8x17
          text run at (154,20) width 8: "  "
        LayoutTextControl {INPUT} at (162,18) size 173x22 [bgcolor=#FFFFFF] [border: (2px inset #EEEEEE)]
        LayoutText {#text} at (0,0) size 0x0
layer at (172,140) size 169x16
  LayoutBlockFlow {DIV} at (2,3) size 169x16
    LayoutText {#text} at (0,0) size 7x16
      text run at (0,0) width 7: "6"
