layer at (0,0) size 800x600
  LayoutView at (0,0) size 800x600
layer at (0,0) size 800x600
  LayoutBlockFlow {HTML} at (0,0) size 800x600
    LayoutBlockFlow {BODY} at (8,8) size 784x584
      LayoutTable {TABLE} at (0,0) size 784x65 [bgcolor=#00FFFF] [border: (1px outset #808080)]
        LayoutTableSection {TBODY} at (1,1) size 782x63
          LayoutTableRow {TR} at (0,2) size 782x59
            LayoutTableCell {TD} at (2,2) size 304x59 [border: (1px inset #808080)] [r=0 c=0 rs=1 cs=1]
              LayoutInline {FONT} at (0,0) size 100x36 [color=#0000FF]
                LayoutText {#text} at (2,2) size 100x36
                  text run at (2,2) width 100: "Mozilla"
              LayoutText {#text} at (101,17) size 279x39
                text run at (101,17) width 152: " code available under a "
                text run at (253,17) width 28: "dual"
                text run at (2,39) width 124: "MPL/GPL license. "
                text run at (125,39) width 141: "See the for more info."
              LayoutBR {BR} at (265,53) size 1x0
            LayoutTableCell {TD} at (308,20) size 472x22 [border: (1px inset #808080)] [r=0 c=1 rs=1 cs=1]
              LayoutText {#text} at (2,2) size 245x17
                text run at (2,2) width 245: "foo bar foo bar foo bar foo bar foo bar"
      LayoutBlockFlow (anonymous) at (0,65) size 784x40
        LayoutBR {BR} at (0,0) size 0x17
        LayoutButton {INPUT} at (0,18) size 56x22 [bgcolor=#C0C0C0] [border: (2px outset #C0C0C0)]
          LayoutBlockFlow (anonymous) at (8,3) size 40x16
            LayoutText {#text} at (0,0) size 40x16
              text run at (0,0) width 40: "Reload"
        LayoutText {#text} at (56,20) size 8x17
          text run at (56,20) width 8: "  "
        LayoutButton {INPUT} at (64,18) size 90x22 [bgcolor=#C0C0C0] [border: (2px outset #C0C0C0)]
          LayoutBlockFlow (anonymous) at (8,3) size 74x16
            LayoutText {#text} at (0,0) size 74x16
              text run at (0,0) width 74: "Change Font"
        LayoutText {#text} at (154,20) size 8x17
          text run at (154,20) width 8: "  "
        LayoutTextControl {INPUT} at (162,18) size 173x22 [bgcolor=#FFFFFF] [border: (2px inset #EEEEEE)]
        LayoutText {#text} at (0,0) size 0x0
layer at (172,94) size 169x16
  LayoutBlockFlow {DIV} at (2,3) size 169x16
    LayoutText {#text} at (0,0) size 7x16
      text run at (0,0) width 7: "6"
