layer at (0,0) size 800x600
  LayoutView at (0,0) size 800x600
layer at (0,0) size 800x600
  LayoutBlockFlow {HTML} at (0,0) size 800x600
    LayoutBlockFlow {BODY} at (8,8) size 784x576
      LayoutBlockFlow (anonymous) at (0,0) size 784x18
        LayoutText {#text} at (0,0) size 270x17
          text run at (0,0) width 270: "The select should not contain blank items "
        LayoutBR {BR} at (269,14) size 1x0
      LayoutBlockFlow {FORM} at (0,18) size 784x22
        LayoutInline {B} at (0,0) size 47x17
          LayoutText {#text} at (0,2) size 47x17
            text run at (0,2) width 47: "Search"
        LayoutText {#text} at (46,2) size 5x17
          text run at (46,2) width 5: " "
        LayoutTextControl {INPUT} at (50.81,0) size 159x22 [bgcolor=#FFFFFF] [border: (2px inset #EEEEEE)]
        LayoutText {#text} at (209,2) size 5x17
          text run at (209,2) width 5: " "
        LayoutMenuList {SELECT} at (213.81,1) size 73x20 [bgcolor=#FFFFFF] [border: (1px solid #A9A9A9)]
          LayoutBlockFlow (anonymous) at (1,1) size 71x18
            LayoutText (anonymous) at (4,1) size 37x16
              text run at (4,1) width 37: "Excite"
        LayoutText {#text} at (0,0) size 0x0
      LayoutBlockFlow (anonymous) at (0,56) size 784x36
        LayoutBR {BR} at (0,0) size 0x17
        LayoutText {#text} at (0,18) size 270x17
          text run at (0,18) width 270: "The select should not contain blank items "
        LayoutBR {BR} at (269,32) size 1x0
      LayoutBlockFlow {FORM} at (0,92) size 784x20
        LayoutMenuList {SELECT} at (0,0) size 253x20 [bgcolor=#FFFFFF] [border: (1px solid #A9A9A9)]
          LayoutBlockFlow (anonymous) at (1,1) size 251x18
            LayoutText (anonymous) at (4,1) size 62x16
              text run at (4,1) width 62: "Quick Link"
layer at (61,29) size 155x16
  LayoutBlockFlow {DIV} at (2,3) size 155x16
