layer at (0,0) size 800x600 scrollHeight 610
  LayoutView at (0,0) size 800x600
layer at (0,0) size 800x610 backgroundClip at (0,0) size 800x600 clip at (0,0) size 800x600
  LayoutBlockFlow {HTML} at (0,0) size 800x610
    LayoutBlockFlow {BODY} at (8,8) size 784x594 [bgcolor=#FFFFFF]
      LayoutTable {TABLE} at (0,0) size 308x52 [border: (1px outset #808080)]
        LayoutTableCol {COLGROUP} at (0,0) size 0x0
          LayoutTableCol {COL} at (0,0) size 0x0
          LayoutTableCol {COL} at (0,0) size 0x0
        LayoutTableSection {TBODY} at (1,1) size 306x50
          LayoutTableRow {TR} at (0,2) size 306x22
          LayoutTableRow {TR} at (0,26) size 306x22
      LayoutTable {TABLE} at (0,52) size 308x52 [border: (1px outset #808080)]
        LayoutTableCol {COLGROUP} at (0,0) size 0x0
          LayoutTableCol {COL} at (0,0) size 0x0
          LayoutTableCol {COL} at (0,0) size 0x0
        LayoutTableSection {TBODY} at (1,1) size 306x50
          LayoutTableRow {TR} at (0,2) size 306x22
          LayoutTableRow {TR} at (0,26) size 306x22
      LayoutTable {TABLE} at (0,104) size 300x52 [border: (1px outset #808080)]
        LayoutTableSection {TBODY} at (1,1) size 298x50
          LayoutTableRow {TR} at (0,2) size 298x22
          LayoutTableRow {TR} at (0,26) size 298x22
      LayoutTable {TABLE} at (0,156) size 300x52 [border: (1px outset #808080)]
        LayoutTableSection {TBODY} at (1,1) size 298x50
          LayoutTableRow {TR} at (0,2) size 298x22
          LayoutTableRow {TR} at (0,26) size 298x22
      LayoutTable {TABLE} at (0,208) size 300x56 [border: (1px outset #808080)]
        LayoutTableSection {TBODY} at (1,1) size 298x54
          LayoutTableRow {TR} at (0,2) size 298x26
          LayoutTableRow {TR} at (0,30) size 298x22
      LayoutTable {TABLE} at (0,264) size 300x56 [border: (1px outset #808080)]
        LayoutTableSection {TBODY} at (1,1) size 298x54
          LayoutTableRow {TR} at (0,2) size 298x26
          LayoutTableRow {TR} at (0,30) size 298x22
      LayoutTable {TABLE} at (0,320) size 300x94 [border: (1px outset #808080)]
        LayoutTableSection {TBODY} at (1,1) size 298x92
          LayoutTableRow {TR} at (0,2) size 298x46
          LayoutTableRow {TR} at (0,50) size 298x40
      LayoutTable {TABLE} at (0,504) size 300x90 [border: (1px outset #808080)]
        LayoutTableSection {TBODY} at (1,1) size 298x88
          LayoutTableRow {TR} at (0,2) size 298x60
          LayoutTableRow {TR} at (0,64) size 298x22
layer at (11,11) size 200x22 clip at (12,12) size 198x20
  LayoutTableCell {TD} at (2,2) size 200x22 [bgcolor=#0000FF] [border: (1px inset #808080)] [r=0 c=0 rs=1 cs=1]
    LayoutText {#text} at (2,2) size 4x17
      text run at (2,2) width 4: " "
layer at (213,11) size 100x22 clip at (214,12) size 98x20
  LayoutTableCell {TD} at (204,2) size 100x22 [bgcolor=#0000FF] [border: (1px inset #808080)] [r=0 c=1 rs=1 cs=1]
    LayoutText {#text} at (2,2) size 4x17
      text run at (2,2) width 4: " "
layer at (11,35) size 200x22 clip at (12,36) size 198x20
  LayoutTableCell {TD} at (2,26) size 200x22 [bgcolor=#0000FF] [border: (1px inset #808080)] [r=1 c=0 rs=1 cs=1]
    LayoutText {#text} at (2,2) size 4x17
      text run at (2,2) width 4: " "
layer at (213,35) size 100x22 clip at (214,36) size 98x20
  LayoutTableCell {TD} at (204,26) size 100x22 [bgcolor=#0000FF] [border: (1px inset #808080)] [r=1 c=1 rs=1 cs=1]
    LayoutText {#text} at (2,2) size 4x17
      text run at (2,2) width 4: " "
layer at (11,63) size 200x22 clip at (12,64) size 198x20
  LayoutTableCell {TD} at (2,2) size 200x22 [bgcolor=#0000FF] [border: (1px inset #808080)] [r=0 c=0 rs=1 cs=1]
    LayoutText {#text} at (2,2) size 4x17
      text run at (2,2) width 4: " "
layer at (213,63) size 100x22 clip at (214,64) size 98x20
  LayoutTableCell {TD} at (204,2) size 100x22 [bgcolor=#0000FF] [border: (1px inset #808080)] [r=0 c=1 rs=1 cs=1]
    LayoutText {#text} at (2,2) size 4x17
      text run at (2,2) width 4: " "
layer at (11,87) size 200x22 clip at (12,88) size 198x20
  LayoutTableCell {TD} at (2,26) size 200x22 [bgcolor=#0000FF] [border: (1px inset #808080)] [r=1 c=0 rs=1 cs=1]
    LayoutText {#text} at (2,2) size 4x17
      text run at (2,2) width 4: " "
layer at (213,87) size 100x22 clip at (214,88) size 98x20
  LayoutTableCell {TD} at (204,26) size 100x22 [bgcolor=#0000FF] [border: (1px inset #808080)] [r=1 c=1 rs=1 cs=1]
    LayoutText {#text} at (2,2) size 4x17
      text run at (2,2) width 4: " "
layer at (11,115) size 233x22 clip at (12,116) size 231x20
  LayoutTableCell {TD} at (2,2) size 233x22 [bgcolor=#0000FF] [border: (1px inset #808080)] [r=0 c=0 rs=1 cs=1]
    LayoutText {#text} at (2,2) size 4x17
      text run at (2,2) width 4: " "
layer at (246,115) size 59x22 clip at (247,116) size 57x20
  LayoutTableCell {TD} at (237,2) size 59x22 [bgcolor=#0000FF] [border: (1px inset #808080)] [r=0 c=1 rs=1 cs=1]
    LayoutText {#text} at (2,2) size 4x17
      text run at (2,2) width 4: " "
layer at (11,139) size 233x22 clip at (12,140) size 231x20
  LayoutTableCell {TD} at (2,26) size 233x22 [bgcolor=#0000FF] [border: (1px inset #808080)] [r=1 c=0 rs=1 cs=1]
    LayoutText {#text} at (2,2) size 4x17
      text run at (2,2) width 4: " "
layer at (246,139) size 59x22 clip at (247,140) size 57x20
  LayoutTableCell {TD} at (237,26) size 59x22 [bgcolor=#0000FF] [border: (1px inset #808080)] [r=1 c=1 rs=1 cs=1]
    LayoutText {#text} at (2,2) size 4x17
      text run at (2,2) width 4: " "
layer at (11,167) size 154x22 clip at (12,168) size 152x20
  LayoutTableCell {TD} at (2,2) size 154x22 [bgcolor=#0000FF] [border: (1px inset #808080)] [r=0 c=0 rs=1 cs=1]
    LayoutText {#text} at (2,2) size 4x17
      text run at (2,2) width 4: " "
layer at (167,167) size 138x22 clip at (168,168) size 136x20
  LayoutTableCell {TD} at (158,2) size 138x22 [bgcolor=#0000FF] [border: (1px inset #808080)] [r=0 c=1 rs=1 cs=1]
    LayoutText {#text} at (2,2) size 4x17
      text run at (2,2) width 4: " "
layer at (11,191) size 154x22 clip at (12,192) size 152x20
  LayoutTableCell {TD} at (2,26) size 154x22 [bgcolor=#0000FF] [border: (1px inset #808080)] [r=1 c=0 rs=1 cs=1]
    LayoutText {#text} at (2,2) size 4x17
      text run at (2,2) width 4: " "
layer at (167,191) size 138x22 clip at (168,192) size 136x20
  LayoutTableCell {TD} at (158,26) size 138x22 [bgcolor=#0000FF] [border: (1px inset #808080)] [r=1 c=1 rs=1 cs=1]
    LayoutText {#text} at (2,2) size 4x17
      text run at (2,2) width 4: " "
layer at (11,219) size 154x26 clip at (12,220) size 152x24 scrollWidth 201
  LayoutTableCell {TD} at (2,2) size 154x26 [bgcolor=#0000FF] [border: (1px inset #808080)] [r=0 c=0 rs=1 cs=1]
    LayoutBlockFlow {FORM} at (2,2) size 150x22
      LayoutButton {BUTTON} at (0,0) size 200x22 [bgcolor=#C0C0C0] [border: (2px outset #C0C0C0)]
        LayoutBlockFlow (anonymous) at (8,3) size 184x16
          LayoutText {#text} at (74,0) size 36x16
            text run at (74,0) width 36: "button"
layer at (167,219) size 138x26 clip at (168,220) size 136x24
  LayoutTableCell {TD} at (158,4) size 138x22 [bgcolor=#0000FF] [border: (1px inset #808080)] [r=0 c=1 rs=1 cs=1]
    LayoutText {#text} at (2,2) size 4x17
      text run at (2,2) width 4: " "
layer at (11,247) size 154x22 clip at (12,248) size 152x20
  LayoutTableCell {TD} at (2,30) size 154x22 [bgcolor=#0000FF] [border: (1px inset #808080)] [r=1 c=0 rs=1 cs=1]
    LayoutText {#text} at (2,2) size 4x17
      text run at (2,2) width 4: " "
layer at (167,247) size 138x22 clip at (168,248) size 136x20
  LayoutTableCell {TD} at (158,30) size 138x22 [bgcolor=#0000FF] [border: (1px inset #808080)] [r=1 c=1 rs=1 cs=1]
    LayoutText {#text} at (2,2) size 4x17
      text run at (2,2) width 4: " "
layer at (11,275) size 280x26 clip at (12,276) size 278x24
  LayoutTableCell {TD} at (2,2) size 280x26 [bgcolor=#0000FF] [border: (1px inset #808080)] [r=0 c=0 rs=1 cs=1]
    LayoutBlockFlow {FORM} at (2,2) size 276x22
      LayoutButton {BUTTON} at (0,0) size 200x22 [bgcolor=#C0C0C0] [border: (2px outset #C0C0C0)]
        LayoutBlockFlow (anonymous) at (8,3) size 184x16
          LayoutText {#text} at (74,0) size 36x16
            text run at (74,0) width 36: "button"
layer at (293,275) size 12x26 clip at (294,276) size 10x24
  LayoutTableCell {TD} at (284,4) size 12x22 [bgcolor=#0000FF] [border: (1px inset #808080)] [r=0 c=1 rs=1 cs=1]
    LayoutText {#text} at (2,2) size 4x17
      text run at (2,2) width 4: " "
layer at (11,303) size 280x22 clip at (12,304) size 278x20
  LayoutTableCell {TD} at (2,30) size 280x22 [bgcolor=#0000FF] [border: (1px inset #808080)] [r=1 c=0 rs=1 cs=1]
    LayoutText {#text} at (2,2) size 4x17
      text run at (2,2) width 4: " "
layer at (293,303) size 12x22 clip at (294,304) size 10x20
  LayoutTableCell {TD} at (284,30) size 12x22 [bgcolor=#0000FF] [border: (1px inset #808080)] [r=1 c=1 rs=1 cs=1]
    LayoutText {#text} at (2,2) size 4x17
      text run at (2,2) width 4: " "
layer at (11,331) size 172x46 clip at (12,332) size 170x44 scrollWidth 216
  LayoutTableCell {TD} at (2,2) size 172x46 [bgcolor=#0000FF] [border: (1px inset #808080)] [r=0 c=0 rs=1 cs=1]
    LayoutBlockFlow {DIV} at (11,11) size 206x24 [border: (3px solid #000000)]
      LayoutText {#text} at (3,3) size 21x17
        text run at (3,3) width 21: "div"
layer at (185,331) size 120x46 clip at (186,332) size 118x44
  LayoutTableCell {TD} at (176,5) size 120x40 [bgcolor=#0000FF] [border: (1px inset #808080)] [r=0 c=1 rs=1 cs=1]
    LayoutText {#text} at (11,11) size 4x17
      text run at (11,11) width 4: " "
layer at (11,379) size 172x40 clip at (12,380) size 170x38
  LayoutTableCell {TD} at (2,50) size 172x40 [bgcolor=#0000FF] [border: (1px inset #808080)] [r=1 c=0 rs=1 cs=1]
    LayoutText {#text} at (11,11) size 4x17
      text run at (11,11) width 4: " "
layer at (185,379) size 120x40 clip at (186,380) size 118x38
  LayoutTableCell {TD} at (176,50) size 120x40 [bgcolor=#0000FF] [border: (1px inset #808080)] [r=1 c=1 rs=1 cs=1]
    LayoutText {#text} at (11,11) size 4x17
      text run at (11,11) width 4: " "
layer at (8,422) size 300x90 clip at (9,423) size 298x88
  LayoutTable {TABLE} at (0,414) size 300x90 [border: (1px outset #808080)]
    LayoutTableSection {TBODY} at (1,1) size 298x88
      LayoutTableRow {TR} at (0,2) size 298x60
      LayoutTableRow {TR} at (0,64) size 298x22
layer at (11,425) size 154x60 clip at (12,426) size 152x58 scrollWidth 207
  LayoutTableCell {TD} at (2,2) size 154x60 [bgcolor=#0000FF] [border: (1px inset #808080)] [r=0 c=0 rs=1 cs=1]
    LayoutBlockFlow {P} at (2,18) size 206x24 [border: (3px solid #000000)]
      LayoutText {#text} at (3,3) size 28x17
        text run at (3,3) width 28: "para"
layer at (167,425) size 138x60 clip at (168,426) size 136x58
  LayoutTableCell {TD} at (158,21) size 138x22 [bgcolor=#0000FF] [border: (1px inset #808080)] [r=0 c=1 rs=1 cs=1]
    LayoutText {#text} at (2,2) size 4x17
      text run at (2,2) width 4: " "
layer at (11,487) size 154x22 clip at (12,488) size 152x20
  LayoutTableCell {TD} at (2,64) size 154x22 [bgcolor=#0000FF] [border: (1px inset #808080)] [r=1 c=0 rs=1 cs=1]
    LayoutText {#text} at (2,2) size 4x17
      text run at (2,2) width 4: " "
layer at (167,487) size 138x22 clip at (168,488) size 136x20
  LayoutTableCell {TD} at (158,64) size 138x22 [bgcolor=#0000FF] [border: (1px inset #808080)] [r=1 c=1 rs=1 cs=1]
    LayoutText {#text} at (2,2) size 4x17
      text run at (2,2) width 4: " "
layer at (11,515) size 254x60 clip at (12,516) size 252x58
  LayoutTableCell {TD} at (2,2) size 254x60 [bgcolor=#0000FF] [border: (1px inset #808080)] [r=0 c=0 rs=1 cs=1]
    LayoutBlockFlow {P} at (2,18) size 206x24 [border: (3px solid #000000)]
      LayoutText {#text} at (3,3) size 28x17
        text run at (3,3) width 28: "para"
layer at (267,515) size 38x60 clip at (268,516) size 36x58
  LayoutTableCell {TD} at (258,21) size 38x22 [bgcolor=#0000FF] [border: (1px inset #808080)] [r=0 c=1 rs=1 cs=1]
    LayoutText {#text} at (2,2) size 4x17
      text run at (2,2) width 4: " "
layer at (11,577) size 254x22 clip at (12,578) size 252x20
  LayoutTableCell {TD} at (2,64) size 254x22 [bgcolor=#0000FF] [border: (1px inset #808080)] [r=1 c=0 rs=1 cs=1]
    LayoutText {#text} at (2,2) size 4x17
      text run at (2,2) width 4: " "
layer at (267,577) size 38x22 clip at (268,578) size 36x20
  LayoutTableCell {TD} at (258,64) size 38x22 [bgcolor=#0000FF] [border: (1px inset #808080)] [r=1 c=1 rs=1 cs=1]
    LayoutText {#text} at (2,2) size 4x17
      text run at (2,2) width 4: " "
