layer at (0,0) size 800x600
  LayoutView at (0,0) size 800x600
layer at (0,0) size 800x86
  LayoutBlockFlow {HTML} at (0,0) size 800x86
    LayoutBlockFlow {BODY} at (8,8) size 784x70
      LayoutBlockFlow {FORM} at (0,0) size 784x44
        LayoutButton {INPUT} at (0,0) size 167x22 [bgcolor=#C0C0C0] [border: (2px outset #C0C0C0)]
          LayoutBlockFlow (anonymous) at (8,3) size 151x16
            LayoutText {#text} at (0,0) size 151x16
              text run at (0,0) width 151: "(1) Fill cell with long string"
        LayoutBR {BR} at (167,2) size 0x17
        LayoutButton {INPUT} at (0,22) size 172x22 [bgcolor=#C0C0C0] [border: (2px outset #C0C0C0)]
          LayoutBlockFlow (anonymous) at (8,3) size 156x16
            LayoutText {#text} at (0,0) size 156x16
              text run at (0,0) width 156: "(2) Fill cell with short string"
        LayoutBR {BR} at (172,24) size 0x17
      LayoutTable {TABLE} at (0,44) size 83x26
        LayoutTableSection {TBODY} at (0,0) size 83x26
          LayoutTableRow {TR} at (0,2) size 83x22
            LayoutTableCell {TD} at (2,2) size 79x22 [border: (1px solid #000000)] [r=0 c=0 rs=1 cs=1]
              LayoutText {#text} at (2,2) size 15x17
                text run at (2,2) width 15: "aa"
