layer at (0,0) size 800x600
  LayoutView at (0,0) size 800x600
layer at (0,0) size 800x122
  LayoutBlockFlow {HTML} at (0,0) size 800x122
    LayoutBlockFlow {BODY} at (8,8) size 784x106
      LayoutBlockFlow {FORM} at (0,0) size 784x44
        LayoutButton {INPUT} at (0,0) size 196x22 [bgcolor=#C0C0C0] [border: (2px outset #C0C0C0)]
          LayoutBlockFlow (anonymous) at (8,3) size 180x16
            LayoutText {#text} at (0,0) size 180x16
              text run at (0,0) width 180: "[Step 1] Set cell height to 60px"
        LayoutButton {INPUT} at (0,22) size 196x22 [bgcolor=#C0C0C0] [border: (2px outset #C0C0C0)]
          LayoutBlockFlow (anonymous) at (8,3) size 180x16
            LayoutText {#text} at (0,0) size 180x16
              text run at (0,0) width 180: "[Step 2] Set cell height to 20px"
      LayoutTable {TABLE} at (0,44) size 42x62
        LayoutTableSection {TBODY} at (0,0) size 42x62
          LayoutTableRow {TR} at (0,2) size 42x28
            LayoutTableCell {TD} at (2,2) size 18x28 [border: (4px solid #000000)] [r=0 c=0 rs=1 cs=1]
              LayoutText {#text} at (5,5) size 8x17
                text run at (5,5) width 8: "1"
            LayoutTableCell {TD} at (22,2) size 18x28 [border: (4px solid #000000)] [r=0 c=1 rs=1 cs=1]
              LayoutText {#text} at (5,5) size 8x17
                text run at (5,5) width 8: "2"
          LayoutTableRow {TR} at (0,32) size 42x28
            LayoutTableCell {TD} at (2,32) size 18x28 [border: (4px solid #000000)] [r=1 c=0 rs=1 cs=1]
              LayoutText {#text} at (5,5) size 8x17
                text run at (5,5) width 8: "2"
            LayoutTableCell {TD} at (22,32) size 18x28 [border: (4px solid #000000)] [r=1 c=1 rs=1 cs=1]
              LayoutText {#text} at (5,5) size 8x17
                text run at (5,5) width 8: "2"
