layer at (0,0) size 800x600
  LayoutView at (0,0) size 800x600
layer at (0,0) size 800x114
  LayoutBlockFlow {HTML} at (0,0) size 800x114
    LayoutBlockFlow {BODY} at (8,8) size 784x98
      LayoutBlockFlow {FORM} at (0,0) size 784x44
        LayoutButton {INPUT} at (0,0) size 277x22 [bgcolor=#C0C0C0] [border: (2px outset #C0C0C0)]
          LayoutBlockFlow (anonymous) at (8,3) size 261x16
            LayoutText {#text} at (0,0) size 261x16
              text run at (0,0) width 261: "[Step 1] Set cell width to 60px (nothing seen)"
        LayoutButton {INPUT} at (0,22) size 281x22 [bgcolor=#C0C0C0] [border: (2px outset #C0C0C0)]
          LayoutBlockFlow (anonymous) at (8,3) size 265x16
            LayoutText {#text} at (0,0) size 265x16
              text run at (0,0) width 265: "[Step 2] Set cell width to 20px (garbage seen)"
      LayoutTable {TABLE} at (0,44) size 34x54
        LayoutTableSection {TBODY} at (0,0) size 34x54
          LayoutTableRow {TR} at (0,2) size 34x24
            LayoutTableCell {TD} at (2,2) size 14x24 [border: (2px solid #000000)] [r=0 c=0 rs=1 cs=1]
              LayoutText {#text} at (3,3) size 8x17
                text run at (3,3) width 8: "1"
            LayoutTableCell {TD} at (18,2) size 14x24 [border: (2px solid #000000)] [r=0 c=1 rs=1 cs=1]
              LayoutText {#text} at (3,3) size 8x17
                text run at (3,3) width 8: "2"
          LayoutTableRow {TR} at (0,28) size 34x24
            LayoutTableCell {TD} at (2,28) size 14x24 [border: (2px solid #000000)] [r=1 c=0 rs=1 cs=1]
              LayoutText {#text} at (3,3) size 8x17
                text run at (3,3) width 8: "2"
            LayoutTableCell {TD} at (18,28) size 14x24 [border: (2px solid #000000)] [r=1 c=1 rs=1 cs=1]
              LayoutText {#text} at (3,3) size 8x17
                text run at (3,3) width 8: "2"
