layer at (0,0) size 800x600
  LayoutView at (0,0) size 800x600
layer at (0,0) size 800x600
  LayoutBlockFlow {HTML} at (0,0) size 800x600
    LayoutBlockFlow {BODY} at (8,8) size 784x576
      LayoutBlockFlow (anonymous) at (0,0) size 784x18
        LayoutText {#text} at (0,0) size 245x17
          text run at (0,0) width 245: "The tables left position should be 250."
      LayoutBlockFlow {P} at (0,34) size 784x22
        LayoutText {#text} at (0,2) size 36x17
          text run at (0,2) width 36: "Left: "
        LayoutTextControl {INPUT} at (35.09,0) size 173x22 [bgcolor=#FFFFFF] [border: (2px inset #EEEEEE)]
      LayoutBlockFlow {P} at (0,72) size 784x22
        LayoutText {#text} at (0,2) size 34x17
          text run at (0,2) width 34: "Top: "
        LayoutTextControl {INPUT} at (33.09,0) size 173x22 [bgcolor=#FFFFFF] [border: (2px inset #EEEEEE)]
      LayoutBlockFlow {P} at (0,110) size 784x22
        LayoutButton {INPUT} at (0,0) size 46x22 [bgcolor=#C0C0C0] [border: (2px outset #C0C0C0)]
          LayoutBlockFlow (anonymous) at (8,3) size 30x16
            LayoutText {#text} at (0,0) size 30x16
              text run at (0,0) width 30: "Move"
layer at (45,45) size 169x16
  LayoutBlockFlow {DIV} at (2,3) size 169x16
    LayoutText {#text} at (0,0) size 35x16
      text run at (0,0) width 35: "120px"
layer at (43,83) size 169x16
  LayoutBlockFlow {DIV} at (2,3) size 169x16
    LayoutText {#text} at (0,0) size 35x16
      text run at (0,0) width 35: "120px"
layer at (250,120) size 30x48
  LayoutTable (positioned) {TABLE} at (250,120) size 30x48 [border: (1px outset #808080)]
    LayoutTableSection {TBODY} at (1,1) size 28x46
      LayoutTableRow {TR} at (0,2) size 28x20
        LayoutTableCell {TD} at (2,2) size 24x20 [border: (1px inset #808080)] [r=0 c=0 rs=1 cs=1]
          LayoutText {#text} at (1,1) size 22x17
            text run at (1,1) width 22: "foo"
      LayoutTableRow {TR} at (0,24) size 28x20
        LayoutTableCell {TD} at (2,24) size 24x20 [border: (1px inset #808080)] [r=1 c=0 rs=1 cs=1]
          LayoutText {#text} at (1,1) size 21x17
            text run at (1,1) width 21: "bar"
