layer at (0,0) size 800x600
  LayoutView at (0,0) size 800x600
layer at (0,0) size 800x600
  LayoutBlockFlow {HTML} at (0,0) size 800x600
    LayoutBlockFlow {BODY} at (8,8) size 784x576 [bgcolor=#FFFFFF]
      LayoutBlockFlow {P} at (0,0) size 784x36
        LayoutText {#text} at (0,0) size 775x35
          text run at (0,0) width 441: "Click on a link on the left hand column. Also note the overlap of the "
          text run at (440,0) width 335: "text box with the submit button. (And, removing the"
          text run at (0,18) width 156: "font tag that is wrapped "
          text run at (155,18) width 239: "around the text box clears up layout)."
      LayoutBlockFlow (anonymous) at (0,52) size 784x18
        LayoutBR {BR} at (0,0) size 0x17
      LayoutBlockFlow {FORM} at (0,70) size 784x136
        LayoutBlockFlow {CENTER} at (0,0) size 784x136
          LayoutTable {TABLE} at (92,0) size 600x136 [bgcolor=#EEEEEE] [border: (1px outset #808080)]
            LayoutTableSection {TBODY} at (1,1) size 598x134
              LayoutTableRow {TR} at (0,3) size 598x128
                LayoutTableCell {TD} at (3,3) size 121x128 [border: (1px inset #808080)] [r=0 c=0 rs=1 cs=1]
                  LayoutTable {TABLE} at (4,4) size 113x120 [bgcolor=#FFFFFF] [border: (1px outset #808080)]
                    LayoutTableSection {TBODY} at (1,1) size 111x118
                      LayoutTableRow {TR} at (0,2) size 111x27
                        LayoutTableCell {TD} at (2,3) size 107x24 [bgcolor=#CCCCCC] [border: (1px inset #808080)] [r=0 c=0 rs=1 cs=1]
                          LayoutInline {A} at (0,0) size 62x17 [color=#660099]
                            LayoutInline {B} at (0,0) size 62x17
                              LayoutText {#text} at (3,3) size 62x17
                                text run at (3,3) width 62: "Netscape"
                          LayoutText {#text} at (0,0) size 0x0
                      LayoutTableRow {TR} at (0,31) size 111x27
                        LayoutTableCell {TD} at (2,32) size 107x24 [bgcolor=#FFFFFF] [border: (1px inset #808080)] [r=1 c=0 rs=1 cs=1]
                          LayoutInline {A} at (0,0) size 58x17 [color=#660099]
                            LayoutInline {B} at (0,0) size 58x17
                              LayoutText {#text} at (3,3) size 58x17
                                text run at (3,3) width 58: "Infoseek"
                          LayoutText {#text} at (0,0) size 0x0
                      LayoutTableRow {TR} at (0,60) size 111x27
                        LayoutTableCell {TD} at (2,61) size 107x24 [bgcolor=#FFFFFF] [border: (1px inset #808080)] [r=2 c=0 rs=1 cs=1]
                          LayoutInline {A} at (0,0) size 79x17 [color=#660099]
                            LayoutInline {B} at (0,0) size 79x17
                              LayoutText {#text} at (3,3) size 79x17
                                text run at (3,3) width 79: "LookSmart"
                          LayoutText {#text} at (0,0) size 0x0
                      LayoutTableRow {TR} at (0,89) size 111x27
                        LayoutTableCell {TD} at (2,90) size 107x24 [bgcolor=#FFFFFF] [border: (1px inset #808080)] [r=3 c=0 rs=1 cs=1]
                          LayoutInline {A} at (0,0) size 66x17 [color=#660099]
                            LayoutInline {B} at (0,0) size 66x17
                              LayoutText {#text} at (3,3) size 66x17
                                text run at (3,3) width 66: "Directory"
                          LayoutText {#text} at (0,0) size 0x0
                LayoutTableCell {TD} at (127,26) size 468x82 [bgcolor=#CCCCCC] [border: (1px inset #808080)] [r=0 c=1 rs=1 cs=1]
                  LayoutTable {TABLE} at (4,4) size 460x74 [border: (1px outset #808080)]
                    LayoutTableSection {TBODY} at (1,1) size 458x72
                      LayoutTableRow {TR} at (0,4) size 458x32
                        LayoutTableCell {TD} at (4,4) size 354x32 [border: (1px inset #808080)] [r=0 c=0 rs=1 cs=3]
                          LayoutInline {FONT} at (0,0) size 320x16
                            LayoutText {#text} at (0,0) size 0x0
                            LayoutTextControl {INPUT} at (5,5) size 320x22 [bgcolor=#FFFFFF] [border: (2px inset #EEEEEE)]
                            LayoutText {#text} at (0,0) size 0x0
                          LayoutText {#text} at (0,0) size 0x0
                        LayoutTableCell {TD} at (362,4) size 92x32 [border: (1px inset #808080)] [r=0 c=3 rs=1 cs=1]
                          LayoutButton {INPUT} at (5,5) size 57x22 [bgcolor=#C0C0C0] [border: (2px outset #C0C0C0)]
                            LayoutBlockFlow (anonymous) at (8,3) size 41x16
                              LayoutText {#text} at (0,0) size 41x16
                                text run at (0,0) width 41: "Search"
                          LayoutText {#text} at (0,0) size 0x0
                      LayoutTableRow {TR} at (0,40) size 458x28
                        LayoutTableCell {TD} at (4,40) size 115x28 [border: (1px inset #808080)] [r=1 c=0 rs=1 cs=1]
                          LayoutText {#text} at (5,5) size 27x17
                            text run at (5,5) width 27: "asdf"
                        LayoutTableCell {TD} at (123,40) size 115x28 [border: (1px inset #808080)] [r=1 c=1 rs=1 cs=1]
                          LayoutText {#text} at (5,5) size 27x17
                            text run at (5,5) width 27: "asdf"
                        LayoutTableCell {TD} at (242,40) size 116x28 [border: (1px inset #808080)] [r=1 c=2 rs=1 cs=1]
                          LayoutText {#text} at (5,5) size 27x17
                            text run at (5,5) width 27: "asdf"
                        LayoutTableCell {TD} at (362,40) size 92x28 [border: (1px inset #808080)] [r=1 c=3 rs=1 cs=1]
                          LayoutText {#text} at (5,5) size 27x17
                            text run at (5,5) width 27: "asdf"
layer at (244,122) size 316x16
  LayoutBlockFlow {DIV} at (2,3) size 316x16
