layer at (0,0) size 800x600 clip at (0,0) size 785x600 scrollHeight 1386
  LayoutView at (0,0) size 800x600
layer at (0,0) size 785x1386 backgroundClip at (0,0) size 785x600 clip at (0,0) size 785x600
  LayoutBlockFlow {HTML} at (0,0) size 785x1385.88
    LayoutBlockFlow {BODY} at (8,8) size 769x1369.88 [bgcolor=#555555]
      LayoutBlockFlow {H1} at (16,37.44) size 737x101 [bgcolor=#CCCCCC]
        LayoutText {#text} at (90,32) size 163x36
          text run at (90,32) width 163: "Simplified "
        LayoutInline {A} at (0,0) size 161x36 [color=#0000EE]
          LayoutText {#text} at (252,32) size 161x36
            text run at (252,32) width 161: "Linux.com"
        LayoutText {#text} at (412,32) size 235x36
          text run at (412,32) width 235: " Table Testcase"
      LayoutTable {TABLE} at (16,159.88) size 737x1194
        LayoutTableSection {TBODY} at (0,0) size 737x1194
          LayoutTableRow {TR} at (0,2) size 737x837
            LayoutTableCell {TD} at (2,2) size 135x714.13 [bgcolor=#FFFFFF] [r=0 c=0 rs=2 cs=1]
              LayoutBlockFlow {H2} at (5,18.27) size 125x18
                LayoutText {#text} at (0,0) size 118x17
                  text run at (0,0) width 118: "Weekly Feature"
              LayoutBlockFlow {P} at (5,49.53) size 125x112
                LayoutText {#text} at (0,0) size 108x112
                  text run at (0,0) width 108: "blah blah blah blah"
                  text run at (0,16) width 108: "blah blah blah blah"
                  text run at (0,32) width 108: "blah blah blah blah"
                  text run at (0,48) width 108: "blah blah blah blah"
                  text run at (0,64) width 108: "blah blah blah blah"
                  text run at (0,80) width 108: "blah blah blah blah"
                  text run at (0,96) width 108: "blah blah blah blah"
              LayoutBlockFlow {H2} at (5,174.80) size 125x18
                LayoutText {#text} at (0,0) size 81x17
                  text run at (0,0) width 81: "Contribute"
              LayoutBlockFlow {P} at (5,206.06) size 125x112
                LayoutText {#text} at (0,0) size 108x112
                  text run at (0,0) width 108: "blah blah blah blah"
                  text run at (0,16) width 108: "blah blah blah blah"
                  text run at (0,32) width 108: "blah blah blah blah"
                  text run at (0,48) width 108: "blah blah blah blah"
                  text run at (0,64) width 108: "blah blah blah blah"
                  text run at (0,80) width 108: "blah blah blah blah"
                  text run at (0,96) width 108: "blah blah blah blah"
              LayoutBlockFlow {H2} at (5,331.33) size 125x18
                LayoutText {#text} at (0,0) size 82x17
                  text run at (0,0) width 82: "Newsforge"
              LayoutBlockFlow {P} at (5,362.59) size 125x32
                LayoutText {#text} at (0,0) size 108x32
                  text run at (0,0) width 108: "blah blah blah blah"
                  text run at (0,16) width 108: "blah blah blah blah"
              LayoutBlockFlow {P} at (5,407.59) size 125x32
                LayoutText {#text} at (0,0) size 108x32
                  text run at (0,0) width 108: "blah blah blah blah"
                  text run at (0,16) width 108: "blah blah blah blah"
              LayoutBlockFlow {P} at (5,452.59) size 125x32
                LayoutText {#text} at (0,0) size 108x32
                  text run at (0,0) width 108: "blah blah blah blah"
                  text run at (0,16) width 108: "blah blah blah blah"
              LayoutBlockFlow {P} at (5,497.59) size 125x32
                LayoutText {#text} at (0,0) size 108x32
                  text run at (0,0) width 108: "blah blah blah blah"
                  text run at (0,16) width 108: "blah blah blah blah"
              LayoutBlockFlow {P} at (5,542.59) size 125x32
                LayoutText {#text} at (0,0) size 108x32
                  text run at (0,0) width 108: "blah blah blah blah"
                  text run at (0,16) width 108: "blah blah blah blah"
              LayoutBlockFlow {P} at (5,587.59) size 125x32
                LayoutText {#text} at (0,0) size 108x32
                  text run at (0,0) width 108: "blah blah blah blah"
                  text run at (0,16) width 108: "blah blah blah blah"
              LayoutBlockFlow {H2} at (5,632.86) size 125x18
                LayoutText {#text} at (0,0) size 82x17
                  text run at (0,0) width 82: "Resources"
              LayoutBlockFlow {P} at (5,664.13) size 125x32
                LayoutText {#text} at (0,0) size 108x32
                  text run at (0,0) width 108: "blah blah blah blah"
                  text run at (0,16) width 108: "blah blah blah blah"
            LayoutTableCell {TD} at (139,2) size 459x1190.13 [bgcolor=#FFFFFF] [r=0 c=1 rs=2 cs=1]
              LayoutBlockFlow {H2} at (5,18.27) size 449x18
                LayoutText {#text} at (0,0) size 190x17
                  text run at (0,0) width 190: "The Latest of Linux.com!"
              LayoutBlockFlow {P} at (5,49.53) size 449x240
                LayoutText {#text} at (0,0) size 444x240
                  text run at (0,0) width 444: "blah blah blah blah blah blah blah blah blah blah blah blah blah blah blah blah"
                  text run at (0,16) width 444: "blah blah blah blah blah blah blah blah blah blah blah blah blah blah blah blah"
                  text run at (0,32) width 444: "blah blah blah blah blah blah blah blah blah blah blah blah blah blah blah blah"
                  text run at (0,48) width 444: "blah blah blah blah blah blah blah blah blah blah blah blah blah blah blah blah"
                  text run at (0,64) width 444: "blah blah blah blah blah blah blah blah blah blah blah blah blah blah blah blah"
                  text run at (0,80) width 444: "blah blah blah blah blah blah blah blah blah blah blah blah blah blah blah blah"
                  text run at (0,96) width 444: "blah blah blah blah blah blah blah blah blah blah blah blah blah blah blah blah"
                  text run at (0,112) width 444: "blah blah blah blah blah blah blah blah blah blah blah blah blah blah blah blah"
                  text run at (0,128) width 444: "blah blah blah blah blah blah blah blah blah blah blah blah blah blah blah blah"
                  text run at (0,144) width 444: "blah blah blah blah blah blah blah blah blah blah blah blah blah blah blah blah"
                  text run at (0,160) width 444: "blah blah blah blah blah blah blah blah blah blah blah blah blah blah blah blah"
                  text run at (0,176) width 444: "blah blah blah blah blah blah blah blah blah blah blah blah blah blah blah blah"
                  text run at (0,192) width 444: "blah blah blah blah blah blah blah blah blah blah blah blah blah blah blah blah"
                  text run at (0,208) width 444: "blah blah blah blah blah blah blah blah blah blah blah blah blah blah blah blah"
                  text run at (0,224) width 108: "blah blah blah blah"
              LayoutBlockFlow {P} at (5,302.53) size 449x240
                LayoutText {#text} at (0,0) size 444x240
                  text run at (0,0) width 444: "blah blah blah blah blah blah blah blah blah blah blah blah blah blah blah blah"
                  text run at (0,16) width 444: "blah blah blah blah blah blah blah blah blah blah blah blah blah blah blah blah"
                  text run at (0,32) width 444: "blah blah blah blah blah blah blah blah blah blah blah blah blah blah blah blah"
                  text run at (0,48) width 444: "blah blah blah blah blah blah blah blah blah blah blah blah blah blah blah blah"
                  text run at (0,64) width 444: "blah blah blah blah blah blah blah blah blah blah blah blah blah blah blah blah"
                  text run at (0,80) width 444: "blah blah blah blah blah blah blah blah blah blah blah blah blah blah blah blah"
                  text run at (0,96) width 444: "blah blah blah blah blah blah blah blah blah blah blah blah blah blah blah blah"
                  text run at (0,112) width 444: "blah blah blah blah blah blah blah blah blah blah blah blah blah blah blah blah"
                  text run at (0,128) width 444: "blah blah blah blah blah blah blah blah blah blah blah blah blah blah blah blah"
                  text run at (0,144) width 444: "blah blah blah blah blah blah blah blah blah blah blah blah blah blah blah blah"
                  text run at (0,160) width 444: "blah blah blah blah blah blah blah blah blah blah blah blah blah blah blah blah"
                  text run at (0,176) width 444: "blah blah blah blah blah blah blah blah blah blah blah blah blah blah blah blah"
                  text run at (0,192) width 444: "blah blah blah blah blah blah blah blah blah blah blah blah blah blah blah blah"
                  text run at (0,208) width 444: "blah blah blah blah blah blah blah blah blah blah blah blah blah blah blah blah"
                  text run at (0,224) width 108: "blah blah blah blah"
              LayoutBlockFlow {H2} at (5,555.80) size 449x18
                LayoutText {#text} at (0,0) size 122x17
                  text run at (0,0) width 122: "Linux.com Live!"
              LayoutBlockFlow {P} at (5,587.06) size 449x240
                LayoutText {#text} at (0,0) size 444x240
                  text run at (0,0) width 444: "blah blah blah blah blah blah blah blah blah blah blah blah blah blah blah blah"
                  text run at (0,16) width 444: "blah blah blah blah blah blah blah blah blah blah blah blah blah blah blah blah"
                  text run at (0,32) width 444: "blah blah blah blah blah blah blah blah blah blah blah blah blah blah blah blah"
                  text run at (0,48) width 444: "blah blah blah blah blah blah blah blah blah blah blah blah blah blah blah blah"
                  text run at (0,64) width 444: "blah blah blah blah blah blah blah blah blah blah blah blah blah blah blah blah"
                  text run at (0,80) width 444: "blah blah blah blah blah blah blah blah blah blah blah blah blah blah blah blah"
                  text run at (0,96) width 444: "blah blah blah blah blah blah blah blah blah blah blah blah blah blah blah blah"
                  text run at (0,112) width 444: "blah blah blah blah blah blah blah blah blah blah blah blah blah blah blah blah"
                  text run at (0,128) width 444: "blah blah blah blah blah blah blah blah blah blah blah blah blah blah blah blah"
                  text run at (0,144) width 444: "blah blah blah blah blah blah blah blah blah blah blah blah blah blah blah blah"
                  text run at (0,160) width 444: "blah blah blah blah blah blah blah blah blah blah blah blah blah blah blah blah"
                  text run at (0,176) width 444: "blah blah blah blah blah blah blah blah blah blah blah blah blah blah blah blah"
                  text run at (0,192) width 444: "blah blah blah blah blah blah blah blah blah blah blah blah blah blah blah blah"
                  text run at (0,208) width 444: "blah blah blah blah blah blah blah blah blah blah blah blah blah blah blah blah"
                  text run at (0,224) width 108: "blah blah blah blah"
              LayoutBlockFlow {H2} at (5,840.33) size 449x18
                LayoutText {#text} at (0,0) size 57x17
                  text run at (0,0) width 57: "Tuneup"
              LayoutBlockFlow {P} at (5,871.59) size 449x240
                LayoutText {#text} at (0,0) size 444x240
                  text run at (0,0) width 444: "blah blah blah blah blah blah blah blah blah blah blah blah blah blah blah blah"
                  text run at (0,16) width 444: "blah blah blah blah blah blah blah blah blah blah blah blah blah blah blah blah"
                  text run at (0,32) width 444: "blah blah blah blah blah blah blah blah blah blah blah blah blah blah blah blah"
                  text run at (0,48) width 444: "blah blah blah blah blah blah blah blah blah blah blah blah blah blah blah blah"
                  text run at (0,64) width 444: "blah blah blah blah blah blah blah blah blah blah blah blah blah blah blah blah"
                  text run at (0,80) width 444: "blah blah blah blah blah blah blah blah blah blah blah blah blah blah blah blah"
                  text run at (0,96) width 444: "blah blah blah blah blah blah blah blah blah blah blah blah blah blah blah blah"
                  text run at (0,112) width 444: "blah blah blah blah blah blah blah blah blah blah blah blah blah blah blah blah"
                  text run at (0,128) width 444: "blah blah blah blah blah blah blah blah blah blah blah blah blah blah blah blah"
                  text run at (0,144) width 444: "blah blah blah blah blah blah blah blah blah blah blah blah blah blah blah blah"
                  text run at (0,160) width 444: "blah blah blah blah blah blah blah blah blah blah blah blah blah blah blah blah"
                  text run at (0,176) width 444: "blah blah blah blah blah blah blah blah blah blah blah blah blah blah blah blah"
                  text run at (0,192) width 444: "blah blah blah blah blah blah blah blah blah blah blah blah blah blah blah blah"
                  text run at (0,208) width 444: "blah blah blah blah blah blah blah blah blah blah blah blah blah blah blah blah"
                  text run at (0,224) width 108: "blah blah blah blah"
              LayoutBlockFlow {H2} at (5,1124.86) size 449x18
                LayoutText {#text} at (0,0) size 30x17
                  text run at (0,0) width 30: "Poll"
              LayoutBlockFlow {P} at (5,1156.13) size 449x16
                LayoutText {#text} at (0,0) size 307x16
                  text run at (0,0) width 307: "This stuff is cropped off in Mozilla for whatever reason"
            LayoutTableCell {TD} at (600,2) size 135x396.59 [bgcolor=#FFFFFF] [r=0 c=2 rs=1 cs=1]
              LayoutBlockFlow {H2} at (5,18.27) size 125x18
                LayoutText {#text} at (0,0) size 47x17
                  text run at (0,0) width 47: "OSDN"
              LayoutBlockFlow {P} at (5,49.53) size 125x80
                LayoutText {#text} at (0,0) size 108x80
                  text run at (0,0) width 108: "blah blah blah blah"
                  text run at (0,16) width 108: "blah blah blah blah"
                  text run at (0,32) width 108: "blah blah blah blah"
                  text run at (0,48) width 108: "blah blah blah blah"
                  text run at (0,64) width 52: "blah blah"
              LayoutBlockFlow {H2} at (5,142.80) size 125x18
                LayoutText {#text} at (0,0) size 45x17
                  text run at (0,0) width 45: "POTD"
              LayoutBlockFlow {P} at (5,174.06) size 125x80
                LayoutText {#text} at (0,0) size 108x80
                  text run at (0,0) width 108: "blah blah blah blah"
                  text run at (0,16) width 108: "blah blah blah blah"
                  text run at (0,32) width 108: "blah blah blah blah"
                  text run at (0,48) width 108: "blah blah blah blah"
                  text run at (0,64) width 52: "blah blah"
              LayoutBlockFlow {H2} at (5,267.33) size 125x18
                LayoutText {#text} at (0,0) size 48x17
                  text run at (0,0) width 48: "Log In"
              LayoutBlockFlow {P} at (5,298.59) size 125x80
                LayoutText {#text} at (0,0) size 108x80
                  text run at (0,0) width 108: "blah blah blah blah"
                  text run at (0,16) width 108: "blah blah blah blah"
                  text run at (0,32) width 108: "blah blah blah blah"
                  text run at (0,48) width 108: "blah blah blah blah"
                  text run at (0,64) width 52: "blah blah"
          LayoutTableRow {TR} at (0,841) size 737x351
            LayoutTableCell {TD} at (600,1026) size 135x165.53 [bgcolor=#FFFFFF] [r=1 c=2 rs=1 cs=1]
              LayoutBlockFlow {H2} at (5,18.27) size 125x36
                LayoutText {#text} at (0,0) size 88x35
                  text run at (0,0) width 88: "Community"
                  text run at (0,18) width 56: "Banner"
              LayoutBlockFlow {P} at (5,67.53) size 125x80
                LayoutText {#text} at (0,0) size 108x80
                  text run at (0,0) width 108: "blah blah blah blah"
                  text run at (0,16) width 108: "blah blah blah blah"
                  text run at (0,32) width 108: "blah blah blah blah"
                  text run at (0,48) width 108: "blah blah blah blah"
                  text run at (0,64) width 52: "blah blah"
