layer at (0,0) size 800x600
  LayoutView at (0,0) size 800x600
layer at (0,0) size 800x591
  LayoutBlockFlow {HTML} at (0,0) size 800x591
    LayoutBlockFlow {BODY} at (8,8) size 784x575
      LayoutBlockFlow {DIV} at (0,0) size 302x574
        LayoutBlockFlow {DIV} at (0,0) size 302x82 [color=#00000000] [bgcolor=#00FF007F] [border: (1px solid #000000)]
          LayoutBlockFlow (anonymous) at (1,1) size 300x59
            LayoutText {#text} at (18,1) size 264x57
              text run at (18,1) width 264: "01234 56789"
          LayoutBlockFlow {DIV} at (1,60) size 300x24 [color=#000000]
            LayoutText {#text} at (59,0) size 182x23
              text run at (59,0) width 182: "unclipped background"
        LayoutBlockFlow {DIV} at (0,82) size 302x82 [color=#00000000] [bgcolor=#00FF007F] [border: (1px solid #000000)]
          LayoutBlockFlow (anonymous) at (1,1) size 300x59
            LayoutText {#text} at (18,1) size 264x57
              text run at (18,1) width 264: "01234 56789"
          LayoutBlockFlow {DIV} at (1,60) size 300x24 [color=#000000]
            LayoutText {#text} at (136,0) size 28x23
              text run at (136,0) width 28: "xor"
        LayoutBlockFlow {DIV} at (0,164) size 302x82 [color=#00000000] [bgcolor=#00FF007F] [border: (1px solid #000000)]
          LayoutBlockFlow (anonymous) at (1,1) size 300x59
            LayoutText {#text} at (18,1) size 264x57
              text run at (18,1) width 264: "01234 56789"
          LayoutBlockFlow {DIV} at (1,60) size 300x24 [color=#000000]
            LayoutText {#text} at (102,0) size 96x23
              text run at (102,0) width 96: "plus-lighter"
        LayoutBlockFlow {DIV} at (0,246) size 302x82 [color=#00000000] [bgcolor=#00FF007F] [border: (1px solid #000000)]
          LayoutBlockFlow (anonymous) at (1,1) size 300x59
            LayoutText {#text} at (18,1) size 264x57
              text run at (18,1) width 264: "01234 56789"
          LayoutBlockFlow {DIV} at (1,60) size 300x24 [color=#000000]
            LayoutText {#text} at (100,0) size 100x23
              text run at (100,0) width 100: "source-over"
        LayoutBlockFlow {DIV} at (0,328) size 302x82 [color=#00000000] [bgcolor=#00FF007F] [border: (1px solid #000000)]
          LayoutBlockFlow (anonymous) at (1,1) size 300x59
            LayoutText {#text} at (18,1) size 264x57
              text run at (18,1) width 264: "01234 56789"
          LayoutBlockFlow {DIV} at (1,60) size 300x24 [color=#000000]
            LayoutText {#text} at (100,0) size 100x23
              text run at (100,0) width 100: "source-atop"
        LayoutBlockFlow {DIV} at (0,410) size 302x82 [color=#00000000] [bgcolor=#00FF007F] [border: (1px solid #000000)]
          LayoutBlockFlow (anonymous) at (1,1) size 300x59
            LayoutText {#text} at (18,1) size 264x57
              text run at (18,1) width 264: "01234 56789"
          LayoutBlockFlow {DIV} at (1,60) size 300x24 [color=#000000]
            LayoutText {#text} at (111,0) size 78x23
              text run at (111,0) width 78: "source-in"
        LayoutBlockFlow {DIV} at (0,492) size 302x82 [color=#00000000] [bgcolor=#00FF007F] [border: (1px solid #000000)]
          LayoutBlockFlow (anonymous) at (1,1) size 300x59
            LayoutText {#text} at (18,1) size 264x57
              text run at (18,1) width 264: "01234 56789"
          LayoutBlockFlow {DIV} at (1,60) size 300x24 [color=#000000]
            LayoutText {#text} at (105,0) size 90x23
              text run at (105,0) width 90: "source-out"
      LayoutText {#text} at (302,555) size 4x19
        text run at (302,555) width 4: " "
      LayoutBlockFlow {DIV} at (306,82) size 302x492
        LayoutBlockFlow {DIV} at (0,0) size 302x82 [color=#00000000] [bgcolor=#00FF007F] [border: (1px solid #000000)]
          LayoutBlockFlow (anonymous) at (1,1) size 300x59
            LayoutText {#text} at (18,1) size 264x57
              text run at (18,1) width 264: "01234 56789"
          LayoutBlockFlow {DIV} at (1,60) size 300x24 [color=#000000]
            LayoutText {#text} at (129,0) size 42x23
              text run at (129,0) width 42: "clear"
        LayoutBlockFlow {DIV} at (0,82) size 302x82 [color=#00000000] [bgcolor=#00FF007F] [border: (1px solid #000000)]
          LayoutBlockFlow (anonymous) at (1,1) size 300x59
            LayoutText {#text} at (18,1) size 264x57
              text run at (18,1) width 264: "01234 56789"
          LayoutBlockFlow {DIV} at (1,60) size 300x24 [color=#000000]
            LayoutText {#text} at (130,0) size 40x23
              text run at (130,0) width 40: "copy"
        LayoutBlockFlow {DIV} at (0,164) size 302x82 [color=#00000000] [bgcolor=#00FF007F] [border: (1px solid #000000)]
          LayoutBlockFlow (anonymous) at (1,1) size 300x59
            LayoutText {#text} at (18,1) size 264x57
              text run at (18,1) width 264: "01234 56789"
          LayoutBlockFlow {DIV} at (1,60) size 300x24 [color=#000000]
            LayoutText {#text} at (81,0) size 138x23
              text run at (81,0) width 138: "destination-over"
        LayoutBlockFlow {DIV} at (0,246) size 302x82 [color=#00000000] [bgcolor=#00FF007F] [border: (1px solid #000000)]
          LayoutBlockFlow (anonymous) at (1,1) size 300x59
            LayoutText {#text} at (18,1) size 264x57
              text run at (18,1) width 264: "01234 56789"
          LayoutBlockFlow {DIV} at (1,60) size 300x24 [color=#000000]
            LayoutText {#text} at (82,0) size 136x23
              text run at (82,0) width 136: "destination-atop"
        LayoutBlockFlow {DIV} at (0,328) size 302x82 [color=#00000000] [bgcolor=#00FF007F] [border: (1px solid #000000)]
          LayoutBlockFlow (anonymous) at (1,1) size 300x59
            LayoutText {#text} at (18,1) size 264x57
              text run at (18,1) width 264: "01234 56789"
          LayoutBlockFlow {DIV} at (1,60) size 300x24 [color=#000000]
            LayoutText {#text} at (93,0) size 114x23
              text run at (93,0) width 114: "destination-in"
        LayoutBlockFlow {DIV} at (0,410) size 302x82 [color=#00000000] [bgcolor=#00FF007F] [border: (1px solid #000000)]
          LayoutBlockFlow (anonymous) at (1,1) size 300x59
            LayoutText {#text} at (18,1) size 264x57
              text run at (18,1) width 264: "01234 56789"
          LayoutBlockFlow {DIV} at (1,60) size 300x24 [color=#000000]
            LayoutText {#text} at (87,0) size 126x23
              text run at (87,0) width 126: "destination-out"
      LayoutText {#text} at (0,0) size 0x0
