layer at (0,0) size 800x600 clip at (0,0) size 785x600 scrollHeight 1729
  LayoutView at (0,0) size 800x600
layer at (0,0) size 785x1729 backgroundClip at (0,0) size 785x600 clip at (0,0) size 785x600
  LayoutBlockFlow {HTML} at (0,0) size 785x1729
    LayoutBlockFlow {BODY} at (8,8) size 769x1713 [bgcolor=#CCCCCC]
      LayoutBlockFlow {P} at (0,0) size 769x18
        LayoutText {#text} at (0,0) size 363x17
          text run at (0,0) width 363: "The style declarations which apply to the text below are:"
      LayoutBlockFlow {PRE} at (0,34) size 769x192
        LayoutText {#text} at (0,0) size 288x192
          text run at (0,0) width 160: "BODY {color: black;}"
          text run at (160,0) width 0: " "
          text run at (0,16) width 152: ".one {color: #080;}"
          text run at (152,16) width 0: " "
          text run at (0,32) width 176: ".two {color: #008000;}"
          text run at (176,32) width 0: " "
          text run at (0,48) width 232: ".three {color: rgb(0,128,0);}"
          text run at (232,48) width 0: " "
          text run at (0,64) width 240: ".four {color: rgb(0%,50%,0%);}"
          text run at (240,64) width 0: " "
          text run at (0,80) width 288: ".five {color: rgb(0.0%,50.0%,0.0%);}"
          text run at (288,80) width 0: " "
          text run at (0,96) width 160: ".six {color: green;}"
          text run at (160,96) width 0: " "
          text run at (0,112) width 232: ".seven {color: invalidValue;}"
          text run at (232,112) width 0: " "
          text run at (0,128) width 256: ".eight {color: rgb(0,128,1280);}"
          text run at (256,128) width 0: " "
          text run at (0,144) width 240: ".nine {color: rgb(0,128,255);}"
          text run at (240,144) width 0: " "
          text run at (0,160) width 264: ".ten {color: rgb(50%,-500%,60%);}"
          text run at (264,160) width 0: " "
          text run at (0,176) width 264: ".eleven {color: rgb(50%,0%,60%);}"
          text run at (264,176) width 0: " "
      LayoutBlockFlow {HR} at (0,239) size 769x2 [border: (1px inset #EEEEEE)]
      LayoutBlockFlow {P} at (0,257) size 769x18
        LayoutText {#text} at (0,0) size 196x17
          text run at (0,0) width 196: "This sentence should be black."
      LayoutBlockFlow {P} at (0,291) size 769x18 [color=#008800]
        LayoutText {#text} at (0,0) size 518x17
          text run at (0,0) width 518: "This sentence should be green, although slightly different from those that follow."
      LayoutBlockFlow {P} at (0,325) size 769x18 [color=#008000]
        LayoutText {#text} at (0,0) size 197x17
          text run at (0,0) width 197: "This sentence should be green."
      LayoutBlockFlow {P} at (0,359) size 769x18 [color=#008000]
        LayoutText {#text} at (0,0) size 197x17
          text run at (0,0) width 197: "This sentence should be green."
      LayoutBlockFlow {P} at (0,393) size 769x18 [color=#008000]
        LayoutText {#text} at (0,0) size 197x17
          text run at (0,0) width 197: "This sentence should be green."
      LayoutBlockFlow {P} at (0,427) size 769x18 [color=#008000]
        LayoutText {#text} at (0,0) size 197x17
          text run at (0,0) width 197: "This sentence should be green."
      LayoutBlockFlow {P} at (0,461) size 769x18 [color=#008000]
        LayoutText {#text} at (0,0) size 197x17
          text run at (0,0) width 197: "This sentence should be green."
      LayoutBlockFlow {P} at (0,495) size 769x18
        LayoutText {#text} at (0,0) size 415x17
          text run at (0,0) width 415: "This sentence should be black, because the value given for class "
        LayoutInline {CODE} at (0,0) size 49x16
          LayoutText {#text} at (414,2) size 49x16
            text run at (414,2) width 49: ".seven"
        LayoutText {#text} at (462,0) size 68x17
          text run at (462,0) width 68: " is invalid."
      LayoutBlockFlow {P} at (0,529) size 769x36 [color=#0080FF]
        LayoutText {#text} at (0,0) size 737x35
          text run at (0,0) width 737: "This sentence should be a shade of blue-green which, on a typical RGB computer display, exactly matches the next"
          text run at (0,18) width 68: "paragraph."
      LayoutBlockFlow {P} at (0,581) size 769x36 [color=#0080FF]
        LayoutText {#text} at (0,0) size 765x35
          text run at (0,0) width 765: "This sentence should be a shade of blue-green which, on a typical RGB computer display, exactly matches the previous"
          text run at (0,18) width 68: "paragraph."
      LayoutBlockFlow {P} at (0,633) size 769x36 [color=#800099]
        LayoutText {#text} at (0,0) size 709x35
          text run at (0,0) width 709: "This sentence should be a shade of purple which, on a typical RGB computer display, exactly matches the next"
          text run at (0,18) width 68: "paragraph."
      LayoutBlockFlow {P} at (0,685) size 769x36 [color=#800099]
        LayoutText {#text} at (0,0) size 737x35
          text run at (0,0) width 737: "This sentence should be a shade of purple which, on a typical RGB computer display, exactly matches the previous"
          text run at (0,18) width 68: "paragraph."
      LayoutBlockFlow {P} at (0,737) size 769x18
        LayoutText {#text} at (0,0) size 196x17
          text run at (0,0) width 196: "This sentence should be black."
      LayoutBlockFlow {P} at (0,771) size 769x18 [color=#008800]
        LayoutText {#text} at (0,0) size 407x17
          text run at (0,0) width 407: "This sentence should be a slightly different green, and used the "
        LayoutInline {TT} at (0,0) size 41x16
          LayoutText {#text} at (406,2) size 41x16
            text run at (406,2) width 41: "style"
        LayoutText {#text} at (446,0) size 63x17
          text run at (446,0) width 63: " attribute."
      LayoutBlockFlow {P} at (0,805) size 769x18 [color=#008000]
        LayoutText {#text} at (0,0) size 285x17
          text run at (0,0) width 285: "This sentence should be green, and used the "
        LayoutInline {TT} at (0,0) size 41x16
          LayoutText {#text} at (284,2) size 41x16
            text run at (284,2) width 41: "style"
        LayoutText {#text} at (324,0) size 63x17
          text run at (324,0) width 63: " attribute."
      LayoutBlockFlow {P} at (0,839) size 769x18 [color=#008000]
        LayoutText {#text} at (0,0) size 285x17
          text run at (0,0) width 285: "This sentence should be green, and used the "
        LayoutInline {TT} at (0,0) size 41x16
          LayoutText {#text} at (284,2) size 41x16
            text run at (284,2) width 41: "style"
        LayoutText {#text} at (324,0) size 63x17
          text run at (324,0) width 63: " attribute."
      LayoutBlockFlow {P} at (0,873) size 769x18 [color=#008000]
        LayoutText {#text} at (0,0) size 285x17
          text run at (0,0) width 285: "This sentence should be green, and used the "
        LayoutInline {TT} at (0,0) size 41x16
          LayoutText {#text} at (284,2) size 41x16
            text run at (284,2) width 41: "style"
        LayoutText {#text} at (324,0) size 63x17
          text run at (324,0) width 63: " attribute."
      LayoutBlockFlow {P} at (0,907) size 769x18 [color=#008000]
        LayoutText {#text} at (0,0) size 285x17
          text run at (0,0) width 285: "This sentence should be green, and used the "
        LayoutInline {TT} at (0,0) size 41x16
          LayoutText {#text} at (284,2) size 41x16
            text run at (284,2) width 41: "style"
        LayoutText {#text} at (324,0) size 63x17
          text run at (324,0) width 63: " attribute."
      LayoutBlockFlow {P} at (0,941) size 769x18 [color=#008000]
        LayoutText {#text} at (0,0) size 285x17
          text run at (0,0) width 285: "This sentence should be green, and used the "
        LayoutInline {TT} at (0,0) size 41x16
          LayoutText {#text} at (284,2) size 41x16
            text run at (284,2) width 41: "style"
        LayoutText {#text} at (324,0) size 63x17
          text run at (324,0) width 63: " attribute."
      LayoutTable {TABLE} at (0,975) size 769x738 [border: (1px outset #808080)]
        LayoutTableSection {TBODY} at (1,1) size 767x736
          LayoutTableRow {TR} at (0,0) size 767x26
            LayoutTableCell {TD} at (0,0) size 767x26 [bgcolor=#C0C0C0] [border: (1px inset #808080)] [r=0 c=0 rs=1 cs=2]
              LayoutInline {STRONG} at (0,0) size 161x17
                LayoutText {#text} at (4,4) size 161x17
                  text run at (4,4) width 161: "TABLE Testing Section"
          LayoutTableRow {TR} at (0,26) size 767x710
            LayoutTableCell {TD} at (0,368) size 12x26 [bgcolor=#C0C0C0] [border: (1px inset #808080)] [r=1 c=0 rs=1 cs=1]
              LayoutText {#text} at (4,4) size 4x17
                text run at (4,4) width 4: " "
            LayoutTableCell {TD} at (12,26) size 755x710 [border: (1px inset #808080)] [r=1 c=1 rs=1 cs=1]
              LayoutBlockFlow {P} at (4,4) size 747x18
                LayoutText {#text} at (0,0) size 196x17
                  text run at (0,0) width 196: "This sentence should be black."
              LayoutBlockFlow {P} at (4,38) size 747x18 [color=#008800]
                LayoutText {#text} at (0,0) size 518x17
                  text run at (0,0) width 518: "This sentence should be green, although slightly different from those that follow."
              LayoutBlockFlow {P} at (4,72) size 747x18 [color=#008000]
                LayoutText {#text} at (0,0) size 197x17
                  text run at (0,0) width 197: "This sentence should be green."
              LayoutBlockFlow {P} at (4,106) size 747x18 [color=#008000]
                LayoutText {#text} at (0,0) size 197x17
                  text run at (0,0) width 197: "This sentence should be green."
              LayoutBlockFlow {P} at (4,140) size 747x18 [color=#008000]
                LayoutText {#text} at (0,0) size 197x17
                  text run at (0,0) width 197: "This sentence should be green."
              LayoutBlockFlow {P} at (4,174) size 747x18 [color=#008000]
                LayoutText {#text} at (0,0) size 197x17
                  text run at (0,0) width 197: "This sentence should be green."
              LayoutBlockFlow {P} at (4,208) size 747x18 [color=#008000]
                LayoutText {#text} at (0,0) size 197x17
                  text run at (0,0) width 197: "This sentence should be green."
              LayoutBlockFlow {P} at (4,242) size 747x18
                LayoutText {#text} at (0,0) size 415x17
                  text run at (0,0) width 415: "This sentence should be black, because the value given for class "
                LayoutInline {CODE} at (0,0) size 49x16
                  LayoutText {#text} at (414,2) size 49x16
                    text run at (414,2) width 49: ".seven"
                LayoutText {#text} at (462,0) size 68x17
                  text run at (462,0) width 68: " is invalid."
              LayoutBlockFlow {P} at (4,276) size 747x36 [color=#0080FF]
                LayoutText {#text} at (0,0) size 737x35
                  text run at (0,0) width 737: "This sentence should be a shade of blue-green which, on a typical RGB computer display, exactly matches the next"
                  text run at (0,18) width 68: "paragraph."
              LayoutBlockFlow {P} at (4,328) size 747x36 [color=#0080FF]
                LayoutText {#text} at (0,0) size 705x35
                  text run at (0,0) width 705: "This sentence should be a shade of blue-green which, on a typical RGB computer display, exactly matches the"
                  text run at (0,18) width 128: "previous paragraph."
              LayoutBlockFlow {P} at (4,380) size 747x36 [color=#800099]
                LayoutText {#text} at (0,0) size 709x35
                  text run at (0,0) width 709: "This sentence should be a shade of purple which, on a typical RGB computer display, exactly matches the next"
                  text run at (0,18) width 68: "paragraph."
              LayoutBlockFlow {P} at (4,432) size 747x36 [color=#800099]
                LayoutText {#text} at (0,0) size 737x35
                  text run at (0,0) width 737: "This sentence should be a shade of purple which, on a typical RGB computer display, exactly matches the previous"
                  text run at (0,18) width 68: "paragraph."
              LayoutBlockFlow {P} at (4,484) size 747x18
                LayoutText {#text} at (0,0) size 196x17
                  text run at (0,0) width 196: "This sentence should be black."
              LayoutBlockFlow {P} at (4,518) size 747x18 [color=#008800]
                LayoutText {#text} at (0,0) size 407x17
                  text run at (0,0) width 407: "This sentence should be a slightly different green, and used the "
                LayoutInline {TT} at (0,0) size 41x16
                  LayoutText {#text} at (406,2) size 41x16
                    text run at (406,2) width 41: "style"
                LayoutText {#text} at (446,0) size 63x17
                  text run at (446,0) width 63: " attribute."
              LayoutBlockFlow {P} at (4,552) size 747x18 [color=#008000]
                LayoutText {#text} at (0,0) size 285x17
                  text run at (0,0) width 285: "This sentence should be green, and used the "
                LayoutInline {TT} at (0,0) size 41x16
                  LayoutText {#text} at (284,2) size 41x16
                    text run at (284,2) width 41: "style"
                LayoutText {#text} at (324,0) size 63x17
                  text run at (324,0) width 63: " attribute."
              LayoutBlockFlow {P} at (4,586) size 747x18 [color=#008000]
                LayoutText {#text} at (0,0) size 285x17
                  text run at (0,0) width 285: "This sentence should be green, and used the "
                LayoutInline {TT} at (0,0) size 41x16
                  LayoutText {#text} at (284,2) size 41x16
                    text run at (284,2) width 41: "style"
                LayoutText {#text} at (324,0) size 63x17
                  text run at (324,0) width 63: " attribute."
              LayoutBlockFlow {P} at (4,620) size 747x18 [color=#008000]
                LayoutText {#text} at (0,0) size 285x17
                  text run at (0,0) width 285: "This sentence should be green, and used the "
                LayoutInline {TT} at (0,0) size 41x16
                  LayoutText {#text} at (284,2) size 41x16
                    text run at (284,2) width 41: "style"
                LayoutText {#text} at (324,0) size 63x17
                  text run at (324,0) width 63: " attribute."
              LayoutBlockFlow {P} at (4,654) size 747x18 [color=#008000]
                LayoutText {#text} at (0,0) size 285x17
                  text run at (0,0) width 285: "This sentence should be green, and used the "
                LayoutInline {TT} at (0,0) size 41x16
                  LayoutText {#text} at (284,2) size 41x16
                    text run at (284,2) width 41: "style"
                LayoutText {#text} at (324,0) size 63x17
                  text run at (324,0) width 63: " attribute."
              LayoutBlockFlow {P} at (4,688) size 747x18 [color=#008000]
                LayoutText {#text} at (0,0) size 285x17
                  text run at (0,0) width 285: "This sentence should be green, and used the "
                LayoutInline {TT} at (0,0) size 41x16
                  LayoutText {#text} at (284,2) size 41x16
                    text run at (284,2) width 41: "style"
                LayoutText {#text} at (324,0) size 63x17
                  text run at (324,0) width 63: " attribute."
