layer at (0,0) size 800x600
  LayoutView at (0,0) size 800x600
layer at (0,0) size 800x600
  LayoutBlockFlow {HTML} at (0,0) size 800x600
    LayoutBlockFlow {BODY} at (8,8) size 784x584 [bgcolor=#CCCCCC]
      LayoutBlockFlow {P} at (0,0) size 784x18
        LayoutText {#text} at (0,0) size 363x17
          text run at (0,0) width 363: "The style declarations which apply to the text below are:"
      LayoutBlockFlow {PRE} at (0,34) size 784x80
        LayoutText {#text} at (0,0) size 504x80
          text run at (0,0) width 224: ".zero { background: yellow }"
          text run at (224,0) width 0: " "
          text run at (0,16) width 504: ".one { margin-left: 25%; margin-right: 25%; background: white }"
          text run at (504,16) width 0: " "
          text run at (0,32) width 496: ".two { margin-left: 50%; margin-right: 0%; background: white }"
          text run at (496,32) width 0: " "
          text run at (0,48) width 208: ".three {margin-left: 25%;}"
          text run at (208,48) width 0: " "
          text run at (0,64) width 0: " "
      LayoutBlockFlow {HR} at (0,127) size 784x2 [border: (1px inset #EEEEEE)]
      LayoutBlockFlow {DIV} at (0,145) size 784x124 [bgcolor=#FFFF00]
        LayoutBlockFlow {DIV} at (196,0) size 392x54 [bgcolor=#FFFFFF]
          LayoutBlockFlow {P} at (0,0) size 392x54
            LayoutText {#text} at (0,0) size 332x53
              text run at (0,0) width 332: "This paragraph should be centered within its yellow"
              text run at (0,18) width 330: "containing block and its width should be half of the"
              text run at (0,36) width 112: "containing block."
        LayoutBlockFlow {DIV} at (392,70) size 392x54 [bgcolor=#FFFFFF]
          LayoutBlockFlow {P} at (0,0) size 392x54
            LayoutText {#text} at (0,0) size 361x53
              text run at (0,0) width 361: "This paragraph should be right-aligned within its yellow"
              text run at (0,18) width 330: "containing block and its width should be half of the"
              text run at (0,36) width 112: "containing block."
      LayoutBlockFlow {P} at (196,285) size 588x36
        LayoutText {#text} at (0,0) size 560x35
          text run at (0,0) width 560: "This paragraph should have a left margin of 25% the width of its parent element, which"
          text run at (0,18) width 366: "should require some extra text in order to test effectively."
      LayoutTable {TABLE} at (0,337) size 784x212 [border: (1px outset #808080)]
        LayoutTableSection {TBODY} at (1,1) size 782x210
          LayoutTableRow {TR} at (0,0) size 782x26
            LayoutTableCell {TD} at (0,0) size 782x26 [bgcolor=#C0C0C0] [border: (1px inset #808080)] [r=0 c=0 rs=1 cs=2]
              LayoutInline {STRONG} at (0,0) size 161x17
                LayoutText {#text} at (4,4) size 161x17
                  text run at (4,4) width 161: "TABLE Testing Section"
          LayoutTableRow {TR} at (0,26) size 782x184
            LayoutTableCell {TD} at (0,105) size 12x26 [bgcolor=#C0C0C0] [border: (1px inset #808080)] [r=1 c=0 rs=1 cs=1]
              LayoutText {#text} at (4,4) size 4x17
                text run at (4,4) width 4: " "
            LayoutTableCell {TD} at (12,26) size 770x184 [border: (1px inset #808080)] [r=1 c=1 rs=1 cs=1]
              LayoutBlockFlow {DIV} at (4,4) size 762x124 [bgcolor=#FFFF00]
                LayoutBlockFlow {DIV} at (190.50,0) size 381x54 [bgcolor=#FFFFFF]
                  LayoutBlockFlow {P} at (0,0) size 381x54
                    LayoutText {#text} at (0,0) size 332x53
                      text run at (0,0) width 332: "This paragraph should be centered within its yellow"
                      text run at (0,18) width 330: "containing block and its width should be half of the"
                      text run at (0,36) width 112: "containing block."
                LayoutBlockFlow {DIV} at (381,70) size 381x54 [bgcolor=#FFFFFF]
                  LayoutBlockFlow {P} at (0,0) size 381x54
                    LayoutText {#text} at (0,0) size 361x53
                      text run at (0,0) width 361: "This paragraph should be right-aligned within its yellow"
                      text run at (0,18) width 330: "containing block and its width should be half of the"
                      text run at (0,36) width 112: "containing block."
              LayoutBlockFlow {P} at (194.50,144) size 571.50x36
                LayoutText {#text} at (0,0) size 560x35
                  text run at (0,0) width 560: "This paragraph should have a left margin of 25% the width of its parent element, which"
                  text run at (0,18) width 366: "should require some extra text in order to test effectively."
