layer at (0,0) size 800x600
  LayoutView at (0,0) size 800x600
layer at (0,0) size 800x600
  LayoutBlockFlow {HTML} at (0,0) size 800x600
    LayoutBlockFlow {BODY} at (8,8) size 784x584
      LayoutBlockFlow {P} at (0,0) size 784x18
        LayoutText {#text} at (0,0) size 363x17
          text run at (0,0) width 363: "The style declarations which apply to the text below are:"
      LayoutBlockFlow {PRE} at (0,34) size 784x64
        LayoutText {#text} at (0,0) size 648x64
          text run at (0,0) width 648: "<LINK rel=\"stylesheet\" type=\"text/css\" media=\"screen\" href=\"../resources/bg.gif\">"
          text run at (648,0) width 0: " "
          text run at (0,16) width 296: "@import url(../resources/sec642.css);"
          text run at (296,16) width 0: " "
          text run at (0,32) width 352: "BODY {background: url(../resources/bg.gif);}"
          text run at (352,32) width 0: " "
          text run at (0,48) width 0: " "
      LayoutBlockFlow {HR} at (0,111) size 784x2 [border: (1px inset #EEEEEE)]
      LayoutBlockFlow {P} at (0,129) size 784x18
        LayoutText {#text} at (0,0) size 393x17
          text run at (0,0) width 393: "This page should have a green grid pattern as its background."
      LayoutBlockFlow {P} at (0,163) size 784x54 [bgcolor=#FFFFFF]
        LayoutText {#text} at (0,0) size 784x53
          text run at (0,0) width 627: "This paragraph should have a white background, but NO image should appear in the background. "
          text run at (626,0) width 153: "If an image, in this case"
          text run at (0,18) width 784: "a red square-- or, indeed, any red at all-- is seen there, then the browser has incorrectly interpreted a URL in relation to the"
          text run at (0,36) width 277: "document's URL, not the stylesheet's URL."
      LayoutBlockFlow {P} at (0,233) size 784x54 [bgcolor=#FFFFFF]
        LayoutText {#text} at (0,0) size 784x53
          text run at (0,0) width 627: "This paragraph should have a white background, but NO image should appear in the background. "
          text run at (626,0) width 153: "If an image, in this case"
          text run at (0,18) width 784: "a red square-- or, indeed, any red at all-- is seen there, then the browser has incorrectly interpreted a URL in relation to the"
          text run at (0,36) width 277: "document's URL, not the stylesheet's URL."
      LayoutTable {TABLE} at (0,303) size 784x194 [border: (1px outset #808080)]
        LayoutTableSection {TBODY} at (1,1) size 782x192
          LayoutTableRow {TR} at (0,0) size 782x26
            LayoutTableCell {TD} at (0,0) size 782x26 [bgcolor=#C0C0C0] [border: (1px inset #808080)] [r=0 c=0 rs=1 cs=2]
              LayoutInline {STRONG} at (0,0) size 161x17
                LayoutText {#text} at (4,4) size 161x17
                  text run at (4,4) width 161: "TABLE Testing Section"
          LayoutTableRow {TR} at (0,26) size 782x166
            LayoutTableCell {TD} at (0,96) size 12x26 [bgcolor=#C0C0C0] [border: (1px inset #808080)] [r=1 c=0 rs=1 cs=1]
              LayoutText {#text} at (4,4) size 4x17
                text run at (4,4) width 4: " "
            LayoutTableCell {TD} at (12,26) size 770x166 [border: (1px inset #808080)] [r=1 c=1 rs=1 cs=1]
              LayoutBlockFlow {P} at (4,4) size 762x18
                LayoutText {#text} at (0,0) size 393x17
                  text run at (0,0) width 393: "This page should have a green grid pattern as its background."
              LayoutBlockFlow {P} at (4,38) size 762x54 [bgcolor=#FFFFFF]
                LayoutText {#text} at (0,0) size 748x53
                  text run at (0,0) width 627: "This paragraph should have a white background, but NO image should appear in the background. "
                  text run at (626,0) width 122: "If an image, in this"
                  text run at (0,18) width 722: "case a red square-- or, indeed, any red at all-- is seen there, then the browser has incorrectly interpreted a URL in"
                  text run at (0,36) width 370: "relation to the document's URL, not the stylesheet's URL."
              LayoutBlockFlow {P} at (4,108) size 762x54 [bgcolor=#FFFFFF]
                LayoutText {#text} at (0,0) size 748x53
                  text run at (0,0) width 627: "This paragraph should have a white background, but NO image should appear in the background. "
                  text run at (626,0) width 122: "If an image, in this"
                  text run at (0,18) width 722: "case a red square-- or, indeed, any red at all-- is seen there, then the browser has incorrectly interpreted a URL in"
                  text run at (0,36) width 370: "relation to the document's URL, not the stylesheet's URL."
