layer at (0,0) size 800x600
  LayoutView at (0,0) size 800x600
layer at (0,0) size 800x435
  LayoutBlockFlow {html} at (0,0) size 800x435.36
    LayoutBlockFlow {body} at (11.52,14.39) size 776.97x406.58
      LayoutBlockFlow {p} at (0,0) size 776.97x27 [color=#000080]
        LayoutText {#text} at (0,0) size 660x26
          text run at (0,0) width 660: "The word \"TEST \" should appear twice below, the same size each time."
      LayoutBlockFlow (anonymous) at (0,41.39) size 776.97x178
        LayoutSVGRoot {svg} at (11,55) size 577x174
          LayoutSVGRect {rect} at (11,55) size 577x174 [transform={m=((10.00,0.00)(0.00,10.00)) t=(0.00,0.00)}] [fill={[type=SOLID] [color=#EEEEEE]}] [x=0.00] [y=0.00] [width=60.00] [height=12.00]
          LayoutSVGForeignObject {foreignObject} at (0,0) size 60x10
            LayoutBlockFlow {div} at (0,0) size 60x12 [color=#000080]
              LayoutText {#text} at (0,0) size 26x12
                text run at (0,0) width 26: "TEST"
        LayoutText {#text} at (0,0) size 0x0
      LayoutBlockFlow {div} at (0,233.78) size 576x172.80 [color=#000080] [bgcolor=#EEEEEE]
        LayoutText {#text} at (0,3) size 344x159
          text run at (0,3) width 344: "TEST"
