layer at (0,0) size 800x600 scrollHeight 729
  LayoutView at (0,0) size 800x600
layer at (0,0) size 800x729 backgroundClip at (0,0) size 800x600 clip at (0,0) size 800x600
  LayoutBlockFlow {HTML} at (0,0) size 800x729
    LayoutBlockFlow {BODY} at (8,8) size 784x713 [bgcolor=#CCCCCC]
      LayoutBlockFlow {P} at (0,0) size 784x20
        LayoutText {#text} at (0,0) size 337x19
          text run at (0,0) width 337: "The style declarations which apply to the text below are:"
      LayoutBlockFlow {PRE} at (0,36) size 784x48
        LayoutText {#text} at (0,0) size 360x48
          text run at (0,0) width 352: ".zero {background-color: silver; margin: 0;}"
          text run at (352,0) width 0: " "
          text run at (0,16) width 352: ".one {margin: 25px; background-color: aqua;}"
          text run at (352,16) width 0: " "
          text run at (0,32) width 360: ".two {margin: -10px; background-color: aqua;}"
          text run at (360,32) width 0: " "
      LayoutBlockFlow {HR} at (0,97) size 784x2 [border: (1px inset #EEEEEE)]
      LayoutBlockFlow {P} at (0,107) size 784x20 [bgcolor=#C0C0C0]
        LayoutText {#text} at (0,0) size 193x19
          text run at (0,0) width 193: "This element has a class of zero."
      LayoutBlockFlow {P} at (0,143) size 784x80 [bgcolor=#808080]
        LayoutText {#text} at (0,0) size 457x19
          text run at (0,0) width 373: "This element is unstyled save for a background color of gray.. "
          text run at (373,0) width 84: "It contains an "
        LayoutInline {SPAN} at (0,0) size 743x39 [bgcolor=#00FFFF]
          LayoutText {#text} at (482,0) size 133x19
            text run at (482,0) width 133: "inline element of class "
          LayoutInline {TT} at (0,0) size 24x16
            LayoutText {#text} at (615,3) size 24x16
              text run at (615,3) width 24: "one"
          LayoutText {#text} at (639,0) size 743x39
            text run at (639,0) width 104: ", giving it an aqua"
            text run at (0,20) width 188: "background and a 25px margin"
        LayoutText {#text} at (213,20) size 767x59
          text run at (213,20) width 8: ". "
          text run at (221,20) width 546: "Margins on inline elements does not affect line-height calculations, so all lines in this element"
          text run at (0,40) width 201: "should have the same line-height. "
          text run at (201,40) width 530: "However, there should be a 25px margin to the left side of the inline box in the first line it"
          text run at (0,60) width 605: "appears, and a 25px margin to the right side of the inline element box in the last line where it appears."
      LayoutBlockFlow {P} at (0,239) size 784x20 [bgcolor=#C0C0C0]
        LayoutText {#text} at (0,0) size 193x19
          text run at (0,0) width 193: "This element has a class of zero."
      LayoutBlockFlow {P} at (0,275) size 784x80 [bgcolor=#808080]
        LayoutText {#text} at (0,0) size 457x19
          text run at (0,0) width 373: "This element is unstyled save for a background color of gray.. "
          text run at (373,0) width 84: "It contains an "
        LayoutInline {SPAN} at (0,0) size 784x39 [bgcolor=#00FFFF]
          LayoutText {#text} at (447,0) size 133x19
            text run at (447,0) width 133: "inline element of class "
          LayoutInline {TT} at (0,0) size 24x16
            LayoutText {#text} at (580,3) size 24x16
              text run at (580,3) width 24: "two"
          LayoutText {#text} at (604,0) size 784x39
            text run at (604,0) width 180: ", giving it an aqua background"
            text run at (0,20) width 118: "and a -10px margin"
        LayoutText {#text} at (108,20) size 774x59
          text run at (108,20) width 8: ". "
          text run at (116,20) width 643: "Margins on inline elements does not affect line-height calculations, so all lines in this element should have the"
          text run at (0,40) width 104: "same line-height. "
          text run at (104,40) width 670: "However, there should be a -10px margin to the left side of the inline box in the first line it appears, and a -10px"
          text run at (0,60) width 477: "margin to the right side of the inline element box in the last line where it appears."
      LayoutBlockFlow {P} at (0,371) size 784x20 [bgcolor=#C0C0C0]
        LayoutText {#text} at (0,0) size 193x19
          text run at (0,0) width 193: "This element has a class of zero."
      LayoutTable {TABLE} at (0,391) size 784x322 [border: (1px outset #808080)]
        LayoutTableSection {TBODY} at (1,1) size 782x320
          LayoutTableRow {TR} at (0,0) size 782x28
            LayoutTableCell {TD} at (0,0) size 782x28 [bgcolor=#C0C0C0] [border: (1px inset #808080)] [r=0 c=0 rs=1 cs=2]
              LayoutInline {STRONG} at (0,0) size 159x19
                LayoutText {#text} at (4,4) size 159x19
                  text run at (4,4) width 159: "TABLE Testing Section"
          LayoutTableRow {TR} at (0,28) size 782x292
            LayoutTableCell {TD} at (0,160) size 12x28 [bgcolor=#C0C0C0] [border: (1px inset #808080)] [r=1 c=0 rs=1 cs=1]
              LayoutText {#text} at (4,4) size 4x19
                text run at (4,4) width 4: " "
            LayoutTableCell {TD} at (12,28) size 770x292 [border: (1px inset #808080)] [r=1 c=1 rs=1 cs=1]
              LayoutBlockFlow {P} at (4,4) size 762x20 [bgcolor=#C0C0C0]
                LayoutText {#text} at (0,0) size 193x19
                  text run at (0,0) width 193: "This element has a class of zero."
              LayoutBlockFlow {P} at (4,40) size 762x80 [bgcolor=#808080]
                LayoutText {#text} at (0,0) size 457x19
                  text run at (0,0) width 373: "This element is unstyled save for a background color of gray.. "
                  text run at (373,0) width 84: "It contains an "
                LayoutInline {SPAN} at (0,0) size 743x39 [bgcolor=#00FFFF]
                  LayoutText {#text} at (482,0) size 133x19
                    text run at (482,0) width 133: "inline element of class "
                  LayoutInline {TT} at (0,0) size 24x16
                    LayoutText {#text} at (615,3) size 24x16
                      text run at (615,3) width 24: "one"
                  LayoutText {#text} at (639,0) size 743x39
                    text run at (639,0) width 104: ", giving it an aqua"
                    text run at (0,20) width 188: "background and a 25px margin"
                LayoutText {#text} at (213,20) size 746x59
                  text run at (213,20) width 8: ". "
                  text run at (221,20) width 496: "Margins on inline elements does not affect line-height calculations, so all lines in this"
                  text run at (0,40) width 251: "element should have the same line-height. "
                  text run at (251,40) width 495: "However, there should be a 25px margin to the left side of the inline box in the first"
                  text run at (0,60) width 640: "line it appears, and a 25px margin to the right side of the inline element box in the last line where it appears."
              LayoutBlockFlow {P} at (4,136) size 762x20 [bgcolor=#C0C0C0]
                LayoutText {#text} at (0,0) size 193x19
                  text run at (0,0) width 193: "This element has a class of zero."
              LayoutBlockFlow {P} at (4,172) size 762x80 [bgcolor=#808080]
                LayoutText {#text} at (0,0) size 457x19
                  text run at (0,0) width 373: "This element is unstyled save for a background color of gray.. "
                  text run at (373,0) width 84: "It contains an "
                LayoutInline {SPAN} at (0,0) size 708x39 [bgcolor=#00FFFF]
                  LayoutText {#text} at (447,0) size 133x19
                    text run at (447,0) width 133: "inline element of class "
                  LayoutInline {TT} at (0,0) size 24x16
                    LayoutText {#text} at (580,3) size 24x16
                      text run at (580,3) width 24: "two"
                  LayoutText {#text} at (604,0) size 708x39
                    text run at (604,0) width 104: ", giving it an aqua"
                    text run at (0,20) width 194: "background and a -10px margin"
                LayoutText {#text} at (184,20) size 738x59
                  text run at (184,20) width 8: ". "
                  text run at (192,20) width 546: "Margins on inline elements does not affect line-height calculations, so all lines in this element"
                  text run at (0,40) width 201: "should have the same line-height. "
                  text run at (201,40) width 536: "However, there should be a -10px margin to the left side of the inline box in the first line it"
                  text run at (0,60) width 611: "appears, and a -10px margin to the right side of the inline element box in the last line where it appears."
              LayoutBlockFlow {P} at (4,268) size 762x20 [bgcolor=#C0C0C0]
                LayoutText {#text} at (0,0) size 193x19
                  text run at (0,0) width 193: "This element has a class of zero."
