layer at (0,0) size 800x600 clip at (0,0) size 785x600 scrollHeight 782
  LayoutView at (0,0) size 800x600
layer at (0,0) size 785x550
  LayoutBlockFlow {HTML} at (0,0) size 785x550
    LayoutBlockFlow {BODY} at (8,16) size 769x526
      LayoutBlockFlow {P} at (0,0) size 769x20
        LayoutText {#text} at (0,0) size 241x19
          text run at (0,0) width 241: "Test controls rendering with cast button."
      LayoutBlockFlow {DIV} at (0,36) size 769x245
        LayoutText {#text} at (0,0) size 0x0
      LayoutBlockFlow {DIV} at (0,281) size 769x245
        LayoutText {#text} at (0,0) size 0x0
      LayoutBlockFlow {DIV} at (0,526) size 769x0
layer at (8,52) size 320x240
  LayoutVideo {VIDEO} at (0,0) size 320x240
layer at (8,297) size 320x240
  LayoutVideo {VIDEO} at (0,0) size 320x240
layer at (8,52) size 320x240
  LayoutFlexibleBox (relative positioned) {DIV} at (0,0) size 320x240
    LayoutBlockFlow {DIV} at (0,205) size 320x35
layer at (8,52) size 320x205
  LayoutFlexibleBox (relative positioned) {DIV} at (0,0) size 320x205
layer at (13,257) size 310x30
  LayoutFlexibleBox (relative positioned) {DIV} at (5,0) size 310x30 [bgcolor=#141414CC]
    LayoutButton {INPUT} at (9,0) size 30x30
    LayoutSlider {INPUT} at (48,11) size 74x8
      LayoutFlexibleBox {DIV} at (0,0) size 74x8 [border: (1px solid #E6E6E659)]
        LayoutBlockFlow {DIV} at (1,-8) size 86x24
          LayoutBlockFlow {DIV} at (-7,0) size 32x24
    LayoutFlexibleBox {DIV} at (137,0) size 25x30 [color=#FFFFFF]
      LayoutBlockFlow (anonymous) at (0,0) size 25x30
        LayoutText {#text} at (0,7) size 25x16
          text run at (0,7) width 25: "0:00"
    LayoutButton {INPUT} at (171,0) size 35x30
    LayoutSlider {INPUT} at (212,11) size 15x8
      LayoutFlexibleBox {DIV} at (0,0) size 15x8 [border: (1px solid #E6E6E659)]
        LayoutBlockFlow {DIV} at (1,-8) size 27x24
          LayoutBlockFlow {DIV} at (-4,0) size 24x24
    LayoutButton {INPUT} at (237,0) size 30x30
    LayoutButton {INPUT} at (271,0) size 30x30
layer at (8,297) size 320x240
  LayoutFlexibleBox (relative positioned) {DIV} at (0,0) size 320x240
    LayoutBlockFlow {DIV} at (0,205) size 320x35
layer at (8,297) size 320x205
  LayoutFlexibleBox (relative positioned) {DIV} at (0,0) size 320x205
layer at (13,502) size 310x30
  LayoutFlexibleBox (relative positioned) {DIV} at (5,0) size 310x30 [bgcolor=#141414CC]
    LayoutButton {INPUT} at (9,0) size 30x30
    LayoutSlider {INPUT} at (48,11) size 74x8
      LayoutFlexibleBox {DIV} at (0,0) size 74x8 [border: (1px solid #E6E6E659)]
        LayoutBlockFlow {DIV} at (1,-8) size 86x24
          LayoutBlockFlow {DIV} at (-7,0) size 32x24
    LayoutFlexibleBox {DIV} at (137,0) size 25x30 [color=#FFFFFF]
      LayoutBlockFlow (anonymous) at (0,0) size 25x30
        LayoutText {#text} at (0,7) size 25x16
          text run at (0,7) width 25: "0:00"
    LayoutButton {INPUT} at (171,0) size 35x30
    LayoutSlider {INPUT} at (212,11) size 15x8
      LayoutFlexibleBox {DIV} at (0,0) size 15x8 [border: (1px solid #E6E6E659)]
        LayoutBlockFlow {DIV} at (1,-8) size 27x24
          LayoutBlockFlow {DIV} at (-4,0) size 24x24
    LayoutButton {INPUT} at (237,0) size 30x30
    LayoutButton {INPUT} at (271,0) size 30x30
layer at (8,542) size 320x240 backgroundClip at (0,0) size 785x600 clip at (0,0) size 785x600
  LayoutVideo (positioned) {VIDEO} at (8,542) size 320x240
layer at (8,542) size 320x240 backgroundClip at (0,0) size 785x600 clip at (0,0) size 785x600
  LayoutFlexibleBox (relative positioned) {DIV} at (0,0) size 320x240
    LayoutBlockFlow {DIV} at (0,205) size 320x35
layer at (8,542) size 320x205 backgroundClip at (8,542) size 320x58 clip at (8,542) size 320x58
  LayoutFlexibleBox (relative positioned) {DIV} at (0,0) size 320x205
layer at (13,747) size 310x30 backgroundClip at (0,0) size 0x0 clip at (0,0) size 0x0
  LayoutFlexibleBox (relative positioned) {DIV} at (5,0) size 310x30 [bgcolor=#141414CC]
    LayoutButton {INPUT} at (9,0) size 30x30
    LayoutSlider {INPUT} at (48,11) size 74x8
      LayoutFlexibleBox {DIV} at (0,0) size 74x8 [border: (1px solid #E6E6E659)]
        LayoutBlockFlow {DIV} at (1,-8) size 86x24
          LayoutBlockFlow {DIV} at (-7,0) size 32x24
    LayoutFlexibleBox {DIV} at (137,0) size 25x30 [color=#FFFFFF]
      LayoutBlockFlow (anonymous) at (0,0) size 25x30
        LayoutText {#text} at (0,7) size 25x16
          text run at (0,7) width 25: "0:00"
    LayoutButton {INPUT} at (171,0) size 35x30
    LayoutSlider {INPUT} at (212,11) size 15x8
      LayoutFlexibleBox {DIV} at (0,0) size 15x8 [border: (1px solid #E6E6E659)]
        LayoutBlockFlow {DIV} at (1,-8) size 27x24
          LayoutBlockFlow {DIV} at (-4,0) size 24x24
    LayoutButton {INPUT} at (237,0) size 30x30
    LayoutButton {INPUT} at (271,0) size 30x30
