layer at (0,0) size 800x600
  LayoutView at (0,0) size 800x600
layer at (0,0) size 800x600
  LayoutBlockFlow {HTML} at (0,0) size 800x600
    LayoutBlockFlow {BODY} at (8,8) size 784x584
      LayoutBlockFlow {P} at (0,0) size 784x20
        LayoutText {#text} at (0,0) size 392x19
          text run at (0,0) width 392: "Movie with no audio track. The volume button should not render."
      LayoutBlockFlow (anonymous) at (0,36) size 784x288
        LayoutText {#text} at (0,0) size 0x0
layer at (8,44) size 352x288
  LayoutVideo {VIDEO} at (0,0) size 352x288
layer at (8,44) size 352x288
  LayoutFlexibleBox (relative positioned) {DIV} at (0,0) size 352x288
    LayoutBlockFlow {DIV} at (0,253) size 352x35
layer at (8,44) size 352x253
  LayoutFlexibleBox (relative positioned) {DIV} at (0,0) size 352x253
layer at (13,297) size 342x30
  LayoutFlexibleBox (relative positioned) {DIV} at (5,0) size 342x30 [bgcolor=#141414CC]
    LayoutButton {INPUT} at (9,0) size 30x30
    LayoutSlider {INPUT} at (48,11) size 170x8
      LayoutFlexibleBox {DIV} at (0,0) size 170x8 [border: (1px solid #E6E6E659)]
        LayoutBlockFlow {DIV} at (1,-8) size 182x24
          LayoutBlockFlow {DIV} at (-7,0) size 32x24
    LayoutFlexibleBox {DIV} at (233,0) size 25x30 [color=#FFFFFF]
      LayoutBlockFlow (anonymous) at (0,0) size 25x30
        LayoutText {#text} at (0,7) size 25x16
          text run at (0,7) width 25: "0:09"
    LayoutButton {INPUT} at (267,0) size 35x30
    LayoutButton {INPUT} at (303,0) size 30x30
