layer at (0,0) size 800x600
  LayoutView at (0,0) size 800x600
layer at (0,0) size 800x96
  LayoutBlockFlow {HTML} at (0,0) size 800x96
    LayoutBlockFlow {BODY} at (8,16) size 784x72
      LayoutBlockFlow {P} at (0,0) size 784x18
        LayoutText {#text} at (0,0) size 237x18
          text run at (0,0) width 237: "The following two lines should look "
        LayoutInline {EM} at (0,0) size 93x18
          LayoutText {#text} at (236,0) size 93x18
            text run at (236,0) width 93: "approximately"
        LayoutText {#text} at (328,0) size 66x18
          text run at (328,0) width 66: " the same:"
      LayoutBlockFlow {DIV} at (0,34) size 784x19
        LayoutInline {SPAN} at (0,0) size 22x18
          LayoutInline {<pseudo:before>} at (0,0) size 22x18
            LayoutCounter (anonymous) at (0,1) size 22x18
              text run at (0,1) width 22: "\x{25A0}.\x{25A0}"
        LayoutText {#text} at (21,1) size 5x18
          text run at (21,1) width 5: " "
        LayoutInline {SPAN} at (0,0) size 22x18
          LayoutInline {<pseudo:before>} at (0,0) size 22x18
            LayoutCounter (anonymous) at (25,1) size 22x18
              text run at (25,1) width 22: "\x{25A0}.\x{25A0}"
        LayoutText {#text} at (46,1) size 5x18
          text run at (46,1) width 5: " "
        LayoutInline {SPAN} at (0,0) size 23x18
          LayoutInline {<pseudo:before>} at (0,0) size 23x18
            LayoutCounter (anonymous) at (50,1) size 23x18
              text run at (50,1) width 23: "\x{25A0}.\x{25A0}"
        LayoutText {#text} at (72,1) size 5x18
          text run at (72,1) width 5: " "
        LayoutInline {SPAN} at (0,0) size 22x18
          LayoutInline {<pseudo:before>} at (0,0) size 22x18
            LayoutCounter (anonymous) at (76,1) size 22x18
              text run at (76,1) width 22: "\x{25A0}.\x{25A0}"
        LayoutText {#text} at (97,1) size 5x18
          text run at (97,1) width 5: " "
        LayoutInline {SPAN} at (0,0) size 22x18
          LayoutInline {<pseudo:before>} at (0,0) size 22x18
            LayoutCounter (anonymous) at (101,1) size 22x18
              text run at (101,1) width 22: "\x{25A0}.\x{25A0}"
        LayoutText {#text} at (122,1) size 5x18
          text run at (122,1) width 5: " "
        LayoutInline {SPAN} at (0,0) size 23x18
          LayoutInline {<pseudo:before>} at (0,0) size 23x18
            LayoutCounter (anonymous) at (126,1) size 23x18
              text run at (126,1) width 23: "\x{25A0}.\x{25A0}"
        LayoutText {#text} at (148,1) size 5x18
          text run at (148,1) width 5: " "
        LayoutInline {SPAN} at (0,0) size 22x18
          LayoutInline {<pseudo:before>} at (0,0) size 22x18
            LayoutCounter (anonymous) at (152,1) size 22x18
              text run at (152,1) width 22: "\x{25A0}.\x{25A0}"
        LayoutText {#text} at (173,1) size 5x18
          text run at (173,1) width 5: " "
        LayoutInline {SPAN} at (0,0) size 22x18
          LayoutInline {<pseudo:before>} at (0,0) size 22x18
            LayoutCounter (anonymous) at (177,1) size 22x18
              text run at (177,1) width 22: "\x{25A0}.\x{25A0}"
        LayoutText {#text} at (198,1) size 5x18
          text run at (198,1) width 5: " "
        LayoutInline {SPAN} at (0,0) size 23x18
          LayoutInline {<pseudo:before>} at (0,0) size 23x18
            LayoutCounter (anonymous) at (202,1) size 23x18
              text run at (202,1) width 23: "\x{25A0}.\x{25A0}"
        LayoutText {#text} at (224,1) size 5x18
          text run at (224,1) width 5: " "
        LayoutInline {SPAN} at (0,0) size 22x18
          LayoutInline {<pseudo:before>} at (0,0) size 22x18
            LayoutCounter (anonymous) at (228,1) size 22x18
              text run at (228,1) width 22: "\x{25A0}.\x{25A0}"
        LayoutText {#text} at (249,1) size 5x18
          text run at (249,1) width 5: " "
        LayoutInline {SPAN} at (0,0) size 22x18
          LayoutInline {<pseudo:before>} at (0,0) size 22x18
            LayoutCounter (anonymous) at (253,1) size 22x18
              text run at (253,1) width 22: "\x{25A0}.\x{25A0}"
        LayoutText {#text} at (274,1) size 5x18
          text run at (274,1) width 5: " "
        LayoutInline {SPAN} at (0,0) size 23x18
          LayoutInline {<pseudo:before>} at (0,0) size 23x18
            LayoutCounter (anonymous) at (278,1) size 23x18
              text run at (278,1) width 23: "\x{25A0}.\x{25A0}"
        LayoutText {#text} at (0,0) size 0x0
      LayoutBlockFlow {DIV} at (0,53) size 784x19
        LayoutText {#text} at (0,1) size 324x18
          text run at (0,1) width 28: "\x{25FE}.\x{25FE} "
          text run at (27,1) width 28: "\x{25FE}.\x{25FE} "
          text run at (54,1) width 28: "\x{25FE}.\x{25FE} "
          text run at (81,1) width 29: "\x{25FE}.\x{25FE} "
          text run at (109,1) width 28: "\x{25FE}.\x{25FE} "
          text run at (136,1) width 28: "\x{25FE}.\x{25FE} "
          text run at (163,1) width 28: "\x{25FE}.\x{25FE} "
          text run at (190,1) width 29: "\x{25FE}.\x{25FE} "
          text run at (218,1) width 28: "\x{25FE}.\x{25FE} "
          text run at (245,1) width 28: "\x{25FE}.\x{25FE} "
          text run at (272,1) width 28: "\x{25FE}.\x{25FE} "
          text run at (299,1) width 25: "\x{25FE}.\x{25FE}"
