layer at (0,0) size 800x600 scrollHeight 1187
  LayoutView at (0,0) size 800x600
layer at (0,0) size 800x1187 backgroundClip at (0,0) size 800x600 clip at (0,0) size 800x600
  LayoutBlockFlow {HTML} at (0,0) size 800x1187
    LayoutBlockFlow {BODY} at (0,0) size 800x1186
      LayoutBlockFlow {DIV} at (0,0) size 600x48
        LayoutText {#text} at (0,0) size 333x17
          text run at (0,0) width 333: "Table autosizing tests - table-with-inline-block.html"
        LayoutBR {BR} at (332,0) size 1x17
        LayoutText {#text} at (0,18) size 382x17
          text run at (0,18) width 382: "This test passes if there is not extra space in the pink boxes."
      LayoutTable {TABLE} at (1,49) size 798x286 [border: none]
        LayoutTableSection {TBODY} at (0,0) size 797x285
          LayoutTableRow {TR} at (0,0) size 797x285
            LayoutTableCell {TD} at (0,0) size 797x285 [bgcolor=#F0FFF0] [border: (1px dotted #006400)] [r=0 c=0 rs=1 cs=1]
              LayoutText {#text} at (2,3) size 751x139
                text run at (2,3) width 751: "Autosize Autosize Autosize Autosize Autosize"
                text run at (2,50) width 751: "Autosize Autosize Autosize Autosize Autosize"
                text run at (2,97) width 609: "Autosize Autosize Autosize Autosize "
              LayoutBlockFlow {B} at (610.75,119) size 90.22x18 [bgcolor=#FFC0CB]
                LayoutText {#text} at (0,0) size 91x17
                  text run at (0,0) width 91: "wrapped text"
              LayoutText {#text} at (2,144) size 751x139
                text run at (2,144) width 751: "Autosize Autosize Autosize Autosize Autosize"
                text run at (2,191) width 751: "Autosize Autosize Autosize Autosize Autosize"
                text run at (2,238) width 599: "Autosize Autosize Autosize Autosize"
      LayoutTable {TABLE} at (1,336) size 147x850 [border: none]
        LayoutTableSection {TBODY} at (0,0) size 146x849
          LayoutTableRow {TR} at (0,0) size 146x849
            LayoutTableCell {TD} at (0,0) size 146x849 [bgcolor=#F0FFF0] [border: (1px dotted #006400)] [r=0 c=0 rs=1 cs=1]
              LayoutText {#text} at (2,3) size 143x45
                text run at (2,3) width 143: "Autosize"
              LayoutBR {BR} at (144,3) size 1x45
              LayoutBlockFlow {B} at (2,72) size 94.66x18 [bgcolor=#FFC0CB]
                LayoutText {#text} at (0,0) size 95x17
                  text run at (0,0) width 95: "Wrapped text"
              LayoutBR {BR} at (96,50) size 1x45
              LayoutText {#text} at (2,97) size 143x45
                text run at (2,97) width 143: "Autosize"
              LayoutBR {BR} at (144,97) size 1x45
              LayoutText {#text} at (2,144) size 143x45
                text run at (2,144) width 143: "Autosize"
              LayoutBR {BR} at (144,144) size 1x45
              LayoutText {#text} at (2,191) size 143x45
                text run at (2,191) width 143: "Autosize"
              LayoutBR {BR} at (144,191) size 1x45
              LayoutText {#text} at (2,238) size 143x45
                text run at (2,238) width 143: "Autosize"
              LayoutBR {BR} at (144,238) size 1x45
              LayoutText {#text} at (2,285) size 143x45
                text run at (2,285) width 143: "Autosize"
              LayoutBR {BR} at (144,285) size 1x45
              LayoutText {#text} at (2,332) size 143x45
                text run at (2,332) width 143: "Autosize"
              LayoutBR {BR} at (144,332) size 1x45
              LayoutText {#text} at (2,379) size 143x45
                text run at (2,379) width 143: "Autosize"
              LayoutBR {BR} at (144,379) size 1x45
              LayoutText {#text} at (2,426) size 143x45
                text run at (2,426) width 143: "Autosize"
              LayoutBR {BR} at (144,426) size 1x45
              LayoutText {#text} at (2,473) size 143x45
                text run at (2,473) width 143: "Autosize"
              LayoutBR {BR} at (144,473) size 1x45
              LayoutText {#text} at (2,520) size 143x45
                text run at (2,520) width 143: "Autosize"
              LayoutBR {BR} at (144,520) size 1x45
              LayoutText {#text} at (2,567) size 143x45
                text run at (2,567) width 143: "Autosize"
              LayoutBR {BR} at (144,567) size 1x45
              LayoutText {#text} at (2,614) size 143x45
                text run at (2,614) width 143: "Autosize"
              LayoutBR {BR} at (144,614) size 1x45
              LayoutText {#text} at (2,661) size 143x45
                text run at (2,661) width 143: "Autosize"
              LayoutBR {BR} at (144,661) size 1x45
              LayoutText {#text} at (2,708) size 143x45
                text run at (2,708) width 143: "Autosize"
              LayoutBR {BR} at (144,708) size 1x45
              LayoutText {#text} at (2,755) size 143x45
                text run at (2,755) width 143: "Autosize"
              LayoutBR {BR} at (144,755) size 1x45
              LayoutText {#text} at (2,802) size 143x45
                text run at (2,802) width 143: "Autosize"
              LayoutBR {BR} at (144,802) size 1x45
