layer at (0,0) size 800x600 scrollWidth 903
  LayoutView at (0,0) size 800x600
layer at (0,0) size 800x600
  LayoutBlockFlow {HTML} at (0,0) size 800x600
    LayoutBlockFlow {BODY} at (8,8) size 800x584
      LayoutBlockFlow {DIV} at (0,0) size 800x0
      LayoutBlockFlow {DIV} at (0,0) size 800x0
      LayoutBlockFlow {DIV} at (0,0) size 800x0
      LayoutBlockFlow {DIV} at (0,0) size 800x0
      LayoutBlockFlow {DIV} at (0,0) size 800x0
      LayoutBlockFlow {DIV} at (0,0) size 800x0
      LayoutBlockFlow {DIV} at (0,0) size 800x0
      LayoutBlockFlow {DIV} at (0,0) size 800x0
layer at (162,534) size 246x56
  LayoutBlockFlow (positioned) {FONT} at (161.52,534) size 246.48x56
    LayoutText {#text} at (46,0) size 154x56
      text run at (46,0) width 154: "RTL-Center-"
      text run at (75,28) width 96: "Aligned"
layer at (-87,466) size 95x84 backgroundClip at (0,0) size 800x600 clip at (0,0) size 800x600
  LayoutBlockFlow (positioned) {FONT} at (-86.59,466) size 94.59x84
    LayoutText {#text} at (0,0) size 95x84
      text run at (0,0) width 60: "RTL-"
      text run at (0,28) width 63: "Left-"
      text run at (0,56) width 95: "Aligned"
layer at (578,444) size 230x56 backgroundClip at (0,0) size 800x600 clip at (0,0) size 800x600
  LayoutBlockFlow (positioned) {FONT} at (577.69,444) size 230.31x56
    LayoutText {#text} at (93,0) size 138x56
      text run at (93,0) width 138: "RTL-Right-"
      text run at (135,28) width 96: "Aligned"
layer at (611,394) size 197x56 backgroundClip at (0,0) size 800x600 clip at (0,0) size 800x600
  LayoutBlockFlow (positioned) {FONT} at (610.69,394) size 197.31x56
    LayoutText {#text} at (93,0) size 105x56
      text run at (93,0) width 105: "RTL-No-"
      text run at (102,28) width 96: "Aligned"
layer at (408,372) size 246x28
  LayoutBlockFlow (positioned) {FONT} at (408,372) size 246.48x28
    LayoutText {#text} at (0,0) size 247x28
      text run at (0,0) width 247: "LTR-Center-Aligned"
layer at (8,322) size 217x28
  LayoutBlockFlow (positioned) {FONT} at (8,322) size 216.59x28
    LayoutText {#text} at (0,0) size 217x28
      text run at (0,0) width 217: "LTR-Left-Aligned"
layer at (808,216) size 95x84 backgroundClip at (0,0) size 800x600 clip at (0,0) size 800x600
  LayoutBlockFlow (positioned) {FONT} at (808,216) size 94.59x84
    LayoutText {#text} at (35,0) size 95x84
      text run at (35,0) width 60: "LTR-"
      text run at (18,28) width 77: "Right-"
      text run at (0,56) width 95: "Aligned"
layer at (8,222) size 197x28
  LayoutBlockFlow (positioned) {FONT} at (8,222) size 197.31x28
    LayoutText {#text} at (0,0) size 198x28
      text run at (0,0) width 198: "LTR-No-Aligned"
