layer at (0,0) size 800x600
  LayoutView at (0,0) size 800x600
layer at (0,0) size 800x305
  LayoutBlockFlow {HTML} at (0,0) size 800x305
    LayoutBlockFlow {BODY} at (0,0) size 800x304
      LayoutBlockFlow {DIV} at (0,0) size 600x36
        LayoutText {#text} at (0,0) size 201x14
          text run at (0,0) width 201: "Table autosizing tests - nested-tables.html"
        LayoutBR {BR} at (200,0) size 1x14
        LayoutText {#text} at (0,14) size 365x14
          text run at (0,14) width 365: "This test passes if \"This text should not overlap itself\" doesn't overlap itself."
      LayoutTable {TABLE} at (1,37) size 798x267 [border: none]
        LayoutTableSection {TBODY} at (0,0) size 797x266
          LayoutTableRow {TR} at (0,0) size 797x266
            LayoutTableCell {TD} at (0,0) size 797x266 [bgcolor=#F0FFF0] [border: (1px dotted #006400)] [r=0 c=0 rs=1 cs=1]
              LayoutBlockFlow (anonymous) at (2,2) size 794x198
                LayoutText {#text} at (0,0) size 786x198
                  text run at (0,0) width 786: "Autosize Autosize Autosize Autosize Autosize Autosize Autosize"
                  text run at (0,33) width 786: "Autosize Autosize Autosize Autosize Autosize Autosize Autosize"
                  text run at (0,66) width 786: "Autosize Autosize Autosize Autosize Autosize Autosize Autosize"
                  text run at (0,99) width 786: "Autosize Autosize Autosize Autosize Autosize Autosize Autosize"
                  text run at (0,132) width 786: "Autosize Autosize Autosize Autosize Autosize Autosize Autosize"
                  text run at (0,165) width 106: "Autosize"
              LayoutTable {TABLE} at (3,201) size 94x63 [border: none]
                LayoutTableSection {TBODY} at (0,0) size 93x62
                  LayoutTableRow {TR} at (0,0) size 93x45
                    LayoutTableCell {TD} at (0,0) size 93x45 [bgcolor=#F0FFF0] [border: (1px dotted #006400)] [r=0 c=0 rs=1 cs=1]
                      LayoutText {#text} at (2,2) size 43x14
                        text run at (2,2) width 43: "This text"
                      LayoutBR {BR} at (44,2) size 1x14
                      LayoutText {#text} at (2,16) size 90x14
                        text run at (2,16) width 90: "should not overlap"
                      LayoutBR {BR} at (91,16) size 1x14
                      LayoutText {#text} at (2,30) size 27x14
                        text run at (2,30) width 27: "itself."
                  LayoutTableRow {TR} at (0,45) size 93x17
                    LayoutTableCell {TD} at (0,45) size 93x17 [bgcolor=#F0FFF0] [border: (1px dotted #006400)] [r=1 c=0 rs=1 cs=1]
                      LayoutBlockFlow {IMG} at (2,2) size 5x5
layer at (6,291) size 5x5 clip at (7,292) size 3x3 scrollWidth 17 scrollHeight 18
  LayoutBlockFlow {DIV} at (0,6) size 5x5 [border: (1px solid #C0C0C0)]
    LayoutImage (floating) {IMG} at (2,2) size 16x16
layer at (24,293) size 0x0
  LayoutBlockFlow {DIV} at (18,2) size 0x0
