layer at (0,0) size 800x600
  LayoutView at (0,0) size 800x600
layer at (0,0) size 800x600
  LayoutBlockFlow {HTML} at (0,0) size 800x600
    LayoutBlockFlow {BODY} at (8,8) size 784x584
      LayoutBlockFlow (anonymous) at (0,0) size 784x18
        LayoutInline {I} at (0,0) size 60x17
          LayoutText {#text} at (0,0) size 60x17
            text run at (0,0) width 60: "Line One"
      LayoutBlockFlow (anonymous) at (0,34) size 784x18
        LayoutBlockFlow {P} at (0,0) size 784x18
          LayoutText {#text} at (0,0) size 59x17
            text run at (0,0) width 59: "Line Two"
      LayoutBlockFlow (anonymous) at (0,68) size 784x18
        LayoutInline {I} at (0,0) size 33x17
          LayoutText {#text} at (0,0) size 33x17
            text run at (0,0) width 33: "Line "
        LayoutText {#text} at (0,0) size 0x0
        LayoutInline {I} at (0,0) size 38x17
          LayoutText {#text} at (32,0) size 38x17
            text run at (32,0) width 38: "Three"
      LayoutBlockFlow (anonymous) at (0,102) size 784x18
        LayoutBlockFlow {P} at (0,0) size 784x18
          LayoutText {#text} at (0,0) size 65x17
            text run at (0,0) width 65: "Line Four"
      LayoutBlockFlow (anonymous) at (0,136) size 784x18
        LayoutInline {I} at (0,0) size 61x17
          LayoutText {#text} at (0,0) size 61x17
            text run at (0,0) width 61: "Line Five"
        LayoutText {#text} at (0,0) size 0x0
