layer at (0,0) size 800x600
  LayoutView at (0,0) size 800x600
layer at (0,0) size 800x600
  LayoutBlockFlow {HTML} at (0,0) size 800x600
    LayoutBlockFlow {BODY} at (8,8) size 784x576
      LayoutBlockFlow (anonymous) at (0,0) size 784x18
        LayoutText {#text} at (0,0) size 612x17
          text run at (0,0) width 289: "Random tests of some bizarre combinations. "
          text run at (288,0) width 324: "H2 should allow a form inside it, but p should not."
        LayoutText {#text} at (0,0) size 0x0
      LayoutBlockFlow {FORM} at (0,18) size 784x20
        LayoutMenuList {SELECT} at (0,0) size 34x20 [bgcolor=#FFFFFF] [border: (1px solid #A9A9A9)]
          LayoutBlockFlow (anonymous) at (1,1) size 32x18
            LayoutText (anonymous) at (4,1) size 9x16
              text run at (4,1) width 9: "A"
        LayoutText {#text} at (0,0) size 0x0
      LayoutBlockFlow {P} at (0,54) size 784x0
layer at (470,46) size 38x48
  LayoutBlockFlow (positioned) {H2} at (470,45.91) size 38x48 [border: (2px solid #008000)]
    LayoutBlockFlow {FORM} at (2,2) size 34x20
      LayoutMenuList {SELECT} at (0,0) size 34x20 [bgcolor=#FFFFFF] [border: (1px solid #A9A9A9)]
        LayoutBlockFlow (anonymous) at (1,1) size 32x18
          LayoutText (anonymous) at (4,1) size 9x16
            text run at (4,1) width 9: "A"
      LayoutText {#text} at (0,0) size 0x0
layer at (470,42) size 4x4
  LayoutBlockFlow (positioned) {P} at (470,42) size 4x4 [border: (2px solid #008000)]
