layer at (0,0) size 800x600
  LayoutView at (0,0) size 800x600
layer at (0,0) size 800x188
  LayoutBlockFlow {html} at (0,0) size 800x187.88
    LayoutBlockFlow {parsererror} at (16,16) size 768x137.88 [bgcolor=#FFDDDD] [border: (2px solid #CC7777)]
      LayoutBlockFlow {h3} at (18,20.72) size 732x22
        LayoutText {#text} at (0,0) size 318x21
          text run at (0,0) width 318: "This page contains the following errors:"
      LayoutBlockFlow {div} at (18,61.44) size 732x15
        LayoutText {#text} at (0,0) size 553x15
          text run at (0,0) width 553: "error on line 7 at column 8: Opening and ending tag mismatch: p line 0 and body"
          text run at (553,0) width 0: " "
      LayoutBlockFlow {h3} at (18,95.16) size 732x22
        LayoutText {#text} at (0,0) size 419x21
          text run at (0,0) width 419: "Below is a rendering of the page up to the first error."
    LayoutBlockFlow (anonymous) at (0,169.88) size 800x18
      LayoutInline {body} at (0,0) size 181x17
        LayoutText {#text} at (0,0) size 0x0
        LayoutInline {p} at (0,0) size 181x17
          LayoutText {#text} at (0,0) size 181x17
            text run at (0,0) width 181: "You should see errors above"
        LayoutText {#text} at (0,0) size 0x0
        LayoutInline {p} at (0,0) size 0x0
