EDITING DELEGATE: webViewDidChangeSelection:WebViewDidChangeSelectionNotification
EDITING DELEGATE: webViewDidChangeSelection:WebViewDidChangeSelectionNotification
EDITING DELEGATE: webViewDidChangeSelection:WebViewDidChangeSelectionNotification
EDITING DELEGATE: webViewDidChangeSelection:WebViewDidChangeSelectionNotification
EDITING DELEGATE: webViewDidChangeSelection:WebViewDidChangeSelectionNotification
EDITING DELEGATE: webViewDidChangeSelection:WebViewDidChangeSelectionNotification
EDITING DELEGATE: webViewDidChangeSelection:WebViewDidChangeSelectionNotification
EDITING DELEGATE: webViewDidChangeSelection:WebViewDidChangeSelectionNotification
EDITING DELEGATE: webViewDidChangeSelection:WebViewDidChangeSelectionNotification
EDITING DELEGATE: webViewDidChangeSelection:WebViewDidChangeSelectionNotification
EDITING DELEGATE: webViewDidChangeSelection:WebViewDidChangeSelectionNotification
layer at (0,0) size 800x600
  LayoutView at (0,0) size 800x600
layer at (0,0) size 800x600
  LayoutBlockFlow {HTML} at (0,0) size 800x600
    LayoutBlockFlow {BODY} at (8,3) size 784x581 [bgcolor=#FFFFFF]
      LayoutBlockFlow {CENTER} at (0,0) size 784x272
        LayoutTable {TABLE} at (0,0) size 784x20
          LayoutTableSection {TBODY} at (0,0) size 784x20
            LayoutTableRow {TR} at (0,0) size 784x16
              LayoutTableCell {TD} at (0,0) size 784x16 [r=0 c=0 rs=1 cs=1]
                LayoutInline {FONT} at (0,0) size 101x15
                  LayoutInline {A} at (0,0) size 101x15 [color=#0000CC]
                    LayoutText {#text} at (683,0) size 101x15
                      text run at (683,0) width 101: "Personalized Home"
            LayoutTableRow {TR} at (0,16) size 784x4
              LayoutTableCell {TD} at (0,17) size 784x1 [r=1 c=0 rs=1 cs=1]
                LayoutImage {IMG} at (0,0) size 1x1
        LayoutBlockFlow (anonymous) at (0,20) size 784x40
          LayoutBR {BR} at (392,0) size 0x19
          LayoutBR {BR} at (392,20) size 0x19
        LayoutBlockFlow {DIV} at (0,60) size 784x108 [border: (2px solid #AAAAFF)]
          LayoutTable {TABLE} at (218,2) size 348x24
            LayoutTableSection {TBODY} at (0,0) size 348x24
              LayoutTableRow {TR} at (0,0) size 348x24
                LayoutTableCell {TD} at (0,0) size 348x24 [r=0 c=0 rs=1 cs=1]
                  LayoutInline {FONT} at (0,0) size 340x15
                    LayoutInline {B} at (0,0) size 25x15
                      LayoutText {#text} at (4,4) size 25x15
                        text run at (4,4) width 25: "Web"
                    LayoutText {#text} at (29,4) size 12x15
                      text run at (29,4) width 12: "    "
                    LayoutInline {A} at (0,0) size 38x15 [color=#0000CC]
                      LayoutText {#text} at (41,4) size 38x15
                        text run at (41,4) width 38: "Images"
                    LayoutText {#text} at (79,4) size 12x15
                      text run at (79,4) width 12: "    "
                    LayoutInline {A} at (0,0) size 39x15 [color=#0000CC]
                      LayoutText {#text} at (91,4) size 39x15
                        text run at (91,4) width 39: "Groups"
                    LayoutText {#text} at (130,4) size 12x15
                      text run at (130,4) width 12: "    "
                    LayoutInline {A} at (0,0) size 30x15 [color=#0000CC]
                      LayoutText {#text} at (142,4) size 30x15
                        text run at (142,4) width 30: "News"
                    LayoutText {#text} at (172,4) size 12x15
                      text run at (172,4) width 12: "    "
                    LayoutInline {A} at (0,0) size 41x15 [color=#0000CC]
                      LayoutText {#text} at (184,4) size 41x15
                        text run at (184,4) width 41: "Froogle"
                    LayoutText {#text} at (225,4) size 12x15
                      text run at (225,4) width 12: "    "
                    LayoutInline {A} at (0,0) size 29x15 [color=#0000CC]
                      LayoutText {#text} at (237,4) size 29x15
                        text run at (237,4) width 29: "Local"
                      LayoutInline {SUP} at (0,0) size 0x14
                    LayoutInline {A} at (0,0) size 28x15
                      LayoutInline {FONT} at (0,0) size 28x15 [color=#FF0000]
                        LayoutText {#text} at (266,4) size 28x15
                          text run at (266,4) width 28: "New!"
                    LayoutText {#text} at (294,4) size 12x15
                      text run at (294,4) width 12: "    "
                    LayoutInline {B} at (0,0) size 38x15
                      LayoutInline {A} at (0,0) size 38x15 [color=#0000CC]
                        LayoutText {#text} at (306,4) size 38x15
                          text run at (306,4) width 38: "more \x{BB}"
          LayoutTable {TABLE} at (29,26) size 726x44
            LayoutTableSection {TBODY} at (0,0) size 726x44
              LayoutTableRow {TR} at (0,0) size 726x44
                LayoutTableCell {TD} at (0,12) size 181x20 [r=0 c=0 rs=1 cs=1]
                  LayoutText {#text} at (0,0) size 4x19
                    text run at (0,0) width 4: " "
                LayoutTableCell {TD} at (181,0) size 364x44 [r=0 c=1 rs=1 cs=1]
                  LayoutTextControl {INPUT} at (0.50,0) size 363x22 [bgcolor=#FFFFFF] [border: (2px inset #EEEEEE)]
                  LayoutBR {BR} at (363,16) size 1x0
                  LayoutButton {INPUT} at (72.50,22) size 102x22 [bgcolor=#C0C0C0] [border: (2px outset #C0C0C0)]
                    LayoutBlockFlow (anonymous) at (8,3) size 86x16
                      LayoutText {#text} at (0,0) size 86x16
                        text run at (0,0) width 86: "Google Search"
                  LayoutButton {INPUT} at (174.50,22) size 117x22 [bgcolor=#C0C0C0] [border: (2px outset #C0C0C0)]
                    LayoutBlockFlow (anonymous) at (8,3) size 101x16
                      LayoutText {#text} at (0,0) size 101x16
                        text run at (0,0) width 101: "I'm Feeling Lucky"
                LayoutTableCell {TD} at (545,0) size 181x36 [r=0 c=2 rs=1 cs=1]
                  LayoutInline {FONT} at (0,0) size 74x36
                    LayoutText {#text} at (0,0) size 6x12
                      text run at (0,0) width 6: "  "
                    LayoutInline {A} at (0,0) size 68x12 [color=#0000CC]
                      LayoutText {#text} at (6,0) size 68x12
                        text run at (6,0) width 68: "Advanced Search"
                    LayoutBR {BR} at (74,10) size 0x0
                    LayoutText {#text} at (0,12) size 6x12
                      text run at (0,12) width 6: "  "
                    LayoutInline {A} at (0,0) size 43x12 [color=#0000CC]
                      LayoutText {#text} at (6,12) size 43x12
                        text run at (6,12) width 43: "Preferences"
                    LayoutBR {BR} at (49,22) size 0x0
                    LayoutText {#text} at (0,24) size 6x12
                      text run at (0,24) width 6: "  "
                    LayoutInline {A} at (0,0) size 65x12 [color=#0000CC]
                      LayoutText {#text} at (6,24) size 65x12
                        text run at (6,24) width 65: "Language Tools"
          LayoutBlockFlow (anonymous) at (2,70) size 780x36
            LayoutBR {BR} at (390,0) size 0x19
            LayoutInline {FONT} at (0,0) size 146x15
              LayoutInline {FONT} at (0,0) size 28x15 [color=#FF0000]
                LayoutText {#text} at (317,20) size 28x15
                  text run at (317,20) width 28: "New!"
              LayoutText {#text} at (345,20) size 3x15
                text run at (345,20) width 3: " "
              LayoutInline {A} at (0,0) size 112x15 [color=#0000CC]
                LayoutText {#text} at (348,20) size 112x15
                  text run at (348,20) width 112: "Personalize this page"
              LayoutText {#text} at (460,20) size 3x15
                text run at (460,20) width 3: "."
            LayoutText {#text} at (0,0) size 0x0
        LayoutBlockFlow (anonymous) at (0,168) size 784x76
          LayoutBR {BR} at (392,0) size 0x19
          LayoutBR {BR} at (392,20) size 0x19
          LayoutBR {BR} at (392,40) size 0x19
          LayoutInline {FONT} at (0,0) size 316x15
            LayoutInline {A} at (0,0) size 117x15 [color=#0000CC]
              LayoutText {#text} at (234,60) size 117x15
                text run at (234,60) width 117: "Advertising Programs"
            LayoutText {#text} at (351,60) size 10x15
              text run at (351,60) width 10: " - "
            LayoutInline {A} at (0,0) size 103x15 [color=#0000CC]
              LayoutText {#text} at (361,60) size 103x15
                text run at (361,60) width 103: "Business Solutions"
            LayoutText {#text} at (464,60) size 10x15
              text run at (464,60) width 10: " - "
            LayoutInline {A} at (0,0) size 76x15 [color=#0000CC]
              LayoutText {#text} at (474,60) size 76x15
                text run at (474,60) width 76: "About Google"
        LayoutBlockFlow {P} at (0,260) size 784x12
          LayoutInline {FONT} at (0,0) size 60x12
            LayoutText {#text} at (362,0) size 60x12
              text run at (362,0) width 60: "\x{A9}2005 Google"
layer at (221,92) size 359x16
  LayoutBlockFlow {DIV} at (2,3) size 359x16
selection start: position 0 of child 1 {TABLE} of child 4 {DIV} of child 0 {CENTER} of body
selection end:   position 1 of child 3 {#text} of child 4 {FONT} of child 4 {DIV} of child 0 {CENTER} of body
