EDITING DELEGATE: webViewDidChangeSelection:WebViewDidChangeSelectionNotification
EDITING DELEGATE: webViewDidChangeSelection:WebViewDidChangeSelectionNotification
EDITING DELEGATE: webViewDidChangeSelection:WebViewDidChangeSelectionNotification
layer at (0,0) size 800x600
  LayoutView at (0,0) size 800x600
layer at (0,0) size 800x600
  LayoutBlockFlow {HTML} at (0,0) size 800x600
    LayoutBlockFlow {BODY} at (8,8) size 784x584
      LayoutBlockFlow {P} at (0,0) size 784x20
        LayoutText {#text} at (0,0) size 390x19
          text run at (0,0) width 390: "This tests for a bug where images would act as word boundaries."
      LayoutBlockFlow {DIV} at (0,36) size 784x108
        LayoutText {#text} at (0,88) size 370x19
          text run at (0,88) width 370: "The caret should be just before the second to last word in this"
        LayoutImage {IMG} at (370,0) size 76x103
        LayoutText {#text} at (446,88) size 56x19
          text run at (446,88) width 56: "sentence."
caret: position 59 of child 0 {#text} of child 2 {DIV} of body
