EDITING DELEGATE: webViewDidChangeSelection:WebViewDidChangeSelectionNotification
EDITING DELEGATE: webViewDidChangeSelection:WebViewDidChangeSelectionNotification
layer at (0,0) size 800x600
  LayoutView at (0,0) size 800x600
layer at (0,0) size 800x600
  LayoutBlockFlow {HTML} at (0,0) size 800x600
    LayoutBlockFlow {BODY} at (8,8) size 784x584
      LayoutBlockFlow {P} at (0,0) size 784x60
        LayoutText {#text} at (0,0) size 126x19
          text run at (0,0) width 126: "This is a testcase for "
        LayoutInline {A} at (0,0) size 323x19 [color=#0000EE]
          LayoutText {#text} at (126,0) size 323x19
            text run at (126,0) width 323: "http://bugzilla.opendarwin.org/show_bug.cgi?id=7152"
        LayoutText {#text} at (449,0) size 749x59
          text run at (449,0) width 8: ". "
          text run at (457,0) width 284: "Adding visible candidates after tables, at [table,"
          text run at (741,0) width 4: " "
          text run at (0,20) width 745: "numberOfChildren], threw LayoutView::setSelection for a loop because it assumed the end of a selection would be inside an"
          text run at (745,20) width 4: " "
          text run at (0,40) width 78: "atomic node."
      LayoutBlockFlow {HR} at (0,76) size 784x2 [border: (1px inset #EEEEEE)]
      LayoutTable {TABLE} at (0,86) size 154x56 [border: (1px outset #808080)]
        LayoutTableSection {TBODY} at (1,1) size 152x54
          LayoutTableRow {TR} at (0,2) size 152x24
            LayoutTableCell {TD} at (2,2) size 148x24 [border: (1px inset #808080)] [r=0 c=0 rs=1 cs=1]
              LayoutText {#text} at (2,2) size 144x19
                text run at (2,2) width 144: "This should be selected."
          LayoutTableRow {TR} at (0,28) size 152x24
            LayoutTableCell {TD} at (2,28) size 148x24 [border: (1px inset #808080)] [r=1 c=0 rs=1 cs=1]
              LayoutText {#text} at (2,2) size 144x19
                text run at (2,2) width 144: "This should be selected."
selection start: position 0 of child 0 {#text} of child 1 {P} of body
selection end:   position 1 of child 5 {TABLE} of body
