EDITING DELEGATE: webViewDidChangeSelection:WebViewDidChangeSelectionNotification
layer at (0,0) size 800x600
  LayoutView at (0,0) size 800x600
layer at (0,0) size 800x600
  LayoutBlockFlow {HTML} at (0,0) size 800x600
    LayoutBlockFlow {BODY} at (8,8) size 784x584
      LayoutBlockFlow {P} at (0,0) size 784x20
        LayoutText {#text} at (0,0) size 325x19
          text run at (0,0) width 325: "Only the line break after the image should be selected."
      LayoutBlockFlow {HR} at (0,36) size 784x2 [border: (1px inset #EEEEEE)]
      LayoutBlockFlow {DIV} at (0,46) size 784x123
        LayoutImage {IMG} at (0,0) size 76x103
        LayoutBR {BR} at (76,103) size 0x0
        LayoutText {#text} at (0,103) size 20x19
          text run at (0,103) width 20: "foo"
selection start: position 0 of child 1 {BR} of child 4 {DIV} of body
selection end:   position 1 of child 1 {BR} of child 4 {DIV} of body
