EDITING DELEGATE: webViewDidChangeSelection:WebViewDidChangeSelectionNotification
EDITING DELEGATE: webViewDidChangeSelection:WebViewDidChangeSelectionNotification
EDITING DELEGATE: webViewDidChangeSelection:WebViewDidChangeSelectionNotification
layer at (0,0) size 800x600
  LayoutView at (0,0) size 800x600
layer at (0,0) size 800x600
  LayoutBlockFlow {HTML} at (0,0) size 800x600
    LayoutBlockFlow {BODY} at (8,8) size 784x584 [border: (2px solid #FF0000)]
      LayoutBlockFlow {DIV} at (14,14) size 756x28
        LayoutText {#text} at (0,0) size 136x27
          text run at (0,0) width 136: "There is a tide"
      LayoutBlockFlow {DIV} at (14,42) size 756x28
        LayoutText {#text} at (0,0) size 194x27
          text run at (0,0) width 194: "in the affairs of men"
      LayoutBlockFlow {DIV} at (14,70) size 756x28
        LayoutText {#text} at (0,0) size 239x27
          text run at (0,0) width 239: "Which taken at the flood"
caret: position 0 of child 0 {#text} of child 2 {DIV} of body
