EDITING DELEGATE: webViewDidChangeSelection:WebViewDidChangeSelectionNotification
EDITING DELEGATE: webViewDidChangeSelection:WebViewDidChangeSelectionNotification
EDITING DELEGATE: webViewDidChangeSelection:WebViewDidChangeSelectionNotification
EDITING DELEGATE: webViewDidChangeSelection:WebViewDidChangeSelectionNotification
EDITING DELEGATE: webViewDidChangeSelection:WebViewDidChangeSelectionNotification
EDITING DELEGATE: webViewDidChange:WebViewDidChangeNotification
layer at (0,0) size 800x600
  LayoutView at (0,0) size 800x600
layer at (0,0) size 800x600
  LayoutBlockFlow {HTML} at (0,0) size 800x600
    LayoutBlockFlow {BODY} at (8,8) size 784x576
      LayoutBlockFlow (anonymous) at (0,0) size 784x174
        LayoutBR {BR} at (304,154) size 0x0
        LayoutBR {BR} at (0,154) size 0x19
      LayoutBlockFlow {P} at (0,190) size 784x40
        LayoutInline {B} at (0,0) size 658x19
          LayoutText {#text} at (0,0) size 658x19
            text run at (0,0) width 491: "This test uses the eventSender to do a mouse click to focus the subframe. "
            text run at (491,0) width 167: "It won't run interactively."
        LayoutText {#text} at (658,0) size 773x39
          text run at (658,0) width 4: " "
          text run at (662,0) width 111: "To run it manually,"
          text run at (0,20) width 271: "click on the iframe, Select All, then hit delete."
      LayoutBlockFlow (anonymous) at (0,246) size 784x60
        LayoutText {#text} at (0,0) size 755x59
          text run at (0,0) width 748: "Selecting all the content in a contenteditable iframe should select the iframe itself (to help the user delete the iframe) only if the"
          text run at (0,20) width 182: "iframe is in an editable region. "
          text run at (182,20) width 406: "This test loads ../resources/select-all-iframe-src.html into an iframe. "
          text run at (588,20) width 167: "That file does a Select All +"
          text run at (0,40) width 47: "Delete. "
          text run at (47,40) width 160: "Two things should happen:"
      LayoutBlockFlow {UL} at (0,322) size 784x60
        LayoutListItem {LI} at (40,0) size 744x40
          LayoutListMarker (anonymous) at (-18,0) size 7x19: bullet
          LayoutText {#text} at (0,0) size 725x39
            text run at (0,0) width 428: "The Select All operation should not select the iframe, only it's contents. "
            text run at (428,0) width 297: "The results of the Select All will be apparent from"
            text run at (0,20) width 399: "the delegate messages that DumpRenderTree receives and dumps."
        LayoutListItem {LI} at (40,40) size 744x20
          LayoutListMarker (anonymous) at (-18,0) size 7x19: bullet
          LayoutText {#text} at (0,0) size 321x19
            text run at (0,0) width 321: "The contents of the editable iframe should be deleted."
layer at (8,8) size 304x154
  LayoutIFrame {IFRAME} at (0,0) size 304x154 [border: (2px inset #EEEEEE)]
    layer at (0,0) size 300x150
      LayoutView at (0,0) size 300x150
    layer at (0,0) size 300x150
      LayoutBlockFlow {HTML} at (0,0) size 300x150
        LayoutBlockFlow {BODY} at (8,8) size 284x134 [bgcolor=#FFFFE0]
          LayoutBlockFlow {DIV} at (0,0) size 284x20
            LayoutBR {BR} at (0,0) size 0x19
