EDITING DELEGATE: webViewDidChangeSelection:WebViewDidChangeSelectionNotification
layer at (0,0) size 800x600
  LayoutView at (0,0) size 800x600
layer at (0,0) size 800x600
  LayoutBlockFlow {HTML} at (0,0) size 800x600
    LayoutBlockFlow {BODY} at (8,8) size 784x584
      LayoutBlockFlow {P} at (0,0) size 784x20
        LayoutText {#text} at (0,0) size 369x19
          text run at (0,0) width 369: "This tests the caret position for the caret before a block table."
      LayoutBlockFlow {DIV} at (0,36) size 784x122
        LayoutBlockFlow (anonymous) at (0,0) size 784x20
          LayoutText {#text} at (0,0) size 20x19
            text run at (0,0) width 20: "foo"
        LayoutTable {TABLE} at (0,20) size 50x82 [border: (1px solid #999999)]
          LayoutTableSection {TBODY} at (1,1) size 48x80
            LayoutTableRow {TR} at (0,2) size 48x24
              LayoutTableCell {TD} at (2,2) size 44x24 [border: (1px solid #999999)] [r=0 c=0 rs=1 cs=1]
                LayoutText {#text} at (2,2) size 20x19
                  text run at (2,2) width 20: "this"
            LayoutTableRow {TR} at (0,28) size 48x24
              LayoutTableCell {TD} at (2,28) size 44x24 [border: (1px solid #999999)] [r=1 c=0 rs=1 cs=1]
                LayoutText {#text} at (2,2) size 9x19
                  text run at (2,2) width 9: "is"
            LayoutTableRow {TR} at (0,54) size 48x24
              LayoutTableCell {TD} at (2,54) size 44x24 [border: (1px solid #999999)] [r=2 c=0 rs=1 cs=1]
                LayoutText {#text} at (2,2) size 40x19
                  text run at (2,2) width 40: "a table"
        LayoutBlockFlow (anonymous) at (0,102) size 784x20
          LayoutText {#text} at (0,0) size 21x19
            text run at (0,0) width 21: "baz"
caret: position 0 of child 1 {TABLE} of child 2 {DIV} of body
