layer at (0,0) size 800x600
  LayoutView at (0,0) size 800x600
layer at (0,0) size 800x553
  LayoutBlockFlow {HTML} at (0,0) size 800x553
    LayoutBlockFlow {BODY} at (57,64) size 686x425 [bgcolor=#99FFCC] [border: (3px solid #000000)]
      LayoutBlockFlow {P} at (3,3) size 680x64
        LayoutText {#text} at (0,6) size 632x51
          text run at (0,6) width 593: "These links are in an element with display table-row, and the li elements "
          text run at (592,6) width 40: "have"
          text run at (0,38) width 155: "display: table-cell. "
          text run at (154,38) width 131: "They disappear:"
      LayoutTable (anonymous) at (3,67) size 304x19
        LayoutTableSection (anonymous) at (0,0) size 304x19
          LayoutTableRow {UL} at (0,0) size 304x19 [bgcolor=#00CC99]
            LayoutTableCell {LI} at (0,0) size 76x19 [r=0 c=0 rs=1 cs=1]
              LayoutInline {A} at (0,0) size 54x19 [color=#0000EE]
                LayoutText {#text} at (11,0) size 54x19
                  text run at (11,0) width 54: "people"
            LayoutTableCell {LI} at (76,0) size 76x19 [r=0 c=1 rs=1 cs=1]
              LayoutInline {A} at (0,0) size 52x19 [color=#0000EE]
                LayoutText {#text} at (12,0) size 52x19
                  text run at (12,0) width 52: "places"
            LayoutTableCell {LI} at (152,0) size 76x19 [r=0 c=2 rs=1 cs=1]
              LayoutInline {A} at (0,0) size 76x19 [color=#0000EE]
                LayoutText {#text} at (0,0) size 76x19
                  text run at (0,0) width 76: "members"
            LayoutTableCell {LI} at (228,0) size 76x19 [r=0 c=3 rs=1 cs=1]
              LayoutInline {A} at (0,0) size 38x19 [color=#0000EE]
                LayoutText {#text} at (19,0) size 38x19
                  text run at (19,0) width 38: "links"
      LayoutBlockFlow {DIV} at (3,86) size 680x336
        LayoutBlockFlow (anonymous) at (16,16) size 648x19
          LayoutText {#text} at (0,0) size 510x19
            text run at (0,0) width 227: "This text is not in the form. "
            text run at (226,0) width 284: "The form should be indented 40px."
        LayoutBlockFlow {FORM} at (96,35) size 568x285
          LayoutBlockFlow {P} at (0,0) size 568x64
            LayoutText {#text} at (0,6) size 541x51
              text run at (0,6) width 195: "This is text in the form. "
              text run at (194,6) width 230: "It should be indented 40px. "
              text run at (423,6) width 118: "The form itself"
              text run at (0,38) width 373: "has the same table-row/table-cell problem as "
              text run at (372,38) width 55: "above."
          LayoutBlockFlow {P} at (0,64) size 568x63
            LayoutTable {SPAN} at (0,3) size 145x60
              LayoutTableSection (anonymous) at (0,0) size 145x60
                LayoutTableRow {SPAN} at (0,0) size 145x28
                  LayoutTableCell (anonymous) at (0,0) size 145x28 [r=0 c=0 rs=1 cs=1]
                    LayoutText {#text} at (0,6) size 135x16
                      text run at (0,6) width 135: "First Name (required)"
                LayoutTableRow (anonymous) at (0,28) size 145x32
                  LayoutTableCell (anonymous) at (0,28) size 145x32 [r=1 c=0 rs=1 cs=1]
                    LayoutTextControl {INPUT} at (0,6) size 145x22 [bgcolor=#FFFFFF] [border: (2px inset #EEEEEE)]
            LayoutText {#text} at (145,6) size 6x19
              text run at (145,6) width 6: " "
            LayoutTable {SPAN} at (150.63,3) size 145x60
              LayoutTableSection (anonymous) at (0,0) size 145x60
                LayoutTableRow {SPAN} at (0,0) size 145x28
                  LayoutTableCell (anonymous) at (0,0) size 145x28 [r=0 c=0 rs=1 cs=1]
                    LayoutText {#text} at (0,6) size 134x16
                      text run at (0,6) width 134: "Last Name (required)"
                LayoutTableRow (anonymous) at (0,28) size 145x32
                  LayoutTableCell (anonymous) at (0,28) size 145x32 [r=1 c=0 rs=1 cs=1]
                    LayoutTextControl {INPUT} at (0,6) size 145x22 [bgcolor=#FFFFFF] [border: (2px inset #EEEEEE)]
            LayoutText {#text} at (0,0) size 0x0
          LayoutBlockFlow {P} at (0,127) size 568x63
            LayoutTable {SPAN} at (0,3) size 313x60
              LayoutTableSection (anonymous) at (0,0) size 313x60
                LayoutTableRow {SPAN} at (0,0) size 313x28
                  LayoutTableCell (anonymous) at (0,0) size 313x28 [r=0 c=0 rs=1 cs=1]
                    LayoutText {#text} at (0,6) size 90x16
                      text run at (0,6) width 90: "Email Address"
                LayoutTableRow (anonymous) at (0,28) size 313x32
                  LayoutTableCell (anonymous) at (0,28) size 313x32 [r=1 c=0 rs=1 cs=1]
                    LayoutTextControl {INPUT} at (0,6) size 313x22 [bgcolor=#FFFFFF] [border: (2px inset #EEEEEE)]
            LayoutText {#text} at (0,0) size 0x0
          LayoutBlockFlow {P} at (0,190) size 568x63
            LayoutTable {SPAN} at (0,3) size 145x60
              LayoutTableSection (anonymous) at (0,0) size 145x60
                LayoutTableRow {SPAN} at (0,0) size 145x28
                  LayoutTableCell (anonymous) at (0,0) size 145x28 [r=0 c=0 rs=1 cs=1]
                    LayoutText {#text} at (0,6) size 100x16
                      text run at (0,6) width 100: "Company Name"
                LayoutTableRow (anonymous) at (0,28) size 145x32
                  LayoutTableCell (anonymous) at (0,28) size 145x32 [r=1 c=0 rs=1 cs=1]
                    LayoutTextControl {INPUT} at (0,6) size 145x22 [bgcolor=#FFFFFF] [border: (2px inset #EEEEEE)]
            LayoutText {#text} at (145,6) size 6x19
              text run at (145,6) width 6: " "
            LayoutTable {SPAN} at (150.63,3) size 145x60
              LayoutTableSection (anonymous) at (0,0) size 145x60
                LayoutTableRow {SPAN} at (0,0) size 145x28
                  LayoutTableCell (anonymous) at (0,0) size 145x28 [r=0 c=0 rs=1 cs=1]
                    LayoutText {#text} at (0,6) size 27x16
                      text run at (0,6) width 27: "Title"
                LayoutTableRow (anonymous) at (0,28) size 145x32
                  LayoutTableCell (anonymous) at (0,28) size 145x32 [r=1 c=0 rs=1 cs=1]
                    LayoutTextControl {INPUT} at (0,6) size 145x22 [bgcolor=#FFFFFF] [border: (2px inset #EEEEEE)]
            LayoutText {#text} at (0,0) size 0x0
          LayoutBlockFlow {P} at (0,253) size 568x32
            LayoutButton {INPUT} at (0,6) size 60x22 [bgcolor=#C0C0C0] [border: (2px outset #C0C0C0)]
              LayoutBlockFlow (anonymous) at (8,3) size 44x16
                LayoutText {#text} at (0,0) size 44x16
                  text run at (0,0) width 44: "Submit!"
            LayoutText {#text} at (60,6) size 6x19
              text run at (60,6) width 6: " "
            LayoutButton {INPUT} at (65.63,6) size 80x22 [bgcolor=#C0C0C0] [border: (2px outset #C0C0C0)]
              LayoutBlockFlow (anonymous) at (8,3) size 64x16
                LayoutText {#text} at (0,0) size 64x16
                  text run at (0,0) width 64: "Clear Form"
            LayoutText {#text} at (0,0) size 0x0
layer at (158,289) size 141x16
  LayoutBlockFlow {DIV} at (2,3) size 141x16
layer at (309,289) size 141x16
  LayoutBlockFlow {DIV} at (2,3) size 141x16
layer at (158,352) size 309x16
  LayoutBlockFlow {DIV} at (2,3) size 309x16
layer at (158,415) size 141x16
  LayoutBlockFlow {DIV} at (2,3) size 141x16
layer at (309,415) size 141x16
  LayoutBlockFlow {DIV} at (2,3) size 141x16
