layer at (0,0) size 800x600
  LayoutView at (0,0) size 800x600
layer at (0,0) size 800x305
  LayoutBlockFlow {html} at (0,0) size 800x305
    LayoutBlockFlow {body} at (8,10) size 784x285
      LayoutBlockFlow {p} at (0,0) size 784x20 [color=#000080]
        LayoutText {#text} at (0,0) size 430x19
          text run at (0,0) width 430: "The word \"TEST \" should appear twice below, the same size each time."
      LayoutBlockFlow (anonymous) at (0,30) size 784x125
        LayoutSVGRoot {svg} at (8,40) size 400x120
          LayoutSVGRect {rect} at (8,40) size 400x120 [transform={m=((10.00,0.00)(0.00,10.00)) t=(0.00,0.00)}] [fill={[type=SOLID] [color=#EEEEEE]}] [x=0.00] [y=0.00] [width=60.00] [height=12.00]
          LayoutSVGForeignObject {foreignObject} at (0,0) size 60x10
            LayoutBlockFlow {div} at (0,0) size 60x12 [color=#000080]
              LayoutText {#text} at (0,0) size 26x12
                text run at (0,0) width 26: "TEST"
        LayoutText {#text} at (0,0) size 0x0
      LayoutBlockFlow {div} at (0,165) size 400x120 [color=#000080] [bgcolor=#EEEEEE]
        LayoutText {#text} at (0,2) size 239x114
          text run at (0,2) width 239: "TEST"
