layer at (0,0) size 800x600
  LayoutView at (0,0) size 800x600
layer at (0,0) size 800x600
  LayoutBlockFlow {HTML} at (0,0) size 800x600
    LayoutBlockFlow {BODY} at (8,8) size 784x576
      LayoutBlockFlow {FORM} at (0,0) size 784x60
        LayoutBlockFlow (anonymous) at (0,0) size 784x60
          LayoutBlockFlow {INPUT} at (4,3) size 13x13
          LayoutInline {B} at (0,0) size 76x17
            LayoutText {#text} at (20,2) size 76x17
              text run at (20,2) width 76: "Attach File"
          LayoutBR {BR} at (95,16) size 1x0
          LayoutBR {BR} at (0,20) size 0x17
          LayoutText {#text} at (0,40) size 89x17
            text run at (0,40) width 89: "  Select File:  "
          LayoutFileUploadControl {INPUT} at (88.42,38) size 238x22 "No file chosen" [color=#545454]
            LayoutButton {INPUT} at (0,0) size 85x22 [color=#808080] [bgcolor=#C0C0C0] [border: (2px outset #C0C0C0)]
              LayoutBlockFlow (anonymous) at (8,3) size 69x16
                LayoutText {#text} at (0,0) size 69x16
                  text run at (0,0) width 69: "Choose File"
          LayoutBR {BR} at (326,54) size 1x0
        LayoutTable {TABLE} at (0,60) size 0x0
