layer at (0,0) size 800x600
  LayoutView at (0,0) size 800x600
layer at (0,0) size 800x80
  LayoutBlockFlow {HTML} at (0,0) size 800x80
    LayoutBlockFlow {BODY} at (8,8) size 784x56
      LayoutBlockFlow {FORM} at (0,0) size 784x22
        LayoutFileUploadControl {INPUT} at (0,0) size 238x22 "2 files"
          LayoutButton {INPUT} at (0,0) size 92x22 [bgcolor=#C0C0C0] [border: (2px outset #C0C0C0)]
            LayoutBlockFlow (anonymous) at (8,3) size 76x16
              LayoutText {#text} at (0,0) size 76x16
                text run at (0,0) width 76: "Choose Files"
        LayoutText {#text} at (0,0) size 0x0
      LayoutBlockFlow {P} at (0,38) size 784x18
        LayoutText {#text} at (0,0) size 451x17
          text run at (0,0) width 451: "The file upload control above should have text '2 files,' not a filename."
