layer at (0,0) size 800x600
  LayoutView at (0,0) size 800x600
layer at (0,0) size 800x600
  LayoutBlockFlow {HTML} at (0,0) size 800x600
    LayoutBlockFlow {BODY} at (8,8) size 784x584
      LayoutText {#text} at (0,0) size 757x35
        text run at (0,0) width 757: "This test verifies that JS access to offsetParent on an element that lacks one, such as the body, doesn't crash. If it didn't"
        text run at (0,18) width 102: "crash, it passed."
