layer at (0,0) size 800x600
  LayoutView at (0,0) size 800x600
layer at (0,0) size 800x105
  LayoutBlockFlow {html} at (0,0) size 800x105
    LayoutInline {body} at (0,0) size 222x19
      LayoutText {#text} at (0,0) size 0x0
      LayoutInline {h1} at (0,0) size 53x19
        LayoutText {#text} at (0,85) size 53x19
          text run at (0,85) width 53: "Test 123"
      LayoutText {#text} at (52,85) size 5x19
        text run at (52,85) width 5: " "
      LayoutSVGRoot {svg} at (56,0) size 101x100
        LayoutSVGText {text} at (0,-15) size 185x19 contains 1 chunk(s)
          LayoutSVGInlineText {#text} at (0,0) size 185x19
            chunk 1 text run 1 at (0.00,0.00) startOffset 0 endOffset 29 width 184.40: "You should see an error above"
        LayoutSVGRect {rect} at (56,0) size 101x100 [fill={[type=SOLID] [color=#008000]}] [x=0.00] [y=0.00] [width=100.00] [height=100.00]
      LayoutText {#text} at (156,85) size 5x19
        text run at (156,85) width 5: " "
      LayoutInline {h1} at (0,0) size 62x19
        LayoutText {#text} at (160,85) size 62x19
          text run at (160,85) width 62: "Test ABC"
      LayoutText {#text} at (0,0) size 0x0
    LayoutText {#text} at (0,0) size 0x0
