layer at (0,0) size 800x600
  LayoutView at (0,0) size 800x600
layer at (0,0) size 800x600
  LayoutBlockFlow {HTML} at (0,0) size 800x600
    LayoutBlockFlow {BODY} at (8,8) size 784x584
      LayoutBlockFlow {H1} at (0,0) size 784x37
        LayoutText {#text} at (0,0) size 273x37
          text run at (0,0) width 273: "Zooming Menu List"
      LayoutBlockFlow (anonymous) at (0,58.44) size 784x54
        LayoutMenuList {SELECT} at (0,0) size 161x54 [bgcolor=#F8F8F8] [border: (3px solid #A6A6A6)]
          LayoutBlockFlow (anonymous) at (3,3) size 155x48
            LayoutText (anonymous) at (24,3) size 65x39
              text run at (24,3) width 65: "One"
        LayoutText {#text} at (0,0) size 0x0
