layer at (0,0) size 800x600
  LayoutView at (0,0) size 800x600
layer at (0,0) size 800x600
  LayoutBlockFlow {HTML} at (0,0) size 800x600
    LayoutBlockFlow {BODY} at (8,8) size 784x584
      LayoutBlockFlow {DIV} at (0,0) size 385x502.81
        LayoutImage {IMG} at (0,0) size 395x275
        LayoutBlockFlow {H2} at (0,315) size 385x27
          LayoutText {#text} at (0,0) size 317x26
            text run at (0,0) width 317: "This text should be on line one."
        LayoutBlockFlow (anonymous) at (0,361.91) size 385x36
          LayoutText {#text} at (0,0) size 347x35
            text run at (0,0) width 275: "This text should be on the following lines. "
            text run at (274,0) width 73: "These lines"
            text run at (0,18) width 124: "should not overlap."
        LayoutBlockFlow {H2} at (0,437.91) size 385x27
          LayoutText {#text} at (0,0) size 210x26
            text run at (0,0) width 210: "Here's what's weird."
        LayoutBlockFlow (anonymous) at (0,484.81) size 385x18
          LayoutText {#text} at (0,0) size 140x17
            text run at (0,0) width 140: "The problem persists!"
