layer at (0,0) size 800x600
  LayoutView at (0,0) size 800x600
layer at (0,0) size 800x600
  LayoutBlockFlow {HTML} at (0,0) size 800x600
    LayoutBlockFlow {BODY} at (8,8) size 784x562
      LayoutBlockFlow {P} at (0,0) size 784x36
        LayoutText {#text} at (0,0) size 177x17
          text run at (0,0) width 177: "This is a regression test for "
        LayoutInline {I} at (0,0) size 721x35
          LayoutInline {A} at (0,0) size 354x17 [color=#0000EE]
            LayoutText {#text} at (176,0) size 354x17
              text run at (176,0) width 354: "http://bugzilla.opendarwin.org/show_bug.cgi?id=7301"
          LayoutText {#text} at (529,0) size 721x35
            text run at (529,0) width 5: " "
            text run at (533,0) width 188: "Text shadow does not repaint"
            text run at (0,18) width 58: "correctly"
        LayoutText {#text} at (57,18) size 5x17
          text run at (57,18) width 5: "."
      LayoutBlockFlow {HR} at (0,52) size 784x2 [border: (1px inset #EEEEEE)]
      LayoutBlockFlow {DIV} at (30,84) size 724x21
        LayoutInline {SPAN} at (0,0) size 200x20 [bgcolor=#C0C0C0]
          LayoutText {#text} at (0,0) size 200x20
            text run at (0,0) width 200: "Lorem ipsum dolor sit amet"
        LayoutText {#text} at (0,0) size 0x0
      LayoutBlockFlow {DIV} at (30,135) size 724x21
        LayoutInline {SPAN} at (0,0) size 200x20 [bgcolor=#C0C0C0]
          LayoutText {#text} at (0,0) size 200x20
            text run at (0,0) width 200: "Lorem ipsum dolor sit amet"
        LayoutText {#text} at (0,0) size 0x0
      LayoutBlockFlow {DIV} at (30,186) size 724x21
        LayoutText {#text} at (0,2) size 90x17
          text run at (0,2) width 90: "Lorem ipsum "
        LayoutInline {SPAN} at (0,0) size 100x20 [bgcolor=#C0C0C0]
          LayoutText {#text} at (89,0) size 100x20
            text run at (89,0) width 100: "dolor sit amet"
        LayoutText {#text} at (0,0) size 0x0
      LayoutBlockFlow {DIV} at (30,237) size 724x21
        LayoutInline {SPAN} at (0,0) size 97x20 [bgcolor=#C0C0C0]
          LayoutText {#text} at (0,0) size 97x20
            text run at (0,0) width 97: "Lorem ipsum"
        LayoutText {#text} at (96,2) size 93x17
          text run at (96,2) width 93: " dolor sit amet"
