layer at (0,0) size 800x600
  LayoutView at (0,0) size 800x600
layer at (0,0) size 800x600
  LayoutBlockFlow {HTML} at (0,0) size 800x600
    LayoutBlockFlow {BODY} at (8,8) size 784x576
      LayoutBlockFlow {P} at (0,0) size 784x20
        LayoutText {#text} at (0,0) size 50x19
          text run at (0,0) width 50: "Test for "
        LayoutInline {I} at (0,0) size 719x19
          LayoutInline {A} at (0,0) size 351x19 [color=#0000EE]
            LayoutText {#text} at (49,0) size 351x19
              text run at (49,0) width 351: "http://bugzilla.opendarwin.org/show_bug.cgi?id=9341"
          LayoutText {#text} at (399,0) size 369x19
            text run at (399,0) width 5: " "
            text run at (403,0) width 365: "REGRESSION: Repro crash caused by style=\"font:bold\""
        LayoutText {#text} at (767,0) size 5x19
          text run at (767,0) width 5: "."
      LayoutBlockFlow {P} at (0,36) size 784x20
        LayoutText {#text} at (0,0) size 122x19
          text run at (0,0) width 122: "PASS (didn\x{2019}t crash)"
