layer at (0,0) size 800x600
  LayoutView at (0,0) size 800x600
layer at (0,0) size 800x600
  LayoutBlockFlow {HTML} at (0,0) size 800x600
    LayoutBlockFlow {BODY} at (8,8) size 784x576
      LayoutBlockFlow {P} at (0,0) size 784x20
        LayoutInline {A} at (0,0) size 58x19 [color=#0000EE]
          LayoutText {#text} at (0,0) size 58x19
            text run at (0,0) width 58: "bug 7118"
        LayoutText {#text} at (57,0) size 339x19
          text run at (57,0) width 339: ": Wrong property values do not get invalidated correctly."
      LayoutBlockFlow (anonymous) at (0,36) size 784x0
        LayoutInline {DIV} at (0,0) size 0x0
          LayoutText {#text} at (0,0) size 0x0
        LayoutText {#text} at (0,0) size 0x0
layer at (8,44) size 200x200
  LayoutBlockFlow (floating) {DIV} at (0,0) size 200x200 [color=#FFFFFF] [bgcolor=#006400]
    LayoutText {#text} at (0,0) size 197x128
      text run at (0,0) width 163: "this text should be left-"
      text run at (0,16) width 161: "aligned, all lower-case,"
      text run at (0,32) width 171: "normal font, white, 14px,"
      text run at (0,48) width 183: "bold, normally spaced and"
      text run at (0,64) width 171: "wrapped, in a darkgreen"
      text run at (0,80) width 103: "200x200px div "
      text run at (103,80) width 94: "in the top left"
      text run at (0,96) width 181: "corner with no borders or"
      text run at (0,112) width 61: "outlines."
