layer at (0,0) size 800x600
  LayoutView at (0,0) size 800x600
layer at (0,0) size 800x600
  LayoutBlockFlow {HTML} at (0,0) size 800x600
    LayoutBlockFlow {BODY} at (8,8) size 784x573.28
      LayoutBlockFlow {P} at (0,0) size 784x20
        LayoutText {#text} at (0,0) size 50x19
          text run at (0,0) width 50: "Test for "
        LayoutInline {A} at (0,0) size 286x19 [color=#0000EE]
          LayoutText {#text} at (49,0) size 286x19
            text run at (49,0) width 286: "http://bugs.webkit.org/show_bug.cgi?id=15260"
        LayoutText {#text} at (334,0) size 146x19
          text run at (334,0) width 146: "Any styles defined after "
        LayoutInline {ELEMENT} at (0,0) size 193x19
          LayoutText {#text} at (479,0) size 8x19
            text run at (479,0) width 8: "{"
          LayoutInline {PROPERTY} at (0,0) size 186x19
            LayoutText {#text} at (486,0) size 186x19
              text run at (486,0) width 186: ":%} style are ignored by Safari"
      LayoutBlockFlow {H3} at (0,38.72) size 784x23 [color=#008000]
        LayoutText {#text} at (0,0) size 252x22
          text run at (0,0) width 252: "This text should show in green."
