layer at (0,0) size 800x600
  LayoutView at (0,0) size 800x600
layer at (0,0) size 800x600
  LayoutBlockFlow {HTML} at (0,0) size 800x600
    LayoutBlockFlow {BODY} at (8,8) size 784x584
      LayoutBlockFlow {DIV} at (0,0) size 784x20
        LayoutText {#text} at (0,0) size 50x19
          text run at (0,0) width 50: "Test for "
        LayoutInline {A} at (0,0) size 111x19 [color=#0000EE]
          LayoutText {#text} at (49,0) size 111x19
            text run at (49,0) width 111: "Bugzilla Bug 9934"
        LayoutText {#text} at (159,0) size 426x19
          text run at (159,0) width 426: " Selecting text in text field with {line-height:100%} causes it to bounce."
      LayoutBlockFlow {DIV} at (0,20) size 784x22
        LayoutTextControl {INPUT} at (0,0) size 154x22 [bgcolor=#FFFFFF] [border: (2px inset #EEEEEE)]
      LayoutBlockFlow {DIV} at (0,42) size 784x20
        LayoutText {#text} at (0,0) size 754x19
          text run at (0,0) width 542: "Select the text in the text field using horizontal mouse movements, then drag up and down. "
          text run at (542,0) width 212: "The text should not move vertically."
layer at (10,31) size 150x16
  LayoutBlockFlow {DIV} at (2,3) size 150x16
    LayoutText {#text} at (0,0) size 75x16
      text run at (0,0) width 75: "Lorem Ipsum"
