layer at (0,0) size 800x600
  LayoutView at (0,0) size 800x600
layer at (0,0) size 800x600
  LayoutBlockFlow {HTML} at (0,0) size 800x600
    LayoutBlockFlow {BODY} at (8,8) size 784x584
      LayoutInline {B} at (0,0) size 96x19
        LayoutText {#text} at (0,25) size 24x19
          text run at (0,25) width 24: "___"
        LayoutInline {B} at (0,0) size 72x19
          LayoutText {#text} at (24,65) size 24x19
            text run at (24,65) width 24: "___"
          LayoutInline {B} at (0,0) size 48x19
            LayoutText {#text} at (48,105) size 24x19
              text run at (48,105) width 24: "___"
            LayoutInline {B} at (0,0) size 24x19
              LayoutText {#text} at (72,145) size 24x19
                text run at (72,145) width 24: "___"
