layer at (0,0) size 800x600 clip at (0,0) size 785x600 scrollHeight 659
  LayoutView at (0,0) size 800x600
layer at (0,0) size 785x659 backgroundClip at (0,0) size 785x600 clip at (0,0) size 785x600
  LayoutBlockFlow {HTML} at (0,0) size 785x659
    LayoutBlockFlow {BODY} at (8,8) size 769x643 [bgcolor=#CCCCCC]
      LayoutBlockFlow {P} at (0,0) size 769x18
        LayoutText {#text} at (0,0) size 363x17
          text run at (0,0) width 363: "The style declarations which apply to the text below are:"
      LayoutBlockFlow {PRE} at (0,34) size 769x64
        LayoutText {#text} at (0,0) size 360x64
          text run at (0,0) width 224: "P:first-line {color: green;}"
          text run at (224,0) width 0: " "
          text run at (0,16) width 272: ".two:first-line {font-size: 200%;}"
          text run at (272,16) width 0: " "
          text run at (0,32) width 360: ".three:first-line {font-variant: small-caps;}"
          text run at (360,32) width 0: " "
          text run at (0,48) width 0: " "
      LayoutBlockFlow {HR} at (0,111) size 769x2 [border: (1px inset #EEEEEE)]
      LayoutBlockFlow {P} at (0,129) size 769x54
        LayoutText {#text} at (0,0) size 758x53
          text run at (0,0) width 431: "The first line of this paragraph, and only that one, should be green. "
          text run at (430,0) width 328: "If this precise combination does not occur, then the"
          text run at (0,18) width 193: "user agent has failed this test. "
          text run at (192,18) width 550: "Remember that in order to ensure a complete test, the paragraph must be displayed on"
          text run at (0,36) width 124: "more than one line."
      LayoutBlockFlow {P} at (0,199) size 769x73
        LayoutText {#text} at (0,0) size 767x72
          text run at (0,0) width 767: "The first line of this paragraph, and only that one, should be"
          text run at (0,37) width 221: "a larger font size as well as green. "
          text run at (220,37) width 520: "If this precise combination does not occur, then the user agent has failed this test."
          text run at (0,55) width 678: "Remember that in order to ensure a complete test, the paragraph must be displayed on more than one line."
      LayoutBlockFlow {P} at (0,288) size 769x72
        LayoutText {#text} at (0,0) size 758x53
          text run at (0,0) width 605: "The first line of this paragraph, and only that one, should be displayed in small-caps style. "
          text run at (604,0) width 154: "Thus, if the first line is"
          text run at (0,18) width 717: "not in small-caps style, OR if the entire paragraph turns out in small-caps, then the user agent has failed this test"
          text run at (0,36) width 235: "(although the problem might be that "
        LayoutInline {CODE} at (0,0) size 81x16
          LayoutText {#text} at (234,38) size 81x16
            text run at (234,38) width 81: "small-caps"
        LayoutText {#text} at (314,36) size 756x35
          text run at (314,36) width 230: " is not supported by your browser). "
          text run at (543,36) width 213: "This is extra text included for the"
          text run at (0,54) width 480: "purposes of making the paragraph long enough to have more than one line."
      LayoutTable {TABLE} at (0,376) size 769x267 [border: (1px outset #808080)]
        LayoutTableSection {TBODY} at (1,1) size 767x265
          LayoutTableRow {TR} at (0,0) size 767x26
            LayoutTableCell {TD} at (0,0) size 767x26 [bgcolor=#C0C0C0] [border: (1px inset #808080)] [r=0 c=0 rs=1 cs=2]
              LayoutInline {STRONG} at (0,0) size 161x17
                LayoutText {#text} at (4,4) size 161x17
                  text run at (4,4) width 161: "TABLE Testing Section"
          LayoutTableRow {TR} at (0,26) size 767x239
            LayoutTableCell {TD} at (0,132) size 12x26 [bgcolor=#C0C0C0] [border: (1px inset #808080)] [r=1 c=0 rs=1 cs=1]
              LayoutText {#text} at (4,4) size 4x17
                text run at (4,4) width 4: " "
            LayoutTableCell {TD} at (12,26) size 755x239 [border: (1px inset #808080)] [r=1 c=1 rs=1 cs=1]
              LayoutBlockFlow {P} at (4,4) size 747x54
                LayoutText {#text} at (0,0) size 746x53
                  text run at (0,0) width 431: "The first line of this paragraph, and only that one, should be green. "
                  text run at (430,0) width 305: "If this precise combination does not occur, then"
                  text run at (0,18) width 216: "the user agent has failed this test. "
                  text run at (215,18) width 531: "Remember that in order to ensure a complete test, the paragraph must be displayed"
                  text run at (0,36) width 144: "on more than one line."
              LayoutBlockFlow {P} at (4,74) size 747x73
                LayoutText {#text} at (0,0) size 729x72
                  text run at (0,0) width 729: "The first line of this paragraph, and only that one, should"
                  text run at (0,37) width 240: "be a larger font size as well as green. "
                  text run at (239,37) width 490: "If this precise combination does not occur, then the user agent has failed this"
                  text run at (0,55) width 31: "test. "
                  text run at (30,55) width 678: "Remember that in order to ensure a complete test, the paragraph must be displayed on more than one line."
              LayoutBlockFlow {P} at (4,163) size 747x72
                LayoutText {#text} at (0,0) size 745x53
                  text run at (0,0) width 605: "The first line of this paragraph, and only that one, should be displayed in small-caps style. "
                  text run at (604,0) width 141: "Thus, if the first line"
                  text run at (0,18) width 731: "is not in small-caps style, OR if the entire paragraph turns out in small-caps, then the user agent has failed this test"
                  text run at (0,36) width 235: "(although the problem might be that "
                LayoutInline {CODE} at (0,0) size 81x16
                  LayoutText {#text} at (234,38) size 81x16
                    text run at (234,38) width 81: "small-caps"
                LayoutText {#text} at (314,36) size 732x35
                  text run at (314,36) width 230: " is not supported by your browser). "
                  text run at (543,36) width 189: "This is extra text included for"
                  text run at (0,54) width 503: "the purposes of making the paragraph long enough to have more than one line."
