layer at (0,0) size 800x600
  LayoutView at (0,0) size 800x600
layer at (0,0) size 800x600
  LayoutBlockFlow {HTML} at (0,0) size 800x600
    LayoutBlockFlow {BODY} at (8,8) size 784x584 [bgcolor=#CCCCCC]
      LayoutBlockFlow {P} at (0,0) size 784x18
        LayoutText {#text} at (0,0) size 385x17
          text run at (0,0) width 385: "The style declarations which apply to the text below are:"
      LayoutBlockFlow {PRE} at (0,34) size 784x64
        LayoutText {#text} at (0,0) size 264x64
          text run at (0,0) width 264: "P:first-line {font-weight: bold;}"
          text run at (264,0) width 0: " "
          text run at (0,16) width 256: "P.two:first-line {color: green;}"
          text run at (256,16) width 0: " "
          text run at (0,32) width 256: "P:first-line.three {color: red;}"
          text run at (256,32) width 0: " "
          text run at (0,48) width 0: " "
      LayoutBlockFlow {HR} at (0,111) size 784x2 [border: (1px inset #EEEEEE)]
      LayoutBlockFlow {P} at (0,129) size 784x36
        LayoutText {#text} at (0,0) size 731x35
          text run at (0,0) width 345: "The first line of this sentence should be boldfaced. "
          text run at (344,0) width 387: "This test is included simply to establish a baseline for the"
          text run at (0,18) width 655: "following tests, since if this test fails, then the rest of the tests on this page are expected to fail as well."
      LayoutBlockFlow {P} at (0,181) size 784x36
        LayoutText {#text} at (0,0) size 765x35
          text run at (0,0) width 563: "The first line of this sentence should be boldfaced and green, thanks to its selector. "
          text run at (562,0) width 203: "If this is not the case, then the"
          text run at (0,18) width 578: "user agent may have failed to properly parse the selector, or it may simply not support the "
        LayoutInline {TT} at (0,0) size 89x16
          LayoutText {#text} at (577,20) size 89x16
            text run at (577,20) width 89: ":first-line"
        LayoutText {#text} at (665,18) size 111x17
          text run at (665,18) width 111: " pseudo-element."
      LayoutBlockFlow {P} at (0,233) size 784x72
        LayoutText {#text} at (0,0) size 783x71
          text run at (0,0) width 345: "The first line of this sentence should be boldfaced. "
          text run at (344,0) width 423: "If it is red, then the user agent has violated the specification in"
          text run at (0,18) width 440: "allowing pseudo-elements at a point other than the end of a selector. "
          text run at (439,18) width 344: "If neither is the case, then the user agent has correctly"
          text run at (0,36) width 766: "ignored the incorrect selector, but has suppressed other styles which are valid, and therefore must be considered to have"
          text run at (0,54) width 91: "failed the test."
      LayoutTable {TABLE} at (0,321) size 784x230 [border: (1px outset #808080)]
        LayoutTableSection {TBODY} at (1,1) size 782x228
          LayoutTableRow {TR} at (0,0) size 782x26
            LayoutTableCell {TD} at (0,0) size 782x26 [bgcolor=#C0C0C0] [border: (1px inset #808080)] [r=0 c=0 rs=1 cs=2]
              LayoutInline {STRONG} at (0,0) size 161x17
                LayoutText {#text} at (4,4) size 161x17
                  text run at (4,4) width 161: "TABLE Testing Section"
          LayoutTableRow {TR} at (0,26) size 782x202
            LayoutTableCell {TD} at (0,114) size 12x26 [bgcolor=#C0C0C0] [border: (1px inset #808080)] [r=1 c=0 rs=1 cs=1]
              LayoutText {#text} at (4,4) size 4x17
                text run at (4,4) width 4: " "
            LayoutTableCell {TD} at (12,26) size 770x202 [border: (1px inset #808080)] [r=1 c=1 rs=1 cs=1]
              LayoutBlockFlow {P} at (4,4) size 762x36
                LayoutText {#text} at (0,0) size 731x35
                  text run at (0,0) width 345: "The first line of this sentence should be boldfaced. "
                  text run at (344,0) width 387: "This test is included simply to establish a baseline for the"
                  text run at (0,18) width 655: "following tests, since if this test fails, then the rest of the tests on this page are expected to fail as well."
              LayoutBlockFlow {P} at (4,56) size 762x54
                LayoutText {#text} at (0,0) size 740x35
                  text run at (0,0) width 563: "The first line of this sentence should be boldfaced and green, thanks to its selector. "
                  text run at (562,0) width 178: "If this is not the case, then"
                  text run at (0,18) width 602: "the user agent may have failed to properly parse the selector, or it may simply not support the "
                LayoutInline {TT} at (0,0) size 89x16
                  LayoutText {#text} at (601,20) size 89x16
                    text run at (601,20) width 89: ":first-line"
                LayoutText {#text} at (689,18) size 745x35
                  text run at (689,18) width 56: " pseudo-"
                  text run at (0,36) width 55: "element."
              LayoutBlockFlow {P} at (4,126) size 762x72
                LayoutText {#text} at (0,0) size 750x71
                  text run at (0,0) width 345: "The first line of this sentence should be boldfaced. "
                  text run at (344,0) width 406: "If it is red, then the user agent has violated the specification"
                  text run at (0,18) width 456: "in allowing pseudo-elements at a point other than the end of a selector. "
                  text run at (455,18) width 284: "If neither is the case, then the user agent has"
                  text run at (0,36) width 703: "correctly ignored the incorrect selector, but has suppressed other styles which are valid, and therefore must be"
                  text run at (0,54) width 215: "considered to have failed the test."
