layer at (0,0) size 800x600
  LayoutView at (0,0) size 800x600
layer at (0,0) size 800x332
  LayoutBlockFlow {HTML} at (0,0) size 800x332
    LayoutBlockFlow {BODY} at (8,8) size 784x316
      LayoutBlockFlow (anonymous) at (0,0) size 784x244
        LayoutText {#text} at (0,0) size 0x0
      LayoutBlockFlow {DIV} at (0,244) size 784x72
        LayoutInline {SPAN} at (0,0) size 377x18
          LayoutText {#text} at (0,0) size 377x18
            text run at (0,0) width 377: "Rendering vertical line-positioned cues with Japanese text."
          LayoutBR {BR} at (376,0) size 1x18
        LayoutInline {SPAN} at (0,0) size 163x18
          LayoutText {#text} at (0,18) size 163x18
            text run at (0,18) width 163: "EVENT(canplaythrough)"
          LayoutBR {BR} at (162,18) size 1x18
        LayoutInline {SPAN} at (0,0) size 107x18
          LayoutText {#text} at (0,36) size 107x18
            text run at (0,36) width 107: "EVENT(seeked)"
          LayoutBR {BR} at (106,36) size 1x18
        LayoutInline {SPAN} at (0,0) size 100x18
          LayoutText {#text} at (0,54) size 100x18
            text run at (0,54) width 100: "END OF TEST"
          LayoutBR {BR} at (99,54) size 1x18
layer at (8,8) size 320x240
  LayoutVideo {VIDEO} at (0,0) size 320x240
layer at (8,8) size 320x240
  LayoutBlockFlow (relative positioned) {DIV} at (0,0) size 320x240 [color=#FFFFFF]
layer at (8,8) size 18x240
  LayoutBlockFlow (positioned) {DIV} at (0,0) size 18x240
    LayoutInline {DIV} at (0,0) size 18x116 [bgcolor=#000000CC]
      LayoutText {#text} at (2,64) size 14x112
        text run at (2,64) width 111: "Cue 1: \x{79C1}\x{306F}\x{7ACB}\x{6D3E}\x{306A}\x{4EBA}"
layer at (26,8) size 18x240
  LayoutBlockFlow (positioned) {DIV} at (18,0) size 18x240
    LayoutInline {DIV} at (0,0) size 18x116 [bgcolor=#000000CC]
      LayoutText {#text} at (2,64) size 14x112
        text run at (2,64) width 111: "Cue 2: \x{79C1}\x{306F}\x{7ACB}\x{6D3E}\x{306A}\x{4EBA}"
layer at (256,8) size 18x240
  LayoutBlockFlow (positioned) {DIV} at (248,0) size 18x240
    LayoutInline {DIV} at (0,0) size 18x116 [bgcolor=#000000CC]
      LayoutText {#text} at (2,64) size 14x112
        text run at (2,64) width 111: "Cue 3: \x{79C1}\x{306F}\x{7ACB}\x{6D3E}\x{306A}\x{4EBA}"
layer at (238,8) size 18x240
  LayoutBlockFlow (positioned) {DIV} at (230,0) size 18x240
    LayoutInline {DIV} at (0,0) size 18x116 [bgcolor=#000000CC]
      LayoutText {#text} at (2,64) size 14x112
        text run at (2,64) width 111: "Cue 4: \x{79C1}\x{306F}\x{7ACB}\x{6D3E}\x{306A}\x{4EBA}"
layer at (310,8) size 18x240
  LayoutBlockFlow (positioned) {DIV} at (302,0) size 18x240
    LayoutInline {DIV} at (0,0) size 18x116 [bgcolor=#000000CC]
      LayoutText {#text} at (2,64) size 14x112
        text run at (2,64) width 111: "Cue 5: \x{79C1}\x{306F}\x{7ACB}\x{6D3E}\x{306A}\x{4EBA}"
layer at (292,8) size 18x240
  LayoutBlockFlow (positioned) {DIV} at (284,0) size 18x240
    LayoutInline {DIV} at (0,0) size 18x116 [bgcolor=#000000CC]
      LayoutText {#text} at (2,64) size 14x112
        text run at (2,64) width 111: "Cue 6: \x{79C1}\x{306F}\x{7ACB}\x{6D3E}\x{306A}\x{4EBA}"
layer at (8,8) size 320x240
  LayoutFlexibleBox (relative positioned) {DIV} at (0,0) size 320x240
    LayoutBlockFlow {DIV} at (0,205) size 320x35
layer at (8,8) size 320x205
  LayoutFlexibleBox (relative positioned) {DIV} at (0,0) size 320x205
