layer at (0,0) size 800x600
  LayoutView at (0,0) size 800x600
layer at (0,0) size 800x144
  LayoutBlockFlow {HTML} at (0,0) size 800x144
    LayoutBlockFlow {BODY} at (8,16) size 784x112
      LayoutBlockFlow {P} at (0,0) size 784x20 [color=#000080]
        LayoutText {#text} at (0,0) size 154x19
          text run at (0,0) width 154: "The background color of "
        LayoutInline {A} at (0,0) size 109x19 [color=#0000EE]
          LayoutText {#text} at (154,0) size 74x19
            text run at (154,0) width 74: "this anchor ("
          LayoutInline {STRONG} at (0,0) size 30x19
            LayoutText {#text} at (228,0) size 30x19
              text run at (228,0) width 30: "here"
          LayoutText {#text} at (257,0) size 6x19
            text run at (257,0) width 6: ")"
        LayoutText {#text} at (262,0) size 366x19
          text run at (262,0) width 366: " should turn to green when the pointing device hovers over it."
      LayoutBlockFlow {P} at (0,36) size 784x20 [color=#000080]
        LayoutText {#text} at (0,0) size 154x19
          text run at (0,0) width 154: "The background color of "
        LayoutInline {A} at (0,0) size 109x19 [color=#FFFFFF] [bgcolor=#008000]
          LayoutText {#text} at (154,0) size 74x19
            text run at (154,0) width 74: "this anchor ("
          LayoutInline {STRONG} at (0,0) size 30x19
            LayoutText {#text} at (228,0) size 30x19
              text run at (228,0) width 30: "here"
          LayoutText {#text} at (257,0) size 6x19
            text run at (257,0) width 6: ")"
        LayoutText {#text} at (262,0) size 48x19
          text run at (262,0) width 48: " should "
        LayoutInline {STRONG} at (0,0) size 210x19
          LayoutText {#text} at (309,0) size 210x19
            text run at (309,0) width 210: "remain green when you hover it"
        LayoutText {#text} at (518,0) size 5x19
          text run at (518,0) width 5: "."
      LayoutBlockFlow {P} at (0,72) size 784x40 [color=#000080]
        LayoutText {#text} at (0,0) size 154x19
          text run at (0,0) width 154: "The background color of "
        LayoutInline {A} at (0,0) size 109x19 [color=#FFFFFF] [bgcolor=#008000]
          LayoutText {#text} at (154,0) size 74x19
            text run at (154,0) width 74: "this anchor ("
          LayoutInline {STRONG} at (0,0) size 30x19
            LayoutText {#text} at (228,0) size 30x19
              text run at (228,0) width 30: "here"
          LayoutText {#text} at (257,0) size 6x19
            text run at (257,0) width 6: ")"
        LayoutText {#text} at (262,0) size 48x19
          text run at (262,0) width 48: " should "
        LayoutInline {STRONG} at (0,0) size 352x19
          LayoutText {#text} at (309,0) size 352x19
            text run at (309,0) width 352: "remain green when the pointing device hovers over it"
        LayoutText {#text} at (660,0) size 776x39
          text run at (660,0) width 116: " (do not follow that"
          text run at (0,20) width 30: "link)."
