layer at (0,0) size 800x600
  LayoutView at (0,0) size 800x600
layer at (0,0) size 800x88
  LayoutBlockFlow {HTML} at (0,0) size 800x88
    LayoutBlockFlow {BODY} at (8,16) size 784x56
      LayoutBlockFlow {P} at (0,0) size 784x20
        LayoutText {#text} at (0,0) size 78x19
          text run at (0,0) width 78: "This test has "
        LayoutInline {SPAN} at (0,0) size 57x19
          LayoutInline {<pseudo:after>} at (0,0) size 57x19 [bgcolor=#00FF00]
            LayoutTextFragment (anonymous) at (78,0) size 57x19
              text run at (78,0) width 57: "PASSED"
        LayoutText {#text} at (134,0) size 5x19
          text run at (134,0) width 5: "."
      LayoutBlockFlow {P} at (0,36) size 784x20
        LayoutText {#text} at (0,0) size 420x19
          text run at (0,0) width 420: "(If the previous line just reads \"This test has .\" then this test has failed.)"
