layer at (0,0) size 800x600
  LayoutView at (0,0) size 800x600
layer at (0,0) size 800x600
  LayoutBlockFlow {HTML} at (0,0) size 800x600
    LayoutBlockFlow {BODY} at (8,8) size 784x584
      LayoutText {#text} at (179,21) size 236x19
        text run at (179,21) width 236: " This should not be part of the textarea."
layer at (8,8) size 179x36 clip at (9,9) size 162x34 scrollHeight 66
  LayoutTextControl {TEXTAREA} at (0,0) size 179x36 [bgcolor=#FFFFFF] [border: (1px solid #A9A9A9)]
    LayoutBlockFlow {DIV} at (3,3) size 160x64
      LayoutText {#text} at (0,0) size 32x16
        text run at (0,0) width 32: "<!--"
      LayoutBR {BR} at (32,12) size 0x0
      LayoutText {#text} at (0,16) size 160x32
        text run at (0,16) width 152: "This should be part"
        text run at (152,16) width 8: " "
        text run at (0,32) width 128: "of the textarea."
      LayoutBR {BR} at (128,44) size 0x0
      LayoutBR {BR} at (0,48) size 0x16
