layer at (0,0) size 800x600
  LayoutView at (0,0) size 800x600
layer at (0,0) size 800x338
  LayoutBlockFlow {HTML} at (0,0) size 800x338
    LayoutBlockFlow {BODY} at (8,16) size 784x312
      LayoutBlockFlow {P} at (0,0) size 784x18
        LayoutText {#text} at (0,0) size 265x18
          text run at (0,0) width 265: "Test passes if the two boxes are identical."
      LayoutBlockFlow {DIV} at (10,34) size 134x134 [border: (19px solid #000000)]
      LayoutBlockFlow {DIV} at (10,178) size 134x134 [border: (19px solid #000000)]
