layer at (0,0) size 800x600 clip at (0,0) size 785x600 scrollHeight 1384
  LayoutView at (0,0) size 800x600
layer at (0,0) size 785x1384 backgroundClip at (0,0) size 785x600 clip at (0,0) size 785x600
  LayoutBlockFlow {HTML} at (0,0) size 785x1383.88
    LayoutBlockFlow {BODY} at (8,8) size 769x1359.88 [bgcolor=#FFDEAD]
      LayoutBlockFlow (anonymous) at (0,0) size 769x20
        LayoutText {#text} at (0,0) size 572x19
          text run at (0,0) width 572: "If there is missing vertical space between tables and/or tables and other content, it is bug 6997. "
        LayoutBR {BR} at (572,15) size 0x0
      LayoutBlockFlow {H1} at (0,41.44) size 769x74
        LayoutInline {FONT} at (0,0) size 475x73 [color=#FF0000]
          LayoutText {#text} at (0,0) size 295x36
            text run at (0,0) width 295: "Acceptance Test Case"
          LayoutBR {BR} at (295,29) size 0x0
          LayoutText {#text} at (0,37) size 475x36
            text run at (0,37) width 475: "Web Browser: Web View (HTML)"
      LayoutBlockFlow {P} at (0,136.88) size 769x27
        LayoutInline {FONT} at (0,0) size 215x27 [color=#FF0000]
          LayoutInline {B} at (0,0) size 215x26
            LayoutText {#text} at (0,0) size 215x26
              text run at (0,0) width 215: "Table: <TR> ALIGN"
        LayoutText {#text} at (0,0) size 0x0
      LayoutBlockFlow {HR} at (0,179.88) size 769x2 [border: (1px inset #EEEEEE)]
      LayoutBlockFlow (anonymous) at (0,189.88) size 769x80
        LayoutText {#text} at (0,0) size 262x19
          text run at (0,0) width 262: "This acceptance test case tests the optional "
        LayoutInline {B} at (0,0) size 40x19
          LayoutText {#text} at (262,0) size 40x19
            text run at (262,0) width 40: "<TR>"
        LayoutText {#text} at (302,0) size 26x19
          text run at (302,0) width 26: " tag "
        LayoutInline {B} at (0,0) size 51x19
          LayoutText {#text} at (328,0) size 51x19
            text run at (328,0) width 51: "ALIGN"
        LayoutText {#text} at (379,0) size 766x59
          text run at (379,0) width 170: " attribute which controls the "
          text run at (549,0) width 217: "horizontal alignment of all the cells in"
          text run at (0,20) width 403: "a row. This cause the contents of each cell in the row to be aligned "
          text run at (403,20) width 346: "either LEFT|CENTER|RIGHT with respect to the current"
          text run at (0,40) width 268: "left and right margins of the display window. "
          text run at (268,40) width 27: "The "
        LayoutInline {B} at (0,0) size 50x19
          LayoutText {#text} at (295,40) size 50x19
            text run at (295,40) width 50: "Header"
        LayoutText {#text} at (345,40) size 166x19
          text run at (345,40) width 166: " cells by default are aligned "
        LayoutInline {B} at (0,0) size 65x19
          LayoutText {#text} at (511,40) size 65x19
            text run at (511,40) width 65: "CENTER"
        LayoutText {#text} at (576,40) size 61x19
          text run at (576,40) width 61: " while the "
        LayoutInline {B} at (0,0) size 33x19
          LayoutText {#text} at (637,40) size 33x19
            text run at (637,40) width 33: "Data"
        LayoutText {#text} at (670,40) size 763x39
          text run at (670,40) width 93: " cells by default"
          text run at (0,60) width 69: "are aligned "
        LayoutInline {B} at (0,0) size 39x19
          LayoutText {#text} at (69,60) size 39x19
            text run at (69,60) width 39: "LEFT"
        LayoutText {#text} at (108,60) size 4x19
          text run at (108,60) width 4: "."
      LayoutBlockFlow {P} at (0,285.88) size 769x20
        LayoutInline {B} at (0,0) size 118x19
          LayoutText {#text} at (0,0) size 118x19
            text run at (0,0) width 118: "Test Instructions:"
        LayoutText {#text} at (0,0) size 0x0
      LayoutBlockFlow {OL} at (0,321.88) size 769x226
        LayoutListItem {LI} at (40,0) size 729x20
          LayoutListMarker (anonymous) at (-16,0) size 16x19: "1"
          LayoutText {#text} at (0,0) size 473x19
            text run at (0,0) width 473: "Verify that the sample text displays as stated in each of the following test cases:"
        LayoutBlockFlow {P} at (40,36) size 729x74
          LayoutTable {TABLE} at (0,0) size 696x74 [bgcolor=#F08080]
            LayoutTableSection {TBODY} at (0,0) size 696x74
              LayoutTableRow {TR} at (0,2) size 696x34
                LayoutTableCell {TD} at (2,2) size 95x34 [r=0 c=0 rs=1 cs=1]
                  LayoutInline {A} at (0,0) size 81x19 [color=#0000EE]
                    LayoutText {#text} at (7,7) size 81x19
                      text run at (7,7) width 81: "Test Case #1"
                LayoutTableCell {TD} at (99,2) size 595x34 [r=0 c=1 rs=1 cs=1]
                  LayoutInline {FONT} at (0,0) size 581x19 [color=#0000FF]
                    LayoutInline {B} at (0,0) size 581x19
                      LayoutText {#text} at (7,7) size 581x19
                        text run at (7,7) width 581: "Table displaying Header \"CENTER \"& Data \"LEFT\" default horizontal row alignment"
              LayoutTableRow {TR} at (0,38) size 696x34
                LayoutTableCell {TD} at (2,38) size 95x34 [r=1 c=0 rs=1 cs=1]
                  LayoutInline {A} at (0,0) size 81x19 [color=#0000EE]
                    LayoutText {#text} at (7,7) size 81x19
                      text run at (7,7) width 81: "Test Case #2"
                LayoutTableCell {TD} at (99,38) size 595x34 [r=1 c=1 rs=1 cs=1]
                  LayoutInline {FONT} at (0,0) size 574x19 [color=#0000FF]
                    LayoutInline {B} at (0,0) size 574x19
                      LayoutText {#text} at (7,7) size 574x19
                        text run at (7,7) width 574: "Tables displaying Header & Data \"LEFT|CENTER|RIGHT\" horizontal row alignment"
        LayoutBlockFlow {P} at (40,126) size 729x0
        LayoutListItem {LI} at (40,126) size 729x20
          LayoutListMarker (anonymous) at (-16,0) size 16x19: "2"
          LayoutText {#text} at (0,0) size 265x19
            text run at (0,0) width 265: "Verify that the table is maintained when you "
          LayoutInline {B} at (0,0) size 124x19
            LayoutText {#text} at (265,0) size 124x19
              text run at (265,0) width 124: "minimize/maximize"
          LayoutText {#text} at (389,0) size 69x19
            text run at (389,0) width 69: " the screen."
        LayoutListItem {LI} at (40,146) size 729x20
          LayoutListMarker (anonymous) at (-16,0) size 16x19: "3"
          LayoutText {#text} at (0,0) size 265x19
            text run at (0,0) width 265: "Verify that the table is maintained when you "
          LayoutInline {B} at (0,0) size 122x19
            LayoutText {#text} at (265,0) size 122x19
              text run at (265,0) width 122: "re-size left & right"
          LayoutText {#text} at (387,0) size 69x19
            text run at (387,0) width 69: " the screen."
        LayoutListItem {LI} at (40,166) size 729x20
          LayoutListMarker (anonymous) at (-16,0) size 16x19: "4"
          LayoutText {#text} at (0,0) size 265x19
            text run at (0,0) width 265: "Verify that the table is maintained when you "
          LayoutInline {B} at (0,0) size 136x19
            LayoutText {#text} at (265,0) size 136x19
              text run at (265,0) width 136: "re-size top & bottom"
          LayoutText {#text} at (401,0) size 69x19
            text run at (401,0) width 69: " the screen."
        LayoutListItem {LI} at (40,186) size 729x20
          LayoutListMarker (anonymous) at (-16,0) size 16x19: "5"
          LayoutText {#text} at (0,0) size 388x19
            text run at (0,0) width 388: "Verify re-draw takes place correctly after maximizing the screen."
        LayoutListItem {LI} at (40,206) size 729x20
          LayoutListMarker (anonymous) at (-16,0) size 16x19: "6"
          LayoutText {#text} at (0,0) size 125x19
            text run at (0,0) width 125: "Verify reload works."
      LayoutBlockFlow {HR} at (0,563.88) size 769x2 [border: (1px inset #EEEEEE)]
      LayoutBlockFlow {P} at (0,581.88) size 769x65
        LayoutTable {TABLE} at (0,0) size 769x65 [bgcolor=#F08080] [border: (1px outset #808080)]
          LayoutTableSection {TBODY} at (1,1) size 767x63
            LayoutTableRow {TR} at (0,2) size 767x59
              LayoutTableCell {TH} at (2,2) size 763x59 [border: (1px inset #808080)] [r=0 c=0 rs=1 cs=1]
                LayoutInline {A} at (0,0) size 0x0
                LayoutText {#text} at (23,11) size 98x19
                  text run at (23,11) width 98: "Test Case #1: "
                LayoutInline {FONT} at (0,0) size 582x19 [color=#0000FF]
                  LayoutText {#text} at (120,11) size 582x19
                    text run at (120,11) width 582: "Table displaying Header \"CENTER \"& Data \"LEFT\" default horizontal row alignment"
                LayoutText {#text} at (701,11) size 5x19
                  text run at (701,11) width 5: " "
                LayoutInline {FONT} at (0,0) size 387x32
                  LayoutInline {I} at (0,0) size 387x33
                    LayoutText {#text} at (705,14) size 387x33
                      text run at (705,14) width 35: "(using"
                      text run at (353,31) width 57: "<TR> tag)"
                LayoutText {#text} at (0,0) size 0x0
      LayoutBlockFlow {P} at (0,662.88) size 769x76
        LayoutTable {TABLE} at (0,0) size 346x76 [bgcolor=#FFE4C4] [border: (1px outset #808080)]
          LayoutBlockFlow {CAPTION} at (0,0) size 346x20
            LayoutText {#text} at (70,0) size 206x19
              text run at (70,0) width 206: "Default Horizontal Row Alignment"
          LayoutTableSection {TBODY} at (1,21) size 344x54
            LayoutTableRow {TR} at (0,2) size 344x24
              LayoutTableCell {TH} at (2,2) size 112x24 [border: (1px inset #808080)] [r=0 c=0 rs=1 cs=1]
                LayoutText {#text} at (20,2) size 72x19
                  text run at (20,2) width 72: "row head 1"
              LayoutTableCell {TH} at (116,2) size 112x24 [border: (1px inset #808080)] [r=0 c=1 rs=1 cs=1]
                LayoutText {#text} at (20,2) size 72x19
                  text run at (20,2) width 72: "row head 2"
              LayoutTableCell {TH} at (230,2) size 112x24 [border: (1px inset #808080)] [r=0 c=2 rs=1 cs=1]
                LayoutText {#text} at (20,2) size 72x19
                  text run at (20,2) width 72: "row head 3"
            LayoutTableRow {TR} at (0,28) size 344x24
              LayoutTableCell {TD} at (2,28) size 112x24 [border: (1px inset #808080)] [r=1 c=0 rs=1 cs=1]
                LayoutText {#text} at (2,2) size 66x19
                  text run at (2,2) width 66: "row data 1"
              LayoutTableCell {TD} at (116,28) size 112x24 [border: (1px inset #808080)] [r=1 c=1 rs=1 cs=1]
                LayoutText {#text} at (2,2) size 66x19
                  text run at (2,2) width 66: "row data 2"
              LayoutTableCell {TD} at (230,28) size 112x24 [border: (1px inset #808080)] [r=1 c=2 rs=1 cs=1]
                LayoutText {#text} at (2,2) size 66x19
                  text run at (2,2) width 66: "row data 3"
      LayoutBlockFlow {HR} at (0,754.88) size 769x2 [border: (1px inset #EEEEEE)]
      LayoutBlockFlow {P} at (0,772.88) size 769x65
        LayoutTable {TABLE} at (0,0) size 769x65 [bgcolor=#F08080] [border: (1px outset #808080)]
          LayoutTableSection {TBODY} at (1,1) size 767x63
            LayoutTableRow {TR} at (0,2) size 767x59
              LayoutTableCell {TH} at (2,2) size 763x59 [border: (1px inset #808080)] [r=0 c=0 rs=1 cs=1]
                LayoutInline {A} at (0,0) size 0x0
                LayoutText {#text} at (13,11) size 98x19
                  text run at (13,11) width 98: "Test Case #2: "
                LayoutInline {FONT} at (0,0) size 575x19 [color=#0000FF]
                  LayoutText {#text} at (110,11) size 575x19
                    text run at (110,11) width 575: "Tables displaying Header & Data \"LEFT|CENTER|RIGHT\" horizontal row alignment"
                LayoutText {#text} at (684,11) size 5x19
                  text run at (684,11) width 5: " "
                LayoutInline {FONT} at (0,0) size 475x32
                  LayoutInline {I} at (0,0) size 475x33
                    LayoutText {#text} at (688,14) size 475x33
                      text run at (688,14) width 62: "(using <TR"
                      text run at (275,31) width 213: "ALIGN=LEFT|CENTER|RIGHT> tag)"
                LayoutText {#text} at (0,0) size 0x0
      LayoutBlockFlow {P} at (0,853.88) size 769x158
        LayoutTable {TABLE} at (0,0) size 346x158 [bgcolor=#FFE4C4] [border: (1px outset #808080)]
          LayoutBlockFlow {CAPTION} at (0,0) size 346x20
            LayoutText {#text} at (71,0) size 204x19
              text run at (71,0) width 204: "Horizontal Row Alignment=LEFT"
          LayoutTableSection {TBODY} at (1,21) size 344x136
            LayoutTableRow {TR} at (0,2) size 344x24
              LayoutTableCell {TH} at (2,2) size 111x24 [border: (1px inset #808080)] [r=0 c=0 rs=1 cs=1]
                LayoutText {#text} at (2,2) size 72x19
                  text run at (2,2) width 72: "row head 1"
              LayoutTableCell {TH} at (115,2) size 112x24 [border: (1px inset #808080)] [r=0 c=1 rs=1 cs=1]
                LayoutText {#text} at (2,2) size 72x19
                  text run at (2,2) width 72: "row head 2"
              LayoutTableCell {TH} at (229,2) size 113x24 [border: (1px inset #808080)] [r=0 c=2 rs=1 cs=1]
                LayoutText {#text} at (2,2) size 72x19
                  text run at (2,2) width 72: "row head 3"
            LayoutTableRow {TR} at (0,28) size 344x24
              LayoutTableCell {TD} at (2,28) size 111x24 [border: (1px inset #808080)] [r=1 c=0 rs=1 cs=1]
                LayoutText {#text} at (2,2) size 66x19
                  text run at (2,2) width 66: "row data 1"
              LayoutTableCell {TD} at (115,28) size 112x24 [border: (1px inset #808080)] [r=1 c=1 rs=1 cs=1]
                LayoutText {#text} at (2,2) size 66x19
                  text run at (2,2) width 66: "row data 2"
              LayoutTableCell {TD} at (229,28) size 113x24 [border: (1px inset #808080)] [r=1 c=2 rs=1 cs=1]
                LayoutText {#text} at (2,2) size 66x19
                  text run at (2,2) width 66: "row data 3"
            LayoutTableRow {TR} at (0,54) size 344x80 [bgcolor=#FFD700]
              LayoutTableCell {TD} at (2,54) size 340x80 [border: (1px inset #808080)] [r=2 c=0 rs=1 cs=3]
                LayoutBlockFlow (anonymous) at (2,2) size 336x60
                  LayoutInline {B} at (0,0) size 336x59
                    LayoutInline {FONT} at (0,0) size 336x59 [color=#FF0000]
                      LayoutText {#text} at (0,0) size 133x19
                        text run at (0,0) width 133: "Note: The attribute "
                      LayoutInline {FONT} at (0,0) size 99x19 [color=#0000FF]
                        LayoutText {#text} at (133,0) size 99x19
                          text run at (133,0) width 99: "ALIGN=LEFT"
                      LayoutText {#text} at (232,0) size 336x59
                        text run at (232,0) width 97: " has no special"
                        text run at (0,20) width 336: "effect on the row data since it simply reiterates the"
                        text run at (0,40) width 217: "default horizontal row alignment!"
                LayoutBlockFlow {P} at (2,78) size 336x0
                  LayoutInline {B} at (0,0) size 0x0
                    LayoutInline {FONT} at (0,0) size 0x0 [color=#FF0000]
                  LayoutText {#text} at (0,0) size 0x0
      LayoutBlockFlow {P} at (0,1027.88) size 769x158
        LayoutTable {TABLE} at (0,0) size 346x158 [bgcolor=#FFE4C4] [border: (1px outset #808080)]
          LayoutBlockFlow {CAPTION} at (0,0) size 346x20
            LayoutText {#text} at (59,0) size 228x19
              text run at (59,0) width 228: "Horizontal Row Alignment=CENTER"
          LayoutTableSection {TBODY} at (1,21) size 344x136
            LayoutTableRow {TR} at (0,2) size 344x24
              LayoutTableCell {TH} at (2,2) size 111x24 [border: (1px inset #808080)] [r=0 c=0 rs=1 cs=1]
                LayoutText {#text} at (19,2) size 73x19
                  text run at (19,2) width 73: "row head 1"
              LayoutTableCell {TH} at (115,2) size 112x24 [border: (1px inset #808080)] [r=0 c=1 rs=1 cs=1]
                LayoutText {#text} at (20,2) size 72x19
                  text run at (20,2) width 72: "row head 2"
              LayoutTableCell {TH} at (229,2) size 113x24 [border: (1px inset #808080)] [r=0 c=2 rs=1 cs=1]
                LayoutText {#text} at (20,2) size 73x19
                  text run at (20,2) width 73: "row head 3"
            LayoutTableRow {TR} at (0,28) size 344x24
              LayoutTableCell {TD} at (2,28) size 111x24 [border: (1px inset #808080)] [r=1 c=0 rs=1 cs=1]
                LayoutText {#text} at (22,2) size 67x19
                  text run at (22,2) width 67: "row data 1"
              LayoutTableCell {TD} at (115,28) size 112x24 [border: (1px inset #808080)] [r=1 c=1 rs=1 cs=1]
                LayoutText {#text} at (23,2) size 66x19
                  text run at (23,2) width 66: "row data 2"
              LayoutTableCell {TD} at (229,28) size 113x24 [border: (1px inset #808080)] [r=1 c=2 rs=1 cs=1]
                LayoutText {#text} at (23,2) size 67x19
                  text run at (23,2) width 67: "row data 3"
            LayoutTableRow {TR} at (0,54) size 344x80 [bgcolor=#FFD700]
              LayoutTableCell {TD} at (2,54) size 340x80 [border: (1px inset #808080)] [r=2 c=0 rs=1 cs=3]
                LayoutBlockFlow (anonymous) at (2,2) size 336x60
                  LayoutInline {B} at (0,0) size 311x59
                    LayoutInline {FONT} at (0,0) size 311x59 [color=#FF0000]
                      LayoutText {#text} at (0,0) size 133x19
                        text run at (0,0) width 133: "Note: The attribute "
                      LayoutInline {FONT} at (0,0) size 125x19 [color=#0000FF]
                        LayoutText {#text} at (133,0) size 125x19
                          text run at (133,0) width 125: "ALIGN=CENTER"
                      LayoutText {#text} at (258,0) size 311x59
                        text run at (258,0) width 47: " has no"
                        text run at (0,20) width 295: "special effect on the row head since it simply"
                        text run at (0,40) width 311: "reiterates the default horizontal row alignment!"
                LayoutBlockFlow {P} at (2,78) size 336x0
                  LayoutInline {B} at (0,0) size 0x0
                    LayoutInline {FONT} at (0,0) size 0x0 [color=#FF0000]
                  LayoutText {#text} at (0,0) size 0x0
      LayoutBlockFlow {P} at (0,1201.88) size 769x76
        LayoutTable {TABLE} at (0,0) size 346x76 [bgcolor=#FFE4C4] [border: (1px outset #808080)]
          LayoutBlockFlow {CAPTION} at (0,0) size 346x20
            LayoutText {#text} at (66,0) size 214x19
              text run at (66,0) width 214: "Horizontal Row Alignment=RIGHT"
          LayoutTableSection {TBODY} at (1,21) size 344x54
            LayoutTableRow {TR} at (0,2) size 344x24
              LayoutTableCell {TH} at (2,2) size 112x24 [border: (1px inset #808080)] [r=0 c=0 rs=1 cs=1]
                LayoutText {#text} at (38,2) size 72x19
                  text run at (38,2) width 72: "row head 1"
              LayoutTableCell {TH} at (116,2) size 112x24 [border: (1px inset #808080)] [r=0 c=1 rs=1 cs=1]
                LayoutText {#text} at (38,2) size 72x19
                  text run at (38,2) width 72: "row head 2"
              LayoutTableCell {TH} at (230,2) size 112x24 [border: (1px inset #808080)] [r=0 c=2 rs=1 cs=1]
                LayoutText {#text} at (38,2) size 72x19
                  text run at (38,2) width 72: "row head 3"
            LayoutTableRow {TR} at (0,28) size 344x24
              LayoutTableCell {TD} at (2,28) size 112x24 [border: (1px inset #808080)] [r=1 c=0 rs=1 cs=1]
                LayoutText {#text} at (44,2) size 66x19
                  text run at (44,2) width 66: "row data 1"
              LayoutTableCell {TD} at (116,28) size 112x24 [border: (1px inset #808080)] [r=1 c=1 rs=1 cs=1]
                LayoutText {#text} at (44,2) size 66x19
                  text run at (44,2) width 66: "row data 2"
              LayoutTableCell {TD} at (230,28) size 112x24 [border: (1px inset #808080)] [r=1 c=2 rs=1 cs=1]
                LayoutText {#text} at (44,2) size 66x19
                  text run at (44,2) width 66: "row data 3"
      LayoutBlockFlow {P} at (0,1293.88) size 769x0
      LayoutBlockFlow {HR} at (0,1293.88) size 769x2 [border: (1px inset #EEEEEE)]
      LayoutBlockFlow (anonymous) at (0,1303.88) size 769x20
        LayoutImage {IMG} at (0,2) size 13x13
        LayoutText {#text} at (13,0) size 120x19
          text run at (13,0) width 120: " Created 9/9/96 by "
        LayoutInline {A} at (0,0) size 77x19 [color=#0000EE]
          LayoutText {#text} at (133,0) size 77x19
            text run at (133,0) width 77: "Ronald Greti"
        LayoutBR {BR} at (210,15) size 0x0
      LayoutBlockFlow {P} at (0,1339.88) size 769x20
        LayoutBR {BR} at (0,0) size 0x19
      LayoutBlockFlow {P} at (0,1375.88) size 769x0
