layer at (0,0) size 800x600
  LayoutView at (0,0) size 800x600
layer at (0,0) size 800x94
  LayoutBlockFlow {HTML} at (0,0) size 800x94
    LayoutBlockFlow {BODY} at (8,13) size 784x73
      LayoutBlockFlow {PRE} at (0,0) size 784x20 [border: (2px solid #008000)]
        LayoutText {#text} at (2,2) size 136x16
          text run at (2,2) width 136: "I am on one line."
          text run at (138,2) width 0: " "
      LayoutBlockFlow {DIV} at (0,33) size 784x40 [border: (2px solid #008000)]
        LayoutText {#text} at (2,2) size 772x35
          text run at (2,2) width 0: " "
          text run at (2,20) width 772: "This div is two lines.  The newline right after the tag opened is significant and is honored by Firefox and Opera (and us)."
          text run at (773,20) width 1: " "
