layer at (0,0) size 800x600
  LayoutView at (0,0) size 800x600
layer at (0,0) size 800x600
  LayoutBlockFlow {HTML} at (0,0) size 800x600
    LayoutBlockFlow {BODY} at (8,8) size 784x576
      LayoutBlockFlow (anonymous) at (0,0) size 784x40
        LayoutText {#text} at (0,0) size 747x39
          text run at (0,0) width 454: "This tests whether alt text is shown for image-type form input elements with "
          text run at (454,0) width 293: "no src attribute. You should see \"Success\" twice,"
          text run at (0,20) width 173: "followed by a blue rectangle."
      LayoutBlockFlow {P} at (0,56) size 784x0
      LayoutBlockFlow {FORM} at (0,56) size 784x97
        LayoutBlockFlow {INPUT} at (0,0) size 55x20
        LayoutBR {BR} at (55,20) size 0x0
        LayoutBlockFlow {INPUT} at (0,20) size 102x52 [border: (1px solid #000000)]
        LayoutBR {BR} at (102,71) size 0x0
        LayoutImage {INPUT} at (0,72) size 75x25
        LayoutBR {BR} at (75,97) size 0x0
layer at (8,64) size 55x20 clip at (9,65) size 53x18
  LayoutBlockFlow {DIV} at (0,0) size 55x20 [border: (1px solid #C0C0C0)]
layer at (10,66) size 51x16
  LayoutBlockFlow {DIV} at (2,2) size 51x16
    LayoutText {#text} at (0,0) size 51x16
      text run at (0,0) width 51: "Success"
layer at (9,85) size 100x50 clip at (10,86) size 98x48
  LayoutBlockFlow {DIV} at (1,1) size 100x50 [border: (1px solid #C0C0C0)]
layer at (11,87) size 96x16
  LayoutBlockFlow {DIV} at (2,2) size 96x16
    LayoutText {#text} at (0,0) size 51x16
      text run at (0,0) width 51: "Success"
