layer at (0,0) size 800x600
  LayoutView at (0,0) size 800x600
layer at (0,0) size 800x480
  LayoutBlockFlow {HTML} at (0,0) size 800x480
    LayoutBlockFlow {BODY} at (8,16) size 784x448
      LayoutBlockFlow {P} at (0,0) size 784x18
        LayoutText {#text} at (0,0) size 515x17
          text run at (0,0) width 515: "The following two columns should be pixel perfect identical with no red visible."
      LayoutTable {TABLE} at (0,34) size 80x380 [border: (3px solid #000000)]
        LayoutTableSection {TBODY} at (3,3) size 74x374
          LayoutTableRow {TR} at (0,0) size 74x374
            LayoutTableCell {TD} at (0,0) size 37x374 [bgcolor=#FFA500] [r=0 c=0 rs=1 cs=1]
              LayoutBlockFlow (anonymous) at (0,0) size 37x0
                LayoutInline {SPAN} at (0,0) size 0x0
              LayoutBlockFlow (anonymous) at (0,50) size 37x274
                LayoutBlockFlow {DIV} at (0,0) size 37x274 [bgcolor=#0000FF]
                  LayoutBlockFlow (anonymous) at (0,0) size 37x0
                    LayoutInline {SPAN} at (0,0) size 0x0
                  LayoutBlockFlow (anonymous) at (0,0) size 37x58
                    LayoutBlockFlow {DIV} at (0,0) size 37x58 [bgcolor=#FF0000]
                      LayoutBlockFlow (anonymous) at (0,0) size 37x0
                        LayoutInline {SPAN} at (0,0) size 0x0
                      LayoutBlockFlow (anonymous) at (0,0) size 37x58
                        LayoutBlockFlow {DIV} at (0,0) size 37x58 [bgcolor=#FF0000]
                          LayoutBlockFlow (anonymous) at (0,0) size 37x0
                            LayoutInline {SPAN} at (0,0) size 0x0
                          LayoutBlockFlow (anonymous) at (0,0) size 37x58
                            LayoutBlockFlow {DIV} at (0,0) size 37x58 [bgcolor=#FFFF00]
                              LayoutText {#text} at (0,1) size 37x56
                                text run at (0,1) width 37: "A"
                          LayoutBlockFlow (anonymous) at (0,108) size 37x0
                            LayoutInline {SPAN} at (0,0) size 0x0
                      LayoutBlockFlow (anonymous) at (0,108) size 37x0
                        LayoutInline {SPAN} at (0,0) size 0x0
                          LayoutInline {SPAN} at (0,0) size 0x0
                      LayoutBlockFlow (anonymous) at (0,108) size 37x0
                        LayoutBlockFlow {DIV} at (0,0) size 37x0 [bgcolor=#FF0000]
                      LayoutBlockFlow (anonymous) at (0,108) size 37x0
                        LayoutInline {SPAN} at (0,0) size 0x0
                          LayoutInline {SPAN} at (0,0) size 0x0
                  LayoutBlockFlow (anonymous) at (0,108) size 37x0
                    LayoutInline {SPAN} at (0,0) size 0x0
                    LayoutText {#text} at (0,0) size 0x0
                    LayoutInline {SPAN} at (0,0) size 0x0
                  LayoutBlockFlow (anonymous) at (0,108) size 37x0
                    LayoutBlockFlow {DIV} at (0,0) size 37x0 [bgcolor=#FF0000]
                  LayoutBlockFlow (anonymous) at (0,108) size 37x0
                    LayoutInline {SPAN} at (0,0) size 0x0
                    LayoutText {#text} at (0,0) size 0x0
                    LayoutInline {SPAN} at (0,0) size 0x0
                  LayoutBlockFlow (anonymous) at (0,108) size 37x0
                    LayoutBlockFlow {DIV} at (0,0) size 37x0 [bgcolor=#FF0000]
                      LayoutBlockFlow (anonymous) at (0,0) size 37x0
                        LayoutInline {SPAN} at (0,0) size 0x0
                      LayoutBlockFlow (anonymous) at (0,0) size 37x0
                        LayoutBlockFlow {DIV} at (0,0) size 37x0 [bgcolor=#FF0000]
                      LayoutBlockFlow (anonymous) at (0,0) size 37x0
                        LayoutInline {SPAN} at (0,0) size 0x0
                  LayoutBlockFlow (anonymous) at (0,108) size 37x0
                    LayoutInline {SPAN} at (0,0) size 0x0
                    LayoutText {#text} at (0,0) size 0x0
                    LayoutInline {SPAN} at (0,0) size 0x0
                  LayoutBlockFlow (anonymous) at (0,108) size 37x58
                    LayoutBlockFlow {DIV} at (0,0) size 37x58 [bgcolor=#FF0000]
                      LayoutBlockFlow (anonymous) at (0,0) size 37x0
                        LayoutInline {SPAN} at (0,0) size 0x0
                      LayoutBlockFlow (anonymous) at (0,0) size 37x58
                        LayoutBlockFlow {DIV} at (0,0) size 37x58 [bgcolor=#00FF00]
                          LayoutBlockFlow (anonymous) at (0,0) size 37x0
                            LayoutInline {SPAN} at (0,0) size 0x0
                          LayoutBlockFlow (anonymous) at (0,0) size 37x0
                            LayoutBlockFlow {DIV} at (0,0) size 37x0 [bgcolor=#FF0000]
                          LayoutBlockFlow (anonymous) at (0,0) size 37x58
                            LayoutInline {SPAN} at (0,0) size 0x0
                            LayoutText {#text} at (0,1) size 34x56
                              text run at (0,1) width 34: "B"
                      LayoutBlockFlow (anonymous) at (0,108) size 37x0
                        LayoutInline {SPAN} at (0,0) size 0x0
                  LayoutBlockFlow (anonymous) at (0,216) size 37x0
                    LayoutInline {SPAN} at (0,0) size 0x0
                    LayoutText {#text} at (0,0) size 0x0
                    LayoutInline {SPAN} at (0,0) size 0x0
                  LayoutBlockFlow (anonymous) at (0,216) size 37x58
                    LayoutBlockFlow {DIV} at (0,0) size 37x58 [bgcolor=#00FFFF]
                      LayoutText {#text} at (0,1) size 34x56
                        text run at (0,1) width 34: "C"
                  LayoutBlockFlow (anonymous) at (0,324) size 37x0
                    LayoutInline {SPAN} at (0,0) size 0x0
                    LayoutText {#text} at (0,0) size 0x0
              LayoutBlockFlow (anonymous) at (0,374) size 37x0
                LayoutInline {SPAN} at (0,0) size 0x0
                LayoutText {#text} at (0,0) size 0x0
            LayoutTableCell {TD} at (37,0) size 37x374 [bgcolor=#FFA500] [r=0 c=1 rs=1 cs=1]
              LayoutBlockFlow {DIV} at (0,50) size 37x274 [bgcolor=#0000FF]
                LayoutBlockFlow {DIV} at (0,0) size 37x58 [bgcolor=#FFFF00]
                  LayoutText {#text} at (0,1) size 37x56
                    text run at (0,1) width 37: "A"
                LayoutBlockFlow {DIV} at (0,108) size 37x58 [bgcolor=#00FF00]
                  LayoutText {#text} at (0,1) size 34x56
                    text run at (0,1) width 34: "B"
                LayoutBlockFlow {DIV} at (0,216) size 37x58 [bgcolor=#00FFFF]
                  LayoutText {#text} at (0,1) size 34x56
                    text run at (0,1) width 34: "C"
      LayoutBlockFlow {P} at (0,430) size 784x18
        LayoutText {#text} at (0,0) size 266x17
          text run at (0,0) width 266: "This test is meaningless if you don't pass "
        LayoutInline {A} at (0,0) size 51x17 [color=#0000EE]
          LayoutText {#text} at (265,0) size 51x17
            text run at (265,0) width 51: "test 006"
        LayoutText {#text} at (315,0) size 5x17
          text run at (315,0) width 5: "."
