layer at (0,0) size 800x600
  LayoutView at (0,0) size 800x600
layer at (0,0) size 800x341
  LayoutBlockFlow {HTML} at (0,0) size 800x341
    LayoutBlockFlow {BODY} at (8,8) size 784x325
      LayoutBlockFlow (anonymous) at (0,0) size 784x245
        LayoutText {#text} at (0,0) size 0x0
      LayoutBlockFlow {DIV} at (0,245) size 784x80
        LayoutInline {SPAN} at (0,0) size 349x19
          LayoutText {#text} at (0,0) size 349x19
            text run at (0,0) width 349: "Rendering vertical line-positioned cues with Japanese text."
          LayoutBR {BR} at (349,0) size 0x19
        LayoutInline {SPAN} at (0,0) size 151x19
          LayoutText {#text} at (0,20) size 151x19
            text run at (0,20) width 151: "EVENT(canplaythrough)"
          LayoutBR {BR} at (151,20) size 0x19
        LayoutInline {SPAN} at (0,0) size 103x19
          LayoutText {#text} at (0,40) size 103x19
            text run at (0,40) width 103: "EVENT(seeked)"
          LayoutBR {BR} at (103,40) size 0x19
        LayoutInline {SPAN} at (0,0) size 97x19
          LayoutText {#text} at (0,60) size 97x19
            text run at (0,60) width 97: "END OF TEST"
          LayoutBR {BR} at (97,60) size 0x19
layer at (8,8) size 320x240
  LayoutVideo {VIDEO} at (0,0) size 320x240
layer at (8,8) size 320x240
  LayoutBlockFlow (relative positioned) {DIV} at (0,0) size 320x240 [color=#FFFFFF]
layer at (12,8) size 15x240 scrollX 2.00 scrollWidth 17
  LayoutBlockFlow (positioned) {DIV} at (4,0) size 15x240
    LayoutInline {DIV} at (0,0) size 19x116 [bgcolor=#000000CC]
      LayoutText {#text} at (0,64) size 15x112
        text run at (0,64) width 111: "Cue 1: \x{79C1}\x{306F}\x{7ACB}\x{6D3E}\x{306A}\x{4EBA}"
layer at (31,8) size 15x240 scrollX 2.00 scrollWidth 17
  LayoutBlockFlow (positioned) {DIV} at (23,0) size 15x240
    LayoutInline {DIV} at (0,0) size 19x116 [bgcolor=#000000CC]
      LayoutText {#text} at (0,64) size 15x112
        text run at (0,64) width 111: "Cue 2: \x{79C1}\x{306F}\x{7ACB}\x{6D3E}\x{306A}\x{4EBA}"
layer at (256,8) size 15x240 scrollX 2.00 scrollWidth 17
  LayoutBlockFlow (positioned) {DIV} at (248,0) size 15x240
    LayoutInline {DIV} at (0,0) size 19x116 [bgcolor=#000000CC]
      LayoutText {#text} at (0,64) size 15x112
        text run at (0,64) width 111: "Cue 3: \x{79C1}\x{306F}\x{7ACB}\x{6D3E}\x{306A}\x{4EBA}"
layer at (237,8) size 15x240 scrollX 2.00 scrollWidth 17
  LayoutBlockFlow (positioned) {DIV} at (229,0) size 15x240
    LayoutInline {DIV} at (0,0) size 19x116 [bgcolor=#000000CC]
      LayoutText {#text} at (0,64) size 15x112
        text run at (0,64) width 111: "Cue 4: \x{79C1}\x{306F}\x{7ACB}\x{6D3E}\x{306A}\x{4EBA}"
layer at (309,8) size 15x240 scrollWidth 17
  LayoutBlockFlow (positioned) {DIV} at (301,0) size 15x240
    LayoutInline {DIV} at (0,0) size 19x116 [bgcolor=#000000CC]
      LayoutText {#text} at (0,64) size 15x112
        text run at (0,64) width 111: "Cue 5: \x{79C1}\x{306F}\x{7ACB}\x{6D3E}\x{306A}\x{4EBA}"
layer at (290,8) size 15x240 scrollWidth 17
  LayoutBlockFlow (positioned) {DIV} at (282,0) size 15x240
    LayoutInline {DIV} at (0,0) size 19x116 [bgcolor=#000000CC]
      LayoutText {#text} at (0,64) size 15x112
        text run at (0,64) width 111: "Cue 6: \x{79C1}\x{306F}\x{7ACB}\x{6D3E}\x{306A}\x{4EBA}"
layer at (8,8) size 320x240
  LayoutFlexibleBox (relative positioned) {DIV} at (0,0) size 320x240
    LayoutBlockFlow {DIV} at (0,205) size 320x35
layer at (8,8) size 320x205
  LayoutFlexibleBox (relative positioned) {DIV} at (0,0) size 320x205
