layer at (0,0) size 800x600
  LayoutView at (0,0) size 800x600
layer at (0,0) size 800x600
  LayoutBlockFlow {HTML} at (0,0) size 800x600
    LayoutBlockFlow {BODY} at (8,8) size 784x576
      LayoutBlockFlow {P} at (0,0) size 784x20
        LayoutText {#text} at (0,0) size 51x19
          text run at (0,0) width 51: "Test for "
        LayoutInline {I} at (0,0) size 628x19
          LayoutInline {A} at (0,0) size 305x19 [color=#0000EE]
            LayoutText {#text} at (51,0) size 305x19
              text run at (51,0) width 305: "http://bugs.webkit.org/show_bug.cgi?id=11930"
          LayoutText {#text} at (356,0) size 323x19
            text run at (356,0) width 4: " "
            text run at (360,0) width 319: "Specifying border-radius makes the outline shrink"
        LayoutText {#text} at (679,0) size 4x19
          text run at (679,0) width 4: "."
      LayoutBlockFlow {P} at (0,36) size 784x20
        LayoutText {#text} at (0,0) size 261x19
          text run at (0,0) width 261: "These two squares should be the same size:"
      LayoutBlockFlow (anonymous) at (0,72) size 784x20
        LayoutBlockFlow {DIV} at (0,5) size 10x10
        LayoutText {#text} at (10,0) size 4x19
          text run at (10,0) width 4: " "
        LayoutBlockFlow {DIV} at (14,5) size 10x10
        LayoutText {#text} at (0,0) size 0x0
      LayoutBlockFlow {P} at (0,108) size 784x0
