layer at (0,0) size 800x600 clip at (0,0) size 785x600 scrollHeight 1654
  LayoutView at (0,0) size 800x600
layer at (0,0) size 785x1654 backgroundClip at (0,0) size 785x600 clip at (0,0) size 785x600
  LayoutBlockFlow {HTML} at (0,0) size 785x1654
    LayoutBlockFlow {BODY} at (8,16) size 769x1590 [bgcolor=#FFFFFF]
      LayoutBlockFlow {P} at (0,0) size 769x19
        LayoutText {#text} at (0,0) size 162x18
          text run at (0,0) width 162: "This page is part of the "
        LayoutInline {A} at (0,0) size 72x18 [color=#0000EE]
          LayoutText {#text} at (162,0) size 72x18
            text run at (162,0) width 72: "CSS3.info"
        LayoutText {#text} at (234,0) size 4x18
          text run at (234,0) width 4: " "
        LayoutInline {A} at (0,0) size 130x18 [color=#0000EE]
          LayoutText {#text} at (238,0) size 130x18
            text run at (238,0) width 130: "CSS selectors test"
        LayoutText {#text} at (368,0) size 131x18
          text run at (368,0) width 131: ". See more info on "
        LayoutInline {A} at (0,0) size 110x18 [color=#0000EE]
          LayoutText {#text} at (499,0) size 110x18
            text run at (499,0) width 110: "CSS3 selectors"
        LayoutText {#text} at (609,0) size 4x18
          text run at (609,0) width 4: "."
      LayoutBlockFlow {DIV} at (0,35) size 769x0 [bgcolor=#009900]
      LayoutBlockFlow {OL} at (0,35) size 769x1555
        LayoutListItem {LI} at (40,0) size 615.19x200 [bgcolor=#AAAAAA]
          LayoutBlockFlow {DIV} at (16,16) size 583.19x24 [bgcolor=#990000]
            LayoutBlockFlow {DIV} at (0,0) size 583.19x24 [bgcolor=#009900]
          LayoutBlockFlow {PRE} at (16,53) size 583.19x80 [bgcolor=#FFFFFF]
            LayoutListMarker (anonymous) at (-33,6.50) size 17x18: "1"
            LayoutText {#text} at (6,9) size 89x65
              text run at (6,9) width 65: ":empty {"
              text run at (70,9) width 1: " "
              text run at (6,26) width 9: "}"
              text run at (14,26) width 1: " "
              text run at (6,42) width 1: " "
              text run at (6,58) width 89: "<div></div>"
          LayoutBlockFlow {P} at (16,149) size 583.19x19
            LayoutText {#text} at (0,0) size 468x18
              text run at (0,0) width 468: "The CSS selector should match the div element, because it is empty"
        LayoutListItem {LI} at (40,248) size 615.19x200 [bgcolor=#AAAAAA]
          LayoutBlockFlow {DIV} at (16,16) size 583.19x24 [bgcolor=#990000]
            LayoutBlockFlow {DIV} at (0,0) size 583.19x24 [bgcolor=#009900]
          LayoutBlockFlow {PRE} at (16,53) size 583.19x80 [bgcolor=#FFFFFF]
            LayoutListMarker (anonymous) at (-33,6.50) size 17x18: "2"
            LayoutText {#text} at (6,9) size 273x65
              text run at (6,9) width 65: ":empty {"
              text run at (70,9) width 1: " "
              text run at (6,26) width 9: "}"
              text run at (14,26) width 1: " "
              text run at (6,42) width 1: " "
              text run at (6,58) width 273: "<div><!-- Just a comment --></div>"
          LayoutBlockFlow {P} at (16,149) size 583.19x19
            LayoutText {#text} at (0,0) size 468x18
              text run at (0,0) width 468: "The CSS selector should match the div element, because it is empty"
        LayoutListItem {LI} at (40,496) size 615.19x200 [bgcolor=#AAAAAA]
          LayoutBlockFlow {DIV} at (16,16) size 583.19x24 [bgcolor=#009900]
            LayoutBlockFlow {DIV} at (0,0) size 583.19x24
          LayoutBlockFlow {PRE} at (16,53) size 583.19x80 [bgcolor=#FFFFFF]
            LayoutListMarker (anonymous) at (-33,6.50) size 17x18: "3"
            LayoutText {#text} at (6,9) size 97x65
              text run at (6,9) width 65: ":empty {"
              text run at (70,9) width 1: " "
              text run at (6,26) width 9: "}"
              text run at (14,26) width 1: " "
              text run at (6,42) width 1: " "
              text run at (6,58) width 97: "<div> </div>"
          LayoutBlockFlow {P} at (16,149) size 583.19x19
            LayoutText {#text} at (0,0) size 518x18
              text run at (0,0) width 518: "The CSS selector should not match the div element, because it is not empty"
        LayoutListItem {LI} at (40,744) size 615.19x248 [bgcolor=#AAAAAA]
          LayoutBlockFlow {DIV} at (16,16) size 583.19x43 [bgcolor=#009900]
            LayoutBlockFlow {DIV} at (0,0) size 583.19x43
              LayoutListMarker (anonymous) at (-33,12) size 17x18: "4"
              LayoutText {#text} at (12,12) size 4x18
                text run at (12,12) width 4: "."
          LayoutBlockFlow {PRE} at (16,72) size 583.19x109 [bgcolor=#FFFFFF]
            LayoutText {#text} at (6,7) size 225x96
              text run at (6,7) width 65: ":empty {"
              text run at (70,7) width 1: " "
              text run at (6,23) width 9: "}"
              text run at (14,23) width 1: " "
              text run at (6,39) width 1: " "
              text run at (6,55) width 49: "<div> "
              text run at (54,55) width 1: " "
              text run at (6,71) width 225: "   How about regular text..."
              text run at (230,71) width 1: " "
              text run at (6,87) width 49: "</div>"
          LayoutBlockFlow {P} at (16,197) size 583.19x19
            LayoutText {#text} at (0,0) size 518x18
              text run at (0,0) width 518: "The CSS selector should not match the div element, because it is not empty"
        LayoutListItem {LI} at (40,1040) size 615.19x200 [bgcolor=#AAAAAA]
          LayoutBlockFlow {DIV} at (16,16) size 583.19x24 [bgcolor=#009900]
            LayoutBlockFlow {DIV} at (0,0) size 583.19x24
              LayoutBlockFlow {BLOCKQUOTE} at (12,12) size 559.19x0 [bgcolor=#990000]
          LayoutBlockFlow {PRE} at (16,53) size 583.19x80 [bgcolor=#FFFFFF]
            LayoutListMarker (anonymous) at (-33,6.50) size 17x18: "5"
            LayoutText {#text} at (6,9) size 289x65
              text run at (6,9) width 65: ":empty {"
              text run at (70,9) width 1: " "
              text run at (6,26) width 9: "}"
              text run at (14,26) width 1: " "
              text run at (6,42) width 1: " "
              text run at (6,58) width 289: "<div><blockquote></blockquote></div>"
          LayoutBlockFlow {P} at (16,149) size 583.19x19
            LayoutText {#text} at (0,0) size 518x18
              text run at (0,0) width 518: "The CSS selector should not match the div element, because it is not empty"
        LayoutListItem {LI} at (40,1288) size 615.19x267 [bgcolor=#AAAAAA]
          LayoutBlockFlow {DIV} at (16,16) size 583.19x24 [bgcolor=#009900]
            LayoutBlockFlow {DIV} at (0,0) size 583.19x24
              LayoutBlockFlow {DIV} at (12,12) size 559.19x0 [bgcolor=#990000]
          LayoutBlockFlow {PRE} at (16,53) size 583.19x128 [bgcolor=#FFFFFF]
            LayoutListMarker (anonymous) at (-33,6.50) size 17x18: "6"
            LayoutText {#text} at (6,9) size 385x113
              text run at (6,9) width 65: ":empty {"
              text run at (70,9) width 1: " "
              text run at (6,26) width 9: "}"
              text run at (14,26) width 1: " "
              text run at (6,42) width 1: " "
              text run at (6,58) width 225: "<div id='appendChild'></div>"
              text run at (230,58) width 1: " "
              text run at (6,74) width 1: " "
              text run at (6,90) width 385: "var ib = document.getElementById('appendChild');"
              text run at (390,90) width 1: " "
              text run at (6,106) width 369: "ib.appendChild(document.createElement(\"div\"));"
          LayoutBlockFlow {P} at (16,197) size 583.19x38
            LayoutText {#text} at (0,0) size 554x37
              text run at (0,0) width 554: "The CSS selector should not match the orignal div element, because it will not be"
              text run at (0,19) width 46: "empty "
              text run at (46,19) width 440: "anymore after the Javascript code appends a child element to it."
