layer at (0,0) size 800x600
  LayoutView at (0,0) size 800x600
layer at (0,0) size 800x600
  LayoutBlockFlow {HTML} at (0,0) size 800x600
    LayoutBlockFlow {BODY} at (8,8) size 784x584
      LayoutBlockFlow {P} at (0,0) size 784x20
        LayoutText {#text} at (0,0) size 51x19
          text run at (0,0) width 51: "Test for "
        LayoutInline {I} at (0,0) size 694x19
          LayoutInline {A} at (0,0) size 350x19 [color=#0000EE]
            LayoutText {#text} at (51,0) size 350x19
              text run at (51,0) width 350: "http://bugzilla.opendarwin.org/show_bug.cgi?id=4227"
          LayoutText {#text} at (401,0) size 344x19
            text run at (401,0) width 4: " "
            text run at (405,0) width 340: "The ex unit doesn't work for font-variant: small-caps"
        LayoutText {#text} at (745,0) size 4x19
          text run at (745,0) width 4: "."
      LayoutBlockFlow {P} at (0,36) size 784x20
        LayoutText {#text} at (0,0) size 233x19
          text run at (0,0) width 233: "There should be a green square below:"
      LayoutBlockFlow {DIV} at (0,72) size 140x140 [bgcolor=#008000]
