layer at (0,0) size 800x600
  LayoutView at (0,0) size 800x600
layer at (0,0) size 800x600
  LayoutBlockFlow {HTML} at (0,0) size 800x600
    LayoutBlockFlow {BODY} at (8,8) size 784x584
      LayoutBlockFlow {P} at (0,0) size 784x40
        LayoutText {#text} at (0,0) size 51x19
          text run at (0,0) width 51: "Test for "
        LayoutInline {I} at (0,0) size 729x39
          LayoutInline {A} at (0,0) size 350x19 [color=#0000EE]
            LayoutText {#text} at (51,0) size 350x19
              text run at (51,0) width 350: "http://bugzilla.opendarwin.org/show_bug.cgi?id=9124"
          LayoutText {#text} at (401,0) size 729x39
            text run at (401,0) width 4: " "
            text run at (405,0) width 324: "Drop shadow obscures \"add more stuff\" bubble at"
            text run at (0,20) width 54: "live.com"
        LayoutText {#text} at (54,20) size 4x19
          text run at (54,20) width 4: "."
      LayoutBlockFlow {HR} at (0,56) size 784x2 [border: (1px inset #EEEEEE)]
layer at (8,74) size 784x0
  LayoutBlockFlow (relative positioned) {DIV} at (0,66) size 784x0
layer at (8,74) size 100x100
  LayoutBlockFlow (positioned) {DIV} at (0,0) size 100x100 [bgcolor=#FF0000]
layer at (8,74) size 100x100
  LayoutBlockFlow (positioned) {DIV} at (0,0) size 100x100 [bgcolor=#008000]
layer at (8,74) size 100x0
  LayoutBlockFlow (relative positioned) {DIV} at (0,0) size 100x0
