layer at (0,0) size 800x600
  LayoutView at (0,0) size 800x600
layer at (0,0) size 800x600
  LayoutBlockFlow {HTML} at (0,0) size 800x600
    LayoutBlockFlow {BODY} at (8,8) size 784x576
      LayoutBlockFlow {P} at (0,0) size 784x40
        LayoutText {#text} at (0,0) size 51x19
          text run at (0,0) width 51: "Test for "
        LayoutInline {I} at (0,0) size 732x39
          LayoutInline {A} at (0,0) size 350x19 [color=#0000EE]
            LayoutText {#text} at (51,0) size 350x19
              text run at (51,0) width 350: "http://bugzilla.opendarwin.org/show_bug.cgi?id=3560"
          LayoutText {#text} at (401,0) size 732x39
            text run at (401,0) width 331: " page with use of first-letter crashes reproducibly in"
            text run at (0,20) width 189: "LayoutObject::renderArena()"
        LayoutText {#text} at (189,20) size 4x19
          text run at (189,20) width 4: "."
      LayoutBlockFlow {P} at (0,56) size 784x20
        LayoutText {#text} at (0,0) size 217x19
          text run at (0,0) width 217: "The next three lines should all read \x{201C}"
        LayoutInline {SPAN} at (0,0) size 9x19 [color=#0000FF]
          LayoutText {#text} at (217,0) size 9x19
            text run at (217,0) width 9: "P"
        LayoutText {#text} at (226,0) size 197x19
          text run at (226,0) width 197: "ASS\x{201D}, with nothing before the P."
      LayoutBlockFlow {HR} at (0,92) size 784x2 [border: (1px inset #EEEEEE)]
      LayoutBlockFlow {P} at (0,110) size 784x20
        LayoutInline {<pseudo:first-letter>} at (0,0) size 9x19 [color=#0000FF]
          LayoutTextFragment (anonymous) at (0,0) size 9x19
            text run at (0,0) width 9: "P"
        LayoutTextFragment {#text} at (9,0) size 29x19
          text run at (9,0) width 29: "ASS"
      LayoutBlockFlow {P} at (0,146) size 784x20
        LayoutInline {<pseudo:first-letter>} at (0,0) size 9x19 [color=#0000FF]
          LayoutTextFragment (anonymous) at (0,0) size 9x19
            text run at (0,0) width 9: "P"
        LayoutTextFragment {#text} at (9,0) size 29x19
          text run at (9,0) width 29: "ASS"
      LayoutBlockFlow {P} at (0,182) size 784x20
        LayoutInline {<pseudo:first-letter>} at (0,0) size 9x19 [color=#0000FF]
          LayoutTextFragment (anonymous) at (0,0) size 9x19
            text run at (0,0) width 9: "P"
        LayoutTextFragment {#text} at (9,0) size 29x19
          text run at (9,0) width 29: "ASS"
