layer at (0,0) size 800x600
  LayoutView at (0,0) size 800x600
layer at (0,0) size 800x600
  LayoutBlockFlow {HTML} at (0,0) size 800x600
    LayoutBlockFlow {BODY} at (8,8) size 784x576
      LayoutBlockFlow {P} at (0,0) size 784x40
        LayoutText {#text} at (0,0) size 51x19
          text run at (0,0) width 51: "Test for "
        LayoutInline {I} at (0,0) size 666x39
          LayoutInline {A} at (0,0) size 305x19 [color=#0000EE]
            LayoutText {#text} at (51,0) size 305x19
              text run at (51,0) width 305: "http://bugs.webkit.org/show_bug.cgi?id=14545"
          LayoutText {#text} at (356,0) size 666x39
            text run at (356,0) width 4: " "
            text run at (360,0) width 306: "REGRESSION (r21854-r21869): Repro crash in"
            text run at (0,20) width 355: "LayoutBlockFlow::updateFirstLetter @ nola.com/rose/"
        LayoutText {#text} at (355,20) size 4x19
          text run at (355,20) width 4: "."
      LayoutBlockFlow {P} at (0,56) size 784x20
        LayoutText {#text} at (0,0) size 229x19
          text run at (0,0) width 229: "The following lines should be identical:"
      LayoutBlockFlow {DIV} at (0,92) size 784x20
        LayoutInline {<pseudo:first-letter>} at (0,0) size 9x19 [color=#008000]
          LayoutTextFragment (anonymous) at (0,0) size 9x19
            text run at (0,0) width 9: "L"
        LayoutTextFragment {#text} at (9,0) size 72x19
          text run at (9,0) width 72: "orem Ipsum"
      LayoutBlockFlow {P} at (0,128) size 784x20
        LayoutInline {SPAN} at (0,0) size 9x19 [color=#008000]
          LayoutText {#text} at (0,0) size 9x19
            text run at (0,0) width 9: "L"
        LayoutText {#text} at (9,0) size 72x19
          text run at (9,0) width 72: "orem Ipsum"
