layer at (0,0) size 800x600
  LayoutView at (0,0) size 800x600
layer at (0,0) size 800x600
  LayoutBlockFlow {HTML} at (0,0) size 800x600
    LayoutBlockFlow {BODY} at (8,8) size 784x576
      LayoutBlockFlow {P} at (0,0) size 784x20
        LayoutText {#text} at (0,0) size 51x19
          text run at (0,0) width 51: "Test for "
        LayoutInline {I} at (0,0) size 719x19
          LayoutInline {A} at (0,0) size 350x19 [color=#0000EE]
            LayoutText {#text} at (51,0) size 350x19
              text run at (51,0) width 350: "http://bugzilla.opendarwin.org/show_bug.cgi?id=9341"
          LayoutText {#text} at (401,0) size 369x19
            text run at (401,0) width 4: " "
            text run at (405,0) width 365: "REGRESSION: Repro crash caused by style=\"font:bold\""
        LayoutText {#text} at (770,0) size 4x19
          text run at (770,0) width 4: "."
      LayoutBlockFlow {P} at (0,36) size 784x20
        LayoutText {#text} at (0,0) size 123x19
          text run at (0,0) width 123: "PASS (didn\x{2019}t crash)"
