layer at (0,0) size 800x600
  LayoutView at (0,0) size 800x600
layer at (0,0) size 800x600
  LayoutBlockFlow {HTML} at (0,0) size 800x600
    LayoutBlockFlow {BODY} at (8,8) size 784x576
      LayoutBlockFlow {DIV} at (0,0) size 784x20
        LayoutInline {SPAN} at (0,0) size 212x19 [color=#FF0000]
          LayoutText {#text} at (0,0) size 212x19
            text run at (0,0) width 212: "This should turn red when hovered."
        LayoutText {#text} at (0,0) size 0x0
      LayoutBlockFlow {HR} at (0,28) size 784x2 [border: (1px inset #EEEEEE)]
      LayoutBlockFlow {P} at (0,46) size 784x40
        LayoutText {#text} at (0,0) size 51x19
          text run at (0,0) width 51: "Test for "
        LayoutInline {I} at (0,0) size 780x39
          LayoutInline {A} at (0,0) size 350x19 [color=#0000EE]
            LayoutText {#text} at (51,0) size 350x19
              text run at (51,0) width 350: "http://bugzilla.opendarwin.org/show_bug.cgi?id=7327"
          LayoutText {#text} at (401,0) size 780x39
            text run at (401,0) width 379: " REGRESSION (r12869): :hover subselector does not work"
            text run at (0,20) width 95: "in quirks mode"
        LayoutText {#text} at (95,20) size 94x19
          text run at (95,20) width 94: ". This tests that "
        LayoutInline {CODE} at (0,0) size 96x16
          LayoutText {#text} at (189,23) size 96x16
            text run at (189,23) width 96: "span#t:hover"
        LayoutText {#text} at (285,20) size 164x19
          text run at (285,20) width 164: " matches the hovered span."
