layer at (0,0) size 800x600
  LayoutView at (0,0) size 800x600
layer at (0,0) size 800x228
  LayoutBlockFlow {HTML} at (0,0) size 800x228
    LayoutBlockFlow {BODY} at (8,16) size 784x204
      LayoutBlockFlow {P} at (0,0) size 784x20
        LayoutText {#text} at (0,0) size 766x19
          text run at (0,0) width 576: "The word 'PASS' should be seen below on the right hand side, inside a rounded box with black "
          text run at (575,0) width 191: "border and yellow background."
layer at (8,52) size 784x168
  LayoutBlockFlow {DIV} at (0,36) size 784x168
    LayoutMultiColumnSet (anonymous) at (0,0) size 784x168
layer at (8,52) size 392x264
  LayoutMultiColumnFlowThread (anonymous) at (0,0) size 392x264
    LayoutBlockFlow (anonymous) at (0,0) size 392x200
      LayoutBR {BR} at (0,6) size 0x19
      LayoutBR {BR} at (0,38) size 0x19
      LayoutBR {BR} at (0,70) size 0x19
      LayoutBR {BR} at (0,102) size 0x19
      LayoutBR {BR} at (0,134) size 0x19
      LayoutBR {BR} at (0,174) size 0x19
layer at (8,252) size 392x64 clip at (24,268) size 360x32
  LayoutBlockFlow (relative positioned) {DIV} at (0,200) size 392x64 [bgcolor=#FFFF00] [border: (16px solid #000000)]
    LayoutText {#text} at (177,22) size 38x19
      text run at (177,22) width 38: "PASS"
