layer at (0,0) size 800x600
  LayoutView at (0,0) size 800x600
layer at (0,0) size 800x600
  LayoutBlockFlow {HTML} at (0,0) size 800x600
    LayoutBlockFlow {BODY} at (8,8) size 784x584
      LayoutTable {TABLE} at (0,0) size 600x280 [bgcolor=#FFC0CB]
        LayoutTableSection {TBODY} at (0,0) size 600x280
          LayoutTableRow {TR} at (0,0) size 600x18
            LayoutTableCell {TD} at (0,0) size 600x18 [bgcolor=#FFFF00] [r=0 c=0 rs=1 cs=3]
              LayoutText {#text} at (0,0) size 8x17
                text run at (0,0) width 8: "1"
          LayoutTableRow {TR} at (0,18) size 600x18
            LayoutTableCell {TD} at (0,18) size 600x18 [bgcolor=#FF0000] [r=1 c=0 rs=1 cs=3]
              LayoutText {#text} at (0,0) size 8x17
                text run at (0,0) width 8: "2"
          LayoutTableRow {TR} at (0,36) size 600x0
            LayoutTableCell {TD} at (0,36) size 155x18 [bgcolor=#00FFFF] [r=2 c=0 rs=40 cs=1]
              LayoutText {#text} at (0,0) size 8x17
                text run at (0,0) width 8: "3"
          LayoutTableRow {TR} at (0,36) size 600x28
            LayoutTableCell {TD} at (155,36) size 445x28 [bgcolor=#FFA500] [r=3 c=1 rs=1 cs=1]
              LayoutTable {TABLE} at (0,0) size 440x28
                LayoutTableSection {TBODY} at (0,0) size 440x28
                  LayoutTableRow {TR} at (0,2) size 440x24
                    LayoutTableCell {TD} at (2,2) size 217x24 [r=0 c=0 rs=1 cs=1]
                      LayoutButton {INPUT} at (1,1) size 102x22 [bgcolor=#C0C0C0] [border: (2px outset #C0C0C0)]
                        LayoutBlockFlow (anonymous) at (8,3) size 86x16
                          LayoutText {#text} at (0,0) size 86x16
                            text run at (0,0) width 86: "Submit Criteria"
                    LayoutTableCell {TD} at (221,4) size 217x20 [r=0 c=1 rs=1 cs=1]
                      LayoutText {#text} at (1,1) size 8x17
                        text run at (1,1) width 8: "4"
          LayoutTableRow {TR} at (0,64) size 600x18
            LayoutTableCell {TD} at (155,64) size 445x18 [bgcolor=#FF0000] [r=4 c=1 rs=1 cs=1]
              LayoutText {#text} at (0,0) size 8x17
                text run at (0,0) width 8: "5"
          LayoutTableRow {TR} at (0,82) size 600x36
            LayoutTableCell {TD} at (155,82) size 445x36 [bgcolor=#FFFF00] [r=5 c=1 rs=1 cs=1]
              LayoutText {#text} at (0,0) size 436x35
                text run at (0,0) width 263: "If you have entered your feature criteria, "
                text run at (262,0) width 174: "press the \"Submit Criteria\""
                text run at (0,18) width 88: "button above."
          LayoutTableRow {TR} at (0,118) size 600x18
            LayoutTableCell {TD} at (155,118) size 445x18 [bgcolor=#D3D3D3] [r=6 c=1 rs=1 cs=1]
              LayoutText {#text} at (0,0) size 8x17
                text run at (0,0) width 8: "6"
          LayoutTableRow {TR} at (0,136) size 600x54
            LayoutTableCell {TD} at (155,136) size 445x54 [r=7 c=1 rs=1 cs=1]
              LayoutText {#text} at (0,0) size 433x53
                text run at (0,0) width 267: "If you want to do a radius search instead, "
                text run at (266,0) width 167: "press the \"Radius Search\""
                text run at (0,18) width 49: "button. "
                text run at (48,18) width 287: "This will allow you to select a starting point "
                text run at (334,18) width 71: "and enter a"
                text run at (0,36) width 204: "radius with new feature criteria."
          LayoutTableRow {TR} at (0,190) size 600x18
            LayoutTableCell {TD} at (155,190) size 445x18 [r=8 c=1 rs=1 cs=1]
              LayoutText {#text} at (0,0) size 4x17
                text run at (0,0) width 4: " "
          LayoutTableRow {TR} at (0,208) size 600x72
            LayoutTableCell {TD} at (155,208) size 445x72 [r=9 c=1 rs=1 cs=1]
              LayoutText {#text} at (0,0) size 419x71
                text run at (0,0) width 419: "All information provided is deemed reliable but is not guaranteed"
                text run at (0,18) width 93: "and should be "
                text run at (92,18) width 292: "independently verified. The price shown may"
                text run at (0,36) width 206: "represent the top or bottom of a "
                text run at (205,36) width 168: "price range listing and not"
                text run at (0,54) width 193: "necessarily a fixed price offer."
