layer at (0,0) size 800x600
  LayoutView at (0,0) size 800x600
layer at (0,0) size 800x600
  LayoutBlockFlow {HTML} at (0,0) size 800x600
    LayoutBlockFlow {BODY} at (8,8) size 784x584
      LayoutBlockFlow {P} at (0,0) size 784x54
        LayoutText {#text} at (0,0) size 759x35
          text run at (0,0) width 759: "(1) Table with 2 columns. Relative width value for first column is \"1*\" and for column 2 is \"3*\". Table width is 100%."
          text run at (0,18) width 749: "The first column should span 1/4 of the window width and the second column should span 3/4 of the window width. "
        LayoutInline {B} at (0,0) size 769x35
          LayoutText {#text} at (748,18) size 769x35
            text run at (748,18) width 21: "5.0"
            text run at (0,36) width 150: "renders this correctly."
      LayoutTable {TABLE} at (0,70) size 784x28 [border: (1px outset #808080)]
        LayoutTableCol {COLGROUP} at (0,0) size 0x0
          LayoutTableCol {COL} at (0,0) size 0x0
          LayoutTableCol {COL} at (0,0) size 0x0
        LayoutTableSection {TBODY} at (1,1) size 782x26
          LayoutTableRow {TR} at (0,2) size 782x22
            LayoutTableCell {TD} at (2,2) size 388x22 [border: (1px inset #808080)] [r=0 c=0 rs=1 cs=1]
              LayoutText {#text} at (2,2) size 27x17
                text run at (2,2) width 27: "Test"
            LayoutTableCell {TD} at (392,2) size 388x22 [border: (1px inset #808080)] [r=0 c=1 rs=1 cs=1]
              LayoutText {#text} at (2,2) size 27x17
                text run at (2,2) width 27: "Test"
      LayoutBlockFlow (anonymous) at (0,98) size 784x36
        LayoutBR {BR} at (0,0) size 0x17
        LayoutBR {BR} at (0,18) size 0x17
      LayoutBlockFlow {P} at (0,150) size 784x36
        LayoutText {#text} at (0,0) size 773x35
          text run at (0,0) width 773: "(2) Table with 1 column. Relative width value for column is \"0*\" with table width of 100%. The column should span the"
          text run at (0,18) width 368: "minimum width necessary to hold the column's contents. "
        LayoutInline {B} at (0,0) size 64x17
          LayoutText {#text} at (367,18) size 64x17
            text run at (367,18) width 64: "Problem."
      LayoutTable {TABLE} at (0,202) size 784x28 [border: (1px outset #808080)]
        LayoutTableCol {COLGROUP} at (0,0) size 0x0
          LayoutTableCol {COL} at (0,0) size 0x0
        LayoutTableSection {TBODY} at (1,1) size 782x26
          LayoutTableRow {TR} at (0,2) size 782x22
            LayoutTableCell {TD} at (2,2) size 778x22 [border: (1px inset #808080)] [r=0 c=0 rs=1 cs=1]
              LayoutText {#text} at (2,2) size 27x17
                text run at (2,2) width 27: "Test"
      LayoutBlockFlow (anonymous) at (0,230) size 784x36
        LayoutBR {BR} at (0,0) size 0x17
        LayoutBR {BR} at (0,18) size 0x17
      LayoutBlockFlow {P} at (0,282) size 784x54
        LayoutText {#text} at (0,0) size 759x53
          text run at (0,0) width 759: "(3) Table with 2 columns. Relative width value for first column is \"0*\" and for column 2 is \"3*\". Table width is 100%."
          text run at (0,18) width 754: "The first column should span the minimum width necessary to hold the column's contents. The second column should"
          text run at (0,36) width 29: "????"
        LayoutInline {B} at (0,0) size 737x17
          LayoutText {#text} at (28,36) size 737x17
            text run at (28,36) width 737: "The first column is rendered properly, but there seems to be a problem with the width of the second column."
      LayoutTable {TABLE} at (0,352) size 784x28 [border: (1px outset #808080)]
        LayoutTableCol {COLGROUP} at (0,0) size 0x0
          LayoutTableCol {COL} at (0,0) size 0x0
          LayoutTableCol {COL} at (0,0) size 0x0
        LayoutTableSection {TBODY} at (1,1) size 782x26
          LayoutTableRow {TR} at (0,2) size 782x22
            LayoutTableCell {TD} at (2,2) size 388x22 [border: (1px inset #808080)] [r=0 c=0 rs=1 cs=1]
              LayoutText {#text} at (2,2) size 27x17
                text run at (2,2) width 27: "Test"
            LayoutTableCell {TD} at (392,2) size 388x22 [border: (1px inset #808080)] [r=0 c=1 rs=1 cs=1]
              LayoutText {#text} at (2,2) size 27x17
                text run at (2,2) width 27: "Test"
