layer at (0,0) size 800x600
  LayoutView at (0,0) size 800x600
layer at (0,0) size 800x600
  LayoutBlockFlow {HTML} at (0,0) size 800x600
    LayoutBlockFlow {BODY} at (8,8) size 784x576
      LayoutBlockFlow {FORM} at (0,0) size 784x86
        LayoutTable {TABLE} at (0,0) size 323x86 [border: (1px outset #808080)]
          LayoutTableSection {TBODY} at (1,1) size 321x84
            LayoutTableRow {TR} at (0,2) size 321x80
              LayoutTableCell {TD} at (2,2) size 317x80 [border: (1px inset #808080)] [r=0 c=0 rs=1 cs=1]
                LayoutTable {TABLE} at (2,2) size 313x76 [border: (2px outset #808080)]
                  LayoutTableSection {TBODY} at (2,2) size 309x72
                    LayoutTableRow {TR} at (0,2) size 309x40
                      LayoutTableCell {TD} at (2,2) size 88x40 [border: (1px inset #808080)] [r=0 c=0 rs=1 cs=1]
                        LayoutText {#text} at (2,2) size 57x35
                          text run at (2,2) width 55: "Member"
                          text run at (2,20) width 57: "Number:"
                      LayoutTableCell {TD} at (92,9) size 209x26 [border: (1px inset #808080)] [r=0 c=1 rs=1 cs=1]
                        LayoutTextControl {INPUT} at (2,2) size 173x22 [bgcolor=#FFFFFF] [border: (2px inset #EEEEEE)]
                        LayoutText {#text} at (0,0) size 0x0
                    LayoutTableRow {TR} at (0,44) size 309x26
                      LayoutTableCell {TD} at (2,46) size 88x22 [border: (1px inset #808080)] [r=1 c=0 rs=1 cs=1]
                        LayoutText {#text} at (2,2) size 31x17
                          text run at (2,2) width 31: "PIN:"
                      LayoutTableCell {TD} at (92,44) size 209x26 [border: (1px inset #808080)] [r=1 c=1 rs=1 cs=1]
                        LayoutTextControl {INPUT} at (2,2) size 173x22 [bgcolor=#FFFFFF] [border: (2px inset #EEEEEE)]
                        LayoutText {#text} at (0,0) size 0x0
                      LayoutTableCell {TD} at (303,55) size 4x4 [border: (1px inset #808080)] [r=1 c=2 rs=1 cs=1]
layer at (111,29) size 169x16
  LayoutBlockFlow {DIV} at (2,3) size 169x16
layer at (111,64) size 169x16
  LayoutBlockFlow {DIV} at (2,3) size 169x16
