layer at (0,0) size 800x600
  LayoutView at (0,0) size 800x600
layer at (0,0) size 800x600
  LayoutBlockFlow {HTML} at (0,0) size 800x600
    LayoutBlockFlow {BODY} at (8,8) size 784x584
      LayoutBlockFlow {P} at (0,0) size 784x40
        LayoutText {#text} at (0,0) size 51x19
          text run at (0,0) width 51: "Test for "
        LayoutInline {I} at (0,0) size 753x39
          LayoutText {#text} at (51,0) size 753x39
            text run at (51,0) width 702: "http://bugzilla.opendarwin.org/show_bug.cgi?id=6137 Disable kerning and some ligatures in the ATSUI code"
            text run at (0,20) width 29: "path"
        LayoutText {#text} at (29,20) size 4x19
          text run at (29,20) width 4: "."
      LayoutBlockFlow {P} at (0,56) size 784x20
        LayoutText {#text} at (0,0) size 664x19
          text run at (0,0) width 664: "The word \x{201C}dolor\x{201D} below should be highlighted in its entirety. The highlight should not extend beyond that word."
      LayoutBlockFlow {DIV} at (0,92) size 784x42
        LayoutBlockFlow {HR} at (0,0) size 784x2 [border: (1px inset #EEEEEE)]
        LayoutBlockFlow (anonymous) at (0,14) size 784x28
          LayoutInline {SPAN} at (0,0) size 533x27
            LayoutText {#text} at (0,0) size 533x27
              text run at (0,0) width 533: "AVAVAVAVAVfififififififi Lorem ipsum dolor sit ame\x{300}t"
          LayoutText {#text} at (0,0) size 0x0
selection start: position 37 of child 0 {#text} of child 3 {SPAN} of child 5 {DIV} of body
selection end:   position 42 of child 0 {#text} of child 3 {SPAN} of child 5 {DIV} of body
