layer at (0,0) size 800x600 clip at (0,0) size 785x600 scrollHeight 1313
  LayoutView at (0,0) size 800x600
layer at (0,0) size 785x1313 backgroundClip at (0,0) size 785x600 clip at (0,0) size 785x600
  LayoutBlockFlow {HTML} at (0,0) size 785x1313
    LayoutBlockFlow {BODY} at (8,8) size 769x1297
      LayoutBlockFlow (anonymous) at (0,0) size 769x100
        LayoutText {#text} at (0,0) size 334x19
          text run at (0,0) width 334: "This test was provided by open-source contributors on "
        LayoutInline {A} at (0,0) size 46x19 [color=#0000EE]
          LayoutText {#text} at (334,0) size 46x19
            text run at (334,0) width 46: "Bugzilla"
        LayoutText {#text} at (380,0) size 767x79
          text run at (380,0) width 379: ". Currently, the \"Browser rendering\" results are not expected to"
          text run at (0,20) width 634: "match the \"Correct output sample\" results. In fact, I do not entirely agree with all of the given test cases in "
          text run at (634,20) width 79: "terms of their"
          text run at (0,40) width 767: "expected results, nor do I think that the browser should yet be expected to match all of the cases in the different languages, but I"
          text run at (0,60) width 22: "am "
          text run at (22,60) width 273: "(at least temporarily) adding the test anyway. "
        LayoutBR {BR} at (295,75) size 0x0
        LayoutBR {BR} at (0,80) size 0x19
      LayoutTable {TABLE} at (0,100) size 769x399
        LayoutBlockFlow {CAPTION} at (0,0) size 769x20
          LayoutText {#text} at (347,0) size 75x19
            text run at (347,0) width 75: "Input source"
        LayoutTableSection {TBODY} at (0,20) size 769x379
          LayoutTableRow {TR} at (0,2) size 769x64
            LayoutTableCell {TH} at (2,22) size 53x24 [bgcolor=#F8F8F8] [border: (1px solid #EEEEEE)] [r=0 c=0 rs=1 cs=1]
              LayoutText {#text} at (2,2) size 49x19
                text run at (2,2) width 49: "generic"
            LayoutTableCell {TD} at (57,2) size 710x64 [border: (1px solid #EEEEEE)] [r=0 c=1 rs=1 cs=1]
              LayoutText {#text} at (2,2) size 703x59
                text run at (2,2) width 690: "lip\x{AD}smackin\x{AD}thirst\x{AD}quenchin\x{AD}acetastin\x{AD}motivatin\x{AD}good\x{AD}buzzin\x{AD}cool\x{AD}talkin\x{AD}high\x{AD}walkin\x{AD}fast\x{AD}livin\x{AD}ever\x{AD}givin\x{AD}cool\x{AD}fizzin\x{AD}lip\x{AD}smackin\x{AD}thirst\x{AD}" + hyphen string "-"
                text run at (2,22) width 703: "quenchin\x{AD}acetastin\x{AD}motivatin\x{AD}good\x{AD}buzzin\x{AD}cool\x{AD}talkin\x{AD}high\x{AD}walkin\x{AD}fast\x{AD}livin\x{AD}ever\x{AD}givin\x{AD}cool\x{AD}fizzin\x{AD}lip\x{AD}smackin\x{AD}thirst\x{AD}quenchin\x{AD}acetastin\x{AD}" + hyphen string "-"
                text run at (2,42) width 395: "motivatin\x{AD}good\x{AD}buzzin\x{AD}cool\x{AD}talkin\x{AD}high\x{AD}walkin\x{AD}fast\x{AD}livin\x{AD}ever\x{AD}givin\x{AD}cool\x{AD}fizzin"
          LayoutTableRow {TR} at (0,68) size 769x24
            LayoutTableCell {TH} at (2,68) size 53x24 [bgcolor=#F8F8F8] [border: (1px solid #EEEEEE)] [r=1 c=0 rs=1 cs=1]
              LayoutText {#text} at (19,2) size 15x19
                text run at (19,2) width 15: "cy"
            LayoutTableCell {TD} at (57,68) size 710x24 [border: (1px solid #EEEEEE)] [r=1 c=1 rs=1 cs=1]
              LayoutText {#text} at (2,2) size 21x19
                text run at (2,2) width 21: "\x{175}yl"
          LayoutTableRow {TR} at (0,94) size 769x26
            LayoutTableCell {TH} at (2,95) size 53x24 [bgcolor=#F8F8F8] [border: (1px solid #EEEEEE)] [r=2 c=0 rs=1 cs=1]
              LayoutText {#text} at (20,2) size 13x19
                text run at (20,2) width 13: "el"
            LayoutTableCell {TD} at (57,94) size 710x26 [border: (1px solid #EEEEEE)] [r=2 c=1 rs=1 cs=1]
              LayoutText {#text} at (2,4) size 204x19
                text run at (2,4) width 204: "\x{3B3}\x{3B5}\x{3C9}\x{3B3}\x{3C1}\x{3B1}\x{3C6}\x{3B9}\x{3BA}\x{3AC}\x{2010}\x{3C3}\x{3C5}\x{3C3}\x{3C7}\x{3B5}\x{3C4}\x{3B9}\x{3C3}\x{3BC}\x{3AD}\x{3BD}\x{3B5}\x{3C2} \x{3AE}\x{3C4}\x{3B1}"
          LayoutTableRow {TR} at (0,122) size 769x68
            LayoutTableCell {TH} at (2,144) size 53x24 [bgcolor=#F8F8F8] [border: (1px solid #EEEEEE)] [r=3 c=0 rs=1 cs=1]
              LayoutText {#text} at (18,2) size 17x19
                text run at (18,2) width 17: "en"
            LayoutTableCell {TD} at (57,122) size 710x68 [border: (1px solid #EEEEEE)] [r=3 c=1 rs=1 cs=1]
              LayoutText {#text} at (2,4) size 407x19
                text run at (2,4) width 407: "'cept nut'in safari\x{2019}s \x{2018}sure\x{2019} nai\x{308}ve r\x{E9}sum\x{E9}\x{2014}h\x{E1}c\x{30C}ek full\x{2010}time one-to-one"
              LayoutBR {BR} at (409,19) size 0x0
              LayoutText {#text} at (2,26) size 293x19
                text run at (2,26) width 293: "\"newcastle\x{2011}upon\x{2011}tyne\" washington\x{2011}on\x{2011}the\x{2011}brazos"
              LayoutBR {BR} at (295,41) size 0x0
              LayoutInline {SPAN} at (0,0) size 30x19
                LayoutText {#text} at (2,46) size 30x19
                  text run at (2,46) width 30: "earth"
              LayoutText {#text} at (32,46) size 71x19
                text run at (32,46) width 71: "quake earth"
              LayoutInline {SPAN} at (0,0) size 35x19
                LayoutText {#text} at (103,46) size 35x19
                  text run at (103,46) width 35: "worm"
              LayoutText {#text} at (138,46) size 4x19
                text run at (138,46) width 4: " "
              LayoutInline {SPAN} at (0,0) size 41x19
                LayoutText {#text} at (142,46) size 41x19
                  text run at (142,46) width 41: "cheese"
              LayoutInline {SPAN} at (0,0) size 39x19
                LayoutText {#text} at (183,46) size 39x19
                  text run at (183,46) width 39: "burger"
              LayoutText {#text} at (222,46) size 112x19
                text run at (222,46) width 112: " [house] ~six -big-"
          LayoutTableRow {TR} at (0,192) size 769x24
            LayoutTableCell {TH} at (2,192) size 53x24 [bgcolor=#F8F8F8] [border: (1px solid #EEEEEE)] [r=4 c=0 rs=1 cs=1]
              LayoutText {#text} at (19,2) size 15x19
                text run at (19,2) width 15: "es"
            LayoutTableCell {TD} at (57,192) size 710x24 [border: (1px solid #EEEEEE)] [r=4 c=1 rs=1 cs=1]
              LayoutText {#text} at (2,2) size 61x19
                text run at (2,2) width 61: "\x{A1}jalape\x{F1}o!"
          LayoutTableRow {TR} at (0,218) size 769x27
            LayoutTableCell {TH} at (2,219) size 53x24 [bgcolor=#F8F8F8] [border: (1px solid #EEEEEE)] [r=5 c=0 rs=1 cs=1]
              LayoutText {#text} at (21,2) size 11x19
                text run at (21,2) width 11: "fr"
            LayoutTableCell {TD} at (57,218) size 710x27 [border: (1px solid #EEEEEE)] [r=5 c=1 rs=1 cs=1]
              LayoutText {#text} at (2,5) size 195x19
                text run at (2,5) width 195: "quelqu'un l\x{2019}amour t'appelles\x{2011}tu 3"
              LayoutInline {SUP} at (0,0) size 21x15
                LayoutText {#text} at (197,2) size 21x15
                  text run at (197,2) width 21: "eme"
          LayoutTableRow {TR} at (0,247) size 769x26
            LayoutTableCell {TH} at (2,248) size 53x24 [bgcolor=#F8F8F8] [border: (1px solid #EEEEEE)] [r=6 c=0 rs=1 cs=1]
              LayoutText {#text} at (18,2) size 17x19
                text run at (18,2) width 17: "hu"
            LayoutTableCell {TD} at (57,247) size 710x26 [border: (1px solid #EEEEEE)] [r=6 c=1 rs=1 cs=1]
              LayoutText {#text} at (2,4) size 104x19
                text run at (2,4) width 104: "11-ei london\x{2011}ban"
          LayoutTableRow {TR} at (0,275) size 769x24
            LayoutTableCell {TH} at (2,275) size 53x24 [bgcolor=#F8F8F8] [border: (1px solid #EEEEEE)] [r=7 c=0 rs=1 cs=1]
              LayoutText {#text} at (20,2) size 13x19
                text run at (20,2) width 13: "nl"
            LayoutTableCell {TD} at (57,275) size 710x24 [border: (1px solid #EEEEEE)] [r=7 c=1 rs=1 cs=1]
              LayoutText {#text} at (2,2) size 67x19
                text run at (2,2) width 67: "'s ochtends"
          LayoutTableRow {TR} at (0,301) size 769x24
            LayoutTableCell {TH} at (2,301) size 53x24 [bgcolor=#F8F8F8] [border: (1px solid #EEEEEE)] [r=8 c=0 rs=1 cs=1]
              LayoutText {#text} at (20,2) size 13x19
                text run at (20,2) width 13: "pl"
            LayoutTableCell {TD} at (57,301) size 710x24 [border: (1px solid #EEEEEE)] [r=8 c=1 rs=1 cs=1]
              LayoutText {#text} at (2,2) size 86x19
                text run at (2,2) width 86: "wzi\x{119}\x{142}a bie\x{17C}\x{105}ce"
          LayoutTableRow {TR} at (0,327) size 769x24
            LayoutTableCell {TH} at (2,327) size 53x24 [bgcolor=#F8F8F8] [border: (1px solid #EEEEEE)] [r=9 c=0 rs=1 cs=1]
              LayoutText {#text} at (19,2) size 15x19
                text run at (19,2) width 15: "ru"
            LayoutTableCell {TD} at (57,327) size 710x24 [border: (1px solid #EEEEEE)] [r=9 c=1 rs=1 cs=1]
              LayoutText {#text} at (2,2) size 192x19
                text run at (2,2) width 192: "\x{43D}\x{44C}\x{44E}-\x{439}\x{43E}\x{440}\x{43A} 1990-\x{445} 14-vii-1789"
          LayoutTableRow {TR} at (0,353) size 769x24
            LayoutTableCell {TH} at (2,353) size 53x24 [bgcolor=#F8F8F8] [border: (1px solid #EEEEEE)] [r=10 c=0 rs=1 cs=1]
              LayoutText {#text} at (18,2) size 17x19
                text run at (18,2) width 17: "tlh"
            LayoutTableCell {TD} at (57,353) size 710x24 [border: (1px solid #EEEEEE)] [r=10 c=1 rs=1 cs=1]
              LayoutText {#text} at (2,2) size 173x19
                text run at (2,2) width 173: "tlhIngan Hol wa''uy' loghqam"
      LayoutTable {TABLE} at (0,499) size 769x399
        LayoutBlockFlow {CAPTION} at (0,0) size 769x20
          LayoutText {#text} at (317,0) size 135x19
            text run at (317,0) width 135: "Correct output sample"
        LayoutTableSection {TBODY} at (0,20) size 769x379
          LayoutTableRow {TR} at (0,2) size 769x64
            LayoutTableCell {TH} at (2,22) size 53x24 [bgcolor=#F8F8F8] [border: (1px solid #EEEEEE)] [r=0 c=0 rs=1 cs=1]
              LayoutText {#text} at (2,2) size 49x19
                text run at (2,2) width 49: "generic"
            LayoutTableCell {TD} at (57,2) size 710x64 [border: (1px solid #EEEEEE)] [r=0 c=1 rs=1 cs=1]
              LayoutText {#text} at (2,2) size 703x59
                text run at (2,2) width 696: "Lip\x{AD}smackin\x{AD}thirst\x{AD}quenchin\x{AD}acetastin\x{AD}motivatin\x{AD}good\x{AD}buzzin\x{AD}cool\x{AD}talkin\x{AD}high\x{AD}walkin\x{AD}fast\x{AD}livin\x{AD}ever\x{AD}givin\x{AD}cool\x{AD}fizzin\x{AD}lip\x{AD}smackin\x{AD}thirst\x{AD}" + hyphen string "-"
                text run at (2,22) width 703: "quenchin\x{AD}acetastin\x{AD}motivatin\x{AD}good\x{AD}buzzin\x{AD}cool\x{AD}talkin\x{AD}high\x{AD}walkin\x{AD}fast\x{AD}livin\x{AD}ever\x{AD}givin\x{AD}cool\x{AD}fizzin\x{AD}lip\x{AD}smackin\x{AD}thirst\x{AD}quenchin\x{AD}acetastin\x{AD}" + hyphen string "-"
                text run at (2,42) width 395: "motivatin\x{AD}good\x{AD}buzzin\x{AD}cool\x{AD}talkin\x{AD}high\x{AD}walkin\x{AD}fast\x{AD}livin\x{AD}ever\x{AD}givin\x{AD}cool\x{AD}fizzin"
          LayoutTableRow {TR} at (0,68) size 769x24
            LayoutTableCell {TH} at (2,68) size 53x24 [bgcolor=#F8F8F8] [border: (1px solid #EEEEEE)] [r=1 c=0 rs=1 cs=1]
              LayoutText {#text} at (19,2) size 15x19
                text run at (19,2) width 15: "cy"
            LayoutTableCell {TD} at (57,68) size 710x24 [border: (1px solid #EEEEEE)] [r=1 c=1 rs=1 cs=1]
              LayoutText {#text} at (2,2) size 25x19
                text run at (2,2) width 25: "\x{174}yl"
          LayoutTableRow {TR} at (0,94) size 769x26
            LayoutTableCell {TH} at (2,95) size 53x24 [bgcolor=#F8F8F8] [border: (1px solid #EEEEEE)] [r=2 c=0 rs=1 cs=1]
              LayoutText {#text} at (20,2) size 13x19
                text run at (20,2) width 13: "el"
            LayoutTableCell {TD} at (57,94) size 710x26 [border: (1px solid #EEEEEE)] [r=2 c=1 rs=1 cs=1]
              LayoutText {#text} at (2,4) size 211x19
                text run at (2,4) width 211: "\x{393}\x{3B5}\x{3C9}\x{3B3}\x{3C1}\x{3B1}\x{3C6}\x{3B9}\x{3BA}\x{3AC}\x{2010}\x{3A3}\x{3C5}\x{3C3}\x{3C7}\x{3B5}\x{3C4}\x{3B9}\x{3C3}\x{3BC}\x{3AD}\x{3BD}\x{3B5}\x{3C2} \x{389}\x{3C4}\x{3B1}"
          LayoutTableRow {TR} at (0,122) size 769x68
            LayoutTableCell {TH} at (2,144) size 53x24 [bgcolor=#F8F8F8] [border: (1px solid #EEEEEE)] [r=3 c=0 rs=1 cs=1]
              LayoutText {#text} at (18,2) size 17x19
                text run at (18,2) width 17: "en"
            LayoutTableCell {TD} at (57,122) size 710x68 [border: (1px solid #EEEEEE)] [r=3 c=1 rs=1 cs=1]
              LayoutText {#text} at (2,4) size 449x19
                text run at (2,4) width 449: "'Cept Nut'in Safari\x{2019}s \x{2018}Sure\x{2019} Na\x{EF}ve R\x{E9}sum\x{E9}\x{2014}H\x{E1}\x{10D}ek Full\x{2010}time One-to-One"
              LayoutBR {BR} at (451,19) size 0x0
              LayoutText {#text} at (2,26) size 311x19
                text run at (2,26) width 311: "\"Newcastle-upon-Tyne\" Washington\x{2011}on\x{2011}the\x{2011}Brazos"
              LayoutBR {BR} at (313,41) size 0x0
              LayoutText {#text} at (2,46) size 349x19
                text run at (2,46) width 349: "Earthquake Earthworm Cheeseburger [House] ~Six -Big-"
          LayoutTableRow {TR} at (0,192) size 769x24
            LayoutTableCell {TH} at (2,192) size 53x24 [bgcolor=#F8F8F8] [border: (1px solid #EEEEEE)] [r=4 c=0 rs=1 cs=1]
              LayoutText {#text} at (19,2) size 15x19
                text run at (19,2) width 15: "es"
            LayoutTableCell {TD} at (57,192) size 710x24 [border: (1px solid #EEEEEE)] [r=4 c=1 rs=1 cs=1]
              LayoutText {#text} at (2,2) size 63x19
                text run at (2,2) width 63: "\x{A1}Jalape\x{F1}o!"
          LayoutTableRow {TR} at (0,218) size 769x27
            LayoutTableCell {TH} at (2,219) size 53x24 [bgcolor=#F8F8F8] [border: (1px solid #EEEEEE)] [r=5 c=0 rs=1 cs=1]
              LayoutText {#text} at (21,2) size 11x19
                text run at (21,2) width 11: "fr"
            LayoutTableCell {TD} at (57,218) size 710x27 [border: (1px solid #EEEEEE)] [r=5 c=1 rs=1 cs=1]
              LayoutText {#text} at (2,5) size 212x19
                text run at (2,5) width 212: "Quelqu'un l\x{2019}Amour t'Appelles\x{2011}Tu 3"
              LayoutInline {SUP} at (0,0) size 21x15
                LayoutText {#text} at (214,2) size 21x15
                  text run at (214,2) width 21: "eme"
          LayoutTableRow {TR} at (0,247) size 769x26
            LayoutTableCell {TH} at (2,248) size 53x24 [bgcolor=#F8F8F8] [border: (1px solid #EEEEEE)] [r=6 c=0 rs=1 cs=1]
              LayoutText {#text} at (18,2) size 17x19
                text run at (18,2) width 17: "hu"
            LayoutTableCell {TD} at (57,247) size 710x26 [border: (1px solid #EEEEEE)] [r=6 c=1 rs=1 cs=1]
              LayoutText {#text} at (2,4) size 110x19
                text run at (2,4) width 110: "11-ei London\x{2011}ban"
          LayoutTableRow {TR} at (0,275) size 769x24
            LayoutTableCell {TH} at (2,275) size 53x24 [bgcolor=#F8F8F8] [border: (1px solid #EEEEEE)] [r=7 c=0 rs=1 cs=1]
              LayoutText {#text} at (20,2) size 13x19
                text run at (20,2) width 13: "nl"
            LayoutTableCell {TD} at (57,275) size 710x24 [border: (1px solid #EEEEEE)] [r=7 c=1 rs=1 cs=1]
              LayoutText {#text} at (2,2) size 71x19
                text run at (2,2) width 71: "'s Ochtends"
          LayoutTableRow {TR} at (0,301) size 769x24
            LayoutTableCell {TH} at (2,301) size 53x24 [bgcolor=#F8F8F8] [border: (1px solid #EEEEEE)] [r=8 c=0 rs=1 cs=1]
              LayoutText {#text} at (20,2) size 13x19
                text run at (20,2) width 13: "pl"
            LayoutTableCell {TD} at (57,301) size 710x24 [border: (1px solid #EEEEEE)] [r=8 c=1 rs=1 cs=1]
              LayoutText {#text} at (2,2) size 92x19
                text run at (2,2) width 92: "Wzi\x{119}\x{142}a Bie\x{17C}\x{105}ce"
          LayoutTableRow {TR} at (0,327) size 769x24
            LayoutTableCell {TH} at (2,327) size 53x24 [bgcolor=#F8F8F8] [border: (1px solid #EEEEEE)] [r=9 c=0 rs=1 cs=1]
              LayoutText {#text} at (19,2) size 15x19
                text run at (19,2) width 15: "ru"
            LayoutTableCell {TD} at (57,327) size 710x24 [border: (1px solid #EEEEEE)] [r=9 c=1 rs=1 cs=1]
              LayoutText {#text} at (2,2) size 196x19
                text run at (2,2) width 196: "\x{41D}\x{44C}\x{44E}-\x{419}\x{43E}\x{440}\x{43A} 1990-\x{445} 14-vii-1789"
          LayoutTableRow {TR} at (0,353) size 769x24
            LayoutTableCell {TH} at (2,353) size 53x24 [bgcolor=#F8F8F8] [border: (1px solid #EEEEEE)] [r=10 c=0 rs=1 cs=1]
              LayoutText {#text} at (18,2) size 17x19
                text run at (18,2) width 17: "tlh"
            LayoutTableCell {TD} at (57,353) size 710x24 [border: (1px solid #EEEEEE)] [r=10 c=1 rs=1 cs=1]
              LayoutText {#text} at (2,2) size 173x19
                text run at (2,2) width 173: "tlhIngan Hol wa''uy' loghqam"
      LayoutTable {TABLE} at (0,898) size 769x399
        LayoutBlockFlow {CAPTION} at (0,0) size 769x20
          LayoutText {#text} at (328,0) size 113x19
            text run at (328,0) width 113: "Browser rendering"
        LayoutTableSection {TBODY} at (0,20) size 769x379
          LayoutTableRow {TR} at (0,2) size 769x64
            LayoutTableCell {TH} at (2,22) size 53x24 [bgcolor=#F8F8F8] [border: (1px solid #EEEEEE)] [r=0 c=0 rs=1 cs=1]
              LayoutText {#text} at (2,2) size 49x19
                text run at (2,2) width 49: "generic"
            LayoutTableCell {TD} at (57,2) size 710x64 [border: (1px solid #EEEEEE)] [r=0 c=1 rs=1 cs=1]
              LayoutText {#text} at (2,2) size 703x59
                text run at (2,2) width 696: "Lip\x{AD}smackin\x{AD}thirst\x{AD}quenchin\x{AD}acetastin\x{AD}motivatin\x{AD}good\x{AD}buzzin\x{AD}cool\x{AD}talkin\x{AD}high\x{AD}walkin\x{AD}fast\x{AD}livin\x{AD}ever\x{AD}givin\x{AD}cool\x{AD}fizzin\x{AD}lip\x{AD}smackin\x{AD}thirst\x{AD}" + hyphen string "-"
                text run at (2,22) width 703: "quenchin\x{AD}acetastin\x{AD}motivatin\x{AD}good\x{AD}buzzin\x{AD}cool\x{AD}talkin\x{AD}high\x{AD}walkin\x{AD}fast\x{AD}livin\x{AD}ever\x{AD}givin\x{AD}cool\x{AD}fizzin\x{AD}lip\x{AD}smackin\x{AD}thirst\x{AD}quenchin\x{AD}acetastin\x{AD}" + hyphen string "-"
                text run at (2,42) width 395: "motivatin\x{AD}good\x{AD}buzzin\x{AD}cool\x{AD}talkin\x{AD}high\x{AD}walkin\x{AD}fast\x{AD}livin\x{AD}ever\x{AD}givin\x{AD}cool\x{AD}fizzin"
          LayoutTableRow {TR} at (0,68) size 769x24
            LayoutTableCell {TH} at (2,68) size 53x24 [bgcolor=#F8F8F8] [border: (1px solid #EEEEEE)] [r=1 c=0 rs=1 cs=1]
              LayoutText {#text} at (19,2) size 15x19
                text run at (19,2) width 15: "cy"
            LayoutTableCell {TD} at (57,68) size 710x24 [border: (1px solid #EEEEEE)] [r=1 c=1 rs=1 cs=1]
              LayoutText {#text} at (2,2) size 25x19
                text run at (2,2) width 25: "\x{174}yl"
          LayoutTableRow {TR} at (0,94) size 769x26
            LayoutTableCell {TH} at (2,95) size 53x24 [bgcolor=#F8F8F8] [border: (1px solid #EEEEEE)] [r=2 c=0 rs=1 cs=1]
              LayoutText {#text} at (20,2) size 13x19
                text run at (20,2) width 13: "el"
            LayoutTableCell {TD} at (57,94) size 710x26 [border: (1px solid #EEEEEE)] [r=2 c=1 rs=1 cs=1]
              LayoutText {#text} at (2,4) size 211x19
                text run at (2,4) width 211: "\x{393}\x{3B5}\x{3C9}\x{3B3}\x{3C1}\x{3B1}\x{3C6}\x{3B9}\x{3BA}\x{3AC}\x{2010}\x{3A3}\x{3C5}\x{3C3}\x{3C7}\x{3B5}\x{3C4}\x{3B9}\x{3C3}\x{3BC}\x{3AD}\x{3BD}\x{3B5}\x{3C2} \x{389}\x{3C4}\x{3B1}"
          LayoutTableRow {TR} at (0,122) size 769x68
            LayoutTableCell {TH} at (2,144) size 53x24 [bgcolor=#F8F8F8] [border: (1px solid #EEEEEE)] [r=3 c=0 rs=1 cs=1]
              LayoutText {#text} at (18,2) size 17x19
                text run at (18,2) width 17: "en"
            LayoutTableCell {TD} at (57,122) size 710x68 [border: (1px solid #EEEEEE)] [r=3 c=1 rs=1 cs=1]
              LayoutText {#text} at (2,4) size 459x19
                text run at (2,4) width 459: "'Cept Nut'in Safari\x{2019}s \x{2018}Sure\x{2019} Nai\x{308}ve R\x{E9}sum\x{E9}\x{2014}H\x{E1}c\x{30C}ek Full\x{2010}Time One-To-One"
              LayoutBR {BR} at (461,19) size 0x0
              LayoutText {#text} at (2,26) size 322x19
                text run at (2,26) width 322: "\"Newcastle\x{2011}Upon\x{2011}Tyne\" Washington\x{2011}On\x{2011}The\x{2011}Brazos"
              LayoutBR {BR} at (324,41) size 0x0
              LayoutInline {SPAN} at (0,0) size 32x19
                LayoutText {#text} at (2,46) size 32x19
                  text run at (2,46) width 32: "Earth"
              LayoutText {#text} at (34,46) size 73x19
                text run at (34,46) width 73: "quake Earth"
              LayoutInline {SPAN} at (0,0) size 35x19
                LayoutText {#text} at (107,46) size 35x19
                  text run at (107,46) width 35: "worm"
              LayoutText {#text} at (142,46) size 4x19
                text run at (142,46) width 4: " "
              LayoutInline {SPAN} at (0,0) size 45x19
                LayoutText {#text} at (146,46) size 45x19
                  text run at (146,46) width 45: "Cheese"
              LayoutInline {SPAN} at (0,0) size 39x19
                LayoutText {#text} at (191,46) size 39x19
                  text run at (191,46) width 39: "burger"
              LayoutText {#text} at (230,46) size 121x19
                text run at (230,46) width 121: " [House] ~Six -Big-"
          LayoutTableRow {TR} at (0,192) size 769x24
            LayoutTableCell {TH} at (2,192) size 53x24 [bgcolor=#F8F8F8] [border: (1px solid #EEEEEE)] [r=4 c=0 rs=1 cs=1]
              LayoutText {#text} at (19,2) size 15x19
                text run at (19,2) width 15: "es"
            LayoutTableCell {TD} at (57,192) size 710x24 [border: (1px solid #EEEEEE)] [r=4 c=1 rs=1 cs=1]
              LayoutText {#text} at (2,2) size 63x19
                text run at (2,2) width 63: "\x{A1}Jalape\x{F1}o!"
          LayoutTableRow {TR} at (0,218) size 769x27
            LayoutTableCell {TH} at (2,219) size 53x24 [bgcolor=#F8F8F8] [border: (1px solid #EEEEEE)] [r=5 c=0 rs=1 cs=1]
              LayoutText {#text} at (21,2) size 11x19
                text run at (21,2) width 11: "fr"
            LayoutTableCell {TD} at (57,218) size 710x27 [border: (1px solid #EEEEEE)] [r=5 c=1 rs=1 cs=1]
              LayoutText {#text} at (2,5) size 215x19
                text run at (2,5) width 215: "Quelqu'un L\x{2019}amour T'appelles\x{2011}Tu 3"
              LayoutInline {SUP} at (0,0) size 21x15
                LayoutText {#text} at (217,2) size 21x15
                  text run at (217,2) width 21: "eme"
          LayoutTableRow {TR} at (0,247) size 769x26
            LayoutTableCell {TH} at (2,248) size 53x24 [bgcolor=#F8F8F8] [border: (1px solid #EEEEEE)] [r=6 c=0 rs=1 cs=1]
              LayoutText {#text} at (18,2) size 17x19
                text run at (18,2) width 17: "hu"
            LayoutTableCell {TD} at (57,247) size 710x26 [border: (1px solid #EEEEEE)] [r=6 c=1 rs=1 cs=1]
              LayoutText {#text} at (2,4) size 114x19
                text run at (2,4) width 114: "11-Ei London\x{2011}Ban"
          LayoutTableRow {TR} at (0,275) size 769x24
            LayoutTableCell {TH} at (2,275) size 53x24 [bgcolor=#F8F8F8] [border: (1px solid #EEEEEE)] [r=7 c=0 rs=1 cs=1]
              LayoutText {#text} at (20,2) size 13x19
                text run at (20,2) width 13: "nl"
            LayoutTableCell {TD} at (57,275) size 710x24 [border: (1px solid #EEEEEE)] [r=7 c=1 rs=1 cs=1]
              LayoutText {#text} at (2,2) size 74x19
                text run at (2,2) width 74: "'S Ochtends"
          LayoutTableRow {TR} at (0,301) size 769x24
            LayoutTableCell {TH} at (2,301) size 53x24 [bgcolor=#F8F8F8] [border: (1px solid #EEEEEE)] [r=8 c=0 rs=1 cs=1]
              LayoutText {#text} at (20,2) size 13x19
                text run at (20,2) width 13: "pl"
            LayoutTableCell {TD} at (57,301) size 710x24 [border: (1px solid #EEEEEE)] [r=8 c=1 rs=1 cs=1]
              LayoutText {#text} at (2,2) size 92x19
                text run at (2,2) width 92: "Wzi\x{119}\x{142}a Bie\x{17C}\x{105}ce"
          LayoutTableRow {TR} at (0,327) size 769x24
            LayoutTableCell {TH} at (2,327) size 53x24 [bgcolor=#F8F8F8] [border: (1px solid #EEEEEE)] [r=9 c=0 rs=1 cs=1]
              LayoutText {#text} at (19,2) size 15x19
                text run at (19,2) width 15: "ru"
            LayoutTableCell {TD} at (57,327) size 710x24 [border: (1px solid #EEEEEE)] [r=9 c=1 rs=1 cs=1]
              LayoutText {#text} at (2,2) size 204x19
                text run at (2,2) width 204: "\x{41D}\x{44C}\x{44E}-\x{419}\x{43E}\x{440}\x{43A} 1990-\x{425} 14-Vii-1789"
          LayoutTableRow {TR} at (0,353) size 769x24
            LayoutTableCell {TH} at (2,353) size 53x24 [bgcolor=#F8F8F8] [border: (1px solid #EEEEEE)] [r=10 c=0 rs=1 cs=1]
              LayoutText {#text} at (18,2) size 17x19
                text run at (18,2) width 17: "tlh"
            LayoutTableCell {TD} at (57,353) size 710x24 [border: (1px solid #EEEEEE)] [r=10 c=1 rs=1 cs=1]
              LayoutText {#text} at (2,2) size 192x19
                text run at (2,2) width 192: "TlhIngan Hol Wa''Uy' Loghqam"
