layer at (0,0) size 800x600
  LayoutView at (0,0) size 800x600
layer at (0,0) size 800x232
  LayoutBlockFlow {HTML} at (0,0) size 800x232
    LayoutBlockFlow {BODY} at (8,16) size 784x208
      LayoutBlockFlow {P} at (0,0) size 784x20
        LayoutText {#text} at (0,0) size 182x19
          text run at (0,0) width 182: "All lines should look the same."
      LayoutBlockFlow {P} at (0,36) size 784x20
        LayoutText {#text} at (0,0) size 357x19
          text run at (0,0) width 357: "This test is intentionally a pixel test, see crbug.com/452914."
      LayoutBlockFlow {DIV} at (0,72) size 784x68
        LayoutText {#text} at (0,0) size 56x17
          text run at (0,0) width 56: "!!!!!!!!!!!!!!"
        LayoutBR {BR} at (56,0) size 0x17
        LayoutText {#text} at (0,17) size 56x17
          text run at (0,17) width 56: "!!!!!!!!!!!!!!"
        LayoutBR {BR} at (56,17) size 0x17
        LayoutText {#text} at (0,34) size 56x17
          text run at (0,34) width 56: "!!!!!!!!!!!!!!"
        LayoutBR {BR} at (56,34) size 0x17
        LayoutText {#text} at (0,51) size 56x17
          text run at (0,51) width 56: "!!!!!!!!!!!!!!"
      LayoutBlockFlow {DIV} at (0,140) size 784x68
        LayoutText {#text} at (0,0) size 56x17
          text run at (0,0) width 56: "!!!!!!!!!!!!!!"
        LayoutBR {BR} at (56,0) size 0x17
        LayoutText {#text} at (0,17) size 56x17
          text run at (0,17) width 56: "!!!!!!!!!!!!!!"
        LayoutBR {BR} at (56,17) size 0x17
        LayoutText {#text} at (0,34) size 56x17
          text run at (0,34) width 56: "!!!!!!!!!!!!!!"
        LayoutBR {BR} at (56,34) size 0x17
        LayoutText {#text} at (0,51) size 56x17
          text run at (0,51) width 56: "!!!!!!!!!!!!!!"
