layer at (0,0) size 800x600
  LayoutView at (0,0) size 800x600
layer at (0,0) size 800x600
  LayoutBlockFlow {HTML} at (0,0) size 800x600
    LayoutBlockFlow {BODY} at (8,8) size 784x584
      LayoutBlockFlow {P} at (0,0) size 784x20
        LayoutText {#text} at (0,0) size 240x19
          text run at (0,0) width 240: "The following boxes should be identical."
      LayoutBlockFlow {DIV} at (0,36) size 80x50 [border: (1px solid #000000)]
        LayoutText {#text} at (5,5) size 70x19
          text run at (5,5) width 68: "Lorem......."
          text run at (73,5) width 2: " "
        LayoutInline {SPAN} at (0,0) size 35x19
          LayoutText {#text} at (5,25) size 35x19
            text run at (5,25) width 35 RTL override: "muspi"
        LayoutText {#text} at (40,25) size 0x19
          text run at (40,25) width 0: " "
      LayoutBlockFlow {DIV} at (0,94) size 80x50 [border: (1px solid #000000)]
        LayoutText {#text} at (5,5) size 70x39
          text run at (5,5) width 68: "Lorem......."
          text run at (73,5) width 2: " "
          text run at (5,25) width 35: "ipsum"
          text run at (40,25) width 0: " "
