layer at (0,0) size 800x600
  LayoutView at (0,0) size 800x600
layer at (0,0) size 800x600
  LayoutBlockFlow {HTML} at (0,0) size 800x600
    LayoutBlockFlow {BODY} at (8,8) size 784x576
      LayoutBlockFlow {P} at (0,0) size 784x20
        LayoutText {#text} at (0,0) size 51x19
          text run at (0,0) width 51: "Test for "
        LayoutInline {I} at (0,0) size 728x19
          LayoutInline {A} at (0,0) size 159x19 [color=#0000EE]
            LayoutText {#text} at (51,0) size 159x19
              text run at (51,0) width 159: "http://crbug.com/373389"
          LayoutText {#text} at (210,0) size 569x19
            text run at (210,0) width 4: " "
            text run at (214,0) width 565: "When a webfont is missing a glyph, synthesization from the fallback font isn't happening"
        LayoutText {#text} at (779,0) size 4x19
          text run at (779,0) width 4: "."
      LayoutBlockFlow {P} at (0,36) size 784x39
        LayoutText {#text} at (0,17) size 174x19
          text run at (0,17) width 174: "A synthesized oblique bullet: "
        LayoutInline {SPAN} at (0,0) size 25x32
          LayoutText {#text} at (174,6) size 25x32
            text run at (174,6) width 25: "\x{25CF}"
        LayoutText {#text} at (0,0) size 0x0
