layer at (0,0) size 800x600
  LayoutView at (0,0) size 800x600
layer at (0,0) size 800x417
  LayoutBlockFlow {HTML} at (0,0) size 800x417
    LayoutBlockFlow {BODY} at (8,8) size 784x393
      LayoutBlockFlow (anonymous) at (0,0) size 784x50
        LayoutText {#text} at (0,3) size 758x44
          text run at (0,3) width 636: "The red line needs to cross the middle of the black square, as well as through half the ascent of the capital "
          text run at (636,3) width 122: "letters and digits, for"
          text run at (0,28) width 544: "example the middle horizontal bar of the F or the crossing point of the two diagonals in the "
          text run at (544,28) width 108: "letter X. See also "
        LayoutInline {A} at (0,0) size 74x19 [color=#0000EE]
          LayoutText {#text} at (652,28) size 74x19
            text run at (652,28) width 74: "bug 452967"
        LayoutText {#text} at (726,28) size 4x19
          text run at (726,28) width 4: "."
layer at (24,74) size 752x41
  LayoutFlexibleBox (relative positioned) {DIV} at (16,66) size 752x41 [bgcolor=#D3D3D3]
    LayoutBlockFlow {SPAN} at (16,12.50) size 16x16 [bgcolor=#000000]
    LayoutBlockFlow {SPAN} at (40,8) size 59x25
      LayoutInline {SPAN} at (0,0) size 59x19
        LayoutText {#text} at (0,3) size 59x19
          text run at (0,3) width 59: "38FGKX"
layer at (24,131) size 752x41
  LayoutFlexibleBox (relative positioned) {DIV} at (16,123) size 752x41 [bgcolor=#D3D3D3]
    LayoutBlockFlow {SPAN} at (16,12.50) size 16x16 [bgcolor=#000000]
    LayoutBlockFlow {SPAN} at (40,8) size 62x25
      LayoutInline {SPAN} at (0,0) size 62x18
        LayoutText {#text} at (0,3) size 62x18
          text run at (0,3) width 62: "38FGKX"
layer at (24,188) size 752x41
  LayoutFlexibleBox (relative positioned) {DIV} at (16,180) size 752x41 [bgcolor=#D3D3D3]
    LayoutBlockFlow {SPAN} at (16,12.50) size 16x16 [bgcolor=#000000]
    LayoutBlockFlow {SPAN} at (40,8) size 59x25
      LayoutInline {SPAN} at (0,0) size 59x19
        LayoutText {#text} at (0,3) size 59x19
          text run at (0,3) width 59: "38FGKX"
layer at (24,245) size 752x42
  LayoutFlexibleBox (relative positioned) {DIV} at (16,237) size 752x42 [bgcolor=#D3D3D3]
    LayoutBlockFlow {SPAN} at (16,13) size 16x16 [bgcolor=#000000]
    LayoutBlockFlow {SPAN} at (40,8) size 60x26
      LayoutInline {SPAN} at (0,0) size 60x18
        LayoutText {#text} at (0,4) size 60x18
          text run at (0,4) width 60: "38FGKX"
layer at (24,303) size 752x41
  LayoutFlexibleBox (relative positioned) {DIV} at (16,295) size 752x41 [bgcolor=#D3D3D3]
    LayoutBlockFlow {SPAN} at (16,12.50) size 16x16 [bgcolor=#000000]
    LayoutBlockFlow {SPAN} at (40,8) size 59x25
      LayoutInline {SPAN} at (0,0) size 59x19
        LayoutText {#text} at (0,3) size 59x19
          text run at (0,3) width 59: "38FGKX"
layer at (24,360) size 752x41
  LayoutFlexibleBox (relative positioned) {DIV} at (16,352) size 752x41 [bgcolor=#D3D3D3]
    LayoutBlockFlow {SPAN} at (16,12.50) size 16x16 [bgcolor=#000000]
    LayoutBlockFlow {SPAN} at (40,8) size 62x25
      LayoutInline {SPAN} at (0,0) size 62x18
        LayoutText {#text} at (0,3) size 62x18
          text run at (0,3) width 62: "38FGKX"
layer at (24,94) size 752x1
  LayoutBlockFlow (positioned) zI: 1 {<pseudo:before>} at (0,19.50) size 752x1 [bgcolor=#FF0000]
    LayoutTextFragment (anonymous) zI: 1 at (0,0) size 0x0
layer at (24,151) size 752x1
  LayoutBlockFlow (positioned) zI: 1 {<pseudo:before>} at (0,19.50) size 752x1 [bgcolor=#FF0000]
    LayoutTextFragment (anonymous) zI: 1 at (0,0) size 0x0
layer at (24,208) size 752x1
  LayoutBlockFlow (positioned) zI: 1 {<pseudo:before>} at (0,19.50) size 752x1 [bgcolor=#FF0000]
    LayoutTextFragment (anonymous) zI: 1 at (0,0) size 0x0
layer at (24,265) size 752x1
  LayoutBlockFlow (positioned) zI: 1 {<pseudo:before>} at (0,20) size 752x1 [bgcolor=#FF0000]
    LayoutTextFragment (anonymous) zI: 1 at (0,0) size 0x0
layer at (24,323) size 752x1
  LayoutBlockFlow (positioned) zI: 1 {<pseudo:before>} at (0,19.50) size 752x1 [bgcolor=#FF0000]
    LayoutTextFragment (anonymous) zI: 1 at (0,0) size 0x0
layer at (24,380) size 752x1
  LayoutBlockFlow (positioned) zI: 1 {<pseudo:before>} at (0,19.50) size 752x1 [bgcolor=#FF0000]
    LayoutTextFragment (anonymous) zI: 1 at (0,0) size 0x0
