layer at (0,0) size 800x600
  LayoutView at (0,0) size 800x600
layer at (0,0) size 800x432
  LayoutBlockFlow {HTML} at (0,0) size 800x432
    LayoutBlockFlow {BODY} at (8,8) size 784x416
      LayoutBlockFlow {DIV} at (0,0) size 784x204
        LayoutInline {SPAN} at (0,0) size 86x223
          LayoutText {#text} at (0,-8) size 86x223
            text run at (0,-8) width 86: "x"
        LayoutInline {SPAN} at (0,0) size 98x228
          LayoutText {#text} at (86,-12) size 98x228
            text run at (86,-12) width 98: "x"
        LayoutText {#text} at (0,0) size 0x0
      LayoutBlockFlow {DIV} at (0,204) size 784x212
        LayoutInline {SPAN} at (0,0) size 94x273
          LayoutText {#text} at (0,-37) size 94x273
            text run at (0,-37) width 94: "z"
        LayoutInline {SPAN} at (0,0) size 85x228
          LayoutText {#text} at (94,-2) size 85x228
            text run at (94,-2) width 85: "z"
        LayoutText {#text} at (0,0) size 0x0
