layer at (0,0) size 800x600
  LayoutView at (0,0) size 800x600
layer at (0,0) size 800x600
  LayoutBlockFlow {HTML} at (0,0) size 800x600
    LayoutBlockFlow {BODY} at (8,8) size 784x584
layer at (8,8) size 283x167 transparent
  LayoutBlockFlow (positioned) {DIV} at (8,8) size 283x167 [border: (1px solid #FF0000)]
    LayoutText {#text} at (1,4) size 271x159
      text run at (1,4) width 271: "Testing the bug"
