layer at (0,0) size 800x600
  LayoutView at (0,0) size 800x600
layer at (0,0) size 800x224
  LayoutBlockFlow {HTML} at (0,0) size 800x224
    LayoutBlockFlow {BODY} at (8,8) size 784x196
      LayoutBlockFlow (anonymous) at (0,0) size 784x20
        LayoutText {#text} at (0,0) size 76x19
          text run at (0,0) width 76: "This is good:"
      LayoutBlockFlow {DIV} at (0,40) size 200x48
        LayoutBlockFlow {P} at (0,0) size 200x48 [border: (1px solid #008000)]
          LayoutText {#text} at (1,1) size 188x45
            text run at (1,1) width 188: "lorem ipsum dolor sit??"
            text run at (1,24) width 37: "amet"
      LayoutBlockFlow (anonymous) at (0,108) size 784x20
        LayoutText {#text} at (0,0) size 230x19
          text run at (0,0) width 230: "The following should look like \x{201C}good\x{201D}:"
      LayoutBlockFlow {DIV} at (0,148) size 200x48
        LayoutBlockFlow {P} at (0,0) size 200x48 [border: (1px solid #008000)]
          LayoutText {#text} at (1,1) size 188x45
            text run at (1,1) width 188: "lorem ipsum dolor sit??"
            text run at (1,24) width 37: "amet"
