CONSOLE WARNING: Failed to decode downloaded font: NotoSansSymbols-Regular-u1d49e,1f1ef.ttf
layer at (0,0) size 800x600
  LayoutView at (0,0) size 800x600
layer at (0,0) size 800x600
  LayoutBlockFlow {HTML} at (0,0) size 800x600
    LayoutBlockFlow {BODY} at (8,8) size 784x584
      LayoutBlockFlow {P} at (0,0) size 784x40
        LayoutText {#text} at (0,0) size 768x39
          text run at (0,0) width 768: "The following box should break the sequence of symbols at the 5 character mark and not overflow the blue box. This is because"
          text run at (0,20) width 188: "U+1D49 is a number category "
          text run at (188,20) width 279: "unicode character, for which break-all applies."
      LayoutBlockFlow {DIV} at (0,56) size 186x92 [border: (3px solid #0000FF)]
        LayoutText {#text} at (3,4) size 162x84
          text run at (3,4) width 162: "\x{D835}\x{DC9E}\x{D835}\x{DC9E}\x{D835}\x{DC9E}\x{D835}\x{DC9E}\x{D835}\x{DC9E}\x{D835}\x{DC9E}"
          text run at (3,47) width 108: "\x{D835}\x{DC9E}\x{D835}\x{DC9E}\x{D835}\x{DC9E}\x{D835}\x{DC9E}"
      LayoutBlockFlow {P} at (0,164) size 784x20
        LayoutText {#text} at (0,0) size 732x19
          text run at (0,0) width 505: "The following box should not break the sequence of symbols since U+1F1EF is not "
          text run at (505,0) width 227: "a letter or number category character."
      LayoutBlockFlow {DIV} at (0,200) size 186x49 [border: (3px solid #0000FF)]
        LayoutText {#text} at (3,4) size 432x41
          text run at (3,4) width 432: "\x{D83C}\x{DDEF}\x{D83C}\x{DDF5}\x{D83C}\x{DDEF}\x{D83C}\x{DDF5}\x{D83C}\x{DDEF}\x{D83C}\x{DDF5}\x{D83C}\x{DDEF}\x{D83C}\x{DDF5}\x{D83C}\x{DDEF}\x{D83C}\x{DDF5}\x{D83C}\x{DDEF}\x{D83C}\x{DDF5}\x{D83C}\x{DDEF}\x{D83C}\x{DDF5}\x{D83C}\x{DDEF}\x{D83C}\x{DDF5}"
