layer at (0,0) size 800x600 clip at (0,0) size 785x585 scrollHeight 989
  LayoutView at (0,0) size 800x600
layer at (0,0) size 785x585
  LayoutBlockFlow {HTML} at (0,0) size 785x585
    LayoutBlockFlow {BODY} at (0,0) size 785x585
      LayoutText {#text} at (0,0) size 424x17
        text run at (0,0) width 424: "ffffffffffffffffffffffffffffffffffffffffffffffffffffffffffffffffffffffffffffffffffff"
      LayoutBR {BR} at (423,14) size 1x0
      LayoutText {#text} at (0,18) size 424x17
        text run at (0,18) width 424: "ffffffffffffffffffffffffffffffffffffffffffffffffffffffffffffffffffffffffffffffffffff"
      LayoutBR {BR} at (423,32) size 1x0
      LayoutText {#text} at (0,36) size 424x17
        text run at (0,36) width 424: "ffffffffffffffffffffffffffffffffffffffffffffffffffffffffffffffffffffffffffffffffffff"
      LayoutBR {BR} at (423,50) size 1x0
      LayoutText {#text} at (0,54) size 424x17
        text run at (0,54) width 424: "ffffffffffffffffffffffffffffffffffffffffffffffffffffffffffffffffffffffffffffffffffff"
      LayoutBR {BR} at (423,68) size 1x0
      LayoutText {#text} at (0,72) size 424x17
        text run at (0,72) width 424: "ffffffffffffffffffffffffffffffffffffffffffffffffffffffffffffffffffffffffffffffffffff"
      LayoutBR {BR} at (423,86) size 1x0
      LayoutText {#text} at (0,90) size 424x17
        text run at (0,90) width 424: "ffffffffffffffffffffffffffffffffffffffffffffffffffffffffffffffffffffffffffffffffffff"
      LayoutBR {BR} at (423,104) size 1x0
      LayoutText {#text} at (0,108) size 424x17
        text run at (0,108) width 424: "ffffffffffffffffffffffffffffffffffffffffffffffffffffffffffffffffffffffffffffffffffff"
      LayoutBR {BR} at (423,122) size 1x0
      LayoutText {#text} at (0,126) size 424x17
        text run at (0,126) width 424: "ffffffffffffffffffffffffffffffffffffffffffffffffffffffffffffffffffffffffffffffffffff"
      LayoutBR {BR} at (423,140) size 1x0
      LayoutText {#text} at (0,144) size 424x17
        text run at (0,144) width 424: "ffffffffffffffffffffffffffffffffffffffffffffffffffffffffffffffffffffffffffffffffffff"
      LayoutBR {BR} at (423,158) size 1x0
      LayoutText {#text} at (0,162) size 424x17
        text run at (0,162) width 424: "ffffffffffffffffffffffffffffffffffffffffffffffffffffffffffffffffffffffffffffffffffff"
      LayoutBR {BR} at (423,176) size 1x0
      LayoutText {#text} at (0,180) size 424x17
        text run at (0,180) width 424: "ffffffffffffffffffffffffffffffffffffffffffffffffffffffffffffffffffffffffffffffffffff"
      LayoutBR {BR} at (423,194) size 1x0
      LayoutText {#text} at (0,198) size 424x17
        text run at (0,198) width 424: "ffffffffffffffffffffffffffffffffffffffffffffffffffffffffffffffffffffffffffffffffffff"
      LayoutBR {BR} at (423,212) size 1x0
      LayoutText {#text} at (0,216) size 424x17
        text run at (0,216) width 424: "ffffffffffffffffffffffffffffffffffffffffffffffffffffffffffffffffffffffffffffffffffff"
      LayoutBR {BR} at (423,230) size 1x0
      LayoutText {#text} at (0,234) size 424x17
        text run at (0,234) width 424: "ffffffffffffffffffffffffffffffffffffffffffffffffffffffffffffffffffffffffffffffffffff"
      LayoutBR {BR} at (423,248) size 1x0
      LayoutText {#text} at (0,252) size 424x17
        text run at (0,252) width 424: "ffffffffffffffffffffffffffffffffffffffffffffffffffffffffffffffffffffffffffffffffffff"
      LayoutBR {BR} at (423,266) size 1x0
      LayoutText {#text} at (0,270) size 424x17
        text run at (0,270) width 424: "ffffffffffffffffffffffffffffffffffffffffffffffffffffffffffffffffffffffffffffffffffff"
      LayoutBR {BR} at (423,284) size 1x0
      LayoutText {#text} at (0,288) size 424x17
        text run at (0,288) width 424: "ffffffffffffffffffffffffffffffffffffffffffffffffffffffffffffffffffffffffffffffffffff"
      LayoutBR {BR} at (423,302) size 1x0
      LayoutText {#text} at (0,306) size 424x17
        text run at (0,306) width 424: "ffffffffffffffffffffffffffffffffffffffffffffffffffffffffffffffffffffffffffffffffffff"
      LayoutBR {BR} at (423,320) size 1x0
      LayoutText {#text} at (0,324) size 424x17
        text run at (0,324) width 424: "ffffffffffffffffffffffffffffffffffffffffffffffffffffffffffffffffffffffffffffffffffff"
      LayoutBR {BR} at (423,338) size 1x0
      LayoutText {#text} at (0,342) size 424x17
        text run at (0,342) width 424: "ffffffffffffffffffffffffffffffffffffffffffffffffffffffffffffffffffffffffffffffffffff"
      LayoutBR {BR} at (423,356) size 1x0
      LayoutText {#text} at (0,360) size 424x17
        text run at (0,360) width 424: "ffffffffffffffffffffffffffffffffffffffffffffffffffffffffffffffffffffffffffffffffffff"
      LayoutBR {BR} at (423,374) size 1x0
      LayoutText {#text} at (0,378) size 424x17
        text run at (0,378) width 424: "ffffffffffffffffffffffffffffffffffffffffffffffffffffffffffffffffffffffffffffffffffff"
      LayoutBR {BR} at (423,392) size 1x0
      LayoutText {#text} at (0,396) size 424x17
        text run at (0,396) width 424: "ffffffffffffffffffffffffffffffffffffffffffffffffffffffffffffffffffffffffffffffffffff"
      LayoutBR {BR} at (423,410) size 1x0
      LayoutText {#text} at (0,414) size 424x17
        text run at (0,414) width 424: "ffffffffffffffffffffffffffffffffffffffffffffffffffffffffffffffffffffffffffffffffffff"
      LayoutBR {BR} at (423,428) size 1x0
      LayoutText {#text} at (0,432) size 424x17
        text run at (0,432) width 424: "ffffffffffffffffffffffffffffffffffffffffffffffffffffffffffffffffffffffffffffffffffff"
      LayoutBR {BR} at (423,446) size 1x0
      LayoutText {#text} at (0,450) size 424x17
        text run at (0,450) width 424: "ffffffffffffffffffffffffffffffffffffffffffffffffffffffffffffffffffffffffffffffffffff"
      LayoutBR {BR} at (423,464) size 1x0
      LayoutText {#text} at (0,468) size 424x17
        text run at (0,468) width 424: "ffffffffffffffffffffffffffffffffffffffffffffffffffffffffffffffffffffffffffffffffffff"
      LayoutBR {BR} at (423,482) size 1x0
      LayoutText {#text} at (0,486) size 424x17
        text run at (0,486) width 424: "ffffffffffffffffffffffffffffffffffffffffffffffffffffffffffffffffffffffffffffffffffff"
      LayoutBR {BR} at (423,500) size 1x0
      LayoutText {#text} at (0,504) size 424x17
        text run at (0,504) width 424: "ffffffffffffffffffffffffffffffffffffffffffffffffffffffffffffffffffffffffffffffffffff"
      LayoutBR {BR} at (423,518) size 1x0
      LayoutText {#text} at (0,522) size 424x17
        text run at (0,522) width 424: "ffffffffffffffffffffffffffffffffffffffffffffffffffffffffffffffffffffffffffffffffffff"
      LayoutBR {BR} at (423,536) size 1x0
      LayoutText {#text} at (0,540) size 424x17
        text run at (0,540) width 424: "ffffffffffffffffffffffffffffffffffffffffffffffffffffffffffffffffffffffffffffffffffff"
      LayoutBR {BR} at (423,554) size 1x0
      LayoutText {#text} at (0,558) size 424x17
        text run at (0,558) width 424: "ffffffffffffffffffffffffffffffffffffffffffffffffffffffffffffffffffffffffffffffffffff"
      LayoutBR {BR} at (423,572) size 1x0
      LayoutText {#text} at (0,576) size 424x17
        text run at (0,576) width 424: "ffffffffffffffffffffffffffffffffffffffffffffffffffffffffffffffffffffffffffffffffffff"
      LayoutBR {BR} at (423,590) size 1x0
      LayoutText {#text} at (0,594) size 424x17
        text run at (0,594) width 424: "ffffffffffffffffffffffffffffffffffffffffffffffffffffffffffffffffffffffffffffffffffff"
      LayoutBR {BR} at (423,608) size 1x0
      LayoutText {#text} at (0,612) size 424x17
        text run at (0,612) width 424: "ffffffffffffffffffffffffffffffffffffffffffffffffffffffffffffffffffffffffffffffffffff"
      LayoutBR {BR} at (423,626) size 1x0
      LayoutText {#text} at (0,630) size 424x17
        text run at (0,630) width 424: "ffffffffffffffffffffffffffffffffffffffffffffffffffffffffffffffffffffffffffffffffffff"
      LayoutBR {BR} at (423,644) size 1x0
      LayoutText {#text} at (0,648) size 424x17
        text run at (0,648) width 424: "ffffffffffffffffffffffffffffffffffffffffffffffffffffffffffffffffffffffffffffffffffff"
      LayoutBR {BR} at (423,662) size 1x0
      LayoutText {#text} at (0,666) size 424x17
        text run at (0,666) width 424: "ffffffffffffffffffffffffffffffffffffffffffffffffffffffffffffffffffffffffffffffffffff"
      LayoutBR {BR} at (423,680) size 1x0
      LayoutText {#text} at (0,684) size 424x17
        text run at (0,684) width 424: "ffffffffffffffffffffffffffffffffffffffffffffffffffffffffffffffffffffffffffffffffffff"
      LayoutBR {BR} at (423,698) size 1x0
      LayoutText {#text} at (0,702) size 424x17
        text run at (0,702) width 424: "ffffffffffffffffffffffffffffffffffffffffffffffffffffffffffffffffffffffffffffffffffff"
      LayoutBR {BR} at (423,716) size 1x0
      LayoutText {#text} at (0,720) size 424x17
        text run at (0,720) width 424: "ffffffffffffffffffffffffffffffffffffffffffffffffffffffffffffffffffffffffffffffffffff"
      LayoutBR {BR} at (423,734) size 1x0
      LayoutText {#text} at (0,738) size 424x17
        text run at (0,738) width 424: "ffffffffffffffffffffffffffffffffffffffffffffffffffffffffffffffffffffffffffffffffffff"
      LayoutBR {BR} at (423,752) size 1x0
      LayoutText {#text} at (0,756) size 424x17
        text run at (0,756) width 424: "ffffffffffffffffffffffffffffffffffffffffffffffffffffffffffffffffffffffffffffffffffff"
      LayoutBR {BR} at (423,770) size 1x0
      LayoutText {#text} at (0,774) size 424x17
        text run at (0,774) width 424: "ffffffffffffffffffffffffffffffffffffffffffffffffffffffffffffffffffffffffffffffffffff"
      LayoutBR {BR} at (423,788) size 1x0
      LayoutText {#text} at (0,792) size 424x17
        text run at (0,792) width 424: "ffffffffffffffffffffffffffffffffffffffffffffffffffffffffffffffffffffffffffffffffffff"
      LayoutBR {BR} at (423,806) size 1x0
      LayoutText {#text} at (0,810) size 424x17
        text run at (0,810) width 424: "ffffffffffffffffffffffffffffffffffffffffffffffffffffffffffffffffffffffffffffffffffff"
      LayoutBR {BR} at (423,824) size 1x0
      LayoutText {#text} at (0,828) size 424x17
        text run at (0,828) width 424: "ffffffffffffffffffffffffffffffffffffffffffffffffffffffffffffffffffffffffffffffffffff"
      LayoutBR {BR} at (423,842) size 1x0
      LayoutText {#text} at (0,846) size 424x17
        text run at (0,846) width 424: "ffffffffffffffffffffffffffffffffffffffffffffffffffffffffffffffffffffffffffffffffffff"
      LayoutBR {BR} at (423,860) size 1x0
      LayoutText {#text} at (0,864) size 424x17
        text run at (0,864) width 424: "ffffffffffffffffffffffffffffffffffffffffffffffffffffffffffffffffffffffffffffffffffff"
      LayoutBR {BR} at (423,878) size 1x0
      LayoutText {#text} at (0,882) size 424x17
        text run at (0,882) width 424: "ffffffffffffffffffffffffffffffffffffffffffffffffffffffffffffffffffffffffffffffffffff"
      LayoutBR {BR} at (423,896) size 1x0
      LayoutText {#text} at (0,900) size 424x17
        text run at (0,900) width 424: "ffffffffffffffffffffffffffffffffffffffffffffffffffffffffffffffffffffffffffffffffffff"
      LayoutBR {BR} at (423,914) size 1x0
      LayoutText {#text} at (0,918) size 424x17
        text run at (0,918) width 424: "ffffffffffffffffffffffffffffffffffffffffffffffffffffffffffffffffffffffffffffffffffff"
      LayoutBR {BR} at (423,932) size 1x0
      LayoutText {#text} at (0,936) size 424x17
        text run at (0,936) width 424: "ffffffffffffffffffffffffffffffffffffffffffffffffffffffffffffffffffffffffffffffffffff"
      LayoutBR {BR} at (423,950) size 1x0
      LayoutText {#text} at (0,954) size 424x17
        text run at (0,954) width 424: "ffffffffffffffffffffffffffffffffffffffffffffffffffffffffffffffffffffffffffffffffffff"
      LayoutBR {BR} at (423,968) size 1x0
      LayoutText {#text} at (0,972) size 424x17
        text run at (0,972) width 424: "ffffffffffffffffffffffffffffffffffffffffffffffffffffffffffffffffffffffffffffffffffff"
      LayoutBR {BR} at (423,986) size 1x0
