layer at (0,0) size 800x600
  LayoutView at (0,0) size 800x600
layer at (0,0) size 800x388
  LayoutBlockFlow {HTML} at (0,0) size 800x388
    LayoutBlockFlow {BODY} at (32,32) size 736x324 [bgcolor=#CCCCCC]
layer at (143,32) size 514x146 clip at (144,33) size 497x144 scrollHeight 325
  LayoutBlockFlow {DIV} at (111,0) size 514x146 [bgcolor=#FFFFFF] [border: (1px solid #999999)]
    LayoutBlockFlow {P} at (17,17) size 465x72
      LayoutText {#text} at (0,0) size 225x17
        text run at (0,0) width 225: "This page is to test the behavior of "
      LayoutInline {CODE} at (0,0) size 137x16
        LayoutText {#text} at (224,2) size 137x16
          text run at (224,2) width 137: "position:absolute"
      LayoutText {#text} at (360,0) size 456x35
        text run at (360,0) width 96: " content which"
        text run at (0,18) width 295: "is a child of an overflowed parent object with "
      LayoutInline {CODE} at (0,0) size 105x16
        LayoutText {#text} at (294,20) size 105x16
          text run at (294,20) width 105: "overflow:auto"
      LayoutText {#text} at (398,18) size 435x35
        text run at (398,18) width 37: ", both"
        text run at (0,36) width 176: "when the parent element is "
      LayoutInline {CODE} at (0,0) size 121x16
        LayoutText {#text} at (175,38) size 121x16
          text run at (175,38) width 121: "position:static"
      LayoutText {#text} at (295,36) size 95x17
        text run at (295,36) width 95: " (top case) and"
      LayoutInline {CODE} at (0,0) size 136x16
        LayoutText {#text} at (0,56) size 136x16
          text run at (0,56) width 136: "position:relative"
      LayoutText {#text} at (136,54) size 96x17
        text run at (136,54) width 96: " (bottom case)."
    LayoutBlockFlow {P} at (17,105) size 465x192 [color=#999999]
      LayoutText {#text} at (0,0) size 464x191
        text run at (0,0) width 454: "Following extra content exists to ensure that the parent box overflows properly. Sed"
        text run at (0,16) width 449: "ut perspiciatis unde omnis iste natus error sit voluptatem accusantium doloremque"
        text run at (0,32) width 454: "laudantium, totam rem aperiam, eaque ipsa quae ab illo inventore veritatis et quasi"
        text run at (0,48) width 433: "architecto beatae vitae dicta sunt explicabo. Nemo enim ipsam voluptatem quia"
        text run at (0,64) width 453: "voluptas sit aspernatur aut odit aut fugit, sed quia consequuntur magni dolores eos"
        text run at (0,80) width 462: "qui ratione voluptatem sequi nesciunt. Neque porro quisquam est, qui dolorem ipsum"
        text run at (0,96) width 435: "quia dolor sit amet, consectetur, adipisci velit, sed quia non numquam eius modi"
        text run at (0,112) width 454: "tempora incidunt ut labore et dolore magnam aliquam quaerat voluptatem. Ut enim"
        text run at (0,128) width 455: "ad minima veniam, quis nostrum exercitationem ullam corporis suscipit laboriosam,"
        text run at (0,144) width 448: "nisi ut aliquid ex ea commodi consequatur? Quis autem vel eum iure reprehenderit"
        text run at (0,160) width 464: "qui in ea voluptate velit esse quam nihil molestiae consequatur, vel illum qui dolorem"
        text run at (0,176) width 219: "eum fugiat quo voluptas nulla pariatur?"
layer at (0,0) size 40x34 transparent
  LayoutBlockFlow (positioned) {P} at (0,0) size 40.45x34 [bgcolor=#FF0000]
    LayoutText {#text} at (8,8) size 25x17
      text run at (8,8) width 25: "hi 1"
layer at (143,210) size 514x146 clip at (144,211) size 497x144 scrollHeight 377
  LayoutBlockFlow (relative positioned) {DIV} at (111,178) size 514x146 [bgcolor=#FFFFFF] [border: (1px solid #999999)]
    LayoutBlockFlow {P} at (17,17) size 465x36
      LayoutText {#text} at (0,0) size 459x35
        text run at (0,0) width 459: "Safari v1.2.2 incorrectly scrolls the 'hi 1' div when its parent is scrolled."
        text run at (0,18) width 351: "If you resize the page even a little, this bug fixes itself."
    LayoutBlockFlow {P} at (17,69) size 465x72
      LayoutText {#text} at (0,0) size 410x17
        text run at (0,0) width 410: "Safari v1.2.2 also (really odd) causes the entire second div to be"
      LayoutInline {CODE} at (0,0) size 88x16
        LayoutText {#text} at (0,20) size 88x16
          text run at (0,20) width 88: "opacity:0.5"
      LayoutText {#text} at (88,18) size 451x53
        text run at (88,18) width 357: ", despite the fact that this property is only applied to the"
        text run at (0,36) width 451: "child item. This problem fixes itself if you resize the window and then"
        text run at (0,54) width 87: "scroll the div."
    LayoutBlockFlow {P} at (17,157) size 465x192 [color=#999999]
      LayoutText {#text} at (0,0) size 464x191
        text run at (0,0) width 454: "Following extra content exists to ensure that the parent box overflows properly. Sed"
        text run at (0,16) width 449: "ut perspiciatis unde omnis iste natus error sit voluptatem accusantium doloremque"
        text run at (0,32) width 454: "laudantium, totam rem aperiam, eaque ipsa quae ab illo inventore veritatis et quasi"
        text run at (0,48) width 433: "architecto beatae vitae dicta sunt explicabo. Nemo enim ipsam voluptatem quia"
        text run at (0,64) width 453: "voluptas sit aspernatur aut odit aut fugit, sed quia consequuntur magni dolores eos"
        text run at (0,80) width 462: "qui ratione voluptatem sequi nesciunt. Neque porro quisquam est, qui dolorem ipsum"
        text run at (0,96) width 435: "quia dolor sit amet, consectetur, adipisci velit, sed quia non numquam eius modi"
        text run at (0,112) width 454: "tempora incidunt ut labore et dolore magnam aliquam quaerat voluptatem. Ut enim"
        text run at (0,128) width 455: "ad minima veniam, quis nostrum exercitationem ullam corporis suscipit laboriosam,"
        text run at (0,144) width 448: "nisi ut aliquid ex ea commodi consequatur? Quis autem vel eum iure reprehenderit"
        text run at (0,160) width 464: "qui in ea voluptate velit esse quam nihil molestiae consequatur, vel illum qui dolorem"
        text run at (0,176) width 219: "eum fugiat quo voluptas nulla pariatur?"
layer at (144,211) size 40x34 transparent
  LayoutBlockFlow (positioned) {P} at (1,1) size 40.45x34 [bgcolor=#FF0000]
    LayoutText {#text} at (8,8) size 25x17
      text run at (8,8) width 25: "hi 2"
