layer at (0,0) size 800x600
  LayoutView at (0,0) size 800x600
layer at (0,0) size 800x600
  LayoutBlockFlow {HTML} at (0,0) size 800x600
    LayoutBlockFlow {BODY} at (8,8) size 784x584
layer at (8,8) size 60x40
  LayoutBlockFlow (relative positioned) {DIV} at (0,0) size 60x40
    LayoutBlockFlow {DIV} at (20,0) size 20x40 [bgcolor=#FF0000]
layer at (28,8) size 40x40
  LayoutBlockFlow (positioned) {DIV} at (20,0) size 40x40 [color=#008000]
    LayoutText {#text} at (0,0) size 20x40
      text run at (0,0) width 20: "X"
      text run at (0,20) width 20: "X"
