layer at (0,0) size 800x600
  LayoutView at (0,0) size 800x600
layer at (0,0) size 800x600
  LayoutBlockFlow {HTML} at (0,0) size 800x600
    LayoutBlockFlow {BODY} at (8,8) size 784x584
      LayoutBlockFlow {DIV} at (0,0) size 784x50
        LayoutText {#text} at (0,0) size 100x50
          text run at (0,0) width 100: "X "
        LayoutText {#text} at (0,0) size 0x0
        LayoutInline {SPAN} at (0,0) size 50x50 [color=#FF0000]
          LayoutText {#text} at (100,0) size 50x50
            text run at (100,0) width 50: "Y"
        LayoutText {#text} at (0,0) size 0x0
layer at (108,8) size 50x50
  LayoutImage (positioned) {IMG} at (108,8) size 50x50 [bgcolor=#008000]
