layer at (0,0) size 800x600
  LayoutView at (0,0) size 800x600
layer at (0,0) size 800x52
  LayoutBlockFlow {HTML} at (0,0) size 800x52
    LayoutBlockFlow {BODY} at (8,16) size 784x20
      LayoutBlockFlow {P} at (0,0) size 784x20
        LayoutBlockFlow {INPUT} at (4,3) size 13x13 [bgcolor=#00FF00]
        LayoutText {#text} at (20,2) size 4x17
          text run at (20,2) width 4: " "
        LayoutInline {SPAN} at (0,0) size 394x17 [bgcolor=#00FF00]
          LayoutText {#text} at (24,2) size 394x17
            text run at (24,2) width 394: "Everything in this paragraph should have a green background"
