layer at (0,0) size 800x600
  LayoutView at (0,0) size 800x600
layer at (0,0) size 800x384
  LayoutBlockFlow {HTML} at (0,0) size 800x384
    LayoutBlockFlow {BODY} at (8,16) size 784x352
      LayoutBlockFlow {P} at (0,0) size 784x18 [bgcolor=#00FF00]
        LayoutText {#text} at (0,0) size 297x17
          text run at (0,0) width 297: "This paragraph should have green background"
      LayoutBlockFlow {ADDRESS} at (0,34) size 784x18
        LayoutText {#text} at (0,0) size 234x17
          text run at (0,0) width 234: "And this address should be unstyled."
      LayoutBlockFlow {P} at (0,68) size 784x18 [bgcolor=#00FF00]
        LayoutText {#text} at (0,0) size 332x17
          text run at (0,0) width 332: "This paragraph should also have green background!"
      LayoutBlockFlow {P} at (0,102) size 784x18
        LayoutText {#text} at (0,0) size 244x17
          text run at (0,0) width 244: "But this one should be unstyled again."
      LayoutBlockFlow {DL} at (0,136) size 784x216
        LayoutBlockFlow {DT} at (0,0) size 784x18
          LayoutText {#text} at (0,0) size 129x17
            text run at (0,0) width 129: "First definition term"
        LayoutBlockFlow {DD} at (40,18) size 744x18
          LayoutText {#text} at (0,0) size 96x17
            text run at (0,0) width 96: "First definition"
        LayoutBlockFlow {DT} at (0,36) size 784x18 [bgcolor=#00FF00]
          LayoutText {#text} at (0,0) size 375x17
            text run at (0,0) width 375: "Second definition term that should have green background"
        LayoutBlockFlow {DD} at (40,54) size 744x18 [bgcolor=#00FF00]
          LayoutText {#text} at (0,0) size 342x17
            text run at (0,0) width 342: "Second definition that should have green background"
        LayoutBlockFlow {DT} at (0,72) size 784x18 [bgcolor=#00FF00]
          LayoutText {#text} at (0,0) size 363x17
            text run at (0,0) width 363: "Third definition term that should have green background"
        LayoutBlockFlow {DD} at (40,90) size 744x18 [bgcolor=#00FF00]
          LayoutText {#text} at (0,0) size 330x17
            text run at (0,0) width 330: "Third definition that should have green background"
        LayoutBlockFlow {DT} at (0,108) size 784x18
          LayoutText {#text} at (0,0) size 143x17
            text run at (0,0) width 143: "Fourth definition term"
        LayoutBlockFlow {DD} at (40,126) size 744x18
          LayoutText {#text} at (0,0) size 109x17
            text run at (0,0) width 109: "Fourth definition"
        LayoutBlockFlow {DT} at (0,144) size 784x18 [bgcolor=#00FF00]
          LayoutText {#text} at (0,0) size 359x17
            text run at (0,0) width 359: "Fifth definition term that should have green background"
        LayoutBlockFlow {DD} at (40,162) size 744x18 [bgcolor=#00FF00]
          LayoutText {#text} at (0,0) size 326x17
            text run at (0,0) width 326: "Fifth definition that should have green background"
        LayoutBlockFlow {DT} at (0,180) size 784x18 [bgcolor=#00FF00]
          LayoutText {#text} at (0,0) size 362x17
            text run at (0,0) width 362: "Sixth definition term that should have green background"
        LayoutBlockFlow {DD} at (40,198) size 744x18 [bgcolor=#00FF00]
          LayoutText {#text} at (0,0) size 328x17
            text run at (0,0) width 328: "Sixth definition that should have green background"
