CONSOLE ERROR: line 36: Uncaught TypeError: Cannot read property 'style' of null
CONSOLE ERROR: line 40: Uncaught TypeError: Cannot read property 'style' of null
CONSOLE ERROR: line 36: Uncaught TypeError: Cannot read property 'style' of null
CONSOLE ERROR: line 40: Uncaught TypeError: Cannot read property 'style' of null
layer at (0,0) size 800x600
  LayoutView at (0,0) size 800x600
layer at (0,0) size 800x600
  LayoutBlockFlow {HTML} at (0,0) size 800x600
    LayoutBlockFlow {BODY} at (8,8) size 784x584
      LayoutBlockFlow (floating) {DIV} at (5,5) size 66x30 [bgcolor=#ADD8E6]
        LayoutInline {SPAN} at (0,0) size 8x19
          LayoutText {#text} at (5,5) size 8x19
            text run at (5,5) width 8: "\x{25B8}"
        LayoutText {#text} at (13,5) size 48x19
          text run at (13,5) width 48: " Project"
        LayoutText {#text} at (0,0) size 0x0
selection start: position 0 of child 0 {#text} of child 1 {SPAN} of child 3 {DIV} of body
selection end:   position 0 of child 1 {#text} of child 3 {DIV} of child 3 {DIV} of body
