layer at (0,0) size 800x600
  LayoutView at (0,0) size 800x600
layer at (0,0) size 800x320
  LayoutBlockFlow {HTML} at (0,0) size 800x320
    LayoutBlockFlow {BODY} at (8,16) size 784x288
      LayoutBlockFlow {P} at (0,0) size 784x22
        LayoutTextControl {INPUT} at (631,0) size 153x22 [bgcolor=#FFFFFF] [border: (2px inset #EEEEEE)]
          LayoutFlexibleBox {DIV} at (2,3) size 149x16
            LayoutBlockFlow {DIV} at (15,0) size 134x16
        LayoutText {#text} at (0,0) size 0x0
      LayoutBlockFlow {P} at (0,38) size 784x22
        LayoutTextControl {INPUT} at (631,0) size 153x22 [bgcolor=#FFFFFF] [border: (2px inset #EEEEEE)]
          LayoutFlexibleBox {DIV} at (2,3) size 149x16
            LayoutBlockFlow {DIV} at (15,0) size 134x16
        LayoutText {#text} at (0,0) size 0x0
      LayoutBlockFlow {P} at (0,76) size 784x22
        LayoutTextControl {INPUT} at (0,0) size 153x22 [bgcolor=#FFFFFF] [border: (2px inset #EEEEEE)]
          LayoutFlexibleBox {DIV} at (2,3) size 149x16
            LayoutBlockFlow {DIV} at (15,0) size 134x16
        LayoutText {#text} at (0,0) size 0x0
      LayoutBlockFlow {P} at (0,114) size 784x22
        LayoutTextControl {INPUT} at (0,0) size 153x22 [bgcolor=#FFFFFF] [border: (2px inset #EEEEEE)]
          LayoutFlexibleBox {DIV} at (2,3) size 149x16
            LayoutBlockFlow {DIV} at (15,0) size 134x16
            LayoutBlockFlow {DIV} at (0,0) size 15x16
        LayoutText {#text} at (0,0) size 0x0
        LayoutText {#text} at (0,0) size 0x0
      LayoutBlockFlow {P} at (0,152) size 784x22
        LayoutTextControl {INPUT} at (0,0) size 153x22 [bgcolor=#FFFFFF] [border: (2px inset #EEEEEE)]
          LayoutFlexibleBox {DIV} at (2,3) size 149x16
            LayoutBlockFlow {DIV} at (0,0) size 134x16
        LayoutText {#text} at (0,0) size 0x0
      LayoutBlockFlow {P} at (0,190) size 784x22
        LayoutTextControl {INPUT} at (0,0) size 153x22 [bgcolor=#FFFFFF] [border: (2px inset #EEEEEE)]
          LayoutFlexibleBox {DIV} at (2,3) size 149x16
            LayoutBlockFlow {DIV} at (0,0) size 134x16
        LayoutText {#text} at (0,0) size 0x0
        LayoutText {#text} at (0,0) size 0x0
      LayoutBlockFlow {P} at (0,228) size 784x22
        LayoutTextControl {INPUT} at (0,0) size 153x22 [bgcolor=#FFFFFF] [border: (2px inset #EEEEEE)]
          LayoutFlexibleBox {DIV} at (2,3) size 149x16
            LayoutBlockFlow {DIV} at (15,0) size 134x16
        LayoutText {#text} at (0,0) size 0x0
      LayoutBlockFlow {P} at (0,266) size 784x22
        LayoutTextControl {INPUT} at (0,0) size 153x22 [bgcolor=#FFFFFF] [border: (2px inset #EEEEEE)]
          LayoutFlexibleBox {DIV} at (2,3) size 149x16
            LayoutBlockFlow {DIV} at (15,0) size 134x16
        LayoutText {#text} at (0,0) size 0x0
        LayoutText {#text} at (0,0) size 0x0
layer at (656,19) size 134x16
  LayoutBlockFlow {DIV} at (0,0) size 134x16
    LayoutText {#text} at (127,0) size 7x16
      text run at (127,0) width 7: "1"
layer at (656,57) size 134x16
  LayoutBlockFlow {DIV} at (0,0) size 134x16
    LayoutText {#text} at (127,0) size 7x16
      text run at (127,0) width 7: "2"
layer at (25,95) size 134x16
  LayoutBlockFlow {DIV} at (0,0) size 134x16
    LayoutText {#text} at (127,0) size 7x16
      text run at (127,0) width 7: "3"
layer at (25,133) size 134x16
  LayoutBlockFlow {DIV} at (0,0) size 134x16
    LayoutText {#text} at (106,0) size 28x16
      text run at (106,0) width 28: "1234"
layer at (10,171) size 134x16
  LayoutBlockFlow {DIV} at (0,0) size 134x16
    LayoutText {#text} at (0,0) size 7x16
      text run at (0,0) width 7: "5"
layer at (10,209) size 134x16
  LayoutBlockFlow {DIV} at (0,0) size 134x16
    LayoutText {#text} at (0,0) size 7x16
      text run at (0,0) width 7: "6"
layer at (25,247) size 134x16
  LayoutBlockFlow {DIV} at (0,0) size 134x16
    LayoutText {#text} at (127,0) size 7x16
      text run at (127,0) width 7: "7"
layer at (25,285) size 134x16
  LayoutBlockFlow {DIV} at (0,0) size 134x16
    LayoutText {#text} at (127,0) size 7x16
      text run at (127,0) width 7: "8"
layer at (641,19) size 15x16 transparent
  LayoutBlockFlow {DIV} at (0,0) size 15x16
layer at (641,57) size 15x16 transparent
  LayoutBlockFlow {DIV} at (0,0) size 15x16
layer at (10,95) size 15x16 transparent
  LayoutBlockFlow {DIV} at (0,0) size 15x16
layer at (144,171) size 15x16 transparent
  LayoutBlockFlow {DIV} at (134,0) size 15x16
layer at (144,209) size 15x16 transparent
  LayoutBlockFlow {DIV} at (134,0) size 15x16
layer at (10,247) size 15x16 transparent
  LayoutBlockFlow {DIV} at (0,0) size 15x16
layer at (10,285) size 15x16 transparent
  LayoutBlockFlow {DIV} at (0,0) size 15x16
caret: position 4 of child 0 {#text} of child 0 {DIV} of child 0 {DIV} of child 0 {DIV} of {#document-fragment} of child 0 {INPUT} of child 6 {P} of body
