layer at (0,0) size 800x600
  LayoutView at (0,0) size 800x600
layer at (0,0) size 800x60
  LayoutBlockFlow {HTML} at (0,0) size 800x60
    LayoutBlockFlow {BODY} at (8,8) size 784x44
      LayoutBR {BR} at (153,1) size 0x19
      LayoutTextControl {INPUT} at (0,22) size 153x22 [bgcolor=#FFFFFF] [border: (2px inset #EEEEEE)]
        LayoutFlexibleBox {DIV} at (2,3) size 149x16
          LayoutBlockFlow {DIV} at (0,0) size 134x16
      LayoutText {#text} at (0,0) size 0x0
layer at (10,33) size 134x16
  LayoutBlockFlow {DIV} at (0,0) size 134x16
    LayoutText {#text} at (0,0) size 14x16
      text run at (0,0) width 14: "10"
layer at (8,8) size 153x22 transparent
  LayoutTextControl {INPUT} at (0,0) size 153x22 [bgcolor=#FFFFFF] [border: (2px inset #EEEEEE)]
    LayoutFlexibleBox {DIV} at (2,3) size 149x16
      LayoutBlockFlow {DIV} at (0,0) size 134x16
layer at (10,11) size 134x16
  LayoutBlockFlow {DIV} at (0,0) size 134x16
    LayoutText {#text} at (0,0) size 14x16
      text run at (0,0) width 14: "10"
layer at (144,11) size 15x16 transparent
  LayoutBlockFlow {DIV} at (134,0) size 15x16
layer at (144,33) size 15x16 transparent
  LayoutBlockFlow {DIV} at (134,0) size 15x16
