EDITING DELEGATE: webViewDidChangeSelection:WebViewDidChangeSelectionNotification
EDITING DELEGATE: webViewDidChangeSelection:WebViewDidChangeSelectionNotification
EDITING DELEGATE: webViewDidChange:WebViewDidChangeNotification
EDITING DELEGATE: webViewDidChangeSelection:WebViewDidChangeSelectionNotification
EDITING DELEGATE: webViewDidChangeSelection:WebViewDidChangeSelectionNotification
EDITING DELEGATE: webViewDidChange:WebViewDidChangeNotification
layer at (0,0) size 800x600
  LayoutView at (0,0) size 800x600
layer at (0,0) size 800x600
  LayoutBlockFlow {HTML} at (0,0) size 800x600
    LayoutBlockFlow {BODY} at (8,8) size 784x584
      LayoutBlockFlow {P} at (0,0) size 784x18
        LayoutText {#text} at (0,0) size 343x18
          text run at (0,0) width 343: "This tests text insertion before/after an input element."
      LayoutBlockFlow {DIV} at (0,34) size 784x19
        LayoutText {#text} at (0,0) size 36x18
          text run at (0,0) width 36: "Hello"
        LayoutTextControl {INPUT} at (35.55,0) size 123x19 [bgcolor=#FFFFFF] [border: (2px inset #EEEEEE)]
        LayoutText {#text} at (158,0) size 41x18
          text run at (158,0) width 41: "World"
layer at (47,45) size 117x13
  LayoutBlockFlow {DIV} at (3,3) size 117x13
caret: position 5 of child 2 {#text} of child 2 {DIV} of body
