layer at (0,0) size 800x600
  LayoutView at (0,0) size 800x600
layer at (0,0) size 800x362
  LayoutBlockFlow {HTML} at (0,0) size 800x362
    LayoutBlockFlow {BODY} at (8,16) size 784x338
      LayoutBlockFlow {P} at (0,0) size 784x18
        LayoutText {#text} at (0,0) size 268x17
          text run at (0,0) width 268: "Test passes if the four boxes are identical."
      LayoutTable {TABLE} at (0,34) size 318x304
        LayoutTableSection {TBODY} at (0,0) size 318x304
          LayoutTableRow {TR} at (0,2) size 318x300
            LayoutTableCell {TD} at (2,2) size 156x300 [r=0 c=0 rs=1 cs=1]
              LayoutBlockFlow {DIV} at (11,11) size 134x134 [border: (19px solid #000000)]
              LayoutBlockFlow {DIV} at (11,155) size 134x134 [border: (19px solid #000000)]
            LayoutTableCell {TD} at (160,2) size 156x300 [r=0 c=1 rs=1 cs=1]
              LayoutBlockFlow {DIV} at (11,11) size 134x134 [border: (19px solid #000000)]
              LayoutBlockFlow {DIV} at (11,155) size 134x134 [border: (19px solid #000000)]
