layer at (0,0) size 800x600
  LayoutView at (0,0) size 800x600
layer at (0,0) size 800x600
  LayoutBlockFlow {HTML} at (0,0) size 800x600
    LayoutBlockFlow {BODY} at (8,8) size 784x584
      LayoutBlockFlow {P} at (0,0) size 784x18
        LayoutText {#text} at (0,0) size 331x17
          text run at (0,0) width 331: "The black outline box should stretch from the right "
        LayoutInline {SPAN} at (0,0) size 28x17 [color=#0000FF]
          LayoutText {#text} at (330,0) size 28x17
            text run at (330,0) width 28: "blue"
        LayoutText {#text} at (357,0) size 222x17
          text run at (357,0) width 222: " border on the first line, to the left "
        LayoutInline {SPAN} at (0,0) size 44x17 [color=#FFA500]
          LayoutText {#text} at (578,0) size 44x17
            text run at (578,0) width 44: "orange"
        LayoutText {#text} at (621,0) size 157x17
          text run at (621,0) width 157: " border on the third line."
      LayoutBlockFlow {DIV} at (0,34) size 600x72
        LayoutText {#text} at (408,0) size 192x17
          text run at (408,0) width 192 RTL override: "ILorem ipsum dolor sit amet, "
        LayoutText {#text} at (21,36) size 579x35
          text run at (21,36) width 28 RTL override: "duis"
          text run at (279,54) width 321 RTL override: "aute irure dolor in reprehenderit in voluptate velit."
layer at (8,42) size 576x55
  LayoutInline (relative positioned) {SPAN} at (0,0) size 576x55 [bgcolor=#008000] [border: (1px solid #808080) (20px solid #0000FF) (1px solid #808080) (20px solid #FFA500)]
    LayoutText {#text} at (32,0) size 568x35
      text run at (32,0) width 337 RTL override: "con a pariatur. Excepteur sint occaecat cupidatat non"
      text run at (224,18) width 376 RTL override: "proident, sunt in culp qui officia deserunt mollit animequs "
    LayoutText {#text} at (24,18) size 576x35
      text run at (24,18) width 201 RTL override: "ILOREM ipsum dol sDuis aute"
      text run at (88,36) width 512 RTL override: "irure dolor in reprehenderit in voluptate velit esse cillum dolore eu fugiat nullat "
layer at (87,42) size 301x53
  LayoutBlockFlow (positioned) {DIV} at (46.42,1) size 300.31x53
