layer at (0,0) size 800x600
  LayoutView at (0,0) size 800x600
layer at (0,0) size 800x80
  LayoutBlockFlow {HTML} at (0,0) size 800x80
    LayoutBlockFlow {BODY} at (8,16) size 784x56
      LayoutBlockFlow {P} at (0,0) size 784x20 [bgcolor=#00FF00]
        LayoutText {#text} at (0,0) size 466x19
          text run at (0,0) width 466: "This paragraph should have green background because its language is \"en-gb\""
      LayoutBlockFlow {ADDRESS} at (0,36) size 784x20 [bgcolor=#00FF00]
        LayoutInline {SPAN} at (0,0) size 156x19
          LayoutText {#text} at (0,0) size 156x19
            text run at (0,0) width 156: "This address should also"
        LayoutText {#text} at (156,0) size 4x19
          text run at (156,0) width 4: " "
        LayoutInline {SPAN} at (0,0) size 514x19
          LayoutText {#text} at (160,0) size 514x19
            text run at (160,0) width 425: "have green background because the language of the inner SPANs "
            text run at (585,0) width 89: "is not French."
        LayoutText {#text} at (0,0) size 0x0
