layer at (0,0) size 800x600
  LayoutView at (0,0) size 800x600
layer at (0,0) size 800x600
  LayoutBlockFlow {HTML} at (0,0) size 800x600
    LayoutBlockFlow {BODY} at (8,8) size 784x576
      LayoutBlockFlow {P} at (0,0) size 784x40
        LayoutText {#text} at (0,0) size 780x39
          text run at (0,0) width 328: "This test verifies we can render bold Bengali properly. "
          text run at (328,0) width 452: "(This is complicated on Linux because it's typically covered by fake-bolded"
          text run at (0,20) width 370: "FreeSans even though there's also a FreeSansBold available.)"
      LayoutBlockFlow {P} at (0,56) size 784x20
        LayoutText {#text} at (0,0) size 704x19
          text run at (0,0) width 459: "The test passes if the two words below look similar, but the top one is bold. "
          text run at (459,0) width 245: "There should be no missing-glyph boxes."
      LayoutBlockFlow {P} at (0,92) size 784x21
        LayoutInline {B} at (0,0) size 29x19
          LayoutText {#text} at (0,0) size 29x19
            text run at (0,0) width 29: "\x{9AC}\x{9BE}\x{982}\x{9B2}\x{9BE}"
      LayoutBlockFlow {P} at (0,129) size 784x0
      LayoutBlockFlow {P} at (0,129) size 784x21
        LayoutText {#text} at (0,0) size 24x19
          text run at (0,0) width 24: "\x{9AC}\x{9BE}\x{982}\x{9B2}\x{9BE}"
