layer at (0,0) size 800x600
  LayoutView at (0,0) size 800x600
layer at (0,0) size 800x600
  LayoutBlockFlow {HTML} at (0,0) size 800x600
    LayoutBlockFlow {BODY} at (8,8) size 784x576
      LayoutBlockFlow (anonymous) at (0,0) size 784x40
        LayoutText {#text} at (0,0) size 51x19
          text run at (0,0) width 51: "Test for "
        LayoutInline {A} at (0,0) size 66x19 [color=#0000EE]
          LayoutText {#text} at (51,0) size 66x19
            text run at (51,0) width 66: "bug 25464"
        LayoutText {#text} at (117,0) size 753x39
          text run at (117,0) width 636: ". Characters belonging to 'Common' script followed / preceeded by a space should be rendered correctly."
          text run at (0,20) width 546: "Two lines below have 4 Thai currency signs (U+0E3F) and all of them should be rendered."
      LayoutBlockFlow {P} at (0,56) size 784x42
        LayoutText {#text} at (0,1) size 283x19
          text run at (0,1) width 283: "abc \x{E25}\x{E07}\x{E17}\x{E38}\x{E19}4000\x{E3F} \x{E23}\x{E31}\x{E1A}\x{E1B}\x{E23}\x{E30}\x{E01}\x{E31}\x{E19}\x{E23}\x{E32}\x{E22}\x{E44}\x{E14}\x{E49} 50000\x{E3F}/M"
        LayoutBR {BR} at (283,16) size 0x0
        LayoutText {#text} at (0,22) size 283x19
          text run at (0,22) width 283: "abc \x{E25}\x{E07}\x{E17}\x{E38}\x{E19}4000 \x{E3F}\x{E23}\x{E31}\x{E1A}\x{E1B}\x{E23}\x{E30}\x{E01}\x{E31}\x{E19}\x{E23}\x{E32}\x{E22}\x{E44}\x{E14}\x{E49} 50000\x{E3F}/M"
