layer at (0,0) size 800x600 clip at (0,0) size 785x600 scrollHeight 28087
  LayoutView at (0,0) size 800x600
layer at (0,0) size 785x600
  LayoutBlockFlow {HTML} at (0,0) size 785x600
    LayoutBlockFlow {BODY} at (8,8) size 769x576
      LayoutBlockFlow {P} at (0,0) size 769x60
        LayoutText {#text} at (0,0) size 747x59
          text run at (0,0) width 747: "The column on the right has explicit spaces. Line breaks should be roughly the same if Thai line breaks are working well. The"
          text run at (0,20) width 734: "original source of this text was ICU, and the test program said \"by it's very nature, Thai word breaking is not exact\", so the"
          text run at (0,40) width 742: "columns don't match exactly. In a future version we might decide to tweak the right column to match our expected behavior."
layer at (236,84) size 1x26628 backgroundClip at (0,0) size 785x600 clip at (0,0) size 785x600
  LayoutBlockFlow (positioned) {DIV} at (235.50,84) size 1x26628
    LayoutText {#text} at (0,1) size 83x26626
      text run at (0,1) width 21: "\x{E1A}\x{E17}"
      text run at (0,22) width 49: "\x{E17}\x{E35}\x{E48}\x{E51}\x{E1E}\x{E32}\x{E22}\x{E38}"
      text run at (0,43) width 57: "\x{E44}\x{E0B}\x{E42}\x{E04}\x{E25}\x{E19}"
      text run at (0,64) width 18: "\x{E42}\x{E14}"
      text run at (0,85) width 24: "\x{E42}\x{E23}\x{E18}\x{E35}"
      text run at (0,106) width 37: "\x{E2D}\x{E32}\x{E28}\x{E31}\x{E22}"
      text run at (0,127) width 19: "\x{E2D}\x{E22}\x{E39}\x{E48}"
      text run at (0,148) width 64: "\x{E17}\x{E48}\x{E32}\x{E21}\x{E01}\x{E25}\x{E32}\x{E07}"
      text run at (0,169) width 49: "\x{E17}\x{E38}\x{E48}\x{E07}\x{E43}\x{E2B}\x{E0D}\x{E48}"
      text run at (0,190) width 17: "\x{E43}\x{E19}"
      text run at (0,211) width 50: "\x{E41}\x{E04}\x{E19}\x{E0B}\x{E31}\x{E2A}"
      text run at (0,232) width 19: "\x{E01}\x{E31}\x{E1A}"
      text run at (0,253) width 18: "\x{E25}\x{E38}\x{E07}"
      text run at (0,274) width 15: "\x{E40}\x{E2E}"
      text run at (0,295) width 17: "\x{E19}\x{E23}\x{E35}"
      text run at (0,316) width 41: "\x{E0A}\x{E32}\x{E27}\x{E44}\x{E23}\x{E48}"
      text run at (0,337) width 26: "\x{E41}\x{E25}\x{E30}"
      text run at (0,358) width 18: "\x{E1B}\x{E49}\x{E32}"
      text run at (0,379) width 25: "\x{E40}\x{E2D}\x{E47}\x{E21}"
      text run at (0,400) width 41: "\x{E20}\x{E23}\x{E23}\x{E22}\x{E32}"
      text run at (0,421) width 41: "\x{E0A}\x{E32}\x{E27}\x{E44}\x{E23}\x{E48}"
      text run at (0,442) width 28: "\x{E1A}\x{E49}\x{E32}\x{E19}"
      text run at (0,463) width 28: "\x{E02}\x{E2D}\x{E07}"
      text run at (0,484) width 28: "\x{E1E}\x{E27}\x{E01}"
      text run at (0,505) width 23: "\x{E40}\x{E02}\x{E32}"
      text run at (0,526) width 28: "\x{E2B}\x{E25}\x{E31}\x{E07}"
      text run at (0,547) width 24: "\x{E40}\x{E25}\x{E47}\x{E01}"
      text run at (0,568) width 38: "\x{E40}\x{E1E}\x{E23}\x{E32}\x{E30}"
      text run at (0,589) width 18: "\x{E44}\x{E21}\x{E49}"
      text run at (0,610) width 33: "\x{E2A}\x{E23}\x{E49}\x{E32}\x{E07}"
      text run at (0,631) width 28: "\x{E1A}\x{E49}\x{E32}\x{E19}"
      text run at (0,652) width 28: "\x{E15}\x{E49}\x{E2D}\x{E07}"
      text run at (0,673) width 20: "\x{E02}\x{E19}"
      text run at (0,694) width 18: "\x{E21}\x{E32}"
      text run at (0,715) width 27: "\x{E14}\x{E49}\x{E27}\x{E22}"
      text run at (0,736) width 41: "\x{E40}\x{E01}\x{E27}\x{E35}\x{E22}\x{E19}"
      text run at (0,757) width 25: "\x{E40}\x{E1B}\x{E47}\x{E19}"
      text run at (0,778) width 30: "\x{E23}\x{E30}\x{E22}\x{E30}"
      text run at (0,799) width 27: "\x{E17}\x{E32}\x{E07}"
      text run at (0,820) width 37: "\x{E2B}\x{E25}\x{E32}\x{E22}"
      text run at (0,841) width 28: "\x{E44}\x{E21}\x{E25}\x{E4C}"
      text run at (0,862) width 28: "\x{E1A}\x{E49}\x{E32}\x{E19}"
      text run at (0,883) width 10: "\x{E21}\x{E35}"
      text run at (0,904) width 10: "\x{E2A}\x{E35}\x{E48}"
      text run at (0,925) width 18: "\x{E1D}\x{E32}"
      text run at (0,946) width 10: "\x{E21}\x{E35}"
      text run at (0,967) width 21: "\x{E1E}\x{E37}\x{E49}\x{E19}"
      text run at (0,988) width 19: "\x{E01}\x{E31}\x{E1A}"
      text run at (0,1009) width 46: "\x{E2B}\x{E25}\x{E31}\x{E07}\x{E04}\x{E32}"
      text run at (0,1030) width 25: "\x{E23}\x{E27}\x{E21}"
      text run at (0,1051) width 19: "\x{E17}\x{E33}"
      text run at (0,1072) width 25: "\x{E40}\x{E1B}\x{E47}\x{E19}"
      text run at (0,1093) width 28: "\x{E2B}\x{E49}\x{E2D}\x{E07}"
      text run at (0,1114) width 32: "\x{E40}\x{E14}\x{E35}\x{E22}\x{E27}"
      text run at (0,1135) width 17: "\x{E43}\x{E19}"
      text run at (0,1156) width 28: "\x{E2B}\x{E49}\x{E2D}\x{E07}"
      text run at (0,1177) width 10: "\x{E21}\x{E35}"
      text run at (0,1198) width 19: "\x{E17}\x{E31}\x{E49}\x{E07}"
      text run at (0,1219) width 23: "\x{E40}\x{E15}\x{E32}"
      text run at (0,1240) width 18: "\x{E2B}\x{E38}\x{E07}"
      text run at (0,1261) width 20: "\x{E15}\x{E49}\x{E21}"
      text run at (0,1282) width 11: "\x{E17}\x{E35}\x{E48}"
      text run at (0,1303) width 30: "\x{E2A}\x{E19}\x{E34}\x{E21}"
      text run at (0,1324) width 10: "\x{E14}\x{E39}"
      text run at (0,1345) width 20: "\x{E02}\x{E36}\x{E49}\x{E19}"
      text run at (0,1366) width 32: "\x{E40}\x{E25}\x{E2D}\x{E30}"
      text run at (0,1387) width 10: "\x{E21}\x{E35}"
      text run at (0,1408) width 10: "\x{E15}\x{E39}\x{E49}"
      text run at (0,1429) width 17: "\x{E43}\x{E2A}\x{E48}"
      text run at (0,1450) width 26: "\x{E16}\x{E49}\x{E27}\x{E22}"
      text run at (0,1471) width 28: "\x{E0A}\x{E32}\x{E21}"
      text run at (0,1492) width 25: "\x{E42}\x{E15}\x{E4A}\x{E30}"
      text run at (0,1513) width 32: "\x{E40}\x{E01}\x{E49}\x{E32}\x{E2D}\x{E35}\x{E49}"
      text run at (0,1534) width 28: "\x{E2A}\x{E32}\x{E21}"
      text run at (0,1555) width 27: "\x{E2B}\x{E23}\x{E37}\x{E2D}"
      text run at (0,1576) width 10: "\x{E2A}\x{E35}\x{E48}"
      text run at (0,1597) width 18: "\x{E15}\x{E31}\x{E27}"
      text run at (0,1618) width 27: "\x{E41}\x{E25}\x{E49}\x{E27}"
      text run at (0,1639) width 9: "\x{E01}\x{E47}"
      text run at (0,1660) width 10: "\x{E21}\x{E35}"
      text run at (0,1681) width 32: "\x{E40}\x{E15}\x{E35}\x{E22}\x{E07}"
      text run at (0,1702) width 30: "\x{E19}\x{E2D}\x{E19}"
      text run at (0,1723) width 18: "\x{E25}\x{E38}\x{E07}"
      text run at (0,1744) width 15: "\x{E40}\x{E2E}"
      text run at (0,1765) width 17: "\x{E19}\x{E23}\x{E35}"
      text run at (0,1786) width 19: "\x{E01}\x{E31}\x{E1A}"
      text run at (0,1807) width 18: "\x{E1B}\x{E49}\x{E32}"
      text run at (0,1828) width 25: "\x{E40}\x{E2D}\x{E47}\x{E21}"
      text run at (0,1849) width 10: "\x{E21}\x{E35}"
      text run at (0,1870) width 32: "\x{E40}\x{E15}\x{E35}\x{E22}\x{E07}"
      text run at (0,1891) width 30: "\x{E19}\x{E2D}\x{E19}"
      text run at (0,1912) width 30: "\x{E43}\x{E2B}\x{E0D}\x{E48}"
      text run at (0,1933) width 19: "\x{E2D}\x{E22}\x{E39}\x{E48}"
      text run at (0,1954) width 11: "\x{E17}\x{E35}\x{E48}"
      text run at (0,1975) width 20: "\x{E21}\x{E38}\x{E21}"
      text run at (0,1996) width 28: "\x{E2B}\x{E19}\x{E36}\x{E48}\x{E07}"
      text run at (0,2017) width 28: "\x{E2A}\x{E48}\x{E27}\x{E19}"
      text run at (0,2038) width 18: "\x{E42}\x{E14}"
      text run at (0,2059) width 15: "\x{E42}\x{E23}"
      text run at (0,2080) width 19: "\x{E18}\x{E35}\x{E21}\x{E35}"
      text run at (0,2101) width 32: "\x{E40}\x{E15}\x{E35}\x{E22}\x{E07}"
      text run at (0,2122) width 24: "\x{E40}\x{E25}\x{E47}\x{E01}"
      text run at (0,2143) width 19: "\x{E2D}\x{E35}\x{E01}"
      text run at (0,2164) width 11: "\x{E17}\x{E35}\x{E48}"
      text run at (0,2185) width 20: "\x{E21}\x{E38}\x{E21}"
      text run at (0,2206) width 28: "\x{E2B}\x{E19}\x{E36}\x{E48}\x{E07}"
      text run at (0,2227) width 28: "\x{E44}\x{E21}\x{E48}\x{E21}\x{E35}"
      text run at (0,2248) width 28: "\x{E2B}\x{E49}\x{E2D}\x{E07}"
      text run at (0,2269) width 17: "\x{E43}\x{E15}\x{E49}"
      text run at (0,2290) width 44: "\x{E40}\x{E1E}\x{E14}\x{E32}\x{E19}"
      text run at (0,2311) width 24: "\x{E40}\x{E25}\x{E22}"
      text run at (0,2332) width 28: "\x{E2B}\x{E49}\x{E2D}\x{E07}"
      text run at (0,2353) width 36: "\x{E43}\x{E15}\x{E49}\x{E16}\x{E38}\x{E19}"
      text run at (0,2374) width 9: "\x{E01}\x{E47}"
      text run at (0,2395) width 28: "\x{E44}\x{E21}\x{E48}\x{E21}\x{E35}"
      text run at (0,2416) width 23: "\x{E40}\x{E27}\x{E49}\x{E19}"
      text run at (0,2437) width 19: "\x{E41}\x{E15}\x{E48}"
      text run at (0,2458) width 10: "\x{E21}\x{E35}"
      text run at (0,2479) width 19: "\x{E42}\x{E1E}"
      text run at (0,2500) width 15: "\x{E23}\x{E07}"
      text run at (0,2521) width 32: "\x{E40}\x{E25}\x{E47}\x{E01}\x{E46}"
      text run at (0,2542) width 11: "\x{E17}\x{E35}\x{E48}"
      text run at (0,2563) width 20: "\x{E02}\x{E38}\x{E14}"
      text run at (0,2584) width 18: "\x{E44}\x{E1B}"
      text run at (0,2605) width 17: "\x{E43}\x{E15}\x{E49}"
      text run at (0,2626) width 21: "\x{E1E}\x{E37}\x{E49}\x{E19}"
      text run at (0,2647) width 30: "\x{E40}\x{E23}\x{E35}\x{E22}\x{E01}"
      text run at (0,2668) width 16: "\x{E27}\x{E48}\x{E32}"
      text run at (0,2689) width 39: "\"\x{E42}\x{E1E}\x{E23}\x{E07}"
      text run at (0,2710) width 62: "\x{E44}\x{E0B}\x{E42}\x{E04}\x{E25}\x{E19}\""
      text run at (0,2731) width 25: "\x{E40}\x{E1B}\x{E47}\x{E19}"
      text run at (0,2752) width 11: "\x{E17}\x{E35}\x{E48}"
      text run at (0,2773) width 62: "\x{E04}\x{E23}\x{E2D}\x{E1A}\x{E04}\x{E23}\x{E31}\x{E27}"
      text run at (0,2794) width 10: "\x{E19}\x{E35}\x{E49}"
      text run at (0,2815) width 16: "\x{E08}\x{E30}"
      text run at (0,2836) width 20: "\x{E21}\x{E38}\x{E14}"
      text run at (0,2857) width 41: "\x{E40}\x{E02}\x{E49}\x{E32}\x{E44}\x{E1B}"
      text run at (0,2878) width 25: "\x{E40}\x{E21}\x{E37}\x{E48}\x{E2D}"
      text run at (0,2899) width 24: "\x{E40}\x{E01}\x{E34}\x{E14}"
      text run at (0,2920) width 20: "\x{E25}\x{E21}"
      text run at (0,2941) width 28: "\x{E21}\x{E2B}\x{E32}"
      text run at (0,2962) width 19: "\x{E20}\x{E31}\x{E22}"
      text run at (0,2983) width 19: "\x{E0B}\x{E36}\x{E48}\x{E07}"
      text run at (0,3004) width 50: "\x{E01}\x{E23}\x{E30}\x{E42}\x{E0A}\x{E01}"
      text run at (0,3025) width 24: "\x{E41}\x{E23}\x{E07}"
      text run at (0,3046) width 19: "\x{E08}\x{E19}"
      text run at (0,3067) width 39: "\x{E1A}\x{E14}\x{E02}\x{E22}\x{E35}\x{E49}"
      text run at (0,3088) width 18: "\x{E2A}\x{E34}\x{E48}\x{E07}"
      text run at (0,3109) width 19: "\x{E01}\x{E48}\x{E2D}"
      text run at (0,3130) width 33: "\x{E2A}\x{E23}\x{E49}\x{E32}\x{E07}"
      text run at (0,3151) width 25: "\x{E43}\x{E14}\x{E46}"
      text run at (0,3172) width 11: "\x{E17}\x{E35}\x{E48}"
      text run at (0,3193) width 34: "\x{E02}\x{E27}\x{E32}\x{E07}"
      text run at (0,3214) width 27: "\x{E17}\x{E32}\x{E07}"
      text run at (0,3235) width 20: "\x{E21}\x{E31}\x{E19}"
      text run at (0,3256) width 18: "\x{E44}\x{E14}\x{E49}"
      text run at (0,3277) width 25: "\x{E15}\x{E23}\x{E07}"
      text run at (0,3298) width 35: "\x{E01}\x{E25}\x{E32}\x{E07}"
      text run at (0,3319) width 21: "\x{E1E}\x{E37}\x{E49}\x{E19}"
      text run at (0,3340) width 10: "\x{E21}\x{E35}"
      text run at (0,3361) width 18: "\x{E1D}\x{E32}"
      text run at (0,3382) width 25: "\x{E40}\x{E1B}\x{E34}\x{E14}"
      text run at (0,3403) width 41: "\x{E40}\x{E02}\x{E49}\x{E32}\x{E44}\x{E1B}"
      text run at (0,3424) width 26: "\x{E08}\x{E32}\x{E01}"
      text run at (0,3445) width 20: "\x{E19}\x{E31}\x{E49}\x{E19}"
      text run at (0,3466) width 10: "\x{E21}\x{E35}"
      text run at (0,3487) width 38: "\x{E1A}\x{E31}\x{E19}\x{E44}\x{E14}"
      text run at (0,3508) width 18: "\x{E25}\x{E07}"
      text run at (0,3529) width 18: "\x{E44}\x{E1B}"
      text run at (0,3550) width 17: "\x{E16}\x{E36}\x{E07}"
      text run at (0,3571) width 34: "\x{E42}\x{E1E}\x{E23}\x{E07}"
      text run at (0,3592) width 20: "\x{E21}\x{E37}\x{E14}"
      text run at (0,3613) width 32: "\x{E40}\x{E25}\x{E47}\x{E01}\x{E46}"
      text run at (0,3634) width 25: "\x{E40}\x{E21}\x{E37}\x{E48}\x{E2D}"
      text run at (0,3655) width 18: "\x{E42}\x{E14}"
      text run at (0,3676) width 24: "\x{E42}\x{E23}\x{E18}\x{E35}"
      text run at (0,3697) width 19: "\x{E22}\x{E37}\x{E19}"
      text run at (0,3718) width 11: "\x{E17}\x{E35}\x{E48}"
      text run at (0,3739) width 27: "\x{E1B}\x{E32}\x{E01}"
      text run at (0,3760) width 34: "\x{E1B}\x{E23}\x{E30}\x{E15}\x{E39}"
      text run at (0,3781) width 26: "\x{E41}\x{E25}\x{E30}"
      text run at (0,3802) width 28: "\x{E21}\x{E2D}\x{E07}"
      text run at (0,3823) width 18: "\x{E44}\x{E1B}"
      text run at (0,3844) width 35: "\x{E23}\x{E2D}\x{E1A}\x{E46}"
      text run at (0,3865) width 24: "\x{E40}\x{E18}\x{E2D}"
      text run at (0,3886) width 18: "\x{E44}\x{E21}\x{E48}"
      text run at (0,3907) width 25: "\x{E40}\x{E2B}\x{E47}\x{E19}"
      text run at (0,3928) width 32: "\x{E2D}\x{E30}\x{E44}\x{E23}"
      text run at (0,3949) width 55: "\x{E19}\x{E2D}\x{E01}\x{E08}\x{E32}\x{E01}"
      text run at (0,3970) width 29: "\x{E17}\x{E49}\x{E2D}\x{E07}"
      text run at (0,3991) width 19: "\x{E17}\x{E38}\x{E48}\x{E07}"
      text run at (0,4012) width 33: "\x{E01}\x{E27}\x{E49}\x{E32}\x{E07}"
      text run at (0,4033) width 10: "\x{E2A}\x{E35}"
      text run at (0,4054) width 24: "\x{E40}\x{E17}\x{E32}"
      text run at (0,4075) width 30: "\x{E2B}\x{E21}\x{E48}\x{E19}"
      text run at (0,4096) width 19: "\x{E17}\x{E31}\x{E48}\x{E27}"
      text run at (0,4117) width 20: "\x{E17}\x{E38}\x{E01}"
      text run at (0,4138) width 28: "\x{E14}\x{E49}\x{E32}\x{E19}"
      text run at (0,4159) width 28: "\x{E44}\x{E21}\x{E48}\x{E21}\x{E35}"
      text run at (0,4180) width 19: "\x{E41}\x{E21}\x{E49}"
      text run at (0,4201) width 38: "\x{E15}\x{E49}\x{E19}\x{E44}\x{E21}\x{E49}"
      text run at (0,4222) width 19: "\x{E2A}\x{E31}\x{E01}"
      text run at (0,4243) width 20: "\x{E15}\x{E49}\x{E19}"
      text run at (0,4264) width 27: "\x{E2B}\x{E23}\x{E37}\x{E2D}"
      text run at (0,4285) width 28: "\x{E1A}\x{E49}\x{E32}\x{E19}"
      text run at (0,4306) width 19: "\x{E2A}\x{E31}\x{E01}"
      text run at (0,4327) width 28: "\x{E2B}\x{E25}\x{E31}\x{E07}"
      text run at (0,4348) width 11: "\x{E17}\x{E35}\x{E48}"
      text run at (0,4369) width 28: "\x{E42}\x{E1C}\x{E25}\x{E48}"
      text run at (0,4390) width 21: "\x{E1E}\x{E49}\x{E19}"
      text run at (0,4411) width 70: "\x{E20}\x{E39}\x{E21}\x{E34}\x{E1B}\x{E23}\x{E30}\x{E40}\x{E17}\x{E28}"
      text run at (0,4432) width 20: "\x{E2D}\x{E31}\x{E19}"
      text run at (0,4453) width 25: "\x{E23}\x{E32}\x{E1A}"
      text run at (0,4474) width 31: "\x{E40}\x{E23}\x{E35}\x{E22}\x{E1A}"
      text run at (0,4495) width 19: "\x{E41}\x{E1C}\x{E48}"
      text run at (0,4516) width 18: "\x{E44}\x{E1B}"
      text run at (0,4537) width 27: "\x{E44}\x{E01}\x{E25}"
      text run at (0,4558) width 19: "\x{E08}\x{E19}"
      text run at (0,4579) width 19: "\x{E08}\x{E14}"
      text run at (0,4600) width 30: "\x{E02}\x{E2D}\x{E1A}"
      text run at (0,4621) width 19: "\x{E1F}\x{E49}\x{E32}"
      text run at (0,4642) width 19: "\x{E17}\x{E31}\x{E48}\x{E27}"
      text run at (0,4663) width 20: "\x{E17}\x{E38}\x{E01}"
      text run at (0,4684) width 21: "\x{E17}\x{E34}\x{E28}"
      text run at (0,4705) width 61: "\x{E14}\x{E27}\x{E07}\x{E15}\x{E30}\x{E27}\x{E31}\x{E19}"
      text run at (0,4726) width 23: "\x{E40}\x{E1C}\x{E32}"
      text run at (0,4747) width 20: "\x{E1C}\x{E37}\x{E19}"
      text run at (0,4768) width 20: "\x{E14}\x{E34}\x{E19}"
      text run at (0,4789) width 11: "\x{E17}\x{E35}\x{E48}"
      text run at (0,4810) width 17: "\x{E44}\x{E16}"
      text run at (0,4831) width 27: "\x{E41}\x{E25}\x{E49}\x{E27}"
      text run at (0,4852) width 19: "\x{E08}\x{E19}"
      text run at (0,4873) width 36: "\x{E01}\x{E25}\x{E32}\x{E22}"
      text run at (0,4894) width 25: "\x{E40}\x{E1B}\x{E47}\x{E19}"
      text run at (0,4915) width 29: "\x{E41}\x{E1C}\x{E48}\x{E19}"
      text run at (0,4936) width 38: "\x{E21}\x{E2B}\x{E36}\x{E21}\x{E32}"
      text run at (0,4957) width 10: "\x{E2A}\x{E35}"
      text run at (0,4978) width 18: "\x{E14}\x{E33}"
      text run at (0,4999) width 10: "\x{E21}\x{E35}"
      text run at (0,5020) width 26: "\x{E23}\x{E2D}\x{E22}"
      text run at (0,5041) width 28: "\x{E41}\x{E15}\x{E01}"
      text run at (0,5062) width 41: "\x{E23}\x{E30}\x{E41}\x{E2B}\x{E07}"
      text run at (0,5083) width 19: "\x{E2D}\x{E22}\x{E39}\x{E48}"
      text run at (0,5104) width 40: "\x{E15}\x{E25}\x{E2D}\x{E14}"
      text run at (0,5125) width 38: "\x{E41}\x{E21}\x{E49}\x{E41}\x{E15}\x{E48}"
      text run at (0,5146) width 31: "\x{E2B}\x{E0D}\x{E49}\x{E32}"
      text run at (0,5167) width 9: "\x{E01}\x{E47}"
      text run at (0,5188) width 18: "\x{E44}\x{E21}\x{E48}"
      text run at (0,5209) width 32: "\x{E40}\x{E02}\x{E35}\x{E22}\x{E27}"
      text run at (0,5230) width 38: "\x{E40}\x{E1E}\x{E23}\x{E32}\x{E30}"
      text run at (0,5251) width 61: "\x{E14}\x{E27}\x{E07}\x{E15}\x{E30}\x{E27}\x{E31}\x{E19}"
      text run at (0,5272) width 23: "\x{E40}\x{E1C}\x{E32}"
      text run at (0,5293) width 29: "\x{E22}\x{E2D}\x{E14}"
      text run at (0,5314) width 17: "\x{E43}\x{E1A}"
      text run at (0,5335) width 25: "\x{E22}\x{E32}\x{E27}"
      text run at (0,5356) width 24: "\x{E40}\x{E2A}\x{E35}\x{E22}"
      text run at (0,5377) width 19: "\x{E08}\x{E19}"
      text run at (0,5398) width 25: "\x{E40}\x{E1B}\x{E47}\x{E19}"
      text run at (0,5419) width 10: "\x{E2A}\x{E35}"
      text run at (0,5440) width 24: "\x{E40}\x{E17}\x{E32}"
      text run at (0,5461) width 30: "\x{E2B}\x{E21}\x{E48}\x{E19}"
      text run at (0,5482) width 28: "\x{E21}\x{E2D}\x{E07}"
      text run at (0,5503) width 25: "\x{E40}\x{E2B}\x{E47}\x{E19}"
      text run at (0,5524) width 19: "\x{E2D}\x{E22}\x{E39}\x{E48}"
      text run at (0,5545) width 37: "\x{E17}\x{E31}\x{E48}\x{E27}\x{E44}\x{E1B}"
      text run at (0,5566) width 25: "\x{E04}\x{E23}\x{E31}\x{E49}\x{E07}"
      text run at (0,5587) width 28: "\x{E2B}\x{E19}\x{E36}\x{E48}\x{E07}"
      text run at (0,5608) width 24: "\x{E40}\x{E04}\x{E22}"
      text run at (0,5629) width 29: "\x{E17}\x{E32}\x{E2A}\x{E35}"
      text run at (0,5650) width 28: "\x{E1A}\x{E49}\x{E32}\x{E19}"
      text run at (0,5671) width 23: "\x{E40}\x{E2D}\x{E32}"
      text run at (0,5692) width 16: "\x{E44}\x{E27}\x{E49}"
      text run at (0,5713) width 19: "\x{E41}\x{E15}\x{E48}"
      text run at (0,5734) width 9: "\x{E01}\x{E47}"
      text run at (0,5755) width 18: "\x{E16}\x{E39}\x{E01}"
      text run at (0,5776) width 61: "\x{E14}\x{E27}\x{E07}\x{E15}\x{E30}\x{E27}\x{E31}\x{E19}"
      text run at (0,5797) width 23: "\x{E40}\x{E1C}\x{E32}"
      text run at (0,5818) width 24: "\x{E40}\x{E2A}\x{E35}\x{E22}"
      text run at (0,5839) width 19: "\x{E08}\x{E19}"
      text run at (0,5860) width 10: "\x{E2A}\x{E35}"
      text run at (0,5881) width 29: "\x{E1E}\x{E2D}\x{E07}"
      text run at (0,5902) width 27: "\x{E41}\x{E25}\x{E49}\x{E27}"
      text run at (0,5923) width 20: "\x{E1D}\x{E19}"
      text run at (0,5944) width 9: "\x{E01}\x{E47}"
      text run at (0,5965) width 17: "\x{E0A}\x{E30}"
      text run at (0,5986) width 20: "\x{E21}\x{E31}\x{E19}"
      text run at (0,6007) width 30: "\x{E2B}\x{E25}\x{E38}\x{E14}"
      text run at (0,6028) width 18: "\x{E44}\x{E1B}"
      text run at (0,6049) width 19: "\x{E08}\x{E19}"
      text run at (0,6070) width 30: "\x{E2B}\x{E21}\x{E14}"
      text run at (0,6091) width 26: "\x{E41}\x{E25}\x{E30}"
      text run at (0,6112) width 30: "\x{E15}\x{E2D}\x{E19}"
      text run at (0,6133) width 10: "\x{E19}\x{E35}\x{E49}"
      text run at (0,6154) width 28: "\x{E1A}\x{E49}\x{E32}\x{E19}"
      text run at (0,6175) width 17: "\x{E08}\x{E36}\x{E07}"
      text run at (0,6196) width 10: "\x{E14}\x{E39}"
      text run at (0,6217) width 68: "\x{E2B}\x{E21}\x{E48}\x{E19}\x{E2B}\x{E21}\x{E2D}\x{E07}"
      text run at (0,6238) width 25: "\x{E40}\x{E1B}\x{E47}\x{E19}"
      text run at (0,6259) width 10: "\x{E2A}\x{E35}"
      text run at (0,6280) width 24: "\x{E40}\x{E17}\x{E32}"
      text run at (0,6301) width 45: "\x{E40}\x{E2B}\x{E21}\x{E37}\x{E2D}\x{E19}"
      text run at (0,6322) width 18: "\x{E2A}\x{E34}\x{E48}\x{E07}"
      text run at (0,6343) width 28: "\x{E2D}\x{E37}\x{E48}\x{E19}\x{E46}"
      text run at (0,6364) width 27: "\x{E14}\x{E49}\x{E27}\x{E22}"
      text run at (0,6385) width 30: "\x{E15}\x{E2D}\x{E19}"
      text run at (0,6406) width 11: "\x{E17}\x{E35}\x{E48}"
      text run at (0,6427) width 18: "\x{E1B}\x{E49}\x{E32}"
      text run at (0,6448) width 25: "\x{E40}\x{E2D}\x{E47}\x{E21}"
      text run at (0,6469) width 26: "\x{E22}\x{E49}\x{E32}\x{E22}"
      text run at (0,6490) width 18: "\x{E21}\x{E32}"
      text run at (0,6511) width 19: "\x{E2D}\x{E22}\x{E39}\x{E48}"
      text run at (0,6532) width 11: "\x{E17}\x{E35}\x{E48}"
      text run at (0,6553) width 10: "\x{E19}\x{E35}\x{E48}"
      text run at (0,6574) width 24: "\x{E40}\x{E18}\x{E2D}"
      text run at (0,6595) width 17: "\x{E22}\x{E31}\x{E07}"
      text run at (0,6616) width 26: "\x{E2A}\x{E32}\x{E27}"
      text run at (0,6637) width 25: "\x{E40}\x{E1B}\x{E47}\x{E19}"
      text run at (0,6658) width 41: "\x{E20}\x{E23}\x{E23}\x{E22}\x{E32}"
      text run at (0,6679) width 11: "\x{E17}\x{E35}\x{E48}"
      text run at (0,6700) width 44: "\x{E07}\x{E14}\x{E07}\x{E32}\x{E21}"
      text run at (0,6721) width 27: "\x{E41}\x{E25}\x{E49}\x{E27}"
      text run at (0,6742) width 29: "\x{E41}\x{E14}\x{E14}"
      text run at (0,6763) width 26: "\x{E41}\x{E25}\x{E30}"
      text run at (0,6784) width 20: "\x{E25}\x{E21}"
      text run at (0,6805) width 27: "\x{E01}\x{E47}\x{E44}\x{E14}\x{E49}"
      text run at (0,6826) width 44: "\x{E40}\x{E1B}\x{E25}\x{E35}\x{E48}\x{E22}\x{E19}"
      text run at (0,6847) width 24: "\x{E40}\x{E18}\x{E2D}"
      text run at (0,6868) width 18: "\x{E44}\x{E1B}"
      text run at (0,6889) width 23: "\x{E40}\x{E2D}\x{E32}"
      text run at (0,6910) width 50: "\x{E1B}\x{E23}\x{E30}\x{E01}\x{E32}\x{E22}"
      text run at (0,6931) width 18: "\x{E44}\x{E1B}"
      text run at (0,6952) width 26: "\x{E08}\x{E32}\x{E01}"
      text run at (0,6973) width 44: "\x{E14}\x{E27}\x{E07}\x{E15}\x{E32}"
      text run at (0,6994) width 24: "\x{E40}\x{E18}\x{E2D}"
      text run at (0,7015) width 39: "\x{E1B}\x{E25}\x{E48}\x{E2D}\x{E22}"
      text run at (0,7036) width 16: "\x{E44}\x{E27}\x{E49}"
      text run at (0,7057) width 19: "\x{E41}\x{E15}\x{E48}"
      text run at (0,7078) width 36: "\x{E04}\x{E27}\x{E32}\x{E21}"
      text run at (0,7099) width 30: "\x{E2A}\x{E38}\x{E02}\x{E38}\x{E21}"
      text run at (0,7120) width 35: "\x{E2D}\x{E22}\x{E48}\x{E32}\x{E07}"
      text run at (0,7141) width 68: "\x{E2B}\x{E21}\x{E48}\x{E19}\x{E2B}\x{E21}\x{E2D}\x{E07}"
      text run at (0,7162) width 23: "\x{E40}\x{E2D}\x{E32}"
      text run at (0,7183) width 10: "\x{E2A}\x{E35}"
      text run at (0,7204) width 27: "\x{E41}\x{E14}\x{E07}"
      text run at (0,7225) width 26: "\x{E08}\x{E32}\x{E01}"
      text run at (0,7246) width 28: "\x{E41}\x{E01}\x{E49}\x{E21}"
      text run at (0,7267) width 26: "\x{E41}\x{E25}\x{E30}"
      text run at (0,7288) width 17: "\x{E23}\x{E34}\x{E21}"
      text run at (0,7309) width 37: "\x{E1D}\x{E35}\x{E1B}\x{E32}\x{E01}"
      text run at (0,7330) width 24: "\x{E40}\x{E18}\x{E2D}"
      text run at (0,7351) width 18: "\x{E44}\x{E1B}"
      text run at (0,7372) width 36: "\x{E01}\x{E25}\x{E32}\x{E22}"
      text run at (0,7393) width 25: "\x{E40}\x{E1B}\x{E47}\x{E19}"
      text run at (0,7414) width 10: "\x{E2A}\x{E35}"
      text run at (0,7435) width 38: "\x{E2B}\x{E21}\x{E48}\x{E19}\x{E46}"
      text run at (0,7456) width 45: "\x{E40}\x{E2B}\x{E21}\x{E37}\x{E2D}\x{E19}"
      text run at (0,7477) width 19: "\x{E01}\x{E31}\x{E19}"
      text run at (0,7498) width 24: "\x{E40}\x{E18}\x{E2D}"
      text run at (0,7519) width 30: "\x{E1C}\x{E2D}\x{E21}"
      text run at (0,7540) width 26: "\x{E41}\x{E25}\x{E30}"
      text run at (0,7561) width 28: "\x{E2B}\x{E25}\x{E31}\x{E07}"
      text run at (0,7582) width 26: "\x{E42}\x{E04}\x{E49}\x{E07}"
      text run at (0,7603) width 26: "\x{E41}\x{E25}\x{E30}"
      text run at (0,7624) width 32: "\x{E40}\x{E14}\x{E35}\x{E4B}\x{E22}\x{E27}"
      text run at (0,7645) width 10: "\x{E19}\x{E35}\x{E49}"
      text run at (0,7666) width 18: "\x{E44}\x{E21}\x{E48}"
      text run at (0,7687) width 24: "\x{E40}\x{E04}\x{E22}"
      text run at (0,7708) width 19: "\x{E22}\x{E34}\x{E49}\x{E21}"
      text run at (0,7729) width 24: "\x{E40}\x{E25}\x{E22}"
      text run at (0,7750) width 25: "\x{E40}\x{E21}\x{E37}\x{E48}\x{E2D}"
      text run at (0,7771) width 18: "\x{E42}\x{E14}"
      text run at (0,7792) width 24: "\x{E42}\x{E23}\x{E18}\x{E35}"
      text run at (0,7813) width 19: "\x{E0B}\x{E36}\x{E48}\x{E07}"
      text run at (0,7834) width 25: "\x{E40}\x{E1B}\x{E47}\x{E19}"
      text run at (0,7855) width 24: "\x{E40}\x{E14}\x{E47}\x{E01}"
      text run at (0,7876) width 43: "\x{E01}\x{E33}\x{E1E}\x{E23}\x{E49}\x{E32}"
      text run at (0,7897) width 18: "\x{E21}\x{E32}"
      text run at (0,7918) width 19: "\x{E2D}\x{E22}\x{E39}\x{E48}"
      text run at (0,7939) width 19: "\x{E01}\x{E31}\x{E1A}"
      text run at (0,7960) width 24: "\x{E40}\x{E18}\x{E2D}"
      text run at (0,7981) width 30: "\x{E15}\x{E2D}\x{E19}"
      text run at (0,8002) width 25: "\x{E41}\x{E23}\x{E01}"
      text run at (0,8023) width 18: "\x{E1B}\x{E49}\x{E32}"
      text run at (0,8044) width 25: "\x{E40}\x{E2D}\x{E47}\x{E21}"
      text run at (0,8065) width 20: "\x{E15}\x{E37}\x{E48}\x{E19}"
      text run at (0,8086) width 25: "\x{E40}\x{E15}\x{E49}\x{E19}"
      text run at (0,8107) width 19: "\x{E01}\x{E31}\x{E1A}"
      text run at (0,8128) width 32: "\x{E40}\x{E2A}\x{E35}\x{E22}\x{E07}"
      text run at (0,8149) width 45: "\x{E2B}\x{E31}\x{E27}\x{E40}\x{E23}\x{E32}\x{E30}"
      text run at (0,8170) width 28: "\x{E02}\x{E2D}\x{E07}"
      text run at (0,8191) width 24: "\x{E40}\x{E14}\x{E47}\x{E01}"
      text run at (0,8212) width 29: "\x{E19}\x{E49}\x{E2D}\x{E22}"
      text run at (0,8233) width 27: "\x{E21}\x{E32}\x{E01}"
      text run at (0,8254) width 24: "\x{E40}\x{E18}\x{E2D}"
      text run at (0,8275) width 16: "\x{E08}\x{E30}"
      text run at (0,8296) width 18: "\x{E2A}\x{E48}\x{E07}"
      text run at (0,8317) width 32: "\x{E40}\x{E2A}\x{E35}\x{E22}\x{E07}"
      text run at (0,8338) width 25: "\x{E23}\x{E49}\x{E2D}\x{E07}"
      text run at (0,8359) width 27: "\x{E41}\x{E25}\x{E49}\x{E27}"
      text run at (0,8380) width 23: "\x{E40}\x{E2D}\x{E32}"
      text run at (0,8401) width 20: "\x{E21}\x{E37}\x{E2D}"
      text run at (0,8422) width 29: "\x{E17}\x{E32}\x{E1A}"
      text run at (0,8443) width 19: "\x{E2D}\x{E01}"
      text run at (0,8464) width 20: "\x{E17}\x{E38}\x{E01}"
      text run at (0,8485) width 25: "\x{E04}\x{E23}\x{E31}\x{E49}\x{E07}"
      text run at (0,8506) width 11: "\x{E17}\x{E35}\x{E48}"
      text run at (0,8527) width 32: "\x{E40}\x{E2A}\x{E35}\x{E22}\x{E07}"
      text run at (0,8548) width 20: "\x{E2D}\x{E31}\x{E19}"
      text run at (0,8569) width 35: "\x{E23}\x{E48}\x{E32}\x{E40}\x{E23}\x{E34}\x{E07}"
      text run at (0,8590) width 28: "\x{E02}\x{E2D}\x{E07}"
      text run at (0,8611) width 18: "\x{E42}\x{E14}"
      text run at (0,8632) width 24: "\x{E42}\x{E23}\x{E18}\x{E35}"
      text run at (0,8653) width 33: "\x{E40}\x{E02}\x{E49}\x{E32}\x{E2B}\x{E39}"
      text run at (0,8674) width 24: "\x{E40}\x{E18}\x{E2D}"
      text run at (0,8695) width 26: "\x{E41}\x{E25}\x{E30}"
      text run at (0,8716) width 24: "\x{E40}\x{E18}\x{E2D}"
      text run at (0,8737) width 23: "\x{E40}\x{E1D}\x{E49}\x{E32}"
      text run at (0,8758) width 28: "\x{E21}\x{E2D}\x{E07}"
      text run at (0,8779) width 24: "\x{E40}\x{E14}\x{E47}\x{E01}"
      text run at (0,8800) width 31: "\x{E2B}\x{E0D}\x{E34}\x{E07}"
      text run at (0,8821) width 37: "\x{E19}\x{E49}\x{E2D}\x{E22}\x{E46}"
      text run at (0,8842) width 27: "\x{E14}\x{E49}\x{E27}\x{E22}"
      text run at (0,8863) width 36: "\x{E04}\x{E27}\x{E32}\x{E21}"
      text run at (0,8884) width 62: "\x{E1B}\x{E23}\x{E30}\x{E2B}\x{E25}\x{E32}\x{E14}"
      text run at (0,8905) width 16: "\x{E43}\x{E08}"
      text run at (0,8926) width 27: "\x{E14}\x{E49}\x{E27}\x{E22}"
      text run at (0,8947) width 17: "\x{E22}\x{E31}\x{E07}"
      text run at (0,8968) width 18: "\x{E2B}\x{E32}"
      text run at (0,8989) width 32: "\x{E2D}\x{E30}\x{E44}\x{E23}"
      text run at (0,9010) width 18: "\x{E21}\x{E32}"
      text run at (0,9031) width 25: "\x{E40}\x{E1B}\x{E47}\x{E19}"
      text run at (0,9052) width 30: "\x{E40}\x{E23}\x{E37}\x{E48}\x{E2D}\x{E07}"
      text run at (0,9073) width 45: "\x{E2B}\x{E31}\x{E27}\x{E40}\x{E23}\x{E32}\x{E30}"
      text run at (0,9094) width 18: "\x{E44}\x{E14}\x{E49}"
      text run at (0,9115) width 18: "\x{E25}\x{E38}\x{E07}"
      text run at (0,9136) width 15: "\x{E40}\x{E2E}"
      text run at (0,9157) width 17: "\x{E19}\x{E23}\x{E35}"
      text run at (0,9178) width 18: "\x{E44}\x{E21}\x{E48}"
      text run at (0,9199) width 24: "\x{E40}\x{E04}\x{E22}"
      text run at (0,9220) width 45: "\x{E2B}\x{E31}\x{E27}\x{E40}\x{E23}\x{E32}\x{E30}"
      text run at (0,9241) width 18: "\x{E25}\x{E38}\x{E07}"
      text run at (0,9262) width 45: "\x{E17}\x{E33}\x{E07}\x{E32}\x{E19}"
      text run at (0,9283) width 29: "\x{E2B}\x{E19}\x{E31}\x{E01}"
      text run at (0,9304) width 26: "\x{E08}\x{E32}\x{E01}"
      text run at (0,9325) width 23: "\x{E40}\x{E0A}\x{E49}\x{E32}"
      text run at (0,9346) width 19: "\x{E22}\x{E31}\x{E19}"
      text run at (0,9367) width 18: "\x{E04}\x{E48}\x{E33}"
      text run at (0,9388) width 26: "\x{E41}\x{E25}\x{E30}"
      text run at (0,9409) width 18: "\x{E44}\x{E21}\x{E48}"
      text run at (0,9430) width 24: "\x{E40}\x{E04}\x{E22}"
      text run at (0,9451) width 25: "\x{E23}\x{E39}\x{E49}\x{E08}\x{E31}\x{E01}"
      text run at (0,9472) width 16: "\x{E27}\x{E48}\x{E32}"
      text run at (0,9493) width 36: "\x{E04}\x{E27}\x{E32}\x{E21}"
      text run at (0,9514) width 35: "\x{E23}\x{E48}\x{E32}\x{E40}\x{E23}\x{E34}\x{E07}"
      text run at (0,9535) width 20: "\x{E04}\x{E37}\x{E2D}"
      text run at (0,9556) width 32: "\x{E2D}\x{E30}\x{E44}\x{E23}"
      text run at (0,9577) width 18: "\x{E25}\x{E38}\x{E07}"
      text run at (0,9598) width 10: "\x{E14}\x{E39}"
      text run at (0,9619) width 68: "\x{E2B}\x{E21}\x{E48}\x{E19}\x{E2B}\x{E21}\x{E2D}\x{E07}"
      text run at (0,9640) width 18: "\x{E44}\x{E1B}"
      text run at (0,9661) width 30: "\x{E2B}\x{E21}\x{E14}"
      text run at (0,9682) width 37: "\x{E15}\x{E31}\x{E49}\x{E07}\x{E41}\x{E15}\x{E48}"
      text run at (0,9703) width 30: "\x{E40}\x{E04}\x{E23}\x{E32}"
      text run at (0,9724) width 25: "\x{E22}\x{E32}\x{E27}"
      text run at (0,9745) width 19: "\x{E08}\x{E19}"
      text run at (0,9766) width 19: "\x{E08}\x{E14}"
      text run at (0,9787) width 49: "\x{E23}\x{E2D}\x{E07}\x{E40}\x{E17}\x{E49}\x{E32}"
      text run at (0,9808) width 20: "\x{E1A}\x{E39}\x{E15}"
      text run at (0,9829) width 20: "\x{E2D}\x{E31}\x{E19}"
      text run at (0,9850) width 37: "\x{E2B}\x{E22}\x{E32}\x{E1A}"
      text run at (0,9871) width 27: "\x{E41}\x{E25}\x{E49}\x{E27}"
      text run at (0,9892) width 18: "\x{E25}\x{E38}\x{E07}"
      text run at (0,9913) width 9: "\x{E01}\x{E47}"
      text run at (0,9934) width 10: "\x{E14}\x{E39}"
      text run at (0,9955) width 57: "\x{E40}\x{E04}\x{E23}\x{E48}\x{E07}\x{E02}\x{E23}\x{E36}\x{E21}"
      text run at (0,9976) width 18: "\x{E19}\x{E48}\x{E32}"
      text run at (0,9997) width 29: "\x{E40}\x{E01}\x{E23}\x{E07}"
      text run at (0,10018) width 28: "\x{E02}\x{E32}\x{E21}"
      text run at (0,10039) width 18: "\x{E44}\x{E21}\x{E48}"
      text run at (0,10060) width 29: "\x{E04}\x{E48}\x{E2D}\x{E22}"
      text run at (0,10081) width 16: "\x{E08}\x{E30}"
      text run at (0,10102) width 21: "\x{E1E}\x{E39}\x{E14}"
      text run at (0,10123) width 10: "\x{E21}\x{E35}"
      text run at (0,10144) width 18: "\x{E42}\x{E15}"
      text run at (0,10165) width 18: "\x{E42}\x{E15}\x{E49}"
      text run at (0,10186) width 11: "\x{E17}\x{E35}\x{E48}"
      text run at (0,10207) width 36: "\x{E17}\x{E33}\x{E43}\x{E2B}\x{E49}"
      text run at (0,10228) width 18: "\x{E42}\x{E14}"
      text run at (0,10249) width 24: "\x{E42}\x{E23}\x{E18}\x{E35}"
      text run at (0,10270) width 45: "\x{E2B}\x{E31}\x{E27}\x{E40}\x{E23}\x{E32}\x{E30}"
      text run at (0,10291) width 18: "\x{E44}\x{E14}\x{E49}"
      text run at (0,10312) width 26: "\x{E41}\x{E25}\x{E30}"
      text run at (0,10333) width 27: "\x{E0A}\x{E48}\x{E27}\x{E22}"
      text run at (0,10354) width 24: "\x{E40}\x{E18}\x{E2D}"
      text run at (0,10375) width 17: "\x{E43}\x{E2B}\x{E49}"
      text run at (0,10396) width 21: "\x{E1E}\x{E49}\x{E19}"
      text run at (0,10417) width 26: "\x{E08}\x{E32}\x{E01}"
      text run at (0,10438) width 33: "\x{E01}\x{E32}\x{E23}\x{E01}"
      text run at (0,10459) width 27: "\x{E25}\x{E32}\x{E22}"
      text run at (0,10480) width 25: "\x{E40}\x{E1B}\x{E47}\x{E19}"
      text run at (0,10501) width 10: "\x{E2A}\x{E35}"
      text run at (0,10522) width 24: "\x{E40}\x{E17}\x{E32}"
      text run at (0,10543) width 30: "\x{E2B}\x{E21}\x{E48}\x{E19}"
      text run at (0,10564) width 45: "\x{E40}\x{E2B}\x{E21}\x{E37}\x{E2D}\x{E19}"
      text run at (0,10585) width 19: "\x{E01}\x{E31}\x{E1A}"
      text run at (0,10606) width 18: "\x{E2A}\x{E34}\x{E48}\x{E07}"
      text run at (0,10627) width 27: "\x{E23}\x{E2D}\x{E1A}"
      text run at (0,10648) width 18: "\x{E15}\x{E31}\x{E27}"
      text run at (0,10669) width 28: "\x{E2D}\x{E37}\x{E48}\x{E19}\x{E46}"
      text run at (0,10690) width 18: "\x{E42}\x{E15}"
      text run at (0,10711) width 18: "\x{E42}\x{E15}\x{E49}"
      text run at (0,10732) width 10: "\x{E2A}\x{E35}"
      text run at (0,10753) width 18: "\x{E44}\x{E21}\x{E48}"
      text run at (0,10774) width 24: "\x{E40}\x{E17}\x{E32}"
      text run at (0,10795) width 30: "\x{E2B}\x{E21}\x{E48}\x{E19}"
      text run at (0,10816) width 19: "\x{E41}\x{E15}\x{E48}"
      text run at (0,10837) width 20: "\x{E21}\x{E31}\x{E19}"
      text run at (0,10858) width 25: "\x{E40}\x{E1B}\x{E47}\x{E19}"
      text run at (0,10879) width 28: "\x{E2B}\x{E21}\x{E32}"
      text run at (0,10900) width 10: "\x{E2A}\x{E35}"
      text run at (0,10921) width 18: "\x{E14}\x{E33}"
      text run at (0,10942) width 18: "\x{E15}\x{E31}\x{E27}"
      text run at (0,10963) width 37: "\x{E19}\x{E49}\x{E2D}\x{E22}\x{E46}"
      text run at (0,10984) width 20: "\x{E02}\x{E19}"
      text run at (0,11005) width 25: "\x{E22}\x{E32}\x{E27}"
      text run at (0,11026) width 19: "\x{E1B}\x{E38}\x{E22}"
      text run at (0,11047) width 42: "\x{E23}\x{E32}\x{E27}\x{E01}\x{E31}\x{E1A}"
      text run at (0,11068) width 28: "\x{E44}\x{E2B}\x{E21}"
      text run at (0,11089) width 10: "\x{E21}\x{E35}"
      text run at (0,11110) width 18: "\x{E15}\x{E32}"
      text run at (0,11131) width 18: "\x{E14}\x{E33}"
      text run at (0,11152) width 24: "\x{E40}\x{E25}\x{E47}\x{E01}"
      text run at (0,11173) width 25: "\x{E40}\x{E1B}\x{E47}\x{E19}"
      text run at (0,11194) width 50: "\x{E1B}\x{E23}\x{E30}\x{E01}\x{E32}\x{E22}"
      text run at (0,11215) width 37: "\x{E23}\x{E37}\x{E48}\x{E19}\x{E40}\x{E23}\x{E34}\x{E07}"
      text run at (0,11236) width 19: "\x{E2D}\x{E22}\x{E39}\x{E48}"
      text run at (0,11257) width 28: "\x{E2A}\x{E2D}\x{E07}"
      text run at (0,11278) width 26: "\x{E02}\x{E49}\x{E32}\x{E07}"
      text run at (0,11299) width 28: "\x{E08}\x{E21}\x{E39}\x{E01}"
      text run at (0,11320) width 24: "\x{E40}\x{E25}\x{E47}\x{E01}"
      text run at (0,11341) width 20: "\x{E2D}\x{E31}\x{E19}"
      text run at (0,11362) width 18: "\x{E19}\x{E48}\x{E32}"
      text run at (0,11383) width 20: "\x{E02}\x{E31}\x{E19}"
      text run at (0,11404) width 28: "\x{E02}\x{E2D}\x{E07}"
      text run at (0,11425) width 20: "\x{E21}\x{E31}\x{E19}"
      text run at (0,11446) width 18: "\x{E42}\x{E15}"
      text run at (0,11467) width 18: "\x{E42}\x{E15}\x{E49}"
      text run at (0,11488) width 25: "\x{E40}\x{E25}\x{E48}\x{E19}"
      text run at (0,11509) width 19: "\x{E17}\x{E31}\x{E49}\x{E07}"
      text run at (0,11530) width 18: "\x{E27}\x{E31}\x{E19}"
      text run at (0,11551) width 26: "\x{E41}\x{E25}\x{E30}"
      text run at (0,11572) width 18: "\x{E42}\x{E14}"
      text run at (0,11593) width 24: "\x{E42}\x{E23}\x{E18}\x{E35}"
      text run at (0,11614) width 9: "\x{E01}\x{E47}"
      text run at (0,11635) width 25: "\x{E40}\x{E25}\x{E48}\x{E19}"
      text run at (0,11656) width 19: "\x{E01}\x{E31}\x{E1A}"
      text run at (0,11677) width 20: "\x{E21}\x{E31}\x{E19}"
      text run at (0,11698) width 26: "\x{E41}\x{E25}\x{E30}"
      text run at (0,11719) width 16: "\x{E23}\x{E31}\x{E01}"
      text run at (0,11740) width 20: "\x{E21}\x{E31}\x{E19}"
      text run at (0,11761) width 35: "\x{E40}\x{E2B}\x{E25}\x{E37}\x{E2D}"
      text run at (0,11782) width 24: "\x{E40}\x{E01}\x{E34}\x{E19}"
      text run at (0,11803) width 50: "\x{E2D}\x{E22}\x{E48}\x{E32}\x{E07}\x{E44}\x{E23}"
      text run at (0,11824) width 37: "\x{E01}\x{E47}\x{E15}\x{E32}\x{E21}"
      text run at (0,11845) width 18: "\x{E27}\x{E31}\x{E19}"
      text run at (0,11866) width 10: "\x{E19}\x{E35}\x{E49}"
      text run at (0,11887) width 19: "\x{E17}\x{E31}\x{E49}\x{E07}"
      text run at (0,11908) width 10: "\x{E04}\x{E39}\x{E48}"
      text run at (0,11929) width 18: "\x{E44}\x{E21}\x{E48}"
      text run at (0,11950) width 18: "\x{E44}\x{E14}\x{E49}"
      text run at (0,11971) width 25: "\x{E40}\x{E25}\x{E48}\x{E19}"
      text run at (0,11992) width 18: "\x{E25}\x{E38}\x{E07}"
      text run at (0,12013) width 15: "\x{E40}\x{E2E}"
      text run at (0,12034) width 17: "\x{E19}\x{E23}\x{E35}"
      text run at (0,12055) width 18: "\x{E19}\x{E31}\x{E48}\x{E07}"
      text run at (0,12076) width 19: "\x{E2D}\x{E22}\x{E39}\x{E48}"
      text run at (0,12097) width 11: "\x{E17}\x{E35}\x{E48}"
      text run at (0,12118) width 38: "\x{E1A}\x{E31}\x{E19}\x{E44}\x{E14}"
      text run at (0,12139) width 34: "\x{E1B}\x{E23}\x{E30}\x{E15}\x{E39}"
      text run at (0,12160) width 26: "\x{E41}\x{E25}\x{E30}"
      text run at (0,12181) width 23: "\x{E40}\x{E1D}\x{E49}\x{E32}"
      text run at (0,12202) width 35: "\x{E01}\x{E31}\x{E07}\x{E27}\x{E25}"
      text run at (0,12223) width 27: "\x{E08}\x{E49}\x{E2D}\x{E07}"
      text run at (0,12244) width 10: "\x{E14}\x{E39}"
      text run at (0,12265) width 48: "\x{E17}\x{E49}\x{E2D}\x{E07}\x{E1F}\x{E49}\x{E32}"
      text run at (0,12286) width 10: "\x{E2A}\x{E35}"
      text run at (0,12307) width 24: "\x{E40}\x{E17}\x{E32}"
      text run at (0,12328) width 30: "\x{E2B}\x{E21}\x{E48}\x{E19}"
      text run at (0,12349) width 20: "\x{E1C}\x{E34}\x{E14}"
      text run at (0,12370) width 29: "\x{E1B}\x{E01}\x{E15}\x{E34}"
      text run at (0,12391) width 18: "\x{E42}\x{E14}"
      text run at (0,12412) width 24: "\x{E42}\x{E23}\x{E18}\x{E35}"
      text run at (0,12433) width 19: "\x{E22}\x{E37}\x{E19}"
      text run at (0,12454) width 11: "\x{E17}\x{E35}\x{E48}"
      text run at (0,12475) width 34: "\x{E1B}\x{E23}\x{E30}\x{E15}\x{E39}"
      text run at (0,12496) width 29: "\x{E01}\x{E2D}\x{E14}"
      text run at (0,12517) width 18: "\x{E42}\x{E15}"
      text run at (0,12538) width 18: "\x{E42}\x{E15}\x{E49}"
      text run at (0,12559) width 16: "\x{E44}\x{E27}\x{E49}"
      text run at (0,12580) width 17: "\x{E43}\x{E19}"
      text run at (0,12601) width 30: "\x{E2D}\x{E49}\x{E2D}\x{E21}"
      text run at (0,12622) width 29: "\x{E41}\x{E02}\x{E19}"
      text run at (0,12643) width 26: "\x{E41}\x{E25}\x{E30}"
      text run at (0,12664) width 9: "\x{E01}\x{E47}"
      text run at (0,12685) width 28: "\x{E21}\x{E2D}\x{E07}"
      text run at (0,12706) width 10: "\x{E14}\x{E39}"
      text run at (0,12727) width 48: "\x{E17}\x{E49}\x{E2D}\x{E07}\x{E1F}\x{E49}\x{E32}"
      text run at (0,12748) width 19: "\x{E2D}\x{E22}\x{E39}\x{E48}"
      text run at (0,12769) width 45: "\x{E40}\x{E2B}\x{E21}\x{E37}\x{E2D}\x{E19}"
      text run at (0,12790) width 19: "\x{E01}\x{E31}\x{E19}"
      text run at (0,12811) width 18: "\x{E1B}\x{E49}\x{E32}"
      text run at (0,12832) width 15: "\x{E40}\x{E2D}\x{E47}"
      text run at (0,12853) width 27: "\x{E21}\x{E01}\x{E33}"
      text run at (0,12874) width 18: "\x{E25}\x{E31}\x{E07}"
      text run at (0,12895) width 26: "\x{E25}\x{E49}\x{E32}\x{E07}"
      text run at (0,12916) width 28: "\x{E0A}\x{E32}\x{E21}"
      text run at (0,12937) width 19: "\x{E2D}\x{E22}\x{E39}\x{E48}"
      text run at (0,12958) width 26: "\x{E08}\x{E32}\x{E01}"
      text run at (0,12979) width 28: "\x{E14}\x{E49}\x{E32}\x{E19}"
      text run at (0,13000) width 35: "\x{E40}\x{E2B}\x{E19}\x{E37}\x{E2D}"
      text run at (0,13021) width 27: "\x{E44}\x{E01}\x{E25}"
      text run at (0,13042) width 29: "\x{E2D}\x{E2D}\x{E01}"
      text run at (0,13063) width 18: "\x{E44}\x{E1B}"
      text run at (0,13084) width 10: "\x{E21}\x{E35}"
      text run at (0,13105) width 32: "\x{E40}\x{E2A}\x{E35}\x{E22}\x{E07}"
      text run at (0,13126) width 20: "\x{E25}\x{E21}"
      text run at (0,13147) width 33: "\x{E04}\x{E23}\x{E32}\x{E07}"
      text run at (0,13168) width 27: "\x{E41}\x{E1C}\x{E48}\x{E27}"
      text run at (0,13189) width 23: "\x{E40}\x{E1A}\x{E32}"
      text run at (0,13210) width 37: "\x{E44}\x{E14}\x{E49}\x{E22}\x{E34}\x{E19}"
      text run at (0,13231) width 18: "\x{E21}\x{E32}"
      text run at (0,13252) width 18: "\x{E25}\x{E38}\x{E07}"
      text run at (0,13273) width 15: "\x{E40}\x{E2E}"
      text run at (0,13294) width 17: "\x{E19}\x{E23}\x{E35}"
      text run at (0,13315) width 26: "\x{E41}\x{E25}\x{E30}"
      text run at (0,13336) width 18: "\x{E42}\x{E14}"
      text run at (0,13357) width 24: "\x{E42}\x{E23}\x{E18}\x{E35}"
      text run at (0,13378) width 25: "\x{E40}\x{E2B}\x{E47}\x{E19}"
      text run at (0,13399) width 20: "\x{E15}\x{E49}\x{E19}"
      text run at (0,13420) width 31: "\x{E2B}\x{E0D}\x{E49}\x{E32}"
      text run at (0,13441) width 18: "\x{E2A}\x{E39}\x{E07}"
      text run at (0,13462) width 25: "\x{E40}\x{E2D}\x{E19}"
      text run at (0,13483) width 25: "\x{E40}\x{E1B}\x{E47}\x{E19}"
      text run at (0,13504) width 30: "\x{E04}\x{E25}\x{E37}\x{E48}\x{E19}"
      text run at (0,13525) width 29: "\x{E01}\x{E48}\x{E2D}\x{E19}"
      text run at (0,13546) width 11: "\x{E17}\x{E35}\x{E48}"
      text run at (0,13567) width 28: "\x{E1E}\x{E32}\x{E22}\x{E38}"
      text run at (0,13588) width 16: "\x{E08}\x{E30}"
      text run at (0,13609) width 18: "\x{E21}\x{E32}"
      text run at (0,13630) width 17: "\x{E16}\x{E36}\x{E07}"
      text run at (0,13651) width 27: "\x{E41}\x{E25}\x{E49}\x{E27}"
      text run at (0,13672) width 9: "\x{E01}\x{E47}"
      text run at (0,13693) width 10: "\x{E21}\x{E35}"
      text run at (0,13714) width 32: "\x{E40}\x{E2A}\x{E35}\x{E22}\x{E07}"
      text run at (0,13735) width 28: "\x{E2B}\x{E27}\x{E35}\x{E14}"
      text run at (0,13756) width 26: "\x{E2B}\x{E27}\x{E34}\x{E27}"
      text run at (0,13777) width 44: "\x{E0A}\x{E31}\x{E14}\x{E40}\x{E08}\x{E19}"
      text run at (0,13798) width 18: "\x{E21}\x{E32}"
      text run at (0,13819) width 26: "\x{E08}\x{E32}\x{E01}"
      text run at (0,13840) width 68: "\x{E1A}\x{E23}\x{E23}\x{E22}\x{E32}\x{E01}\x{E32}\x{E28}"
      text run at (0,13861) width 27: "\x{E17}\x{E32}\x{E07}"
      text run at (0,13882) width 17: "\x{E43}\x{E15}\x{E49}"
      text run at (0,13903) width 26: "\x{E41}\x{E25}\x{E30}"
      text run at (0,13924) width 25: "\x{E40}\x{E21}\x{E37}\x{E48}\x{E2D}"
      text run at (0,13945) width 45: "\x{E40}\x{E2B}\x{E25}\x{E37}\x{E2D}\x{E1A}"
      text run at (0,13966) width 18: "\x{E15}\x{E32}"
      text run at (0,13987) width 18: "\x{E44}\x{E1B}"
      text run at (0,14008) width 27: "\x{E17}\x{E32}\x{E07}"
      text run at (0,14029) width 28: "\x{E14}\x{E49}\x{E32}\x{E19}"
      text run at (0,14050) width 20: "\x{E19}\x{E31}\x{E49}\x{E19}"
      text run at (0,14071) width 9: "\x{E01}\x{E47}"
      text run at (0,14092) width 25: "\x{E40}\x{E2B}\x{E47}\x{E19}"
      text run at (0,14113) width 30: "\x{E04}\x{E25}\x{E37}\x{E48}\x{E19}"
      text run at (0,14134) width 31: "\x{E2B}\x{E0D}\x{E49}\x{E32}"
      text run at (0,14155) width 18: "\x{E21}\x{E32}"
      text run at (0,14176) width 27: "\x{E17}\x{E32}\x{E07}"
      text run at (0,14197) width 28: "\x{E14}\x{E49}\x{E32}\x{E19}"
      text run at (0,14218) width 20: "\x{E19}\x{E31}\x{E49}\x{E19}"
      text run at (0,14239) width 27: "\x{E14}\x{E49}\x{E27}\x{E22}"
      text run at (0,14260) width 18: "\x{E25}\x{E38}\x{E07}"
      text run at (0,14281) width 15: "\x{E40}\x{E2E}"
      text run at (0,14302) width 17: "\x{E19}\x{E23}\x{E35}"
      text run at (0,14323) width 20: "\x{E1C}\x{E38}\x{E14}"
      text run at (0,14344) width 19: "\x{E25}\x{E38}\x{E01}"
      text run at (0,14365) width 20: "\x{E02}\x{E36}\x{E49}\x{E19}"
      text run at (0,14386) width 38: "\x{E17}\x{E31}\x{E19}\x{E43}\x{E14}"
      text run at (0,14407) width 25: "\"\x{E25}\x{E21}"
      text run at (0,14428) width 57: "\x{E44}\x{E0B}\x{E42}\x{E04}\x{E25}\x{E19}"
      text run at (0,14449) width 18: "\x{E21}\x{E32}"
      text run at (0,14470) width 30: "\x{E40}\x{E2D}\x{E47}\x{E21}\""
      text run at (0,14491) width 18: "\x{E25}\x{E38}\x{E07}"
      text run at (0,14512) width 25: "\x{E23}\x{E49}\x{E2D}\x{E07}"
      text run at (0,14533) width 29: "\x{E1A}\x{E2D}\x{E01}"
      text run at (0,14554) width 41: "\x{E20}\x{E23}\x{E23}\x{E22}\x{E32}"
      text run at (0,14575) width 23: "\"\x{E02}\x{E49}\x{E32}"
      text run at (0,14596) width 16: "\x{E08}\x{E30}"
      text run at (0,14617) width 18: "\x{E44}\x{E1B}"
      text run at (0,14638) width 10: "\x{E14}\x{E39}"
      text run at (0,14659) width 28: "\x{E2A}\x{E31}\x{E15}\x{E27}\x{E4C}"
      text run at (0,14680) width 32: "\x{E40}\x{E25}\x{E35}\x{E49}\x{E22}\x{E07}"
      text run at (0,14701) width 44: "\x{E2B}\x{E19}\x{E48}\x{E2D}\x{E22}\""
      text run at (0,14722) width 27: "\x{E41}\x{E25}\x{E49}\x{E27}"
      text run at (0,14743) width 18: "\x{E25}\x{E38}\x{E07}"
      text run at (0,14764) width 9: "\x{E01}\x{E47}"
      text run at (0,14785) width 16: "\x{E27}\x{E34}\x{E48}\x{E07}"
      text run at (0,14806) width 18: "\x{E44}\x{E1B}"
      text run at (0,14827) width 17: "\x{E22}\x{E31}\x{E07}"
      text run at (0,14848) width 24: "\x{E40}\x{E1E}\x{E34}\x{E07}"
      text run at (0,14869) width 11: "\x{E17}\x{E35}\x{E48}"
      text run at (0,14890) width 16: "\x{E27}\x{E31}\x{E27}"
      text run at (0,14911) width 26: "\x{E41}\x{E25}\x{E30}"
      text run at (0,14932) width 18: "\x{E21}\x{E49}\x{E32}"
      text run at (0,14953) width 37: "\x{E2D}\x{E32}\x{E28}\x{E31}\x{E22}"
      text run at (0,14974) width 19: "\x{E2D}\x{E22}\x{E39}\x{E48}"
      text run at (0,14995) width 18: "\x{E1B}\x{E49}\x{E32}"
      text run at (0,15016) width 25: "\x{E40}\x{E2D}\x{E47}\x{E21}"
      text run at (0,15037) width 29: "\x{E2B}\x{E22}\x{E38}\x{E14}"
      text run at (0,15058) width 45: "\x{E17}\x{E33}\x{E07}\x{E32}\x{E19}"
      text run at (0,15079) width 26: "\x{E41}\x{E25}\x{E30}"
      text run at (0,15100) width 18: "\x{E21}\x{E32}"
      text run at (0,15121) width 11: "\x{E17}\x{E35}\x{E48}"
      text run at (0,15142) width 34: "\x{E1B}\x{E23}\x{E30}\x{E15}\x{E39}"
      text run at (0,15163) width 33: "\x{E40}\x{E1E}\x{E35}\x{E22}\x{E07}"
      text run at (0,15184) width 45: "\x{E0A}\x{E32}\x{E22}\x{E15}\x{E32}"
      text run at (0,15205) width 28: "\x{E21}\x{E2D}\x{E07}"
      text run at (0,15226) width 18: "\x{E1B}\x{E49}\x{E32}"
      text run at (0,15247) width 9: "\x{E01}\x{E47}"
      text run at (0,15268) width 29: "\x{E1A}\x{E2D}\x{E01}"
      text run at (0,15289) width 18: "\x{E44}\x{E14}\x{E49}"
      text run at (0,15310) width 16: "\x{E27}\x{E48}\x{E32}"
      text run at (0,15331) width 54: "\x{E2D}\x{E31}\x{E19}\x{E15}\x{E23}\x{E32}\x{E22}"
      text run at (0,15352) width 18: "\x{E21}\x{E32}"
      text run at (0,15373) width 17: "\x{E16}\x{E36}\x{E07}"
      text run at (0,15394) width 27: "\x{E41}\x{E25}\x{E49}\x{E27}"
      text run at (0,15415) width 25: "\"\x{E40}\x{E23}\x{E47}\x{E27}"
      text run at (0,15436) width 18: "\x{E42}\x{E14}"
      text run at (0,15457) width 34: "\x{E42}\x{E23}\x{E18}\x{E35}!\""
      text run at (0,15478) width 18: "\x{E1B}\x{E49}\x{E32}"
      text run at (0,15499) width 44: "\x{E15}\x{E30}\x{E42}\x{E01}\x{E19}"
      text run at (0,15520) width 21: "\"\x{E27}\x{E34}\x{E48}\x{E07}"
      text run at (0,15541) width 18: "\x{E44}\x{E1B}"
      text run at (0,15562) width 28: "\x{E2B}\x{E49}\x{E2D}\x{E07}"
      text run at (0,15583) width 41: "\x{E43}\x{E15}\x{E49}\x{E16}\x{E38}\x{E19}\""
      text run at (0,15604) width 18: "\x{E42}\x{E15}"
      text run at (0,15625) width 18: "\x{E42}\x{E15}\x{E49}"
      text run at (0,15646) width 30: "\x{E1C}\x{E25}\x{E38}\x{E19}"
      text run at (0,15667) width 51: "\x{E01}\x{E23}\x{E30}\x{E42}\x{E14}\x{E14}"
      text run at (0,15688) width 18: "\x{E25}\x{E07}"
      text run at (0,15709) width 26: "\x{E08}\x{E32}\x{E01}"
      text run at (0,15730) width 30: "\x{E2D}\x{E49}\x{E2D}\x{E21}"
      text run at (0,15751) width 29: "\x{E41}\x{E02}\x{E19}"
      text run at (0,15772) width 18: "\x{E42}\x{E14}"
      text run at (0,15793) width 24: "\x{E42}\x{E23}\x{E18}\x{E35}"
      text run at (0,15814) width 27: "\x{E41}\x{E25}\x{E49}\x{E27}"
      text run at (0,15835) width 41: "\x{E40}\x{E02}\x{E49}\x{E32}\x{E44}\x{E1B}"
      text run at (0,15856) width 31: "\x{E0B}\x{E48}\x{E2D}\x{E19}"
      text run at (0,15877) width 19: "\x{E2D}\x{E22}\x{E39}\x{E48}"
      text run at (0,15898) width 17: "\x{E43}\x{E15}\x{E49}"
      text run at (0,15919) width 32: "\x{E40}\x{E15}\x{E35}\x{E22}\x{E07}"
      text run at (0,15940) width 24: "\x{E40}\x{E14}\x{E47}\x{E01}"
      text run at (0,15961) width 31: "\x{E2B}\x{E0D}\x{E34}\x{E07}"
      text run at (0,15982) width 29: "\x{E19}\x{E49}\x{E2D}\x{E22}"
      text run at (0,16003) width 41: "\x{E40}\x{E02}\x{E49}\x{E32}\x{E44}\x{E1B}"
      text run at (0,16024) width 18: "\x{E14}\x{E36}\x{E07}"
      text run at (0,16045) width 20: "\x{E21}\x{E31}\x{E19}"
      text run at (0,16066) width 29: "\x{E2D}\x{E2D}\x{E01}"
      text run at (0,16087) width 18: "\x{E21}\x{E32}"
      text run at (0,16108) width 18: "\x{E1B}\x{E49}\x{E32}"
      text run at (0,16129) width 15: "\x{E40}\x{E2D}\x{E47}"
      text run at (0,16150) width 19: "\x{E21}\x{E01}"
      text run at (0,16171) width 14: "\x{E23}\x{E30}"
      text run at (0,16192) width 27: "\x{E0A}\x{E32}\x{E01}"
      text run at (0,16213) width 18: "\x{E1D}\x{E32}"
      text run at (0,16234) width 11: "\x{E17}\x{E35}\x{E48}"
      text run at (0,16255) width 21: "\x{E1E}\x{E37}\x{E49}\x{E19}"
      text run at (0,16276) width 29: "\x{E2D}\x{E2D}\x{E01}"
      text run at (0,16297) width 35: "\x{E2D}\x{E22}\x{E48}\x{E32}\x{E07}"
      text run at (0,16318) width 19: "\x{E2D}\x{E01}"
      text run at (0,16339) width 20: "\x{E2A}\x{E31}\x{E48}\x{E19}"
      text run at (0,16360) width 31: "\x{E02}\x{E27}\x{E31}\x{E0D}"
      text run at (0,16381) width 27: "\x{E2B}\x{E32}\x{E22}"
      text run at (0,16402) width 20: "\x{E1B}\x{E35}\x{E19}"
      text run at (0,16423) width 38: "\x{E1A}\x{E31}\x{E19}\x{E44}\x{E14}"
      text run at (0,16444) width 18: "\x{E44}\x{E21}\x{E49}"
      text run at (0,16465) width 18: "\x{E25}\x{E07}"
      text run at (0,16486) width 18: "\x{E44}\x{E1B}"
      text run at (0,16507) width 17: "\x{E43}\x{E19}"
      text run at (0,16528) width 34: "\x{E42}\x{E1E}\x{E23}\x{E07}"
      text run at (0,16549) width 24: "\x{E40}\x{E25}\x{E47}\x{E01}"
      text run at (0,16570) width 20: "\x{E2D}\x{E31}\x{E19}"
      text run at (0,16591) width 20: "\x{E21}\x{E37}\x{E14}"
      text run at (0,16612) width 21: "\x{E17}\x{E36}\x{E1A}"
      text run at (0,16633) width 18: "\x{E42}\x{E14}"
      text run at (0,16654) width 24: "\x{E42}\x{E23}\x{E18}\x{E35}"
      text run at (0,16675) width 19: "\x{E08}\x{E31}\x{E1A}"
      text run at (0,16696) width 18: "\x{E42}\x{E15}"
      text run at (0,16717) width 18: "\x{E42}\x{E15}\x{E49}"
      text run at (0,16738) width 18: "\x{E44}\x{E14}\x{E49}"
      text run at (0,16759) width 17: "\x{E43}\x{E19}"
      text run at (0,16780) width 31: "\x{E17}\x{E35}\x{E48}\x{E2A}\x{E38}\x{E14}"
      text run at (0,16801) width 26: "\x{E41}\x{E25}\x{E30}"
      text run at (0,16822) width 16: "\x{E27}\x{E34}\x{E48}\x{E07}"
      text run at (0,16843) width 28: "\x{E15}\x{E32}\x{E21}"
      text run at (0,16864) width 18: "\x{E1B}\x{E49}\x{E32}"
      text run at (0,16885) width 24: "\x{E40}\x{E18}\x{E2D}"
      text run at (0,16906) width 18: "\x{E44}\x{E1B}"
      text run at (0,16927) width 25: "\x{E40}\x{E21}\x{E37}\x{E48}\x{E2D}"
      text run at (0,16948) width 24: "\x{E40}\x{E18}\x{E2D}"
      text run at (0,16969) width 18: "\x{E21}\x{E32}"
      text run at (0,16990) width 18: "\x{E44}\x{E14}\x{E49}"
      text run at (0,17011) width 25: "\x{E04}\x{E23}\x{E36}\x{E48}\x{E07}"
      text run at (0,17032) width 28: "\x{E2B}\x{E49}\x{E2D}\x{E07}"
      text run at (0,17053) width 9: "\x{E01}\x{E47}"
      text run at (0,17074) width 10: "\x{E21}\x{E35}"
      text run at (0,17095) width 32: "\x{E40}\x{E2A}\x{E35}\x{E22}\x{E07}"
      text run at (0,17116) width 28: "\x{E2B}\x{E27}\x{E35}\x{E14}"
      text run at (0,17137) width 28: "\x{E2B}\x{E27}\x{E37}\x{E2D}"
      text run at (0,17158) width 28: "\x{E2A}\x{E48}\x{E27}\x{E19}"
      text run at (0,17179) width 28: "\x{E1A}\x{E49}\x{E32}\x{E19}"
      text run at (0,17200) width 9: "\x{E01}\x{E47}"
      text run at (0,17221) width 20: "\x{E2A}\x{E31}\x{E48}\x{E19}"
      text run at (0,17242) width 35: "\x{E2D}\x{E22}\x{E48}\x{E32}\x{E07}"
      text run at (0,17263) width 24: "\x{E41}\x{E23}\x{E07}"
      text run at (0,17284) width 19: "\x{E08}\x{E19}"
      text run at (0,17305) width 24: "\x{E40}\x{E18}\x{E2D}"
      text run at (0,17326) width 19: "\x{E2B}\x{E01}"
      text run at (0,17347) width 35: "\x{E04}\x{E30}\x{E21}\x{E33}"
      text run at (0,17368) width 18: "\x{E19}\x{E31}\x{E48}\x{E07}"
      text run at (0,17389) width 40: "\x{E08}\x{E49}\x{E33}\x{E40}\x{E1A}\x{E49}\x{E32}"
      text run at (0,17410) width 19: "\x{E2D}\x{E22}\x{E39}\x{E48}"
      text run at (0,17431) width 19: "\x{E01}\x{E31}\x{E1A}"
      text run at (0,17452) width 21: "\x{E1E}\x{E37}\x{E49}\x{E19}"
      text run at (0,17473) width 27: "\x{E41}\x{E25}\x{E49}\x{E27}"
      text run at (0,17494) width 18: "\x{E2A}\x{E34}\x{E48}\x{E07}"
      text run at (0,17515) width 62: "\x{E1B}\x{E23}\x{E30}\x{E2B}\x{E25}\x{E32}\x{E14}"
      text run at (0,17536) width 9: "\x{E01}\x{E47}"
      text run at (0,17557) width 24: "\x{E40}\x{E01}\x{E34}\x{E14}"
      text run at (0,17578) width 20: "\x{E02}\x{E36}\x{E49}\x{E19}"
      text run at (0,17599) width 28: "\x{E1A}\x{E49}\x{E32}\x{E19}"
      text run at (0,17620) width 30: "\x{E2B}\x{E21}\x{E38}\x{E19}"
      text run at (0,17641) width 18: "\x{E44}\x{E1B}"
      text run at (0,17662) width 30: "\x{E2B}\x{E21}\x{E38}\x{E19}"
      text run at (0,17683) width 28: "\x{E21}\x{E32}\x{E2A}"
      text run at (0,17704) width 18: "\x{E2D}\x{E07}"
      text run at (0,17725) width 28: "\x{E2A}\x{E32}\x{E21}"
      text run at (0,17746) width 27: "\x{E23}\x{E2D}\x{E1A}"
      text run at (0,17767) width 27: "\x{E41}\x{E25}\x{E49}\x{E27}"
      text run at (0,17788) width 9: "\x{E01}\x{E47}"
      text run at (0,17809) width 29: "\x{E25}\x{E2D}\x{E22}"
      text run at (0,17830) width 20: "\x{E02}\x{E36}\x{E49}\x{E19}"
      text run at (0,17851) width 10: "\x{E2A}\x{E39}\x{E48}"
      text run at (0,17872) width 45: "\x{E2D}\x{E32}\x{E01}\x{E32}\x{E28}"
      text run at (0,17893) width 35: "\x{E2D}\x{E22}\x{E48}\x{E32}\x{E07}"
      text run at (0,17914) width 26: "\x{E0A}\x{E49}\x{E32}\x{E46}"
      text run at (0,17935) width 18: "\x{E42}\x{E14}"
      text run at (0,17956) width 15: "\x{E42}\x{E23}"
      text run at (0,17977) width 16: "\x{E18}\x{E35}\x{E23}\x{E39}\x{E49}"
      text run at (0,17998) width 19: "\x{E2A}\x{E36}\x{E01}"
      text run at (0,18019) width 42: "\x{E23}\x{E32}\x{E27}\x{E01}\x{E31}\x{E1A}"
      text run at (0,18040) width 16: "\x{E27}\x{E48}\x{E32}"
      text run at (0,18061) width 24: "\x{E40}\x{E18}\x{E2D}"
      text run at (0,18082) width 18: "\x{E44}\x{E14}\x{E49}"
      text run at (0,18103) width 20: "\x{E02}\x{E36}\x{E49}\x{E19}"
      text run at (0,18124) width 18: "\x{E44}\x{E1B}"
      text run at (0,18145) width 19: "\x{E01}\x{E31}\x{E1A}"
      text run at (0,18166) width 19: "\x{E25}\x{E39}\x{E01}"
      text run at (0,18187) width 50: "\x{E1A}\x{E2D}\x{E25}\x{E25}\x{E39}\x{E19}"
      text run at (0,18208) width 28: "\x{E1E}\x{E32}\x{E22}\x{E38}"
      text run at (0,18229) width 35: "\x{E40}\x{E2B}\x{E19}\x{E37}\x{E2D}"
      text run at (0,18250) width 19: "\x{E01}\x{E31}\x{E1A}"
      text run at (0,18271) width 28: "\x{E1E}\x{E32}\x{E22}\x{E38}"
      text run at (0,18292) width 17: "\x{E43}\x{E15}\x{E49}"
      text run at (0,18313) width 18: "\x{E21}\x{E32}"
      text run at (0,18334) width 21: "\x{E1E}\x{E1A}"
      text run at (0,18355) width 19: "\x{E01}\x{E31}\x{E19}"
      text run at (0,18376) width 25: "\x{E15}\x{E23}\x{E07}"
      text run at (0,18397) width 11: "\x{E17}\x{E35}\x{E48}"
      text run at (0,18418) width 28: "\x{E1A}\x{E49}\x{E32}\x{E19}"
      text run at (0,18439) width 31: "\x{E1E}\x{E2D}\x{E14}\x{E35}"
      text run at (0,18460) width 26: "\x{E41}\x{E25}\x{E30}"
      text run at (0,18481) width 36: "\x{E17}\x{E33}\x{E43}\x{E2B}\x{E49}"
      text run at (0,18502) width 25: "\x{E15}\x{E23}\x{E07}"
      text run at (0,18523) width 20: "\x{E19}\x{E31}\x{E49}\x{E19}"
      text run at (0,18544) width 25: "\x{E40}\x{E1B}\x{E47}\x{E19}"
      text run at (0,18565) width 83: "\x{E08}\x{E38}\x{E14}\x{E28}\x{E39}\x{E19}\x{E22}\x{E4C}\x{E01}\x{E25}\x{E32}\x{E07}"
      text run at (0,18586) width 28: "\x{E02}\x{E2D}\x{E07}"
      text run at (0,18607) width 28: "\x{E1E}\x{E32}\x{E22}\x{E38}"
      text run at (0,18628) width 57: "\x{E44}\x{E0B}\x{E42}\x{E04}\x{E25}\x{E19}"
      text run at (0,18649) width 28: "\x{E15}\x{E32}\x{E21}"
      text run at (0,18670) width 29: "\x{E1B}\x{E01}\x{E15}\x{E34}"
      text run at (0,18691) width 25: "\x{E15}\x{E23}\x{E07}"
      text run at (0,18712) width 35: "\x{E01}\x{E25}\x{E32}\x{E07}"
      text run at (0,18733) width 28: "\x{E1E}\x{E32}\x{E22}\x{E38}"
      text run at (0,18754) width 57: "\x{E44}\x{E0B}\x{E42}\x{E04}\x{E25}\x{E19}"
      text run at (0,18775) width 45: "\x{E2D}\x{E32}\x{E01}\x{E32}\x{E28}"
      text run at (0,18796) width 16: "\x{E08}\x{E30}"
      text run at (0,18817) width 18: "\x{E19}\x{E34}\x{E48}\x{E07}"
      text run at (0,18838) width 19: "\x{E41}\x{E15}\x{E48}"
      text run at (0,18859) width 36: "\x{E04}\x{E27}\x{E32}\x{E21}"
      text run at (0,18880) width 39: "\x{E01}\x{E14}\x{E14}\x{E31}\x{E19}"
      text run at (0,18901) width 35: "\x{E2D}\x{E22}\x{E48}\x{E32}\x{E07}"
      text run at (0,18922) width 29: "\x{E2B}\x{E19}\x{E31}\x{E01}"
      text run at (0,18943) width 28: "\x{E02}\x{E2D}\x{E07}"
      text run at (0,18964) width 20: "\x{E25}\x{E21}"
      text run at (0,18985) width 20: "\x{E17}\x{E38}\x{E01}"
      text run at (0,19006) width 28: "\x{E14}\x{E49}\x{E32}\x{E19}"
      text run at (0,19027) width 27: "\x{E23}\x{E2D}\x{E1A}"
      text run at (0,19048) width 28: "\x{E1A}\x{E49}\x{E32}\x{E19}"
      text run at (0,19069) width 36: "\x{E17}\x{E33}\x{E43}\x{E2B}\x{E49}"
      text run at (0,19090) width 28: "\x{E1A}\x{E49}\x{E32}\x{E19}"
      text run at (0,19111) width 29: "\x{E25}\x{E2D}\x{E22}"
      text run at (0,19132) width 18: "\x{E2A}\x{E39}\x{E07}"
      text run at (0,19153) width 28: "\x{E02}\x{E36}\x{E49}\x{E19}\x{E46}"
      text run at (0,19174) width 19: "\x{E08}\x{E19}"
      text run at (0,19195) width 42: "\x{E01}\x{E23}\x{E30}\x{E17}\x{E31}\x{E48}\x{E07}"
      text run at (0,19216) width 20: "\x{E02}\x{E36}\x{E49}\x{E19}"
      text run at (0,19237) width 18: "\x{E44}\x{E1B}"
      text run at (0,19258) width 19: "\x{E2D}\x{E22}\x{E39}\x{E48}"
      text run at (0,19279) width 20: "\x{E2A}\x{E38}\x{E14}"
      text run at (0,19300) width 29: "\x{E22}\x{E2D}\x{E14}"
      text run at (0,19321) width 28: "\x{E02}\x{E2D}\x{E07}"
      text run at (0,19342) width 28: "\x{E1E}\x{E32}\x{E22}\x{E38}"
      text run at (0,19363) width 57: "\x{E44}\x{E0B}\x{E42}\x{E04}\x{E25}\x{E19}"
      text run at (0,19384) width 26: "\x{E41}\x{E25}\x{E30}"
      text run at (0,19405) width 26: "\x{E08}\x{E32}\x{E01}"
      text run at (0,19426) width 25: "\x{E15}\x{E23}\x{E07}"
      text run at (0,19447) width 20: "\x{E19}\x{E31}\x{E49}\x{E19}"
      text run at (0,19468) width 9: "\x{E01}\x{E47}"
      text run at (0,19489) width 18: "\x{E16}\x{E39}\x{E01}"
      text run at (0,19510) width 30: "\x{E2B}\x{E2D}\x{E1A}"
      text run at (0,19531) width 18: "\x{E44}\x{E1B}"
      text run at (0,19552) width 37: "\x{E2B}\x{E25}\x{E32}\x{E22}"
      text run at (0,19573) width 28: "\x{E44}\x{E21}\x{E25}\x{E4C}"
      text run at (0,19594) width 52: "\x{E07}\x{E48}\x{E32}\x{E22}\x{E14}\x{E32}\x{E22}"
      text run at (0,19615) width 42: "\x{E23}\x{E32}\x{E27}\x{E01}\x{E31}\x{E1A}"
      text run at (0,19636) width 30: "\x{E2B}\x{E2D}\x{E1A}"
      text run at (0,19657) width 20: "\x{E02}\x{E19}"
      text run at (0,19678) width 19: "\x{E19}\x{E01}"
      text run at (0,19699) width 20: "\x{E21}\x{E37}\x{E14}"
      text run at (0,19720) width 27: "\x{E21}\x{E32}\x{E01}"
      text run at (0,19741) width 27: "\x{E41}\x{E25}\x{E49}\x{E27}"
      text run at (0,19762) width 20: "\x{E25}\x{E21}"
      text run at (0,19783) width 17: "\x{E22}\x{E31}\x{E07}"
      text run at (0,19804) width 18: "\x{E2A}\x{E48}\x{E07}"
      text run at (0,19825) width 32: "\x{E40}\x{E2A}\x{E35}\x{E22}\x{E07}"
      text run at (0,19846) width 28: "\x{E2B}\x{E27}\x{E35}\x{E14}"
      text run at (0,19867) width 28: "\x{E2B}\x{E27}\x{E37}\x{E2D}"
      text run at (0,19888) width 18: "\x{E19}\x{E48}\x{E32}"
      text run at (0,19909) width 27: "\x{E01}\x{E25}\x{E31}\x{E27}"
      text run at (0,19930) width 19: "\x{E2D}\x{E22}\x{E39}\x{E48}"
      text run at (0,19951) width 27: "\x{E23}\x{E2D}\x{E1A}"
      text run at (0,19972) width 18: "\x{E15}\x{E31}\x{E27}"
      text run at (0,19993) width 24: "\x{E40}\x{E18}\x{E2D}"
      text run at (0,20014) width 19: "\x{E41}\x{E15}\x{E48}"
      text run at (0,20035) width 18: "\x{E42}\x{E14}"
      text run at (0,20056) width 24: "\x{E42}\x{E23}\x{E18}\x{E35}"
      text run at (0,20077) width 25: "\x{E40}\x{E2B}\x{E47}\x{E19}"
      text run at (0,20098) width 16: "\x{E27}\x{E48}\x{E32}"
      text run at (0,20119) width 24: "\x{E40}\x{E18}\x{E2D}"
      text run at (0,20140) width 52: "\x{E2A}\x{E32}\x{E21}\x{E32}\x{E23}\x{E16}"
      text run at (0,20161) width 18: "\x{E19}\x{E31}\x{E48}\x{E07}"
      text run at (0,20182) width 18: "\x{E44}\x{E1B}"
      text run at (0,20203) width 18: "\x{E44}\x{E14}\x{E49}"
      text run at (0,20224) width 35: "\x{E2D}\x{E22}\x{E48}\x{E32}\x{E07}"
      text run at (0,20245) width 52: "\x{E07}\x{E48}\x{E32}\x{E22}\x{E14}\x{E32}\x{E22}"
      text run at (0,20266) width 19: "\x{E19}\x{E31}\x{E01}"
      text run at (0,20287) width 25: "\x{E04}\x{E23}\x{E31}\x{E49}\x{E07}"
      text run at (0,20308) width 28: "\x{E2B}\x{E19}\x{E36}\x{E48}\x{E07}"
      text run at (0,20329) width 28: "\x{E2B}\x{E25}\x{E31}\x{E07}"
      text run at (0,20350) width 26: "\x{E08}\x{E32}\x{E01}"
      text run at (0,20371) width 11: "\x{E17}\x{E35}\x{E48}"
      text run at (0,20392) width 28: "\x{E1A}\x{E49}\x{E32}\x{E19}"
      text run at (0,20413) width 37: "\x{E2A}\x{E30}\x{E14}\x{E38}\x{E14}"
      text run at (0,20434) width 35: "\x{E2D}\x{E22}\x{E48}\x{E32}\x{E07}"
      text run at (0,20455) width 24: "\x{E41}\x{E23}\x{E07}"
      text run at (0,20476) width 26: "\x{E41}\x{E25}\x{E30}"
      text run at (0,20497) width 30: "\x{E2B}\x{E21}\x{E38}\x{E19}"
      text run at (0,20518) width 18: "\x{E44}\x{E1B}"
      text run at (0,20539) width 35: "\x{E23}\x{E2D}\x{E1A}\x{E46}"
      text run at (0,20560) width 28: "\x{E2A}\x{E2D}\x{E07}"
      text run at (0,20581) width 28: "\x{E2A}\x{E32}\x{E21}"
      text run at (0,20602) width 25: "\x{E04}\x{E23}\x{E31}\x{E49}\x{E07}"
      text run at (0,20623) width 17: "\x{E43}\x{E19}"
      text run at (0,20644) width 30: "\x{E15}\x{E2D}\x{E19}"
      text run at (0,20665) width 25: "\x{E41}\x{E23}\x{E01}"
      text run at (0,20686) width 24: "\x{E40}\x{E18}\x{E2D}"
      text run at (0,20707) width 9: "\x{E01}\x{E47}"
      text run at (0,20728) width 26: "\x{E23}\x{E39}\x{E49}\x{E2A}\x{E36}\x{E01}"
      text run at (0,20749) width 16: "\x{E27}\x{E48}\x{E32}"
      text run at (0,20770) width 18: "\x{E15}\x{E31}\x{E27}"
      text run at (0,20791) width 23: "\x{E40}\x{E2D}\x{E07}"
      text run at (0,20812) width 18: "\x{E16}\x{E39}\x{E01}"
      text run at (0,20833) width 34: "\x{E41}\x{E01}\x{E27}\x{E48}\x{E07}"
      text run at (0,20854) width 35: "\x{E2D}\x{E22}\x{E48}\x{E32}\x{E07}"
      text run at (0,20875) width 27: "\x{E41}\x{E1C}\x{E48}\x{E27}"
      text run at (0,20896) width 23: "\x{E40}\x{E1A}\x{E32}"
      text run at (0,20917) width 23: "\x{E23}\x{E32}\x{E27}"
      text run at (0,20938) width 35: "\x{E17}\x{E32}\x{E23}\x{E01}"
      text run at (0,20959) width 17: "\x{E43}\x{E19}"
      text run at (0,20980) width 25: "\x{E40}\x{E1B}\x{E25}"
      text run at (0,21001) width 18: "\x{E42}\x{E15}"
      text run at (0,21022) width 18: "\x{E42}\x{E15}\x{E49}"
      text run at (0,21043) width 18: "\x{E44}\x{E21}\x{E48}"
      text run at (0,21064) width 46: "\x{E0A}\x{E2D}\x{E1A}\x{E43}\x{E08}"
      text run at (0,21085) width 24: "\x{E40}\x{E25}\x{E22}"
      text run at (0,21106) width 20: "\x{E21}\x{E31}\x{E19}"
      text run at (0,21127) width 16: "\x{E27}\x{E34}\x{E48}\x{E07}"
      text run at (0,21148) width 18: "\x{E44}\x{E1B}"
      text run at (0,21169) width 16: "\x{E27}\x{E34}\x{E48}\x{E07}"
      text run at (0,21190) width 25: "\x{E21}\x{E32}\x{E23}"
      text run at (0,21211) width 20: "\x{E2D}\x{E1A}"
      text run at (0,21232) width 28: "\x{E2B}\x{E49}\x{E2D}\x{E07}"
      text run at (0,21253) width 27: "\x{E17}\x{E32}\x{E07}"
      text run at (0,21274) width 28: "\x{E42}\x{E19}\x{E49}\x{E19}"
      text run at (0,21295) width 11: "\x{E17}\x{E35}"
      text run at (0,21316) width 27: "\x{E17}\x{E32}\x{E07}"
      text run at (0,21337) width 10: "\x{E19}\x{E35}\x{E49}"
      text run at (0,21358) width 11: "\x{E17}\x{E35}"
      text run at (0,21379) width 18: "\x{E2A}\x{E48}\x{E07}"
      text run at (0,21400) width 32: "\x{E40}\x{E2A}\x{E35}\x{E22}\x{E07}"
      text run at (0,21421) width 23: "\x{E40}\x{E2B}\x{E48}\x{E32}"
      text run at (0,21442) width 18: "\x{E14}\x{E31}\x{E07}"
      text run at (0,21463) width 27: "\x{E01}\x{E49}\x{E2D}\x{E07}"
      text run at (0,21484) width 19: "\x{E41}\x{E15}\x{E48}"
      text run at (0,21505) width 18: "\x{E42}\x{E14}"
      text run at (0,21526) width 24: "\x{E42}\x{E23}\x{E18}\x{E35}"
      text run at (0,21547) width 18: "\x{E19}\x{E31}\x{E48}\x{E07}"
      text run at (0,21568) width 18: "\x{E19}\x{E34}\x{E48}\x{E07}"
      text run at (0,21589) width 19: "\x{E2D}\x{E22}\x{E39}\x{E48}"
      text run at (0,21610) width 20: "\x{E1A}\x{E19}"
      text run at (0,21631) width 21: "\x{E1E}\x{E37}\x{E49}\x{E19}"
      text run at (0,21652) width 23: "\x{E40}\x{E1D}\x{E49}\x{E32}"
      text run at (0,21673) width 29: "\x{E04}\x{E2D}\x{E22}"
      text run at (0,21694) width 10: "\x{E14}\x{E39}"
      text run at (0,21715) width 16: "\x{E27}\x{E48}\x{E32}"
      text run at (0,21736) width 16: "\x{E08}\x{E30}"
      text run at (0,21757) width 24: "\x{E40}\x{E01}\x{E34}\x{E14}"
      text run at (0,21778) width 32: "\x{E2D}\x{E30}\x{E44}\x{E23}"
      text run at (0,21799) width 20: "\x{E02}\x{E36}\x{E49}\x{E19}"
      text run at (0,21820) width 25: "\x{E04}\x{E23}\x{E31}\x{E49}\x{E07}"
      text run at (0,21841) width 28: "\x{E2B}\x{E19}\x{E36}\x{E48}\x{E07}"
      text run at (0,21862) width 18: "\x{E42}\x{E15}"
      text run at (0,21883) width 18: "\x{E42}\x{E15}\x{E49}"
      text run at (0,21904) width 41: "\x{E40}\x{E02}\x{E49}\x{E32}\x{E44}\x{E1B}"
      text run at (0,21925) width 26: "\x{E43}\x{E01}\x{E25}\x{E49}"
      text run at (0,21946) width 18: "\x{E1D}\x{E32}"
      text run at (0,21967) width 11: "\x{E17}\x{E35}\x{E48}"
      text run at (0,21988) width 21: "\x{E1E}\x{E37}\x{E49}\x{E19}"
      text run at (0,22009) width 27: "\x{E21}\x{E32}\x{E01}"
      text run at (0,22030) width 18: "\x{E44}\x{E1B}"
      text run at (0,22051) width 24: "\x{E40}\x{E25}\x{E22}"
      text run at (0,22072) width 31: "\x{E1E}\x{E25}\x{E31}\x{E14}"
      text run at (0,22093) width 37: "\x{E15}\x{E01}\x{E25}\x{E07}"
      text run at (0,22114) width 18: "\x{E44}\x{E1B}"
      text run at (0,22135) width 11: "\x{E17}\x{E35}"
      text run at (0,22156) width 25: "\x{E41}\x{E23}\x{E01}"
      text run at (0,22177) width 24: "\x{E40}\x{E14}\x{E47}\x{E01}"
      text run at (0,22198) width 31: "\x{E2B}\x{E0D}\x{E34}\x{E07}"
      text run at (0,22219) width 20: "\x{E04}\x{E34}\x{E14}"
      text run at (0,22240) width 16: "\x{E27}\x{E48}\x{E32}"
      text run at (0,22261) width 24: "\x{E40}\x{E18}\x{E2D}"
      text run at (0,22282) width 16: "\x{E08}\x{E30}"
      text run at (0,22303) width 23: "\x{E2A}\x{E39}\x{E0D}"
      text run at (0,22324) width 24: "\x{E40}\x{E2A}\x{E35}\x{E22}"
      text run at (0,22345) width 20: "\x{E21}\x{E31}\x{E19}"
      text run at (0,22366) width 18: "\x{E44}\x{E1B}"
      text run at (0,22387) width 24: "\x{E40}\x{E2A}\x{E35}\x{E22}"
      text run at (0,22408) width 27: "\x{E41}\x{E25}\x{E49}\x{E27}"
      text run at (0,22429) width 19: "\x{E41}\x{E15}\x{E48}"
      text run at (0,22450) width 18: "\x{E0A}\x{E31}\x{E48}\x{E27}"
      text run at (0,22471) width 17: "\x{E04}\x{E23}\x{E39}\x{E48}"
      text run at (0,22492) width 24: "\x{E40}\x{E18}\x{E2D}"
      text run at (0,22513) width 9: "\x{E01}\x{E47}"
      text run at (0,22534) width 25: "\x{E40}\x{E2B}\x{E47}\x{E19}"
      text run at (0,22555) width 10: "\x{E2B}\x{E39}"
      text run at (0,22576) width 28: "\x{E02}\x{E2D}\x{E07}"
      text run at (0,22597) width 20: "\x{E21}\x{E31}\x{E19}"
      text run at (0,22618) width 28: "\x{E42}\x{E1C}\x{E25}\x{E48}"
      text run at (0,22639) width 20: "\x{E02}\x{E36}\x{E49}\x{E19}"
      text run at (0,22660) width 18: "\x{E21}\x{E32}"
      text run at (0,22681) width 26: "\x{E08}\x{E32}\x{E01}"
      text run at (0,22702) width 28: "\x{E0A}\x{E48}\x{E2D}\x{E07}"
      text run at (0,22723) width 20: "\x{E19}\x{E31}\x{E49}\x{E19}"
      text run at (0,22744) width 29: "\x{E17}\x{E31}\x{E49}\x{E07}\x{E19}\x{E35}\x{E49}"
      text run at (0,22765) width 38: "\x{E40}\x{E1E}\x{E23}\x{E32}\x{E30}"
      text run at (0,22786) width 24: "\x{E41}\x{E23}\x{E07}"
      text run at (0,22807) width 19: "\x{E01}\x{E14}"
      text run at (0,22828) width 35: "\x{E2D}\x{E22}\x{E48}\x{E32}\x{E07}"
      text run at (0,22849) width 29: "\x{E2B}\x{E19}\x{E31}\x{E01}"
      text run at (0,22870) width 28: "\x{E02}\x{E2D}\x{E07}"
      text run at (0,22891) width 45: "\x{E2D}\x{E32}\x{E01}\x{E32}\x{E28}"
      text run at (0,22912) width 36: "\x{E17}\x{E33}\x{E43}\x{E2B}\x{E49}"
      text run at (0,22933) width 18: "\x{E42}\x{E15}"
      text run at (0,22954) width 18: "\x{E42}\x{E15}\x{E49}"
      text run at (0,22975) width 18: "\x{E44}\x{E21}\x{E48}"
      text run at (0,22996) width 37: "\x{E15}\x{E01}\x{E25}\x{E07}"
      text run at (0,23017) width 18: "\x{E44}\x{E1B}"
      text run at (0,23038) width 26: "\x{E02}\x{E49}\x{E32}\x{E07}"
      text run at (0,23059) width 26: "\x{E25}\x{E48}\x{E32}\x{E07}"
      text run at (0,23080) width 18: "\x{E42}\x{E14}"
      text run at (0,23101) width 24: "\x{E42}\x{E23}\x{E18}\x{E35}"
      text run at (0,23122) width 38: "\x{E04}\x{E25}\x{E32}\x{E19}"
      text run at (0,23143) width 18: "\x{E44}\x{E1B}"
      text run at (0,23164) width 11: "\x{E17}\x{E35}\x{E48}"
      text run at (0,23185) width 28: "\x{E0A}\x{E48}\x{E2D}\x{E07}"
      text run at (0,23206) width 20: "\x{E19}\x{E31}\x{E49}\x{E19}"
      text run at (0,23227) width 19: "\x{E08}\x{E31}\x{E1A}"
      text run at (0,23248) width 10: "\x{E2B}\x{E39}"
      text run at (0,23269) width 18: "\x{E42}\x{E15}"
      text run at (0,23290) width 18: "\x{E42}\x{E15}\x{E49}"
      text run at (0,23311) width 16: "\x{E44}\x{E27}\x{E49}"
      text run at (0,23332) width 18: "\x{E44}\x{E14}\x{E49}"
      text run at (0,23353) width 26: "\x{E41}\x{E25}\x{E30}"
      text run at (0,23374) width 27: "\x{E25}\x{E32}\x{E01}"
      text run at (0,23395) width 20: "\x{E21}\x{E31}\x{E19}"
      text run at (0,23416) width 18: "\x{E21}\x{E32}"
      text run at (0,23437) width 11: "\x{E17}\x{E35}\x{E48}"
      text run at (0,23458) width 28: "\x{E2B}\x{E49}\x{E2D}\x{E07}"
      text run at (0,23479) width 19: "\x{E2D}\x{E35}\x{E01}"
      text run at (0,23500) width 28: "\x{E2B}\x{E25}\x{E31}\x{E07}"
      text run at (0,23521) width 26: "\x{E08}\x{E32}\x{E01}"
      text run at (0,23542) width 20: "\x{E19}\x{E31}\x{E49}\x{E19}"
      text run at (0,23563) width 9: "\x{E01}\x{E47}"
      text run at (0,23584) width 20: "\x{E1B}\x{E34}\x{E14}"
      text run at (0,23605) width 18: "\x{E1D}\x{E32}"
      text run at (0,23626) width 21: "\x{E1E}\x{E37}\x{E49}\x{E19}"
      text run at (0,23647) width 26: "\x{E40}\x{E1E}\x{E37}\x{E48}\x{E2D}"
      text run at (0,23668) width 16: "\x{E08}\x{E30}"
      text run at (0,23689) width 18: "\x{E44}\x{E14}\x{E49}"
      text run at (0,23710) width 18: "\x{E44}\x{E21}\x{E48}"
      text run at (0,23731) width 24: "\x{E40}\x{E01}\x{E34}\x{E14}"
      text run at (0,23752) width 55: "\x{E2D}\x{E38}\x{E1A}\x{E31}\x{E15}\x{E34}\x{E40}\x{E2B}\x{E15}\x{E38}"
      text run at (0,23773) width 19: "\x{E2D}\x{E35}\x{E01}"
      text run at (0,23794) width 44: "\x{E0A}\x{E31}\x{E48}\x{E27}\x{E42}\x{E21}\x{E07}"
      text run at (0,23815) width 27: "\x{E41}\x{E25}\x{E49}\x{E27}"
      text run at (0,23836) width 44: "\x{E0A}\x{E31}\x{E48}\x{E27}\x{E42}\x{E21}\x{E07}"
      text run at (0,23857) width 23: "\x{E40}\x{E25}\x{E48}\x{E32}"
      text run at (0,23878) width 28: "\x{E1C}\x{E48}\x{E32}\x{E19}"
      text run at (0,23899) width 18: "\x{E44}\x{E1B}"
      text run at (0,23920) width 18: "\x{E42}\x{E14}"
      text run at (0,23941) width 24: "\x{E42}\x{E23}\x{E18}\x{E35}"
      text run at (0,23962) width 37: "\x{E04}\x{E48}\x{E2D}\x{E22}\x{E46}"
      text run at (0,23983) width 27: "\x{E2B}\x{E32}\x{E22}"
      text run at (0,24004) width 27: "\x{E01}\x{E25}\x{E31}\x{E27}"
      text run at (0,24025) width 19: "\x{E41}\x{E15}\x{E48}"
      text run at (0,24046) width 24: "\x{E40}\x{E18}\x{E2D}"
      text run at (0,24067) width 26: "\x{E23}\x{E39}\x{E49}\x{E2A}\x{E36}\x{E01}"
      text run at (0,24088) width 31: "\x{E40}\x{E2B}\x{E07}\x{E32}"
      text run at (0,24109) width 35: "\x{E40}\x{E2B}\x{E25}\x{E37}\x{E2D}"
      text run at (0,24130) width 24: "\x{E40}\x{E01}\x{E34}\x{E19}"
      text run at (0,24151) width 26: "\x{E41}\x{E25}\x{E30}"
      text run at (0,24172) width 20: "\x{E25}\x{E21}"
      text run at (0,24193) width 9: "\x{E01}\x{E47}"
      text run at (0,24214) width 18: "\x{E2A}\x{E48}\x{E07}"
      text run at (0,24235) width 32: "\x{E40}\x{E2A}\x{E35}\x{E22}\x{E07}"
      text run at (0,24256) width 28: "\x{E2B}\x{E27}\x{E35}\x{E14}"
      text run at (0,24277) width 28: "\x{E2B}\x{E27}\x{E37}\x{E2D}"
      text run at (0,24298) width 18: "\x{E14}\x{E31}\x{E07}"
      text run at (0,24319) width 24: "\x{E40}\x{E2A}\x{E35}\x{E22}"
      text run at (0,24340) width 19: "\x{E08}\x{E19}"
      text run at (0,24361) width 24: "\x{E40}\x{E18}\x{E2D}"
      text run at (0,24382) width 30: "\x{E41}\x{E17}\x{E1A}"
      text run at (0,24403) width 16: "\x{E08}\x{E30}"
      text run at (0,24424) width 10: "\x{E2B}\x{E39}"
      text run at (0,24445) width 37: "\x{E2B}\x{E19}\x{E27}\x{E01}"
      text run at (0,24466) width 11: "\x{E17}\x{E35}"
      text run at (0,24487) width 25: "\x{E41}\x{E23}\x{E01}"
      text run at (0,24508) width 24: "\x{E40}\x{E18}\x{E2D}"
      text run at (0,24529) width 37: "\x{E2A}\x{E07}\x{E2A}\x{E31}\x{E22}"
      text run at (0,24550) width 16: "\x{E27}\x{E48}\x{E32}"
      text run at (0,24571) width 34: "\x{E04}\x{E07}\x{E08}\x{E30}"
      text run at (0,24592) width 18: "\x{E16}\x{E39}\x{E01}"
      text run at (0,24613) width 19: "\x{E09}\x{E35}\x{E01}"
      text run at (0,24634) width 50: "\x{E01}\x{E23}\x{E30}\x{E0A}\x{E32}\x{E01}"
      text run at (0,24655) width 29: "\x{E2D}\x{E2D}\x{E01}"
      text run at (0,24676) width 25: "\x{E40}\x{E1B}\x{E47}\x{E19}"
      text run at (0,24697) width 20: "\x{E0A}\x{E34}\x{E49}\x{E19}"
      text run at (0,24718) width 24: "\x{E40}\x{E25}\x{E47}\x{E01}"
      text run at (0,24739) width 20: "\x{E0A}\x{E34}\x{E49}\x{E19}"
      text run at (0,24760) width 29: "\x{E19}\x{E49}\x{E2D}\x{E22}"
      text run at (0,24781) width 25: "\x{E40}\x{E21}\x{E37}\x{E48}\x{E2D}"
      text run at (0,24802) width 28: "\x{E1A}\x{E49}\x{E32}\x{E19}"
      text run at (0,24823) width 25: "\x{E40}\x{E2D}\x{E19}"
      text run at (0,24844) width 20: "\x{E25}\x{E49}\x{E21}"
      text run at (0,24865) width 18: "\x{E25}\x{E07}"
      text run at (0,24886) width 19: "\x{E2D}\x{E35}\x{E01}"
      text run at (0,24907) width 25: "\x{E04}\x{E23}\x{E31}\x{E49}\x{E07}"
      text run at (0,24928) width 19: "\x{E41}\x{E15}\x{E48}"
      text run at (0,24949) width 37: "\x{E2B}\x{E25}\x{E32}\x{E22}"
      text run at (0,24970) width 44: "\x{E0A}\x{E31}\x{E48}\x{E27}\x{E42}\x{E21}\x{E07}"
      text run at (0,24991) width 28: "\x{E1C}\x{E48}\x{E32}\x{E19}"
      text run at (0,25012) width 18: "\x{E44}\x{E1B}"
      text run at (0,25033) width 9: "\x{E01}\x{E47}"
      text run at (0,25054) width 28: "\x{E44}\x{E21}\x{E48}\x{E21}\x{E35}"
      text run at (0,25075) width 32: "\x{E2D}\x{E30}\x{E44}\x{E23}"
      text run at (0,25096) width 24: "\x{E40}\x{E01}\x{E34}\x{E14}"
      text run at (0,25117) width 20: "\x{E02}\x{E36}\x{E49}\x{E19}"
      text run at (0,25138) width 24: "\x{E40}\x{E18}\x{E2D}"
      text run at (0,25159) width 24: "\x{E40}\x{E25}\x{E22}"
      text run at (0,25180) width 24: "\x{E40}\x{E25}\x{E34}\x{E01}"
      text run at (0,25201) width 27: "\x{E27}\x{E34}\x{E15}\x{E01}"
      text run at (0,25222) width 26: "\x{E41}\x{E25}\x{E30}"
      text run at (0,25243) width 40: "\x{E15}\x{E31}\x{E14}\x{E2A}\x{E34}\x{E19}"
      text run at (0,25264) width 16: "\x{E43}\x{E08}"
      text run at (0,25285) width 29: "\x{E04}\x{E2D}\x{E22}"
      text run at (0,25306) width 10: "\x{E14}\x{E39}"
      text run at (0,25327) width 35: "\x{E2D}\x{E22}\x{E48}\x{E32}\x{E07}"
      text run at (0,25348) width 28: "\x{E2A}\x{E07}\x{E1A}"
      text run at (0,25369) width 26: "\x{E41}\x{E25}\x{E30}"
      text run at (0,25390) width 17: "\x{E23}\x{E2D}"
      text run at (0,25411) width 16: "\x{E27}\x{E48}\x{E32}"
      text run at (0,25432) width 48: "\x{E2D}\x{E19}\x{E32}\x{E04}\x{E15}"
      text run at (0,25453) width 16: "\x{E08}\x{E30}"
      text run at (0,25474) width 25: "\x{E40}\x{E1B}\x{E47}\x{E19}"
      text run at (0,25495) width 50: "\x{E2D}\x{E22}\x{E48}\x{E32}\x{E07}\x{E44}\x{E23}"
      text run at (0,25516) width 17: "\x{E43}\x{E19}"
      text run at (0,25537) width 31: "\x{E17}\x{E35}\x{E48}\x{E2A}\x{E38}\x{E14}"
      text run at (0,25558) width 24: "\x{E40}\x{E18}\x{E2D}"
      text run at (0,25579) width 38: "\x{E04}\x{E25}\x{E32}\x{E19}"
      text run at (0,25600) width 26: "\x{E08}\x{E32}\x{E01}"
      text run at (0,25621) width 21: "\x{E1E}\x{E37}\x{E49}\x{E19}"
      text run at (0,25642) width 28: "\x{E2B}\x{E49}\x{E2D}\x{E07}"
      text run at (0,25663) width 11: "\x{E17}\x{E35}\x{E48}"
      text run at (0,25684) width 26: "\x{E42}\x{E22}\x{E01}"
      text run at (0,25705) width 18: "\x{E44}\x{E1B}"
      text run at (0,25726) width 18: "\x{E21}\x{E32}"
      text run at (0,25747) width 20: "\x{E02}\x{E36}\x{E49}\x{E19}"
      text run at (0,25768) width 18: "\x{E44}\x{E1B}"
      text run at (0,25789) width 20: "\x{E1A}\x{E19}"
      text run at (0,25810) width 32: "\x{E40}\x{E15}\x{E35}\x{E22}\x{E07}"
      text run at (0,25831) width 27: "\x{E41}\x{E25}\x{E49}\x{E27}"
      text run at (0,25852) width 9: "\x{E01}\x{E47}"
      text run at (0,25873) width 30: "\x{E19}\x{E2D}\x{E19}"
      text run at (0,25894) width 18: "\x{E25}\x{E07}"
      text run at (0,25915) width 18: "\x{E42}\x{E15}"
      text run at (0,25936) width 18: "\x{E42}\x{E15}\x{E49}"
      text run at (0,25957) width 28: "\x{E15}\x{E32}\x{E21}"
      text run at (0,25978) width 20: "\x{E15}\x{E34}\x{E14}"
      text run at (0,25999) width 18: "\x{E21}\x{E32}"
      text run at (0,26020) width 30: "\x{E19}\x{E2D}\x{E19}"
      text run at (0,26041) width 18: "\x{E25}\x{E07}"
      text run at (0,26062) width 34: "\x{E43}\x{E01}\x{E25}\x{E49}\x{E46}"
      text run at (0,26083) width 24: "\x{E40}\x{E18}\x{E2D}"
      text run at (0,26104) width 18: "\x{E44}\x{E21}\x{E48}"
      text run at (0,26125) width 18: "\x{E0A}\x{E49}\x{E32}"
      text run at (0,26146) width 18: "\x{E42}\x{E14}"
      text run at (0,26167) width 24: "\x{E42}\x{E23}\x{E18}\x{E35}"
      text run at (0,26188) width 9: "\x{E01}\x{E47}"
      text run at (0,26209) width 20: "\x{E1B}\x{E34}\x{E14}"
      text run at (0,26230) width 18: "\x{E15}\x{E32}"
      text run at (0,26251) width 18: "\x{E25}\x{E07}"
      text run at (0,26272) width 30: "\x{E2B}\x{E25}\x{E31}\x{E1A}"
      text run at (0,26293) width 39: "\x{E1C}\x{E25}\x{E47}\x{E2D}\x{E22}"
      text run at (0,26314) width 18: "\x{E44}\x{E1B}"
      text run at (0,26335) width 35: "\x{E2D}\x{E22}\x{E48}\x{E32}\x{E07}"
      text run at (0,26356) width 31: "\x{E2A}\x{E19}\x{E34}\x{E17}"
      text run at (0,26377) width 27: "\x{E17}\x{E31}\x{E49}\x{E07}\x{E46}"
      text run at (0,26398) width 11: "\x{E17}\x{E35}\x{E48}"
      text run at (0,26419) width 28: "\x{E1A}\x{E49}\x{E32}\x{E19}"
      text run at (0,26440) width 26: "\x{E42}\x{E22}\x{E01}"
      text run at (0,26461) width 18: "\x{E44}\x{E1B}"
      text run at (0,26482) width 18: "\x{E21}\x{E32}"
      text run at (0,26503) width 26: "\x{E41}\x{E25}\x{E30}"
      text run at (0,26524) width 20: "\x{E25}\x{E21}"
      text run at (0,26545) width 9: "\x{E01}\x{E47}"
      text run at (0,26566) width 33: "\x{E04}\x{E23}\x{E32}\x{E07}"
      text run at (0,26587) width 28: "\x{E2B}\x{E27}\x{E35}\x{E14}"
      text run at (0,26608) width 28: "\x{E2B}\x{E27}\x{E37}\x{E2D}"
layer at (471,84) size 1x28003 backgroundClip at (0,0) size 785x600 clip at (0,0) size 785x600
  LayoutBlockFlow (positioned) {DIV} at (471,84) size 1x28003
    LayoutText {#text} at (0,1) size 68x28001
      text run at (0,1) width 21: "\x{E1A}\x{E17}"
      text run at (0,22) width 11: "\x{E17}\x{E35}\x{E48}"
      text run at (0,43) width 10: "\x{E51}"
      text run at (0,64) width 28: "\x{E1E}\x{E32}\x{E22}\x{E38}"
      text run at (0,85) width 57: "\x{E44}\x{E0B}\x{E42}\x{E04}\x{E25}\x{E19}"
      text run at (0,106) width 18: "\x{E42}\x{E14}"
      text run at (0,127) width 24: "\x{E42}\x{E23}\x{E18}\x{E35}"
      text run at (0,148) width 37: "\x{E2D}\x{E32}\x{E28}\x{E31}\x{E22}"
      text run at (0,169) width 19: "\x{E2D}\x{E22}\x{E39}\x{E48}"
      text run at (0,190) width 29: "\x{E17}\x{E48}\x{E32}\x{E21}"
      text run at (0,211) width 35: "\x{E01}\x{E25}\x{E32}\x{E07}"
      text run at (0,232) width 19: "\x{E17}\x{E38}\x{E48}\x{E07}"
      text run at (0,253) width 30: "\x{E43}\x{E2B}\x{E0D}\x{E48}"
      text run at (0,274) width 17: "\x{E43}\x{E19}"
      text run at (0,295) width 50: "\x{E41}\x{E04}\x{E19}\x{E0B}\x{E31}\x{E2A}"
      text run at (0,316) width 19: "\x{E01}\x{E31}\x{E1A}"
      text run at (0,337) width 18: "\x{E25}\x{E38}\x{E07}"
      text run at (0,358) width 15: "\x{E40}\x{E2E}"
      text run at (0,379) width 17: "\x{E19}\x{E23}\x{E35}"
      text run at (0,400) width 26: "\x{E0A}\x{E32}\x{E27}"
      text run at (0,421) width 15: "\x{E44}\x{E23}\x{E48}"
      text run at (0,442) width 26: "\x{E41}\x{E25}\x{E30}"
      text run at (0,463) width 18: "\x{E1B}\x{E49}\x{E32}"
      text run at (0,484) width 25: "\x{E40}\x{E2D}\x{E47}\x{E21}"
      text run at (0,505) width 41: "\x{E20}\x{E23}\x{E23}\x{E22}\x{E32}"
      text run at (0,526) width 41: "\x{E0A}\x{E32}\x{E27}\x{E44}\x{E23}\x{E48}"
      text run at (0,547) width 28: "\x{E1A}\x{E49}\x{E32}\x{E19}"
      text run at (0,568) width 28: "\x{E02}\x{E2D}\x{E07}"
      text run at (0,589) width 28: "\x{E1E}\x{E27}\x{E01}"
      text run at (0,610) width 23: "\x{E40}\x{E02}\x{E32}"
      text run at (0,631) width 28: "\x{E2B}\x{E25}\x{E31}\x{E07}"
      text run at (0,652) width 24: "\x{E40}\x{E25}\x{E47}\x{E01}"
      text run at (0,673) width 38: "\x{E40}\x{E1E}\x{E23}\x{E32}\x{E30}"
      text run at (0,694) width 18: "\x{E44}\x{E21}\x{E49}"
      text run at (0,715) width 33: "\x{E2A}\x{E23}\x{E49}\x{E32}\x{E07}"
      text run at (0,736) width 28: "\x{E1A}\x{E49}\x{E32}\x{E19}"
      text run at (0,757) width 28: "\x{E15}\x{E49}\x{E2D}\x{E07}"
      text run at (0,778) width 20: "\x{E02}\x{E19}"
      text run at (0,799) width 18: "\x{E21}\x{E32}"
      text run at (0,820) width 27: "\x{E14}\x{E49}\x{E27}\x{E22}"
      text run at (0,841) width 41: "\x{E40}\x{E01}\x{E27}\x{E35}\x{E22}\x{E19}"
      text run at (0,862) width 25: "\x{E40}\x{E1B}\x{E47}\x{E19}"
      text run at (0,883) width 30: "\x{E23}\x{E30}\x{E22}\x{E30}"
      text run at (0,904) width 27: "\x{E17}\x{E32}\x{E07}"
      text run at (0,925) width 37: "\x{E2B}\x{E25}\x{E32}\x{E22}"
      text run at (0,946) width 28: "\x{E44}\x{E21}\x{E25}\x{E4C}"
      text run at (0,967) width 28: "\x{E1A}\x{E49}\x{E32}\x{E19}"
      text run at (0,988) width 10: "\x{E21}\x{E35}"
      text run at (0,1009) width 10: "\x{E2A}\x{E35}\x{E48}"
      text run at (0,1030) width 18: "\x{E1D}\x{E32}"
      text run at (0,1051) width 10: "\x{E21}\x{E35}"
      text run at (0,1072) width 21: "\x{E1E}\x{E37}\x{E49}\x{E19}"
      text run at (0,1093) width 19: "\x{E01}\x{E31}\x{E1A}"
      text run at (0,1114) width 46: "\x{E2B}\x{E25}\x{E31}\x{E07}\x{E04}\x{E32}"
      text run at (0,1135) width 25: "\x{E23}\x{E27}\x{E21}"
      text run at (0,1156) width 19: "\x{E17}\x{E33}"
      text run at (0,1177) width 25: "\x{E40}\x{E1B}\x{E47}\x{E19}"
      text run at (0,1198) width 28: "\x{E2B}\x{E49}\x{E2D}\x{E07}"
      text run at (0,1219) width 32: "\x{E40}\x{E14}\x{E35}\x{E22}\x{E27}"
      text run at (0,1240) width 17: "\x{E43}\x{E19}"
      text run at (0,1261) width 28: "\x{E2B}\x{E49}\x{E2D}\x{E07}"
      text run at (0,1282) width 10: "\x{E21}\x{E35}"
      text run at (0,1303) width 19: "\x{E17}\x{E31}\x{E49}\x{E07}"
      text run at (0,1324) width 23: "\x{E40}\x{E15}\x{E32}"
      text run at (0,1345) width 18: "\x{E2B}\x{E38}\x{E07}"
      text run at (0,1366) width 20: "\x{E15}\x{E49}\x{E21}"
      text run at (0,1387) width 11: "\x{E17}\x{E35}\x{E48}"
      text run at (0,1408) width 30: "\x{E2A}\x{E19}\x{E34}\x{E21}"
      text run at (0,1429) width 10: "\x{E14}\x{E39}"
      text run at (0,1450) width 20: "\x{E02}\x{E36}\x{E49}\x{E19}"
      text run at (0,1471) width 32: "\x{E40}\x{E25}\x{E2D}\x{E30}"
      text run at (0,1492) width 10: "\x{E21}\x{E35}"
      text run at (0,1513) width 10: "\x{E15}\x{E39}\x{E49}"
      text run at (0,1534) width 17: "\x{E43}\x{E2A}\x{E48}"
      text run at (0,1555) width 26: "\x{E16}\x{E49}\x{E27}\x{E22}"
      text run at (0,1576) width 28: "\x{E0A}\x{E32}\x{E21}"
      text run at (0,1597) width 25: "\x{E42}\x{E15}\x{E4A}\x{E30}"
      text run at (0,1618) width 32: "\x{E40}\x{E01}\x{E49}\x{E32}\x{E2D}\x{E35}\x{E49}"
      text run at (0,1639) width 28: "\x{E2A}\x{E32}\x{E21}"
      text run at (0,1660) width 27: "\x{E2B}\x{E23}\x{E37}\x{E2D}"
      text run at (0,1681) width 10: "\x{E2A}\x{E35}\x{E48}"
      text run at (0,1702) width 18: "\x{E15}\x{E31}\x{E27}"
      text run at (0,1723) width 27: "\x{E41}\x{E25}\x{E49}\x{E27}"
      text run at (0,1744) width 9: "\x{E01}\x{E47}"
      text run at (0,1765) width 10: "\x{E21}\x{E35}"
      text run at (0,1786) width 32: "\x{E40}\x{E15}\x{E35}\x{E22}\x{E07}"
      text run at (0,1807) width 30: "\x{E19}\x{E2D}\x{E19}"
      text run at (0,1828) width 18: "\x{E25}\x{E38}\x{E07}"
      text run at (0,1849) width 15: "\x{E40}\x{E2E}"
      text run at (0,1870) width 17: "\x{E19}\x{E23}\x{E35}"
      text run at (0,1891) width 19: "\x{E01}\x{E31}\x{E1A}"
      text run at (0,1912) width 18: "\x{E1B}\x{E49}\x{E32}"
      text run at (0,1933) width 25: "\x{E40}\x{E2D}\x{E47}\x{E21}"
      text run at (0,1954) width 10: "\x{E21}\x{E35}"
      text run at (0,1975) width 32: "\x{E40}\x{E15}\x{E35}\x{E22}\x{E07}"
      text run at (0,1996) width 30: "\x{E19}\x{E2D}\x{E19}"
      text run at (0,2017) width 30: "\x{E43}\x{E2B}\x{E0D}\x{E48}"
      text run at (0,2038) width 19: "\x{E2D}\x{E22}\x{E39}\x{E48}"
      text run at (0,2059) width 11: "\x{E17}\x{E35}\x{E48}"
      text run at (0,2080) width 20: "\x{E21}\x{E38}\x{E21}"
      text run at (0,2101) width 28: "\x{E2B}\x{E19}\x{E36}\x{E48}\x{E07}"
      text run at (0,2122) width 28: "\x{E2A}\x{E48}\x{E27}\x{E19}"
      text run at (0,2143) width 18: "\x{E42}\x{E14}"
      text run at (0,2164) width 24: "\x{E42}\x{E23}\x{E18}\x{E35}"
      text run at (0,2185) width 10: "\x{E21}\x{E35}"
      text run at (0,2206) width 32: "\x{E40}\x{E15}\x{E35}\x{E22}\x{E07}"
      text run at (0,2227) width 24: "\x{E40}\x{E25}\x{E47}\x{E01}"
      text run at (0,2248) width 19: "\x{E2D}\x{E35}\x{E01}"
      text run at (0,2269) width 11: "\x{E17}\x{E35}\x{E48}"
      text run at (0,2290) width 20: "\x{E21}\x{E38}\x{E21}"
      text run at (0,2311) width 28: "\x{E2B}\x{E19}\x{E36}\x{E48}\x{E07}"
      text run at (0,2332) width 18: "\x{E44}\x{E21}\x{E48}"
      text run at (0,2353) width 10: "\x{E21}\x{E35}"
      text run at (0,2374) width 28: "\x{E2B}\x{E49}\x{E2D}\x{E07}"
      text run at (0,2395) width 17: "\x{E43}\x{E15}\x{E49}"
      text run at (0,2416) width 44: "\x{E40}\x{E1E}\x{E14}\x{E32}\x{E19}"
      text run at (0,2437) width 24: "\x{E40}\x{E25}\x{E22}"
      text run at (0,2458) width 28: "\x{E2B}\x{E49}\x{E2D}\x{E07}"
      text run at (0,2479) width 36: "\x{E43}\x{E15}\x{E49}\x{E16}\x{E38}\x{E19}"
      text run at (0,2500) width 9: "\x{E01}\x{E47}"
      text run at (0,2521) width 18: "\x{E44}\x{E21}\x{E48}"
      text run at (0,2542) width 10: "\x{E21}\x{E35}"
      text run at (0,2563) width 23: "\x{E40}\x{E27}\x{E49}\x{E19}"
      text run at (0,2584) width 19: "\x{E41}\x{E15}\x{E48}"
      text run at (0,2605) width 10: "\x{E21}\x{E35}"
      text run at (0,2626) width 34: "\x{E42}\x{E1E}\x{E23}\x{E07}"
      text run at (0,2647) width 32: "\x{E40}\x{E25}\x{E47}\x{E01}\x{E46}"
      text run at (0,2668) width 11: "\x{E17}\x{E35}\x{E48}"
      text run at (0,2689) width 20: "\x{E02}\x{E38}\x{E14}"
      text run at (0,2710) width 18: "\x{E44}\x{E1B}"
      text run at (0,2731) width 17: "\x{E43}\x{E15}\x{E49}"
      text run at (0,2752) width 21: "\x{E1E}\x{E37}\x{E49}\x{E19}"
      text run at (0,2773) width 30: "\x{E40}\x{E23}\x{E35}\x{E22}\x{E01}"
      text run at (0,2794) width 16: "\x{E27}\x{E48}\x{E32}"
      text run at (0,2814) width 5: "\""
      text run at (0,2835) width 34: "\x{E42}\x{E1E}\x{E23}\x{E07}"
      text run at (0,2856) width 57: "\x{E44}\x{E0B}\x{E42}\x{E04}\x{E25}\x{E19}"
      text run at (0,2876) width 5: "\""
      text run at (0,2897) width 25: "\x{E40}\x{E1B}\x{E47}\x{E19}"
      text run at (0,2918) width 11: "\x{E17}\x{E35}\x{E48}"
      text run at (0,2939) width 62: "\x{E04}\x{E23}\x{E2D}\x{E1A}\x{E04}\x{E23}\x{E31}\x{E27}"
      text run at (0,2960) width 10: "\x{E19}\x{E35}\x{E49}"
      text run at (0,2981) width 16: "\x{E08}\x{E30}"
      text run at (0,3002) width 20: "\x{E21}\x{E38}\x{E14}"
      text run at (0,3023) width 23: "\x{E40}\x{E02}\x{E49}\x{E32}"
      text run at (0,3044) width 18: "\x{E44}\x{E1B}"
      text run at (0,3065) width 25: "\x{E40}\x{E21}\x{E37}\x{E48}\x{E2D}"
      text run at (0,3086) width 24: "\x{E40}\x{E01}\x{E34}\x{E14}"
      text run at (0,3107) width 20: "\x{E25}\x{E21}"
      text run at (0,3128) width 28: "\x{E21}\x{E2B}\x{E32}"
      text run at (0,3149) width 19: "\x{E20}\x{E31}\x{E22}"
      text run at (0,3170) width 19: "\x{E0B}\x{E36}\x{E48}\x{E07}"
      text run at (0,3191) width 50: "\x{E01}\x{E23}\x{E30}\x{E42}\x{E0A}\x{E01}"
      text run at (0,3212) width 24: "\x{E41}\x{E23}\x{E07}"
      text run at (0,3233) width 19: "\x{E08}\x{E19}"
      text run at (0,3254) width 20: "\x{E1A}\x{E14}"
      text run at (0,3275) width 19: "\x{E02}\x{E22}\x{E35}\x{E49}"
      text run at (0,3296) width 18: "\x{E2A}\x{E34}\x{E48}\x{E07}"
      text run at (0,3317) width 19: "\x{E01}\x{E48}\x{E2D}"
      text run at (0,3338) width 33: "\x{E2A}\x{E23}\x{E49}\x{E32}\x{E07}"
      text run at (0,3359) width 17: "\x{E43}\x{E14}"
      text run at (0,3380) width 8: "\x{E46}"
      text run at (0,3401) width 11: "\x{E17}\x{E35}\x{E48}"
      text run at (0,3422) width 34: "\x{E02}\x{E27}\x{E32}\x{E07}"
      text run at (0,3443) width 27: "\x{E17}\x{E32}\x{E07}"
      text run at (0,3464) width 20: "\x{E21}\x{E31}\x{E19}"
      text run at (0,3485) width 18: "\x{E44}\x{E14}\x{E49}"
      text run at (0,3506) width 25: "\x{E15}\x{E23}\x{E07}"
      text run at (0,3527) width 35: "\x{E01}\x{E25}\x{E32}\x{E07}"
      text run at (0,3548) width 21: "\x{E1E}\x{E37}\x{E49}\x{E19}"
      text run at (0,3569) width 10: "\x{E21}\x{E35}"
      text run at (0,3590) width 18: "\x{E1D}\x{E32}"
      text run at (0,3611) width 25: "\x{E40}\x{E1B}\x{E34}\x{E14}"
      text run at (0,3632) width 23: "\x{E40}\x{E02}\x{E49}\x{E32}"
      text run at (0,3653) width 18: "\x{E44}\x{E1B}"
      text run at (0,3674) width 26: "\x{E08}\x{E32}\x{E01}"
      text run at (0,3695) width 20: "\x{E19}\x{E31}\x{E49}\x{E19}"
      text run at (0,3716) width 10: "\x{E21}\x{E35}"
      text run at (0,3737) width 38: "\x{E1A}\x{E31}\x{E19}\x{E44}\x{E14}"
      text run at (0,3758) width 18: "\x{E25}\x{E07}"
      text run at (0,3779) width 18: "\x{E44}\x{E1B}"
      text run at (0,3800) width 17: "\x{E16}\x{E36}\x{E07}"
      text run at (0,3821) width 34: "\x{E42}\x{E1E}\x{E23}\x{E07}"
      text run at (0,3842) width 20: "\x{E21}\x{E37}\x{E14}"
      text run at (0,3863) width 24: "\x{E40}\x{E25}\x{E47}\x{E01}"
      text run at (0,3884) width 8: "\x{E46}"
      text run at (0,3905) width 25: "\x{E40}\x{E21}\x{E37}\x{E48}\x{E2D}"
      text run at (0,3926) width 18: "\x{E42}\x{E14}"
      text run at (0,3947) width 24: "\x{E42}\x{E23}\x{E18}\x{E35}"
      text run at (0,3968) width 19: "\x{E22}\x{E37}\x{E19}"
      text run at (0,3989) width 11: "\x{E17}\x{E35}\x{E48}"
      text run at (0,4010) width 27: "\x{E1B}\x{E32}\x{E01}"
      text run at (0,4031) width 34: "\x{E1B}\x{E23}\x{E30}\x{E15}\x{E39}"
      text run at (0,4052) width 26: "\x{E41}\x{E25}\x{E30}"
      text run at (0,4073) width 28: "\x{E21}\x{E2D}\x{E07}"
      text run at (0,4094) width 18: "\x{E44}\x{E1B}"
      text run at (0,4115) width 27: "\x{E23}\x{E2D}\x{E1A}"
      text run at (0,4136) width 8: "\x{E46}"
      text run at (0,4157) width 24: "\x{E40}\x{E18}\x{E2D}"
      text run at (0,4178) width 18: "\x{E44}\x{E21}\x{E48}"
      text run at (0,4199) width 25: "\x{E40}\x{E2B}\x{E47}\x{E19}"
      text run at (0,4220) width 32: "\x{E2D}\x{E30}\x{E44}\x{E23}"
      text run at (0,4241) width 29: "\x{E19}\x{E2D}\x{E01}"
      text run at (0,4262) width 26: "\x{E08}\x{E32}\x{E01}"
      text run at (0,4283) width 29: "\x{E17}\x{E49}\x{E2D}\x{E07}"
      text run at (0,4304) width 19: "\x{E17}\x{E38}\x{E48}\x{E07}"
      text run at (0,4325) width 33: "\x{E01}\x{E27}\x{E49}\x{E32}\x{E07}"
      text run at (0,4346) width 10: "\x{E2A}\x{E35}"
      text run at (0,4367) width 24: "\x{E40}\x{E17}\x{E32}"
      text run at (0,4388) width 30: "\x{E2B}\x{E21}\x{E48}\x{E19}"
      text run at (0,4409) width 19: "\x{E17}\x{E31}\x{E48}\x{E27}"
      text run at (0,4430) width 20: "\x{E17}\x{E38}\x{E01}"
      text run at (0,4451) width 28: "\x{E14}\x{E49}\x{E32}\x{E19}"
      text run at (0,4472) width 18: "\x{E44}\x{E21}\x{E48}"
      text run at (0,4493) width 10: "\x{E21}\x{E35}"
      text run at (0,4514) width 19: "\x{E41}\x{E21}\x{E49}"
      text run at (0,4535) width 38: "\x{E15}\x{E49}\x{E19}\x{E44}\x{E21}\x{E49}"
      text run at (0,4556) width 19: "\x{E2A}\x{E31}\x{E01}"
      text run at (0,4577) width 20: "\x{E15}\x{E49}\x{E19}"
      text run at (0,4598) width 27: "\x{E2B}\x{E23}\x{E37}\x{E2D}"
      text run at (0,4619) width 28: "\x{E1A}\x{E49}\x{E32}\x{E19}"
      text run at (0,4640) width 19: "\x{E2A}\x{E31}\x{E01}"
      text run at (0,4661) width 28: "\x{E2B}\x{E25}\x{E31}\x{E07}"
      text run at (0,4682) width 11: "\x{E17}\x{E35}\x{E48}"
      text run at (0,4703) width 28: "\x{E42}\x{E1C}\x{E25}\x{E48}"
      text run at (0,4724) width 21: "\x{E1E}\x{E49}\x{E19}"
      text run at (0,4745) width 20: "\x{E20}\x{E39}\x{E21}\x{E34}"
      text run at (0,4766) width 50: "\x{E1B}\x{E23}\x{E30}\x{E40}\x{E17}\x{E28}"
      text run at (0,4787) width 20: "\x{E2D}\x{E31}\x{E19}"
      text run at (0,4808) width 25: "\x{E23}\x{E32}\x{E1A}"
      text run at (0,4829) width 31: "\x{E40}\x{E23}\x{E35}\x{E22}\x{E1A}"
      text run at (0,4850) width 19: "\x{E41}\x{E1C}\x{E48}"
      text run at (0,4871) width 18: "\x{E44}\x{E1B}"
      text run at (0,4892) width 27: "\x{E44}\x{E01}\x{E25}"
      text run at (0,4913) width 19: "\x{E08}\x{E19}"
      text run at (0,4934) width 19: "\x{E08}\x{E14}"
      text run at (0,4955) width 30: "\x{E02}\x{E2D}\x{E1A}"
      text run at (0,4976) width 19: "\x{E1F}\x{E49}\x{E32}"
      text run at (0,4997) width 19: "\x{E17}\x{E31}\x{E48}\x{E27}"
      text run at (0,5018) width 20: "\x{E17}\x{E38}\x{E01}"
      text run at (0,5039) width 21: "\x{E17}\x{E34}\x{E28}"
      text run at (0,5060) width 26: "\x{E14}\x{E27}\x{E07}"
      text run at (0,5081) width 35: "\x{E15}\x{E30}\x{E27}\x{E31}\x{E19}"
      text run at (0,5102) width 23: "\x{E40}\x{E1C}\x{E32}"
      text run at (0,5123) width 20: "\x{E1C}\x{E37}\x{E19}"
      text run at (0,5144) width 20: "\x{E14}\x{E34}\x{E19}"
      text run at (0,5165) width 11: "\x{E17}\x{E35}\x{E48}"
      text run at (0,5186) width 17: "\x{E44}\x{E16}"
      text run at (0,5207) width 27: "\x{E41}\x{E25}\x{E49}\x{E27}"
      text run at (0,5228) width 19: "\x{E08}\x{E19}"
      text run at (0,5249) width 36: "\x{E01}\x{E25}\x{E32}\x{E22}"
      text run at (0,5270) width 25: "\x{E40}\x{E1B}\x{E47}\x{E19}"
      text run at (0,5291) width 29: "\x{E41}\x{E1C}\x{E48}\x{E19}"
      text run at (0,5312) width 38: "\x{E21}\x{E2B}\x{E36}\x{E21}\x{E32}"
      text run at (0,5333) width 10: "\x{E2A}\x{E35}"
      text run at (0,5354) width 18: "\x{E14}\x{E33}"
      text run at (0,5375) width 10: "\x{E21}\x{E35}"
      text run at (0,5396) width 26: "\x{E23}\x{E2D}\x{E22}"
      text run at (0,5417) width 28: "\x{E41}\x{E15}\x{E01}"
      text run at (0,5438) width 41: "\x{E23}\x{E30}\x{E41}\x{E2B}\x{E07}"
      text run at (0,5459) width 19: "\x{E2D}\x{E22}\x{E39}\x{E48}"
      text run at (0,5480) width 40: "\x{E15}\x{E25}\x{E2D}\x{E14}"
      text run at (0,5501) width 38: "\x{E41}\x{E21}\x{E49}\x{E41}\x{E15}\x{E48}"
      text run at (0,5522) width 31: "\x{E2B}\x{E0D}\x{E49}\x{E32}"
      text run at (0,5543) width 9: "\x{E01}\x{E47}"
      text run at (0,5564) width 18: "\x{E44}\x{E21}\x{E48}"
      text run at (0,5585) width 32: "\x{E40}\x{E02}\x{E35}\x{E22}\x{E27}"
      text run at (0,5606) width 38: "\x{E40}\x{E1E}\x{E23}\x{E32}\x{E30}"
      text run at (0,5627) width 26: "\x{E14}\x{E27}\x{E07}"
      text run at (0,5648) width 35: "\x{E15}\x{E30}\x{E27}\x{E31}\x{E19}"
      text run at (0,5669) width 23: "\x{E40}\x{E1C}\x{E32}"
      text run at (0,5690) width 29: "\x{E22}\x{E2D}\x{E14}"
      text run at (0,5711) width 17: "\x{E43}\x{E1A}"
      text run at (0,5732) width 25: "\x{E22}\x{E32}\x{E27}"
      text run at (0,5753) width 24: "\x{E40}\x{E2A}\x{E35}\x{E22}"
      text run at (0,5774) width 19: "\x{E08}\x{E19}"
      text run at (0,5795) width 25: "\x{E40}\x{E1B}\x{E47}\x{E19}"
      text run at (0,5816) width 10: "\x{E2A}\x{E35}"
      text run at (0,5837) width 24: "\x{E40}\x{E17}\x{E32}"
      text run at (0,5858) width 30: "\x{E2B}\x{E21}\x{E48}\x{E19}"
      text run at (0,5879) width 28: "\x{E21}\x{E2D}\x{E07}"
      text run at (0,5900) width 25: "\x{E40}\x{E2B}\x{E47}\x{E19}"
      text run at (0,5921) width 19: "\x{E2D}\x{E22}\x{E39}\x{E48}"
      text run at (0,5942) width 19: "\x{E17}\x{E31}\x{E48}\x{E27}"
      text run at (0,5963) width 18: "\x{E44}\x{E1B}"
      text run at (0,5984) width 25: "\x{E04}\x{E23}\x{E31}\x{E49}\x{E07}"
      text run at (0,6005) width 28: "\x{E2B}\x{E19}\x{E36}\x{E48}\x{E07}"
      text run at (0,6026) width 24: "\x{E40}\x{E04}\x{E22}"
      text run at (0,6047) width 19: "\x{E17}\x{E32}"
      text run at (0,6068) width 10: "\x{E2A}\x{E35}"
      text run at (0,6089) width 28: "\x{E1A}\x{E49}\x{E32}\x{E19}"
      text run at (0,6110) width 23: "\x{E40}\x{E2D}\x{E32}"
      text run at (0,6131) width 16: "\x{E44}\x{E27}\x{E49}"
      text run at (0,6152) width 19: "\x{E41}\x{E15}\x{E48}"
      text run at (0,6173) width 9: "\x{E01}\x{E47}"
      text run at (0,6194) width 18: "\x{E16}\x{E39}\x{E01}"
      text run at (0,6215) width 26: "\x{E14}\x{E27}\x{E07}"
      text run at (0,6236) width 35: "\x{E15}\x{E30}\x{E27}\x{E31}\x{E19}"
      text run at (0,6257) width 23: "\x{E40}\x{E1C}\x{E32}"
      text run at (0,6278) width 24: "\x{E40}\x{E2A}\x{E35}\x{E22}"
      text run at (0,6299) width 19: "\x{E08}\x{E19}"
      text run at (0,6320) width 10: "\x{E2A}\x{E35}"
      text run at (0,6341) width 29: "\x{E1E}\x{E2D}\x{E07}"
      text run at (0,6362) width 27: "\x{E41}\x{E25}\x{E49}\x{E27}"
      text run at (0,6383) width 20: "\x{E1D}\x{E19}"
      text run at (0,6404) width 9: "\x{E01}\x{E47}"
      text run at (0,6425) width 17: "\x{E0A}\x{E30}"
      text run at (0,6446) width 20: "\x{E21}\x{E31}\x{E19}"
      text run at (0,6467) width 30: "\x{E2B}\x{E25}\x{E38}\x{E14}"
      text run at (0,6488) width 18: "\x{E44}\x{E1B}"
      text run at (0,6509) width 19: "\x{E08}\x{E19}"
      text run at (0,6530) width 30: "\x{E2B}\x{E21}\x{E14}"
      text run at (0,6551) width 26: "\x{E41}\x{E25}\x{E30}"
      text run at (0,6572) width 30: "\x{E15}\x{E2D}\x{E19}"
      text run at (0,6593) width 10: "\x{E19}\x{E35}\x{E49}"
      text run at (0,6614) width 28: "\x{E1A}\x{E49}\x{E32}\x{E19}"
      text run at (0,6635) width 17: "\x{E08}\x{E36}\x{E07}"
      text run at (0,6656) width 10: "\x{E14}\x{E39}"
      text run at (0,6677) width 68: "\x{E2B}\x{E21}\x{E48}\x{E19}\x{E2B}\x{E21}\x{E2D}\x{E07}"
      text run at (0,6698) width 25: "\x{E40}\x{E1B}\x{E47}\x{E19}"
      text run at (0,6719) width 10: "\x{E2A}\x{E35}"
      text run at (0,6740) width 24: "\x{E40}\x{E17}\x{E32}"
      text run at (0,6761) width 45: "\x{E40}\x{E2B}\x{E21}\x{E37}\x{E2D}\x{E19}"
      text run at (0,6782) width 18: "\x{E2A}\x{E34}\x{E48}\x{E07}"
      text run at (0,6803) width 20: "\x{E2D}\x{E37}\x{E48}\x{E19}"
      text run at (0,6824) width 8: "\x{E46}"
      text run at (0,6845) width 27: "\x{E14}\x{E49}\x{E27}\x{E22}"
      text run at (0,6866) width 30: "\x{E15}\x{E2D}\x{E19}"
      text run at (0,6887) width 11: "\x{E17}\x{E35}\x{E48}"
      text run at (0,6908) width 18: "\x{E1B}\x{E49}\x{E32}"
      text run at (0,6929) width 25: "\x{E40}\x{E2D}\x{E47}\x{E21}"
      text run at (0,6950) width 26: "\x{E22}\x{E49}\x{E32}\x{E22}"
      text run at (0,6971) width 18: "\x{E21}\x{E32}"
      text run at (0,6992) width 19: "\x{E2D}\x{E22}\x{E39}\x{E48}"
      text run at (0,7013) width 11: "\x{E17}\x{E35}\x{E48}"
      text run at (0,7034) width 10: "\x{E19}\x{E35}\x{E48}"
      text run at (0,7055) width 24: "\x{E40}\x{E18}\x{E2D}"
      text run at (0,7076) width 17: "\x{E22}\x{E31}\x{E07}"
      text run at (0,7097) width 26: "\x{E2A}\x{E32}\x{E27}"
      text run at (0,7118) width 25: "\x{E40}\x{E1B}\x{E47}\x{E19}"
      text run at (0,7139) width 41: "\x{E20}\x{E23}\x{E23}\x{E22}\x{E32}"
      text run at (0,7160) width 11: "\x{E17}\x{E35}\x{E48}"
      text run at (0,7181) width 44: "\x{E07}\x{E14}\x{E07}\x{E32}\x{E21}"
      text run at (0,7202) width 27: "\x{E41}\x{E25}\x{E49}\x{E27}"
      text run at (0,7223) width 29: "\x{E41}\x{E14}\x{E14}"
      text run at (0,7244) width 26: "\x{E41}\x{E25}\x{E30}"
      text run at (0,7265) width 20: "\x{E25}\x{E21}"
      text run at (0,7286) width 9: "\x{E01}\x{E47}"
      text run at (0,7307) width 18: "\x{E44}\x{E14}\x{E49}"
      text run at (0,7328) width 44: "\x{E40}\x{E1B}\x{E25}\x{E35}\x{E48}\x{E22}\x{E19}"
      text run at (0,7349) width 24: "\x{E40}\x{E18}\x{E2D}"
      text run at (0,7370) width 18: "\x{E44}\x{E1B}"
      text run at (0,7391) width 23: "\x{E40}\x{E2D}\x{E32}"
      text run at (0,7412) width 50: "\x{E1B}\x{E23}\x{E30}\x{E01}\x{E32}\x{E22}"
      text run at (0,7433) width 18: "\x{E44}\x{E1B}"
      text run at (0,7454) width 26: "\x{E08}\x{E32}\x{E01}"
      text run at (0,7475) width 44: "\x{E14}\x{E27}\x{E07}\x{E15}\x{E32}"
      text run at (0,7496) width 24: "\x{E40}\x{E18}\x{E2D}"
      text run at (0,7517) width 39: "\x{E1B}\x{E25}\x{E48}\x{E2D}\x{E22}"
      text run at (0,7538) width 16: "\x{E44}\x{E27}\x{E49}"
      text run at (0,7559) width 19: "\x{E41}\x{E15}\x{E48}"
      text run at (0,7580) width 36: "\x{E04}\x{E27}\x{E32}\x{E21}"
      text run at (0,7601) width 30: "\x{E2A}\x{E38}\x{E02}\x{E38}\x{E21}"
      text run at (0,7622) width 35: "\x{E2D}\x{E22}\x{E48}\x{E32}\x{E07}"
      text run at (0,7643) width 68: "\x{E2B}\x{E21}\x{E48}\x{E19}\x{E2B}\x{E21}\x{E2D}\x{E07}"
      text run at (0,7664) width 23: "\x{E40}\x{E2D}\x{E32}"
      text run at (0,7685) width 10: "\x{E2A}\x{E35}"
      text run at (0,7706) width 27: "\x{E41}\x{E14}\x{E07}"
      text run at (0,7727) width 26: "\x{E08}\x{E32}\x{E01}"
      text run at (0,7748) width 28: "\x{E41}\x{E01}\x{E49}\x{E21}"
      text run at (0,7769) width 26: "\x{E41}\x{E25}\x{E30}"
      text run at (0,7790) width 17: "\x{E23}\x{E34}\x{E21}"
      text run at (0,7811) width 37: "\x{E1D}\x{E35}\x{E1B}\x{E32}\x{E01}"
      text run at (0,7832) width 24: "\x{E40}\x{E18}\x{E2D}"
      text run at (0,7853) width 18: "\x{E44}\x{E1B}"
      text run at (0,7874) width 36: "\x{E01}\x{E25}\x{E32}\x{E22}"
      text run at (0,7895) width 25: "\x{E40}\x{E1B}\x{E47}\x{E19}"
      text run at (0,7916) width 10: "\x{E2A}\x{E35}"
      text run at (0,7937) width 30: "\x{E2B}\x{E21}\x{E48}\x{E19}"
      text run at (0,7958) width 8: "\x{E46}"
      text run at (0,7979) width 45: "\x{E40}\x{E2B}\x{E21}\x{E37}\x{E2D}\x{E19}"
      text run at (0,8000) width 19: "\x{E01}\x{E31}\x{E19}"
      text run at (0,8021) width 24: "\x{E40}\x{E18}\x{E2D}"
      text run at (0,8042) width 30: "\x{E1C}\x{E2D}\x{E21}"
      text run at (0,8063) width 26: "\x{E41}\x{E25}\x{E30}"
      text run at (0,8084) width 28: "\x{E2B}\x{E25}\x{E31}\x{E07}"
      text run at (0,8105) width 26: "\x{E42}\x{E04}\x{E49}\x{E07}"
      text run at (0,8126) width 26: "\x{E41}\x{E25}\x{E30}"
      text run at (0,8147) width 32: "\x{E40}\x{E14}\x{E35}\x{E4B}\x{E22}\x{E27}"
      text run at (0,8168) width 10: "\x{E19}\x{E35}\x{E49}"
      text run at (0,8189) width 18: "\x{E44}\x{E21}\x{E48}"
      text run at (0,8210) width 24: "\x{E40}\x{E04}\x{E22}"
      text run at (0,8231) width 19: "\x{E22}\x{E34}\x{E49}\x{E21}"
      text run at (0,8252) width 24: "\x{E40}\x{E25}\x{E22}"
      text run at (0,8273) width 25: "\x{E40}\x{E21}\x{E37}\x{E48}\x{E2D}"
      text run at (0,8294) width 18: "\x{E42}\x{E14}"
      text run at (0,8315) width 24: "\x{E42}\x{E23}\x{E18}\x{E35}"
      text run at (0,8336) width 19: "\x{E0B}\x{E36}\x{E48}\x{E07}"
      text run at (0,8357) width 25: "\x{E40}\x{E1B}\x{E47}\x{E19}"
      text run at (0,8378) width 24: "\x{E40}\x{E14}\x{E47}\x{E01}"
      text run at (0,8399) width 43: "\x{E01}\x{E33}\x{E1E}\x{E23}\x{E49}\x{E32}"
      text run at (0,8420) width 18: "\x{E21}\x{E32}"
      text run at (0,8441) width 19: "\x{E2D}\x{E22}\x{E39}\x{E48}"
      text run at (0,8462) width 19: "\x{E01}\x{E31}\x{E1A}"
      text run at (0,8483) width 24: "\x{E40}\x{E18}\x{E2D}"
      text run at (0,8504) width 30: "\x{E15}\x{E2D}\x{E19}"
      text run at (0,8525) width 25: "\x{E41}\x{E23}\x{E01}"
      text run at (0,8546) width 18: "\x{E1B}\x{E49}\x{E32}"
      text run at (0,8567) width 25: "\x{E40}\x{E2D}\x{E47}\x{E21}"
      text run at (0,8588) width 20: "\x{E15}\x{E37}\x{E48}\x{E19}"
      text run at (0,8609) width 25: "\x{E40}\x{E15}\x{E49}\x{E19}"
      text run at (0,8630) width 19: "\x{E01}\x{E31}\x{E1A}"
      text run at (0,8651) width 32: "\x{E40}\x{E2A}\x{E35}\x{E22}\x{E07}"
      text run at (0,8672) width 45: "\x{E2B}\x{E31}\x{E27}\x{E40}\x{E23}\x{E32}\x{E30}"
      text run at (0,8693) width 28: "\x{E02}\x{E2D}\x{E07}"
      text run at (0,8714) width 24: "\x{E40}\x{E14}\x{E47}\x{E01}"
      text run at (0,8735) width 29: "\x{E19}\x{E49}\x{E2D}\x{E22}"
      text run at (0,8756) width 27: "\x{E21}\x{E32}\x{E01}"
      text run at (0,8777) width 24: "\x{E40}\x{E18}\x{E2D}"
      text run at (0,8798) width 16: "\x{E08}\x{E30}"
      text run at (0,8819) width 18: "\x{E2A}\x{E48}\x{E07}"
      text run at (0,8840) width 32: "\x{E40}\x{E2A}\x{E35}\x{E22}\x{E07}"
      text run at (0,8861) width 25: "\x{E23}\x{E49}\x{E2D}\x{E07}"
      text run at (0,8882) width 27: "\x{E41}\x{E25}\x{E49}\x{E27}"
      text run at (0,8903) width 23: "\x{E40}\x{E2D}\x{E32}"
      text run at (0,8924) width 20: "\x{E21}\x{E37}\x{E2D}"
      text run at (0,8945) width 29: "\x{E17}\x{E32}\x{E1A}"
      text run at (0,8966) width 19: "\x{E2D}\x{E01}"
      text run at (0,8987) width 20: "\x{E17}\x{E38}\x{E01}"
      text run at (0,9008) width 25: "\x{E04}\x{E23}\x{E31}\x{E49}\x{E07}"
      text run at (0,9029) width 11: "\x{E17}\x{E35}\x{E48}"
      text run at (0,9050) width 32: "\x{E40}\x{E2A}\x{E35}\x{E22}\x{E07}"
      text run at (0,9071) width 20: "\x{E2D}\x{E31}\x{E19}"
      text run at (0,9092) width 35: "\x{E23}\x{E48}\x{E32}\x{E40}\x{E23}\x{E34}\x{E07}"
      text run at (0,9113) width 28: "\x{E02}\x{E2D}\x{E07}"
      text run at (0,9134) width 18: "\x{E42}\x{E14}"
      text run at (0,9155) width 24: "\x{E42}\x{E23}\x{E18}\x{E35}"
      text run at (0,9176) width 23: "\x{E40}\x{E02}\x{E49}\x{E32}"
      text run at (0,9197) width 10: "\x{E2B}\x{E39}"
      text run at (0,9218) width 24: "\x{E40}\x{E18}\x{E2D}"
      text run at (0,9239) width 26: "\x{E41}\x{E25}\x{E30}"
      text run at (0,9260) width 24: "\x{E40}\x{E18}\x{E2D}"
      text run at (0,9281) width 23: "\x{E40}\x{E1D}\x{E49}\x{E32}"
      text run at (0,9302) width 28: "\x{E21}\x{E2D}\x{E07}"
      text run at (0,9323) width 24: "\x{E40}\x{E14}\x{E47}\x{E01}"
      text run at (0,9344) width 31: "\x{E2B}\x{E0D}\x{E34}\x{E07}"
      text run at (0,9365) width 29: "\x{E19}\x{E49}\x{E2D}\x{E22}"
      text run at (0,9386) width 8: "\x{E46}"
      text run at (0,9407) width 27: "\x{E14}\x{E49}\x{E27}\x{E22}"
      text run at (0,9428) width 36: "\x{E04}\x{E27}\x{E32}\x{E21}"
      text run at (0,9449) width 62: "\x{E1B}\x{E23}\x{E30}\x{E2B}\x{E25}\x{E32}\x{E14}"
      text run at (0,9470) width 16: "\x{E43}\x{E08}"
      text run at (0,9491) width 27: "\x{E14}\x{E49}\x{E27}\x{E22}"
      text run at (0,9512) width 17: "\x{E22}\x{E31}\x{E07}"
      text run at (0,9533) width 18: "\x{E2B}\x{E32}"
      text run at (0,9554) width 32: "\x{E2D}\x{E30}\x{E44}\x{E23}"
      text run at (0,9575) width 18: "\x{E21}\x{E32}"
      text run at (0,9596) width 25: "\x{E40}\x{E1B}\x{E47}\x{E19}"
      text run at (0,9617) width 30: "\x{E40}\x{E23}\x{E37}\x{E48}\x{E2D}\x{E07}"
      text run at (0,9638) width 45: "\x{E2B}\x{E31}\x{E27}\x{E40}\x{E23}\x{E32}\x{E30}"
      text run at (0,9659) width 18: "\x{E44}\x{E14}\x{E49}"
      text run at (0,9680) width 18: "\x{E25}\x{E38}\x{E07}"
      text run at (0,9701) width 15: "\x{E40}\x{E2E}"
      text run at (0,9722) width 17: "\x{E19}\x{E23}\x{E35}"
      text run at (0,9743) width 18: "\x{E44}\x{E21}\x{E48}"
      text run at (0,9764) width 24: "\x{E40}\x{E04}\x{E22}"
      text run at (0,9785) width 45: "\x{E2B}\x{E31}\x{E27}\x{E40}\x{E23}\x{E32}\x{E30}"
      text run at (0,9806) width 18: "\x{E25}\x{E38}\x{E07}"
      text run at (0,9827) width 45: "\x{E17}\x{E33}\x{E07}\x{E32}\x{E19}"
      text run at (0,9848) width 29: "\x{E2B}\x{E19}\x{E31}\x{E01}"
      text run at (0,9869) width 26: "\x{E08}\x{E32}\x{E01}"
      text run at (0,9890) width 23: "\x{E40}\x{E0A}\x{E49}\x{E32}"
      text run at (0,9911) width 19: "\x{E22}\x{E31}\x{E19}"
      text run at (0,9932) width 18: "\x{E04}\x{E48}\x{E33}"
      text run at (0,9953) width 26: "\x{E41}\x{E25}\x{E30}"
      text run at (0,9974) width 18: "\x{E44}\x{E21}\x{E48}"
      text run at (0,9995) width 24: "\x{E40}\x{E04}\x{E22}"
      text run at (0,10016) width 25: "\x{E23}\x{E39}\x{E49}\x{E08}\x{E31}\x{E01}"
      text run at (0,10037) width 16: "\x{E27}\x{E48}\x{E32}"
      text run at (0,10058) width 36: "\x{E04}\x{E27}\x{E32}\x{E21}"
      text run at (0,10079) width 35: "\x{E23}\x{E48}\x{E32}\x{E40}\x{E23}\x{E34}\x{E07}"
      text run at (0,10100) width 20: "\x{E04}\x{E37}\x{E2D}"
      text run at (0,10121) width 32: "\x{E2D}\x{E30}\x{E44}\x{E23}"
      text run at (0,10142) width 18: "\x{E25}\x{E38}\x{E07}"
      text run at (0,10163) width 10: "\x{E14}\x{E39}"
      text run at (0,10184) width 68: "\x{E2B}\x{E21}\x{E48}\x{E19}\x{E2B}\x{E21}\x{E2D}\x{E07}"
      text run at (0,10205) width 18: "\x{E44}\x{E1B}"
      text run at (0,10226) width 30: "\x{E2B}\x{E21}\x{E14}"
      text run at (0,10247) width 18: "\x{E15}\x{E31}\x{E49}\x{E07}"
      text run at (0,10268) width 19: "\x{E41}\x{E15}\x{E48}"
      text run at (0,10289) width 30: "\x{E40}\x{E04}\x{E23}\x{E32}"
      text run at (0,10310) width 25: "\x{E22}\x{E32}\x{E27}"
      text run at (0,10331) width 19: "\x{E08}\x{E19}"
      text run at (0,10352) width 19: "\x{E08}\x{E14}"
      text run at (0,10373) width 49: "\x{E23}\x{E2D}\x{E07}\x{E40}\x{E17}\x{E49}\x{E32}"
      text run at (0,10394) width 20: "\x{E1A}\x{E39}\x{E15}"
      text run at (0,10415) width 20: "\x{E2D}\x{E31}\x{E19}"
      text run at (0,10436) width 37: "\x{E2B}\x{E22}\x{E32}\x{E1A}"
      text run at (0,10457) width 27: "\x{E41}\x{E25}\x{E49}\x{E27}"
      text run at (0,10478) width 18: "\x{E25}\x{E38}\x{E07}"
      text run at (0,10499) width 9: "\x{E01}\x{E47}"
      text run at (0,10520) width 10: "\x{E14}\x{E39}"
      text run at (0,10541) width 57: "\x{E40}\x{E04}\x{E23}\x{E48}\x{E07}\x{E02}\x{E23}\x{E36}\x{E21}"
      text run at (0,10562) width 18: "\x{E19}\x{E48}\x{E32}"
      text run at (0,10583) width 29: "\x{E40}\x{E01}\x{E23}\x{E07}"
      text run at (0,10604) width 28: "\x{E02}\x{E32}\x{E21}"
      text run at (0,10625) width 18: "\x{E44}\x{E21}\x{E48}"
      text run at (0,10646) width 29: "\x{E04}\x{E48}\x{E2D}\x{E22}"
      text run at (0,10667) width 16: "\x{E08}\x{E30}"
      text run at (0,10688) width 21: "\x{E1E}\x{E39}\x{E14}"
      text run at (0,10709) width 10: "\x{E21}\x{E35}"
      text run at (0,10730) width 18: "\x{E42}\x{E15}"
      text run at (0,10751) width 18: "\x{E42}\x{E15}\x{E49}"
      text run at (0,10772) width 11: "\x{E17}\x{E35}\x{E48}"
      text run at (0,10793) width 19: "\x{E17}\x{E33}"
      text run at (0,10814) width 17: "\x{E43}\x{E2B}\x{E49}"
      text run at (0,10835) width 18: "\x{E42}\x{E14}"
      text run at (0,10856) width 24: "\x{E42}\x{E23}\x{E18}\x{E35}"
      text run at (0,10877) width 45: "\x{E2B}\x{E31}\x{E27}\x{E40}\x{E23}\x{E32}\x{E30}"
      text run at (0,10898) width 18: "\x{E44}\x{E14}\x{E49}"
      text run at (0,10919) width 26: "\x{E41}\x{E25}\x{E30}"
      text run at (0,10940) width 27: "\x{E0A}\x{E48}\x{E27}\x{E22}"
      text run at (0,10961) width 24: "\x{E40}\x{E18}\x{E2D}"
      text run at (0,10982) width 17: "\x{E43}\x{E2B}\x{E49}"
      text run at (0,11003) width 21: "\x{E1E}\x{E49}\x{E19}"
      text run at (0,11024) width 26: "\x{E08}\x{E32}\x{E01}"
      text run at (0,11045) width 24: "\x{E01}\x{E32}\x{E23}"
      text run at (0,11066) width 36: "\x{E01}\x{E25}\x{E32}\x{E22}"
      text run at (0,11087) width 25: "\x{E40}\x{E1B}\x{E47}\x{E19}"
      text run at (0,11108) width 10: "\x{E2A}\x{E35}"
      text run at (0,11129) width 24: "\x{E40}\x{E17}\x{E32}"
      text run at (0,11150) width 30: "\x{E2B}\x{E21}\x{E48}\x{E19}"
      text run at (0,11171) width 45: "\x{E40}\x{E2B}\x{E21}\x{E37}\x{E2D}\x{E19}"
      text run at (0,11192) width 19: "\x{E01}\x{E31}\x{E1A}"
      text run at (0,11213) width 18: "\x{E2A}\x{E34}\x{E48}\x{E07}"
      text run at (0,11234) width 27: "\x{E23}\x{E2D}\x{E1A}"
      text run at (0,11255) width 18: "\x{E15}\x{E31}\x{E27}"
      text run at (0,11276) width 20: "\x{E2D}\x{E37}\x{E48}\x{E19}"
      text run at (0,11297) width 8: "\x{E46}"
      text run at (0,11318) width 18: "\x{E42}\x{E15}"
      text run at (0,11339) width 18: "\x{E42}\x{E15}\x{E49}"
      text run at (0,11360) width 10: "\x{E2A}\x{E35}"
      text run at (0,11381) width 18: "\x{E44}\x{E21}\x{E48}"
      text run at (0,11402) width 24: "\x{E40}\x{E17}\x{E32}"
      text run at (0,11423) width 30: "\x{E2B}\x{E21}\x{E48}\x{E19}"
      text run at (0,11444) width 19: "\x{E41}\x{E15}\x{E48}"
      text run at (0,11465) width 20: "\x{E21}\x{E31}\x{E19}"
      text run at (0,11486) width 25: "\x{E40}\x{E1B}\x{E47}\x{E19}"
      text run at (0,11507) width 28: "\x{E2B}\x{E21}\x{E32}"
      text run at (0,11528) width 10: "\x{E2A}\x{E35}"
      text run at (0,11549) width 18: "\x{E14}\x{E33}"
      text run at (0,11570) width 18: "\x{E15}\x{E31}\x{E27}"
      text run at (0,11591) width 29: "\x{E19}\x{E49}\x{E2D}\x{E22}"
      text run at (0,11612) width 8: "\x{E46}"
      text run at (0,11633) width 20: "\x{E02}\x{E19}"
      text run at (0,11654) width 25: "\x{E22}\x{E32}\x{E27}"
      text run at (0,11675) width 19: "\x{E1B}\x{E38}\x{E22}"
      text run at (0,11696) width 23: "\x{E23}\x{E32}\x{E27}"
      text run at (0,11717) width 19: "\x{E01}\x{E31}\x{E1A}"
      text run at (0,11738) width 28: "\x{E44}\x{E2B}\x{E21}"
      text run at (0,11759) width 10: "\x{E21}\x{E35}"
      text run at (0,11780) width 18: "\x{E15}\x{E32}"
      text run at (0,11801) width 18: "\x{E14}\x{E33}"
      text run at (0,11822) width 24: "\x{E40}\x{E25}\x{E47}\x{E01}"
      text run at (0,11843) width 25: "\x{E40}\x{E1B}\x{E47}\x{E19}"
      text run at (0,11864) width 50: "\x{E1B}\x{E23}\x{E30}\x{E01}\x{E32}\x{E22}"
      text run at (0,11885) width 37: "\x{E23}\x{E37}\x{E48}\x{E19}\x{E40}\x{E23}\x{E34}\x{E07}"
      text run at (0,11906) width 19: "\x{E2D}\x{E22}\x{E39}\x{E48}"
      text run at (0,11927) width 28: "\x{E2A}\x{E2D}\x{E07}"
      text run at (0,11948) width 26: "\x{E02}\x{E49}\x{E32}\x{E07}"
      text run at (0,11969) width 28: "\x{E08}\x{E21}\x{E39}\x{E01}"
      text run at (0,11990) width 24: "\x{E40}\x{E25}\x{E47}\x{E01}"
      text run at (0,12011) width 20: "\x{E2D}\x{E31}\x{E19}"
      text run at (0,12032) width 18: "\x{E19}\x{E48}\x{E32}"
      text run at (0,12053) width 20: "\x{E02}\x{E31}\x{E19}"
      text run at (0,12074) width 28: "\x{E02}\x{E2D}\x{E07}"
      text run at (0,12095) width 20: "\x{E21}\x{E31}\x{E19}"
      text run at (0,12116) width 18: "\x{E42}\x{E15}"
      text run at (0,12137) width 18: "\x{E42}\x{E15}\x{E49}"
      text run at (0,12158) width 25: "\x{E40}\x{E25}\x{E48}\x{E19}"
      text run at (0,12179) width 19: "\x{E17}\x{E31}\x{E49}\x{E07}"
      text run at (0,12200) width 18: "\x{E27}\x{E31}\x{E19}"
      text run at (0,12221) width 26: "\x{E41}\x{E25}\x{E30}"
      text run at (0,12242) width 18: "\x{E42}\x{E14}"
      text run at (0,12263) width 24: "\x{E42}\x{E23}\x{E18}\x{E35}"
      text run at (0,12284) width 9: "\x{E01}\x{E47}"
      text run at (0,12305) width 25: "\x{E40}\x{E25}\x{E48}\x{E19}"
      text run at (0,12326) width 19: "\x{E01}\x{E31}\x{E1A}"
      text run at (0,12347) width 20: "\x{E21}\x{E31}\x{E19}"
      text run at (0,12368) width 26: "\x{E41}\x{E25}\x{E30}"
      text run at (0,12389) width 16: "\x{E23}\x{E31}\x{E01}"
      text run at (0,12410) width 20: "\x{E21}\x{E31}\x{E19}"
      text run at (0,12431) width 35: "\x{E40}\x{E2B}\x{E25}\x{E37}\x{E2D}"
      text run at (0,12452) width 24: "\x{E40}\x{E01}\x{E34}\x{E19}"
      text run at (0,12473) width 50: "\x{E2D}\x{E22}\x{E48}\x{E32}\x{E07}\x{E44}\x{E23}"
      text run at (0,12494) width 9: "\x{E01}\x{E47}"
      text run at (0,12515) width 28: "\x{E15}\x{E32}\x{E21}"
      text run at (0,12536) width 18: "\x{E27}\x{E31}\x{E19}"
      text run at (0,12557) width 10: "\x{E19}\x{E35}\x{E49}"
      text run at (0,12578) width 19: "\x{E17}\x{E31}\x{E49}\x{E07}"
      text run at (0,12599) width 10: "\x{E04}\x{E39}\x{E48}"
      text run at (0,12620) width 18: "\x{E44}\x{E21}\x{E48}"
      text run at (0,12641) width 18: "\x{E44}\x{E14}\x{E49}"
      text run at (0,12662) width 25: "\x{E40}\x{E25}\x{E48}\x{E19}"
      text run at (0,12683) width 18: "\x{E25}\x{E38}\x{E07}"
      text run at (0,12704) width 15: "\x{E40}\x{E2E}"
      text run at (0,12725) width 17: "\x{E19}\x{E23}\x{E35}"
      text run at (0,12746) width 18: "\x{E19}\x{E31}\x{E48}\x{E07}"
      text run at (0,12767) width 19: "\x{E2D}\x{E22}\x{E39}\x{E48}"
      text run at (0,12788) width 11: "\x{E17}\x{E35}\x{E48}"
      text run at (0,12809) width 38: "\x{E1A}\x{E31}\x{E19}\x{E44}\x{E14}"
      text run at (0,12830) width 34: "\x{E1B}\x{E23}\x{E30}\x{E15}\x{E39}"
      text run at (0,12851) width 26: "\x{E41}\x{E25}\x{E30}"
      text run at (0,12872) width 23: "\x{E40}\x{E1D}\x{E49}\x{E32}"
      text run at (0,12893) width 35: "\x{E01}\x{E31}\x{E07}\x{E27}\x{E25}"
      text run at (0,12914) width 27: "\x{E08}\x{E49}\x{E2D}\x{E07}"
      text run at (0,12935) width 10: "\x{E14}\x{E39}"
      text run at (0,12956) width 29: "\x{E17}\x{E49}\x{E2D}\x{E07}"
      text run at (0,12977) width 19: "\x{E1F}\x{E49}\x{E32}"
      text run at (0,12998) width 10: "\x{E2A}\x{E35}"
      text run at (0,13019) width 24: "\x{E40}\x{E17}\x{E32}"
      text run at (0,13040) width 30: "\x{E2B}\x{E21}\x{E48}\x{E19}"
      text run at (0,13061) width 20: "\x{E1C}\x{E34}\x{E14}"
      text run at (0,13082) width 29: "\x{E1B}\x{E01}\x{E15}\x{E34}"
      text run at (0,13103) width 18: "\x{E42}\x{E14}"
      text run at (0,13124) width 24: "\x{E42}\x{E23}\x{E18}\x{E35}"
      text run at (0,13145) width 19: "\x{E22}\x{E37}\x{E19}"
      text run at (0,13166) width 11: "\x{E17}\x{E35}\x{E48}"
      text run at (0,13187) width 34: "\x{E1B}\x{E23}\x{E30}\x{E15}\x{E39}"
      text run at (0,13208) width 29: "\x{E01}\x{E2D}\x{E14}"
      text run at (0,13229) width 18: "\x{E42}\x{E15}"
      text run at (0,13250) width 18: "\x{E42}\x{E15}\x{E49}"
      text run at (0,13271) width 16: "\x{E44}\x{E27}\x{E49}"
      text run at (0,13292) width 17: "\x{E43}\x{E19}"
      text run at (0,13313) width 30: "\x{E2D}\x{E49}\x{E2D}\x{E21}"
      text run at (0,13334) width 29: "\x{E41}\x{E02}\x{E19}"
      text run at (0,13355) width 26: "\x{E41}\x{E25}\x{E30}"
      text run at (0,13376) width 9: "\x{E01}\x{E47}"
      text run at (0,13397) width 28: "\x{E21}\x{E2D}\x{E07}"
      text run at (0,13418) width 10: "\x{E14}\x{E39}"
      text run at (0,13439) width 29: "\x{E17}\x{E49}\x{E2D}\x{E07}"
      text run at (0,13460) width 19: "\x{E1F}\x{E49}\x{E32}"
      text run at (0,13481) width 19: "\x{E2D}\x{E22}\x{E39}\x{E48}"
      text run at (0,13502) width 45: "\x{E40}\x{E2B}\x{E21}\x{E37}\x{E2D}\x{E19}"
      text run at (0,13523) width 19: "\x{E01}\x{E31}\x{E19}"
      text run at (0,13544) width 18: "\x{E1B}\x{E49}\x{E32}"
      text run at (0,13565) width 25: "\x{E40}\x{E2D}\x{E47}\x{E21}"
      text run at (0,13586) width 35: "\x{E01}\x{E33}\x{E25}\x{E31}\x{E07}"
      text run at (0,13607) width 26: "\x{E25}\x{E49}\x{E32}\x{E07}"
      text run at (0,13628) width 28: "\x{E0A}\x{E32}\x{E21}"
      text run at (0,13649) width 19: "\x{E2D}\x{E22}\x{E39}\x{E48}"
      text run at (0,13670) width 26: "\x{E08}\x{E32}\x{E01}"
      text run at (0,13691) width 28: "\x{E14}\x{E49}\x{E32}\x{E19}"
      text run at (0,13712) width 35: "\x{E40}\x{E2B}\x{E19}\x{E37}\x{E2D}"
      text run at (0,13733) width 27: "\x{E44}\x{E01}\x{E25}"
      text run at (0,13754) width 29: "\x{E2D}\x{E2D}\x{E01}"
      text run at (0,13775) width 18: "\x{E44}\x{E1B}"
      text run at (0,13796) width 10: "\x{E21}\x{E35}"
      text run at (0,13817) width 32: "\x{E40}\x{E2A}\x{E35}\x{E22}\x{E07}"
      text run at (0,13838) width 20: "\x{E25}\x{E21}"
      text run at (0,13859) width 33: "\x{E04}\x{E23}\x{E32}\x{E07}"
      text run at (0,13880) width 27: "\x{E41}\x{E1C}\x{E48}\x{E27}"
      text run at (0,13901) width 23: "\x{E40}\x{E1A}\x{E32}"
      text run at (0,13922) width 37: "\x{E44}\x{E14}\x{E49}\x{E22}\x{E34}\x{E19}"
      text run at (0,13943) width 18: "\x{E21}\x{E32}"
      text run at (0,13964) width 18: "\x{E25}\x{E38}\x{E07}"
      text run at (0,13985) width 15: "\x{E40}\x{E2E}"
      text run at (0,14006) width 17: "\x{E19}\x{E23}\x{E35}"
      text run at (0,14027) width 26: "\x{E41}\x{E25}\x{E30}"
      text run at (0,14048) width 18: "\x{E42}\x{E14}"
      text run at (0,14069) width 24: "\x{E42}\x{E23}\x{E18}\x{E35}"
      text run at (0,14090) width 25: "\x{E40}\x{E2B}\x{E47}\x{E19}"
      text run at (0,14111) width 20: "\x{E15}\x{E49}\x{E19}"
      text run at (0,14132) width 31: "\x{E2B}\x{E0D}\x{E49}\x{E32}"
      text run at (0,14153) width 18: "\x{E2A}\x{E39}\x{E07}"
      text run at (0,14174) width 25: "\x{E40}\x{E2D}\x{E19}"
      text run at (0,14195) width 25: "\x{E40}\x{E1B}\x{E47}\x{E19}"
      text run at (0,14216) width 30: "\x{E04}\x{E25}\x{E37}\x{E48}\x{E19}"
      text run at (0,14237) width 29: "\x{E01}\x{E48}\x{E2D}\x{E19}"
      text run at (0,14258) width 11: "\x{E17}\x{E35}\x{E48}"
      text run at (0,14279) width 28: "\x{E1E}\x{E32}\x{E22}\x{E38}"
      text run at (0,14300) width 16: "\x{E08}\x{E30}"
      text run at (0,14321) width 18: "\x{E21}\x{E32}"
      text run at (0,14342) width 17: "\x{E16}\x{E36}\x{E07}"
      text run at (0,14363) width 27: "\x{E41}\x{E25}\x{E49}\x{E27}"
      text run at (0,14384) width 9: "\x{E01}\x{E47}"
      text run at (0,14405) width 10: "\x{E21}\x{E35}"
      text run at (0,14426) width 32: "\x{E40}\x{E2A}\x{E35}\x{E22}\x{E07}"
      text run at (0,14447) width 28: "\x{E2B}\x{E27}\x{E35}\x{E14}"
      text run at (0,14468) width 26: "\x{E2B}\x{E27}\x{E34}\x{E27}"
      text run at (0,14489) width 44: "\x{E0A}\x{E31}\x{E14}\x{E40}\x{E08}\x{E19}"
      text run at (0,14510) width 18: "\x{E21}\x{E32}"
      text run at (0,14531) width 26: "\x{E08}\x{E32}\x{E01}"
      text run at (0,14552) width 68: "\x{E1A}\x{E23}\x{E23}\x{E22}\x{E32}\x{E01}\x{E32}\x{E28}"
      text run at (0,14573) width 27: "\x{E17}\x{E32}\x{E07}"
      text run at (0,14594) width 17: "\x{E43}\x{E15}\x{E49}"
      text run at (0,14615) width 26: "\x{E41}\x{E25}\x{E30}"
      text run at (0,14636) width 25: "\x{E40}\x{E21}\x{E37}\x{E48}\x{E2D}"
      text run at (0,14657) width 45: "\x{E40}\x{E2B}\x{E25}\x{E37}\x{E2D}\x{E1A}"
      text run at (0,14678) width 18: "\x{E15}\x{E32}"
      text run at (0,14699) width 18: "\x{E44}\x{E1B}"
      text run at (0,14720) width 27: "\x{E17}\x{E32}\x{E07}"
      text run at (0,14741) width 28: "\x{E14}\x{E49}\x{E32}\x{E19}"
      text run at (0,14762) width 20: "\x{E19}\x{E31}\x{E49}\x{E19}"
      text run at (0,14783) width 9: "\x{E01}\x{E47}"
      text run at (0,14804) width 25: "\x{E40}\x{E2B}\x{E47}\x{E19}"
      text run at (0,14825) width 30: "\x{E04}\x{E25}\x{E37}\x{E48}\x{E19}"
      text run at (0,14846) width 31: "\x{E2B}\x{E0D}\x{E49}\x{E32}"
      text run at (0,14867) width 18: "\x{E21}\x{E32}"
      text run at (0,14888) width 27: "\x{E17}\x{E32}\x{E07}"
      text run at (0,14909) width 28: "\x{E14}\x{E49}\x{E32}\x{E19}"
      text run at (0,14930) width 20: "\x{E19}\x{E31}\x{E49}\x{E19}"
      text run at (0,14951) width 27: "\x{E14}\x{E49}\x{E27}\x{E22}"
      text run at (0,14972) width 18: "\x{E25}\x{E38}\x{E07}"
      text run at (0,14993) width 15: "\x{E40}\x{E2E}"
      text run at (0,15014) width 17: "\x{E19}\x{E23}\x{E35}"
      text run at (0,15035) width 20: "\x{E1C}\x{E38}\x{E14}"
      text run at (0,15056) width 19: "\x{E25}\x{E38}\x{E01}"
      text run at (0,15077) width 20: "\x{E02}\x{E36}\x{E49}\x{E19}"
      text run at (0,15098) width 21: "\x{E17}\x{E31}\x{E19}"
      text run at (0,15119) width 17: "\x{E43}\x{E14}"
      text run at (0,15139) width 5: "\""
      text run at (0,15160) width 20: "\x{E25}\x{E21}"
      text run at (0,15181) width 57: "\x{E44}\x{E0B}\x{E42}\x{E04}\x{E25}\x{E19}"
      text run at (0,15202) width 18: "\x{E21}\x{E32}"
      text run at (0,15223) width 25: "\x{E40}\x{E2D}\x{E47}\x{E21}"
      text run at (0,15243) width 5: "\""
      text run at (0,15264) width 18: "\x{E25}\x{E38}\x{E07}"
      text run at (0,15285) width 25: "\x{E23}\x{E49}\x{E2D}\x{E07}"
      text run at (0,15306) width 29: "\x{E1A}\x{E2D}\x{E01}"
      text run at (0,15327) width 41: "\x{E20}\x{E23}\x{E23}\x{E22}\x{E32}"
      text run at (0,15347) width 5: "\""
      text run at (0,15368) width 18: "\x{E02}\x{E49}\x{E32}"
      text run at (0,15389) width 16: "\x{E08}\x{E30}"
      text run at (0,15410) width 18: "\x{E44}\x{E1B}"
      text run at (0,15431) width 10: "\x{E14}\x{E39}"
      text run at (0,15452) width 28: "\x{E2A}\x{E31}\x{E15}\x{E27}\x{E4C}"
      text run at (0,15473) width 32: "\x{E40}\x{E25}\x{E35}\x{E49}\x{E22}\x{E07}"
      text run at (0,15494) width 39: "\x{E2B}\x{E19}\x{E48}\x{E2D}\x{E22}"
      text run at (0,15514) width 5: "\""
      text run at (0,15535) width 27: "\x{E41}\x{E25}\x{E49}\x{E27}"
      text run at (0,15556) width 18: "\x{E25}\x{E38}\x{E07}"
      text run at (0,15577) width 9: "\x{E01}\x{E47}"
      text run at (0,15598) width 16: "\x{E27}\x{E34}\x{E48}\x{E07}"
      text run at (0,15619) width 18: "\x{E44}\x{E1B}"
      text run at (0,15640) width 17: "\x{E22}\x{E31}\x{E07}"
      text run at (0,15661) width 24: "\x{E40}\x{E1E}\x{E34}\x{E07}"
      text run at (0,15682) width 11: "\x{E17}\x{E35}\x{E48}"
      text run at (0,15703) width 16: "\x{E27}\x{E31}\x{E27}"
      text run at (0,15724) width 26: "\x{E41}\x{E25}\x{E30}"
      text run at (0,15745) width 18: "\x{E21}\x{E49}\x{E32}"
      text run at (0,15766) width 37: "\x{E2D}\x{E32}\x{E28}\x{E31}\x{E22}"
      text run at (0,15787) width 19: "\x{E2D}\x{E22}\x{E39}\x{E48}"
      text run at (0,15808) width 18: "\x{E1B}\x{E49}\x{E32}"
      text run at (0,15829) width 25: "\x{E40}\x{E2D}\x{E47}\x{E21}"
      text run at (0,15850) width 29: "\x{E2B}\x{E22}\x{E38}\x{E14}"
      text run at (0,15871) width 45: "\x{E17}\x{E33}\x{E07}\x{E32}\x{E19}"
      text run at (0,15892) width 26: "\x{E41}\x{E25}\x{E30}"
      text run at (0,15913) width 18: "\x{E21}\x{E32}"
      text run at (0,15934) width 11: "\x{E17}\x{E35}\x{E48}"
      text run at (0,15955) width 34: "\x{E1B}\x{E23}\x{E30}\x{E15}\x{E39}"
      text run at (0,15976) width 33: "\x{E40}\x{E1E}\x{E35}\x{E22}\x{E07}"
      text run at (0,15997) width 45: "\x{E0A}\x{E32}\x{E22}\x{E15}\x{E32}"
      text run at (0,16018) width 28: "\x{E21}\x{E2D}\x{E07}"
      text run at (0,16039) width 18: "\x{E1B}\x{E49}\x{E32}"
      text run at (0,16060) width 9: "\x{E01}\x{E47}"
      text run at (0,16081) width 29: "\x{E1A}\x{E2D}\x{E01}"
      text run at (0,16102) width 18: "\x{E44}\x{E14}\x{E49}"
      text run at (0,16123) width 16: "\x{E27}\x{E48}\x{E32}"
      text run at (0,16144) width 54: "\x{E2D}\x{E31}\x{E19}\x{E15}\x{E23}\x{E32}\x{E22}"
      text run at (0,16165) width 18: "\x{E21}\x{E32}"
      text run at (0,16186) width 17: "\x{E16}\x{E36}\x{E07}"
      text run at (0,16207) width 27: "\x{E41}\x{E25}\x{E49}\x{E27}"
      text run at (0,16227) width 5: "\""
      text run at (0,16248) width 20: "\x{E40}\x{E23}\x{E47}\x{E27}"
      text run at (0,16269) width 18: "\x{E42}\x{E14}"
      text run at (0,16290) width 24: "\x{E42}\x{E23}\x{E18}\x{E35}"
      text run at (0,16310) width 5: "!"
      text run at (0,16330) width 5: "\""
      text run at (0,16351) width 18: "\x{E1B}\x{E49}\x{E32}"
      text run at (0,16372) width 44: "\x{E15}\x{E30}\x{E42}\x{E01}\x{E19}"
      text run at (0,16392) width 5: "\""
      text run at (0,16413) width 16: "\x{E27}\x{E34}\x{E48}\x{E07}"
      text run at (0,16434) width 18: "\x{E44}\x{E1B}"
      text run at (0,16455) width 28: "\x{E2B}\x{E49}\x{E2D}\x{E07}"
      text run at (0,16476) width 36: "\x{E43}\x{E15}\x{E49}\x{E16}\x{E38}\x{E19}"
      text run at (0,16496) width 5: "\""
      text run at (0,16517) width 18: "\x{E42}\x{E15}"
      text run at (0,16538) width 18: "\x{E42}\x{E15}\x{E49}"
      text run at (0,16559) width 30: "\x{E1C}\x{E25}\x{E38}\x{E19}"
      text run at (0,16580) width 51: "\x{E01}\x{E23}\x{E30}\x{E42}\x{E14}\x{E14}"
      text run at (0,16601) width 18: "\x{E25}\x{E07}"
      text run at (0,16622) width 26: "\x{E08}\x{E32}\x{E01}"
      text run at (0,16643) width 30: "\x{E2D}\x{E49}\x{E2D}\x{E21}"
      text run at (0,16664) width 29: "\x{E41}\x{E02}\x{E19}"
      text run at (0,16685) width 18: "\x{E42}\x{E14}"
      text run at (0,16706) width 24: "\x{E42}\x{E23}\x{E18}\x{E35}"
      text run at (0,16727) width 27: "\x{E41}\x{E25}\x{E49}\x{E27}"
      text run at (0,16748) width 23: "\x{E40}\x{E02}\x{E49}\x{E32}"
      text run at (0,16769) width 18: "\x{E44}\x{E1B}"
      text run at (0,16790) width 31: "\x{E0B}\x{E48}\x{E2D}\x{E19}"
      text run at (0,16811) width 19: "\x{E2D}\x{E22}\x{E39}\x{E48}"
      text run at (0,16832) width 17: "\x{E43}\x{E15}\x{E49}"
      text run at (0,16853) width 32: "\x{E40}\x{E15}\x{E35}\x{E22}\x{E07}"
      text run at (0,16874) width 24: "\x{E40}\x{E14}\x{E47}\x{E01}"
      text run at (0,16895) width 31: "\x{E2B}\x{E0D}\x{E34}\x{E07}"
      text run at (0,16916) width 29: "\x{E19}\x{E49}\x{E2D}\x{E22}"
      text run at (0,16937) width 23: "\x{E40}\x{E02}\x{E49}\x{E32}"
      text run at (0,16958) width 18: "\x{E44}\x{E1B}"
      text run at (0,16979) width 18: "\x{E14}\x{E36}\x{E07}"
      text run at (0,17000) width 20: "\x{E21}\x{E31}\x{E19}"
      text run at (0,17021) width 29: "\x{E2D}\x{E2D}\x{E01}"
      text run at (0,17042) width 18: "\x{E21}\x{E32}"
      text run at (0,17063) width 18: "\x{E1B}\x{E49}\x{E32}"
      text run at (0,17084) width 25: "\x{E40}\x{E2D}\x{E47}\x{E21}"
      text run at (0,17105) width 50: "\x{E01}\x{E23}\x{E30}\x{E0A}\x{E32}\x{E01}"
      text run at (0,17126) width 18: "\x{E1D}\x{E32}"
      text run at (0,17147) width 11: "\x{E17}\x{E35}\x{E48}"
      text run at (0,17168) width 21: "\x{E1E}\x{E37}\x{E49}\x{E19}"
      text run at (0,17189) width 29: "\x{E2D}\x{E2D}\x{E01}"
      text run at (0,17210) width 35: "\x{E2D}\x{E22}\x{E48}\x{E32}\x{E07}"
      text run at (0,17231) width 19: "\x{E2D}\x{E01}"
      text run at (0,17252) width 20: "\x{E2A}\x{E31}\x{E48}\x{E19}"
      text run at (0,17273) width 31: "\x{E02}\x{E27}\x{E31}\x{E0D}"
      text run at (0,17294) width 27: "\x{E2B}\x{E32}\x{E22}"
      text run at (0,17315) width 20: "\x{E1B}\x{E35}\x{E19}"
      text run at (0,17336) width 38: "\x{E1A}\x{E31}\x{E19}\x{E44}\x{E14}"
      text run at (0,17357) width 18: "\x{E44}\x{E21}\x{E49}"
      text run at (0,17378) width 18: "\x{E25}\x{E07}"
      text run at (0,17399) width 18: "\x{E44}\x{E1B}"
      text run at (0,17420) width 17: "\x{E43}\x{E19}"
      text run at (0,17441) width 34: "\x{E42}\x{E1E}\x{E23}\x{E07}"
      text run at (0,17462) width 24: "\x{E40}\x{E25}\x{E47}\x{E01}"
      text run at (0,17483) width 20: "\x{E2D}\x{E31}\x{E19}"
      text run at (0,17504) width 20: "\x{E21}\x{E37}\x{E14}"
      text run at (0,17525) width 21: "\x{E17}\x{E36}\x{E1A}"
      text run at (0,17546) width 18: "\x{E42}\x{E14}"
      text run at (0,17567) width 24: "\x{E42}\x{E23}\x{E18}\x{E35}"
      text run at (0,17588) width 19: "\x{E08}\x{E31}\x{E1A}"
      text run at (0,17609) width 18: "\x{E42}\x{E15}"
      text run at (0,17630) width 18: "\x{E42}\x{E15}\x{E49}"
      text run at (0,17651) width 18: "\x{E44}\x{E14}\x{E49}"
      text run at (0,17672) width 17: "\x{E43}\x{E19}"
      text run at (0,17693) width 11: "\x{E17}\x{E35}\x{E48}"
      text run at (0,17714) width 20: "\x{E2A}\x{E38}\x{E14}"
      text run at (0,17735) width 26: "\x{E41}\x{E25}\x{E30}"
      text run at (0,17756) width 16: "\x{E27}\x{E34}\x{E48}\x{E07}"
      text run at (0,17777) width 28: "\x{E15}\x{E32}\x{E21}"
      text run at (0,17798) width 18: "\x{E1B}\x{E49}\x{E32}"
      text run at (0,17819) width 24: "\x{E40}\x{E18}\x{E2D}"
      text run at (0,17840) width 18: "\x{E44}\x{E1B}"
      text run at (0,17861) width 25: "\x{E40}\x{E21}\x{E37}\x{E48}\x{E2D}"
      text run at (0,17882) width 24: "\x{E40}\x{E18}\x{E2D}"
      text run at (0,17903) width 18: "\x{E21}\x{E32}"
      text run at (0,17924) width 18: "\x{E44}\x{E14}\x{E49}"
      text run at (0,17945) width 25: "\x{E04}\x{E23}\x{E36}\x{E48}\x{E07}"
      text run at (0,17966) width 28: "\x{E2B}\x{E49}\x{E2D}\x{E07}"
      text run at (0,17987) width 9: "\x{E01}\x{E47}"
      text run at (0,18008) width 10: "\x{E21}\x{E35}"
      text run at (0,18029) width 32: "\x{E40}\x{E2A}\x{E35}\x{E22}\x{E07}"
      text run at (0,18050) width 28: "\x{E2B}\x{E27}\x{E35}\x{E14}"
      text run at (0,18071) width 28: "\x{E2B}\x{E27}\x{E37}\x{E2D}"
      text run at (0,18092) width 28: "\x{E2A}\x{E48}\x{E27}\x{E19}"
      text run at (0,18113) width 28: "\x{E1A}\x{E49}\x{E32}\x{E19}"
      text run at (0,18134) width 9: "\x{E01}\x{E47}"
      text run at (0,18155) width 20: "\x{E2A}\x{E31}\x{E48}\x{E19}"
      text run at (0,18176) width 35: "\x{E2D}\x{E22}\x{E48}\x{E32}\x{E07}"
      text run at (0,18197) width 24: "\x{E41}\x{E23}\x{E07}"
      text run at (0,18218) width 19: "\x{E08}\x{E19}"
      text run at (0,18239) width 24: "\x{E40}\x{E18}\x{E2D}"
      text run at (0,18260) width 19: "\x{E2B}\x{E01}"
      text run at (0,18281) width 35: "\x{E04}\x{E30}\x{E21}\x{E33}"
      text run at (0,18302) width 18: "\x{E19}\x{E31}\x{E48}\x{E07}"
      text run at (0,18323) width 40: "\x{E08}\x{E49}\x{E33}\x{E40}\x{E1A}\x{E49}\x{E32}"
      text run at (0,18344) width 19: "\x{E2D}\x{E22}\x{E39}\x{E48}"
      text run at (0,18365) width 19: "\x{E01}\x{E31}\x{E1A}"
      text run at (0,18386) width 21: "\x{E1E}\x{E37}\x{E49}\x{E19}"
      text run at (0,18407) width 27: "\x{E41}\x{E25}\x{E49}\x{E27}"
      text run at (0,18428) width 18: "\x{E2A}\x{E34}\x{E48}\x{E07}"
      text run at (0,18449) width 62: "\x{E1B}\x{E23}\x{E30}\x{E2B}\x{E25}\x{E32}\x{E14}"
      text run at (0,18470) width 9: "\x{E01}\x{E47}"
      text run at (0,18491) width 24: "\x{E40}\x{E01}\x{E34}\x{E14}"
      text run at (0,18512) width 20: "\x{E02}\x{E36}\x{E49}\x{E19}"
      text run at (0,18533) width 28: "\x{E1A}\x{E49}\x{E32}\x{E19}"
      text run at (0,18554) width 30: "\x{E2B}\x{E21}\x{E38}\x{E19}"
      text run at (0,18575) width 18: "\x{E44}\x{E1B}"
      text run at (0,18596) width 30: "\x{E2B}\x{E21}\x{E38}\x{E19}"
      text run at (0,18617) width 18: "\x{E21}\x{E32}"
      text run at (0,18638) width 28: "\x{E2A}\x{E2D}\x{E07}"
      text run at (0,18659) width 28: "\x{E2A}\x{E32}\x{E21}"
      text run at (0,18680) width 27: "\x{E23}\x{E2D}\x{E1A}"
      text run at (0,18701) width 27: "\x{E41}\x{E25}\x{E49}\x{E27}"
      text run at (0,18722) width 9: "\x{E01}\x{E47}"
      text run at (0,18743) width 29: "\x{E25}\x{E2D}\x{E22}"
      text run at (0,18764) width 20: "\x{E02}\x{E36}\x{E49}\x{E19}"
      text run at (0,18785) width 10: "\x{E2A}\x{E39}\x{E48}"
      text run at (0,18806) width 45: "\x{E2D}\x{E32}\x{E01}\x{E32}\x{E28}"
      text run at (0,18827) width 35: "\x{E2D}\x{E22}\x{E48}\x{E32}\x{E07}"
      text run at (0,18848) width 18: "\x{E0A}\x{E49}\x{E32}"
      text run at (0,18869) width 8: "\x{E46}"
      text run at (0,18890) width 18: "\x{E42}\x{E14}"
      text run at (0,18911) width 24: "\x{E42}\x{E23}\x{E18}\x{E35}"
      text run at (0,18932) width 26: "\x{E23}\x{E39}\x{E49}\x{E2A}\x{E36}\x{E01}"
      text run at (0,18953) width 23: "\x{E23}\x{E32}\x{E27}"
      text run at (0,18974) width 19: "\x{E01}\x{E31}\x{E1A}"
      text run at (0,18995) width 16: "\x{E27}\x{E48}\x{E32}"
      text run at (0,19016) width 24: "\x{E40}\x{E18}\x{E2D}"
      text run at (0,19037) width 18: "\x{E44}\x{E14}\x{E49}"
      text run at (0,19058) width 20: "\x{E02}\x{E36}\x{E49}\x{E19}"
      text run at (0,19079) width 18: "\x{E44}\x{E1B}"
      text run at (0,19100) width 19: "\x{E01}\x{E31}\x{E1A}"
      text run at (0,19121) width 19: "\x{E25}\x{E39}\x{E01}"
      text run at (0,19142) width 50: "\x{E1A}\x{E2D}\x{E25}\x{E25}\x{E39}\x{E19}"
      text run at (0,19163) width 28: "\x{E1E}\x{E32}\x{E22}\x{E38}"
      text run at (0,19184) width 35: "\x{E40}\x{E2B}\x{E19}\x{E37}\x{E2D}"
      text run at (0,19205) width 19: "\x{E01}\x{E31}\x{E1A}"
      text run at (0,19226) width 28: "\x{E1E}\x{E32}\x{E22}\x{E38}"
      text run at (0,19247) width 17: "\x{E43}\x{E15}\x{E49}"
      text run at (0,19268) width 18: "\x{E21}\x{E32}"
      text run at (0,19289) width 21: "\x{E1E}\x{E1A}"
      text run at (0,19310) width 19: "\x{E01}\x{E31}\x{E19}"
      text run at (0,19331) width 25: "\x{E15}\x{E23}\x{E07}"
      text run at (0,19352) width 11: "\x{E17}\x{E35}\x{E48}"
      text run at (0,19373) width 28: "\x{E1A}\x{E49}\x{E32}\x{E19}"
      text run at (0,19394) width 21: "\x{E1E}\x{E2D}"
      text run at (0,19415) width 10: "\x{E14}\x{E35}"
      text run at (0,19436) width 26: "\x{E41}\x{E25}\x{E30}"
      text run at (0,19457) width 19: "\x{E17}\x{E33}"
      text run at (0,19478) width 17: "\x{E43}\x{E2B}\x{E49}"
      text run at (0,19499) width 25: "\x{E15}\x{E23}\x{E07}"
      text run at (0,19520) width 20: "\x{E19}\x{E31}\x{E49}\x{E19}"
      text run at (0,19541) width 25: "\x{E40}\x{E1B}\x{E47}\x{E19}"
      text run at (0,19562) width 19: "\x{E08}\x{E38}\x{E14}"
      text run at (0,19583) width 29: "\x{E28}\x{E39}\x{E19}\x{E22}\x{E4C}"
      text run at (0,19604) width 35: "\x{E01}\x{E25}\x{E32}\x{E07}"
      text run at (0,19625) width 28: "\x{E02}\x{E2D}\x{E07}"
      text run at (0,19646) width 28: "\x{E1E}\x{E32}\x{E22}\x{E38}"
      text run at (0,19667) width 57: "\x{E44}\x{E0B}\x{E42}\x{E04}\x{E25}\x{E19}"
      text run at (0,19688) width 28: "\x{E15}\x{E32}\x{E21}"
      text run at (0,19709) width 29: "\x{E1B}\x{E01}\x{E15}\x{E34}"
      text run at (0,19730) width 25: "\x{E15}\x{E23}\x{E07}"
      text run at (0,19751) width 35: "\x{E01}\x{E25}\x{E32}\x{E07}"
      text run at (0,19772) width 28: "\x{E1E}\x{E32}\x{E22}\x{E38}"
      text run at (0,19793) width 57: "\x{E44}\x{E0B}\x{E42}\x{E04}\x{E25}\x{E19}"
      text run at (0,19814) width 45: "\x{E2D}\x{E32}\x{E01}\x{E32}\x{E28}"
      text run at (0,19835) width 16: "\x{E08}\x{E30}"
      text run at (0,19856) width 18: "\x{E19}\x{E34}\x{E48}\x{E07}"
      text run at (0,19877) width 19: "\x{E41}\x{E15}\x{E48}"
      text run at (0,19898) width 36: "\x{E04}\x{E27}\x{E32}\x{E21}"
      text run at (0,19919) width 39: "\x{E01}\x{E14}\x{E14}\x{E31}\x{E19}"
      text run at (0,19940) width 35: "\x{E2D}\x{E22}\x{E48}\x{E32}\x{E07}"
      text run at (0,19961) width 29: "\x{E2B}\x{E19}\x{E31}\x{E01}"
      text run at (0,19982) width 28: "\x{E02}\x{E2D}\x{E07}"
      text run at (0,20003) width 20: "\x{E25}\x{E21}"
      text run at (0,20024) width 20: "\x{E17}\x{E38}\x{E01}"
      text run at (0,20045) width 28: "\x{E14}\x{E49}\x{E32}\x{E19}"
      text run at (0,20066) width 27: "\x{E23}\x{E2D}\x{E1A}"
      text run at (0,20087) width 28: "\x{E1A}\x{E49}\x{E32}\x{E19}"
      text run at (0,20108) width 19: "\x{E17}\x{E33}"
      text run at (0,20129) width 17: "\x{E43}\x{E2B}\x{E49}"
      text run at (0,20150) width 28: "\x{E1A}\x{E49}\x{E32}\x{E19}"
      text run at (0,20171) width 29: "\x{E25}\x{E2D}\x{E22}"
      text run at (0,20192) width 18: "\x{E2A}\x{E39}\x{E07}"
      text run at (0,20213) width 20: "\x{E02}\x{E36}\x{E49}\x{E19}"
      text run at (0,20234) width 8: "\x{E46}"
      text run at (0,20255) width 19: "\x{E08}\x{E19}"
      text run at (0,20276) width 42: "\x{E01}\x{E23}\x{E30}\x{E17}\x{E31}\x{E48}\x{E07}"
      text run at (0,20297) width 20: "\x{E02}\x{E36}\x{E49}\x{E19}"
      text run at (0,20318) width 18: "\x{E44}\x{E1B}"
      text run at (0,20339) width 19: "\x{E2D}\x{E22}\x{E39}\x{E48}"
      text run at (0,20360) width 20: "\x{E2A}\x{E38}\x{E14}"
      text run at (0,20381) width 29: "\x{E22}\x{E2D}\x{E14}"
      text run at (0,20402) width 28: "\x{E02}\x{E2D}\x{E07}"
      text run at (0,20423) width 28: "\x{E1E}\x{E32}\x{E22}\x{E38}"
      text run at (0,20444) width 57: "\x{E44}\x{E0B}\x{E42}\x{E04}\x{E25}\x{E19}"
      text run at (0,20465) width 26: "\x{E41}\x{E25}\x{E30}"
      text run at (0,20486) width 26: "\x{E08}\x{E32}\x{E01}"
      text run at (0,20507) width 25: "\x{E15}\x{E23}\x{E07}"
      text run at (0,20528) width 20: "\x{E19}\x{E31}\x{E49}\x{E19}"
      text run at (0,20549) width 9: "\x{E01}\x{E47}"
      text run at (0,20570) width 18: "\x{E16}\x{E39}\x{E01}"
      text run at (0,20591) width 30: "\x{E2B}\x{E2D}\x{E1A}"
      text run at (0,20612) width 18: "\x{E44}\x{E1B}"
      text run at (0,20633) width 37: "\x{E2B}\x{E25}\x{E32}\x{E22}"
      text run at (0,20654) width 28: "\x{E44}\x{E21}\x{E25}\x{E4C}"
      text run at (0,20675) width 25: "\x{E07}\x{E48}\x{E32}\x{E22}"
      text run at (0,20696) width 27: "\x{E14}\x{E32}\x{E22}"
      text run at (0,20717) width 23: "\x{E23}\x{E32}\x{E27}"
      text run at (0,20738) width 19: "\x{E01}\x{E31}\x{E1A}"
      text run at (0,20759) width 30: "\x{E2B}\x{E2D}\x{E1A}"
      text run at (0,20780) width 20: "\x{E02}\x{E19}"
      text run at (0,20801) width 19: "\x{E19}\x{E01}"
      text run at (0,20822) width 20: "\x{E21}\x{E37}\x{E14}"
      text run at (0,20843) width 27: "\x{E21}\x{E32}\x{E01}"
      text run at (0,20864) width 27: "\x{E41}\x{E25}\x{E49}\x{E27}"
      text run at (0,20885) width 20: "\x{E25}\x{E21}"
      text run at (0,20906) width 17: "\x{E22}\x{E31}\x{E07}"
      text run at (0,20927) width 18: "\x{E2A}\x{E48}\x{E07}"
      text run at (0,20948) width 32: "\x{E40}\x{E2A}\x{E35}\x{E22}\x{E07}"
      text run at (0,20969) width 28: "\x{E2B}\x{E27}\x{E35}\x{E14}"
      text run at (0,20990) width 28: "\x{E2B}\x{E27}\x{E37}\x{E2D}"
      text run at (0,21011) width 18: "\x{E19}\x{E48}\x{E32}"
      text run at (0,21032) width 27: "\x{E01}\x{E25}\x{E31}\x{E27}"
      text run at (0,21053) width 19: "\x{E2D}\x{E22}\x{E39}\x{E48}"
      text run at (0,21074) width 27: "\x{E23}\x{E2D}\x{E1A}"
      text run at (0,21095) width 18: "\x{E15}\x{E31}\x{E27}"
      text run at (0,21116) width 24: "\x{E40}\x{E18}\x{E2D}"
      text run at (0,21137) width 19: "\x{E41}\x{E15}\x{E48}"
      text run at (0,21158) width 18: "\x{E42}\x{E14}"
      text run at (0,21179) width 24: "\x{E42}\x{E23}\x{E18}\x{E35}"
      text run at (0,21200) width 25: "\x{E40}\x{E2B}\x{E47}\x{E19}"
      text run at (0,21221) width 16: "\x{E27}\x{E48}\x{E32}"
      text run at (0,21242) width 24: "\x{E40}\x{E18}\x{E2D}"
      text run at (0,21263) width 52: "\x{E2A}\x{E32}\x{E21}\x{E32}\x{E23}\x{E16}"
      text run at (0,21284) width 18: "\x{E19}\x{E31}\x{E48}\x{E07}"
      text run at (0,21305) width 18: "\x{E44}\x{E1B}"
      text run at (0,21326) width 18: "\x{E44}\x{E14}\x{E49}"
      text run at (0,21347) width 27: "\x{E2D}\x{E22}\x{E48}\x{E32}"
      text run at (0,21368) width 33: "\x{E07}\x{E07}\x{E48}\x{E32}\x{E22}"
      text run at (0,21389) width 27: "\x{E14}\x{E32}\x{E22}"
      text run at (0,21410) width 19: "\x{E19}\x{E31}\x{E01}"
      text run at (0,21431) width 25: "\x{E04}\x{E23}\x{E31}\x{E49}\x{E07}"
      text run at (0,21452) width 28: "\x{E2B}\x{E19}\x{E36}\x{E48}\x{E07}"
      text run at (0,21473) width 28: "\x{E2B}\x{E25}\x{E31}\x{E07}"
      text run at (0,21494) width 26: "\x{E08}\x{E32}\x{E01}"
      text run at (0,21515) width 11: "\x{E17}\x{E35}\x{E48}"
      text run at (0,21536) width 28: "\x{E1A}\x{E49}\x{E32}\x{E19}"
      text run at (0,21557) width 37: "\x{E2A}\x{E30}\x{E14}\x{E38}\x{E14}"
      text run at (0,21578) width 35: "\x{E2D}\x{E22}\x{E48}\x{E32}\x{E07}"
      text run at (0,21599) width 24: "\x{E41}\x{E23}\x{E07}"
      text run at (0,21620) width 26: "\x{E41}\x{E25}\x{E30}"
      text run at (0,21641) width 30: "\x{E2B}\x{E21}\x{E38}\x{E19}"
      text run at (0,21662) width 18: "\x{E44}\x{E1B}"
      text run at (0,21683) width 27: "\x{E23}\x{E2D}\x{E1A}"
      text run at (0,21704) width 8: "\x{E46}"
      text run at (0,21725) width 28: "\x{E2A}\x{E2D}\x{E07}"
      text run at (0,21746) width 28: "\x{E2A}\x{E32}\x{E21}"
      text run at (0,21767) width 25: "\x{E04}\x{E23}\x{E31}\x{E49}\x{E07}"
      text run at (0,21788) width 17: "\x{E43}\x{E19}"
      text run at (0,21809) width 30: "\x{E15}\x{E2D}\x{E19}"
      text run at (0,21830) width 25: "\x{E41}\x{E23}\x{E01}"
      text run at (0,21851) width 24: "\x{E40}\x{E18}\x{E2D}"
      text run at (0,21872) width 9: "\x{E01}\x{E47}"
      text run at (0,21893) width 26: "\x{E23}\x{E39}\x{E49}\x{E2A}\x{E36}\x{E01}"
      text run at (0,21914) width 16: "\x{E27}\x{E48}\x{E32}"
      text run at (0,21935) width 18: "\x{E15}\x{E31}\x{E27}"
      text run at (0,21956) width 23: "\x{E40}\x{E2D}\x{E07}"
      text run at (0,21977) width 18: "\x{E16}\x{E39}\x{E01}"
      text run at (0,21998) width 34: "\x{E41}\x{E01}\x{E27}\x{E48}\x{E07}"
      text run at (0,22019) width 35: "\x{E2D}\x{E22}\x{E48}\x{E32}\x{E07}"
      text run at (0,22040) width 27: "\x{E41}\x{E1C}\x{E48}\x{E27}"
      text run at (0,22061) width 23: "\x{E40}\x{E1A}\x{E32}"
      text run at (0,22082) width 23: "\x{E23}\x{E32}\x{E27}"
      text run at (0,22103) width 35: "\x{E17}\x{E32}\x{E23}\x{E01}"
      text run at (0,22124) width 17: "\x{E43}\x{E19}"
      text run at (0,22145) width 25: "\x{E40}\x{E1B}\x{E25}"
      text run at (0,22166) width 18: "\x{E42}\x{E15}"
      text run at (0,22187) width 18: "\x{E42}\x{E15}\x{E49}"
      text run at (0,22208) width 18: "\x{E44}\x{E21}\x{E48}"
      text run at (0,22229) width 30: "\x{E0A}\x{E2D}\x{E1A}"
      text run at (0,22250) width 16: "\x{E43}\x{E08}"
      text run at (0,22271) width 24: "\x{E40}\x{E25}\x{E22}"
      text run at (0,22292) width 20: "\x{E21}\x{E31}\x{E19}"
      text run at (0,22313) width 16: "\x{E27}\x{E34}\x{E48}\x{E07}"
      text run at (0,22334) width 18: "\x{E44}\x{E1B}"
      text run at (0,22355) width 16: "\x{E27}\x{E34}\x{E48}\x{E07}"
      text run at (0,22376) width 18: "\x{E21}\x{E32}"
      text run at (0,22397) width 27: "\x{E23}\x{E2D}\x{E1A}"
      text run at (0,22418) width 28: "\x{E2B}\x{E49}\x{E2D}\x{E07}"
      text run at (0,22439) width 27: "\x{E17}\x{E32}\x{E07}"
      text run at (0,22460) width 28: "\x{E42}\x{E19}\x{E49}\x{E19}"
      text run at (0,22481) width 11: "\x{E17}\x{E35}"
      text run at (0,22502) width 27: "\x{E17}\x{E32}\x{E07}"
      text run at (0,22523) width 10: "\x{E19}\x{E35}\x{E49}"
      text run at (0,22544) width 11: "\x{E17}\x{E35}"
      text run at (0,22565) width 18: "\x{E2A}\x{E48}\x{E07}"
      text run at (0,22586) width 32: "\x{E40}\x{E2A}\x{E35}\x{E22}\x{E07}"
      text run at (0,22607) width 23: "\x{E40}\x{E2B}\x{E48}\x{E32}"
      text run at (0,22628) width 18: "\x{E14}\x{E31}\x{E07}"
      text run at (0,22649) width 27: "\x{E01}\x{E49}\x{E2D}\x{E07}"
      text run at (0,22670) width 19: "\x{E41}\x{E15}\x{E48}"
      text run at (0,22691) width 18: "\x{E42}\x{E14}"
      text run at (0,22712) width 24: "\x{E42}\x{E23}\x{E18}\x{E35}"
      text run at (0,22733) width 18: "\x{E19}\x{E31}\x{E48}\x{E07}"
      text run at (0,22754) width 18: "\x{E19}\x{E34}\x{E48}\x{E07}"
      text run at (0,22775) width 19: "\x{E2D}\x{E22}\x{E39}\x{E48}"
      text run at (0,22796) width 20: "\x{E1A}\x{E19}"
      text run at (0,22817) width 21: "\x{E1E}\x{E37}\x{E49}\x{E19}"
      text run at (0,22838) width 23: "\x{E40}\x{E1D}\x{E49}\x{E32}"
      text run at (0,22859) width 29: "\x{E04}\x{E2D}\x{E22}"
      text run at (0,22880) width 10: "\x{E14}\x{E39}"
      text run at (0,22901) width 16: "\x{E27}\x{E48}\x{E32}"
      text run at (0,22922) width 16: "\x{E08}\x{E30}"
      text run at (0,22943) width 24: "\x{E40}\x{E01}\x{E34}\x{E14}"
      text run at (0,22964) width 32: "\x{E2D}\x{E30}\x{E44}\x{E23}"
      text run at (0,22985) width 20: "\x{E02}\x{E36}\x{E49}\x{E19}"
      text run at (0,23006) width 25: "\x{E04}\x{E23}\x{E31}\x{E49}\x{E07}"
      text run at (0,23027) width 28: "\x{E2B}\x{E19}\x{E36}\x{E48}\x{E07}"
      text run at (0,23048) width 18: "\x{E42}\x{E15}"
      text run at (0,23069) width 18: "\x{E42}\x{E15}\x{E49}"
      text run at (0,23090) width 23: "\x{E40}\x{E02}\x{E49}\x{E32}"
      text run at (0,23111) width 18: "\x{E44}\x{E1B}"
      text run at (0,23132) width 26: "\x{E43}\x{E01}\x{E25}\x{E49}"
      text run at (0,23153) width 18: "\x{E1D}\x{E32}"
      text run at (0,23174) width 11: "\x{E17}\x{E35}\x{E48}"
      text run at (0,23195) width 21: "\x{E1E}\x{E37}\x{E49}\x{E19}"
      text run at (0,23216) width 27: "\x{E21}\x{E32}\x{E01}"
      text run at (0,23237) width 18: "\x{E44}\x{E1B}"
      text run at (0,23258) width 24: "\x{E40}\x{E25}\x{E22}"
      text run at (0,23279) width 31: "\x{E1E}\x{E25}\x{E31}\x{E14}"
      text run at (0,23300) width 37: "\x{E15}\x{E01}\x{E25}\x{E07}"
      text run at (0,23321) width 18: "\x{E44}\x{E1B}"
      text run at (0,23342) width 11: "\x{E17}\x{E35}"
      text run at (0,23363) width 25: "\x{E41}\x{E23}\x{E01}"
      text run at (0,23384) width 24: "\x{E40}\x{E14}\x{E47}\x{E01}"
      text run at (0,23405) width 31: "\x{E2B}\x{E0D}\x{E34}\x{E07}"
      text run at (0,23426) width 20: "\x{E04}\x{E34}\x{E14}"
      text run at (0,23447) width 16: "\x{E27}\x{E48}\x{E32}"
      text run at (0,23468) width 24: "\x{E40}\x{E18}\x{E2D}"
      text run at (0,23489) width 16: "\x{E08}\x{E30}"
      text run at (0,23510) width 23: "\x{E2A}\x{E39}\x{E0D}"
      text run at (0,23531) width 24: "\x{E40}\x{E2A}\x{E35}\x{E22}"
      text run at (0,23552) width 20: "\x{E21}\x{E31}\x{E19}"
      text run at (0,23573) width 18: "\x{E44}\x{E1B}"
      text run at (0,23594) width 24: "\x{E40}\x{E2A}\x{E35}\x{E22}"
      text run at (0,23615) width 27: "\x{E41}\x{E25}\x{E49}\x{E27}"
      text run at (0,23636) width 19: "\x{E41}\x{E15}\x{E48}"
      text run at (0,23657) width 18: "\x{E0A}\x{E31}\x{E48}\x{E27}"
      text run at (0,23678) width 17: "\x{E04}\x{E23}\x{E39}\x{E48}"
      text run at (0,23699) width 24: "\x{E40}\x{E18}\x{E2D}"
      text run at (0,23720) width 9: "\x{E01}\x{E47}"
      text run at (0,23741) width 25: "\x{E40}\x{E2B}\x{E47}\x{E19}"
      text run at (0,23762) width 10: "\x{E2B}\x{E39}"
      text run at (0,23783) width 28: "\x{E02}\x{E2D}\x{E07}"
      text run at (0,23804) width 20: "\x{E21}\x{E31}\x{E19}"
      text run at (0,23825) width 28: "\x{E42}\x{E1C}\x{E25}\x{E48}"
      text run at (0,23846) width 20: "\x{E02}\x{E36}\x{E49}\x{E19}"
      text run at (0,23867) width 18: "\x{E21}\x{E32}"
      text run at (0,23888) width 26: "\x{E08}\x{E32}\x{E01}"
      text run at (0,23909) width 28: "\x{E0A}\x{E48}\x{E2D}\x{E07}"
      text run at (0,23930) width 20: "\x{E19}\x{E31}\x{E49}\x{E19}"
      text run at (0,23951) width 19: "\x{E17}\x{E31}\x{E49}\x{E07}"
      text run at (0,23972) width 10: "\x{E19}\x{E35}\x{E49}"
      text run at (0,23993) width 38: "\x{E40}\x{E1E}\x{E23}\x{E32}\x{E30}"
      text run at (0,24014) width 24: "\x{E41}\x{E23}\x{E07}"
      text run at (0,24035) width 19: "\x{E01}\x{E14}"
      text run at (0,24056) width 35: "\x{E2D}\x{E22}\x{E48}\x{E32}\x{E07}"
      text run at (0,24077) width 29: "\x{E2B}\x{E19}\x{E31}\x{E01}"
      text run at (0,24098) width 28: "\x{E02}\x{E2D}\x{E07}"
      text run at (0,24119) width 45: "\x{E2D}\x{E32}\x{E01}\x{E32}\x{E28}"
      text run at (0,24140) width 19: "\x{E17}\x{E33}"
      text run at (0,24161) width 17: "\x{E43}\x{E2B}\x{E49}"
      text run at (0,24182) width 18: "\x{E42}\x{E15}"
      text run at (0,24203) width 18: "\x{E42}\x{E15}\x{E49}"
      text run at (0,24224) width 18: "\x{E44}\x{E21}\x{E48}"
      text run at (0,24245) width 37: "\x{E15}\x{E01}\x{E25}\x{E07}"
      text run at (0,24266) width 18: "\x{E44}\x{E1B}"
      text run at (0,24287) width 26: "\x{E02}\x{E49}\x{E32}\x{E07}"
      text run at (0,24308) width 26: "\x{E25}\x{E48}\x{E32}\x{E07}"
      text run at (0,24329) width 18: "\x{E42}\x{E14}"
      text run at (0,24350) width 24: "\x{E42}\x{E23}\x{E18}\x{E35}"
      text run at (0,24371) width 38: "\x{E04}\x{E25}\x{E32}\x{E19}"
      text run at (0,24392) width 18: "\x{E44}\x{E1B}"
      text run at (0,24413) width 11: "\x{E17}\x{E35}\x{E48}"
      text run at (0,24434) width 28: "\x{E0A}\x{E48}\x{E2D}\x{E07}"
      text run at (0,24455) width 20: "\x{E19}\x{E31}\x{E49}\x{E19}"
      text run at (0,24476) width 19: "\x{E08}\x{E31}\x{E1A}"
      text run at (0,24497) width 10: "\x{E2B}\x{E39}"
      text run at (0,24518) width 18: "\x{E42}\x{E15}"
      text run at (0,24539) width 18: "\x{E42}\x{E15}\x{E49}"
      text run at (0,24560) width 16: "\x{E44}\x{E27}\x{E49}"
      text run at (0,24581) width 18: "\x{E44}\x{E14}\x{E49}"
      text run at (0,24602) width 26: "\x{E41}\x{E25}\x{E30}"
      text run at (0,24623) width 27: "\x{E25}\x{E32}\x{E01}"
      text run at (0,24644) width 20: "\x{E21}\x{E31}\x{E19}"
      text run at (0,24665) width 18: "\x{E21}\x{E32}"
      text run at (0,24686) width 11: "\x{E17}\x{E35}\x{E48}"
      text run at (0,24707) width 28: "\x{E2B}\x{E49}\x{E2D}\x{E07}"
      text run at (0,24728) width 19: "\x{E2D}\x{E35}\x{E01}"
      text run at (0,24749) width 28: "\x{E2B}\x{E25}\x{E31}\x{E07}"
      text run at (0,24770) width 26: "\x{E08}\x{E32}\x{E01}"
      text run at (0,24791) width 20: "\x{E19}\x{E31}\x{E49}\x{E19}"
      text run at (0,24812) width 9: "\x{E01}\x{E47}"
      text run at (0,24833) width 20: "\x{E1B}\x{E34}\x{E14}"
      text run at (0,24854) width 18: "\x{E1D}\x{E32}"
      text run at (0,24875) width 21: "\x{E1E}\x{E37}\x{E49}\x{E19}"
      text run at (0,24896) width 26: "\x{E40}\x{E1E}\x{E37}\x{E48}\x{E2D}"
      text run at (0,24917) width 16: "\x{E08}\x{E30}"
      text run at (0,24938) width 18: "\x{E44}\x{E14}\x{E49}"
      text run at (0,24959) width 18: "\x{E44}\x{E21}\x{E48}"
      text run at (0,24980) width 24: "\x{E40}\x{E01}\x{E34}\x{E14}"
      text run at (0,25001) width 55: "\x{E2D}\x{E38}\x{E1A}\x{E31}\x{E15}\x{E34}\x{E40}\x{E2B}\x{E15}\x{E38}"
      text run at (0,25022) width 19: "\x{E2D}\x{E35}\x{E01}"
      text run at (0,25043) width 44: "\x{E0A}\x{E31}\x{E48}\x{E27}\x{E42}\x{E21}\x{E07}"
      text run at (0,25064) width 27: "\x{E41}\x{E25}\x{E49}\x{E27}"
      text run at (0,25085) width 44: "\x{E0A}\x{E31}\x{E48}\x{E27}\x{E42}\x{E21}\x{E07}"
      text run at (0,25106) width 23: "\x{E40}\x{E25}\x{E48}\x{E32}"
      text run at (0,25127) width 28: "\x{E1C}\x{E48}\x{E32}\x{E19}"
      text run at (0,25148) width 18: "\x{E44}\x{E1B}"
      text run at (0,25169) width 18: "\x{E42}\x{E14}"
      text run at (0,25190) width 24: "\x{E42}\x{E23}\x{E18}\x{E35}"
      text run at (0,25211) width 29: "\x{E04}\x{E48}\x{E2D}\x{E22}"
      text run at (0,25232) width 8: "\x{E46}"
      text run at (0,25253) width 27: "\x{E2B}\x{E32}\x{E22}"
      text run at (0,25274) width 27: "\x{E01}\x{E25}\x{E31}\x{E27}"
      text run at (0,25295) width 19: "\x{E41}\x{E15}\x{E48}"
      text run at (0,25316) width 24: "\x{E40}\x{E18}\x{E2D}"
      text run at (0,25337) width 26: "\x{E23}\x{E39}\x{E49}\x{E2A}\x{E36}\x{E01}"
      text run at (0,25358) width 31: "\x{E40}\x{E2B}\x{E07}\x{E32}"
      text run at (0,25379) width 35: "\x{E40}\x{E2B}\x{E25}\x{E37}\x{E2D}"
      text run at (0,25400) width 24: "\x{E40}\x{E01}\x{E34}\x{E19}"
      text run at (0,25421) width 26: "\x{E41}\x{E25}\x{E30}"
      text run at (0,25442) width 20: "\x{E25}\x{E21}"
      text run at (0,25463) width 9: "\x{E01}\x{E47}"
      text run at (0,25484) width 18: "\x{E2A}\x{E48}\x{E07}"
      text run at (0,25505) width 32: "\x{E40}\x{E2A}\x{E35}\x{E22}\x{E07}"
      text run at (0,25526) width 28: "\x{E2B}\x{E27}\x{E35}\x{E14}"
      text run at (0,25547) width 28: "\x{E2B}\x{E27}\x{E37}\x{E2D}"
      text run at (0,25568) width 18: "\x{E14}\x{E31}\x{E07}"
      text run at (0,25589) width 24: "\x{E40}\x{E2A}\x{E35}\x{E22}"
      text run at (0,25610) width 19: "\x{E08}\x{E19}"
      text run at (0,25631) width 24: "\x{E40}\x{E18}\x{E2D}"
      text run at (0,25652) width 30: "\x{E41}\x{E17}\x{E1A}"
      text run at (0,25673) width 16: "\x{E08}\x{E30}"
      text run at (0,25694) width 10: "\x{E2B}\x{E39}"
      text run at (0,25715) width 37: "\x{E2B}\x{E19}\x{E27}\x{E01}"
      text run at (0,25736) width 11: "\x{E17}\x{E35}"
      text run at (0,25757) width 25: "\x{E41}\x{E23}\x{E01}"
      text run at (0,25778) width 24: "\x{E40}\x{E18}\x{E2D}"
      text run at (0,25799) width 37: "\x{E2A}\x{E07}\x{E2A}\x{E31}\x{E22}"
      text run at (0,25820) width 16: "\x{E27}\x{E48}\x{E32}"
      text run at (0,25841) width 18: "\x{E04}\x{E07}"
      text run at (0,25862) width 16: "\x{E08}\x{E30}"
      text run at (0,25883) width 18: "\x{E16}\x{E39}\x{E01}"
      text run at (0,25904) width 19: "\x{E09}\x{E35}\x{E01}"
      text run at (0,25925) width 50: "\x{E01}\x{E23}\x{E30}\x{E0A}\x{E32}\x{E01}"
      text run at (0,25946) width 29: "\x{E2D}\x{E2D}\x{E01}"
      text run at (0,25967) width 25: "\x{E40}\x{E1B}\x{E47}\x{E19}"
      text run at (0,25988) width 20: "\x{E0A}\x{E34}\x{E49}\x{E19}"
      text run at (0,26009) width 24: "\x{E40}\x{E25}\x{E47}\x{E01}"
      text run at (0,26030) width 20: "\x{E0A}\x{E34}\x{E49}\x{E19}"
      text run at (0,26051) width 29: "\x{E19}\x{E49}\x{E2D}\x{E22}"
      text run at (0,26072) width 25: "\x{E40}\x{E21}\x{E37}\x{E48}\x{E2D}"
      text run at (0,26093) width 28: "\x{E1A}\x{E49}\x{E32}\x{E19}"
      text run at (0,26114) width 25: "\x{E40}\x{E2D}\x{E19}"
      text run at (0,26135) width 20: "\x{E25}\x{E49}\x{E21}"
      text run at (0,26156) width 18: "\x{E25}\x{E07}"
      text run at (0,26177) width 19: "\x{E2D}\x{E35}\x{E01}"
      text run at (0,26198) width 25: "\x{E04}\x{E23}\x{E31}\x{E49}\x{E07}"
      text run at (0,26219) width 19: "\x{E41}\x{E15}\x{E48}"
      text run at (0,26240) width 37: "\x{E2B}\x{E25}\x{E32}\x{E22}"
      text run at (0,26261) width 44: "\x{E0A}\x{E31}\x{E48}\x{E27}\x{E42}\x{E21}\x{E07}"
      text run at (0,26282) width 28: "\x{E1C}\x{E48}\x{E32}\x{E19}"
      text run at (0,26303) width 18: "\x{E44}\x{E1B}"
      text run at (0,26324) width 9: "\x{E01}\x{E47}"
      text run at (0,26345) width 18: "\x{E44}\x{E21}\x{E48}"
      text run at (0,26366) width 10: "\x{E21}\x{E35}"
      text run at (0,26387) width 32: "\x{E2D}\x{E30}\x{E44}\x{E23}"
      text run at (0,26408) width 24: "\x{E40}\x{E01}\x{E34}\x{E14}"
      text run at (0,26429) width 20: "\x{E02}\x{E36}\x{E49}\x{E19}"
      text run at (0,26450) width 24: "\x{E40}\x{E18}\x{E2D}"
      text run at (0,26471) width 24: "\x{E40}\x{E25}\x{E22}"
      text run at (0,26492) width 24: "\x{E40}\x{E25}\x{E34}\x{E01}"
      text run at (0,26513) width 27: "\x{E27}\x{E34}\x{E15}\x{E01}"
      text run at (0,26534) width 26: "\x{E41}\x{E25}\x{E30}"
      text run at (0,26555) width 40: "\x{E15}\x{E31}\x{E14}\x{E2A}\x{E34}\x{E19}"
      text run at (0,26576) width 16: "\x{E43}\x{E08}"
      text run at (0,26597) width 29: "\x{E04}\x{E2D}\x{E22}"
      text run at (0,26618) width 10: "\x{E14}\x{E39}"
      text run at (0,26639) width 35: "\x{E2D}\x{E22}\x{E48}\x{E32}\x{E07}"
      text run at (0,26660) width 28: "\x{E2A}\x{E07}\x{E1A}"
      text run at (0,26681) width 26: "\x{E41}\x{E25}\x{E30}"
      text run at (0,26702) width 17: "\x{E23}\x{E2D}"
      text run at (0,26723) width 16: "\x{E27}\x{E48}\x{E32}"
      text run at (0,26744) width 48: "\x{E2D}\x{E19}\x{E32}\x{E04}\x{E15}"
      text run at (0,26765) width 16: "\x{E08}\x{E30}"
      text run at (0,26786) width 25: "\x{E40}\x{E1B}\x{E47}\x{E19}"
      text run at (0,26807) width 50: "\x{E2D}\x{E22}\x{E48}\x{E32}\x{E07}\x{E44}\x{E23}"
      text run at (0,26828) width 17: "\x{E43}\x{E19}"
      text run at (0,26849) width 11: "\x{E17}\x{E35}\x{E48}"
      text run at (0,26870) width 20: "\x{E2A}\x{E38}\x{E14}"
      text run at (0,26891) width 24: "\x{E40}\x{E18}\x{E2D}"
      text run at (0,26912) width 38: "\x{E04}\x{E25}\x{E32}\x{E19}"
      text run at (0,26933) width 26: "\x{E08}\x{E32}\x{E01}"
      text run at (0,26954) width 21: "\x{E1E}\x{E37}\x{E49}\x{E19}"
      text run at (0,26975) width 28: "\x{E2B}\x{E49}\x{E2D}\x{E07}"
      text run at (0,26996) width 11: "\x{E17}\x{E35}\x{E48}"
      text run at (0,27017) width 26: "\x{E42}\x{E22}\x{E01}"
      text run at (0,27038) width 18: "\x{E44}\x{E1B}"
      text run at (0,27059) width 18: "\x{E21}\x{E32}"
      text run at (0,27080) width 20: "\x{E02}\x{E36}\x{E49}\x{E19}"
      text run at (0,27101) width 18: "\x{E44}\x{E1B}"
      text run at (0,27122) width 20: "\x{E1A}\x{E19}"
      text run at (0,27143) width 32: "\x{E40}\x{E15}\x{E35}\x{E22}\x{E07}"
      text run at (0,27164) width 27: "\x{E41}\x{E25}\x{E49}\x{E27}"
      text run at (0,27185) width 9: "\x{E01}\x{E47}"
      text run at (0,27206) width 30: "\x{E19}\x{E2D}\x{E19}"
      text run at (0,27227) width 18: "\x{E25}\x{E07}"
      text run at (0,27248) width 18: "\x{E42}\x{E15}"
      text run at (0,27269) width 18: "\x{E42}\x{E15}\x{E49}"
      text run at (0,27290) width 28: "\x{E15}\x{E32}\x{E21}"
      text run at (0,27311) width 20: "\x{E15}\x{E34}\x{E14}"
      text run at (0,27332) width 18: "\x{E21}\x{E32}"
      text run at (0,27353) width 30: "\x{E19}\x{E2D}\x{E19}"
      text run at (0,27374) width 18: "\x{E25}\x{E07}"
      text run at (0,27395) width 26: "\x{E43}\x{E01}\x{E25}\x{E49}"
      text run at (0,27416) width 8: "\x{E46}"
      text run at (0,27437) width 24: "\x{E40}\x{E18}\x{E2D}"
      text run at (0,27458) width 18: "\x{E44}\x{E21}\x{E48}"
      text run at (0,27479) width 18: "\x{E0A}\x{E49}\x{E32}"
      text run at (0,27500) width 18: "\x{E42}\x{E14}"
      text run at (0,27521) width 24: "\x{E42}\x{E23}\x{E18}\x{E35}"
      text run at (0,27542) width 9: "\x{E01}\x{E47}"
      text run at (0,27563) width 20: "\x{E1B}\x{E34}\x{E14}"
      text run at (0,27584) width 18: "\x{E15}\x{E32}"
      text run at (0,27605) width 18: "\x{E25}\x{E07}"
      text run at (0,27626) width 30: "\x{E2B}\x{E25}\x{E31}\x{E1A}"
      text run at (0,27647) width 39: "\x{E1C}\x{E25}\x{E47}\x{E2D}\x{E22}"
      text run at (0,27668) width 18: "\x{E44}\x{E1B}"
      text run at (0,27689) width 35: "\x{E2D}\x{E22}\x{E48}\x{E32}\x{E07}"
      text run at (0,27710) width 31: "\x{E2A}\x{E19}\x{E34}\x{E17}"
      text run at (0,27731) width 19: "\x{E17}\x{E31}\x{E49}\x{E07}"
      text run at (0,27752) width 8: "\x{E46}"
      text run at (0,27773) width 11: "\x{E17}\x{E35}\x{E48}"
      text run at (0,27794) width 28: "\x{E1A}\x{E49}\x{E32}\x{E19}"
      text run at (0,27815) width 26: "\x{E42}\x{E22}\x{E01}"
      text run at (0,27836) width 18: "\x{E44}\x{E1B}"
      text run at (0,27857) width 18: "\x{E21}\x{E32}"
      text run at (0,27878) width 26: "\x{E41}\x{E25}\x{E30}"
      text run at (0,27899) width 20: "\x{E25}\x{E21}"
      text run at (0,27920) width 9: "\x{E01}\x{E47}"
      text run at (0,27941) width 33: "\x{E04}\x{E23}\x{E32}\x{E07}"
      text run at (0,27962) width 28: "\x{E2B}\x{E27}\x{E35}\x{E14}"
      text run at (0,27983) width 28: "\x{E2B}\x{E27}\x{E37}\x{E2D}"
