layer at (0,0) size 800x600
  LayoutView at (0,0) size 800x600
layer at (0,0) size 800x600
  LayoutBlockFlow {HTML} at (0,0) size 800x600
    LayoutBlockFlow {BODY} at (8,8) size 784x579
      LayoutTable {TABLE} at (0,0) size 178x28 [border: (1px outset #808080)]
        LayoutTableSection {TBODY} at (1,1) size 176x26
          LayoutTableRow {TR} at (0,1) size 176x24
            LayoutTableCell {TH} at (1,1) size 34x24 [border: (1px inset #808080)] [r=0 c=0 rs=1 cs=1]
              LayoutText {#text} at (2,2) size 30x19
                text run at (2,2) width 30: "(1,1)"
            LayoutTableCell {TH} at (36,1) size 34x24 [border: (1px inset #808080)] [r=0 c=1 rs=1 cs=1]
              LayoutText {#text} at (2,2) size 30x19
                text run at (2,2) width 30: "(1,2)"
            LayoutTableCell {TH} at (71,1) size 34x24 [border: (1px inset #808080)] [r=0 c=2 rs=1 cs=1]
              LayoutText {#text} at (2,2) size 30x19
                text run at (2,2) width 30: "(1,3)"
            LayoutTableCell {TH} at (106,1) size 34x24 [border: (1px inset #808080)] [r=0 c=3 rs=1 cs=1]
              LayoutText {#text} at (2,2) size 30x19
                text run at (2,2) width 30: "(1,4)"
            LayoutTableCell {TH} at (141,1) size 34x24 [border: (1px inset #808080)] [r=0 c=4 rs=1 cs=1]
              LayoutText {#text} at (2,2) size 30x19
                text run at (2,2) width 30: "(1,5)"
      LayoutBlockFlow {PRE} at (0,41) size 784x16
        LayoutText {#text} at (0,0) size 408x16
          text run at (0,0) width 408: "xxx(1,1)[tab](1,2)[tab](1,3)[tab](1,4)[tab](1,5)xxx"
