layer at (0,0) size 800x600
  LayoutView at (0,0) size 800x600
layer at (0,0) size 800x600
  LayoutBlockFlow {HTML} at (0,0) size 800x600
    LayoutBlockFlow {BODY} at (8,8) size 784x584
      LayoutTable {TABLE} at (0,0) size 314x34
        LayoutTableSection {TBODY} at (0,0) size 314x34
          LayoutTableRow {TR} at (0,2) size 314x30
            LayoutTableCell {TD} at (2,2) size 310x30 [border: (2px solid #0000FF)] [r=0 c=0 rs=1 cs=1]
              LayoutBlockFlow {DIV} at (3,3) size 304x24 [border: (2px solid #008000)]
                LayoutInline {NOBR} at (0,0) size 600x19
                  LayoutText {#text} at (2,2) size 600x19
                    text run at (2,2) width 207: "This text should be all on one line. "
                    text run at (209,2) width 274: "It should spill out of the 300 pixel wide green "
                    text run at (483,2) width 119: "and blue rectangles."
                LayoutText {#text} at (0,0) size 0x0
