layer at (0,0) size 800x600
  LayoutView at (0,0) size 800x600
layer at (0,0) size 800x600
  LayoutBlockFlow {HTML} at (0,0) size 800x600
    LayoutBlockFlow {BODY} at (8,8) size 784x584
      LayoutBlockFlow {P} at (0,0) size 784x40
        LayoutText {#text} at (0,0) size 50x19
          text run at (0,0) width 50: "Test for "
        LayoutInline {I} at (0,0) size 784x39
          LayoutInline {A} at (0,0) size 306x19 [color=#0000EE]
            LayoutText {#text} at (49,0) size 306x19
              text run at (49,0) width 306: "http://bugs.webkit.org/show_bug.cgi?id=13072"
          LayoutText {#text} at (354,0) size 784x39
            text run at (354,0) width 5: " "
            text run at (358,0) width 426: "REGRESSION (r15617): white-space: pre-wrap breaks off the last"
            text run at (0,20) width 162: "character of a wide word"
        LayoutText {#text} at (161,20) size 5x19
          text run at (161,20) width 5: "."
      LayoutBlockFlow {P} at (0,56) size 784x20
        LayoutText {#text} at (0,0) size 210x19
          text run at (0,0) width 210: "The following line should not wrap."
      LayoutBlockFlow {DIV} at (0,92) size 150x20 [bgcolor=#D3D3D3]
        LayoutText {#text} at (0,0) size 175x19
          text run at (0,0) width 175: "abcdefghijklmnopqrstuvwxyz"
