layer at (0,0) size 800x600
  LayoutView at (0,0) size 800x600
layer at (0,0) size 800x600
  LayoutBlockFlow {HTML} at (0,0) size 800x600
    LayoutBlockFlow {BODY} at (8,8) size 784x584
      LayoutTable {TABLE} at (0,0) size 784x66
        LayoutTableSection {TBODY} at (0,0) size 784x66
          LayoutTableRow {TR} at (0,2) size 784x62
            LayoutTableCell {TD} at (2,2) size 780x62 [r=0 c=0 rs=1 cs=1]
              LayoutBlockFlow {DIV} at (1,1) size 778x60
                LayoutText {#text} at (0,0) size 771x59
                  text run at (0,0) width 745: "Three cheers    for OldVet and the letter he wrote to Senator Dodd (see above Comment).  We all need to be proactive and"
                  text run at (744,0) width 5: " "
                  text run at (0,20) width 767: "contact our senators and representatives to let them know our strong feelings on this subject.  I would lose what little faith I have"
                  text run at (767,20) width 4: " "
                  text run at (0,40) width 362: "left in our government if they engineered a tax payer bailout. "
                  text run at (362,40) width 0: " "
