layer at (0,0) size 800x600
  LayoutView at (0,0) size 800x600
layer at (0,0) size 800x446
  LayoutBlockFlow {HTML} at (0,0) size 800x446
    LayoutBlockFlow {BODY} at (8,8) size 646x430 [border: (3px solid #FF0000)]
      LayoutBlockFlow {P} at (3,19) size 640x20 [color=#0000FF]
        LayoutText {#text} at (0,0) size 341x19
          text run at (0,0) width 341: "-- Following text and list are whitespace:NORMAL only"
      LayoutBlockFlow {P} at (3,55) size 640x40
        LayoutText {#text} at (0,0) size 248x19
          text run at (0,0) width 248: "0123456789012345678901234567890"
        LayoutBR {BR} at (248,0) size 0x19
        LayoutText {#text} at (0,20) size 74x19
          text run at (0,20) width 74: "X\x{9}XX\x{9}XXX"
      LayoutBlockFlow {OL} at (3,111) size 640x60
        LayoutListItem {LI} at (40,0) size 600x20
          LayoutListMarker (anonymous) at (-16,0) size 16x19: "1"
          LayoutText {#text} at (0,0) size 22x19
            text run at (0,0) width 22: "a\x{9}X"
        LayoutListItem {LI} at (40,20) size 600x20
          LayoutListMarker (anonymous) at (-16,0) size 16x19: "2"
          LayoutText {#text} at (0,0) size 31x19
            text run at (0,0) width 31: "bb\x{9}X"
        LayoutListItem {LI} at (40,40) size 600x20
          LayoutListMarker (anonymous) at (-16,0) size 16x19: "3"
          LayoutText {#text} at (0,0) size 36x19
            text run at (0,0) width 36: "ccc\x{9}X"
      LayoutBlockFlow {P} at (3,187) size 640x20 [color=#0000FF]
        LayoutText {#text} at (0,0) size 301x19
          text run at (0,0) width 301: "-- Following text and list are whitespace:PRE only"
      LayoutBlockFlow {OL} at (3,223) size 640x60
        LayoutListItem {LI} at (40,0) size 600x20
          LayoutListMarker (anonymous) at (-16,0) size 16x19: "1"
          LayoutText {#text} at (0,0) size 75x19
            text run at (0,0) width 75: "a\x{9}\x{9}X"
        LayoutListItem {LI} at (40,20) size 600x20
          LayoutListMarker (anonymous) at (-16,0) size 16x19: "2"
          LayoutText {#text} at (0,0) size 43x19
            text run at (0,0) width 43: "bb\x{9}X"
        LayoutListItem {LI} at (40,40) size 600x20
          LayoutListMarker (anonymous) at (-16,0) size 16x19: "3"
          LayoutText {#text} at (0,0) size 43x19
            text run at (0,0) width 43: "ccc\x{9}X"
      LayoutBlockFlow {P} at (3,299) size 640x40
        LayoutText {#text} at (0,0) size 408x19
          text run at (0,0) width 408: "012345678901234567890123456789012345678901234567890"
        LayoutBR {BR} at (408,0) size 0x19
        LayoutText {#text} at (0,20) size 375x19
          text run at (0,20) width 375: "X\x{9}\x{9}XX\x{9}\x{9}XXX\x{9}\x{9}XXXX\x{9}\x{9}XXXXX"
      LayoutBlockFlow {P} at (3,355) size 640x20 [color=#0000FF]
        LayoutText {#text} at (0,0) size 409x19
          text run at (0,0) width 409: "-- Following text mixes whitespace:NORMAL and whitespace:PRE"
      LayoutBlockFlow {P} at (3,391) size 640x20
        LayoutText {#text} at (0,0) size 412x19
          text run at (0,0) width 412: "AAAA BBBB CCCC DDDD EEEE FFFF GGGG HHHH IIII JJJJ"
        LayoutInline {SPAN} at (0,0) size 100x19
          LayoutText {#text} at (412,0) size 100x19
            text run at (412,0) width 100: "\x{9}\x{9}\x{9}\x{9}"
        LayoutText {#text} at (512,0) size 48x19
          text run at (512,0) width 48: "KKKK"
