layer at (0,0) size 800x600
  LayoutView at (0,0) size 800x600
layer at (0,0) size 800x600
  LayoutBlockFlow {HTML} at (0,0) size 800x600
    LayoutBlockFlow {BODY} at (8,8) size 784x584
      LayoutTable {TABLE} at (0,0) size 784x402 [border: (5px outset #808080)]
        LayoutTableSection {TBODY} at (5,5) size 774x392
          LayoutTableRow {TR} at (0,2) size 774x388
            LayoutTableCell {TD} at (2,194) size 716x4 [border: (1px inset #808080)] [r=0 c=0 rs=1 cs=1]
            LayoutTableCell {TD} at (720,2) size 52x388 [border: (1px inset #808080)] [r=0 c=1 rs=1 cs=1]
              LayoutInline {A} at (0,0) size 32x18 [color=#0000EE]
                LayoutText {#text} at (2,6) size 32x18
                  text run at (2,6) width 32: "\x{5CA1}\x{5C71}"
              LayoutText {#text} at (34,6) size 16x18
                text run at (34,6) width 16: "\x{FF5C}"
              LayoutInline {A} at (0,0) size 32x18 [color=#0000EE]
                LayoutText {#text} at (2,30) size 32x18
                  text run at (2,30) width 32: "\x{5E83}\x{5CF6}"
              LayoutText {#text} at (34,30) size 16x18
                text run at (34,30) width 16: "\x{FF5C}"
              LayoutInline {A} at (0,0) size 32x18 [color=#0000EE]
                LayoutText {#text} at (2,54) size 32x18
                  text run at (2,54) width 32: "\x{5C71}\x{53E3}"
              LayoutText {#text} at (34,54) size 16x18
                text run at (34,54) width 16: "\x{FF5C}"
              LayoutInline {A} at (0,0) size 32x18 [color=#0000EE]
                LayoutText {#text} at (2,78) size 32x18
                  text run at (2,78) width 32: "\x{5FB3}\x{5CF6}"
              LayoutText {#text} at (34,78) size 16x18
                text run at (34,78) width 16: "\x{FF5C}"
              LayoutInline {A} at (0,0) size 32x18 [color=#0000EE]
                LayoutText {#text} at (2,102) size 32x18
                  text run at (2,102) width 32: "\x{9999}\x{5DDD}"
              LayoutText {#text} at (34,102) size 16x18
                text run at (34,102) width 16: "\x{FF5C}"
              LayoutInline {A} at (0,0) size 32x18 [color=#0000EE]
                LayoutText {#text} at (2,126) size 32x18
                  text run at (2,126) width 32: "\x{611B}\x{5A9B}"
              LayoutText {#text} at (34,126) size 16x18
                text run at (34,126) width 16: "\x{FF5C}"
              LayoutInline {A} at (0,0) size 32x18 [color=#0000EE]
                LayoutText {#text} at (2,150) size 32x18
                  text run at (2,150) width 32: "\x{9AD8}\x{77E5}"
              LayoutText {#text} at (34,150) size 16x18
                text run at (34,150) width 16: "\x{FF5C}"
              LayoutInline {A} at (0,0) size 48x42 [color=#0000EE]
                LayoutText {#text} at (2,174) size 48x42
                  text run at (2,174) width 48: "\x{798F}\x{5CA1}\x{30FB}"
                  text run at (2,198) width 48: "\x{5317}\x{4E5D}\x{5DDE}"
              LayoutText {#text} at (2,222) size 16x18
                text run at (2,222) width 16: "\x{FF5C}"
              LayoutInline {A} at (0,0) size 32x18 [color=#0000EE]
                LayoutText {#text} at (18,222) size 32x18
                  text run at (18,222) width 32: "\x{4F50}\x{8CC0}"
              LayoutText {#text} at (2,246) size 16x18
                text run at (2,246) width 16: "\x{FF5C}"
              LayoutInline {A} at (0,0) size 32x18 [color=#0000EE]
                LayoutText {#text} at (18,246) size 32x18
                  text run at (18,246) width 32: "\x{9577}\x{5D0E}"
              LayoutText {#text} at (2,270) size 16x18
                text run at (2,270) width 16: "\x{FF5C}"
              LayoutInline {A} at (0,0) size 32x18 [color=#0000EE]
                LayoutText {#text} at (18,270) size 32x18
                  text run at (18,270) width 32: "\x{718A}\x{672C}"
              LayoutText {#text} at (2,294) size 16x18
                text run at (2,294) width 16: "\x{FF5C}"
              LayoutInline {A} at (0,0) size 32x18 [color=#0000EE]
                LayoutText {#text} at (18,294) size 32x18
                  text run at (18,294) width 32: "\x{5927}\x{5206}"
              LayoutText {#text} at (2,318) size 16x18
                text run at (2,318) width 16: "\x{FF5C}"
              LayoutInline {A} at (0,0) size 32x18 [color=#0000EE]
                LayoutText {#text} at (18,318) size 32x18
                  text run at (18,318) width 32: "\x{5BAE}\x{5D0E}"
              LayoutText {#text} at (2,342) size 16x18
                text run at (2,342) width 16: "\x{FF5C}"
              LayoutInline {A} at (0,0) size 48x42 [color=#0000EE]
                LayoutText {#text} at (18,342) size 48x42
                  text run at (18,342) width 32: "\x{9E7F}\x{5150}"
                  text run at (2,366) width 16: "\x{5CF6}"
              LayoutText {#text} at (18,366) size 16x18
                text run at (18,366) width 16: "\x{FF5C}"
