layer at (0,0) size 800x600
  LayoutView at (0,0) size 800x600
layer at (0,0) size 800x600
  LayoutBlockFlow {HTML} at (0,0) size 800x600
    LayoutBlockFlow {BODY} at (8,8) size 784x584
      LayoutText {#text} at (0,0) size 769x54
        text run at (0,0) width 769: "This tests the width of a breaking space after a Hindi character to ensure that it's measured properly and enough space is"
        text run at (0,18) width 761: "left for it. Neither the Hindi on the button below nor the same text on two lines below that should be truncated at either"
        text run at (0,36) width 28: "end."
      LayoutBR {BR} at (27,50) size 1x0
      LayoutButton {INPUT} at (0,54) size 100.48x18 [bgcolor=#C0C0C0]
        LayoutBlockFlow (anonymous) at (8,2) size 84.48x17
          LayoutText {#text} at (0,0) size 85x13
            text run at (0,0) width 85: "\x{915}\x{93F}\x{938}\x{940} \x{92D}\x{940} \x{924}\x{930}\x{939} \x{906}\x{917}\x{947} \x{92C}"
      LayoutBR {BR} at (100,67) size 1x0
      LayoutInline {SPAN} at (0,0) size 123x18
        LayoutText {#text} at (0,73) size 123x18
          text run at (0,73) width 123: "\x{915}\x{93F}\x{938}\x{940} \x{92D}\x{940} \x{924}\x{930}\x{939} \x{906}\x{917}\x{947} \x{92C}"
      LayoutText {#text} at (122,73) size 26x18
        text run at (122,73) width 26: "Foo"
      LayoutBR {BR} at (147,87) size 1x0
      LayoutInline {SPAN} at (0,0) size 123x17
        LayoutText {#text} at (0,99) size 123x17
          text run at (0,99) width 123: "\x{915}\x{93F}\x{938}\x{940} \x{92D}\x{940} \x{924}\x{930}\x{939} \x{906}\x{917}\x{947} \x{92C}"
      LayoutText {#text} at (122,99) size 26x18
        text run at (122,99) width 26: "Foo"
      LayoutBR {BR} at (147,113) size 1x0
