layer at (0,0) size 800x600
  LayoutView at (0,0) size 800x600
layer at (0,0) size 800x600
  LayoutBlockFlow {HTML} at (0,0) size 800x600
    LayoutBlockFlow {BODY} at (8,8) size 784x576
      LayoutBlockFlow {P} at (0,0) size 784x36
        LayoutText {#text} at (0,0) size 774x36
          text run at (0,0) width 774: "This HTML tests if the 'while-space' property controls the behavors of line-break characters (U+000A and U+000D) in a"
          text run at (0,18) width 139: "complex text (Hindi)."
      LayoutBlockFlow {P} at (0,52) size 784x44
        LayoutText {#text} at (0,1) size 733x43
          text run at (0,1) width 733: "If this test succeeds, you can see this Hindi word \"\x{935}\x{93F}\x{937}\x{92F}\x{94B}\x{902}\" repeated three times separated by a space in the first two"
          text run at (0,26) width 503: "paragraphs. In the third paragraphs, it'll be shown three times in separate lines."
      LayoutBlockFlow {P} at (0,112) size 784x26
        LayoutText {#text} at (0,1) size 137x18
          text run at (0,1) width 137: "1. \x{935}\x{93F}\x{937}\x{92F}\x{94B}\x{902} \x{935}\x{93F}\x{937}\x{92F}\x{94B}\x{902}\x{D}\x{935}\x{93F}\x{937}\x{92F}\x{94B}\x{902}"
      LayoutBlockFlow {P} at (0,154) size 784x26
        LayoutText {#text} at (0,1) size 137x18
          text run at (0,1) width 137: "2. \x{935}\x{93F}\x{937}\x{92F}\x{94B}\x{902} \x{935}\x{93F}\x{937}\x{92F}\x{94B}\x{902}\x{D}\x{935}\x{93F}\x{937}\x{92F}\x{94B}\x{902}"
      LayoutBlockFlow {P} at (0,196) size 784x70
        LayoutText {#text} at (0,0) size 78x63
          text run at (0,0) width 12: "3."
          text run at (12,0) width 0: " "
          text run at (0,19) width 39: "\x{935}\x{93F}\x{937}\x{92F}\x{94B}\x{902}"
          text run at (38,19) width 1: " "
          text run at (0,45) width 78: "\x{935}\x{93F}\x{937}\x{92F}\x{94B}\x{902}\x{D}\x{935}\x{93F}\x{937}\x{92F}\x{94B}\x{902}"
