layer at (0,0) size 800x600
  LayoutView at (0,0) size 800x600
layer at (0,0) size 800x550
  LayoutBlockFlow {HTML} at (0,0) size 800x550
    LayoutBlockFlow {BODY} at (8,16) size 784x526
      LayoutBlockFlow {P} at (0,0) size 784x24
        LayoutText {#text} at (0,4) size 114x18
          text run at (0,4) width 114: "Simple text path: "
        LayoutInline {SPAN} at (0,0) size 165x18
          LayoutText {#text} at (113,4) size 165x18
            text run at (113,4) width 165: "string\x{300C}\x{3042}\x{3001}\x{5909}\x{3063}\x{FF01}\x{300D}\x{3002}"
      LayoutBlockFlow (anonymous) at (0,40) size 784x210
        LayoutBlockFlow {SPAN} at (0,0) size 24x164.45
          LayoutText {#text} at (3,0) size 18x165
            text run at (3,0) width 165: "string\x{300C}\x{3042}\x{3001}\x{5909}\x{3063}\x{FF01}\x{300D}\x{3002}"
        LayoutBR {BR} at (24,150) size 0x18
        LayoutInline {SPAN} at (0,0) size 224x18
          LayoutText {#text} at (0,172) size 224x18
            text run at (0,172) width 224: "\x{90CA}\x{5916}\x{306E}\x{304E}\x{3089}\x{304E}\x{3089}\x{3072}\x{304B}\x{308B}\x{8349}\x{306E}\x{6CE2}\x{3002}"
        LayoutBR {BR} at (224,172) size 0x18
        LayoutInline {SPAN} at (0,0) size 314x18
          LayoutText {#text} at (0,192) size 314x18
            text run at (0,192) width 314: "ABCDEFGHIJKLM abcdefghijklm 1234567890"
        LayoutBR {BR} at (313,192) size 1x18
      LayoutBlockFlow {HR} at (0,258) size 784x2 [border: (1px inset #EEEEEE)]
      LayoutBlockFlow {P} at (0,276) size 784x24
        LayoutText {#text} at (0,4) size 127x18
          text run at (0,4) width 127: "Complex text path: "
        LayoutInline {SPAN} at (0,0) size 166x18
          LayoutText {#text} at (126,4) size 166x18
            text run at (126,4) width 166: "string\x{300C}\x{3042}\x{3001}\x{5909}\x{3063}\x{FF01}\x{300D}\x{3002}"
      LayoutBlockFlow (anonymous) at (0,316) size 784x210
        LayoutBlockFlow {SPAN} at (0,0) size 24x164.45
          LayoutText {#text} at (3,0) size 18x165
            text run at (3,0) width 165: "string\x{300C}\x{3042}\x{3001}\x{5909}\x{3063}\x{FF01}\x{300D}\x{3002}"
        LayoutBR {BR} at (24,150) size 0x18
        LayoutInline {SPAN} at (0,0) size 224x18
          LayoutText {#text} at (0,172) size 224x18
            text run at (0,172) width 224: "\x{90CA}\x{5916}\x{306E}\x{304E}\x{3089}\x{304E}\x{3089}\x{3072}\x{304B}\x{308B}\x{8349}\x{306E}\x{6CE2}\x{3002}"
        LayoutBR {BR} at (224,172) size 0x18
        LayoutInline {SPAN} at (0,0) size 314x18
          LayoutText {#text} at (0,192) size 314x18
            text run at (0,192) width 314: "ABCDEFGHIJKLM abcdefghijklm 1234567890"
        LayoutBR {BR} at (313,192) size 1x18
