layer at (0,0) size 800x600
  LayoutView at (0,0) size 800x600
layer at (0,0) size 800x600
  LayoutBlockFlow {HTML} at (0,0) size 800x600
    LayoutBlockFlow {BODY} at (8,8) size 784x584
      LayoutBlockFlow {P} at (0,0) size 784x40
        LayoutText {#text} at (0,0) size 242x19
          text run at (0,0) width 242: "This test checks for a regression against "
        LayoutInline {I} at (0,0) size 735x39
          LayoutInline {A} at (0,0) size 350x19 [color=#0000EE]
            LayoutText {#text} at (242,0) size 350x19
              text run at (242,0) width 350: "http://bugzilla.opendarwin.org/show_bug.cgi?id=6276"
          LayoutText {#text} at (591,0) size 735x39
            text run at (591,0) width 5: " "
            text run at (595,0) width 140: "Image thumbnails are"
            text run at (0,20) width 197: "misplaced on forum.2ostrov.ru"
        LayoutText {#text} at (196,20) size 5x19
          text run at (196,20) width 5: "."
      LayoutBlockFlow {HR} at (0,56) size 784x2 [border: (1px inset #EEEEEE)]
      LayoutBlockFlow {P} at (0,74) size 784x20
        LayoutText {#text} at (0,0) size 221x19
          text run at (0,0) width 221: "Box 1 and box 2 should be identical."
      LayoutBlockFlow (anonymous) at (0,110) size 784x20
        LayoutText {#text} at (0,0) size 40x19
          text run at (0,0) width 40: "Box 1:"
      LayoutBlockFlow {DIV} at (0,130) size 67x87 [border: (1px solid #000000)]
        LayoutBlockFlow {DIV} at (6,6) size 40x20 [bgcolor=#0000FF]
        LayoutText {#text} at (46,11) size 15x19
          text run at (46,11) width 15: " A"
        LayoutBlockFlow {DIV} at (6,31) size 35x20 [bgcolor=#FF0000]
        LayoutText {#text} at (41,36) size 14x19
          text run at (41,36) width 14: " B"
        LayoutBlockFlow {DIV} at (6,56) size 20x20 [bgcolor=#008000]
        LayoutText {#text} at (26,61) size 15x19
          text run at (26,61) width 15: " C"
      LayoutBlockFlow (anonymous) at (0,217) size 784x40
        LayoutBR {BR} at (0,0) size 0x19
        LayoutText {#text} at (0,20) size 40x19
          text run at (0,20) width 40: "Box 2:"
      LayoutBlockFlow {DIV} at (0,257) size 67x87 [border: (1px solid #000000)]
        LayoutBlockFlow {DIV} at (6,6) size 40x20 [bgcolor=#0000FF]
        LayoutText {#text} at (46,11) size 15x19
          text run at (46,11) width 15: " A"
        LayoutBlockFlow {DIV} at (6,31) size 35x20 [bgcolor=#FF0000]
        LayoutText {#text} at (41,36) size 14x19
          text run at (41,36) width 14: " B"
        LayoutBlockFlow {DIV} at (6,56) size 20x20 [bgcolor=#008000]
        LayoutText {#text} at (26,61) size 15x19
          text run at (26,61) width 15: " C"
