layer at (0,0) size 800x600
  LayoutView at (0,0) size 800x600
layer at (0,0) size 800x600
  LayoutBlockFlow {HTML} at (0,0) size 800x600
    LayoutBlockFlow {BODY} at (8,10) size 784x570
      LayoutBlockFlow {DIV} at (10,0) size 126x126 [border: (21px none #000000) (30px none #000000) (21px none #000000)]
      LayoutBlockFlow (anonymous) at (0,136) size 784x20
        LayoutText {#text} at (0,0) size 381x19
          text run at (0,0) width 381: "This should look like the above, only scaled up by a factor of 2:"
      LayoutBlockFlow {DIV} at (20,176) size 252x252 [border: (42px none #000000) (60px none #000000) (42px none #000000)]
