layer at (0,0) size 800x600
  LayoutView at (0,0) size 800x600
layer at (0,0) size 800x600
  LayoutBlockFlow {HTML} at (0,0) size 800x600
    LayoutBlockFlow {BODY} at (8,8) size 784x584
      LayoutBlockFlow {P} at (0,0) size 784x40
        LayoutText {#text} at (0,0) size 758x39
          text run at (0,0) width 758: "This tests to see that deleting a selection that starts just before a table and ends inside the table does not insert a placeholder br"
          text run at (0,20) width 87: "unnecessarily. "
          text run at (87,20) width 245: "You should see two ToDos, one empty. "
          text run at (332,20) width 260: "The caret should be just before the second."
      LayoutBlockFlow {DIV} at (0,56) size 784x56
        LayoutTable {TABLE} at (0,0) size 125x28
          LayoutTableSection {TBODY} at (0,0) size 125x28
            LayoutTableRow {TR} at (0,2) size 125x24
              LayoutTableCell {TD} at (2,2) size 17x24 [r=0 c=0 rs=1 cs=1]
                LayoutText {#text} at (1,3) size 15x19
                  text run at (1,3) width 15: "\x{21D2}"
              LayoutTableCell {TD} at (21,3) size 90x22 [r=0 c=1 rs=1 cs=1]
                LayoutText {#text} at (1,1) size 88x19
                  text run at (1,1) width 88: "ToDo Content"
              LayoutTableCell {TD} at (113,2) size 10x24 [r=0 c=2 rs=1 cs=1]
                LayoutText {#text} at (1,3) size 8x19
                  text run at (1,3) width 8: "\x{21E3}"
        LayoutTable {TABLE} at (0,28) size 37x28
          LayoutTableSection {TBODY} at (0,0) size 37x28
            LayoutTableRow {TR} at (0,2) size 37x24
              LayoutTableCell {TD} at (2,2) size 17x24 [r=0 c=0 rs=1 cs=1]
                LayoutText {#text} at (1,3) size 15x19
                  text run at (1,3) width 15: "\x{21D2}"
              LayoutTableCell {TD} at (21,3) size 2x22 [r=0 c=1 rs=1 cs=1]
              LayoutTableCell {TD} at (25,2) size 10x24 [r=0 c=2 rs=1 cs=1]
                LayoutText {#text} at (1,3) size 8x19
                  text run at (1,3) width 8: "\x{21E3}"
caret: position 0 of child 3 {TABLE} of child 2 {DIV} of body
