EDITING DELEGATE: webViewDidChangeSelection:WebViewDidChangeSelectionNotification
EDITING DELEGATE: webViewDidChangeSelection:WebViewDidChangeSelectionNotification
EDITING DELEGATE: webViewDidChangeSelection:WebViewDidChangeSelectionNotification
EDITING DELEGATE: webViewDidChangeSelection:WebViewDidChangeSelectionNotification
EDITING DELEGATE: webViewDidChange:WebViewDidChangeNotification
layer at (0,0) size 800x600
  LayoutView at (0,0) size 800x600
layer at (0,0) size 800x600
  LayoutBlockFlow {HTML} at (0,0) size 800x600
    LayoutBlockFlow {BODY} at (8,8) size 784x584
      LayoutBlockFlow {DIV} at (0,0) size 600x56
        LayoutText {#text} at (0,0) size 136x27
          text run at (0,0) width 136: "There is a tide"
        LayoutBR {BR} at (136,21) size 0x0
        LayoutText {#text} at (0,28) size 239x27
          text run at (0,28) width 239: "Which taken at the flood"
caret: position 0 of child 2 {#text} of child 1 {DIV} of body
