EDITING DELEGATE: webViewDidChangeSelection:WebViewDidChangeSelectionNotification
EDITING DELEGATE: webViewDidChangeSelection:WebViewDidChangeSelectionNotification
EDITING DELEGATE: webViewDidChangeSelection:WebViewDidChangeSelectionNotification
EDITING DELEGATE: webViewDidChangeSelection:WebViewDidChangeSelectionNotification
EDITING DELEGATE: webViewDidChangeSelection:WebViewDidChangeSelectionNotification
EDITING DELEGATE: webViewDidChangeSelection:WebViewDidChangeSelectionNotification
EDITING DELEGATE: webViewDidChangeSelection:WebViewDidChangeSelectionNotification
EDITING DELEGATE: webViewDidChangeSelection:WebViewDidChangeSelectionNotification
EDITING DELEGATE: webViewDidChangeSelection:WebViewDidChangeSelectionNotification
EDITING DELEGATE: webViewDidChangeSelection:WebViewDidChangeSelectionNotification
EDITING DELEGATE: webViewDidChangeSelection:WebViewDidChangeSelectionNotification
EDITING DELEGATE: webViewDidChangeSelection:WebViewDidChangeSelectionNotification
EDITING DELEGATE: webViewDidChangeSelection:WebViewDidChangeSelectionNotification
EDITING DELEGATE: webViewDidChangeSelection:WebViewDidChangeSelectionNotification
EDITING DELEGATE: webViewDidChangeSelection:WebViewDidChangeSelectionNotification
EDITING DELEGATE: webViewDidChangeSelection:WebViewDidChangeSelectionNotification
EDITING DELEGATE: webViewDidChangeSelection:WebViewDidChangeSelectionNotification
EDITING DELEGATE: webViewDidChangeSelection:WebViewDidChangeSelectionNotification
EDITING DELEGATE: webViewDidChangeSelection:WebViewDidChangeSelectionNotification
EDITING DELEGATE: webViewDidChangeSelection:WebViewDidChangeSelectionNotification
EDITING DELEGATE: webViewDidChangeSelection:WebViewDidChangeSelectionNotification
EDITING DELEGATE: webViewDidChangeSelection:WebViewDidChangeSelectionNotification
EDITING DELEGATE: webViewDidChangeSelection:WebViewDidChangeSelectionNotification
EDITING DELEGATE: webViewDidChange:WebViewDidChangeNotification
layer at (0,0) size 800x600
  LayoutView at (0,0) size 800x600
layer at (0,0) size 800x600
  LayoutBlockFlow {HTML} at (0,0) size 800x600
    LayoutBlockFlow {BODY} at (8,8) size 784x584
      LayoutBlockFlow {DIV} at (0,0) size 784x56
        LayoutTable {TABLE} at (0,0) size 82x56 [border: (3px solid #AAAAAA)]
          LayoutTableSection {TBODY} at (3,3) size 76x50
            LayoutTableRow {TR} at (0,2) size 76x22
              LayoutTableCell {TD} at (2,2) size 27x22 [r=0 c=0 rs=1 cs=1]
                LayoutText {#text} at (1,1) size 25x19
                  text run at (1,1) width 25: "Foo"
              LayoutTableCell {TD} at (31,2) size 43x22 [r=0 c=1 rs=1 cs=1]
                LayoutText {#text} at (1,1) size 21x19
                  text run at (1,1) width 21: "baz"
            LayoutTableRow {TR} at (0,26) size 76x22
              LayoutTableCell {TD} at (2,26) size 27x22 [r=1 c=0 rs=1 cs=1]
                LayoutText {#text} at (1,1) size 20x19
                  text run at (1,1) width 20: "bar"
              LayoutTableCell {TD} at (31,26) size 43x22 [r=1 c=1 rs=1 cs=1]
                LayoutText {#text} at (1,1) size 41x19
                  text run at (1,1) width 41: "buffalo"
selection start: position 0 of child 1 {TABLE} of child 0 {DIV} of body
selection end:   position 2 of child 1 {TABLE} of child 0 {DIV} of body
