EDITING DELEGATE: webViewDidChangeSelection:WebViewDidChangeSelectionNotification
EDITING DELEGATE: webViewDidChangeSelection:WebViewDidChangeSelectionNotification
EDITING DELEGATE: webViewDidChangeSelection:WebViewDidChangeSelectionNotification
EDITING DELEGATE: webViewDidChangeSelection:WebViewDidChangeSelectionNotification
EDITING DELEGATE: webViewDidChangeSelection:WebViewDidChangeSelectionNotification
EDITING DELEGATE: webViewDidChangeSelection:WebViewDidChangeSelectionNotification
EDITING DELEGATE: webViewDidChange:WebViewDidChangeNotification
layer at (0,0) size 800x600
  LayoutView at (0,0) size 800x600
layer at (0,0) size 800x600
  LayoutBlockFlow {HTML} at (0,0) size 800x600
    LayoutBlockFlow {BODY} at (8,8) size 784x584
      LayoutBlockFlow {DIV} at (0,0) size 784x56 [border: (2px solid #0000FF)]
        LayoutText {#text} at (14,14) size 289x27
          text run at (14,14) width 289: "Should see \"XX\" in a red box."
      LayoutBlockFlow {DIV} at (0,80) size 784x56
        LayoutBlockFlow {DIV} at (0,0) size 784x56 [border: (2px solid #FF0000)]
          LayoutText {#text} at (14,14) size 34x27
            text run at (14,14) width 34: "XX"
          LayoutText {#text} at (0,0) size 0x0
caret: position 2 of child 0 {#text} of child 1 {DIV} of child 3 {DIV} of body
