layer at (0,0) size 800x600
  LayoutView at (0,0) size 800x600
layer at (0,0) size 800x600
  LayoutBlockFlow {HTML} at (0,0) size 800x600
    LayoutBlockFlow {BODY} at (8,8) size 784x584
      LayoutText {#text} at (161,18) size 254x18
        text run at (161,18) width 254: " --> This should be outside the textarea."
layer at (8,8) size 161x32 clip at (9,9) size 159x30
  LayoutTextControl {TEXTAREA} at (0,0) size 161x32 [bgcolor=#FFFFFF] [border: (1px solid #000000)]
    LayoutBlockFlow {DIV} at (3,3) size 155x13
      LayoutText {#text} at (0,0) size 29x13
        text run at (0,0) width 25: "<!--"
        text run at (24,0) width 5: " "
