layer at (0,0) size 800x600
  LayoutView at (0,0) size 800x600
layer at (0,0) size 800x600
  LayoutBlockFlow {HTML} at (0,0) size 800x600
    LayoutBlockFlow {BODY} at (8,8) size 784x584
      LayoutText {#text} at (161,18) size 251x18
        text run at (161,18) width 251: " This should not be part of the textarea."
layer at (8,8) size 161x32 clip at (9,9) size 144x30 scrollHeight 56
  LayoutTextControl {TEXTAREA} at (0,0) size 161x32 [bgcolor=#FFFFFF] [border: (1px solid #000000)]
    LayoutBlockFlow {DIV} at (3,3) size 140x52
      LayoutText {#text} at (0,0) size 25x13
        text run at (0,0) width 25: "<!--"
      LayoutBR {BR} at (24,11) size 1x0
      LayoutText {#text} at (0,13) size 140x26
        text run at (0,13) width 139: "This should be part of the"
        text run at (138,13) width 2: " "
        text run at (0,26) width 48: "textarea."
      LayoutBR {BR} at (47,37) size 1x0
      LayoutBR {BR} at (0,39) size 0x13
