layer at (0,0) size 800x600
  LayoutView at (0,0) size 800x600
layer at (0,0) size 800x600
  LayoutBlockFlow {HTML} at (0,0) size 800x600
    LayoutBlockFlow {BODY} at (8,8) size 784x584
      LayoutBlockFlow {INPUT} at (5,3) size 13x13
      LayoutText {#text} at (21,2) size 4x17
        text run at (21,2) width 4: " "
      LayoutBR {BR} at (25,16) size 0x0
      LayoutText {#text} at (0,0) size 0x0
      LayoutText {#text} at (0,0) size 0x0
      LayoutText {#text} at (0,0) size 0x0
layer at (8,28) size 0x0
  LayoutBlockFlow (positioned) {DIV} at (8,28) size 0x0
