layer at (0,0) size 800x600
  LayoutView at (0,0) size 800x600
layer at (0,0) size 800x301
  LayoutBlockFlow {HTML} at (0,0) size 800x301
    LayoutBlockFlow {BODY} at (8,8) size 784x285
      LayoutBlockFlow {DIV} at (0,0) size 784x35 [bgcolor=#CCCCCC]
        LayoutInline {SPAN} at (0,0) size 30x17 [bgcolor=#FF0000]
          LayoutText {#text} at (0,16) size 30x17
            text run at (0,16) width 30: "small"
        LayoutText {#text} at (30,17) size 4x17
          text run at (30,17) width 4: " "
        LayoutInline {SPAN} at (0,0) size 52x33 [bgcolor=#FF0000]
          LayoutText {#text} at (34,0) size 52x33
            text run at (34,0) width 52: "BIG"
        LayoutText {#text} at (0,0) size 0x0
      LayoutBlockFlow {DIV} at (0,39) size 784x142 [bgcolor=#CCCCCC]
        LayoutInline {SPAN} at (0,0) size 30x17 [bgcolor=#FF0000]
          LayoutText {#text} at (0,41) size 30x17
            text run at (0,41) width 30: "small"
        LayoutText {#text} at (30,83) size 4x17
          text run at (30,83) width 4: " "
        LayoutInline {SPAN} at (0,0) size 52x33 [bgcolor=#FF0000]
          LayoutText {#text} at (34,33) size 52x33
            text run at (34,33) width 52: "BIG"
        LayoutText {#text} at (0,0) size 0x0
      LayoutBlockFlow {DIV} at (0,185) size 784x100 [bgcolor=#CCCCCC]
        LayoutInline {SPAN} at (0,0) size 30x17 [bgcolor=#FF0000]
          LayoutText {#text} at (0,16) size 30x17
            text run at (0,16) width 30: "small"
        LayoutText {#text} at (30,17) size 4x17
          text run at (30,17) width 4: " "
        LayoutInline {SPAN} at (0,0) size 52x33 [bgcolor=#FF0000]
          LayoutText {#text} at (34,0) size 52x33
            text run at (34,0) width 52: "BIG"
        LayoutText {#text} at (0,0) size 0x0
