EDITING DELEGATE: webViewDidChangeSelection:WebViewDidChangeSelectionNotification
EDITING DELEGATE: webViewDidChangeSelection:WebViewDidChangeSelectionNotification
EDITING DELEGATE: webViewDidChangeSelection:WebViewDidChangeSelectionNotification
EDITING DELEGATE: webViewDidChangeSelection:WebViewDidChangeSelectionNotification
EDITING DELEGATE: webViewDidChange:WebViewDidChangeNotification
layer at (0,0) size 800x600
  LayoutView at (0,0) size 800x600
layer at (0,0) size 800x600
  LayoutBlockFlow {HTML} at (0,0) size 800x600
    LayoutBlockFlow {BODY} at (8,8) size 784x584
      LayoutBlockFlow {P} at (0,0) size 784x36
        LayoutText {#text} at (0,0) size 773x36
          text run at (0,0) width 523: "This tests InsertUnorderedList on a selection that ends at the start of a paragraph. "
          text run at (522,0) width 250: "Since we don't paint the gap before the"
          text run at (0,18) width 773: "paragraph for most selections like this, we don't perform InsertUnorderedList on the paragraph that the selection ends in."
      LayoutBlockFlow {DIV} at (0,52) size 784x52
        LayoutBlockFlow {UL} at (0,0) size 784x18
          LayoutListItem {LI} at (40,0) size 744x18
            LayoutListMarker (anonymous) at (-17,0) size 7x18: bullet
            LayoutText {#text} at (0,0) size 218x18
              text run at (0,0) width 218: "This paragraph should be in a list."
        LayoutBlockFlow (anonymous) at (0,34) size 784x18
          LayoutText {#text} at (0,0) size 242x18
            text run at (0,0) width 242: "This paragraph should not be in a list."
          LayoutBR {BR} at (241,14) size 1x0
selection start: position 0 of child 0 {#text} of child 0 {LI} of child 0 {UL} of child 2 {DIV} of body
selection end:   position 35 of child 0 {#text} of child 0 {LI} of child 0 {UL} of child 2 {DIV} of body
