EDITING DELEGATE: webViewDidChangeSelection:WebViewDidChangeSelectionNotification
EDITING DELEGATE: webViewDidChangeSelection:WebViewDidChangeSelectionNotification
EDITING DELEGATE: webViewDidChangeSelection:WebViewDidChangeSelectionNotification
layer at (0,0) size 800x600
  LayoutView at (0,0) size 800x600
layer at (0,0) size 800x600
  LayoutBlockFlow {HTML} at (0,0) size 800x600
    LayoutBlockFlow {BODY} at (8,8) size 784x584
      LayoutBlockFlow {P} at (0,0) size 784x18
        LayoutText {#text} at (0,0) size 354x18
          text run at (0,0) width 354: "In the block below, the second 'bar ' should be selected."
      LayoutBlockFlow {DIV} at (0,34) size 52x38 [border: (1px solid #000000)]
        LayoutText {#text} at (1,1) size 46x18
          text run at (1,1) width 46: "foo bar"
        LayoutInline {SPAN} at (0,0) size 21x18
          LayoutText {#text} at (1,19) size 21x18
            text run at (1,19) width 21: "bar"
        LayoutText {#text} at (21,19) size 27x18
          text run at (21,19) width 27: " baz"
selection start: position 0 of child 0 {#text} of child 1 {SPAN} of child 2 {DIV} of body
selection end:   position 1 of child 2 {#text} of child 2 {DIV} of body
