layer at (0,0) size 800x600
  LayoutView at (0,0) size 800x600
layer at (0,0) size 800x600
  LayoutBlockFlow {HTML} at (0,0) size 800x600
    LayoutBlockFlow {BODY} at (8,8) size 784x584
      LayoutBlockFlow {P} at (0,0) size 784x18
        LayoutText {#text} at (0,0) size 554x17
          text run at (0,0) width 252: "This tests for an infinite loop on Paste. "
          text run at (251,0) width 303: "You should see 'Hello: ' and then an input field."
      LayoutBlockFlow {DIV} at (0,34) size 784x22
        LayoutText {#text} at (0,2) size 36x17
          text run at (0,2) width 36: "Hello"
        LayoutTextControl {INPUT} at (35.55,0) size 173x22 [bgcolor=#FFFFFF] [border: (2px inset #EEEEEE)]
        LayoutText {#text} at (208,2) size 5x17
          text run at (208,2) width 5: ":"
layer at (46,45) size 169x16
  LayoutBlockFlow {DIV} at (2,3) size 169x16
caret: position 1 of child 1 {INPUT} of child 2 {DIV} of body
