layer at (0,0) size 800x600
  LayoutView at (0,0) size 800x600
layer at (0,0) size 800x600
  LayoutBlockFlow {HTML} at (0,0) size 800x600
    LayoutBlockFlow {BODY} at (8,8) size 784x584
      LayoutImage {IMG} at (0,0) size 76x103
      LayoutImage {IMG} at (76,0) size 76x103
      LayoutImage {IMG} at (152,0) size 76x103
      LayoutBR {BR} at (228,103) size 0x0
      LayoutText {#text} at (0,103) size 740x35
        text run at (0,103) width 636: "This tests for a bug where an images pasted on the same line would appear on different lines. "
        text run at (635,103) width 101: "You should see"
        text run at (735,103) width 5: " "
        text run at (0,121) width 364: "several pictures above all in the same line/paragraph."
caret: position 164 of child 4 {#text} of body
