EDITING DELEGATE: webViewDidChangeSelection:WebViewDidChangeSelectionNotification
EDITING DELEGATE: webViewDidChangeSelection:WebViewDidChangeSelectionNotification
EDITING DELEGATE: webViewDidChangeSelection:WebViewDidChangeSelectionNotification
EDITING DELEGATE: webViewDidChangeSelection:WebViewDidChangeSelectionNotification
EDITING DELEGATE: webViewDidChange:WebViewDidChangeNotification
layer at (0,0) size 800x600
  LayoutView at (0,0) size 800x600
layer at (0,0) size 800x600
  LayoutBlockFlow {HTML} at (0,0) size 800x600
    LayoutBlockFlow {BODY} at (8,8) size 784x584
      LayoutBlockFlow {P} at (0,0) size 784x54
        LayoutText {#text} at (0,0) size 774x53
          text run at (0,0) width 305: "This tests a change made with the fix for 8145. "
          text run at (304,0) width 434: "The paragraph separator inserted to prevent nesting blocks from the"
          text run at (0,18) width 774: "fragment to paste inside the block where the paste occured was incorrectly inserted when the paste occured at the start of"
          text run at (0,36) width 80: "a paragraph."
      LayoutBlockFlow {DIV} at (0,70) size 784x74 [border: (1px solid #000000)]
        LayoutBlockFlow (anonymous) at (1,1) size 782x18
          LayoutText {#text} at (0,0) size 22x17
            text run at (0,0) width 22: "foo"
          LayoutBR {BR} at (21,14) size 1x0
        LayoutBlockFlow {DIV} at (1,19) size 782x18
          LayoutText {#text} at (0,0) size 22x17
            text run at (0,0) width 22: "foo"
        LayoutBlockFlow (anonymous) at (1,37) size 782x36
          LayoutText {#text} at (0,0) size 21x17
            text run at (0,0) width 21: "bar"
          LayoutText {#text} at (20,0) size 21x17
            text run at (20,0) width 21: "bar"
          LayoutBR {BR} at (40,14) size 1x0
          LayoutText {#text} at (0,18) size 23x17
            text run at (0,18) width 23: "baz"
caret: position 3 of child 3 {#text} of child 2 {DIV} of body
