EDITING DELEGATE: webViewDidChangeSelection:WebViewDidChangeSelectionNotification
EDITING DELEGATE: webViewDidChangeSelection:WebViewDidChangeSelectionNotification
EDITING DELEGATE: webViewDidChange:WebViewDidChangeNotification
layer at (0,0) size 800x600
  LayoutView at (0,0) size 800x600
layer at (0,0) size 800x600
  LayoutBlockFlow {HTML} at (0,0) size 800x600
    LayoutBlockFlow {BODY} at (8,8) size 784x584
      LayoutBlockFlow {P} at (0,0) size 784x36
        LayoutText {#text} at (0,0) size 108x17
          text run at (0,0) width 108: "This is a test for "
        LayoutInline {I} at (0,0) size 764x35
          LayoutInline {A} at (0,0) size 353x17 [color=#0000EE]
            LayoutText {#text} at (107,0) size 353x17
              text run at (107,0) width 353: "http://bugzilla.opendarwin.org/show_bug.cgi?id=8394"
          LayoutText {#text} at (459,0) size 764x35
            text run at (459,0) width 5: " "
            text run at (463,0) width 301: "Editable region does not accept dropped text if"
            text run at (0,18) width 128: "there is no selection"
        LayoutText {#text} at (127,18) size 5x17
          text run at (127,18) width 5: "."
      LayoutBlockFlow {P} at (0,52) size 784x18
        LayoutText {#text} at (0,0) size 668x17
          text run at (0,0) width 488: "The text field should accept drag-and-dropped text, such as the link, even if "
          text run at (487,0) width 181: "no text is currently selected."
      LayoutBlockFlow {HR} at (0,86) size 784x2 [border: (1px inset #EEEEEE)]
      LayoutBlockFlow (anonymous) at (0,96) size 784x22
        LayoutTextControl {INPUT} at (0,0) size 173x22 [bgcolor=#FFFFFF] [border: (2px inset #EEEEEE)]
        LayoutText {#text} at (173,2) size 4x17
          text run at (173,2) width 4: " "
        LayoutInline {A} at (0,0) size 167x17 [color=#0000EE]
          LayoutText {#text} at (177,2) size 167x17
            text run at (177,2) width 167: "drop me into the text field"
        LayoutText {#text} at (0,0) size 0x0
        LayoutText {#text} at (0,0) size 0x0
layer at (10,107) size 169x16
  LayoutBlockFlow {DIV} at (2,3) size 169x16
    LayoutText {#text} at (0,0) size 119x16
      text run at (0,0) width 119: "http://www.ibm.com/"
selection start: position 0 of child 0 {#text} of child 0 {DIV} of {#document-fragment} of child 7 {INPUT} of body
selection end:   position 19 of child 0 {#text} of child 0 {DIV} of {#document-fragment} of child 7 {INPUT} of body
