EDITING DELEGATE: webViewDidChangeSelection:WebViewDidChangeSelectionNotification
EDITING DELEGATE: webViewDidChangeSelection:WebViewDidChangeSelectionNotification
EDITING DELEGATE: webViewDidChange:WebViewDidChangeNotification
EDITING DELEGATE: webViewDidChangeSelection:WebViewDidChangeSelectionNotification
EDITING DELEGATE: webViewDidChangeSelection:WebViewDidChangeSelectionNotification
EDITING DELEGATE: webViewDidChangeSelection:WebViewDidChangeSelectionNotification
EDITING DELEGATE: webViewDidChangeSelection:WebViewDidChangeSelectionNotification
EDITING DELEGATE: webViewDidChange:WebViewDidChangeNotification
layer at (0,0) size 800x600
  LayoutView at (0,0) size 800x600
layer at (0,0) size 800x600
  LayoutBlockFlow {HTML} at (0,0) size 800x600
    LayoutBlockFlow {BODY} at (8,8) size 784x576
      LayoutBlockFlow {P} at (0,0) size 784x18
        LayoutText {#text} at (0,0) size 619x17
          text run at (0,0) width 407: "This tests pasting a Mail blockquote at the start of a paragraph. "
          text run at (406,0) width 213: "Blockquoting should be stripped."
      LayoutBlockFlow {DIV} at (0,34) size 784x18
        LayoutText {#text} at (0,0) size 122x17
          text run at (0,0) width 122: "Blockquoted Textx"
      LayoutBlockFlow {P} at (0,68) size 784x36
        LayoutText {#text} at (0,0) size 777x35
          text run at (0,0) width 297: "This tests pasting text into a Mail blockquote. "
          text run at (296,0) width 481: "The last bit of content in the incoming fragment should be merged with the"
          text run at (0,18) width 294: "paragraph after the position being pasted into."
      LayoutBlockFlow {DIV} at (0,120) size 784x52
        LayoutBlockFlow {BLOCKQUOTE} at (40,0) size 704x18
          LayoutBlockFlow {DIV} at (0,0) size 704x18
            LayoutText {#text} at (0,0) size 104x17
              text run at (0,0) width 104: "Blockquotedfoo"
        LayoutBlockFlow {BLOCKQUOTE} at (40,34) size 704x18
          LayoutBlockFlow {DIV} at (0,0) size 704x18
            LayoutText {#text} at (0,0) size 49x17
              text run at (0,0) width 49: "barText"
caret: position 3 of child 0 {#text} of child 0 {DIV} of child 1 {BLOCKQUOTE} of child 10 {DIV} of body
