EDITING DELEGATE: webViewDidChangeSelection:WebViewDidChangeSelectionNotification
EDITING DELEGATE: webViewDidChangeSelection:WebViewDidChangeSelectionNotification
EDITING DELEGATE: webViewDidChange:WebViewDidChangeNotification
layer at (0,0) size 800x600
  LayoutView at (0,0) size 800x600
layer at (0,0) size 800x600
  LayoutBlockFlow {HTML} at (0,0) size 800x600
    LayoutBlockFlow {BODY} at (8,8) size 784x576
      LayoutBlockFlow {P} at (0,0) size 784x18
        LayoutText {#text} at (0,0) size 698x17
          text run at (0,0) width 698: "This test makes sure that content inside a list in an incoming fragment isn't pulled out of the list during paste."
      LayoutBlockFlow {P} at (0,34) size 784x18
        LayoutInline {B} at (0,0) size 257x17
          LayoutText {#text} at (0,0) size 257x17
            text run at (0,0) width 257: "You should see 'bar' inside a list item."
      LayoutBlockFlow {DIV} at (0,68) size 784x18
        LayoutBlockFlow {UL} at (0,0) size 784x18
          LayoutListItem {LI} at (40,0) size 744x18
            LayoutListMarker (anonymous) at (-17,0) size 7x17: bullet
            LayoutText {#text} at (0,0) size 21x17
              text run at (0,0) width 21: "bar"
caret: position 3 of child 0 {#text} of child 0 {LI} of child 0 {UL} of child 4 {DIV} of body
