EDITING DELEGATE: webViewDidChangeSelection:WebViewDidChangeSelectionNotification
EDITING DELEGATE: webViewDidChangeSelection:WebViewDidChangeSelectionNotification
EDITING DELEGATE: webViewDidChange:WebViewDidChangeNotification
layer at (0,0) size 800x600
  LayoutView at (0,0) size 800x600
layer at (0,0) size 800x600
  LayoutBlockFlow {HTML} at (0,0) size 800x600
    LayoutBlockFlow {BODY} at (8,8) size 784x576
      LayoutBlockFlow {P} at (0,0) size 784x36
        LayoutText {#text} at (0,0) size 749x35
          text run at (0,0) width 749: "This test makes sure that content inside a Mail blockquote in an incoming fragment isn't pulled out of the blockquote"
          text run at (0,18) width 83: "during paste."
      LayoutBlockFlow {P} at (0,52) size 784x18
        LayoutInline {B} at (0,0) size 573x17
          LayoutText {#text} at (0,0) size 573x17
            text run at (0,0) width 573: "You should see 'bar' inside a blockquote (it will have a blue border around it if it is)."
      LayoutBlockFlow {DIV} at (0,86) size 784x20
        LayoutBlockFlow {BLOCKQUOTE} at (40,0) size 704x20 [border: (1px solid #0000FF)]
          LayoutText {#text} at (1,1) size 21x17
            text run at (1,1) width 21: "bar"
caret: position 3 of child 0 {#text} of child 0 {BLOCKQUOTE} of child 4 {DIV} of body
