EDITING DELEGATE: webViewDidChangeSelection:WebViewDidChangeSelectionNotification
EDITING DELEGATE: webViewDidChangeSelection:WebViewDidChangeSelectionNotification
EDITING DELEGATE: webViewDidChangeSelection:WebViewDidChangeSelectionNotification
EDITING DELEGATE: webViewDidChangeSelection:WebViewDidChangeSelectionNotification
EDITING DELEGATE: webViewDidChangeSelection:WebViewDidChangeSelectionNotification
EDITING DELEGATE: webViewDidChangeSelection:WebViewDidChangeSelectionNotification
EDITING DELEGATE: webViewDidChangeSelection:WebViewDidChangeSelectionNotification
EDITING DELEGATE: webViewDidChangeSelection:WebViewDidChangeSelectionNotification
EDITING DELEGATE: webViewDidChangeSelection:WebViewDidChangeSelectionNotification
EDITING DELEGATE: webViewDidChangeSelection:WebViewDidChangeSelectionNotification
EDITING DELEGATE: webViewDidChangeSelection:WebViewDidChangeSelectionNotification
EDITING DELEGATE: webViewDidChange:WebViewDidChangeNotification
layer at (0,0) size 800x600
  LayoutView at (0,0) size 800x600
layer at (0,0) size 800x600
  LayoutBlockFlow {HTML} at (0,0) size 800x600
    LayoutBlockFlow {BODY} at (8,8) size 784x584
      LayoutBlockFlow {DIV} at (0,0) size 784x206 [border: (2px solid #0000FF)]
        LayoutBlockFlow {DIV} at (14,14) size 756x81
          LayoutText {#text} at (0,0) size 66x26
            text run at (0,0) width 66: "Tests: "
          LayoutBR {BR} at (0,0) size 0x0
          LayoutText {#text} at (0,27) size 162x26
            text run at (0,27) width 162: "Fix for this bug: "
          LayoutInline {A} at (0,0) size 256x26 [color=#0000EE]
            LayoutText {#text} at (161,27) size 256x26
              text run at (161,27) width 256: "<rdar://problem/4045511>"
          LayoutText {#text} at (416,27) size 699x53
            text run at (416,27) width 283: " Copying and pasting end-of-"
            text run at (0,54) width 528: "paragraph selection puts insertion point in wrong place"
        LayoutBlockFlow {DIV} at (14,111) size 756x81
          LayoutText {#text} at (0,0) size 190x26
            text run at (0,0) width 190: "Expected Results: "
          LayoutBR {BR} at (189,21) size 1x0
          LayoutText {#text} at (0,27) size 750x53
            text run at (0,27) width 750: "Should see two lines of text below, self-documenting themselves as \"line one\""
            text run at (0,54) width 656: "and \"line two\". The insertion point must be at the start of \"line two\"."
      LayoutBlockFlow {DIV} at (0,230) size 784x58
        LayoutBlockFlow {DIV} at (0,0) size 784x58 [border: (2px solid #FF0000)]
          LayoutBlockFlow {DIV} at (2,2) size 780x27
            LayoutText {#text} at (0,0) size 77x26
              text run at (0,0) width 77: "line one"
          LayoutBlockFlow {DIV} at (2,29) size 780x27
            LayoutText {#text} at (0,0) size 78x26
              text run at (0,0) width 78: "line two"
caret: position 0 of child 0 {#text} of child 2 {DIV} of child 1 {DIV} of child 3 {DIV} of body
