EDITING DELEGATE: webViewDidChangeSelection:WebViewDidChangeSelectionNotification
EDITING DELEGATE: webViewDidChangeSelection:WebViewDidChangeSelectionNotification
EDITING DELEGATE: webViewDidChangeSelection:WebViewDidChangeSelectionNotification
EDITING DELEGATE: webViewDidChangeSelection:WebViewDidChangeSelectionNotification
EDITING DELEGATE: webViewDidChangeSelection:WebViewDidChangeSelectionNotification
EDITING DELEGATE: webViewDidChangeSelection:WebViewDidChangeSelectionNotification
EDITING DELEGATE: webViewDidChange:WebViewDidChangeNotification
layer at (0,0) size 800x600
  LayoutView at (0,0) size 800x600
layer at (0,0) size 800x600
  LayoutBlockFlow {HTML} at (0,0) size 800x600
    LayoutBlockFlow {BODY} at (8,8) size 784x584
      LayoutBlockFlow {DIV} at (0,0) size 784x260 [border: (2px solid #0000FF)]
        LayoutBlockFlow {DIV} at (14,14) size 756x81
          LayoutText {#text} at (0,0) size 66x26
            text run at (0,0) width 66: "Tests: "
          LayoutBR {BR} at (0,0) size 0x0
          LayoutText {#text} at (0,27) size 113x26
            text run at (0,27) width 113: "Bug fix for "
          LayoutInline {A} at (0,0) size 257x26 [color=#0000EE]
            LayoutText {#text} at (112,27) size 257x26
              text run at (112,27) width 257: "<rdar://problem/4038267>"
          LayoutText {#text} at (369,27) size 743x53
            text run at (369,27) width 374: " REGRESSION (Mail): Crash copying"
            text run at (0,54) width 285: "and pasting end of paragraph."
        LayoutBlockFlow {DIV} at (14,111) size 756x135
          LayoutBlockFlow (anonymous) at (0,0) size 756x81
            LayoutText {#text} at (0,0) size 190x26
              text run at (0,0) width 190: "Expected Results: "
            LayoutBR {BR} at (189,21) size 1x0
            LayoutText {#text} at (0,27) size 726x53
              text run at (0,27) width 726: "Should see this content in the red box below (insertion point must be on the"
              text run at (0,54) width 305: "second line, right before \"bar\"):"
          LayoutBlockFlow {DIV} at (0,81) size 756x27
            LayoutText {#text} at (0,0) size 32x26
              text run at (0,0) width 32: "foo"
          LayoutBlockFlow {DIV} at (0,108) size 756x27
            LayoutText {#text} at (0,0) size 31x26
              text run at (0,0) width 31: "bar"
      LayoutBlockFlow {DIV} at (0,284) size 784x58
        LayoutBlockFlow {DIV} at (0,0) size 784x58 [border: (2px solid #FF0000)]
          LayoutBlockFlow {DIV} at (2,2) size 780x27
            LayoutText {#text} at (0,0) size 32x26
              text run at (0,0) width 32: "foo"
          LayoutBlockFlow {DIV} at (2,29) size 780x27
            LayoutText {#text} at (0,0) size 31x26
              text run at (0,0) width 31: "bar"
caret: position 0 of child 0 {#text} of child 2 {DIV} of child 1 {DIV} of child 3 {DIV} of body
