EDITING DELEGATE: webViewDidChangeSelection:WebViewDidChangeSelectionNotification
EDITING DELEGATE: webViewDidChangeSelection:WebViewDidChangeSelectionNotification
EDITING DELEGATE: webViewDidChangeSelection:WebViewDidChangeSelectionNotification
EDITING DELEGATE: webViewDidChangeSelection:WebViewDidChangeSelectionNotification
EDITING DELEGATE: webViewDidChange:WebViewDidChangeNotification
EDITING DELEGATE: webViewDidChangeSelection:WebViewDidChangeSelectionNotification
EDITING DELEGATE: webViewDidChange:WebViewDidChangeNotification
layer at (0,0) size 800x600
  LayoutView at (0,0) size 800x600
layer at (0,0) size 800x600
  LayoutBlockFlow {HTML} at (0,0) size 800x600
    LayoutBlockFlow {BODY} at (8,8) size 784x584
      LayoutBlockFlow {DIV} at (0,0) size 784x233 [border: (2px solid #0000FF)]
        LayoutBlockFlow {DIV} at (14,14) size 756x81
          LayoutText {#text} at (0,0) size 66x26
            text run at (0,0) width 66: "Tests: "
          LayoutBR {BR} at (0,0) size 0x0
          LayoutText {#text} at (0,27) size 750x53
            text run at (0,27) width 750: "Pasting and matching style when there is nothing typed, but the typing style is"
            text run at (0,54) width 432: "set to bold. This test was created after fixing "
          LayoutInline {A} at (0,0) size 85x26 [color=#0000EE]
            LayoutText {#text} at (431,54) size 85x26
              text run at (431,54) width 85: "3976872"
          LayoutText {#text} at (515,54) size 7x26
            text run at (515,54) width 7: "."
        LayoutBlockFlow {DIV} at (14,111) size 756x108
          LayoutText {#text} at (0,0) size 190x26
            text run at (0,0) width 190: "Expected Results: "
          LayoutBR {BR} at (189,21) size 1x0
          LayoutText {#text} at (0,27) size 752x53
            text run at (0,27) width 752: "The pasted word should match the current typing style. In this case, the typing"
            text run at (0,54) width 624: "style is set to bold. Should see this content in the red box below: "
          LayoutBR {BR} at (623,75) size 1x0
          LayoutInline {B} at (0,0) size 50x26
            LayoutText {#text} at (0,81) size 50x26
              text run at (0,81) width 50: "hello"
          LayoutText {#text} at (0,0) size 0x0
      LayoutBlockFlow {DIV} at (0,257) size 784x31
        LayoutBlockFlow {DIV} at (0,0) size 784x31 [border: (2px solid #FF0000)]
          LayoutInline {B} at (0,0) size 50x26
            LayoutText {#text} at (2,2) size 50x26
              text run at (2,2) width 50: "hello"
caret: position 5 of child 0 {#text} of child 0 {B} of child 1 {DIV} of child 3 {DIV} of body
