EDITING DELEGATE: webViewDidChangeSelection:WebViewDidChangeSelectionNotification
EDITING DELEGATE: webViewDidChangeSelection:WebViewDidChangeSelectionNotification
EDITING DELEGATE: webViewDidChangeSelection:WebViewDidChangeSelectionNotification
EDITING DELEGATE: webViewDidChangeSelection:WebViewDidChangeSelectionNotification
EDITING DELEGATE: webViewDidChange:WebViewDidChangeNotification
layer at (0,0) size 800x600
  LayoutView at (0,0) size 800x600
layer at (0,0) size 800x600
  LayoutBlockFlow {HTML} at (0,0) size 800x600
    LayoutBlockFlow {BODY} at (8,8) size 784x584
      LayoutBlockFlow {P} at (0,0) size 784x36
        LayoutText {#text} at (0,0) size 766x35
          text run at (0,0) width 766: "Tests that drag/drop after double-click does a smart drag. Specifically the end result should have a space: \"world hello\"."
          text run at (0,18) width 463: "To test manually double click on the \"hello\" and drag it to after \"world\"."
      LayoutBlockFlow {DIV} at (0,52) size 784x18
        LayoutText {#text} at (0,0) size 38x17
          text run at (0,0) width 38: "world"
        LayoutInline {SPAN} at (0,0) size 37x17
          LayoutText {#text} at (37,0) size 37x17
            text run at (37,0) width 37: " hello"
        LayoutText {#text} at (73,0) size 5x17
          text run at (73,0) width 5: " "
selection start: position 0 of child 0 {#text} of child 1 {SPAN} of child 3 {DIV} of body
selection end:   position 1 of child 2 {#text} of child 3 {DIV} of body
