EDITING DELEGATE: webViewDidChangeSelection:WebViewDidChangeSelectionNotification
EDITING DELEGATE: webViewDidChangeSelection:WebViewDidChangeSelectionNotification
EDITING DELEGATE: webViewDidChangeSelection:WebViewDidChangeSelectionNotification
EDITING DELEGATE: webViewDidChange:WebViewDidChangeNotification
layer at (0,0) size 800x600
  LayoutView at (0,0) size 800x600
layer at (0,0) size 800x600
  LayoutBlockFlow {HTML} at (0,0) size 800x600
    LayoutBlockFlow {BODY} at (8,8) size 784x584
      LayoutBlockFlow {P} at (0,0) size 784x36
        LayoutText {#text} at (0,0) size 779x35
          text run at (0,0) width 779: "This is a test to make sure that an unrendered br at the end of the selection being pasted into doesn't become rendered as a"
          text run at (0,18) width 118: "result of the paste."
      LayoutBlockFlow {DIV} at (0,52) size 784x36
        LayoutBlockFlow (anonymous) at (0,0) size 784x18
          LayoutText {#text} at (0,0) size 102x17
            text run at (0,0) width 102: "First paragraph."
        LayoutBlockFlow {DIV} at (0,18) size 784x18
          LayoutText {#text} at (0,0) size 120x17
            text run at (0,0) width 120: "Second paragraph."
caret: position 17 of child 0 {#text} of child 1 {DIV} of child 2 {DIV} of body
