layer at (0,0) size 800x600
  LayoutView at (0,0) size 800x600
layer at (0,0) size 800x600
  LayoutBlockFlow {HTML} at (0,0) size 800x600
    LayoutBlockFlow {BODY} at (8,8) size 784x584
      LayoutText {#text} at (0,0) size 494x19
        text run at (0,0) width 494: "This tests that we don't honor line-height for controls that have restricted font size. "
      LayoutBR {BR} at (0,0) size 0x0
      LayoutMenuList {SELECT} at (0,20) size 319x20 [bgcolor=#C0C0C0] [border: (1px solid #A9A9A9)]
        LayoutBlockFlow (anonymous) at (1,1) size 317x18
          LayoutText (anonymous) at (4,1) size 294x16
            text run at (4,1) width 294: "This text should be centered vertically in the button"
      LayoutText {#text} at (319,20) size 4x19
        text run at (319,20) width 4: " "
      LayoutBR {BR} at (0,0) size 0x0
      LayoutButton {INPUT} at (0,40) size 310x22 [bgcolor=#C0C0C0] [border: (2px outset #C0C0C0)]
        LayoutBlockFlow (anonymous) at (8,3) size 294x16
          LayoutText {#text} at (0,0) size 294x16
            text run at (0,0) width 294: "This text should be centered vertically in the button"
      LayoutText {#text} at (310,41) size 4x19
        text run at (310,41) width 4: " "
      LayoutBR {BR} at (0,0) size 0x0
      LayoutTextControl {INPUT} at (0,62) size 156x22 [bgcolor=#FFFFFF] [border: (2px inset #EEEEEE)]
        LayoutFlexibleBox {DIV} at (3,3) size 150x16
          LayoutBlockFlow {DIV} at (0,2.50) size 1x11
          LayoutBlockFlow {DIV} at (1,0) size 136x16
      LayoutText {#text} at (0,0) size 0x0
layer at (12,73) size 136x16 scrollWidth 294
  LayoutBlockFlow {DIV} at (0,0) size 136x16
    LayoutText {#text} at (0,0) size 294x16
      text run at (0,0) width 294: "This text should be centered vertically in the button"
layer at (149,77) size 9x9 transparent
  LayoutBlockFlow {DIV} at (138,3.50) size 9x9
