layer at (0,0) size 800x600
  LayoutView at (0,0) size 800x600
layer at (0,0) size 800x163
  LayoutBlockFlow {HTML} at (0,0) size 800x163
    LayoutBlockFlow {BODY} at (8,8) size 784x147
      LayoutBlockFlow {INPUT} at (4,4) size 13x13
      LayoutText {#text} at (21,3) size 4x17
        text run at (21,3) width 4: " "
      LayoutBlockFlow {INPUT} at (29,4) size 13x13
      LayoutText {#text} at (46,3) size 4x17
        text run at (46,3) width 4: " "
      LayoutBlockFlow {INPUT} at (54,4) size 13x13
      LayoutText {#text} at (71,3) size 4x17
        text run at (71,3) width 4: " "
      LayoutBR {BR} at (75,3) size 0x17
      LayoutBlockFlow {INPUT} at (4,25) size 13x13
      LayoutText {#text} at (21,24) size 4x17
        text run at (21,24) width 4: " "
      LayoutBlockFlow {INPUT} at (29,25) size 13x13
      LayoutText {#text} at (46,24) size 4x17
        text run at (46,24) width 4: " "
      LayoutBR {BR} at (50,24) size 0x17
      LayoutBlockFlow {INPUT} at (4,46) size 13x13
      LayoutText {#text} at (21,45) size 4x17
        text run at (21,45) width 4: " "
      LayoutBR {BR} at (25,45) size 0x17
      LayoutBlockFlow {INPUT} at (4,67) size 13x13
      LayoutText {#text} at (21,66) size 4x17
        text run at (21,66) width 4: " "
      LayoutBR {BR} at (25,66) size 0x17
      LayoutBlockFlow {INPUT} at (4,88) size 8x13
      LayoutText {#text} at (16,87) size 4x17
        text run at (16,87) width 4: " "
      LayoutBlockFlow {INPUT} at (24,88) size 16x13
      LayoutText {#text} at (44,87) size 4x17
        text run at (44,87) width 4: " "
      LayoutBlockFlow {INPUT} at (52,88) size 24x13
      LayoutText {#text} at (80,87) size 4x17
        text run at (80,87) width 4: " "
      LayoutBR {BR} at (84,87) size 0x17
      LayoutBlockFlow {INPUT} at (6,120) size 19x19
      LayoutText {#text} at (31,125) size 4x17
        text run at (31,125) width 4: " "
      LayoutBlockFlow {INPUT} at (43,113) size 26x26
      LayoutText {#text} at (77,125) size 4x17
        text run at (77,125) width 4: " "
      LayoutBR {BR} at (81,125) size 0x17
