layer at (0,0) size 800x600
  LayoutView at (0,0) size 800x600
layer at (0,0) size 800x239
  LayoutBlockFlow {HTML} at (0,0) size 800x239
    LayoutBlockFlow {BODY} at (8,8) size 784x223
      LayoutButton {INPUT} at (4,4) size 33x22 [bgcolor=#C0C0C0] [border: (2px outset #C0C0C0)]
        LayoutBlockFlow (anonymous) at (8,3) size 17x16
          LayoutText {#text} at (0,0) size 17x16
            text run at (0,0) width 17: "foo"
      LayoutText {#text} at (41,6) size 4x17
        text run at (41,6) width 4: " "
      LayoutBR {BR} at (45,6) size 0x17
      LayoutButton {INPUT} at (4,34) size 35x24 [bgcolor=#C0C0C0] [border: (3px solid #00FF00)]
        LayoutBlockFlow (anonymous) at (9,4) size 17x16
          LayoutText {#text} at (0,0) size 17x16
            text run at (0,0) width 17: "foo"
      LayoutText {#text} at (43,37) size 4x17
        text run at (43,37) width 4: " "
      LayoutButton {INPUT} at (51,35) size 33x22 [bgcolor=#C0C0C0] [border: (2px outset #C0C0C0)]
        LayoutBlockFlow (anonymous) at (8,3) size 17x16
          LayoutText {#text} at (0,0) size 17x16
            text run at (0,0) width 17: "foo"
      LayoutText {#text} at (88,37) size 4x17
        text run at (88,37) width 4: " "
      LayoutBR {BR} at (92,37) size 0x17
      LayoutButton {INPUT} at (4,66) size 33x22 [border: (2px outset #C0C0C0)]
        LayoutBlockFlow (anonymous) at (8,3) size 17x16
          LayoutText {#text} at (0,0) size 17x16
            text run at (0,0) width 17: "foo"
      LayoutText {#text} at (41,68) size 4x17
        text run at (41,68) width 4: " "
      LayoutBR {BR} at (45,68) size 0x17
      LayoutButton {INPUT} at (4,96) size 33x22 [bgcolor=#C0C0C0] [border: (2px outset #C0C0C0)]
        LayoutBlockFlow (anonymous) at (8,3) size 17x16
          LayoutText {#text} at (0,0) size 17x16
            text run at (0,0) width 17: "foo"
      LayoutText {#text} at (41,98) size 4x17
        text run at (41,98) width 4: " "
      LayoutBR {BR} at (45,98) size 0x17
      LayoutButton {INPUT} at (4,134) size 38.25x24 [bgcolor=#C0C0C0] [border: (2px outset #C0C0C0)]
        LayoutBlockFlow (anonymous) at (8,3) size 22.25x18
          LayoutText {#text} at (0,0) size 23x17
            text run at (0,0) width 23: "foo"
      LayoutText {#text} at (46,137) size 5x17
        text run at (46,137) width 5: " "
      LayoutButton {INPUT} at (54.25,130) size 43.81x29 [bgcolor=#C0C0C0] [border: (2px outset #C0C0C0)]
        LayoutBlockFlow (anonymous) at (8,3) size 27.81x23
          LayoutText {#text} at (0,0) size 28x22
            text run at (0,0) width 28: "foo"
      LayoutText {#text} at (102,137) size 5x17
        text run at (102,137) width 5: " "
      LayoutButton {INPUT} at (110.06,126) size 49.38x34 [bgcolor=#C0C0C0] [border: (2px outset #C0C0C0)]
        LayoutBlockFlow (anonymous) at (8,3) size 33.38x28
          LayoutText {#text} at (0,0) size 34x27
            text run at (0,0) width 34: "foo"
      LayoutText {#text} at (163,137) size 5x17
        text run at (163,137) width 5: " "
      LayoutBR {BR} at (167,137) size 1x17
      LayoutButton {INPUT} at (6,180) size 51.81x32 [bgcolor=#C0C0C0] [border: (3px outset #C0C0C0)]
        LayoutBlockFlow (anonymous) at (12,4.50) size 27.81x23
          LayoutText {#text} at (0,0) size 28x22
            text run at (0,0) width 28: "foo"
      LayoutText {#text} at (63,188) size 5x17
        text run at (63,188) width 5: " "
      LayoutButton {INPUT} at (75.81,172) size 69.06x43 [bgcolor=#C0C0C0] [border: (4px outset #C0C0C0)]
        LayoutBlockFlow (anonymous) at (16,6) size 37.06x31
          LayoutText {#text} at (0,0) size 38x30
            text run at (0,0) width 38: "foo"
      LayoutText {#text} at (152,188) size 5x17
        text run at (152,188) width 5: " "
      LayoutBR {BR} at (156,188) size 1x17
