layer at (0,0) size 800x600
  LayoutView at (0,0) size 800x600
layer at (0,0) size 800x600
  LayoutBlockFlow {HTML} at (0,0) size 800x600
    LayoutBlockFlow {BODY} at (8,8) size 784x584
      LayoutBlockFlow {P} at (0,0) size 784x18
        LayoutText {#text} at (0,0) size 773x17
          text run at (0,0) width 773: "This tests for a bug where deleting from the start of a paragraph after a table would leave the caret in the wrong position."
      LayoutBlockFlow {DIV} at (0,34) size 784x46
        LayoutTable {TABLE} at (0,0) size 354x28 [border: (1px outset #808080)]
          LayoutTableSection {TBODY} at (1,1) size 352x26
            LayoutTableRow {TR} at (0,2) size 352x22
              LayoutTableCell {TD} at (2,2) size 342x22 [border: (1px inset #808080)] [r=0 c=0 rs=1 cs=1]
                LayoutText {#text} at (2,2) size 338x17
                  text run at (2,2) width 338: "The caret should be between these two parenthesis: ("
              LayoutTableCell {TD} at (346,11) size 4x4 [border: (1px inset #808080)] [r=0 c=1 rs=1 cs=1]
        LayoutBlockFlow {DIV} at (0,28) size 784x18
          LayoutText {#text} at (0,0) size 10x17
            text run at (0,0) width 10: ")."
caret: position 0 of child 0 {#text} of child 1 {DIV} of child 2 {DIV} of body
