layer at (0,0) size 800x600
  LayoutView at (0,0) size 800x600
layer at (0,0) size 800x600
  LayoutBlockFlow {HTML} at (0,0) size 800x600
    LayoutBlockFlow {BODY} at (8,8) size 784x584
      LayoutBlockFlow {P} at (0,0) size 784x36
        LayoutText {#text} at (0,0) size 718x35
          text run at (0,0) width 711: "This tests to see that deleting a selection that starts just before a table and ends inside the table does not insert a"
          text run at (0,18) width 190: "placeholder br unnecessarily. "
          text run at (189,18) width 255: "You should see two ToDos, one empty. "
          text run at (443,18) width 275: "The caret should be just before the second."
      LayoutBlockFlow {DIV} at (0,52) size 784x52
        LayoutTable {TABLE} at (0,0) size 127x26
          LayoutTableSection {TBODY} at (0,0) size 127x26
            LayoutTableRow {TR} at (0,2) size 127x22
              LayoutTableCell {TD} at (2,2) size 16x22 [r=0 c=0 rs=1 cs=1]
                LayoutText {#text} at (1,1) size 14x17
                  text run at (1,1) width 14: "\x{21D2}"
              LayoutTableCell {TD} at (20,3) size 93x20 [r=0 c=1 rs=1 cs=1]
                LayoutText {#text} at (1,1) size 91x17
                  text run at (1,1) width 91: "ToDo Content"
              LayoutTableCell {TD} at (115,2) size 10x22 [r=0 c=2 rs=1 cs=1]
                LayoutText {#text} at (1,1) size 8x17
                  text run at (1,1) width 8: "\x{21E3}"
        LayoutTable {TABLE} at (0,26) size 36x26
          LayoutTableSection {TBODY} at (0,0) size 36x26
            LayoutTableRow {TR} at (0,2) size 36x22
              LayoutTableCell {TD} at (2,2) size 16x22 [r=0 c=0 rs=1 cs=1]
                LayoutText {#text} at (1,1) size 14x17
                  text run at (1,1) width 14: "\x{21D2}"
              LayoutTableCell {TD} at (20,3) size 2x20 [r=0 c=1 rs=1 cs=1]
              LayoutTableCell {TD} at (24,2) size 10x22 [r=0 c=2 rs=1 cs=1]
                LayoutText {#text} at (1,1) size 8x17
                  text run at (1,1) width 8: "\x{21E3}"
caret: position 0 of child 3 {TABLE} of child 2 {DIV} of body
