EDITING DELEGATE: webViewDidChangeSelection:WebViewDidChangeSelectionNotification
layer at (0,0) size 800x600
  LayoutView at (0,0) size 800x600
layer at (0,0) size 800x600
  LayoutBlockFlow {HTML} at (0,0) size 800x600
    LayoutBlockFlow {BODY} at (8,8) size 784x584
      LayoutBlockFlow {DIV} at (0,0) size 784x136 [border: (2px solid #FF0000)]
        LayoutBlockFlow {DIV} at (14,14) size 756x108
          LayoutBlockFlow (anonymous) at (0,0) size 756x27
            LayoutText {#text} at (0,0) size 40x26
              text run at (0,0) width 40: "One"
          LayoutBlockFlow {DIV} at (0,27) size 756x54
            LayoutText {#text} at (0,0) size 43x26
              text run at (0,0) width 43: "Two"
            LayoutBR {BR} at (42,21) size 1x0
            LayoutBR {BR} at (0,27) size 0x26
          LayoutBlockFlow (anonymous) at (0,81) size 756x27
            LayoutText {#text} at (0,0) size 56x26
              text run at (0,0) width 56: "Three"
caret: position 1 of child 0 {#text} of child 1 {DIV} of child 1 {DIV} of body
