EDITING DELEGATE: webViewDidChangeSelection:WebViewDidChangeSelectionNotification
EDITING DELEGATE: webViewDidChangeSelection:WebViewDidChangeSelectionNotification
EDITING DELEGATE: webViewDidChangeSelection:WebViewDidChangeSelectionNotification
EDITING DELEGATE: webViewDidChangeSelection:WebViewDidChangeSelectionNotification
EDITING DELEGATE: webViewDidChangeSelection:WebViewDidChangeSelectionNotification
EDITING DELEGATE: webViewDidChangeSelection:WebViewDidChangeSelectionNotification
EDITING DELEGATE: webViewDidChangeSelection:WebViewDidChangeSelectionNotification
EDITING DELEGATE: webViewDidChange:WebViewDidChangeNotification
layer at (0,0) size 800x600 scrollWidth 820
  LayoutView at (0,0) size 800x600
layer at (0,0) size 800x600
  LayoutBlockFlow {HTML} at (0,0) size 800x600
    LayoutBlockFlow {BODY} at (8,64) size 784x472
      LayoutBlockFlow {DIV} at (64,0) size 748x196 [border: (50px solid #FF0000)]
        LayoutInline {SPAN} at (0,0) size 32x26
          LayoutText {#text} at (74,85) size 32x26
            text run at (74,85) width 32: "foo"
        LayoutText {#text} at (105,85) size 35x26
          text run at (105,85) width 35: "baz"
caret: position 3 of child 0 {#text} of child 1 {SPAN} of child 1 {DIV} of body
