EDITING DELEGATE: webViewDidChangeSelection:WebViewDidChangeSelectionNotification
EDITING DELEGATE: webViewDidChangeSelection:WebViewDidChangeSelectionNotification
EDITING DELEGATE: webViewDidChangeSelection:WebViewDidChangeSelectionNotification
EDITING DELEGATE: webViewDidChangeSelection:WebViewDidChangeSelectionNotification
EDITING DELEGATE: webViewDidChangeSelection:WebViewDidChangeSelectionNotification
EDITING DELEGATE: webViewDidChangeSelection:WebViewDidChangeSelectionNotification
EDITING DELEGATE: webViewDidChangeSelection:WebViewDidChangeSelectionNotification
EDITING DELEGATE: webViewDidChangeSelection:WebViewDidChangeSelectionNotification
EDITING DELEGATE: webViewDidChangeSelection:WebViewDidChangeSelectionNotification
EDITING DELEGATE: webViewDidChange:WebViewDidChangeNotification
layer at (0,0) size 800x600
  LayoutView at (0,0) size 800x600
layer at (0,0) size 800x600
  LayoutBlockFlow {HTML} at (0,0) size 800x600
    LayoutBlockFlow {BODY} at (8,8) size 784x584
      LayoutBlockFlow {DIV} at (0,0) size 784x314 [border: (2px solid #0000FF)]
        LayoutBlockFlow {DIV} at (14,14) size 756x108
          LayoutText {#text} at (0,0) size 66x26
            text run at (0,0) width 66: "Tests: "
          LayoutBR {BR} at (0,0) size 0x0
          LayoutText {#text} at (0,27) size 734x53
            text run at (0,27) width 734: "Deleting when a selection starts at the beginning of a text following a nested"
            text run at (0,54) width 684: "block, and extends out of the enclosing block into the following block. "
          LayoutBR {BR} at (683,75) size 1x0
          LayoutText {#text} at (0,81) size 549x26
            text run at (0,81) width 266: "FIXME: Currently broken! "
            text run at (265,81) width 284: "See rdar://problem/4099839/."
        LayoutBlockFlow {DIV} at (14,138) size 756x162
          LayoutText {#text} at (0,0) size 190x26
            text run at (0,0) width 190: "Expected Results: "
          LayoutBR {BR} at (189,21) size 1x0
          LayoutText {#text} at (0,27) size 744x134
            text run at (0,27) width 719: "Should see a total of five lines in the red box, with the third line inside of a"
            text run at (0,54) width 670: "nested red box. First line should be \"one\". Next line should be \"two\". "
            text run at (669,54) width 48: "Next"
            text run at (0,81) width 730: "line should be \"cha cha cha\", inside of a nested red box. Next line should be"
            text run at (0,108) width 52: "\"ur\". "
            text run at (51,108) width 368: "The last line should be \"cha cha cha\". "
            text run at (418,108) width 326: "Insertion point should be blinking"
            text run at (0,135) width 336: "at the start of the fourth line (\"ur\")."
      LayoutBlockFlow {DIV} at (0,338) size 784x143
        LayoutBlockFlow {DIV} at (0,0) size 784x143 [border: (2px solid #FF0000)]
          LayoutBlockFlow (anonymous) at (2,2) size 780x27
            LayoutText {#text} at (0,0) size 35x26
              text run at (0,0) width 35: "one"
          LayoutBlockFlow {DIV} at (2,29) size 780x27
            LayoutText {#text} at (0,0) size 36x26
              text run at (0,0) width 36: "two"
          LayoutBlockFlow {DIV} at (2,56) size 780x31 [border: (2px solid #FF0000)]
            LayoutBlockFlow {DIV} at (2,2) size 776x27
              LayoutText {#text} at (0,0) size 112x26
                text run at (0,0) width 112: "cha cha cha"
          LayoutBlockFlow {DIV} at (2,87) size 780x27
            LayoutText {#text} at (0,0) size 20x26
              text run at (0,0) width 20: "ur"
          LayoutBlockFlow {DIV} at (2,114) size 780x27
            LayoutText {#text} at (0,0) size 112x26
              text run at (0,0) width 112: "cha cha cha"
caret: position 0 of child 0 {#text} of child 4 {DIV} of child 1 {DIV} of child 3 {DIV} of body
