EDITING DELEGATE: webViewDidChangeSelection:WebViewDidChangeSelectionNotification
EDITING DELEGATE: webViewDidChangeSelection:WebViewDidChangeSelectionNotification
EDITING DELEGATE: webViewDidChangeSelection:WebViewDidChangeSelectionNotification
EDITING DELEGATE: webViewDidChangeSelection:WebViewDidChangeSelectionNotification
EDITING DELEGATE: webViewDidChangeSelection:WebViewDidChangeSelectionNotification
EDITING DELEGATE: webViewDidChangeSelection:WebViewDidChangeSelectionNotification
EDITING DELEGATE: webViewDidChangeSelection:WebViewDidChangeSelectionNotification
EDITING DELEGATE: webViewDidChangeSelection:WebViewDidChangeSelectionNotification
EDITING DELEGATE: webViewDidChangeSelection:WebViewDidChangeSelectionNotification
EDITING DELEGATE: webViewDidChangeSelection:WebViewDidChangeSelectionNotification
EDITING DELEGATE: webViewDidChange:WebViewDidChangeNotification
EDITING DELEGATE: webViewDidChangeSelection:WebViewDidChangeSelectionNotification
EDITING DELEGATE: webViewDidChangeSelection:WebViewDidChangeSelectionNotification
EDITING DELEGATE: webViewDidChange:WebViewDidChangeNotification
EDITING DELEGATE: webViewDidChangeSelection:WebViewDidChangeSelectionNotification
EDITING DELEGATE: webViewDidChangeSelection:WebViewDidChangeSelectionNotification
EDITING DELEGATE: webViewDidChange:WebViewDidChangeNotification
EDITING DELEGATE: webViewDidChangeSelection:WebViewDidChangeSelectionNotification
EDITING DELEGATE: webViewDidChangeSelection:WebViewDidChangeSelectionNotification
EDITING DELEGATE: webViewDidChange:WebViewDidChangeNotification
EDITING DELEGATE: webViewDidChangeSelection:WebViewDidChangeSelectionNotification
EDITING DELEGATE: webViewDidChangeSelection:WebViewDidChangeSelectionNotification
EDITING DELEGATE: webViewDidChange:WebViewDidChangeNotification
layer at (0,0) size 800x600
  LayoutView at (0,0) size 800x600
layer at (0,0) size 800x600
  LayoutBlockFlow {HTML} at (0,0) size 800x600
    LayoutBlockFlow {BODY} at (8,8) size 784x584
      LayoutBlockFlow {DIV} at (0,0) size 784x211 [border: (2px solid #FF0000)]
        LayoutBlockFlow {UL} at (14,38) size 756x135
          LayoutListItem {LI} at (40,0) size 716x27
            LayoutListMarker (anonymous) at (-22,0) size 9x26: bullet
            LayoutText {#text} at (0,0) size 35x26
              text run at (0,0) width 35: "one"
          LayoutListItem {LI} at (40,27) size 716x27
            LayoutListMarker (anonymous) at (-22,0) size 9x26: bullet
            LayoutText {#text} at (0,0) size 36x26
              text run at (0,0) width 36: "two"
          LayoutListItem {LI} at (40,54) size 716x27
            LayoutListMarker (anonymous) at (-22,0) size 9x26: bullet
            LayoutBR {BR} at (0,0) size 0x26
          LayoutListItem {LI} at (40,81) size 716x27
            LayoutListMarker (anonymous) at (-22,0) size 9x26: bullet
            LayoutText {#text} at (0,0) size 40x26
              text run at (0,0) width 40: "four"
          LayoutListItem {LI} at (40,108) size 716x27
            LayoutListMarker (anonymous) at (-22,0) size 9x26: bullet
            LayoutText {#text} at (0,0) size 38x26
              text run at (0,0) width 38: "five"
caret: position 0 of child 0 {BR} of child 5 {LI} of child 1 {UL} of child 1 {DIV} of body
