EDITING DELEGATE: webViewDidChangeSelection:WebViewDidChangeSelectionNotification
EDITING DELEGATE: webViewDidChangeSelection:WebViewDidChangeSelectionNotification
EDITING DELEGATE: webViewDidChange:WebViewDidChangeNotification
EDITING DELEGATE: webViewDidChangeSelection:WebViewDidChangeSelectionNotification
EDITING DELEGATE: webViewDidChange:WebViewDidChangeNotification
layer at (0,0) size 800x600
  LayoutView at (0,0) size 800x600
layer at (0,0) size 800x600
  LayoutBlockFlow {HTML} at (0,0) size 800x600
    LayoutBlockFlow {BODY} at (8,8) size 784x576
      LayoutBlockFlow {P} at (0,0) size 784x36
        LayoutText {#text} at (0,0) size 754x35
          text run at (0,0) width 754: "This tests deletion when the caret is in an empty list item at the beginning of the document. It also makes sure that the"
          text run at (0,18) width 275: "style inside the empty list item is retained. "
          text run at (274,18) width 105: "You should see '"
        LayoutInline {B} at (0,0) size 22x17
          LayoutText {#text} at (378,18) size 22x17
            text run at (378,18) width 22: "foo"
        LayoutText {#text} at (399,18) size 258x17
          text run at (399,18) width 258: "' followed by a list item containing 'bar'."
      LayoutBlockFlow {DIV} at (0,52) size 784x52
        LayoutBlockFlow {DIV} at (0,0) size 784x18
          LayoutInline {B} at (0,0) size 22x17
            LayoutText {#text} at (0,0) size 22x17
              text run at (0,0) width 22: "foo"
        LayoutBlockFlow {UL} at (0,34) size 784x18
          LayoutListItem {LI} at (40,0) size 744x18
            LayoutListMarker (anonymous) at (-17,0) size 7x17: bullet
            LayoutText {#text} at (0,0) size 21x17
              text run at (0,0) width 21: "bar"
caret: position 3 of child 0 {#text} of child 0 {B} of child 0 {DIV} of child 2 {DIV} of body
