EDITING DELEGATE: webViewDidChangeSelection:WebViewDidChangeSelectionNotification
EDITING DELEGATE: webViewDidChangeSelection:WebViewDidChangeSelectionNotification
EDITING DELEGATE: webViewDidChangeSelection:WebViewDidChangeSelectionNotification
EDITING DELEGATE: webViewDidChangeSelection:WebViewDidChangeSelectionNotification
EDITING DELEGATE: webViewDidChangeSelection:WebViewDidChangeSelectionNotification
EDITING DELEGATE: webViewDidChangeSelection:WebViewDidChangeSelectionNotification
EDITING DELEGATE: webViewDidChange:WebViewDidChangeNotification
layer at (0,0) size 800x600
  LayoutView at (0,0) size 800x600
layer at (0,0) size 800x600
  LayoutBlockFlow {HTML} at (0,0) size 800x600
    LayoutBlockFlow {BODY} at (8,8) size 784x584
      LayoutBlockFlow {DIV} at (0,0) size 784x109 [border: (2px solid #FF0000)]
        LayoutBlockFlow {DIV} at (14,14) size 756x81
          LayoutBlockFlow (anonymous) at (0,0) size 756x27
            LayoutText {#text} at (0,0) size 83x26
              text run at (0,0) width 83: "OneTwo"
          LayoutBlockFlow {DIV} at (0,27) size 756x27
            LayoutBlockFlow {DIV} at (0,0) size 756x27
              LayoutText {#text} at (0,0) size 56x26
                text run at (0,0) width 56: "Three"
          LayoutBlockFlow (anonymous) at (0,54) size 756x27
            LayoutText {#text} at (0,0) size 46x26
              text run at (0,0) width 46: "Four"
caret: position 4 of child 0 {#text} of child 1 {DIV} of child 1 {DIV} of body
