EDITING DELEGATE: webViewDidChangeSelection:WebViewDidChangeSelectionNotification
EDITING DELEGATE: webViewDidChangeSelection:WebViewDidChangeSelectionNotification
EDITING DELEGATE: webViewDidChangeSelection:WebViewDidChangeSelectionNotification
EDITING DELEGATE: webViewDidChangeSelection:WebViewDidChangeSelectionNotification
EDITING DELEGATE: webViewDidChangeSelection:WebViewDidChangeSelectionNotification
EDITING DELEGATE: webViewDidChangeSelection:WebViewDidChangeSelectionNotification
EDITING DELEGATE: webViewDidChangeSelection:WebViewDidChangeSelectionNotification
EDITING DELEGATE: webViewDidChange:WebViewDidChangeNotification
layer at (0,0) size 800x600
  LayoutView at (0,0) size 800x600
layer at (0,0) size 800x600
  LayoutBlockFlow {HTML} at (0,0) size 800x600
    LayoutBlockFlow {BODY} at (8,8) size 784x584
      LayoutBlockFlow {DIV} at (0,0) size 784x82 [border: (2px solid #0000FF)]
        LayoutText {#text} at (14,14) size 726x53
          text run at (14,14) width 720: "Should see \"Test OK\" in top red box, followed by \"...more text\", in its own"
          text run at (733,14) width 7: " "
          text run at (14,41) width 79: "red box."
      LayoutBlockFlow {DIV} at (0,106) size 784x110
        LayoutBlockFlow {DIV} at (0,0) size 784x110 [border: (2px solid #FF0000)]
          LayoutBlockFlow (anonymous) at (14,14) size 756x27
            LayoutText {#text} at (0,0) size 81x26
              text run at (0,0) width 81: "Test OK"
          LayoutBlockFlow {DIV} at (14,41) size 756x55 [border: (2px solid #FF0000)]
            LayoutText {#text} at (14,14) size 110x26
              text run at (14,14) width 110: "...more text"
caret: position 2 of child 0 {#text} of child 1 {DIV} of child 3 {DIV} of body
