EDITING DELEGATE: webViewDidChangeSelection:WebViewDidChangeSelectionNotification
EDITING DELEGATE: webViewDidChangeSelection:WebViewDidChangeSelectionNotification
EDITING DELEGATE: webViewDidChangeSelection:WebViewDidChangeSelectionNotification
EDITING DELEGATE: webViewDidChangeSelection:WebViewDidChangeSelectionNotification
EDITING DELEGATE: webViewDidChange:WebViewDidChangeNotification
layer at (0,0) size 800x600
  LayoutView at (0,0) size 800x600
layer at (0,0) size 800x600
  LayoutBlockFlow {HTML} at (0,0) size 800x600
    LayoutBlockFlow {BODY} at (8,8) size 784x584
      LayoutBlockFlow {DIV} at (0,0) size 784x55 [border: (2px solid #0000FF)]
        LayoutText {#text} at (14,14) size 513x26
          text run at (14,14) width 513: "Should see \"XX\" in a yellow box nested in a red box."
      LayoutBlockFlow {DIV} at (0,79) size 784x61
        LayoutBlockFlow {DIV} at (0,0) size 784x61 [border: (2px solid #FF0000)]
          LayoutBlockFlow {DIV} at (14,14) size 756x33 [border: (3px solid #FFFF00)]
            LayoutBlockFlow {DIV} at (3,3) size 750x27
              LayoutText {#text} at (0,0) size 35x26
                text run at (0,0) width 35: "XX"
caret: position 0 of child 0 {#text} of child 0 {DIV} of child 0 {DIV} of child 1 {DIV} of child 3 {DIV} of body
