EDITING DELEGATE: webViewDidChangeSelection:WebViewDidChangeSelectionNotification
EDITING DELEGATE: webViewDidChangeSelection:WebViewDidChangeSelectionNotification
EDITING DELEGATE: webViewDidChangeSelection:WebViewDidChangeSelectionNotification
EDITING DELEGATE: webViewDidChangeSelection:WebViewDidChangeSelectionNotification
EDITING DELEGATE: webViewDidChange:WebViewDidChangeNotification
layer at (0,0) size 800x600
  LayoutView at (0,0) size 800x600
layer at (0,0) size 800x600
  LayoutBlockFlow {HTML} at (0,0) size 800x600
    LayoutBlockFlow {BODY} at (8,8) size 784x584
      LayoutBlockFlow {DIV} at (0,0) size 784x233 [border: (2px solid #0000FF)]
        LayoutBlockFlow {DIV} at (14,14) size 756x81
          LayoutText {#text} at (0,0) size 66x26
            text run at (0,0) width 66: "Tests: "
          LayoutBR {BR} at (0,0) size 0x0
          LayoutText {#text} at (0,27) size 622x26
            text run at (0,27) width 622: "Delete at the end of document when there is a BR following a P. "
          LayoutBR {BR} at (621,48) size 1x0
          LayoutText {#text} at (0,54) size 437x26
            text run at (0,54) width 437: "This is a test case for rdar://problem/4110366"
        LayoutBlockFlow {DIV} at (14,111) size 756x108
          LayoutText {#text} at (0,0) size 190x26
            text run at (0,0) width 190: "Expected Results: "
          LayoutBR {BR} at (189,21) size 1x0
          LayoutText {#text} at (0,27) size 715x53
            text run at (0,27) width 239: "Red box with four lines. "
            text run at (238,27) width 477: "The second line is a nested red box with the word"
            text run at (0,54) width 80: "\"hello\". "
            text run at (79,54) width 311: "The other three lines are empty. "
          LayoutBR {BR} at (389,75) size 1x0
          LayoutText {#text} at (0,81) size 461x26
            text run at (0,81) width 461: "Selection is a caret at the start of the fourth line."
      LayoutBlockFlow {DIV} at (0,257) size 784x138 [border: (2px solid #FF0000)]
        LayoutBlockFlow {P} at (2,26) size 780x31 [border: (2px solid #FF0000)]
          LayoutText {#text} at (2,2) size 48x26
            text run at (2,2) width 48: "hello"
        LayoutBlockFlow {P} at (2,81) size 780x31 [border: (2px solid #FF0000)]
          LayoutBR {BR} at (2,2) size 0x26
caret: position 0 of child 0 {BR} of child 1 {P} of child 3 {DIV} of body
