EDITING DELEGATE: webViewDidChangeSelection:WebViewDidChangeSelectionNotification
EDITING DELEGATE: webViewDidChangeSelection:WebViewDidChangeSelectionNotification
EDITING DELEGATE: webViewDidChangeSelection:WebViewDidChangeSelectionNotification
EDITING DELEGATE: webViewDidChangeSelection:WebViewDidChangeSelectionNotification
EDITING DELEGATE: webViewDidChangeSelection:WebViewDidChangeSelectionNotification
EDITING DELEGATE: webViewDidChange:WebViewDidChangeNotification
layer at (0,0) size 800x600
  LayoutView at (0,0) size 800x600
layer at (0,0) size 800x600
  LayoutBlockFlow {HTML} at (0,0) size 800x600
    LayoutBlockFlow {BODY} at (8,8) size 784x584
      LayoutBlockFlow {DIV} at (0,0) size 784x233 [border: (2px solid #0000FF)]
        LayoutBlockFlow {DIV} at (14,14) size 756x81
          LayoutText {#text} at (0,0) size 66x26
            text run at (0,0) width 66: "Tests: "
          LayoutBR {BR} at (0,0) size 0x0
          LayoutText {#text} at (0,27) size 731x53
            text run at (0,27) width 731: "Deleting when a selection starts in a blank line created by a BR element and"
            text run at (0,54) width 282: "extends to the end of a block."
        LayoutBlockFlow {DIV} at (14,111) size 756x108
          LayoutText {#text} at (0,0) size 190x26
            text run at (0,0) width 190: "Expected Results: "
          LayoutBR {BR} at (189,21) size 1x0
          LayoutText {#text} at (0,27) size 726x80
            text run at (0,27) width 725: "Should see the three lines in the red box. First line should be \"A\". Next two"
            text run at (0,54) width 726: "lines should be empty. Insertion point should be blinking on the second line"
            text run at (0,81) width 196: "(the first blank one)."
      LayoutBlockFlow {DIV} at (0,257) size 784x85
        LayoutBlockFlow {DIV} at (0,0) size 784x85 [border: (2px solid #FF0000)]
          LayoutBlockFlow {P} at (2,2) size 780x27
            LayoutText {#text} at (0,0) size 18x26
              text run at (0,0) width 18: "A"
          LayoutBlockFlow (anonymous) at (2,29) size 780x27
            LayoutBR {BR} at (0,0) size 0x26
          LayoutBlockFlow {P} at (2,56) size 780x27
            LayoutBR {BR} at (0,0) size 0x26
caret: position 0 of child 3 {BR} of child 1 {DIV} of child 3 {DIV} of body
