EDITING DELEGATE: webViewDidChangeSelection:WebViewDidChangeSelectionNotification
EDITING DELEGATE: webViewDidChangeSelection:WebViewDidChangeSelectionNotification
EDITING DELEGATE: webViewDidChangeSelection:WebViewDidChangeSelectionNotification
EDITING DELEGATE: webViewDidChangeSelection:WebViewDidChangeSelectionNotification
EDITING DELEGATE: webViewDidChange:WebViewDidChangeNotification
layer at (0,0) size 800x600
  LayoutView at (0,0) size 800x600
layer at (0,0) size 800x600
  LayoutBlockFlow {HTML} at (0,0) size 800x600
    LayoutBlockFlow {BODY} at (8,8) size 784x584
      LayoutBlockFlow {DIV} at (0,0) size 600x54
        LayoutText {#text} at (0,0) size 137x26
          text run at (0,0) width 137: "There is a tide"
        LayoutBR {BR} at (136,21) size 1x0
        LayoutText {#text} at (0,27) size 238x26
          text run at (0,27) width 238: "Which taken at the flood"
caret: position 0 of child 2 {#text} of child 1 {DIV} of body
