EDITING DELEGATE: webViewDidChangeSelection:WebViewDidChangeSelectionNotification
EDITING DELEGATE: webViewDidChangeSelection:WebViewDidChangeSelectionNotification
EDITING DELEGATE: webViewDidChangeSelection:WebViewDidChangeSelectionNotification
EDITING DELEGATE: webViewDidChangeSelection:WebViewDidChangeSelectionNotification
EDITING DELEGATE: webViewDidChangeSelection:WebViewDidChangeSelectionNotification
EDITING DELEGATE: webViewDidChangeSelection:WebViewDidChangeSelectionNotification
EDITING DELEGATE: webViewDidChange:WebViewDidChangeNotification
layer at (0,0) size 800x600
  LayoutView at (0,0) size 800x600
layer at (0,0) size 800x600
  LayoutBlockFlow {HTML} at (0,0) size 800x600
    LayoutBlockFlow {BODY} at (8,8) size 784x584
      LayoutBlockFlow {DIV} at (0,0) size 784x233 [border: (2px solid #0000FF)]
        LayoutBlockFlow {DIV} at (14,14) size 756x108
          LayoutText {#text} at (0,0) size 66x26
            text run at (0,0) width 66: "Tests: "
          LayoutBR {BR} at (0,0) size 0x0
          LayoutText {#text} at (0,27) size 742x80
            text run at (0,27) width 731: "Deleting when a selection starts in a blank line created by a BR element and"
            text run at (0,54) width 742: "extends to a character that is not at the end of a block. This ensures that some"
            text run at (0,81) width 504: "of our \"special-case\" code does not run for this case."
        LayoutBlockFlow {DIV} at (14,138) size 756x81
          LayoutText {#text} at (0,0) size 190x26
            text run at (0,0) width 190: "Expected Results: "
          LayoutBR {BR} at (189,21) size 1x0
          LayoutText {#text} at (0,27) size 675x53
            text run at (0,27) width 675: "Should see the two lines in the red box. Each should contain \"A\" only."
            text run at (0,54) width 614: "Insertion point should be blinking at the start of the second line."
      LayoutBlockFlow {DIV} at (0,257) size 784x58
        LayoutBlockFlow {DIV} at (0,0) size 784x58 [border: (2px solid #FF0000)]
          LayoutBlockFlow {P} at (2,2) size 780x27
            LayoutText {#text} at (0,0) size 18x26
              text run at (0,0) width 18: "A"
          LayoutBlockFlow {P} at (2,29) size 780x27
            LayoutText {#text} at (0,0) size 18x26
              text run at (0,0) width 18: "A"
caret: position 0 of child 0 {#text} of child 3 {P} of child 1 {DIV} of child 3 {DIV} of body
