EDITING DELEGATE: webViewDidChangeSelection:WebViewDidChangeSelectionNotification
EDITING DELEGATE: webViewDidChangeSelection:WebViewDidChangeSelectionNotification
EDITING DELEGATE: webViewDidChangeSelection:WebViewDidChangeSelectionNotification
EDITING DELEGATE: webViewDidChangeSelection:WebViewDidChangeSelectionNotification
EDITING DELEGATE: webViewDidChangeSelection:WebViewDidChangeSelectionNotification
EDITING DELEGATE: webViewDidChangeSelection:WebViewDidChangeSelectionNotification
EDITING DELEGATE: webViewDidChangeSelection:WebViewDidChangeSelectionNotification
EDITING DELEGATE: webViewDidChangeSelection:WebViewDidChangeSelectionNotification
EDITING DELEGATE: webViewDidChange:WebViewDidChangeNotification
layer at (0,0) size 800x600
  LayoutView at (0,0) size 800x600
layer at (0,0) size 800x600
  LayoutBlockFlow {HTML} at (0,0) size 800x600
    LayoutBlockFlow {BODY} at (8,8) size 784x584
      LayoutBlockFlow {DIV} at (0,0) size 784x55 [border: (2px solid #0000FF)]
        LayoutText {#text} at (14,14) size 355x26
          text run at (14,14) width 355: "Should see \"XX\" in a single red box."
      LayoutBlockFlow {DIV} at (0,79) size 784x55
        LayoutBlockFlow {DIV} at (0,0) size 784x55 [border: (2px solid #FF0000)]
          LayoutText {#text} at (14,14) size 35x26
            text run at (14,14) width 35: "XX"
          LayoutText {#text} at (0,0) size 0x0
caret: position 2 of child 0 {#text} of child 1 {DIV} of child 3 {DIV} of body
