EDITING DELEGATE: webViewDidChangeSelection:WebViewDidChangeSelectionNotification
EDITING DELEGATE: webViewDidChangeSelection:WebViewDidChangeSelectionNotification
EDITING DELEGATE: webViewDidChangeSelection:WebViewDidChangeSelectionNotification
EDITING DELEGATE: webViewDidChangeSelection:WebViewDidChangeSelectionNotification
EDITING DELEGATE: webViewDidChangeSelection:WebViewDidChangeSelectionNotification
EDITING DELEGATE: webViewDidChangeSelection:WebViewDidChangeSelectionNotification
EDITING DELEGATE: webViewDidChangeSelection:WebViewDidChangeSelectionNotification
EDITING DELEGATE: webViewDidChangeSelection:WebViewDidChangeSelectionNotification
EDITING DELEGATE: webViewDidChangeSelection:WebViewDidChangeSelectionNotification
EDITING DELEGATE: webViewDidChangeSelection:WebViewDidChangeSelectionNotification
EDITING DELEGATE: webViewDidChange:WebViewDidChangeNotification
layer at (0,0) size 800x600
  LayoutView at (0,0) size 800x600
layer at (0,0) size 800x600
  LayoutBlockFlow {HTML} at (0,0) size 800x600
    LayoutBlockFlow {BODY} at (8,8) size 784x584
      LayoutBlockFlow {DIV} at (0,0) size 784x233 [border: (2px solid #0000FF)]
        LayoutBlockFlow {DIV} at (14,14) size 756x81
          LayoutText {#text} at (0,0) size 66x26
            text run at (0,0) width 66: "Tests: "
          LayoutBR {BR} at (0,0) size 0x0
          LayoutText {#text} at (0,27) size 682x53
            text run at (0,27) width 682: "Deleting when a selection starts in the middle of the last paragraph and"
            text run at (0,54) width 344: "extends to the end of that paragraph"
        LayoutBlockFlow {DIV} at (14,111) size 756x108
          LayoutText {#text} at (0,0) size 190x26
            text run at (0,0) width 190: "Expected Results: "
          LayoutBR {BR} at (189,21) size 1x0
          LayoutText {#text} at (0,27) size 733x80
            text run at (0,27) width 733: "Should see the four lines in the red box. First line should be \"one\". Next one"
            text run at (0,54) width 167: "should be \"two\". "
            text run at (166,54) width 504: "Next one should be \"three\". Last one should be \"fo\"."
            text run at (0,81) width 661: "Insertion point should be blinking at the start of the fourth (last) line."
      LayoutBlockFlow {DIV} at (0,257) size 784x112
        LayoutBlockFlow {DIV} at (0,0) size 784x112 [border: (2px solid #FF0000)]
          LayoutBlockFlow (anonymous) at (2,2) size 780x27
            LayoutText {#text} at (0,0) size 35x26
              text run at (0,0) width 35: "one"
          LayoutBlockFlow {P} at (2,29) size 780x27
            LayoutText {#text} at (0,0) size 36x26
              text run at (0,0) width 36: "two"
          LayoutBlockFlow {P} at (2,56) size 780x27
            LayoutText {#text} at (0,0) size 48x26
              text run at (0,0) width 48: "three"
          LayoutBlockFlow {P} at (2,83) size 780x27
            LayoutText {#text} at (0,0) size 20x26
              text run at (0,0) width 20: "fo"
caret: position 2 of child 0 {#text} of child 5 {P} of child 1 {DIV} of child 3 {DIV} of body
