EDITING DELEGATE: webViewDidChangeSelection:WebViewDidChangeSelectionNotification
EDITING DELEGATE: webViewDidChangeSelection:WebViewDidChangeSelectionNotification
EDITING DELEGATE: webViewDidChangeSelection:WebViewDidChangeSelectionNotification
EDITING DELEGATE: webViewDidChangeSelection:WebViewDidChangeSelectionNotification
EDITING DELEGATE: webViewDidChangeSelection:WebViewDidChangeSelectionNotification
EDITING DELEGATE: webViewDidChangeSelection:WebViewDidChangeSelectionNotification
EDITING DELEGATE: webViewDidChangeSelection:WebViewDidChangeSelectionNotification
EDITING DELEGATE: webViewDidChangeSelection:WebViewDidChangeSelectionNotification
EDITING DELEGATE: webViewDidChangeSelection:WebViewDidChangeSelectionNotification
EDITING DELEGATE: webViewDidChangeSelection:WebViewDidChangeSelectionNotification
EDITING DELEGATE: webViewDidChange:WebViewDidChangeNotification
layer at (0,0) size 800x600
  LayoutView at (0,0) size 800x600
layer at (0,0) size 800x600
  LayoutBlockFlow {HTML} at (0,0) size 800x600
    LayoutBlockFlow {BODY} at (8,8) size 784x584
      LayoutBlockFlow {DIV} at (0,0) size 784x136 [border: (2px solid #FF0000)]
        LayoutBlockFlow {DIV} at (14,14) size 756x108
          LayoutBlockFlow (anonymous) at (0,0) size 756x27
            LayoutText {#text} at (0,0) size 40x26
              text run at (0,0) width 40: "One"
          LayoutBlockFlow {DIV} at (0,27) size 756x54
            LayoutText {#text} at (0,0) size 99x26
              text run at (0,0) width 99: "TwoThree"
            LayoutBR {BR} at (98,21) size 1x0
            LayoutText {#text} at (0,27) size 46x26
              text run at (0,27) width 46: "Four"
          LayoutBlockFlow (anonymous) at (0,81) size 756x27
            LayoutText {#text} at (0,0) size 43x26
              text run at (0,0) width 43: "Five"
caret: position 3 of child 0 {#text} of child 1 {DIV} of child 1 {DIV} of child 1 {DIV} of body
