EDITING DELEGATE: webViewDidChangeSelection:WebViewDidChangeSelectionNotification
EDITING DELEGATE: webViewDidChangeSelection:WebViewDidChangeSelectionNotification
EDITING DELEGATE: webViewDidChangeSelection:WebViewDidChangeSelectionNotification
EDITING DELEGATE: webViewDidChangeSelection:WebViewDidChangeSelectionNotification
EDITING DELEGATE: webViewDidChangeSelection:WebViewDidChangeSelectionNotification
EDITING DELEGATE: webViewDidChangeSelection:WebViewDidChangeSelectionNotification
EDITING DELEGATE: webViewDidChangeSelection:WebViewDidChangeSelectionNotification
EDITING DELEGATE: webViewDidChangeSelection:WebViewDidChangeSelectionNotification
EDITING DELEGATE: webViewDidChange:WebViewDidChangeNotification
layer at (0,0) size 800x600
  LayoutView at (0,0) size 800x600
layer at (0,0) size 800x600
  LayoutBlockFlow {HTML} at (0,0) size 800x600
    LayoutBlockFlow {BODY} at (8,8) size 784x584
      LayoutBlockFlow {DIV} at (0,0) size 784x233 [border: (2px solid #0000FF)]
        LayoutBlockFlow {DIV} at (14,14) size 756x81
          LayoutText {#text} at (0,0) size 66x26
            text run at (0,0) width 66: "Tests: "
          LayoutBR {BR} at (0,0) size 0x0
          LayoutText {#text} at (0,27) size 750x53
            text run at (0,27) width 750: "Deleting when a selection starts at the beginning of a paragraph preceded by a"
            text run at (0,54) width 640: "text element and extends into the middle of a following paragraph."
        LayoutBlockFlow {DIV} at (14,111) size 756x108
          LayoutText {#text} at (0,0) size 190x26
            text run at (0,0) width 190: "Expected Results: "
          LayoutBR {BR} at (189,21) size 1x0
          LayoutText {#text} at (0,27) size 741x80
            text run at (0,27) width 741: "Should see the three lines in the red box. First line should be \"one\". Next one"
            text run at (0,54) width 152: "should be \"ee\". "
            text run at (151,54) width 590: "Next one should be \"four\". Insertion point should be blinking"
            text run at (0,81) width 282: "at the start of the second line."
      LayoutBlockFlow {DIV} at (0,257) size 784x85
        LayoutBlockFlow {DIV} at (0,0) size 784x85 [border: (2px solid #FF0000)]
          LayoutBlockFlow (anonymous) at (2,2) size 780x27
            LayoutText {#text} at (0,0) size 35x26
              text run at (0,0) width 35: "one"
          LayoutBlockFlow {P} at (2,29) size 780x27
            LayoutText {#text} at (0,0) size 22x26
              text run at (0,0) width 22: "ee"
          LayoutBlockFlow {P} at (2,56) size 780x27
            LayoutText {#text} at (0,0) size 40x26
              text run at (0,0) width 40: "four"
caret: position 0 of child 0 {#text} of child 1 {P} of child 1 {DIV} of child 3 {DIV} of body
