layer at (0,0) size 800x600
  LayoutView at (0,0) size 800x600
layer at (0,0) size 800x600
  LayoutBlockFlow {HTML} at (0,0) size 800x600
    LayoutBlockFlow {BODY} at (8,8) size 784x579
      LayoutBlockFlow {P} at (0,0) size 784x36
        LayoutText {#text} at (0,0) size 756x35
          text run at (0,0) width 371: "This test places the caret before the 'b' in 'bar' and Delete. "
          text run at (370,0) width 386: "Afterword, 'foobar' should be in the first paragraph and 'baz'"
          text run at (0,18) width 155: "should be in the second."
      LayoutBlockFlow {DIV} at (0,52) size 784x47
        LayoutBlockFlow {DIV} at (0,0) size 784x18
          LayoutText {#text} at (0,0) size 42x17
            text run at (0,0) width 42: "foobar"
        LayoutBlockFlow {PRE} at (0,31) size 784x16
          LayoutText {#text} at (0,0) size 24x16
            text run at (0,0) width 24: "baz"
caret: position 3 of child 0 {#text} of child 1 {DIV} of child 2 {DIV} of body
