layer at (0,0) size 800x600
  LayoutView at (0,0) size 800x600
layer at (0,0) size 800x600
  LayoutBlockFlow {HTML} at (0,0) size 800x600
    LayoutBlockFlow {BODY} at (8,8) size 784x576
      LayoutBlockFlow {H2} at (0,0) size 784x28
        LayoutText {#text} at (0,0) size 362x28
          text run at (0,0) width 362: "SeaMonkey XPInstall Trigger Page"
      LayoutBlockFlow {HR} at (0,47.91) size 784x2 [border: (1px inset #EEEEEE)]
      LayoutBlockFlow {FORM} at (0,57.91) size 784x47
        LayoutTable {TABLE} at (0,0) size 548x47
          LayoutTableSection {TBODY} at (0,0) size 548x47
            LayoutTableRow {TR} at (0,2) size 548x21
              LayoutTableCell {TD} at (2,2) size 106x20 [r=0 c=0 rs=1 cs=1]
                LayoutInline {B} at (0,0) size 95x18
                  LayoutText {#text} at (1,1) size 95x18
                    text run at (1,1) width 95: "Trigger URL:"
              LayoutTableCell {TD} at (110,2) size 350x21 [r=0 c=1 rs=1 cs=1]
                LayoutTextControl {INPUT} at (1,1) size 348x19 [bgcolor=#FFFFFF] [border: (2px inset #EEEEEE)]
              LayoutTableCell {TD} at (462,2) size 84x20 [r=0 c=2 rs=1 cs=1]
                LayoutButton {INPUT} at (1,1) size 54.98x18 [bgcolor=#C0C0C0]
                  LayoutBlockFlow (anonymous) at (8,2) size 38.98x13
                    LayoutText {#text} at (0,0) size 39x13
                      text run at (0,0) width 39: "Trigger"
            LayoutTableRow {TR} at (0,25) size 548x20
              LayoutTableCell {TD} at (2,25) size 106x20 [r=1 c=0 rs=1 cs=1]
                LayoutInline {B} at (0,0) size 104x18
                  LayoutText {#text} at (1,1) size 104x18
                    text run at (1,1) width 104: "Run Test Case:"
              LayoutTableCell {TD} at (110,25) size 350x20 [r=1 c=1 rs=1 cs=1]
                LayoutMenuList {SELECT} at (1,1) size 262x18 [bgcolor=#F8F8F8]
                  LayoutBlockFlow (anonymous) at (0,0) size 262x18
                    LayoutText (anonymous) at (8,2) size 73x13
                      text run at (8,2) width 73: "a_abortinstall"
                LayoutText {#text} at (0,0) size 0x0
              LayoutTableCell {TD} at (462,25) size 84x20 [r=1 c=2 rs=1 cs=1]
                LayoutButton {INPUT} at (1,1) size 81.92x18 [bgcolor=#C0C0C0]
                  LayoutBlockFlow (anonymous) at (8,2) size 65.92x13
                    LayoutText {#text} at (0,0) size 66x13
                      text run at (0,0) width 66: "Trigger case"
layer at (122,72) size 342x13
  LayoutBlockFlow {DIV} at (3,3) size 342x13
    LayoutText {#text} at (0,0) size 106x13
      text run at (0,0) width 106: "http://jimbob/jars/"
