layer at (0,0) size 800x600
  LayoutView at (0,0) size 800x600
layer at (0,0) size 800x600
  LayoutBlockFlow {HTML} at (0,0) size 800x600
    LayoutBlockFlow {BODY} at (8,8) size 784x576
      LayoutBlockFlow {FORM} at (0,0) size 784x23
        LayoutTable {TABLE} at (0,0) size 550x23 [bgcolor=#FFE030] [border: (1px outset #808080)]
          LayoutTableSection {TBODY} at (1,1) size 548x21
            LayoutTableRow {TR} at (0,0) size 548x21
              LayoutTableCell {TD} at (0,0) size 548x21 [border: (1px inset #808080)] [r=0 c=0 rs=1 cs=1]
                LayoutInline {NOBR} at (0,0) size 546x18
                  LayoutTextControl {INPUT} at (1,1) size 173x19 [bgcolor=#FFFFFF] [border: (2px inset #EEEEEE)]
                  LayoutText {#text} at (174,1) size 14x18
                    text run at (174,1) width 14: " - "
                  LayoutTextControl {INPUT} at (187.33,1) size 173x19 [bgcolor=#FFFFFF] [border: (2px inset #EEEEEE)]
                  LayoutText {#text} at (360,1) size 14x18
                    text run at (360,1) width 14: " - "
                  LayoutTextControl {INPUT} at (373.66,1) size 173x19 [bgcolor=#FFFFFF] [border: (2px inset #EEEEEE)]
                LayoutText {#text} at (0,0) size 0x0
            LayoutTableRow {TR} at (0,21) size 548x0
layer at (13,13) size 167x13
  LayoutBlockFlow {DIV} at (3,3) size 167x13
layer at (199,13) size 167x13
  LayoutBlockFlow {DIV} at (3,3) size 167x13
layer at (386,13) size 167x13
  LayoutBlockFlow {DIV} at (3,3) size 167x13
