layer at (0,0) size 800x600
  LayoutView at (0,0) size 800x600
layer at (0,0) size 800x600
  LayoutBlockFlow {HTML} at (0,0) size 800x600
    LayoutBlockFlow {BODY} at (8,8) size 784x584
      LayoutTable {TABLE} at (0,0) size 147x52
        LayoutTableSection {TBODY} at (0,0) size 147x52
          LayoutTableRow {TR} at (0,2) size 147x48
            LayoutTableCell {TD} at (2,2) size 143x48 [r=0 c=0 rs=1 cs=1]
              LayoutBlockFlow (anonymous) at (1,1) size 141x0
                LayoutInline {SPAN} at (0,0) size 0x0
                  LayoutText {#text} at (0,0) size 0x0
                  LayoutInline {SPAN} at (0,0) size 0x0
                    LayoutText {#text} at (0,0) size 0x0
                    LayoutText {#text} at (0,0) size 0x0
              LayoutBlockFlow (anonymous) at (1,1) size 141x46
                LayoutTable {TABLE} at (0,0) size 141x46
                  LayoutTableSection {TBODY} at (0,0) size 141x46
                    LayoutTableRow {TR} at (0,2) size 141x42
                      LayoutTableCell {TD} at (2,2) size 137x42 [r=0 c=0 rs=1 cs=1]
                        LayoutTable (floating) {TABLE} at (1,1) size 135x40
                          LayoutTableSection {TBODY} at (0,0) size 135x40
                            LayoutTableRow {TR} at (0,2) size 135x36
                              LayoutTableCell {TD} at (2,2) size 131x36 [r=0 c=0 rs=1 cs=1]
                                LayoutBlockFlow {FORM} at (1,1) size 129x18
                                  LayoutButton {INPUT} at (0,0) size 128.59x18 [bgcolor=#C0C0C0]
                                    LayoutBlockFlow (anonymous) at (8,2) size 112.59x13
                                      LayoutText {#text} at (0,0) size 113x13
                                        text run at (0,0) width 113: "ApplyForThisPosition"
                                  LayoutText {#text} at (0,0) size 0x0
              LayoutBlockFlow (anonymous) at (1,47) size 141x0
                LayoutInline {SPAN} at (0,0) size 0x0
                  LayoutInline {SPAN} at (0,0) size 0x0
                  LayoutText {#text} at (0,0) size 0x0
                LayoutText {#text} at (0,0) size 0x0
