layer at (0,0) size 800x600
  LayoutView at (0,0) size 800x600
layer at (0,0) size 800x553
  LayoutBlockFlow {HTML} at (0,0) size 800x553
    LayoutBlockFlow {BODY} at (57,64) size 686x425 [bgcolor=#99FFCC] [border: (3px solid #000000)]
      LayoutBlockFlow {P} at (3,3) size 680x64
        LayoutText {#text} at (0,6) size 632x51
          text run at (0,6) width 593: "These links are in an element with display table-row, and the li elements "
          text run at (592,6) width 40: "have"
          text run at (0,38) width 155: "display: table-cell. "
          text run at (154,38) width 131: "They disappear:"
      LayoutTable (anonymous) at (3,67) size 304x19
        LayoutTableSection (anonymous) at (0,0) size 304x19
          LayoutTableRow {UL} at (0,0) size 304x19 [bgcolor=#00CC99]
            LayoutTableCell {LI} at (0,0) size 76x19 [r=0 c=0 rs=1 cs=1]
              LayoutInline {A} at (0,0) size 54x19 [color=#0000EE]
                LayoutText {#text} at (11,0) size 54x19
                  text run at (11,0) width 54: "people"
            LayoutTableCell {LI} at (76,0) size 76x19 [r=0 c=1 rs=1 cs=1]
              LayoutInline {A} at (0,0) size 52x19 [color=#0000EE]
                LayoutText {#text} at (12,0) size 52x19
                  text run at (12,0) width 52: "places"
            LayoutTableCell {LI} at (152,0) size 76x19 [r=0 c=2 rs=1 cs=1]
              LayoutInline {A} at (0,0) size 76x19 [color=#0000EE]
                LayoutText {#text} at (0,0) size 76x19
                  text run at (0,0) width 76: "members"
            LayoutTableCell {LI} at (228,0) size 76x19 [r=0 c=3 rs=1 cs=1]
              LayoutInline {A} at (0,0) size 38x19 [color=#0000EE]
                LayoutText {#text} at (19,0) size 38x19
                  text run at (19,0) width 38: "links"
      LayoutBlockFlow {DIV} at (3,86) size 680x336
        LayoutBlockFlow (anonymous) at (16,16) size 648x19
          LayoutText {#text} at (0,0) size 510x19
            text run at (0,0) width 227: "This text is not in the form. "
            text run at (226,0) width 284: "The form should be indented 40px."
        LayoutBlockFlow {FORM} at (96,35) size 568x285
          LayoutBlockFlow {P} at (0,0) size 568x64
            LayoutText {#text} at (0,6) size 541x51
              text run at (0,6) width 195: "This is text in the form. "
              text run at (194,6) width 230: "It should be indented 40px. "
              text run at (423,6) width 118: "The form itself"
              text run at (0,38) width 373: "has the same table-row/table-cell problem as "
              text run at (372,38) width 55: "above."
          LayoutBlockFlow {P} at (0,64) size 568x63
            LayoutTable {SPAN} at (0,3) size 137x60
              LayoutTableSection (anonymous) at (0,0) size 137x60
                LayoutTableRow {SPAN} at (0,0) size 137x28
                  LayoutTableCell (anonymous) at (0,0) size 137x28 [r=0 c=0 rs=1 cs=1]
                    LayoutText {#text} at (0,6) size 137x16
                      text run at (0,6) width 137: "First Name (required)"
                LayoutTableRow (anonymous) at (0,28) size 137x32
                  LayoutTableCell (anonymous) at (0,28) size 137x32 [r=1 c=0 rs=1 cs=1]
                    LayoutTextControl {INPUT} at (0,8) size 103x19 [bgcolor=#FFFFFF] [border: (2px inset #EEEEEE)]
            LayoutText {#text} at (137,6) size 6x19
              text run at (137,6) width 6: " "
            LayoutTable {SPAN} at (142.63,3) size 137x60
              LayoutTableSection (anonymous) at (0,0) size 137x60
                LayoutTableRow {SPAN} at (0,0) size 137x28
                  LayoutTableCell (anonymous) at (0,0) size 137x28 [r=0 c=0 rs=1 cs=1]
                    LayoutText {#text} at (0,6) size 137x16
                      text run at (0,6) width 137: "Last Name (required)"
                LayoutTableRow (anonymous) at (0,28) size 137x32
                  LayoutTableCell (anonymous) at (0,28) size 137x32 [r=1 c=0 rs=1 cs=1]
                    LayoutTextControl {INPUT} at (0,8) size 103x19 [bgcolor=#FFFFFF] [border: (2px inset #EEEEEE)]
            LayoutText {#text} at (0,0) size 0x0
          LayoutBlockFlow {P} at (0,127) size 568x63
            LayoutTable {SPAN} at (0,3) size 223x60
              LayoutTableSection (anonymous) at (0,0) size 223x60
                LayoutTableRow {SPAN} at (0,0) size 223x28
                  LayoutTableCell (anonymous) at (0,0) size 223x28 [r=0 c=0 rs=1 cs=1]
                    LayoutText {#text} at (0,6) size 93x16
                      text run at (0,6) width 93: "Email Address"
                LayoutTableRow (anonymous) at (0,28) size 223x32
                  LayoutTableCell (anonymous) at (0,28) size 223x32 [r=1 c=0 rs=1 cs=1]
                    LayoutTextControl {INPUT} at (0,8) size 223x19 [bgcolor=#FFFFFF] [border: (2px inset #EEEEEE)]
            LayoutText {#text} at (0,0) size 0x0
          LayoutBlockFlow {P} at (0,190) size 568x63
            LayoutTable {SPAN} at (0,3) size 105x60
              LayoutTableSection (anonymous) at (0,0) size 105x60
                LayoutTableRow {SPAN} at (0,0) size 105x28
                  LayoutTableCell (anonymous) at (0,0) size 105x28 [r=0 c=0 rs=1 cs=1]
                    LayoutText {#text} at (0,6) size 105x16
                      text run at (0,6) width 105: "Company Name"
                LayoutTableRow (anonymous) at (0,28) size 105x32
                  LayoutTableCell (anonymous) at (0,28) size 105x32 [r=1 c=0 rs=1 cs=1]
                    LayoutTextControl {INPUT} at (0,8) size 103x19 [bgcolor=#FFFFFF] [border: (2px inset #EEEEEE)]
            LayoutText {#text} at (105,6) size 6x19
              text run at (105,6) width 6: " "
            LayoutTable {SPAN} at (110.63,3) size 103x60
              LayoutTableSection (anonymous) at (0,0) size 103x60
                LayoutTableRow {SPAN} at (0,0) size 103x28
                  LayoutTableCell (anonymous) at (0,0) size 103x28 [r=0 c=0 rs=1 cs=1]
                    LayoutText {#text} at (0,6) size 27x16
                      text run at (0,6) width 27: "Title"
                LayoutTableRow (anonymous) at (0,28) size 103x32
                  LayoutTableCell (anonymous) at (0,28) size 103x32 [r=1 c=0 rs=1 cs=1]
                    LayoutTextControl {INPUT} at (0,8) size 103x19 [bgcolor=#FFFFFF] [border: (2px inset #EEEEEE)]
            LayoutText {#text} at (0,0) size 0x0
          LayoutBlockFlow {P} at (0,253) size 568x32
            LayoutButton {INPUT} at (0,9) size 56.72x18 [bgcolor=#C0C0C0]
              LayoutBlockFlow (anonymous) at (8,2) size 40.72x13
                LayoutText {#text} at (0,0) size 41x13
                  text run at (0,0) width 41: "Submit!"
            LayoutText {#text} at (56,6) size 7x19
              text run at (56,6) width 7: " "
            LayoutButton {INPUT} at (62.34,9) size 74.41x18 [bgcolor=#C0C0C0]
              LayoutBlockFlow (anonymous) at (8,2) size 58.41x13
                LayoutText {#text} at (0,0) size 59x13
                  text run at (0,0) width 59: "Clear Form"
            LayoutText {#text} at (0,0) size 0x0
layer at (159,291) size 97x13
  LayoutBlockFlow {DIV} at (3,3) size 97x13
layer at (302,291) size 97x13
  LayoutBlockFlow {DIV} at (3,3) size 97x13
layer at (159,354) size 217x13
  LayoutBlockFlow {DIV} at (3,3) size 217x13
layer at (159,417) size 97x13
  LayoutBlockFlow {DIV} at (3,3) size 97x13
layer at (270,417) size 97x13
  LayoutBlockFlow {DIV} at (3,3) size 97x13
