layer at (0,0) size 800x600
  LayoutView at (0,0) size 800x600
layer at (0,0) size 800x600
  LayoutBlockFlow {HTML} at (0,0) size 800x600
    LayoutBlockFlow {BODY} at (8,8) size 784x576 [bgcolor=#FFFFFF]
      LayoutBlockFlow {P} at (0,0) size 784x36
        LayoutText {#text} at (0,0) size 775x36
          text run at (0,0) width 441: "Click on a link on the left hand column. Also note the overlap of the "
          text run at (440,0) width 335: "text box with the submit button. (And, removing the"
          text run at (0,18) width 156: "font tag that is wrapped "
          text run at (155,18) width 239: "around the text box clears up layout)."
      LayoutBlockFlow (anonymous) at (0,52) size 784x18
        LayoutBR {BR} at (0,0) size 0x18
      LayoutBlockFlow {FORM} at (0,70) size 784x136
        LayoutBlockFlow {CENTER} at (0,0) size 784x136
          LayoutTable {TABLE} at (92,0) size 600x136 [bgcolor=#EEEEEE] [border: (1px outset #808080)]
            LayoutTableSection {TBODY} at (1,1) size 598x134
              LayoutTableRow {TR} at (0,3) size 598x128
                LayoutTableCell {TD} at (3,3) size 125x128 [border: (1px inset #808080)] [r=0 c=0 rs=1 cs=1]
                  LayoutTable {TABLE} at (4,4) size 117x120 [bgcolor=#FFFFFF] [border: (1px outset #808080)]
                    LayoutTableSection {TBODY} at (1,1) size 115x118
                      LayoutTableRow {TR} at (0,2) size 115x27
                        LayoutTableCell {TD} at (2,3) size 111x24 [bgcolor=#CCCCCC] [border: (1px inset #808080)] [r=0 c=0 rs=1 cs=1]
                          LayoutInline {A} at (0,0) size 62x18 [color=#660099]
                            LayoutInline {B} at (0,0) size 62x18
                              LayoutText {#text} at (3,3) size 62x18
                                text run at (3,3) width 62: "Netscape"
                          LayoutText {#text} at (0,0) size 0x0
                      LayoutTableRow {TR} at (0,31) size 115x27
                        LayoutTableCell {TD} at (2,32) size 111x24 [bgcolor=#FFFFFF] [border: (1px inset #808080)] [r=1 c=0 rs=1 cs=1]
                          LayoutInline {A} at (0,0) size 58x18 [color=#660099]
                            LayoutInline {B} at (0,0) size 58x18
                              LayoutText {#text} at (3,3) size 58x18
                                text run at (3,3) width 58: "Infoseek"
                          LayoutText {#text} at (0,0) size 0x0
                      LayoutTableRow {TR} at (0,60) size 115x27
                        LayoutTableCell {TD} at (2,61) size 111x24 [bgcolor=#FFFFFF] [border: (1px inset #808080)] [r=2 c=0 rs=1 cs=1]
                          LayoutInline {A} at (0,0) size 79x18 [color=#660099]
                            LayoutInline {B} at (0,0) size 79x18
                              LayoutText {#text} at (3,3) size 79x18
                                text run at (3,3) width 79: "LookSmart"
                          LayoutText {#text} at (0,0) size 0x0
                      LayoutTableRow {TR} at (0,89) size 115x27
                        LayoutTableCell {TD} at (2,90) size 111x24 [bgcolor=#FFFFFF] [border: (1px inset #808080)] [r=3 c=0 rs=1 cs=1]
                          LayoutInline {A} at (0,0) size 66x18 [color=#660099]
                            LayoutInline {B} at (0,0) size 66x18
                              LayoutText {#text} at (3,3) size 66x18
                                text run at (3,3) width 66: "Directory"
                          LayoutText {#text} at (0,0) size 0x0
                LayoutTableCell {TD} at (131,27) size 464x79 [bgcolor=#CCCCCC] [border: (1px inset #808080)] [r=0 c=1 rs=1 cs=1]
                  LayoutTable {TABLE} at (4,4) size 456x71 [border: (1px outset #808080)]
                    LayoutTableSection {TBODY} at (1,1) size 454x69
                      LayoutTableRow {TR} at (0,4) size 454x29
                        LayoutTableCell {TD} at (4,4) size 337x29 [border: (1px inset #808080)] [r=0 c=0 rs=1 cs=3]
                          LayoutInline {FONT} at (0,0) size 228x15
                            LayoutText {#text} at (0,0) size 0x0
                            LayoutTextControl {INPUT} at (5,5) size 228x19 [bgcolor=#FFFFFF] [border: (2px inset #EEEEEE)]
                            LayoutText {#text} at (0,0) size 0x0
                          LayoutText {#text} at (0,0) size 0x0
                        LayoutTableCell {TD} at (345,4) size 105x28 [border: (1px inset #808080)] [r=0 c=3 rs=1 cs=1]
                          LayoutButton {INPUT} at (5,5) size 51.09x18 [bgcolor=#C0C0C0]
                            LayoutBlockFlow (anonymous) at (8,2) size 35.09x13
                              LayoutText {#text} at (0,0) size 36x13
                                text run at (0,0) width 36: "Search"
                          LayoutText {#text} at (0,0) size 0x0
                      LayoutTableRow {TR} at (0,37) size 454x28
                        LayoutTableCell {TD} at (4,37) size 109x28 [border: (1px inset #808080)] [r=1 c=0 rs=1 cs=1]
                          LayoutText {#text} at (5,5) size 27x18
                            text run at (5,5) width 27: "asdf"
                        LayoutTableCell {TD} at (117,37) size 110x28 [border: (1px inset #808080)] [r=1 c=1 rs=1 cs=1]
                          LayoutText {#text} at (5,5) size 27x18
                            text run at (5,5) width 27: "asdf"
                        LayoutTableCell {TD} at (231,37) size 110x28 [border: (1px inset #808080)] [r=1 c=2 rs=1 cs=1]
                          LayoutText {#text} at (5,5) size 27x18
                            text run at (5,5) width 27: "asdf"
                        LayoutTableCell {TD} at (345,37) size 105x28 [border: (1px inset #808080)] [r=1 c=3 rs=1 cs=1]
                          LayoutText {#text} at (5,5) size 27x18
                            text run at (5,5) width 27: "asdf"
layer at (249,123) size 222x13
  LayoutBlockFlow {DIV} at (3,3) size 222x13
