layer at (0,0) size 800x600
  LayoutView at (0,0) size 800x600
layer at (0,0) size 800x600
  LayoutBlockFlow {HTML} at (0,0) size 800x600
    LayoutBlockFlow {BODY} at (8,8) size 784x584 [bgcolor=#CCCCCC]
      LayoutBlockFlow {P} at (0,0) size 784x18 [color=#008000]
        LayoutText {#text} at (0,0) size 363x17
          text run at (0,0) width 363: "The style declarations which apply to the text below are:"
      LayoutBlockFlow {PRE} at (0,34) size 784x64
        LayoutText {#text} at (0,0) size 232x64
          text run at (0,0) width 232: "P {color: green ! important;}"
          text run at (232,0) width 0: " "
          text run at (0,16) width 120: "P {color: red;}"
          text run at (120,16) width 0: " "
          text run at (0,32) width 176: "P#id1 {color: purple;}"
          text run at (176,32) width 0: " "
          text run at (0,48) width 0: " "
      LayoutBlockFlow {HR} at (0,111) size 784x2 [border: (1px inset #EEEEEE)]
      LayoutBlockFlow {P} at (0,129) size 784x36 [color=#008000]
        LayoutText {#text} at (0,0) size 784x35
          text run at (0,0) width 784: "This sentence should be green, because the declaration marked important should override any other normal declaration for"
          text run at (0,18) width 366: "the same element, even if it occurs later in the stylesheet."
      LayoutBlockFlow {P} at (0,181) size 784x36 [color=#008000]
        LayoutText {#text} at (0,0) size 409x17
          text run at (0,0) width 409: "This sentence should also be green, even though it has an ID of "
        LayoutInline {TT} at (0,0) size 25x16
          LayoutText {#text} at (408,2) size 25x16
            text run at (408,2) width 25: "id1"
        LayoutText {#text} at (432,0) size 739x35
          text run at (432,0) width 264: ", which would ordinarily make it purple. "
          text run at (695,0) width 44: "This is"
          text run at (0,18) width 714: "because declarations marked important have more weight than normal declarations given in a STYLE attribute."
      LayoutBlockFlow {P} at (0,233) size 784x36 [color=#008000]
        LayoutText {#text} at (0,0) size 712x35
          text run at (0,0) width 615: "This sentence should also be green, even though it has a STYLE attribute declaring it to be red. "
          text run at (614,0) width 98: "This is because"
          text run at (0,18) width 659: "declarations marked important have more weight than normal declarations given in a STYLE attribute."
      LayoutTable {TABLE} at (0,285) size 784x176 [border: (1px outset #808080)]
        LayoutTableSection {TBODY} at (1,1) size 782x174
          LayoutTableRow {TR} at (0,0) size 782x26
            LayoutTableCell {TD} at (0,0) size 782x26 [bgcolor=#C0C0C0] [border: (1px inset #808080)] [r=0 c=0 rs=1 cs=2]
              LayoutInline {STRONG} at (0,0) size 161x17
                LayoutText {#text} at (4,4) size 161x17
                  text run at (4,4) width 161: "TABLE Testing Section"
          LayoutTableRow {TR} at (0,26) size 782x148
            LayoutTableCell {TD} at (0,87) size 12x26 [bgcolor=#C0C0C0] [border: (1px inset #808080)] [r=1 c=0 rs=1 cs=1]
              LayoutText {#text} at (4,4) size 4x17
                text run at (4,4) width 4: " "
            LayoutTableCell {TD} at (12,26) size 770x148 [border: (1px inset #808080)] [r=1 c=1 rs=1 cs=1]
              LayoutBlockFlow {P} at (4,4) size 762x36 [color=#008000]
                LayoutText {#text} at (0,0) size 761x35
                  text run at (0,0) width 761: "This sentence should be green, because the declaration marked important should override any other normal declaration"
                  text run at (0,18) width 388: "for the same element, even if it occurs later in the stylesheet."
              LayoutBlockFlow {P} at (4,56) size 762x36 [color=#008000]
                LayoutText {#text} at (0,0) size 409x17
                  text run at (0,0) width 409: "This sentence should also be green, even though it has an ID of "
                LayoutInline {TT} at (0,0) size 25x16
                  LayoutText {#text} at (408,2) size 25x16
                    text run at (408,2) width 25: "id1"
                LayoutText {#text} at (432,0) size 739x35
                  text run at (432,0) width 264: ", which would ordinarily make it purple. "
                  text run at (695,0) width 44: "This is"
                  text run at (0,18) width 714: "because declarations marked important have more weight than normal declarations given in a STYLE attribute."
              LayoutBlockFlow {P} at (4,108) size 762x36 [color=#008000]
                LayoutText {#text} at (0,0) size 712x35
                  text run at (0,0) width 615: "This sentence should also be green, even though it has a STYLE attribute declaring it to be red. "
                  text run at (614,0) width 98: "This is because"
                  text run at (0,18) width 659: "declarations marked important have more weight than normal declarations given in a STYLE attribute."
