layer at (0,0) size 800x600
  LayoutView at (0,0) size 800x600
layer at (0,0) size 800x326
  LayoutBlockFlow {HTML} at (0,0) size 800x326
    LayoutBlockFlow {BODY} at (8,16) size 784x294 [color=#0000FF]
      LayoutBlockFlow {P} at (0,0) size 784x42
        LayoutText {#text} at (0,2) size 458x19
          text run at (0,2) width 458: "There should be a solid blue line directly over every occurance of the word \""
        LayoutInline {SPAN} at (0,0) size 55x21 [border: (2px solid #0000FF) none]
          LayoutText {#text} at (458,2) size 55x19
            text run at (458,2) width 55: "HERE \x{21E7}"
        LayoutText {#text} at (513,2) size 758x39
          text run at (513,2) width 245: "\". (So there should be 8 blue lines on this"
          text run at (0,22) width 38: "page.)"
      LayoutTable {TABLE} at (0,58) size 126x88
        LayoutTableSection {TBODY} at (0,0) size 126x88
          LayoutTableRow {TR} at (0,2) size 126x26
            LayoutTableCell {TD} at (2,2) size 122x26 [border: (2px solid #0000FF) none] [r=0 c=0 rs=1 cs=2]
              LayoutText {#text} at (33,5) size 56x19
                text run at (33,5) width 56: "HERE \x{21E7}"
          LayoutTableRow {TR} at (0,30) size 126x56
            LayoutTableCell {TD} at (2,45) size 57x26 [border: (2px solid #0000FF) none] [r=1 c=0 rs=1 cs=1]
              LayoutText {#text} at (1,5) size 55x19
                text run at (1,5) width 55: "HERE \x{21E7}"
            LayoutTableCell {TD} at (61,30) size 63x56 [border: (2px solid #0000FF) none] [r=1 c=1 rs=1 cs=1]
              LayoutBlockFlow (anonymous) at (1,3) size 61x22
                LayoutText {#text} at (3,2) size 55x19
                  text run at (3,2) width 55: "HERE \x{21E7}"
              LayoutTable {TABLE} at (1,25) size 61x30
                LayoutTableSection {TBODY} at (0,0) size 61x30
                  LayoutTableRow {TR} at (0,2) size 61x26
                    LayoutTableCell {TD} at (2,2) size 57x26 [border: (2px solid #0000FF) none] [r=0 c=0 rs=1 cs=1]
                      LayoutText {#text} at (1,5) size 55x19
                        text run at (1,5) width 55: "HERE \x{21E7}"
      LayoutBlockFlow {UL} at (0,162) size 784x132
        LayoutListItem {LI} at (40,0) size 744x84 [border: (2px solid #0000FF) none]
          LayoutBlockFlow (anonymous) at (0,2) size 744x22
            LayoutListMarker (anonymous) at (-18,2) size 7x19: bullet
            LayoutText {#text} at (0,2) size 55x19
              text run at (0,2) width 55: "HERE \x{21E7}"
          LayoutBlockFlow {UL} at (0,24) size 744x60
            LayoutListItem {LI} at (40,0) size 704x20
              LayoutListMarker (anonymous) at (-18,0) size 7x19: white bullet
              LayoutText {#text} at (0,0) size 70x19
                text run at (0,0) width 70: "dummy text"
            LayoutListItem {LI} at (40,20) size 704x20
              LayoutListMarker (anonymous) at (-18,0) size 7x19: white bullet
              LayoutText {#text} at (0,0) size 70x19
                text run at (0,0) width 70: "dummy text"
            LayoutListItem {LI} at (40,40) size 704x20
              LayoutListMarker (anonymous) at (-18,0) size 7x19: white bullet
              LayoutText {#text} at (0,0) size 70x19
                text run at (0,0) width 70: "dummy text"
        LayoutListItem {LI} at (40,84) size 744x24 [border: (2px solid #0000FF) none]
          LayoutListMarker (anonymous) at (-18,4) size 7x19: bullet
          LayoutText {#text} at (0,4) size 55x19
            text run at (0,4) width 55: "HERE \x{21E7}"
        LayoutListItem {LI} at (40,108) size 744x24 [border: (2px solid #0000FF) none]
          LayoutListMarker (anonymous) at (-18,4) size 7x19: bullet
          LayoutText {#text} at (0,4) size 55x19
            text run at (0,4) width 55: "HERE \x{21E7}"
