layer at (0,0) size 800x600
  LayoutView at (0,0) size 800x600
layer at (0,0) size 800x274
  LayoutBlockFlow {HTML} at (0,0) size 800x274
    LayoutBlockFlow {BODY} at (8,16) size 784x248
      LayoutBlockFlow {P} at (0,0) size 784x22 [color=#000080]
        LayoutText {#text} at (0,2) size 729x19
          text run at (0,2) width 729: "There should be a complete unbroken drawing of a yin-yang (\x{262F}) symbol below, slightly on the left (\x{21E6}) inside a blue box."
      LayoutBlockFlow {DIV} at (10,38) size 260x210 [border: (5px solid #0000FF)]
        LayoutBlockFlow (floating) {P} at (5,5) size 100x100 [color=#000080]
          LayoutImage {IMG} at (0,0) size 100x100
          LayoutText {#text} at (0,0) size 0x0
        LayoutBlockFlow (floating) {P} at (105,5) size 100x100 [color=#000080]
          LayoutImage {IMG} at (0,0) size 100x100
          LayoutText {#text} at (0,0) size 0x0
        LayoutBlockFlow (floating) {P} at (5,105) size 100x100 [color=#000080]
          LayoutImage {IMG} at (0,0) size 100x100
          LayoutText {#text} at (0,0) size 0x0
        LayoutImage {IMG} at (105,105) size 100x100
        LayoutText {#text} at (0,0) size 0x0
