layer at (0,0) size 800x600
  LayoutView at (0,0) size 800x600
layer at (0,0) size 800x290
  LayoutBlockFlow {HTML} at (0,0) size 800x290
    LayoutBlockFlow {BODY} at (8,8) size 784x0
      LayoutBlockFlow (floating) {DIV} at (0,0) size 588x282 [color=#FFFFFF] [bgcolor=#000080]
        LayoutBlockFlow (floating) {DIV} at (277,0) size 294x82 [color=#00FFFF] [bgcolor=#008080]
          LayoutBlockFlow {P} at (0,0) size 294x82
            LayoutText {#text} at (0,0) size 294x81
              text run at (0,0) width 294: "To the right of this teal box there should be a"
              text run at (0,20) width 96: "purple square, "
              text run at (96,20) width 198: "tightly squeezed in between the"
              text run at (0,40) width 177: "edge of the teal box and the "
              text run at (177,40) width 117: "outside edge of the"
              text run at (0,62) width 86: "blue block. \x{21E8}"
        LayoutBlockFlow {P} at (0,0) size 588x282
          LayoutText {#text} at (0,0) size 277x41
            text run at (0,0) width 277: "Inside this blue block on the right there should"
            text run at (0,22) width 120: "be a teal box. \x{21E8} "
          LayoutInline {SPAN} at (0,0) size 588x259 [color=#000080]
            LayoutText {#text} at (120,22) size 588x259
              text run at (120,22) width 157: "FAIL FAIL FAIL FAIL"
              text run at (0,42) width 277: "FAIL FAIL FAIL FAIL FAIL FAIL FAIL"
              text run at (0,62) width 40: "FAIL "
              text run at (40,62) width 237: "FAIL FAIL FAIL FAIL FAIL FAIL"
              text run at (0,82) width 237: "FAIL FAIL FAIL FAIL FAIL FAIL "
              text run at (237,82) width 351: "FAIL FAIL FAIL FAIL FAIL FAIL FAIL FAIL FAIL"
              text run at (0,102) width 118: "FAIL FAIL FAIL "
              text run at (118,102) width 470: "FAIL FAIL FAIL FAIL FAIL FAIL FAIL FAIL FAIL FAIL FAIL FAIL"
              text run at (0,122) width 474: "FAIL FAIL FAIL FAIL FAIL FAIL FAIL FAIL FAIL FAIL FAIL FAIL "
              text run at (474,122) width 114: "FAIL FAIL FAIL"
              text run at (0,142) width 356: "FAIL FAIL FAIL FAIL FAIL FAIL FAIL FAIL FAIL "
              text run at (356,142) width 232: "FAIL FAIL FAIL FAIL FAIL FAIL"
              text run at (0,162) width 237: "FAIL FAIL FAIL FAIL FAIL FAIL "
              text run at (237,162) width 351: "FAIL FAIL FAIL FAIL FAIL FAIL FAIL FAIL FAIL"
              text run at (0,182) width 118: "FAIL FAIL FAIL "
              text run at (118,182) width 470: "FAIL FAIL FAIL FAIL FAIL FAIL FAIL FAIL FAIL FAIL FAIL FAIL"
              text run at (0,202) width 474: "FAIL FAIL FAIL FAIL FAIL FAIL FAIL FAIL FAIL FAIL FAIL FAIL "
              text run at (474,202) width 114: "FAIL FAIL FAIL"
              text run at (0,222) width 356: "FAIL FAIL FAIL FAIL FAIL FAIL FAIL FAIL FAIL "
              text run at (356,222) width 232: "FAIL FAIL FAIL FAIL FAIL FAIL"
              text run at (0,242) width 237: "FAIL FAIL FAIL FAIL FAIL FAIL "
              text run at (237,242) width 351: "FAIL FAIL FAIL FAIL FAIL FAIL FAIL FAIL FAIL"
              text run at (0,262) width 110: "FAIL FAIL FAIL"
          LayoutText {#text} at (0,0) size 0x0
