layer at (0,0) size 800x600
  LayoutView at (0,0) size 800x600
layer at (0,0) size 800x360
  LayoutBlockFlow {HTML} at (0,0) size 800x360
    LayoutBlockFlow {BODY} at (8,16) size 784x329
      LayoutBlockFlow {P} at (0,0) size 784x40
        LayoutText {#text} at (0,0) size 765x39
          text run at (0,0) width 365: "Change your window size. However the lines wrap, the blue "
          text run at (365,0) width 400: "rectanglues should always have their tops on the same alignment as"
          text run at (0,20) width 193: "other blue rectangles on the line."
      LayoutBlockFlow {P} at (15,56) size 754x273 [color=#0000FF] [bgcolor=#FFFFFF] [border: (1px solid #C0C0C0)]
        LayoutText {#text} at (8,26) size 61x16
          text run at (8,26) width 61: "xxx "
        LayoutImage {IMG} at (68.50,26.50) size 30x30
        LayoutText {#text} at (98,26) size 16x16
          text run at (98,26) width 16: " "
        LayoutInline {SPAN} at (0,0) size 115x39 [color=#C0C0C0]
          LayoutText {#text} at (113,8) size 115x39
            text run at (113,8) width 115: "xxx"
        LayoutText {#text} at (227,26) size 16x16
          text run at (227,26) width 16: " "
        LayoutImage {IMG} at (242.50,26.50) size 50x50
        LayoutText {#text} at (292,26) size 16x16
          text run at (292,26) width 16: " "
        LayoutInline {BIG} at (0,0) size 61x21 [color=#C0C0C0]
          LayoutText {#text} at (307,22) size 61x21
            text run at (307,22) width 61: "xxx"
        LayoutText {#text} at (367,26) size 16x16
          text run at (367,26) width 16: " "
        LayoutImage {IMG} at (382.50,26.50) size 10x10
        LayoutText {#text} at (392,26) size 16x16
          text run at (392,26) width 16: " "
        LayoutInline {SMALL} at (0,0) size 31x11 [color=#C0C0C0]
          LayoutText {#text} at (407,30) size 31x11
            text run at (407,30) width 31: "xxx"
        LayoutText {#text} at (437,26) size 16x16
          text run at (437,26) width 16: " "
        LayoutImage {IMG} at (452.50,26.50) size 20x20
        LayoutText {#text} at (472,26) size 76x16
          text run at (472,26) width 16: " "
          text run at (487,26) width 61: "xxx "
        LayoutImage {IMG} at (547.50,26.50) size 65x65
        LayoutText {#text} at (612,26) size 16x16
          text run at (612,26) width 16: " "
        LayoutInline {SPAN} at (0,0) size 91x31 [color=#C0C0C0]
          LayoutText {#text} at (627,14) size 91x31
            text run at (627,14) width 91: "xxx"
        LayoutText {#text} at (0,0) size 0x0
        LayoutImage {IMG} at (8.50,124.50) size 35x35
        LayoutText {#text} at (43,124) size 76x16
          text run at (43,124) width 16: " "
          text run at (58,124) width 61: "xxx "
        LayoutImage {IMG} at (118.50,124.50) size 30x30
        LayoutText {#text} at (148,124) size 16x16
          text run at (148,124) width 16: " "
        LayoutInline {SPAN} at (0,0) size 353x24 [color=#C0C0C0]
          LayoutText {#text} at (163,118) size 93x24
            text run at (163,118) width 93: "xxx "
          LayoutInline {SPAN} at (0,0) size 169x57
            LayoutText {#text} at (255,91) size 169x57
              text run at (255,91) width 169: "xxx"
          LayoutText {#text} at (423,118) size 93x24
            text run at (423,118) width 93: " xxx"
        LayoutText {#text} at (515,124) size 16x16
          text run at (515,124) width 16: " "
        LayoutImage {IMG} at (530.50,124.50) size 50x50
        LayoutText {#text} at (580,124) size 16x16
          text run at (580,124) width 16: " "
        LayoutInline {SMALL} at (0,0) size 31x11 [color=#C0C0C0]
          LayoutText {#text} at (595,128) size 31x11
            text run at (595,128) width 31: "xxx"
        LayoutText {#text} at (625,124) size 16x16
          text run at (625,124) width 16: " "
        LayoutImage {IMG} at (640.50,124.50) size 15x15
        LayoutText {#text} at (655,124) size 16x16
          text run at (655,124) width 16: " "
        LayoutInline {BIG} at (0,0) size 61x21 [color=#C0C0C0]
          LayoutText {#text} at (670,120) size 61x21
            text run at (670,120) width 61: "xxx"
        LayoutText {#text} at (0,0) size 0x0
        LayoutImage {IMG} at (8.50,174.50) size 90x90
        LayoutText {#text} at (98,174) size 61x16
          text run at (98,174) width 16: " "
          text run at (113,174) width 46: "xxx"
