layer at (0,0) size 800x600
  LayoutView at (0,0) size 800x600
layer at (0,0) size 800x462
  LayoutBlockFlow {HTML} at (0,0) size 800x462
    LayoutBlockFlow {BODY} at (8,16) size 784x430
      LayoutBlockFlow {P} at (0,0) size 784x22 [color=#000080]
        LayoutText {#text} at (0,2) size 756x19
          text run at (0,2) width 377: "Below this paragraph there should be a big teal square half the "
          text run at (377,2) width 350: "width of the window, aligned flush with the right hand side "
          text run at (727,2) width 29: "(\x{21E8})."
      LayoutBlockFlow {P} at (0,38) size 784x392 [color=#000080]
        LayoutImage {IMG} at (392,0) size 392x392
