layer at (0,0) size 800x600
  LayoutView at (0,0) size 800x600
layer at (0,0) size 800x552
  LayoutBlockFlow {HTML} at (0,0) size 800x552
    LayoutBlockFlow {BODY} at (0,0) size 800x551
      LayoutBlockFlow {DIV} at (0,0) size 600x36
        LayoutText {#text} at (0,0) size 284x14
          text run at (0,0) width 284: "Table autosizing tests - css-table-single-cell-lots-of-text.html"
        LayoutBR {BR} at (283,0) size 1x14
        LayoutText {#text} at (0,15) size 552x14
          text run at (0,15) width 552: "This test passes if there is a one cell with lots of text that's autosized, and five single-word cells that are not autosized."
      LayoutTable {DIV} at (1,37) size 798x514
        LayoutTableSection (anonymous) at (0,0) size 798x514
          LayoutTableRow {DIV} at (0,0) size 798x36
            LayoutTableCell {DIV} at (0,16) size 25x17 [bgcolor=#F0FFF0] [border: (1px dotted #006400)] [r=0 c=0 rs=1 cs=1]
              LayoutText {#text} at (1,1) size 23x14
                text run at (1,1) width 23: "hello"
            LayoutTableCell {DIV} at (25,0) size 748x36 [bgcolor=#F0FFF0] [border: (1px dotted #006400)] [r=0 c=1 rs=1 cs=1]
              LayoutText {#text} at (1,1) size 60x33
                text run at (1,1) width 60: "hello"
            LayoutTableCell {DIV} at (773,16) size 25x17 [bgcolor=#F0FFF0] [border: (1px dotted #006400)] [r=0 c=2 rs=1 cs=1]
              LayoutText {#text} at (1,1) size 23x14
                text run at (1,1) width 23: "hello"
          LayoutTableRow {DIV} at (0,36) size 798x478
            LayoutTableCell {DIV} at (0,52) size 25x17 [bgcolor=#F0FFF0] [border: (1px dotted #006400)] [r=1 c=0 rs=1 cs=1]
              LayoutText {#text} at (1,1) size 23x14
                text run at (1,1) width 23: "hello"
            LayoutTableCell {DIV} at (25,36) size 748x478 [bgcolor=#F0FFF0] [border: (1px dotted #006400)] [r=1 c=1 rs=1 cs=1]
              LayoutText {#text} at (1,1) size 735x475
                text run at (1,1) width 735: "hello hello hello hello hello hello hello hello hello hello hello"
                text run at (1,35) width 735: "hello hello hello hello hello hello hello hello hello hello hello"
                text run at (1,69) width 735: "hello hello hello hello hello hello hello hello hello hello hello"
                text run at (1,103) width 735: "hello hello hello hello hello hello hello hello hello hello hello"
                text run at (1,137) width 735: "hello hello hello hello hello hello hello hello hello hello hello"
                text run at (1,171) width 735: "hello hello hello hello hello hello hello hello hello hello hello"
                text run at (1,205) width 735: "hello hello hello hello hello hello hello hello hello hello hello"
                text run at (1,239) width 735: "hello hello hello hello hello hello hello hello hello hello hello"
                text run at (1,273) width 735: "hello hello hello hello hello hello hello hello hello hello hello"
                text run at (1,307) width 735: "hello hello hello hello hello hello hello hello hello hello hello"
                text run at (1,341) width 735: "hello hello hello hello hello hello hello hello hello hello hello"
                text run at (1,375) width 735: "hello hello hello hello hello hello hello hello hello hello hello"
                text run at (1,409) width 735: "hello hello hello hello hello hello hello hello hello hello hello"
                text run at (1,443) width 600: "hello hello hello hello hello hello hello hello hello"
            LayoutTableCell {DIV} at (773,52) size 25x17 [bgcolor=#F0FFF0] [border: (1px dotted #006400)] [r=1 c=2 rs=1 cs=1]
              LayoutText {#text} at (1,1) size 23x14
                text run at (1,1) width 23: "hello"
