layer at (0,0) size 800x600
  LayoutView at (0,0) size 800x600
layer at (0,0) size 800x555
  LayoutBlockFlow {HTML} at (0,0) size 800x555
    LayoutBlockFlow {BODY} at (0,0) size 800x554
      LayoutBlockFlow {DIV} at (0,0) size 600x36
        LayoutText {#text} at (0,0) size 293x14
          text run at (0,0) width 293: "Table autosizing tests - fixed-table-single-cell-lots-of-text.html"
        LayoutBR {BR} at (292,0) size 1x14
        LayoutText {#text} at (0,15) size 552x14
          text run at (0,15) width 552: "This test passes if there is a one cell with lots of text that's autosized, and five single-word cells that are not autosized."
      LayoutTable {TABLE} at (1,37) size 798x517 [border: none]
        LayoutTableSection {TBODY} at (0,0) size 797x516
          LayoutTableRow {TR} at (0,0) size 797x37
            LayoutTableCell {TD} at (0,9) size 26x18 [bgcolor=#F0FFF0] [border: (1px dotted #006400)] [r=0 c=0 rs=1 cs=1]
              LayoutText {#text} at (2,2) size 23x14
                text run at (2,2) width 23: "hello"
            LayoutTableCell {TD} at (26,0) size 745x37 [bgcolor=#F0FFF0] [border: (1px dotted #006400)] [r=0 c=1 rs=1 cs=1]
              LayoutText {#text} at (2,2) size 60x33
                text run at (2,2) width 60: "hello"
            LayoutTableCell {TD} at (771,9) size 26x18 [bgcolor=#F0FFF0] [border: (1px dotted #006400)] [r=0 c=2 rs=1 cs=1]
              LayoutText {#text} at (2,2) size 23x14
                text run at (2,2) width 23: "hello"
          LayoutTableRow {TR} at (0,37) size 797x479
            LayoutTableCell {TD} at (0,267) size 26x18 [bgcolor=#F0FFF0] [border: (1px dotted #006400)] [r=1 c=0 rs=1 cs=1]
              LayoutText {#text} at (2,2) size 23x14
                text run at (2,2) width 23: "hello"
            LayoutTableCell {TD} at (26,37) size 745x479 [bgcolor=#F0FFF0] [border: (1px dotted #006400)] [r=1 c=1 rs=1 cs=1]
              LayoutText {#text} at (2,2) size 735x475
                text run at (2,2) width 735: "hello hello hello hello hello hello hello hello hello hello hello"
                text run at (2,36) width 735: "hello hello hello hello hello hello hello hello hello hello hello"
                text run at (2,70) width 735: "hello hello hello hello hello hello hello hello hello hello hello"
                text run at (2,104) width 735: "hello hello hello hello hello hello hello hello hello hello hello"
                text run at (2,138) width 735: "hello hello hello hello hello hello hello hello hello hello hello"
                text run at (2,172) width 735: "hello hello hello hello hello hello hello hello hello hello hello"
                text run at (2,206) width 735: "hello hello hello hello hello hello hello hello hello hello hello"
                text run at (2,240) width 735: "hello hello hello hello hello hello hello hello hello hello hello"
                text run at (2,274) width 735: "hello hello hello hello hello hello hello hello hello hello hello"
                text run at (2,308) width 735: "hello hello hello hello hello hello hello hello hello hello hello"
                text run at (2,342) width 735: "hello hello hello hello hello hello hello hello hello hello hello"
                text run at (2,376) width 735: "hello hello hello hello hello hello hello hello hello hello hello"
                text run at (2,410) width 735: "hello hello hello hello hello hello hello hello hello hello hello"
                text run at (2,444) width 600: "hello hello hello hello hello hello hello hello hello"
            LayoutTableCell {TD} at (771,267) size 26x18 [bgcolor=#F0FFF0] [border: (1px dotted #006400)] [r=1 c=2 rs=1 cs=1]
              LayoutText {#text} at (2,2) size 23x14
                text run at (2,2) width 23: "hello"
