layer at (0,0) size 800x600
  LayoutView at (0,0) size 800x600
layer at (0,0) size 800x400
  LayoutBlockFlow {HTML} at (0,0) size 800x400
    LayoutBlockFlow {BODY} at (0,0) size 800x399
      LayoutBlockFlow {DIV} at (0,0) size 600x36
        LayoutText {#text} at (0,0) size 207x14
          text run at (0,0) width 207: "Table autosizing tests - table-for-layout.html"
        LayoutBR {BR} at (206,0) size 1x14
        LayoutText {#text} at (0,15) size 247x14
          text run at (0,15) width 247: "This test passes if the main content area is autosized."
      LayoutTable {TABLE} at (1,37) size 798x362 [border: none]
        LayoutTableSection {TBODY} at (0,0) size 797x361
          LayoutTableRow {TR} at (0,0) size 797x18
            LayoutTableCell {TD} at (0,0) size 797x18 [bgcolor=#F0FFF0] [border: (1px dotted #006400)] [r=0 c=0 rs=1 cs=2]
              LayoutText {#text} at (2,2) size 21x14
                text run at (2,2) width 21: "Title"
          LayoutTableRow {TR} at (0,18) size 797x343
            LayoutTableCell {TD} at (0,128) size 52x123 [bgcolor=#F0FFF0] [border: (1px dotted #006400)] [r=1 c=0 rs=1 cs=1]
              LayoutText {#text} at (2,2) size 23x14
                text run at (2,2) width 23: "hello"
              LayoutBR {BR} at (25,2) size 0x14
              LayoutText {#text} at (2,17) size 49x14
                text run at (2,17) width 49: "navigation"
              LayoutBR {BR} at (51,17) size 0x14
              LayoutText {#text} at (2,32) size 49x14
                text run at (2,32) width 49: "navigation"
              LayoutBR {BR} at (51,32) size 0x14
              LayoutText {#text} at (2,47) size 49x14
                text run at (2,47) width 49: "navigation"
              LayoutBR {BR} at (51,47) size 0x14
              LayoutText {#text} at (2,62) size 49x14
                text run at (2,62) width 49: "navigation"
              LayoutBR {BR} at (51,62) size 0x14
              LayoutText {#text} at (2,77) size 49x14
                text run at (2,77) width 49: "navigation"
              LayoutBR {BR} at (51,77) size 0x14
              LayoutText {#text} at (2,92) size 49x14
                text run at (2,92) width 49: "navigation"
              LayoutBR {BR} at (51,92) size 0x14
              LayoutText {#text} at (2,107) size 49x14
                text run at (2,107) width 49: "navigation"
              LayoutBR {BR} at (51,107) size 0x14
            LayoutTableCell {TD} at (52,18) size 745x343 [bgcolor=#F0FFF0] [border: (1px dotted #006400)] [r=1 c=1 rs=1 cs=1]
              LayoutText {#text} at (2,2) size 735x339
                text run at (2,2) width 735: "hello hello hello hello hello hello hello hello hello hello hello"
                text run at (2,36) width 735: "hello hello hello hello hello hello hello hello hello hello hello"
                text run at (2,70) width 735: "hello hello hello hello hello hello hello hello hello hello hello"
                text run at (2,104) width 735: "hello hello hello hello hello hello hello hello hello hello hello"
                text run at (2,138) width 735: "hello hello hello hello hello hello hello hello hello hello hello"
                text run at (2,172) width 735: "hello hello hello hello hello hello hello hello hello hello hello"
                text run at (2,206) width 735: "hello hello hello hello hello hello hello hello hello hello hello"
                text run at (2,240) width 735: "hello hello hello hello hello hello hello hello hello hello hello"
                text run at (2,274) width 735: "hello hello hello hello hello hello hello hello hello hello hello"
                text run at (2,308) width 330: "hello hello hello hello hello"
