layer at (0,0) size 800x600
  LayoutView at (0,0) size 800x600
layer at (0,0) size 800x244
  LayoutBlockFlow {HTML} at (0,0) size 800x244
    LayoutBlockFlow {BODY} at (8,16) size 784x220
      LayoutBlockFlow {P} at (0,0) size 784x36
        LayoutText {#text} at (0,0) size 726x36
          text run at (0,0) width 610: "The word 'PASS' should be seen below on the right hand side, inside a rounded box with black "
          text run at (609,0) width 117: "border and yellow"
          text run at (0,18) width 80: "background."
layer at (8,68) size 784x168
  LayoutBlockFlow {DIV} at (0,52) size 784x168
    LayoutMultiColumnSet (anonymous) at (0,0) size 784x168
layer at (8,68) size 392x264
  LayoutMultiColumnFlowThread (anonymous) at (0,0) size 392x264
    LayoutBlockFlow (anonymous) at (0,0) size 392x200
      LayoutBR {BR} at (0,7) size 0x18
      LayoutBR {BR} at (0,39) size 0x18
      LayoutBR {BR} at (0,71) size 0x18
      LayoutBR {BR} at (0,103) size 0x18
      LayoutBR {BR} at (0,135) size 0x18
      LayoutBR {BR} at (0,175) size 0x18
layer at (8,268) size 392x64 clip at (24,284) size 360x32
  LayoutBlockFlow (relative positioned) {DIV} at (0,200) size 392x64 [bgcolor=#FFFF00] [border: (16px solid #000000)]
    LayoutText {#text} at (177,23) size 38x18
      text run at (177,23) width 38: "PASS"
