layer at (0,0) size 800x600
  LayoutView at (0,0) size 800x600
layer at (0,0) size 800x136
  LayoutBlockFlow {html} at (0,0) size 800x136
    LayoutBlockFlow {body} at (8,16) size 784x112
      LayoutBlockFlow {p} at (0,0) size 784x18 [bgcolor=#00FF00]
        LayoutText {#text} at (0,0) size 272x17
          text run at (0,0) width 272: "This line should have a green background."
      LayoutBlockFlow {p} at (0,34) size 784x38 [bgcolor=#00FF00]
        LayoutText {#text} at (0,0) size 705x17
          text run at (0,0) width 705: "UAs may render the following element as a pop up menu. If so, please ensure the menu is unstyled (or green)."
        LayoutMenuList {select} at (0,18) size 98x20 [border: (1px solid #A9A9A9)]
          LayoutBlockFlow (anonymous) at (1,1) size 96x18
            LayoutText (anonymous) at (4,1) size 66x16
              text run at (4,1) width 66: "This should"
        LayoutText {#text} at (0,0) size 0x0
      LayoutTable {table} at (0,88) size 438x24 [bgcolor=#00FF00]
        LayoutTableSection (anonymous) at (0,0) size 438x24
          LayoutTableRow {tr} at (0,2) size 438x20
            LayoutTableCell {td} at (2,2) size 434x20 [r=0 c=0 rs=1 cs=1]
              LayoutText {#text} at (1,1) size 431x17
                text run at (1,1) width 431: "This line should have a green background (or it might be unstyled)."
