layer at (0,0) size 800x600
  LayoutView at (0,0) size 800x600
layer at (0,0) size 800x384
  LayoutBlockFlow {html} at (0,0) size 800x384
    LayoutBlockFlow {body} at (8,16) size 784x352
      LayoutBlockFlow {p} at (0,0) size 784x18
        LayoutText {#text} at (0,0) size 336x17
          text run at (0,0) width 336: "This paragraph is here only to fill space in the DOM"
      LayoutBlockFlow {address} at (0,34) size 784x18
        LayoutText {#text} at (0,0) size 139x17
          text run at (0,0) width 139: "And this address too.."
      LayoutBlockFlow {p} at (0,68) size 784x18
        LayoutText {#text} at (0,0) size 155x17
          text run at (0,0) width 155: "So does this paragraph !"
      LayoutBlockFlow {p} at (0,102) size 784x18 [bgcolor=#00FF00]
        LayoutText {#text} at (0,0) size 278x17
          text run at (0,0) width 278: "But this one should have green background"
      LayoutBlockFlow {dl} at (0,136) size 784x216
        LayoutBlockFlow {dt} at (0,0) size 784x18 [bgcolor=#00FF00]
          LayoutText {#text} at (0,0) size 357x17
            text run at (0,0) width 357: "First definition term that should have green background"
        LayoutBlockFlow {dd} at (40,18) size 744x18 [bgcolor=#00FF00]
          LayoutText {#text} at (0,0) size 324x17
            text run at (0,0) width 324: "First definition that should have green background"
        LayoutBlockFlow {dt} at (0,36) size 784x18
          LayoutText {#text} at (0,0) size 147x17
            text run at (0,0) width 147: "Second definition term"
        LayoutBlockFlow {dd} at (40,54) size 744x18
          LayoutText {#text} at (0,0) size 114x17
            text run at (0,0) width 114: "Second definition"
        LayoutBlockFlow {dt} at (0,72) size 784x18
          LayoutText {#text} at (0,0) size 136x17
            text run at (0,0) width 136: "Third definition term"
        LayoutBlockFlow {dd} at (40,90) size 744x18
          LayoutText {#text} at (0,0) size 102x17
            text run at (0,0) width 102: "Third definition"
        LayoutBlockFlow {dt} at (0,108) size 784x18 [bgcolor=#00FF00]
          LayoutText {#text} at (0,0) size 371x17
            text run at (0,0) width 371: "Fourth definition term that should have green background"
        LayoutBlockFlow {dd} at (40,126) size 744x18 [bgcolor=#00FF00]
          LayoutText {#text} at (0,0) size 337x17
            text run at (0,0) width 337: "Fourth definition that should have green background"
        LayoutBlockFlow {dt} at (0,144) size 784x18
          LayoutText {#text} at (0,0) size 131x17
            text run at (0,0) width 131: "Fifth definition term"
        LayoutBlockFlow {dd} at (40,162) size 744x18
          LayoutText {#text} at (0,0) size 98x17
            text run at (0,0) width 98: "Fifth definition"
        LayoutBlockFlow {dt} at (0,180) size 784x18
          LayoutText {#text} at (0,0) size 134x17
            text run at (0,0) width 134: "Sixth definition term"
        LayoutBlockFlow {dd} at (40,198) size 744x18
          LayoutText {#text} at (0,0) size 100x17
            text run at (0,0) width 100: "Sixth definition"
