layer at (0,0) size 800x600
  LayoutView at (0,0) size 800x600
layer at (0,0) size 800x600
  LayoutBlockFlow {HTML} at (0,0) size 800x600
    LayoutBlockFlow {BODY} at (8,8) size 784x584
      LayoutInline {A} at (0,0) size 32x17 [color=#0000EE]
        LayoutText {#text} at (0,1) size 32x17
          text run at (0,1) width 32: "\x{5EFA}\x{7BC9}"
      LayoutText {#text} at (32,1) size 8x17
        text run at (32,1) width 8: ", "
      LayoutInline {A} at (0,0) size 48x17 [color=#0000EE]
        LayoutText {#text} at (40,1) size 48x17
          text run at (40,1) width 48: "\x{7F8E}\x{8853}\x{9928}"
      LayoutText {#text} at (88,1) size 8x17
        text run at (88,1) width 8: ", "
      LayoutInline {A} at (0,0) size 32x17 [color=#0000EE]
        LayoutText {#text} at (96,1) size 32x17
          text run at (96,1) width 32: "\x{6B74}\x{53F2}"
      LayoutText {#text} at (128,1) size 8x17
        text run at (128,1) width 8: ", "
      LayoutInline {A} at (0,0) size 32x17 [color=#0000EE]
        LayoutText {#text} at (136,1) size 32x17
          text run at (136,1) width 32: "\x{6587}\x{5B66}"
      LayoutText {#text} at (168,1) size 24x17
        text run at (168,1) width 4: " "
        text run at (172,1) width 20: "...a"
