layer at (0,0) size 800x600
  LayoutView at (0,0) size 800x600
layer at (0,0) size 800x600
  LayoutBlockFlow {HTML} at (0,0) size 800x600
    LayoutBlockFlow {BODY} at (8,8) size 784x584
      LayoutTable {TABLE} at (0,0) size 784x322 [border: (5px outset #808080)]
        LayoutTableSection {TBODY} at (5,5) size 774x312
          LayoutTableRow {TR} at (0,2) size 774x308
            LayoutTableCell {TD} at (2,154) size 716x4 [border: (1px inset #808080)] [r=0 c=0 rs=1 cs=1]
            LayoutTableCell {TD} at (720,2) size 52x308 [border: (1px inset #808080)] [r=0 c=1 rs=1 cs=1]
              LayoutInline {A} at (0,0) size 32x17 [color=#0000EE]
                LayoutText {#text} at (2,3) size 32x17
                  text run at (2,3) width 32: "\x{5CA1}\x{5C71}"
              LayoutText {#text} at (34,3) size 16x17
                text run at (34,3) width 16: "\x{FF5C}"
              LayoutInline {A} at (0,0) size 32x17 [color=#0000EE]
                LayoutText {#text} at (2,22) size 32x17
                  text run at (2,22) width 32: "\x{5E83}\x{5CF6}"
              LayoutText {#text} at (34,22) size 16x17
                text run at (34,22) width 16: "\x{FF5C}"
              LayoutInline {A} at (0,0) size 32x17 [color=#0000EE]
                LayoutText {#text} at (2,41) size 32x17
                  text run at (2,41) width 32: "\x{5C71}\x{53E3}"
              LayoutText {#text} at (34,41) size 16x17
                text run at (34,41) width 16: "\x{FF5C}"
              LayoutInline {A} at (0,0) size 32x17 [color=#0000EE]
                LayoutText {#text} at (2,60) size 32x17
                  text run at (2,60) width 32: "\x{5FB3}\x{5CF6}"
              LayoutText {#text} at (34,60) size 16x17
                text run at (34,60) width 16: "\x{FF5C}"
              LayoutInline {A} at (0,0) size 32x17 [color=#0000EE]
                LayoutText {#text} at (2,79) size 32x17
                  text run at (2,79) width 32: "\x{9999}\x{5DDD}"
              LayoutText {#text} at (34,79) size 16x17
                text run at (34,79) width 16: "\x{FF5C}"
              LayoutInline {A} at (0,0) size 32x17 [color=#0000EE]
                LayoutText {#text} at (2,98) size 32x17
                  text run at (2,98) width 32: "\x{611B}\x{5A9B}"
              LayoutText {#text} at (34,98) size 16x17
                text run at (34,98) width 16: "\x{FF5C}"
              LayoutInline {A} at (0,0) size 32x17 [color=#0000EE]
                LayoutText {#text} at (2,117) size 32x17
                  text run at (2,117) width 32: "\x{9AD8}\x{77E5}"
              LayoutText {#text} at (34,117) size 16x17
                text run at (34,117) width 16: "\x{FF5C}"
              LayoutInline {A} at (0,0) size 48x36 [color=#0000EE]
                LayoutText {#text} at (2,136) size 48x36
                  text run at (2,136) width 40: "\x{798F}\x{5CA1}\x{30FB}"
                  text run at (2,155) width 48: "\x{5317}\x{4E5D}\x{5DDE}"
              LayoutText {#text} at (2,174) size 16x17
                text run at (2,174) width 16: "\x{FF5C}"
              LayoutInline {A} at (0,0) size 32x17 [color=#0000EE]
                LayoutText {#text} at (18,174) size 32x17
                  text run at (18,174) width 32: "\x{4F50}\x{8CC0}"
              LayoutText {#text} at (2,193) size 16x17
                text run at (2,193) width 16: "\x{FF5C}"
              LayoutInline {A} at (0,0) size 32x17 [color=#0000EE]
                LayoutText {#text} at (18,193) size 32x17
                  text run at (18,193) width 32: "\x{9577}\x{5D0E}"
              LayoutText {#text} at (2,212) size 16x17
                text run at (2,212) width 16: "\x{FF5C}"
              LayoutInline {A} at (0,0) size 32x17 [color=#0000EE]
                LayoutText {#text} at (18,212) size 32x17
                  text run at (18,212) width 32: "\x{718A}\x{672C}"
              LayoutText {#text} at (2,231) size 16x17
                text run at (2,231) width 16: "\x{FF5C}"
              LayoutInline {A} at (0,0) size 32x17 [color=#0000EE]
                LayoutText {#text} at (18,231) size 32x17
                  text run at (18,231) width 32: "\x{5927}\x{5206}"
              LayoutText {#text} at (2,250) size 16x17
                text run at (2,250) width 16: "\x{FF5C}"
              LayoutInline {A} at (0,0) size 32x17 [color=#0000EE]
                LayoutText {#text} at (18,250) size 32x17
                  text run at (18,250) width 32: "\x{5BAE}\x{5D0E}"
              LayoutText {#text} at (2,269) size 16x17
                text run at (2,269) width 16: "\x{FF5C}"
              LayoutInline {A} at (0,0) size 48x36 [color=#0000EE]
                LayoutText {#text} at (18,269) size 48x36
                  text run at (18,269) width 32: "\x{9E7F}\x{5150}"
                  text run at (2,288) width 16: "\x{5CF6}"
              LayoutText {#text} at (18,288) size 16x17
                text run at (18,288) width 16: "\x{FF5C}"
