layer at (0,0) size 800x600
  LayoutView at (0,0) size 800x600
layer at (0,0) size 800x127
  LayoutBlockFlow {HTML} at (0,0) size 800x127
    LayoutBlockFlow {BODY} at (8,16) size 784x95
      LayoutBlockFlow {P} at (0,0) size 784x25
        LayoutInline {NOBR} at (0,0) size 112x17
          LayoutInline {B} at (0,0) size 18x17
            LayoutText {#text} at (0,0) size 18x17
              text run at (0,0) width 18: "\x{179C}\x{17C9}\x{17C2}\x{1794}"
          LayoutText {#text} at (17,0) size 5x17
            text run at (17,0) width 5: " "
          LayoutInline {A} at (0,0) size 27x17 [color=#0000EE]
            LayoutText {#text} at (21,0) size 27x17
              text run at (21,0) width 27: "\x{179A}\x{17BC}\x{1794}\x{1797}\x{17B6}\x{1796}"
          LayoutText {#text} at (47,0) size 5x17
            text run at (47,0) width 5: " "
          LayoutInline {A} at (0,0) size 17x17 [color=#0000EE]
            LayoutText {#text} at (51,0) size 17x17
              text run at (51,0) width 17: "\x{1780}\x{17D2}\x{179A}\x{17BB}\x{1798}"
          LayoutText {#text} at (67,0) size 5x17
            text run at (67,0) width 5: " "
          LayoutInline {A} at (0,0) size 41x17 [color=#0000EE]
            LayoutText {#text} at (71,0) size 41x17
              text run at (71,0) width 41: "\x{1790}\x{178F}\x{17AF}\x{1780}\x{179F}\x{17B6}\x{179A}"
        LayoutText {#text} at (0,0) size 0x0
      LayoutBlockFlow {P} at (0,41) size 784x54
        LayoutText {#text} at (0,0) size 542x17
          text run at (0,0) width 542: "Some Harfbuzz shapers will output cluster logs which suggest that some glyphs had "
        LayoutInline {I} at (0,0) size 17x17
          LayoutText {#text} at (541,0) size 17x17
            text run at (541,0) width 17: "no"
        LayoutText {#text} at (557,0) size 780x35
          text run at (557,0) width 223: " contributing code points. This test"
          text run at (0,18) width 178: "contains such text and uses "
        LayoutInline {TT} at (0,0) size 89x16
          LayoutText {#text} at (177,20) size 89x16
            text run at (177,20) width 89: "eventSender"
        LayoutText {#text} at (265,18) size 447x17
          text run at (265,18) width 447: " to select the text. You should see some of the above text selected and"
        LayoutInline {TT} at (0,0) size 80x16
          LayoutText {#text} at (0,38) size 80x16
            text run at (0,38) width 80: "test_shell"
        LayoutText {#text} at (80,36) size 262x17
          text run at (80,36) width 262: " shouldn't trigger any assertions or crash."
selection start: position 0 of child 0 {#text} of child 0 {B} of child 1 {NOBR} of child 1 {P} of body
selection end:   position 7 of child 0 {#text} of child 6 {A} of child 1 {NOBR} of child 1 {P} of body
