layer at (0,0) size 800x600 clip at (0,0) size 785x600 scrollHeight 26754
  LayoutView at (0,0) size 800x600
layer at (0,0) size 785x600
  LayoutBlockFlow {HTML} at (0,0) size 785x600
    LayoutBlockFlow {BODY} at (8,8) size 769x576
      LayoutBlockFlow {P} at (0,0) size 769x72
        LayoutText {#text} at (0,0) size 761x71
          text run at (0,0) width 743: "The column on the right has explicit spaces. Line breaks should be roughly the same if Thai line breaks are working"
          text run at (0,18) width 760: "well. The original source of this text was ICU, and the test program said \"by it's very nature, Thai word breaking is not"
          text run at (0,36) width 761: "exact\", so the columns don't match exactly. In a future version we might decide to tweak the right column to match our"
          text run at (0,54) width 120: "expected behavior."
layer at (236,96) size 1x25360 backgroundClip at (0,0) size 785x600 clip at (0,0) size 785x600
  LayoutBlockFlow (positioned) {DIV} at (235.50,96) size 1x25360
    LayoutText {#text} at (0,2) size 83x25357
      text run at (0,2) width 22: "\x{E1A}\x{E17}"
      text run at (0,22) width 50: "\x{E17}\x{E35}\x{E48}\x{E51}\x{E1E}\x{E32}\x{E22}\x{E38}"
      text run at (0,42) width 57: "\x{E44}\x{E0B}\x{E42}\x{E04}\x{E25}\x{E19}"
      text run at (0,62) width 18: "\x{E42}\x{E14}"
      text run at (0,82) width 24: "\x{E42}\x{E23}\x{E18}\x{E35}"
      text run at (0,102) width 37: "\x{E2D}\x{E32}\x{E28}\x{E31}\x{E22}"
      text run at (0,122) width 19: "\x{E2D}\x{E22}\x{E39}\x{E48}"
      text run at (0,142) width 64: "\x{E17}\x{E48}\x{E32}\x{E21}\x{E01}\x{E25}\x{E32}\x{E07}"
      text run at (0,162) width 51: "\x{E17}\x{E38}\x{E48}\x{E07}\x{E43}\x{E2B}\x{E0D}\x{E48}"
      text run at (0,182) width 17: "\x{E43}\x{E19}"
      text run at (0,202) width 50: "\x{E41}\x{E04}\x{E19}\x{E0B}\x{E31}\x{E2A}"
      text run at (0,222) width 20: "\x{E01}\x{E31}\x{E1A}"
      text run at (0,242) width 18: "\x{E25}\x{E38}\x{E07}"
      text run at (0,262) width 15: "\x{E40}\x{E2E}"
      text run at (0,282) width 17: "\x{E19}\x{E23}\x{E35}"
      text run at (0,302) width 41: "\x{E0A}\x{E32}\x{E27}\x{E44}\x{E23}\x{E48}"
      text run at (0,322) width 27: "\x{E41}\x{E25}\x{E30}"
      text run at (0,342) width 18: "\x{E1B}\x{E49}\x{E32}"
      text run at (0,362) width 25: "\x{E40}\x{E2D}\x{E47}\x{E21}"
      text run at (0,382) width 41: "\x{E20}\x{E23}\x{E23}\x{E22}\x{E32}"
      text run at (0,402) width 41: "\x{E0A}\x{E32}\x{E27}\x{E44}\x{E23}\x{E48}"
      text run at (0,422) width 28: "\x{E1A}\x{E49}\x{E32}\x{E19}"
      text run at (0,442) width 28: "\x{E02}\x{E2D}\x{E07}"
      text run at (0,462) width 29: "\x{E1E}\x{E27}\x{E01}"
      text run at (0,482) width 23: "\x{E40}\x{E02}\x{E32}"
      text run at (0,502) width 29: "\x{E2B}\x{E25}\x{E31}\x{E07}"
      text run at (0,522) width 25: "\x{E40}\x{E25}\x{E47}\x{E01}"
      text run at (0,542) width 39: "\x{E40}\x{E1E}\x{E23}\x{E32}\x{E30}"
      text run at (0,562) width 18: "\x{E44}\x{E21}\x{E49}"
      text run at (0,582) width 33: "\x{E2A}\x{E23}\x{E49}\x{E32}\x{E07}"
      text run at (0,602) width 28: "\x{E1A}\x{E49}\x{E32}\x{E19}"
      text run at (0,622) width 28: "\x{E15}\x{E49}\x{E2D}\x{E07}"
      text run at (0,642) width 20: "\x{E02}\x{E19}"
      text run at (0,662) width 18: "\x{E21}\x{E32}"
      text run at (0,682) width 27: "\x{E14}\x{E49}\x{E27}\x{E22}"
      text run at (0,702) width 42: "\x{E40}\x{E01}\x{E27}\x{E35}\x{E22}\x{E19}"
      text run at (0,722) width 26: "\x{E40}\x{E1B}\x{E47}\x{E19}"
      text run at (0,742) width 31: "\x{E23}\x{E30}\x{E22}\x{E30}"
      text run at (0,762) width 28: "\x{E17}\x{E32}\x{E07}"
      text run at (0,782) width 38: "\x{E2B}\x{E25}\x{E32}\x{E22}"
      text run at (0,802) width 28: "\x{E44}\x{E21}\x{E25}\x{E4C}"
      text run at (0,822) width 28: "\x{E1A}\x{E49}\x{E32}\x{E19}"
      text run at (0,842) width 10: "\x{E21}\x{E35}"
      text run at (0,862) width 10: "\x{E2A}\x{E35}\x{E48}"
      text run at (0,882) width 18: "\x{E1D}\x{E32}"
      text run at (0,902) width 10: "\x{E21}\x{E35}"
      text run at (0,922) width 22: "\x{E1E}\x{E37}\x{E49}\x{E19}"
      text run at (0,942) width 20: "\x{E01}\x{E31}\x{E1A}"
      text run at (0,962) width 47: "\x{E2B}\x{E25}\x{E31}\x{E07}\x{E04}\x{E32}"
      text run at (0,982) width 25: "\x{E23}\x{E27}\x{E21}"
      text run at (0,1002) width 20: "\x{E17}\x{E33}"
      text run at (0,1022) width 26: "\x{E40}\x{E1B}\x{E47}\x{E19}"
      text run at (0,1042) width 29: "\x{E2B}\x{E49}\x{E2D}\x{E07}"
      text run at (0,1062) width 33: "\x{E40}\x{E14}\x{E35}\x{E22}\x{E27}"
      text run at (0,1082) width 17: "\x{E43}\x{E19}"
      text run at (0,1102) width 29: "\x{E2B}\x{E49}\x{E2D}\x{E07}"
      text run at (0,1122) width 10: "\x{E21}\x{E35}"
      text run at (0,1142) width 20: "\x{E17}\x{E31}\x{E49}\x{E07}"
      text run at (0,1162) width 23: "\x{E40}\x{E15}\x{E32}"
      text run at (0,1182) width 19: "\x{E2B}\x{E38}\x{E07}"
      text run at (0,1202) width 20: "\x{E15}\x{E49}\x{E21}"
      text run at (0,1222) width 12: "\x{E17}\x{E35}\x{E48}"
      text run at (0,1242) width 30: "\x{E2A}\x{E19}\x{E34}\x{E21}"
      text run at (0,1262) width 10: "\x{E14}\x{E39}"
      text run at (0,1282) width 20: "\x{E02}\x{E36}\x{E49}\x{E19}"
      text run at (0,1302) width 32: "\x{E40}\x{E25}\x{E2D}\x{E30}"
      text run at (0,1322) width 10: "\x{E21}\x{E35}"
      text run at (0,1342) width 10: "\x{E15}\x{E39}\x{E49}"
      text run at (0,1362) width 17: "\x{E43}\x{E2A}\x{E48}"
      text run at (0,1382) width 27: "\x{E16}\x{E49}\x{E27}\x{E22}"
      text run at (0,1402) width 28: "\x{E0A}\x{E32}\x{E21}"
      text run at (0,1422) width 25: "\x{E42}\x{E15}\x{E4A}\x{E30}"
      text run at (0,1442) width 33: "\x{E40}\x{E01}\x{E49}\x{E32}\x{E2D}\x{E35}\x{E49}"
      text run at (0,1462) width 28: "\x{E2A}\x{E32}\x{E21}"
      text run at (0,1482) width 28: "\x{E2B}\x{E23}\x{E37}\x{E2D}"
      text run at (0,1502) width 10: "\x{E2A}\x{E35}\x{E48}"
      text run at (0,1522) width 18: "\x{E15}\x{E31}\x{E27}"
      text run at (0,1542) width 28: "\x{E41}\x{E25}\x{E49}\x{E27}"
      text run at (0,1562) width 10: "\x{E01}\x{E47}"
      text run at (0,1582) width 10: "\x{E21}\x{E35}"
      text run at (0,1602) width 33: "\x{E40}\x{E15}\x{E35}\x{E22}\x{E07}"
      text run at (0,1622) width 30: "\x{E19}\x{E2D}\x{E19}"
      text run at (0,1642) width 18: "\x{E25}\x{E38}\x{E07}"
      text run at (0,1662) width 15: "\x{E40}\x{E2E}"
      text run at (0,1682) width 17: "\x{E19}\x{E23}\x{E35}"
      text run at (0,1702) width 20: "\x{E01}\x{E31}\x{E1A}"
      text run at (0,1722) width 18: "\x{E1B}\x{E49}\x{E32}"
      text run at (0,1742) width 25: "\x{E40}\x{E2D}\x{E47}\x{E21}"
      text run at (0,1762) width 10: "\x{E21}\x{E35}"
      text run at (0,1782) width 33: "\x{E40}\x{E15}\x{E35}\x{E22}\x{E07}"
      text run at (0,1802) width 30: "\x{E19}\x{E2D}\x{E19}"
      text run at (0,1822) width 32: "\x{E43}\x{E2B}\x{E0D}\x{E48}"
      text run at (0,1842) width 19: "\x{E2D}\x{E22}\x{E39}\x{E48}"
      text run at (0,1862) width 12: "\x{E17}\x{E35}\x{E48}"
      text run at (0,1882) width 20: "\x{E21}\x{E38}\x{E21}"
      text run at (0,1902) width 29: "\x{E2B}\x{E19}\x{E36}\x{E48}\x{E07}"
      text run at (0,1922) width 28: "\x{E2A}\x{E48}\x{E27}\x{E19}"
      text run at (0,1942) width 18: "\x{E42}\x{E14}"
      text run at (0,1962) width 15: "\x{E42}\x{E23}"
      text run at (0,1982) width 19: "\x{E18}\x{E35}\x{E21}\x{E35}"
      text run at (0,2002) width 33: "\x{E40}\x{E15}\x{E35}\x{E22}\x{E07}"
      text run at (0,2022) width 25: "\x{E40}\x{E25}\x{E47}\x{E01}"
      text run at (0,2042) width 20: "\x{E2D}\x{E35}\x{E01}"
      text run at (0,2062) width 12: "\x{E17}\x{E35}\x{E48}"
      text run at (0,2082) width 20: "\x{E21}\x{E38}\x{E21}"
      text run at (0,2102) width 29: "\x{E2B}\x{E19}\x{E36}\x{E48}\x{E07}"
      text run at (0,2122) width 28: "\x{E44}\x{E21}\x{E48}\x{E21}\x{E35}"
      text run at (0,2142) width 29: "\x{E2B}\x{E49}\x{E2D}\x{E07}"
      text run at (0,2162) width 17: "\x{E43}\x{E15}\x{E49}"
      text run at (0,2182) width 45: "\x{E40}\x{E1E}\x{E14}\x{E32}\x{E19}"
      text run at (0,2202) width 25: "\x{E40}\x{E25}\x{E22}"
      text run at (0,2222) width 29: "\x{E2B}\x{E49}\x{E2D}\x{E07}"
      text run at (0,2242) width 37: "\x{E43}\x{E15}\x{E49}\x{E16}\x{E38}\x{E19}"
      text run at (0,2262) width 10: "\x{E01}\x{E47}"
      text run at (0,2282) width 28: "\x{E44}\x{E21}\x{E48}\x{E21}\x{E35}"
      text run at (0,2302) width 23: "\x{E40}\x{E27}\x{E49}\x{E19}"
      text run at (0,2322) width 20: "\x{E41}\x{E15}\x{E48}"
      text run at (0,2342) width 10: "\x{E21}\x{E35}"
      text run at (0,2362) width 20: "\x{E42}\x{E1E}"
      text run at (0,2382) width 15: "\x{E23}\x{E07}"
      text run at (0,2402) width 33: "\x{E40}\x{E25}\x{E47}\x{E01}\x{E46}"
      text run at (0,2422) width 12: "\x{E17}\x{E35}\x{E48}"
      text run at (0,2442) width 20: "\x{E02}\x{E38}\x{E14}"
      text run at (0,2462) width 19: "\x{E44}\x{E1B}"
      text run at (0,2482) width 17: "\x{E43}\x{E15}\x{E49}"
      text run at (0,2502) width 22: "\x{E1E}\x{E37}\x{E49}\x{E19}"
      text run at (0,2522) width 31: "\x{E40}\x{E23}\x{E35}\x{E22}\x{E01}"
      text run at (0,2542) width 16: "\x{E27}\x{E48}\x{E32}"
      text run at (0,2562) width 41: "\"\x{E42}\x{E1E}\x{E23}\x{E07}"
      text run at (0,2582) width 64: "\x{E44}\x{E0B}\x{E42}\x{E04}\x{E25}\x{E19}\""
      text run at (0,2602) width 26: "\x{E40}\x{E1B}\x{E47}\x{E19}"
      text run at (0,2622) width 12: "\x{E17}\x{E35}\x{E48}"
      text run at (0,2642) width 61: "\x{E04}\x{E23}\x{E2D}\x{E1A}\x{E04}\x{E23}\x{E31}\x{E27}"
      text run at (0,2662) width 10: "\x{E19}\x{E35}\x{E49}"
      text run at (0,2682) width 17: "\x{E08}\x{E30}"
      text run at (0,2702) width 20: "\x{E21}\x{E38}\x{E14}"
      text run at (0,2722) width 42: "\x{E40}\x{E02}\x{E49}\x{E32}\x{E44}\x{E1B}"
      text run at (0,2742) width 25: "\x{E40}\x{E21}\x{E37}\x{E48}\x{E2D}"
      text run at (0,2762) width 25: "\x{E40}\x{E01}\x{E34}\x{E14}"
      text run at (0,2782) width 20: "\x{E25}\x{E21}"
      text run at (0,2802) width 29: "\x{E21}\x{E2B}\x{E32}"
      text run at (0,2822) width 20: "\x{E20}\x{E31}\x{E22}"
      text run at (0,2842) width 19: "\x{E0B}\x{E36}\x{E48}\x{E07}"
      text run at (0,2862) width 51: "\x{E01}\x{E23}\x{E30}\x{E42}\x{E0A}\x{E01}"
      text run at (0,2882) width 25: "\x{E41}\x{E23}\x{E07}"
      text run at (0,2902) width 19: "\x{E08}\x{E19}"
      text run at (0,2922) width 39: "\x{E1A}\x{E14}\x{E02}\x{E22}\x{E35}\x{E49}"
      text run at (0,2942) width 18: "\x{E2A}\x{E34}\x{E48}\x{E07}"
      text run at (0,2962) width 20: "\x{E01}\x{E48}\x{E2D}"
      text run at (0,2982) width 33: "\x{E2A}\x{E23}\x{E49}\x{E32}\x{E07}"
      text run at (0,3002) width 25: "\x{E43}\x{E14}\x{E46}"
      text run at (0,3022) width 12: "\x{E17}\x{E35}\x{E48}"
      text run at (0,3042) width 34: "\x{E02}\x{E27}\x{E32}\x{E07}"
      text run at (0,3062) width 28: "\x{E17}\x{E32}\x{E07}"
      text run at (0,3082) width 20: "\x{E21}\x{E31}\x{E19}"
      text run at (0,3102) width 19: "\x{E44}\x{E14}\x{E49}"
      text run at (0,3122) width 25: "\x{E15}\x{E23}\x{E07}"
      text run at (0,3142) width 36: "\x{E01}\x{E25}\x{E32}\x{E07}"
      text run at (0,3162) width 22: "\x{E1E}\x{E37}\x{E49}\x{E19}"
      text run at (0,3182) width 10: "\x{E21}\x{E35}"
      text run at (0,3202) width 18: "\x{E1D}\x{E32}"
      text run at (0,3222) width 26: "\x{E40}\x{E1B}\x{E34}\x{E14}"
      text run at (0,3242) width 42: "\x{E40}\x{E02}\x{E49}\x{E32}\x{E44}\x{E1B}"
      text run at (0,3262) width 27: "\x{E08}\x{E32}\x{E01}"
      text run at (0,3282) width 20: "\x{E19}\x{E31}\x{E49}\x{E19}"
      text run at (0,3302) width 10: "\x{E21}\x{E35}"
      text run at (0,3322) width 38: "\x{E1A}\x{E31}\x{E19}\x{E44}\x{E14}"
      text run at (0,3342) width 18: "\x{E25}\x{E07}"
      text run at (0,3362) width 19: "\x{E44}\x{E1B}"
      text run at (0,3382) width 18: "\x{E16}\x{E36}\x{E07}"
      text run at (0,3402) width 34: "\x{E42}\x{E1E}\x{E23}\x{E07}"
      text run at (0,3422) width 20: "\x{E21}\x{E37}\x{E14}"
      text run at (0,3442) width 33: "\x{E40}\x{E25}\x{E47}\x{E01}\x{E46}"
      text run at (0,3462) width 25: "\x{E40}\x{E21}\x{E37}\x{E48}\x{E2D}"
      text run at (0,3482) width 18: "\x{E42}\x{E14}"
      text run at (0,3502) width 24: "\x{E42}\x{E23}\x{E18}\x{E35}"
      text run at (0,3522) width 20: "\x{E22}\x{E37}\x{E19}"
      text run at (0,3542) width 12: "\x{E17}\x{E35}\x{E48}"
      text run at (0,3562) width 28: "\x{E1B}\x{E32}\x{E01}"
      text run at (0,3582) width 34: "\x{E1B}\x{E23}\x{E30}\x{E15}\x{E39}"
      text run at (0,3602) width 27: "\x{E41}\x{E25}\x{E30}"
      text run at (0,3622) width 27: "\x{E21}\x{E2D}\x{E07}"
      text run at (0,3642) width 19: "\x{E44}\x{E1B}"
      text run at (0,3662) width 35: "\x{E23}\x{E2D}\x{E1A}\x{E46}"
      text run at (0,3682) width 24: "\x{E40}\x{E18}\x{E2D}"
      text run at (0,3702) width 18: "\x{E44}\x{E21}\x{E48}"
      text run at (0,3722) width 26: "\x{E40}\x{E2B}\x{E47}\x{E19}"
      text run at (0,3742) width 32: "\x{E2D}\x{E30}\x{E44}\x{E23}"
      text run at (0,3762) width 56: "\x{E19}\x{E2D}\x{E01}\x{E08}\x{E32}\x{E01}"
      text run at (0,3782) width 29: "\x{E17}\x{E49}\x{E2D}\x{E07}"
      text run at (0,3802) width 20: "\x{E17}\x{E38}\x{E48}\x{E07}"
      text run at (0,3822) width 33: "\x{E01}\x{E27}\x{E49}\x{E32}\x{E07}"
      text run at (0,3842) width 10: "\x{E2A}\x{E35}"
      text run at (0,3862) width 25: "\x{E40}\x{E17}\x{E32}"
      text run at (0,3882) width 31: "\x{E2B}\x{E21}\x{E48}\x{E19}"
      text run at (0,3902) width 20: "\x{E17}\x{E31}\x{E48}\x{E27}"
      text run at (0,3922) width 21: "\x{E17}\x{E38}\x{E01}"
      text run at (0,3942) width 28: "\x{E14}\x{E49}\x{E32}\x{E19}"
      text run at (0,3962) width 28: "\x{E44}\x{E21}\x{E48}\x{E21}\x{E35}"
      text run at (0,3982) width 20: "\x{E41}\x{E21}\x{E49}"
      text run at (0,4002) width 38: "\x{E15}\x{E49}\x{E19}\x{E44}\x{E21}\x{E49}"
      text run at (0,4022) width 20: "\x{E2A}\x{E31}\x{E01}"
      text run at (0,4042) width 20: "\x{E15}\x{E49}\x{E19}"
      text run at (0,4062) width 28: "\x{E2B}\x{E23}\x{E37}\x{E2D}"
      text run at (0,4082) width 28: "\x{E1A}\x{E49}\x{E32}\x{E19}"
      text run at (0,4102) width 20: "\x{E2A}\x{E31}\x{E01}"
      text run at (0,4122) width 29: "\x{E2B}\x{E25}\x{E31}\x{E07}"
      text run at (0,4142) width 12: "\x{E17}\x{E35}\x{E48}"
      text run at (0,4162) width 28: "\x{E42}\x{E1C}\x{E25}\x{E48}"
      text run at (0,4182) width 22: "\x{E1E}\x{E49}\x{E19}"
      text run at (0,4202) width 71: "\x{E20}\x{E39}\x{E21}\x{E34}\x{E1B}\x{E23}\x{E30}\x{E40}\x{E17}\x{E28}"
      text run at (0,4222) width 20: "\x{E2D}\x{E31}\x{E19}"
      text run at (0,4242) width 25: "\x{E23}\x{E32}\x{E1A}"
      text run at (0,4262) width 32: "\x{E40}\x{E23}\x{E35}\x{E22}\x{E1A}"
      text run at (0,4282) width 20: "\x{E41}\x{E1C}\x{E48}"
      text run at (0,4302) width 19: "\x{E44}\x{E1B}"
      text run at (0,4322) width 28: "\x{E44}\x{E01}\x{E25}"
      text run at (0,4342) width 19: "\x{E08}\x{E19}"
      text run at (0,4362) width 19: "\x{E08}\x{E14}"
      text run at (0,4382) width 30: "\x{E02}\x{E2D}\x{E1A}"
      text run at (0,4402) width 19: "\x{E1F}\x{E49}\x{E32}"
      text run at (0,4422) width 20: "\x{E17}\x{E31}\x{E48}\x{E27}"
      text run at (0,4442) width 21: "\x{E17}\x{E38}\x{E01}"
      text run at (0,4462) width 22: "\x{E17}\x{E34}\x{E28}"
      text run at (0,4482) width 61: "\x{E14}\x{E27}\x{E07}\x{E15}\x{E30}\x{E27}\x{E31}\x{E19}"
      text run at (0,4502) width 24: "\x{E40}\x{E1C}\x{E32}"
      text run at (0,4522) width 20: "\x{E1C}\x{E37}\x{E19}"
      text run at (0,4542) width 20: "\x{E14}\x{E34}\x{E19}"
      text run at (0,4562) width 12: "\x{E17}\x{E35}\x{E48}"
      text run at (0,4582) width 18: "\x{E44}\x{E16}"
      text run at (0,4602) width 28: "\x{E41}\x{E25}\x{E49}\x{E27}"
      text run at (0,4622) width 19: "\x{E08}\x{E19}"
      text run at (0,4642) width 37: "\x{E01}\x{E25}\x{E32}\x{E22}"
      text run at (0,4662) width 26: "\x{E40}\x{E1B}\x{E47}\x{E19}"
      text run at (0,4682) width 30: "\x{E41}\x{E1C}\x{E48}\x{E19}"
      text run at (0,4702) width 38: "\x{E21}\x{E2B}\x{E36}\x{E21}\x{E32}"
      text run at (0,4722) width 10: "\x{E2A}\x{E35}"
      text run at (0,4742) width 18: "\x{E14}\x{E33}"
      text run at (0,4762) width 10: "\x{E21}\x{E35}"
      text run at (0,4782) width 26: "\x{E23}\x{E2D}\x{E22}"
      text run at (0,4802) width 29: "\x{E41}\x{E15}\x{E01}"
      text run at (0,4822) width 43: "\x{E23}\x{E30}\x{E41}\x{E2B}\x{E07}"
      text run at (0,4842) width 19: "\x{E2D}\x{E22}\x{E39}\x{E48}"
      text run at (0,4862) width 40: "\x{E15}\x{E25}\x{E2D}\x{E14}"
      text run at (0,4882) width 39: "\x{E41}\x{E21}\x{E49}\x{E41}\x{E15}\x{E48}"
      text run at (0,4902) width 32: "\x{E2B}\x{E0D}\x{E49}\x{E32}"
      text run at (0,4922) width 10: "\x{E01}\x{E47}"
      text run at (0,4942) width 18: "\x{E44}\x{E21}\x{E48}"
      text run at (0,4962) width 33: "\x{E40}\x{E02}\x{E35}\x{E22}\x{E27}"
      text run at (0,4982) width 39: "\x{E40}\x{E1E}\x{E23}\x{E32}\x{E30}"
      text run at (0,5002) width 61: "\x{E14}\x{E27}\x{E07}\x{E15}\x{E30}\x{E27}\x{E31}\x{E19}"
      text run at (0,5022) width 24: "\x{E40}\x{E1C}\x{E32}"
      text run at (0,5042) width 29: "\x{E22}\x{E2D}\x{E14}"
      text run at (0,5062) width 18: "\x{E43}\x{E1A}"
      text run at (0,5082) width 25: "\x{E22}\x{E32}\x{E27}"
      text run at (0,5102) width 25: "\x{E40}\x{E2A}\x{E35}\x{E22}"
      text run at (0,5122) width 19: "\x{E08}\x{E19}"
      text run at (0,5142) width 26: "\x{E40}\x{E1B}\x{E47}\x{E19}"
      text run at (0,5162) width 10: "\x{E2A}\x{E35}"
      text run at (0,5182) width 25: "\x{E40}\x{E17}\x{E32}"
      text run at (0,5202) width 31: "\x{E2B}\x{E21}\x{E48}\x{E19}"
      text run at (0,5222) width 27: "\x{E21}\x{E2D}\x{E07}"
      text run at (0,5242) width 26: "\x{E40}\x{E2B}\x{E47}\x{E19}"
      text run at (0,5262) width 19: "\x{E2D}\x{E22}\x{E39}\x{E48}"
      text run at (0,5282) width 38: "\x{E17}\x{E31}\x{E48}\x{E27}\x{E44}\x{E1B}"
      text run at (0,5302) width 25: "\x{E04}\x{E23}\x{E31}\x{E49}\x{E07}"
      text run at (0,5322) width 29: "\x{E2B}\x{E19}\x{E36}\x{E48}\x{E07}"
      text run at (0,5342) width 25: "\x{E40}\x{E04}\x{E22}"
      text run at (0,5362) width 29: "\x{E17}\x{E32}\x{E2A}\x{E35}"
      text run at (0,5382) width 28: "\x{E1A}\x{E49}\x{E32}\x{E19}"
      text run at (0,5402) width 23: "\x{E40}\x{E2D}\x{E32}"
      text run at (0,5422) width 16: "\x{E44}\x{E27}\x{E49}"
      text run at (0,5442) width 20: "\x{E41}\x{E15}\x{E48}"
      text run at (0,5462) width 10: "\x{E01}\x{E47}"
      text run at (0,5482) width 19: "\x{E16}\x{E39}\x{E01}"
      text run at (0,5502) width 61: "\x{E14}\x{E27}\x{E07}\x{E15}\x{E30}\x{E27}\x{E31}\x{E19}"
      text run at (0,5522) width 24: "\x{E40}\x{E1C}\x{E32}"
      text run at (0,5542) width 25: "\x{E40}\x{E2A}\x{E35}\x{E22}"
      text run at (0,5562) width 19: "\x{E08}\x{E19}"
      text run at (0,5582) width 10: "\x{E2A}\x{E35}"
      text run at (0,5602) width 29: "\x{E1E}\x{E2D}\x{E07}"
      text run at (0,5622) width 28: "\x{E41}\x{E25}\x{E49}\x{E27}"
      text run at (0,5642) width 20: "\x{E1D}\x{E19}"
      text run at (0,5662) width 10: "\x{E01}\x{E47}"
      text run at (0,5682) width 18: "\x{E0A}\x{E30}"
      text run at (0,5702) width 20: "\x{E21}\x{E31}\x{E19}"
      text run at (0,5722) width 31: "\x{E2B}\x{E25}\x{E38}\x{E14}"
      text run at (0,5742) width 19: "\x{E44}\x{E1B}"
      text run at (0,5762) width 19: "\x{E08}\x{E19}"
      text run at (0,5782) width 31: "\x{E2B}\x{E21}\x{E14}"
      text run at (0,5802) width 27: "\x{E41}\x{E25}\x{E30}"
      text run at (0,5822) width 30: "\x{E15}\x{E2D}\x{E19}"
      text run at (0,5842) width 10: "\x{E19}\x{E35}\x{E49}"
      text run at (0,5862) width 28: "\x{E1A}\x{E49}\x{E32}\x{E19}"
      text run at (0,5882) width 17: "\x{E08}\x{E36}\x{E07}"
      text run at (0,5902) width 10: "\x{E14}\x{E39}"
      text run at (0,5922) width 68: "\x{E2B}\x{E21}\x{E48}\x{E19}\x{E2B}\x{E21}\x{E2D}\x{E07}"
      text run at (0,5942) width 26: "\x{E40}\x{E1B}\x{E47}\x{E19}"
      text run at (0,5962) width 10: "\x{E2A}\x{E35}"
      text run at (0,5982) width 25: "\x{E40}\x{E17}\x{E32}"
      text run at (0,6002) width 45: "\x{E40}\x{E2B}\x{E21}\x{E37}\x{E2D}\x{E19}"
      text run at (0,6022) width 18: "\x{E2A}\x{E34}\x{E48}\x{E07}"
      text run at (0,6042) width 28: "\x{E2D}\x{E37}\x{E48}\x{E19}\x{E46}"
      text run at (0,6062) width 27: "\x{E14}\x{E49}\x{E27}\x{E22}"
      text run at (0,6082) width 30: "\x{E15}\x{E2D}\x{E19}"
      text run at (0,6102) width 12: "\x{E17}\x{E35}\x{E48}"
      text run at (0,6122) width 18: "\x{E1B}\x{E49}\x{E32}"
      text run at (0,6142) width 25: "\x{E40}\x{E2D}\x{E47}\x{E21}"
      text run at (0,6162) width 27: "\x{E22}\x{E49}\x{E32}\x{E22}"
      text run at (0,6182) width 18: "\x{E21}\x{E32}"
      text run at (0,6202) width 19: "\x{E2D}\x{E22}\x{E39}\x{E48}"
      text run at (0,6222) width 12: "\x{E17}\x{E35}\x{E48}"
      text run at (0,6242) width 10: "\x{E19}\x{E35}\x{E48}"
      text run at (0,6262) width 24: "\x{E40}\x{E18}\x{E2D}"
      text run at (0,6282) width 18: "\x{E22}\x{E31}\x{E07}"
      text run at (0,6302) width 26: "\x{E2A}\x{E32}\x{E27}"
      text run at (0,6322) width 26: "\x{E40}\x{E1B}\x{E47}\x{E19}"
      text run at (0,6342) width 41: "\x{E20}\x{E23}\x{E23}\x{E22}\x{E32}"
      text run at (0,6362) width 12: "\x{E17}\x{E35}\x{E48}"
      text run at (0,6382) width 43: "\x{E07}\x{E14}\x{E07}\x{E32}\x{E21}"
      text run at (0,6402) width 28: "\x{E41}\x{E25}\x{E49}\x{E27}"
      text run at (0,6422) width 30: "\x{E41}\x{E14}\x{E14}"
      text run at (0,6442) width 27: "\x{E41}\x{E25}\x{E30}"
      text run at (0,6462) width 20: "\x{E25}\x{E21}"
      text run at (0,6482) width 28: "\x{E01}\x{E47}\x{E44}\x{E14}\x{E49}"
      text run at (0,6502) width 45: "\x{E40}\x{E1B}\x{E25}\x{E35}\x{E48}\x{E22}\x{E19}"
      text run at (0,6522) width 24: "\x{E40}\x{E18}\x{E2D}"
      text run at (0,6542) width 19: "\x{E44}\x{E1B}"
      text run at (0,6562) width 23: "\x{E40}\x{E2D}\x{E32}"
      text run at (0,6582) width 51: "\x{E1B}\x{E23}\x{E30}\x{E01}\x{E32}\x{E22}"
      text run at (0,6602) width 19: "\x{E44}\x{E1B}"
      text run at (0,6622) width 27: "\x{E08}\x{E32}\x{E01}"
      text run at (0,6642) width 44: "\x{E14}\x{E27}\x{E07}\x{E15}\x{E32}"
      text run at (0,6662) width 24: "\x{E40}\x{E18}\x{E2D}"
      text run at (0,6682) width 39: "\x{E1B}\x{E25}\x{E48}\x{E2D}\x{E22}"
      text run at (0,6702) width 16: "\x{E44}\x{E27}\x{E49}"
      text run at (0,6722) width 20: "\x{E41}\x{E15}\x{E48}"
      text run at (0,6742) width 35: "\x{E04}\x{E27}\x{E32}\x{E21}"
      text run at (0,6762) width 30: "\x{E2A}\x{E38}\x{E02}\x{E38}\x{E21}"
      text run at (0,6782) width 35: "\x{E2D}\x{E22}\x{E48}\x{E32}\x{E07}"
      text run at (0,6802) width 68: "\x{E2B}\x{E21}\x{E48}\x{E19}\x{E2B}\x{E21}\x{E2D}\x{E07}"
      text run at (0,6822) width 23: "\x{E40}\x{E2D}\x{E32}"
      text run at (0,6842) width 10: "\x{E2A}\x{E35}"
      text run at (0,6862) width 28: "\x{E41}\x{E14}\x{E07}"
      text run at (0,6882) width 27: "\x{E08}\x{E32}\x{E01}"
      text run at (0,6902) width 29: "\x{E41}\x{E01}\x{E49}\x{E21}"
      text run at (0,6922) width 27: "\x{E41}\x{E25}\x{E30}"
      text run at (0,6942) width 17: "\x{E23}\x{E34}\x{E21}"
      text run at (0,6962) width 38: "\x{E1D}\x{E35}\x{E1B}\x{E32}\x{E01}"
      text run at (0,6982) width 24: "\x{E40}\x{E18}\x{E2D}"
      text run at (0,7002) width 19: "\x{E44}\x{E1B}"
      text run at (0,7022) width 37: "\x{E01}\x{E25}\x{E32}\x{E22}"
      text run at (0,7042) width 26: "\x{E40}\x{E1B}\x{E47}\x{E19}"
      text run at (0,7062) width 10: "\x{E2A}\x{E35}"
      text run at (0,7082) width 39: "\x{E2B}\x{E21}\x{E48}\x{E19}\x{E46}"
      text run at (0,7102) width 45: "\x{E40}\x{E2B}\x{E21}\x{E37}\x{E2D}\x{E19}"
      text run at (0,7122) width 20: "\x{E01}\x{E31}\x{E19}"
      text run at (0,7142) width 24: "\x{E40}\x{E18}\x{E2D}"
      text run at (0,7162) width 30: "\x{E1C}\x{E2D}\x{E21}"
      text run at (0,7182) width 27: "\x{E41}\x{E25}\x{E30}"
      text run at (0,7202) width 29: "\x{E2B}\x{E25}\x{E31}\x{E07}"
      text run at (0,7222) width 26: "\x{E42}\x{E04}\x{E49}\x{E07}"
      text run at (0,7242) width 27: "\x{E41}\x{E25}\x{E30}"
      text run at (0,7262) width 33: "\x{E40}\x{E14}\x{E35}\x{E4B}\x{E22}\x{E27}"
      text run at (0,7282) width 10: "\x{E19}\x{E35}\x{E49}"
      text run at (0,7302) width 18: "\x{E44}\x{E21}\x{E48}"
      text run at (0,7322) width 25: "\x{E40}\x{E04}\x{E22}"
      text run at (0,7342) width 19: "\x{E22}\x{E34}\x{E49}\x{E21}"
      text run at (0,7362) width 25: "\x{E40}\x{E25}\x{E22}"
      text run at (0,7382) width 25: "\x{E40}\x{E21}\x{E37}\x{E48}\x{E2D}"
      text run at (0,7402) width 18: "\x{E42}\x{E14}"
      text run at (0,7422) width 24: "\x{E42}\x{E23}\x{E18}\x{E35}"
      text run at (0,7442) width 19: "\x{E0B}\x{E36}\x{E48}\x{E07}"
      text run at (0,7462) width 26: "\x{E40}\x{E1B}\x{E47}\x{E19}"
      text run at (0,7482) width 25: "\x{E40}\x{E14}\x{E47}\x{E01}"
      text run at (0,7502) width 44: "\x{E01}\x{E33}\x{E1E}\x{E23}\x{E49}\x{E32}"
      text run at (0,7522) width 18: "\x{E21}\x{E32}"
      text run at (0,7542) width 19: "\x{E2D}\x{E22}\x{E39}\x{E48}"
      text run at (0,7562) width 20: "\x{E01}\x{E31}\x{E1A}"
      text run at (0,7582) width 24: "\x{E40}\x{E18}\x{E2D}"
      text run at (0,7602) width 30: "\x{E15}\x{E2D}\x{E19}"
      text run at (0,7622) width 26: "\x{E41}\x{E23}\x{E01}"
      text run at (0,7642) width 18: "\x{E1B}\x{E49}\x{E32}"
      text run at (0,7662) width 25: "\x{E40}\x{E2D}\x{E47}\x{E21}"
      text run at (0,7682) width 20: "\x{E15}\x{E37}\x{E48}\x{E19}"
      text run at (0,7702) width 25: "\x{E40}\x{E15}\x{E49}\x{E19}"
      text run at (0,7722) width 20: "\x{E01}\x{E31}\x{E1A}"
      text run at (0,7742) width 33: "\x{E40}\x{E2A}\x{E35}\x{E22}\x{E07}"
      text run at (0,7762) width 46: "\x{E2B}\x{E31}\x{E27}\x{E40}\x{E23}\x{E32}\x{E30}"
      text run at (0,7782) width 28: "\x{E02}\x{E2D}\x{E07}"
      text run at (0,7802) width 25: "\x{E40}\x{E14}\x{E47}\x{E01}"
      text run at (0,7822) width 29: "\x{E19}\x{E49}\x{E2D}\x{E22}"
      text run at (0,7842) width 27: "\x{E21}\x{E32}\x{E01}"
      text run at (0,7862) width 24: "\x{E40}\x{E18}\x{E2D}"
      text run at (0,7882) width 17: "\x{E08}\x{E30}"
      text run at (0,7902) width 18: "\x{E2A}\x{E48}\x{E07}"
      text run at (0,7922) width 33: "\x{E40}\x{E2A}\x{E35}\x{E22}\x{E07}"
      text run at (0,7942) width 25: "\x{E23}\x{E49}\x{E2D}\x{E07}"
      text run at (0,7962) width 28: "\x{E41}\x{E25}\x{E49}\x{E27}"
      text run at (0,7982) width 23: "\x{E40}\x{E2D}\x{E32}"
      text run at (0,8002) width 20: "\x{E21}\x{E37}\x{E2D}"
      text run at (0,8022) width 30: "\x{E17}\x{E32}\x{E1A}"
      text run at (0,8042) width 20: "\x{E2D}\x{E01}"
      text run at (0,8062) width 21: "\x{E17}\x{E38}\x{E01}"
      text run at (0,8082) width 25: "\x{E04}\x{E23}\x{E31}\x{E49}\x{E07}"
      text run at (0,8102) width 12: "\x{E17}\x{E35}\x{E48}"
      text run at (0,8122) width 33: "\x{E40}\x{E2A}\x{E35}\x{E22}\x{E07}"
      text run at (0,8142) width 20: "\x{E2D}\x{E31}\x{E19}"
      text run at (0,8162) width 35: "\x{E23}\x{E48}\x{E32}\x{E40}\x{E23}\x{E34}\x{E07}"
      text run at (0,8182) width 28: "\x{E02}\x{E2D}\x{E07}"
      text run at (0,8202) width 18: "\x{E42}\x{E14}"
      text run at (0,8222) width 24: "\x{E42}\x{E23}\x{E18}\x{E35}"
      text run at (0,8242) width 34: "\x{E40}\x{E02}\x{E49}\x{E32}\x{E2B}\x{E39}"
      text run at (0,8262) width 24: "\x{E40}\x{E18}\x{E2D}"
      text run at (0,8282) width 27: "\x{E41}\x{E25}\x{E30}"
      text run at (0,8302) width 24: "\x{E40}\x{E18}\x{E2D}"
      text run at (0,8322) width 24: "\x{E40}\x{E1D}\x{E49}\x{E32}"
      text run at (0,8342) width 27: "\x{E21}\x{E2D}\x{E07}"
      text run at (0,8362) width 25: "\x{E40}\x{E14}\x{E47}\x{E01}"
      text run at (0,8382) width 32: "\x{E2B}\x{E0D}\x{E34}\x{E07}"
      text run at (0,8402) width 37: "\x{E19}\x{E49}\x{E2D}\x{E22}\x{E46}"
      text run at (0,8422) width 27: "\x{E14}\x{E49}\x{E27}\x{E22}"
      text run at (0,8442) width 35: "\x{E04}\x{E27}\x{E32}\x{E21}"
      text run at (0,8462) width 63: "\x{E1B}\x{E23}\x{E30}\x{E2B}\x{E25}\x{E32}\x{E14}"
      text run at (0,8482) width 16: "\x{E43}\x{E08}"
      text run at (0,8502) width 27: "\x{E14}\x{E49}\x{E27}\x{E22}"
      text run at (0,8522) width 18: "\x{E22}\x{E31}\x{E07}"
      text run at (0,8542) width 19: "\x{E2B}\x{E32}"
      text run at (0,8562) width 32: "\x{E2D}\x{E30}\x{E44}\x{E23}"
      text run at (0,8582) width 18: "\x{E21}\x{E32}"
      text run at (0,8602) width 26: "\x{E40}\x{E1B}\x{E47}\x{E19}"
      text run at (0,8622) width 30: "\x{E40}\x{E23}\x{E37}\x{E48}\x{E2D}\x{E07}"
      text run at (0,8642) width 46: "\x{E2B}\x{E31}\x{E27}\x{E40}\x{E23}\x{E32}\x{E30}"
      text run at (0,8662) width 19: "\x{E44}\x{E14}\x{E49}"
      text run at (0,8682) width 18: "\x{E25}\x{E38}\x{E07}"
      text run at (0,8702) width 15: "\x{E40}\x{E2E}"
      text run at (0,8722) width 17: "\x{E19}\x{E23}\x{E35}"
      text run at (0,8742) width 18: "\x{E44}\x{E21}\x{E48}"
      text run at (0,8762) width 25: "\x{E40}\x{E04}\x{E22}"
      text run at (0,8782) width 46: "\x{E2B}\x{E31}\x{E27}\x{E40}\x{E23}\x{E32}\x{E30}"
      text run at (0,8802) width 18: "\x{E25}\x{E38}\x{E07}"
      text run at (0,8822) width 45: "\x{E17}\x{E33}\x{E07}\x{E32}\x{E19}"
      text run at (0,8842) width 31: "\x{E2B}\x{E19}\x{E31}\x{E01}"
      text run at (0,8862) width 27: "\x{E08}\x{E32}\x{E01}"
      text run at (0,8882) width 24: "\x{E40}\x{E0A}\x{E49}\x{E32}"
      text run at (0,8902) width 20: "\x{E22}\x{E31}\x{E19}"
      text run at (0,8922) width 18: "\x{E04}\x{E48}\x{E33}"
      text run at (0,8942) width 27: "\x{E41}\x{E25}\x{E30}"
      text run at (0,8962) width 18: "\x{E44}\x{E21}\x{E48}"
      text run at (0,8982) width 25: "\x{E40}\x{E04}\x{E22}"
      text run at (0,9002) width 26: "\x{E23}\x{E39}\x{E49}\x{E08}\x{E31}\x{E01}"
      text run at (0,9022) width 16: "\x{E27}\x{E48}\x{E32}"
      text run at (0,9042) width 35: "\x{E04}\x{E27}\x{E32}\x{E21}"
      text run at (0,9062) width 35: "\x{E23}\x{E48}\x{E32}\x{E40}\x{E23}\x{E34}\x{E07}"
      text run at (0,9082) width 20: "\x{E04}\x{E37}\x{E2D}"
      text run at (0,9102) width 32: "\x{E2D}\x{E30}\x{E44}\x{E23}"
      text run at (0,9122) width 18: "\x{E25}\x{E38}\x{E07}"
      text run at (0,9142) width 10: "\x{E14}\x{E39}"
      text run at (0,9162) width 68: "\x{E2B}\x{E21}\x{E48}\x{E19}\x{E2B}\x{E21}\x{E2D}\x{E07}"
      text run at (0,9182) width 19: "\x{E44}\x{E1B}"
      text run at (0,9202) width 31: "\x{E2B}\x{E21}\x{E14}"
      text run at (0,9222) width 38: "\x{E15}\x{E31}\x{E49}\x{E07}\x{E41}\x{E15}\x{E48}"
      text run at (0,9242) width 30: "\x{E40}\x{E04}\x{E23}\x{E32}"
      text run at (0,9262) width 25: "\x{E22}\x{E32}\x{E27}"
      text run at (0,9282) width 19: "\x{E08}\x{E19}"
      text run at (0,9302) width 19: "\x{E08}\x{E14}"
      text run at (0,9322) width 49: "\x{E23}\x{E2D}\x{E07}\x{E40}\x{E17}\x{E49}\x{E32}"
      text run at (0,9342) width 20: "\x{E1A}\x{E39}\x{E15}"
      text run at (0,9362) width 20: "\x{E2D}\x{E31}\x{E19}"
      text run at (0,9382) width 38: "\x{E2B}\x{E22}\x{E32}\x{E1A}"
      text run at (0,9402) width 28: "\x{E41}\x{E25}\x{E49}\x{E27}"
      text run at (0,9422) width 18: "\x{E25}\x{E38}\x{E07}"
      text run at (0,9442) width 10: "\x{E01}\x{E47}"
      text run at (0,9462) width 10: "\x{E14}\x{E39}"
      text run at (0,9482) width 57: "\x{E40}\x{E04}\x{E23}\x{E48}\x{E07}\x{E02}\x{E23}\x{E36}\x{E21}"
      text run at (0,9502) width 18: "\x{E19}\x{E48}\x{E32}"
      text run at (0,9522) width 30: "\x{E40}\x{E01}\x{E23}\x{E07}"
      text run at (0,9542) width 28: "\x{E02}\x{E32}\x{E21}"
      text run at (0,9562) width 18: "\x{E44}\x{E21}\x{E48}"
      text run at (0,9582) width 29: "\x{E04}\x{E48}\x{E2D}\x{E22}"
      text run at (0,9602) width 17: "\x{E08}\x{E30}"
      text run at (0,9622) width 22: "\x{E1E}\x{E39}\x{E14}"
      text run at (0,9642) width 10: "\x{E21}\x{E35}"
      text run at (0,9662) width 18: "\x{E42}\x{E15}"
      text run at (0,9682) width 18: "\x{E42}\x{E15}\x{E49}"
      text run at (0,9702) width 12: "\x{E17}\x{E35}\x{E48}"
      text run at (0,9722) width 37: "\x{E17}\x{E33}\x{E43}\x{E2B}\x{E49}"
      text run at (0,9742) width 18: "\x{E42}\x{E14}"
      text run at (0,9762) width 24: "\x{E42}\x{E23}\x{E18}\x{E35}"
      text run at (0,9782) width 46: "\x{E2B}\x{E31}\x{E27}\x{E40}\x{E23}\x{E32}\x{E30}"
      text run at (0,9802) width 19: "\x{E44}\x{E14}\x{E49}"
      text run at (0,9822) width 27: "\x{E41}\x{E25}\x{E30}"
      text run at (0,9842) width 28: "\x{E0A}\x{E48}\x{E27}\x{E22}"
      text run at (0,9862) width 24: "\x{E40}\x{E18}\x{E2D}"
      text run at (0,9882) width 18: "\x{E43}\x{E2B}\x{E49}"
      text run at (0,9902) width 22: "\x{E1E}\x{E49}\x{E19}"
      text run at (0,9922) width 27: "\x{E08}\x{E32}\x{E01}"
      text run at (0,9942) width 34: "\x{E01}\x{E32}\x{E23}\x{E01}"
      text run at (0,9962) width 27: "\x{E25}\x{E32}\x{E22}"
      text run at (0,9982) width 26: "\x{E40}\x{E1B}\x{E47}\x{E19}"
      text run at (0,10002) width 10: "\x{E2A}\x{E35}"
      text run at (0,10022) width 25: "\x{E40}\x{E17}\x{E32}"
      text run at (0,10042) width 31: "\x{E2B}\x{E21}\x{E48}\x{E19}"
      text run at (0,10062) width 45: "\x{E40}\x{E2B}\x{E21}\x{E37}\x{E2D}\x{E19}"
      text run at (0,10082) width 20: "\x{E01}\x{E31}\x{E1A}"
      text run at (0,10102) width 18: "\x{E2A}\x{E34}\x{E48}\x{E07}"
      text run at (0,10122) width 27: "\x{E23}\x{E2D}\x{E1A}"
      text run at (0,10142) width 18: "\x{E15}\x{E31}\x{E27}"
      text run at (0,10162) width 28: "\x{E2D}\x{E37}\x{E48}\x{E19}\x{E46}"
      text run at (0,10182) width 18: "\x{E42}\x{E15}"
      text run at (0,10202) width 18: "\x{E42}\x{E15}\x{E49}"
      text run at (0,10222) width 10: "\x{E2A}\x{E35}"
      text run at (0,10242) width 18: "\x{E44}\x{E21}\x{E48}"
      text run at (0,10262) width 25: "\x{E40}\x{E17}\x{E32}"
      text run at (0,10282) width 31: "\x{E2B}\x{E21}\x{E48}\x{E19}"
      text run at (0,10302) width 20: "\x{E41}\x{E15}\x{E48}"
      text run at (0,10322) width 20: "\x{E21}\x{E31}\x{E19}"
      text run at (0,10342) width 26: "\x{E40}\x{E1B}\x{E47}\x{E19}"
      text run at (0,10362) width 29: "\x{E2B}\x{E21}\x{E32}"
      text run at (0,10382) width 10: "\x{E2A}\x{E35}"
      text run at (0,10402) width 18: "\x{E14}\x{E33}"
      text run at (0,10422) width 18: "\x{E15}\x{E31}\x{E27}"
      text run at (0,10442) width 37: "\x{E19}\x{E49}\x{E2D}\x{E22}\x{E46}"
      text run at (0,10462) width 20: "\x{E02}\x{E19}"
      text run at (0,10482) width 25: "\x{E22}\x{E32}\x{E27}"
      text run at (0,10502) width 20: "\x{E1B}\x{E38}\x{E22}"
      text run at (0,10522) width 42: "\x{E23}\x{E32}\x{E27}\x{E01}\x{E31}\x{E1A}"
      text run at (0,10542) width 29: "\x{E44}\x{E2B}\x{E21}"
      text run at (0,10562) width 10: "\x{E21}\x{E35}"
      text run at (0,10582) width 18: "\x{E15}\x{E32}"
      text run at (0,10602) width 18: "\x{E14}\x{E33}"
      text run at (0,10622) width 25: "\x{E40}\x{E25}\x{E47}\x{E01}"
      text run at (0,10642) width 26: "\x{E40}\x{E1B}\x{E47}\x{E19}"
      text run at (0,10662) width 51: "\x{E1B}\x{E23}\x{E30}\x{E01}\x{E32}\x{E22}"
      text run at (0,10682) width 37: "\x{E23}\x{E37}\x{E48}\x{E19}\x{E40}\x{E23}\x{E34}\x{E07}"
      text run at (0,10702) width 19: "\x{E2D}\x{E22}\x{E39}\x{E48}"
      text run at (0,10722) width 28: "\x{E2A}\x{E2D}\x{E07}"
      text run at (0,10742) width 26: "\x{E02}\x{E49}\x{E32}\x{E07}"
      text run at (0,10762) width 28: "\x{E08}\x{E21}\x{E39}\x{E01}"
      text run at (0,10782) width 25: "\x{E40}\x{E25}\x{E47}\x{E01}"
      text run at (0,10802) width 20: "\x{E2D}\x{E31}\x{E19}"
      text run at (0,10822) width 18: "\x{E19}\x{E48}\x{E32}"
      text run at (0,10842) width 20: "\x{E02}\x{E31}\x{E19}"
      text run at (0,10862) width 28: "\x{E02}\x{E2D}\x{E07}"
      text run at (0,10882) width 20: "\x{E21}\x{E31}\x{E19}"
      text run at (0,10902) width 18: "\x{E42}\x{E15}"
      text run at (0,10922) width 18: "\x{E42}\x{E15}\x{E49}"
      text run at (0,10942) width 25: "\x{E40}\x{E25}\x{E48}\x{E19}"
      text run at (0,10962) width 20: "\x{E17}\x{E31}\x{E49}\x{E07}"
      text run at (0,10982) width 18: "\x{E27}\x{E31}\x{E19}"
      text run at (0,11002) width 27: "\x{E41}\x{E25}\x{E30}"
      text run at (0,11022) width 18: "\x{E42}\x{E14}"
      text run at (0,11042) width 24: "\x{E42}\x{E23}\x{E18}\x{E35}"
      text run at (0,11062) width 10: "\x{E01}\x{E47}"
      text run at (0,11082) width 25: "\x{E40}\x{E25}\x{E48}\x{E19}"
      text run at (0,11102) width 20: "\x{E01}\x{E31}\x{E1A}"
      text run at (0,11122) width 20: "\x{E21}\x{E31}\x{E19}"
      text run at (0,11142) width 27: "\x{E41}\x{E25}\x{E30}"
      text run at (0,11162) width 17: "\x{E23}\x{E31}\x{E01}"
      text run at (0,11182) width 20: "\x{E21}\x{E31}\x{E19}"
      text run at (0,11202) width 36: "\x{E40}\x{E2B}\x{E25}\x{E37}\x{E2D}"
      text run at (0,11222) width 25: "\x{E40}\x{E01}\x{E34}\x{E19}"
      text run at (0,11242) width 50: "\x{E2D}\x{E22}\x{E48}\x{E32}\x{E07}\x{E44}\x{E23}"
      text run at (0,11262) width 37: "\x{E01}\x{E47}\x{E15}\x{E32}\x{E21}"
      text run at (0,11282) width 18: "\x{E27}\x{E31}\x{E19}"
      text run at (0,11302) width 10: "\x{E19}\x{E35}\x{E49}"
      text run at (0,11322) width 20: "\x{E17}\x{E31}\x{E49}\x{E07}"
      text run at (0,11342) width 10: "\x{E04}\x{E39}\x{E48}"
      text run at (0,11362) width 18: "\x{E44}\x{E21}\x{E48}"
      text run at (0,11382) width 19: "\x{E44}\x{E14}\x{E49}"
      text run at (0,11402) width 25: "\x{E40}\x{E25}\x{E48}\x{E19}"
      text run at (0,11422) width 18: "\x{E25}\x{E38}\x{E07}"
      text run at (0,11442) width 15: "\x{E40}\x{E2E}"
      text run at (0,11462) width 17: "\x{E19}\x{E23}\x{E35}"
      text run at (0,11482) width 18: "\x{E19}\x{E31}\x{E48}\x{E07}"
      text run at (0,11502) width 19: "\x{E2D}\x{E22}\x{E39}\x{E48}"
      text run at (0,11522) width 12: "\x{E17}\x{E35}\x{E48}"
      text run at (0,11542) width 38: "\x{E1A}\x{E31}\x{E19}\x{E44}\x{E14}"
      text run at (0,11562) width 34: "\x{E1B}\x{E23}\x{E30}\x{E15}\x{E39}"
      text run at (0,11582) width 27: "\x{E41}\x{E25}\x{E30}"
      text run at (0,11602) width 24: "\x{E40}\x{E1D}\x{E49}\x{E32}"
      text run at (0,11622) width 36: "\x{E01}\x{E31}\x{E07}\x{E27}\x{E25}"
      text run at (0,11642) width 27: "\x{E08}\x{E49}\x{E2D}\x{E07}"
      text run at (0,11662) width 10: "\x{E14}\x{E39}"
      text run at (0,11682) width 48: "\x{E17}\x{E49}\x{E2D}\x{E07}\x{E1F}\x{E49}\x{E32}"
      text run at (0,11702) width 10: "\x{E2A}\x{E35}"
      text run at (0,11722) width 25: "\x{E40}\x{E17}\x{E32}"
      text run at (0,11742) width 31: "\x{E2B}\x{E21}\x{E48}\x{E19}"
      text run at (0,11762) width 20: "\x{E1C}\x{E34}\x{E14}"
      text run at (0,11782) width 30: "\x{E1B}\x{E01}\x{E15}\x{E34}"
      text run at (0,11802) width 18: "\x{E42}\x{E14}"
      text run at (0,11822) width 24: "\x{E42}\x{E23}\x{E18}\x{E35}"
      text run at (0,11842) width 20: "\x{E22}\x{E37}\x{E19}"
      text run at (0,11862) width 12: "\x{E17}\x{E35}\x{E48}"
      text run at (0,11882) width 34: "\x{E1B}\x{E23}\x{E30}\x{E15}\x{E39}"
      text run at (0,11902) width 29: "\x{E01}\x{E2D}\x{E14}"
      text run at (0,11922) width 18: "\x{E42}\x{E15}"
      text run at (0,11942) width 18: "\x{E42}\x{E15}\x{E49}"
      text run at (0,11962) width 16: "\x{E44}\x{E27}\x{E49}"
      text run at (0,11982) width 17: "\x{E43}\x{E19}"
      text run at (0,12002) width 29: "\x{E2D}\x{E49}\x{E2D}\x{E21}"
      text run at (0,12022) width 30: "\x{E41}\x{E02}\x{E19}"
      text run at (0,12042) width 27: "\x{E41}\x{E25}\x{E30}"
      text run at (0,12062) width 10: "\x{E01}\x{E47}"
      text run at (0,12082) width 27: "\x{E21}\x{E2D}\x{E07}"
      text run at (0,12102) width 10: "\x{E14}\x{E39}"
      text run at (0,12122) width 48: "\x{E17}\x{E49}\x{E2D}\x{E07}\x{E1F}\x{E49}\x{E32}"
      text run at (0,12142) width 19: "\x{E2D}\x{E22}\x{E39}\x{E48}"
      text run at (0,12162) width 45: "\x{E40}\x{E2B}\x{E21}\x{E37}\x{E2D}\x{E19}"
      text run at (0,12182) width 20: "\x{E01}\x{E31}\x{E19}"
      text run at (0,12202) width 18: "\x{E1B}\x{E49}\x{E32}"
      text run at (0,12222) width 15: "\x{E40}\x{E2D}\x{E47}"
      text run at (0,12242) width 27: "\x{E21}\x{E01}\x{E33}"
      text run at (0,12262) width 18: "\x{E25}\x{E31}\x{E07}"
      text run at (0,12282) width 26: "\x{E25}\x{E49}\x{E32}\x{E07}"
      text run at (0,12302) width 28: "\x{E0A}\x{E32}\x{E21}"
      text run at (0,12322) width 19: "\x{E2D}\x{E22}\x{E39}\x{E48}"
      text run at (0,12342) width 27: "\x{E08}\x{E32}\x{E01}"
      text run at (0,12362) width 28: "\x{E14}\x{E49}\x{E32}\x{E19}"
      text run at (0,12382) width 36: "\x{E40}\x{E2B}\x{E19}\x{E37}\x{E2D}"
      text run at (0,12402) width 28: "\x{E44}\x{E01}\x{E25}"
      text run at (0,12422) width 29: "\x{E2D}\x{E2D}\x{E01}"
      text run at (0,12442) width 19: "\x{E44}\x{E1B}"
      text run at (0,12462) width 10: "\x{E21}\x{E35}"
      text run at (0,12482) width 33: "\x{E40}\x{E2A}\x{E35}\x{E22}\x{E07}"
      text run at (0,12502) width 20: "\x{E25}\x{E21}"
      text run at (0,12522) width 33: "\x{E04}\x{E23}\x{E32}\x{E07}"
      text run at (0,12542) width 28: "\x{E41}\x{E1C}\x{E48}\x{E27}"
      text run at (0,12562) width 24: "\x{E40}\x{E1A}\x{E32}"
      text run at (0,12582) width 38: "\x{E44}\x{E14}\x{E49}\x{E22}\x{E34}\x{E19}"
      text run at (0,12602) width 18: "\x{E21}\x{E32}"
      text run at (0,12622) width 18: "\x{E25}\x{E38}\x{E07}"
      text run at (0,12642) width 15: "\x{E40}\x{E2E}"
      text run at (0,12662) width 17: "\x{E19}\x{E23}\x{E35}"
      text run at (0,12682) width 27: "\x{E41}\x{E25}\x{E30}"
      text run at (0,12702) width 18: "\x{E42}\x{E14}"
      text run at (0,12722) width 24: "\x{E42}\x{E23}\x{E18}\x{E35}"
      text run at (0,12742) width 26: "\x{E40}\x{E2B}\x{E47}\x{E19}"
      text run at (0,12762) width 20: "\x{E15}\x{E49}\x{E19}"
      text run at (0,12782) width 32: "\x{E2B}\x{E0D}\x{E49}\x{E32}"
      text run at (0,12802) width 18: "\x{E2A}\x{E39}\x{E07}"
      text run at (0,12822) width 25: "\x{E40}\x{E2D}\x{E19}"
      text run at (0,12842) width 26: "\x{E40}\x{E1B}\x{E47}\x{E19}"
      text run at (0,12862) width 30: "\x{E04}\x{E25}\x{E37}\x{E48}\x{E19}"
      text run at (0,12882) width 29: "\x{E01}\x{E48}\x{E2D}\x{E19}"
      text run at (0,12902) width 12: "\x{E17}\x{E35}\x{E48}"
      text run at (0,12922) width 29: "\x{E1E}\x{E32}\x{E22}\x{E38}"
      text run at (0,12942) width 17: "\x{E08}\x{E30}"
      text run at (0,12962) width 18: "\x{E21}\x{E32}"
      text run at (0,12982) width 18: "\x{E16}\x{E36}\x{E07}"
      text run at (0,13002) width 28: "\x{E41}\x{E25}\x{E49}\x{E27}"
      text run at (0,13022) width 10: "\x{E01}\x{E47}"
      text run at (0,13042) width 10: "\x{E21}\x{E35}"
      text run at (0,13062) width 33: "\x{E40}\x{E2A}\x{E35}\x{E22}\x{E07}"
      text run at (0,13082) width 29: "\x{E2B}\x{E27}\x{E35}\x{E14}"
      text run at (0,13102) width 27: "\x{E2B}\x{E27}\x{E34}\x{E27}"
      text run at (0,13122) width 44: "\x{E0A}\x{E31}\x{E14}\x{E40}\x{E08}\x{E19}"
      text run at (0,13142) width 18: "\x{E21}\x{E32}"
      text run at (0,13162) width 27: "\x{E08}\x{E32}\x{E01}"
      text run at (0,13182) width 68: "\x{E1A}\x{E23}\x{E23}\x{E22}\x{E32}\x{E01}\x{E32}\x{E28}"
      text run at (0,13202) width 28: "\x{E17}\x{E32}\x{E07}"
      text run at (0,13222) width 17: "\x{E43}\x{E15}\x{E49}"
      text run at (0,13242) width 27: "\x{E41}\x{E25}\x{E30}"
      text run at (0,13262) width 25: "\x{E40}\x{E21}\x{E37}\x{E48}\x{E2D}"
      text run at (0,13282) width 46: "\x{E40}\x{E2B}\x{E25}\x{E37}\x{E2D}\x{E1A}"
      text run at (0,13302) width 18: "\x{E15}\x{E32}"
      text run at (0,13322) width 19: "\x{E44}\x{E1B}"
      text run at (0,13342) width 28: "\x{E17}\x{E32}\x{E07}"
      text run at (0,13362) width 28: "\x{E14}\x{E49}\x{E32}\x{E19}"
      text run at (0,13382) width 20: "\x{E19}\x{E31}\x{E49}\x{E19}"
      text run at (0,13402) width 10: "\x{E01}\x{E47}"
      text run at (0,13422) width 26: "\x{E40}\x{E2B}\x{E47}\x{E19}"
      text run at (0,13442) width 30: "\x{E04}\x{E25}\x{E37}\x{E48}\x{E19}"
      text run at (0,13462) width 32: "\x{E2B}\x{E0D}\x{E49}\x{E32}"
      text run at (0,13482) width 18: "\x{E21}\x{E32}"
      text run at (0,13502) width 28: "\x{E17}\x{E32}\x{E07}"
      text run at (0,13522) width 28: "\x{E14}\x{E49}\x{E32}\x{E19}"
      text run at (0,13542) width 20: "\x{E19}\x{E31}\x{E49}\x{E19}"
      text run at (0,13562) width 27: "\x{E14}\x{E49}\x{E27}\x{E22}"
      text run at (0,13582) width 18: "\x{E25}\x{E38}\x{E07}"
      text run at (0,13602) width 15: "\x{E40}\x{E2E}"
      text run at (0,13622) width 17: "\x{E19}\x{E23}\x{E35}"
      text run at (0,13642) width 20: "\x{E1C}\x{E38}\x{E14}"
      text run at (0,13662) width 20: "\x{E25}\x{E38}\x{E01}"
      text run at (0,13682) width 20: "\x{E02}\x{E36}\x{E49}\x{E19}"
      text run at (0,13702) width 39: "\x{E17}\x{E31}\x{E19}\x{E43}\x{E14}"
      text run at (0,13722) width 26: "\"\x{E25}\x{E21}"
      text run at (0,13742) width 57: "\x{E44}\x{E0B}\x{E42}\x{E04}\x{E25}\x{E19}"
      text run at (0,13762) width 18: "\x{E21}\x{E32}"
      text run at (0,13782) width 31: "\x{E40}\x{E2D}\x{E47}\x{E21}\""
      text run at (0,13802) width 18: "\x{E25}\x{E38}\x{E07}"
      text run at (0,13822) width 25: "\x{E23}\x{E49}\x{E2D}\x{E07}"
      text run at (0,13842) width 30: "\x{E1A}\x{E2D}\x{E01}"
      text run at (0,13862) width 41: "\x{E20}\x{E23}\x{E23}\x{E22}\x{E32}"
      text run at (0,13882) width 25: "\"\x{E02}\x{E49}\x{E32}"
      text run at (0,13902) width 17: "\x{E08}\x{E30}"
      text run at (0,13922) width 19: "\x{E44}\x{E1B}"
      text run at (0,13942) width 10: "\x{E14}\x{E39}"
      text run at (0,13962) width 28: "\x{E2A}\x{E31}\x{E15}\x{E27}\x{E4C}"
      text run at (0,13982) width 33: "\x{E40}\x{E25}\x{E35}\x{E49}\x{E22}\x{E07}"
      text run at (0,14002) width 46: "\x{E2B}\x{E19}\x{E48}\x{E2D}\x{E22}\""
      text run at (0,14022) width 28: "\x{E41}\x{E25}\x{E49}\x{E27}"
      text run at (0,14042) width 18: "\x{E25}\x{E38}\x{E07}"
      text run at (0,14062) width 10: "\x{E01}\x{E47}"
      text run at (0,14082) width 16: "\x{E27}\x{E34}\x{E48}\x{E07}"
      text run at (0,14102) width 19: "\x{E44}\x{E1B}"
      text run at (0,14122) width 18: "\x{E22}\x{E31}\x{E07}"
      text run at (0,14142) width 25: "\x{E40}\x{E1E}\x{E34}\x{E07}"
      text run at (0,14162) width 12: "\x{E17}\x{E35}\x{E48}"
      text run at (0,14182) width 16: "\x{E27}\x{E31}\x{E27}"
      text run at (0,14202) width 27: "\x{E41}\x{E25}\x{E30}"
      text run at (0,14222) width 18: "\x{E21}\x{E49}\x{E32}"
      text run at (0,14242) width 37: "\x{E2D}\x{E32}\x{E28}\x{E31}\x{E22}"
      text run at (0,14262) width 19: "\x{E2D}\x{E22}\x{E39}\x{E48}"
      text run at (0,14282) width 18: "\x{E1B}\x{E49}\x{E32}"
      text run at (0,14302) width 25: "\x{E40}\x{E2D}\x{E47}\x{E21}"
      text run at (0,14322) width 30: "\x{E2B}\x{E22}\x{E38}\x{E14}"
      text run at (0,14342) width 45: "\x{E17}\x{E33}\x{E07}\x{E32}\x{E19}"
      text run at (0,14362) width 27: "\x{E41}\x{E25}\x{E30}"
      text run at (0,14382) width 18: "\x{E21}\x{E32}"
      text run at (0,14402) width 12: "\x{E17}\x{E35}\x{E48}"
      text run at (0,14422) width 34: "\x{E1B}\x{E23}\x{E30}\x{E15}\x{E39}"
      text run at (0,14442) width 34: "\x{E40}\x{E1E}\x{E35}\x{E22}\x{E07}"
      text run at (0,14462) width 45: "\x{E0A}\x{E32}\x{E22}\x{E15}\x{E32}"
      text run at (0,14482) width 27: "\x{E21}\x{E2D}\x{E07}"
      text run at (0,14502) width 18: "\x{E1B}\x{E49}\x{E32}"
      text run at (0,14522) width 10: "\x{E01}\x{E47}"
      text run at (0,14542) width 30: "\x{E1A}\x{E2D}\x{E01}"
      text run at (0,14562) width 19: "\x{E44}\x{E14}\x{E49}"
      text run at (0,14582) width 16: "\x{E27}\x{E48}\x{E32}"
      text run at (0,14602) width 54: "\x{E2D}\x{E31}\x{E19}\x{E15}\x{E23}\x{E32}\x{E22}"
      text run at (0,14622) width 18: "\x{E21}\x{E32}"
      text run at (0,14642) width 18: "\x{E16}\x{E36}\x{E07}"
      text run at (0,14662) width 28: "\x{E41}\x{E25}\x{E49}\x{E27}"
      text run at (0,14682) width 27: "\"\x{E40}\x{E23}\x{E47}\x{E27}"
      text run at (0,14702) width 18: "\x{E42}\x{E14}"
      text run at (0,14722) width 36: "\x{E42}\x{E23}\x{E18}\x{E35}!\""
      text run at (0,14742) width 18: "\x{E1B}\x{E49}\x{E32}"
      text run at (0,14762) width 45: "\x{E15}\x{E30}\x{E42}\x{E01}\x{E19}"
      text run at (0,14782) width 23: "\"\x{E27}\x{E34}\x{E48}\x{E07}"
      text run at (0,14802) width 19: "\x{E44}\x{E1B}"
      text run at (0,14822) width 29: "\x{E2B}\x{E49}\x{E2D}\x{E07}"
      text run at (0,14842) width 43: "\x{E43}\x{E15}\x{E49}\x{E16}\x{E38}\x{E19}\""
      text run at (0,14862) width 18: "\x{E42}\x{E15}"
      text run at (0,14882) width 18: "\x{E42}\x{E15}\x{E49}"
      text run at (0,14902) width 30: "\x{E1C}\x{E25}\x{E38}\x{E19}"
      text run at (0,14922) width 52: "\x{E01}\x{E23}\x{E30}\x{E42}\x{E14}\x{E14}"
      text run at (0,14942) width 18: "\x{E25}\x{E07}"
      text run at (0,14962) width 27: "\x{E08}\x{E32}\x{E01}"
      text run at (0,14982) width 29: "\x{E2D}\x{E49}\x{E2D}\x{E21}"
      text run at (0,15002) width 30: "\x{E41}\x{E02}\x{E19}"
      text run at (0,15022) width 18: "\x{E42}\x{E14}"
      text run at (0,15042) width 24: "\x{E42}\x{E23}\x{E18}\x{E35}"
      text run at (0,15062) width 28: "\x{E41}\x{E25}\x{E49}\x{E27}"
      text run at (0,15082) width 42: "\x{E40}\x{E02}\x{E49}\x{E32}\x{E44}\x{E1B}"
      text run at (0,15102) width 31: "\x{E0B}\x{E48}\x{E2D}\x{E19}"
      text run at (0,15122) width 19: "\x{E2D}\x{E22}\x{E39}\x{E48}"
      text run at (0,15142) width 17: "\x{E43}\x{E15}\x{E49}"
      text run at (0,15162) width 33: "\x{E40}\x{E15}\x{E35}\x{E22}\x{E07}"
      text run at (0,15182) width 25: "\x{E40}\x{E14}\x{E47}\x{E01}"
      text run at (0,15202) width 32: "\x{E2B}\x{E0D}\x{E34}\x{E07}"
      text run at (0,15222) width 29: "\x{E19}\x{E49}\x{E2D}\x{E22}"
      text run at (0,15242) width 42: "\x{E40}\x{E02}\x{E49}\x{E32}\x{E44}\x{E1B}"
      text run at (0,15262) width 18: "\x{E14}\x{E36}\x{E07}"
      text run at (0,15282) width 20: "\x{E21}\x{E31}\x{E19}"
      text run at (0,15302) width 29: "\x{E2D}\x{E2D}\x{E01}"
      text run at (0,15322) width 18: "\x{E21}\x{E32}"
      text run at (0,15342) width 18: "\x{E1B}\x{E49}\x{E32}"
      text run at (0,15362) width 15: "\x{E40}\x{E2D}\x{E47}"
      text run at (0,15382) width 20: "\x{E21}\x{E01}"
      text run at (0,15402) width 15: "\x{E23}\x{E30}"
      text run at (0,15422) width 28: "\x{E0A}\x{E32}\x{E01}"
      text run at (0,15442) width 18: "\x{E1D}\x{E32}"
      text run at (0,15462) width 12: "\x{E17}\x{E35}\x{E48}"
      text run at (0,15482) width 22: "\x{E1E}\x{E37}\x{E49}\x{E19}"
      text run at (0,15502) width 29: "\x{E2D}\x{E2D}\x{E01}"
      text run at (0,15522) width 35: "\x{E2D}\x{E22}\x{E48}\x{E32}\x{E07}"
      text run at (0,15542) width 20: "\x{E2D}\x{E01}"
      text run at (0,15562) width 20: "\x{E2A}\x{E31}\x{E48}\x{E19}"
      text run at (0,15582) width 31: "\x{E02}\x{E27}\x{E31}\x{E0D}"
      text run at (0,15602) width 28: "\x{E2B}\x{E32}\x{E22}"
      text run at (0,15622) width 20: "\x{E1B}\x{E35}\x{E19}"
      text run at (0,15642) width 38: "\x{E1A}\x{E31}\x{E19}\x{E44}\x{E14}"
      text run at (0,15662) width 18: "\x{E44}\x{E21}\x{E49}"
      text run at (0,15682) width 18: "\x{E25}\x{E07}"
      text run at (0,15702) width 19: "\x{E44}\x{E1B}"
      text run at (0,15722) width 17: "\x{E43}\x{E19}"
      text run at (0,15742) width 34: "\x{E42}\x{E1E}\x{E23}\x{E07}"
      text run at (0,15762) width 25: "\x{E40}\x{E25}\x{E47}\x{E01}"
      text run at (0,15782) width 20: "\x{E2D}\x{E31}\x{E19}"
      text run at (0,15802) width 20: "\x{E21}\x{E37}\x{E14}"
      text run at (0,15822) width 22: "\x{E17}\x{E36}\x{E1A}"
      text run at (0,15842) width 18: "\x{E42}\x{E14}"
      text run at (0,15862) width 24: "\x{E42}\x{E23}\x{E18}\x{E35}"
      text run at (0,15882) width 19: "\x{E08}\x{E31}\x{E1A}"
      text run at (0,15902) width 18: "\x{E42}\x{E15}"
      text run at (0,15922) width 18: "\x{E42}\x{E15}\x{E49}"
      text run at (0,15942) width 19: "\x{E44}\x{E14}\x{E49}"
      text run at (0,15962) width 17: "\x{E43}\x{E19}"
      text run at (0,15982) width 32: "\x{E17}\x{E35}\x{E48}\x{E2A}\x{E38}\x{E14}"
      text run at (0,16002) width 27: "\x{E41}\x{E25}\x{E30}"
      text run at (0,16022) width 16: "\x{E27}\x{E34}\x{E48}\x{E07}"
      text run at (0,16042) width 28: "\x{E15}\x{E32}\x{E21}"
      text run at (0,16062) width 18: "\x{E1B}\x{E49}\x{E32}"
      text run at (0,16082) width 24: "\x{E40}\x{E18}\x{E2D}"
      text run at (0,16102) width 19: "\x{E44}\x{E1B}"
      text run at (0,16122) width 25: "\x{E40}\x{E21}\x{E37}\x{E48}\x{E2D}"
      text run at (0,16142) width 24: "\x{E40}\x{E18}\x{E2D}"
      text run at (0,16162) width 18: "\x{E21}\x{E32}"
      text run at (0,16182) width 19: "\x{E44}\x{E14}\x{E49}"
      text run at (0,16202) width 25: "\x{E04}\x{E23}\x{E36}\x{E48}\x{E07}"
      text run at (0,16222) width 29: "\x{E2B}\x{E49}\x{E2D}\x{E07}"
      text run at (0,16242) width 10: "\x{E01}\x{E47}"
      text run at (0,16262) width 10: "\x{E21}\x{E35}"
      text run at (0,16282) width 33: "\x{E40}\x{E2A}\x{E35}\x{E22}\x{E07}"
      text run at (0,16302) width 29: "\x{E2B}\x{E27}\x{E35}\x{E14}"
      text run at (0,16322) width 28: "\x{E2B}\x{E27}\x{E37}\x{E2D}"
      text run at (0,16342) width 28: "\x{E2A}\x{E48}\x{E27}\x{E19}"
      text run at (0,16362) width 28: "\x{E1A}\x{E49}\x{E32}\x{E19}"
      text run at (0,16382) width 10: "\x{E01}\x{E47}"
      text run at (0,16402) width 20: "\x{E2A}\x{E31}\x{E48}\x{E19}"
      text run at (0,16422) width 35: "\x{E2D}\x{E22}\x{E48}\x{E32}\x{E07}"
      text run at (0,16442) width 25: "\x{E41}\x{E23}\x{E07}"
      text run at (0,16462) width 19: "\x{E08}\x{E19}"
      text run at (0,16482) width 24: "\x{E40}\x{E18}\x{E2D}"
      text run at (0,16502) width 21: "\x{E2B}\x{E01}"
      text run at (0,16522) width 35: "\x{E04}\x{E30}\x{E21}\x{E33}"
      text run at (0,16542) width 18: "\x{E19}\x{E31}\x{E48}\x{E07}"
      text run at (0,16562) width 40: "\x{E08}\x{E49}\x{E33}\x{E40}\x{E1A}\x{E49}\x{E32}"
      text run at (0,16582) width 19: "\x{E2D}\x{E22}\x{E39}\x{E48}"
      text run at (0,16602) width 20: "\x{E01}\x{E31}\x{E1A}"
      text run at (0,16622) width 22: "\x{E1E}\x{E37}\x{E49}\x{E19}"
      text run at (0,16642) width 28: "\x{E41}\x{E25}\x{E49}\x{E27}"
      text run at (0,16662) width 18: "\x{E2A}\x{E34}\x{E48}\x{E07}"
      text run at (0,16682) width 63: "\x{E1B}\x{E23}\x{E30}\x{E2B}\x{E25}\x{E32}\x{E14}"
      text run at (0,16702) width 10: "\x{E01}\x{E47}"
      text run at (0,16722) width 25: "\x{E40}\x{E01}\x{E34}\x{E14}"
      text run at (0,16742) width 20: "\x{E02}\x{E36}\x{E49}\x{E19}"
      text run at (0,16762) width 28: "\x{E1A}\x{E49}\x{E32}\x{E19}"
      text run at (0,16782) width 31: "\x{E2B}\x{E21}\x{E38}\x{E19}"
      text run at (0,16802) width 19: "\x{E44}\x{E1B}"
      text run at (0,16822) width 31: "\x{E2B}\x{E21}\x{E38}\x{E19}"
      text run at (0,16842) width 28: "\x{E21}\x{E32}\x{E2A}"
      text run at (0,16862) width 18: "\x{E2D}\x{E07}"
      text run at (0,16882) width 28: "\x{E2A}\x{E32}\x{E21}"
      text run at (0,16902) width 27: "\x{E23}\x{E2D}\x{E1A}"
      text run at (0,16922) width 28: "\x{E41}\x{E25}\x{E49}\x{E27}"
      text run at (0,16942) width 10: "\x{E01}\x{E47}"
      text run at (0,16962) width 29: "\x{E25}\x{E2D}\x{E22}"
      text run at (0,16982) width 20: "\x{E02}\x{E36}\x{E49}\x{E19}"
      text run at (0,17002) width 10: "\x{E2A}\x{E39}\x{E48}"
      text run at (0,17022) width 45: "\x{E2D}\x{E32}\x{E01}\x{E32}\x{E28}"
      text run at (0,17042) width 35: "\x{E2D}\x{E22}\x{E48}\x{E32}\x{E07}"
      text run at (0,17062) width 26: "\x{E0A}\x{E49}\x{E32}\x{E46}"
      text run at (0,17082) width 18: "\x{E42}\x{E14}"
      text run at (0,17102) width 15: "\x{E42}\x{E23}"
      text run at (0,17122) width 16: "\x{E18}\x{E35}\x{E23}\x{E39}\x{E49}"
      text run at (0,17142) width 20: "\x{E2A}\x{E36}\x{E01}"
      text run at (0,17162) width 42: "\x{E23}\x{E32}\x{E27}\x{E01}\x{E31}\x{E1A}"
      text run at (0,17182) width 16: "\x{E27}\x{E48}\x{E32}"
      text run at (0,17202) width 24: "\x{E40}\x{E18}\x{E2D}"
      text run at (0,17222) width 19: "\x{E44}\x{E14}\x{E49}"
      text run at (0,17242) width 20: "\x{E02}\x{E36}\x{E49}\x{E19}"
      text run at (0,17262) width 19: "\x{E44}\x{E1B}"
      text run at (0,17282) width 20: "\x{E01}\x{E31}\x{E1A}"
      text run at (0,17302) width 20: "\x{E25}\x{E39}\x{E01}"
      text run at (0,17322) width 50: "\x{E1A}\x{E2D}\x{E25}\x{E25}\x{E39}\x{E19}"
      text run at (0,17342) width 29: "\x{E1E}\x{E32}\x{E22}\x{E38}"
      text run at (0,17362) width 36: "\x{E40}\x{E2B}\x{E19}\x{E37}\x{E2D}"
      text run at (0,17382) width 20: "\x{E01}\x{E31}\x{E1A}"
      text run at (0,17402) width 29: "\x{E1E}\x{E32}\x{E22}\x{E38}"
      text run at (0,17422) width 17: "\x{E43}\x{E15}\x{E49}"
      text run at (0,17442) width 18: "\x{E21}\x{E32}"
      text run at (0,17462) width 22: "\x{E1E}\x{E1A}"
      text run at (0,17482) width 20: "\x{E01}\x{E31}\x{E19}"
      text run at (0,17502) width 25: "\x{E15}\x{E23}\x{E07}"
      text run at (0,17522) width 12: "\x{E17}\x{E35}\x{E48}"
      text run at (0,17542) width 28: "\x{E1A}\x{E49}\x{E32}\x{E19}"
      text run at (0,17562) width 31: "\x{E1E}\x{E2D}\x{E14}\x{E35}"
      text run at (0,17582) width 27: "\x{E41}\x{E25}\x{E30}"
      text run at (0,17602) width 37: "\x{E17}\x{E33}\x{E43}\x{E2B}\x{E49}"
      text run at (0,17622) width 25: "\x{E15}\x{E23}\x{E07}"
      text run at (0,17642) width 20: "\x{E19}\x{E31}\x{E49}\x{E19}"
      text run at (0,17662) width 26: "\x{E40}\x{E1B}\x{E47}\x{E19}"
      text run at (0,17682) width 83: "\x{E08}\x{E38}\x{E14}\x{E28}\x{E39}\x{E19}\x{E22}\x{E4C}\x{E01}\x{E25}\x{E32}\x{E07}"
      text run at (0,17702) width 28: "\x{E02}\x{E2D}\x{E07}"
      text run at (0,17722) width 29: "\x{E1E}\x{E32}\x{E22}\x{E38}"
      text run at (0,17742) width 57: "\x{E44}\x{E0B}\x{E42}\x{E04}\x{E25}\x{E19}"
      text run at (0,17762) width 28: "\x{E15}\x{E32}\x{E21}"
      text run at (0,17782) width 30: "\x{E1B}\x{E01}\x{E15}\x{E34}"
      text run at (0,17802) width 25: "\x{E15}\x{E23}\x{E07}"
      text run at (0,17822) width 36: "\x{E01}\x{E25}\x{E32}\x{E07}"
      text run at (0,17842) width 29: "\x{E1E}\x{E32}\x{E22}\x{E38}"
      text run at (0,17862) width 57: "\x{E44}\x{E0B}\x{E42}\x{E04}\x{E25}\x{E19}"
      text run at (0,17882) width 45: "\x{E2D}\x{E32}\x{E01}\x{E32}\x{E28}"
      text run at (0,17902) width 17: "\x{E08}\x{E30}"
      text run at (0,17922) width 18: "\x{E19}\x{E34}\x{E48}\x{E07}"
      text run at (0,17942) width 20: "\x{E41}\x{E15}\x{E48}"
      text run at (0,17962) width 35: "\x{E04}\x{E27}\x{E32}\x{E21}"
      text run at (0,17982) width 39: "\x{E01}\x{E14}\x{E14}\x{E31}\x{E19}"
      text run at (0,18002) width 35: "\x{E2D}\x{E22}\x{E48}\x{E32}\x{E07}"
      text run at (0,18022) width 31: "\x{E2B}\x{E19}\x{E31}\x{E01}"
      text run at (0,18042) width 28: "\x{E02}\x{E2D}\x{E07}"
      text run at (0,18062) width 20: "\x{E25}\x{E21}"
      text run at (0,18082) width 21: "\x{E17}\x{E38}\x{E01}"
      text run at (0,18102) width 28: "\x{E14}\x{E49}\x{E32}\x{E19}"
      text run at (0,18122) width 27: "\x{E23}\x{E2D}\x{E1A}"
      text run at (0,18142) width 28: "\x{E1A}\x{E49}\x{E32}\x{E19}"
      text run at (0,18162) width 37: "\x{E17}\x{E33}\x{E43}\x{E2B}\x{E49}"
      text run at (0,18182) width 28: "\x{E1A}\x{E49}\x{E32}\x{E19}"
      text run at (0,18202) width 29: "\x{E25}\x{E2D}\x{E22}"
      text run at (0,18222) width 18: "\x{E2A}\x{E39}\x{E07}"
      text run at (0,18242) width 28: "\x{E02}\x{E36}\x{E49}\x{E19}\x{E46}"
      text run at (0,18262) width 19: "\x{E08}\x{E19}"
      text run at (0,18282) width 43: "\x{E01}\x{E23}\x{E30}\x{E17}\x{E31}\x{E48}\x{E07}"
      text run at (0,18302) width 20: "\x{E02}\x{E36}\x{E49}\x{E19}"
      text run at (0,18322) width 19: "\x{E44}\x{E1B}"
      text run at (0,18342) width 19: "\x{E2D}\x{E22}\x{E39}\x{E48}"
      text run at (0,18362) width 20: "\x{E2A}\x{E38}\x{E14}"
      text run at (0,18382) width 29: "\x{E22}\x{E2D}\x{E14}"
      text run at (0,18402) width 28: "\x{E02}\x{E2D}\x{E07}"
      text run at (0,18422) width 29: "\x{E1E}\x{E32}\x{E22}\x{E38}"
      text run at (0,18442) width 57: "\x{E44}\x{E0B}\x{E42}\x{E04}\x{E25}\x{E19}"
      text run at (0,18462) width 27: "\x{E41}\x{E25}\x{E30}"
      text run at (0,18482) width 27: "\x{E08}\x{E32}\x{E01}"
      text run at (0,18502) width 25: "\x{E15}\x{E23}\x{E07}"
      text run at (0,18522) width 20: "\x{E19}\x{E31}\x{E49}\x{E19}"
      text run at (0,18542) width 10: "\x{E01}\x{E47}"
      text run at (0,18562) width 19: "\x{E16}\x{E39}\x{E01}"
      text run at (0,18582) width 31: "\x{E2B}\x{E2D}\x{E1A}"
      text run at (0,18602) width 19: "\x{E44}\x{E1B}"
      text run at (0,18622) width 38: "\x{E2B}\x{E25}\x{E32}\x{E22}"
      text run at (0,18642) width 28: "\x{E44}\x{E21}\x{E25}\x{E4C}"
      text run at (0,18662) width 52: "\x{E07}\x{E48}\x{E32}\x{E22}\x{E14}\x{E32}\x{E22}"
      text run at (0,18682) width 42: "\x{E23}\x{E32}\x{E27}\x{E01}\x{E31}\x{E1A}"
      text run at (0,18702) width 31: "\x{E2B}\x{E2D}\x{E1A}"
      text run at (0,18722) width 20: "\x{E02}\x{E19}"
      text run at (0,18742) width 20: "\x{E19}\x{E01}"
      text run at (0,18762) width 20: "\x{E21}\x{E37}\x{E14}"
      text run at (0,18782) width 27: "\x{E21}\x{E32}\x{E01}"
      text run at (0,18802) width 28: "\x{E41}\x{E25}\x{E49}\x{E27}"
      text run at (0,18822) width 20: "\x{E25}\x{E21}"
      text run at (0,18842) width 18: "\x{E22}\x{E31}\x{E07}"
      text run at (0,18862) width 18: "\x{E2A}\x{E48}\x{E07}"
      text run at (0,18882) width 33: "\x{E40}\x{E2A}\x{E35}\x{E22}\x{E07}"
      text run at (0,18902) width 29: "\x{E2B}\x{E27}\x{E35}\x{E14}"
      text run at (0,18922) width 28: "\x{E2B}\x{E27}\x{E37}\x{E2D}"
      text run at (0,18942) width 18: "\x{E19}\x{E48}\x{E32}"
      text run at (0,18962) width 28: "\x{E01}\x{E25}\x{E31}\x{E27}"
      text run at (0,18982) width 19: "\x{E2D}\x{E22}\x{E39}\x{E48}"
      text run at (0,19002) width 27: "\x{E23}\x{E2D}\x{E1A}"
      text run at (0,19022) width 18: "\x{E15}\x{E31}\x{E27}"
      text run at (0,19042) width 24: "\x{E40}\x{E18}\x{E2D}"
      text run at (0,19062) width 20: "\x{E41}\x{E15}\x{E48}"
      text run at (0,19082) width 18: "\x{E42}\x{E14}"
      text run at (0,19102) width 24: "\x{E42}\x{E23}\x{E18}\x{E35}"
      text run at (0,19122) width 26: "\x{E40}\x{E2B}\x{E47}\x{E19}"
      text run at (0,19142) width 16: "\x{E27}\x{E48}\x{E32}"
      text run at (0,19162) width 24: "\x{E40}\x{E18}\x{E2D}"
      text run at (0,19182) width 52: "\x{E2A}\x{E32}\x{E21}\x{E32}\x{E23}\x{E16}"
      text run at (0,19202) width 18: "\x{E19}\x{E31}\x{E48}\x{E07}"
      text run at (0,19222) width 19: "\x{E44}\x{E1B}"
      text run at (0,19242) width 19: "\x{E44}\x{E14}\x{E49}"
      text run at (0,19262) width 35: "\x{E2D}\x{E22}\x{E48}\x{E32}\x{E07}"
      text run at (0,19282) width 52: "\x{E07}\x{E48}\x{E32}\x{E22}\x{E14}\x{E32}\x{E22}"
      text run at (0,19302) width 20: "\x{E19}\x{E31}\x{E01}"
      text run at (0,19322) width 25: "\x{E04}\x{E23}\x{E31}\x{E49}\x{E07}"
      text run at (0,19342) width 29: "\x{E2B}\x{E19}\x{E36}\x{E48}\x{E07}"
      text run at (0,19362) width 29: "\x{E2B}\x{E25}\x{E31}\x{E07}"
      text run at (0,19382) width 27: "\x{E08}\x{E32}\x{E01}"
      text run at (0,19402) width 12: "\x{E17}\x{E35}\x{E48}"
      text run at (0,19422) width 28: "\x{E1A}\x{E49}\x{E32}\x{E19}"
      text run at (0,19442) width 37: "\x{E2A}\x{E30}\x{E14}\x{E38}\x{E14}"
      text run at (0,19462) width 35: "\x{E2D}\x{E22}\x{E48}\x{E32}\x{E07}"
      text run at (0,19482) width 25: "\x{E41}\x{E23}\x{E07}"
      text run at (0,19502) width 27: "\x{E41}\x{E25}\x{E30}"
      text run at (0,19522) width 31: "\x{E2B}\x{E21}\x{E38}\x{E19}"
      text run at (0,19542) width 19: "\x{E44}\x{E1B}"
      text run at (0,19562) width 35: "\x{E23}\x{E2D}\x{E1A}\x{E46}"
      text run at (0,19582) width 28: "\x{E2A}\x{E2D}\x{E07}"
      text run at (0,19602) width 28: "\x{E2A}\x{E32}\x{E21}"
      text run at (0,19622) width 25: "\x{E04}\x{E23}\x{E31}\x{E49}\x{E07}"
      text run at (0,19642) width 17: "\x{E43}\x{E19}"
      text run at (0,19662) width 30: "\x{E15}\x{E2D}\x{E19}"
      text run at (0,19682) width 26: "\x{E41}\x{E23}\x{E01}"
      text run at (0,19702) width 24: "\x{E40}\x{E18}\x{E2D}"
      text run at (0,19722) width 10: "\x{E01}\x{E47}"
      text run at (0,19742) width 27: "\x{E23}\x{E39}\x{E49}\x{E2A}\x{E36}\x{E01}"
      text run at (0,19762) width 16: "\x{E27}\x{E48}\x{E32}"
      text run at (0,19782) width 18: "\x{E15}\x{E31}\x{E27}"
      text run at (0,19802) width 23: "\x{E40}\x{E2D}\x{E07}"
      text run at (0,19822) width 19: "\x{E16}\x{E39}\x{E01}"
      text run at (0,19842) width 35: "\x{E41}\x{E01}\x{E27}\x{E48}\x{E07}"
      text run at (0,19862) width 35: "\x{E2D}\x{E22}\x{E48}\x{E32}\x{E07}"
      text run at (0,19882) width 28: "\x{E41}\x{E1C}\x{E48}\x{E27}"
      text run at (0,19902) width 24: "\x{E40}\x{E1A}\x{E32}"
      text run at (0,19922) width 23: "\x{E23}\x{E32}\x{E27}"
      text run at (0,19942) width 36: "\x{E17}\x{E32}\x{E23}\x{E01}"
      text run at (0,19962) width 17: "\x{E43}\x{E19}"
      text run at (0,19982) width 26: "\x{E40}\x{E1B}\x{E25}"
      text run at (0,20002) width 18: "\x{E42}\x{E15}"
      text run at (0,20022) width 18: "\x{E42}\x{E15}\x{E49}"
      text run at (0,20042) width 18: "\x{E44}\x{E21}\x{E48}"
      text run at (0,20062) width 46: "\x{E0A}\x{E2D}\x{E1A}\x{E43}\x{E08}"
      text run at (0,20082) width 25: "\x{E40}\x{E25}\x{E22}"
      text run at (0,20102) width 20: "\x{E21}\x{E31}\x{E19}"
      text run at (0,20122) width 16: "\x{E27}\x{E34}\x{E48}\x{E07}"
      text run at (0,20142) width 19: "\x{E44}\x{E1B}"
      text run at (0,20162) width 16: "\x{E27}\x{E34}\x{E48}\x{E07}"
      text run at (0,20182) width 25: "\x{E21}\x{E32}\x{E23}"
      text run at (0,20202) width 20: "\x{E2D}\x{E1A}"
      text run at (0,20222) width 29: "\x{E2B}\x{E49}\x{E2D}\x{E07}"
      text run at (0,20242) width 28: "\x{E17}\x{E32}\x{E07}"
      text run at (0,20262) width 28: "\x{E42}\x{E19}\x{E49}\x{E19}"
      text run at (0,20282) width 12: "\x{E17}\x{E35}"
      text run at (0,20302) width 28: "\x{E17}\x{E32}\x{E07}"
      text run at (0,20322) width 10: "\x{E19}\x{E35}\x{E49}"
      text run at (0,20342) width 12: "\x{E17}\x{E35}"
      text run at (0,20362) width 18: "\x{E2A}\x{E48}\x{E07}"
      text run at (0,20382) width 33: "\x{E40}\x{E2A}\x{E35}\x{E22}\x{E07}"
      text run at (0,20402) width 24: "\x{E40}\x{E2B}\x{E48}\x{E32}"
      text run at (0,20422) width 18: "\x{E14}\x{E31}\x{E07}"
      text run at (0,20442) width 27: "\x{E01}\x{E49}\x{E2D}\x{E07}"
      text run at (0,20462) width 20: "\x{E41}\x{E15}\x{E48}"
      text run at (0,20482) width 18: "\x{E42}\x{E14}"
      text run at (0,20502) width 24: "\x{E42}\x{E23}\x{E18}\x{E35}"
      text run at (0,20522) width 18: "\x{E19}\x{E31}\x{E48}\x{E07}"
      text run at (0,20542) width 18: "\x{E19}\x{E34}\x{E48}\x{E07}"
      text run at (0,20562) width 19: "\x{E2D}\x{E22}\x{E39}\x{E48}"
      text run at (0,20582) width 20: "\x{E1A}\x{E19}"
      text run at (0,20602) width 22: "\x{E1E}\x{E37}\x{E49}\x{E19}"
      text run at (0,20622) width 24: "\x{E40}\x{E1D}\x{E49}\x{E32}"
      text run at (0,20642) width 29: "\x{E04}\x{E2D}\x{E22}"
      text run at (0,20662) width 10: "\x{E14}\x{E39}"
      text run at (0,20682) width 16: "\x{E27}\x{E48}\x{E32}"
      text run at (0,20702) width 17: "\x{E08}\x{E30}"
      text run at (0,20722) width 25: "\x{E40}\x{E01}\x{E34}\x{E14}"
      text run at (0,20742) width 32: "\x{E2D}\x{E30}\x{E44}\x{E23}"
      text run at (0,20762) width 20: "\x{E02}\x{E36}\x{E49}\x{E19}"
      text run at (0,20782) width 25: "\x{E04}\x{E23}\x{E31}\x{E49}\x{E07}"
      text run at (0,20802) width 29: "\x{E2B}\x{E19}\x{E36}\x{E48}\x{E07}"
      text run at (0,20822) width 18: "\x{E42}\x{E15}"
      text run at (0,20842) width 18: "\x{E42}\x{E15}\x{E49}"
      text run at (0,20862) width 42: "\x{E40}\x{E02}\x{E49}\x{E32}\x{E44}\x{E1B}"
      text run at (0,20882) width 27: "\x{E43}\x{E01}\x{E25}\x{E49}"
      text run at (0,20902) width 18: "\x{E1D}\x{E32}"
      text run at (0,20922) width 12: "\x{E17}\x{E35}\x{E48}"
      text run at (0,20942) width 22: "\x{E1E}\x{E37}\x{E49}\x{E19}"
      text run at (0,20962) width 27: "\x{E21}\x{E32}\x{E01}"
      text run at (0,20982) width 19: "\x{E44}\x{E1B}"
      text run at (0,21002) width 25: "\x{E40}\x{E25}\x{E22}"
      text run at (0,21022) width 32: "\x{E1E}\x{E25}\x{E31}\x{E14}"
      text run at (0,21042) width 38: "\x{E15}\x{E01}\x{E25}\x{E07}"
      text run at (0,21062) width 19: "\x{E44}\x{E1B}"
      text run at (0,21082) width 12: "\x{E17}\x{E35}"
      text run at (0,21102) width 26: "\x{E41}\x{E23}\x{E01}"
      text run at (0,21122) width 25: "\x{E40}\x{E14}\x{E47}\x{E01}"
      text run at (0,21142) width 32: "\x{E2B}\x{E0D}\x{E34}\x{E07}"
      text run at (0,21162) width 20: "\x{E04}\x{E34}\x{E14}"
      text run at (0,21182) width 16: "\x{E27}\x{E48}\x{E32}"
      text run at (0,21202) width 24: "\x{E40}\x{E18}\x{E2D}"
      text run at (0,21222) width 17: "\x{E08}\x{E30}"
      text run at (0,21242) width 24: "\x{E2A}\x{E39}\x{E0D}"
      text run at (0,21262) width 25: "\x{E40}\x{E2A}\x{E35}\x{E22}"
      text run at (0,21282) width 20: "\x{E21}\x{E31}\x{E19}"
      text run at (0,21302) width 19: "\x{E44}\x{E1B}"
      text run at (0,21322) width 25: "\x{E40}\x{E2A}\x{E35}\x{E22}"
      text run at (0,21342) width 28: "\x{E41}\x{E25}\x{E49}\x{E27}"
      text run at (0,21362) width 20: "\x{E41}\x{E15}\x{E48}"
      text run at (0,21382) width 18: "\x{E0A}\x{E31}\x{E48}\x{E27}"
      text run at (0,21402) width 17: "\x{E04}\x{E23}\x{E39}\x{E48}"
      text run at (0,21422) width 24: "\x{E40}\x{E18}\x{E2D}"
      text run at (0,21442) width 10: "\x{E01}\x{E47}"
      text run at (0,21462) width 26: "\x{E40}\x{E2B}\x{E47}\x{E19}"
      text run at (0,21482) width 11: "\x{E2B}\x{E39}"
      text run at (0,21502) width 28: "\x{E02}\x{E2D}\x{E07}"
      text run at (0,21522) width 20: "\x{E21}\x{E31}\x{E19}"
      text run at (0,21542) width 28: "\x{E42}\x{E1C}\x{E25}\x{E48}"
      text run at (0,21562) width 20: "\x{E02}\x{E36}\x{E49}\x{E19}"
      text run at (0,21582) width 18: "\x{E21}\x{E32}"
      text run at (0,21602) width 27: "\x{E08}\x{E32}\x{E01}"
      text run at (0,21622) width 28: "\x{E0A}\x{E48}\x{E2D}\x{E07}"
      text run at (0,21642) width 20: "\x{E19}\x{E31}\x{E49}\x{E19}"
      text run at (0,21662) width 30: "\x{E17}\x{E31}\x{E49}\x{E07}\x{E19}\x{E35}\x{E49}"
      text run at (0,21682) width 39: "\x{E40}\x{E1E}\x{E23}\x{E32}\x{E30}"
      text run at (0,21702) width 25: "\x{E41}\x{E23}\x{E07}"
      text run at (0,21722) width 20: "\x{E01}\x{E14}"
      text run at (0,21742) width 35: "\x{E2D}\x{E22}\x{E48}\x{E32}\x{E07}"
      text run at (0,21762) width 31: "\x{E2B}\x{E19}\x{E31}\x{E01}"
      text run at (0,21782) width 28: "\x{E02}\x{E2D}\x{E07}"
      text run at (0,21802) width 45: "\x{E2D}\x{E32}\x{E01}\x{E32}\x{E28}"
      text run at (0,21822) width 37: "\x{E17}\x{E33}\x{E43}\x{E2B}\x{E49}"
      text run at (0,21842) width 18: "\x{E42}\x{E15}"
      text run at (0,21862) width 18: "\x{E42}\x{E15}\x{E49}"
      text run at (0,21882) width 18: "\x{E44}\x{E21}\x{E48}"
      text run at (0,21902) width 38: "\x{E15}\x{E01}\x{E25}\x{E07}"
      text run at (0,21922) width 19: "\x{E44}\x{E1B}"
      text run at (0,21942) width 26: "\x{E02}\x{E49}\x{E32}\x{E07}"
      text run at (0,21962) width 26: "\x{E25}\x{E48}\x{E32}\x{E07}"
      text run at (0,21982) width 18: "\x{E42}\x{E14}"
      text run at (0,22002) width 24: "\x{E42}\x{E23}\x{E18}\x{E35}"
      text run at (0,22022) width 38: "\x{E04}\x{E25}\x{E32}\x{E19}"
      text run at (0,22042) width 19: "\x{E44}\x{E1B}"
      text run at (0,22062) width 12: "\x{E17}\x{E35}\x{E48}"
      text run at (0,22082) width 28: "\x{E0A}\x{E48}\x{E2D}\x{E07}"
      text run at (0,22102) width 20: "\x{E19}\x{E31}\x{E49}\x{E19}"
      text run at (0,22122) width 19: "\x{E08}\x{E31}\x{E1A}"
      text run at (0,22142) width 11: "\x{E2B}\x{E39}"
      text run at (0,22162) width 18: "\x{E42}\x{E15}"
      text run at (0,22182) width 18: "\x{E42}\x{E15}\x{E49}"
      text run at (0,22202) width 16: "\x{E44}\x{E27}\x{E49}"
      text run at (0,22222) width 19: "\x{E44}\x{E14}\x{E49}"
      text run at (0,22242) width 27: "\x{E41}\x{E25}\x{E30}"
      text run at (0,22262) width 28: "\x{E25}\x{E32}\x{E01}"
      text run at (0,22282) width 20: "\x{E21}\x{E31}\x{E19}"
      text run at (0,22302) width 18: "\x{E21}\x{E32}"
      text run at (0,22322) width 12: "\x{E17}\x{E35}\x{E48}"
      text run at (0,22342) width 29: "\x{E2B}\x{E49}\x{E2D}\x{E07}"
      text run at (0,22362) width 20: "\x{E2D}\x{E35}\x{E01}"
      text run at (0,22382) width 29: "\x{E2B}\x{E25}\x{E31}\x{E07}"
      text run at (0,22402) width 27: "\x{E08}\x{E32}\x{E01}"
      text run at (0,22422) width 20: "\x{E19}\x{E31}\x{E49}\x{E19}"
      text run at (0,22442) width 10: "\x{E01}\x{E47}"
      text run at (0,22462) width 20: "\x{E1B}\x{E34}\x{E14}"
      text run at (0,22482) width 18: "\x{E1D}\x{E32}"
      text run at (0,22502) width 22: "\x{E1E}\x{E37}\x{E49}\x{E19}"
      text run at (0,22522) width 27: "\x{E40}\x{E1E}\x{E37}\x{E48}\x{E2D}"
      text run at (0,22542) width 17: "\x{E08}\x{E30}"
      text run at (0,22562) width 19: "\x{E44}\x{E14}\x{E49}"
      text run at (0,22582) width 18: "\x{E44}\x{E21}\x{E48}"
      text run at (0,22602) width 25: "\x{E40}\x{E01}\x{E34}\x{E14}"
      text run at (0,22622) width 56: "\x{E2D}\x{E38}\x{E1A}\x{E31}\x{E15}\x{E34}\x{E40}\x{E2B}\x{E15}\x{E38}"
      text run at (0,22642) width 20: "\x{E2D}\x{E35}\x{E01}"
      text run at (0,22662) width 44: "\x{E0A}\x{E31}\x{E48}\x{E27}\x{E42}\x{E21}\x{E07}"
      text run at (0,22682) width 28: "\x{E41}\x{E25}\x{E49}\x{E27}"
      text run at (0,22702) width 44: "\x{E0A}\x{E31}\x{E48}\x{E27}\x{E42}\x{E21}\x{E07}"
      text run at (0,22722) width 23: "\x{E40}\x{E25}\x{E48}\x{E32}"
      text run at (0,22742) width 28: "\x{E1C}\x{E48}\x{E32}\x{E19}"
      text run at (0,22762) width 19: "\x{E44}\x{E1B}"
      text run at (0,22782) width 18: "\x{E42}\x{E14}"
      text run at (0,22802) width 24: "\x{E42}\x{E23}\x{E18}\x{E35}"
      text run at (0,22822) width 37: "\x{E04}\x{E48}\x{E2D}\x{E22}\x{E46}"
      text run at (0,22842) width 28: "\x{E2B}\x{E32}\x{E22}"
      text run at (0,22862) width 28: "\x{E01}\x{E25}\x{E31}\x{E27}"
      text run at (0,22882) width 20: "\x{E41}\x{E15}\x{E48}"
      text run at (0,22902) width 24: "\x{E40}\x{E18}\x{E2D}"
      text run at (0,22922) width 27: "\x{E23}\x{E39}\x{E49}\x{E2A}\x{E36}\x{E01}"
      text run at (0,22942) width 32: "\x{E40}\x{E2B}\x{E07}\x{E32}"
      text run at (0,22962) width 36: "\x{E40}\x{E2B}\x{E25}\x{E37}\x{E2D}"
      text run at (0,22982) width 25: "\x{E40}\x{E01}\x{E34}\x{E19}"
      text run at (0,23002) width 27: "\x{E41}\x{E25}\x{E30}"
      text run at (0,23022) width 20: "\x{E25}\x{E21}"
      text run at (0,23042) width 10: "\x{E01}\x{E47}"
      text run at (0,23062) width 18: "\x{E2A}\x{E48}\x{E07}"
      text run at (0,23082) width 33: "\x{E40}\x{E2A}\x{E35}\x{E22}\x{E07}"
      text run at (0,23102) width 29: "\x{E2B}\x{E27}\x{E35}\x{E14}"
      text run at (0,23122) width 28: "\x{E2B}\x{E27}\x{E37}\x{E2D}"
      text run at (0,23142) width 18: "\x{E14}\x{E31}\x{E07}"
      text run at (0,23162) width 25: "\x{E40}\x{E2A}\x{E35}\x{E22}"
      text run at (0,23182) width 19: "\x{E08}\x{E19}"
      text run at (0,23202) width 24: "\x{E40}\x{E18}\x{E2D}"
      text run at (0,23222) width 31: "\x{E41}\x{E17}\x{E1A}"
      text run at (0,23242) width 17: "\x{E08}\x{E30}"
      text run at (0,23262) width 11: "\x{E2B}\x{E39}"
      text run at (0,23282) width 38: "\x{E2B}\x{E19}\x{E27}\x{E01}"
      text run at (0,23302) width 12: "\x{E17}\x{E35}"
      text run at (0,23322) width 26: "\x{E41}\x{E23}\x{E01}"
      text run at (0,23342) width 24: "\x{E40}\x{E18}\x{E2D}"
      text run at (0,23362) width 37: "\x{E2A}\x{E07}\x{E2A}\x{E31}\x{E22}"
      text run at (0,23382) width 16: "\x{E27}\x{E48}\x{E32}"
      text run at (0,23402) width 34: "\x{E04}\x{E07}\x{E08}\x{E30}"
      text run at (0,23422) width 19: "\x{E16}\x{E39}\x{E01}"
      text run at (0,23442) width 20: "\x{E09}\x{E35}\x{E01}"
      text run at (0,23462) width 51: "\x{E01}\x{E23}\x{E30}\x{E0A}\x{E32}\x{E01}"
      text run at (0,23482) width 29: "\x{E2D}\x{E2D}\x{E01}"
      text run at (0,23502) width 26: "\x{E40}\x{E1B}\x{E47}\x{E19}"
      text run at (0,23522) width 20: "\x{E0A}\x{E34}\x{E49}\x{E19}"
      text run at (0,23542) width 25: "\x{E40}\x{E25}\x{E47}\x{E01}"
      text run at (0,23562) width 20: "\x{E0A}\x{E34}\x{E49}\x{E19}"
      text run at (0,23582) width 29: "\x{E19}\x{E49}\x{E2D}\x{E22}"
      text run at (0,23602) width 25: "\x{E40}\x{E21}\x{E37}\x{E48}\x{E2D}"
      text run at (0,23622) width 28: "\x{E1A}\x{E49}\x{E32}\x{E19}"
      text run at (0,23642) width 25: "\x{E40}\x{E2D}\x{E19}"
      text run at (0,23662) width 20: "\x{E25}\x{E49}\x{E21}"
      text run at (0,23682) width 18: "\x{E25}\x{E07}"
      text run at (0,23702) width 20: "\x{E2D}\x{E35}\x{E01}"
      text run at (0,23722) width 25: "\x{E04}\x{E23}\x{E31}\x{E49}\x{E07}"
      text run at (0,23742) width 20: "\x{E41}\x{E15}\x{E48}"
      text run at (0,23762) width 38: "\x{E2B}\x{E25}\x{E32}\x{E22}"
      text run at (0,23782) width 44: "\x{E0A}\x{E31}\x{E48}\x{E27}\x{E42}\x{E21}\x{E07}"
      text run at (0,23802) width 28: "\x{E1C}\x{E48}\x{E32}\x{E19}"
      text run at (0,23822) width 19: "\x{E44}\x{E1B}"
      text run at (0,23842) width 10: "\x{E01}\x{E47}"
      text run at (0,23862) width 28: "\x{E44}\x{E21}\x{E48}\x{E21}\x{E35}"
      text run at (0,23882) width 32: "\x{E2D}\x{E30}\x{E44}\x{E23}"
      text run at (0,23902) width 25: "\x{E40}\x{E01}\x{E34}\x{E14}"
      text run at (0,23922) width 20: "\x{E02}\x{E36}\x{E49}\x{E19}"
      text run at (0,23942) width 24: "\x{E40}\x{E18}\x{E2D}"
      text run at (0,23962) width 25: "\x{E40}\x{E25}\x{E22}"
      text run at (0,23982) width 25: "\x{E40}\x{E25}\x{E34}\x{E01}"
      text run at (0,24002) width 28: "\x{E27}\x{E34}\x{E15}\x{E01}"
      text run at (0,24022) width 27: "\x{E41}\x{E25}\x{E30}"
      text run at (0,24042) width 40: "\x{E15}\x{E31}\x{E14}\x{E2A}\x{E34}\x{E19}"
      text run at (0,24062) width 16: "\x{E43}\x{E08}"
      text run at (0,24082) width 29: "\x{E04}\x{E2D}\x{E22}"
      text run at (0,24102) width 10: "\x{E14}\x{E39}"
      text run at (0,24122) width 35: "\x{E2D}\x{E22}\x{E48}\x{E32}\x{E07}"
      text run at (0,24142) width 28: "\x{E2A}\x{E07}\x{E1A}"
      text run at (0,24162) width 27: "\x{E41}\x{E25}\x{E30}"
      text run at (0,24182) width 17: "\x{E23}\x{E2D}"
      text run at (0,24202) width 16: "\x{E27}\x{E48}\x{E32}"
      text run at (0,24222) width 47: "\x{E2D}\x{E19}\x{E32}\x{E04}\x{E15}"
      text run at (0,24242) width 17: "\x{E08}\x{E30}"
      text run at (0,24262) width 26: "\x{E40}\x{E1B}\x{E47}\x{E19}"
      text run at (0,24282) width 50: "\x{E2D}\x{E22}\x{E48}\x{E32}\x{E07}\x{E44}\x{E23}"
      text run at (0,24302) width 17: "\x{E43}\x{E19}"
      text run at (0,24322) width 32: "\x{E17}\x{E35}\x{E48}\x{E2A}\x{E38}\x{E14}"
      text run at (0,24342) width 24: "\x{E40}\x{E18}\x{E2D}"
      text run at (0,24362) width 38: "\x{E04}\x{E25}\x{E32}\x{E19}"
      text run at (0,24382) width 27: "\x{E08}\x{E32}\x{E01}"
      text run at (0,24402) width 22: "\x{E1E}\x{E37}\x{E49}\x{E19}"
      text run at (0,24422) width 29: "\x{E2B}\x{E49}\x{E2D}\x{E07}"
      text run at (0,24442) width 12: "\x{E17}\x{E35}\x{E48}"
      text run at (0,24462) width 27: "\x{E42}\x{E22}\x{E01}"
      text run at (0,24482) width 19: "\x{E44}\x{E1B}"
      text run at (0,24502) width 18: "\x{E21}\x{E32}"
      text run at (0,24522) width 20: "\x{E02}\x{E36}\x{E49}\x{E19}"
      text run at (0,24542) width 19: "\x{E44}\x{E1B}"
      text run at (0,24562) width 20: "\x{E1A}\x{E19}"
      text run at (0,24582) width 33: "\x{E40}\x{E15}\x{E35}\x{E22}\x{E07}"
      text run at (0,24602) width 28: "\x{E41}\x{E25}\x{E49}\x{E27}"
      text run at (0,24622) width 10: "\x{E01}\x{E47}"
      text run at (0,24642) width 30: "\x{E19}\x{E2D}\x{E19}"
      text run at (0,24662) width 18: "\x{E25}\x{E07}"
      text run at (0,24682) width 18: "\x{E42}\x{E15}"
      text run at (0,24702) width 18: "\x{E42}\x{E15}\x{E49}"
      text run at (0,24722) width 28: "\x{E15}\x{E32}\x{E21}"
      text run at (0,24742) width 20: "\x{E15}\x{E34}\x{E14}"
      text run at (0,24762) width 18: "\x{E21}\x{E32}"
      text run at (0,24782) width 30: "\x{E19}\x{E2D}\x{E19}"
      text run at (0,24802) width 18: "\x{E25}\x{E07}"
      text run at (0,24822) width 35: "\x{E43}\x{E01}\x{E25}\x{E49}\x{E46}"
      text run at (0,24842) width 24: "\x{E40}\x{E18}\x{E2D}"
      text run at (0,24862) width 18: "\x{E44}\x{E21}\x{E48}"
      text run at (0,24882) width 18: "\x{E0A}\x{E49}\x{E32}"
      text run at (0,24902) width 18: "\x{E42}\x{E14}"
      text run at (0,24922) width 24: "\x{E42}\x{E23}\x{E18}\x{E35}"
      text run at (0,24942) width 10: "\x{E01}\x{E47}"
      text run at (0,24962) width 20: "\x{E1B}\x{E34}\x{E14}"
      text run at (0,24982) width 18: "\x{E15}\x{E32}"
      text run at (0,25002) width 18: "\x{E25}\x{E07}"
      text run at (0,25022) width 31: "\x{E2B}\x{E25}\x{E31}\x{E1A}"
      text run at (0,25042) width 39: "\x{E1C}\x{E25}\x{E47}\x{E2D}\x{E22}"
      text run at (0,25062) width 19: "\x{E44}\x{E1B}"
      text run at (0,25082) width 35: "\x{E2D}\x{E22}\x{E48}\x{E32}\x{E07}"
      text run at (0,25102) width 31: "\x{E2A}\x{E19}\x{E34}\x{E17}"
      text run at (0,25122) width 28: "\x{E17}\x{E31}\x{E49}\x{E07}\x{E46}"
      text run at (0,25142) width 12: "\x{E17}\x{E35}\x{E48}"
      text run at (0,25162) width 28: "\x{E1A}\x{E49}\x{E32}\x{E19}"
      text run at (0,25182) width 27: "\x{E42}\x{E22}\x{E01}"
      text run at (0,25202) width 19: "\x{E44}\x{E1B}"
      text run at (0,25222) width 18: "\x{E21}\x{E32}"
      text run at (0,25242) width 27: "\x{E41}\x{E25}\x{E30}"
      text run at (0,25262) width 20: "\x{E25}\x{E21}"
      text run at (0,25282) width 10: "\x{E01}\x{E47}"
      text run at (0,25302) width 33: "\x{E04}\x{E23}\x{E32}\x{E07}"
      text run at (0,25322) width 29: "\x{E2B}\x{E27}\x{E35}\x{E14}"
      text run at (0,25342) width 28: "\x{E2B}\x{E27}\x{E37}\x{E2D}"
layer at (471,96) size 1x26658 backgroundClip at (0,0) size 785x600 clip at (0,0) size 785x600
  LayoutBlockFlow (positioned) {DIV} at (471,96) size 1x26658
    LayoutText {#text} at (0,2) size 68x26655
      text run at (0,2) width 22: "\x{E1A}\x{E17}"
      text run at (0,22) width 12: "\x{E17}\x{E35}\x{E48}"
      text run at (0,42) width 11: "\x{E51}"
      text run at (0,62) width 29: "\x{E1E}\x{E32}\x{E22}\x{E38}"
      text run at (0,82) width 57: "\x{E44}\x{E0B}\x{E42}\x{E04}\x{E25}\x{E19}"
      text run at (0,102) width 18: "\x{E42}\x{E14}"
      text run at (0,122) width 24: "\x{E42}\x{E23}\x{E18}\x{E35}"
      text run at (0,142) width 37: "\x{E2D}\x{E32}\x{E28}\x{E31}\x{E22}"
      text run at (0,162) width 19: "\x{E2D}\x{E22}\x{E39}\x{E48}"
      text run at (0,182) width 29: "\x{E17}\x{E48}\x{E32}\x{E21}"
      text run at (0,202) width 36: "\x{E01}\x{E25}\x{E32}\x{E07}"
      text run at (0,222) width 20: "\x{E17}\x{E38}\x{E48}\x{E07}"
      text run at (0,242) width 32: "\x{E43}\x{E2B}\x{E0D}\x{E48}"
      text run at (0,262) width 17: "\x{E43}\x{E19}"
      text run at (0,282) width 50: "\x{E41}\x{E04}\x{E19}\x{E0B}\x{E31}\x{E2A}"
      text run at (0,302) width 20: "\x{E01}\x{E31}\x{E1A}"
      text run at (0,322) width 18: "\x{E25}\x{E38}\x{E07}"
      text run at (0,342) width 15: "\x{E40}\x{E2E}"
      text run at (0,362) width 17: "\x{E19}\x{E23}\x{E35}"
      text run at (0,382) width 26: "\x{E0A}\x{E32}\x{E27}"
      text run at (0,402) width 16: "\x{E44}\x{E23}\x{E48}"
      text run at (0,422) width 27: "\x{E41}\x{E25}\x{E30}"
      text run at (0,442) width 18: "\x{E1B}\x{E49}\x{E32}"
      text run at (0,462) width 25: "\x{E40}\x{E2D}\x{E47}\x{E21}"
      text run at (0,482) width 41: "\x{E20}\x{E23}\x{E23}\x{E22}\x{E32}"
      text run at (0,502) width 41: "\x{E0A}\x{E32}\x{E27}\x{E44}\x{E23}\x{E48}"
      text run at (0,522) width 28: "\x{E1A}\x{E49}\x{E32}\x{E19}"
      text run at (0,542) width 28: "\x{E02}\x{E2D}\x{E07}"
      text run at (0,562) width 29: "\x{E1E}\x{E27}\x{E01}"
      text run at (0,582) width 23: "\x{E40}\x{E02}\x{E32}"
      text run at (0,602) width 29: "\x{E2B}\x{E25}\x{E31}\x{E07}"
      text run at (0,622) width 25: "\x{E40}\x{E25}\x{E47}\x{E01}"
      text run at (0,642) width 39: "\x{E40}\x{E1E}\x{E23}\x{E32}\x{E30}"
      text run at (0,662) width 18: "\x{E44}\x{E21}\x{E49}"
      text run at (0,682) width 33: "\x{E2A}\x{E23}\x{E49}\x{E32}\x{E07}"
      text run at (0,702) width 28: "\x{E1A}\x{E49}\x{E32}\x{E19}"
      text run at (0,722) width 28: "\x{E15}\x{E49}\x{E2D}\x{E07}"
      text run at (0,742) width 20: "\x{E02}\x{E19}"
      text run at (0,762) width 18: "\x{E21}\x{E32}"
      text run at (0,782) width 27: "\x{E14}\x{E49}\x{E27}\x{E22}"
      text run at (0,802) width 42: "\x{E40}\x{E01}\x{E27}\x{E35}\x{E22}\x{E19}"
      text run at (0,822) width 26: "\x{E40}\x{E1B}\x{E47}\x{E19}"
      text run at (0,842) width 31: "\x{E23}\x{E30}\x{E22}\x{E30}"
      text run at (0,862) width 28: "\x{E17}\x{E32}\x{E07}"
      text run at (0,882) width 38: "\x{E2B}\x{E25}\x{E32}\x{E22}"
      text run at (0,902) width 28: "\x{E44}\x{E21}\x{E25}\x{E4C}"
      text run at (0,922) width 28: "\x{E1A}\x{E49}\x{E32}\x{E19}"
      text run at (0,942) width 10: "\x{E21}\x{E35}"
      text run at (0,962) width 10: "\x{E2A}\x{E35}\x{E48}"
      text run at (0,982) width 18: "\x{E1D}\x{E32}"
      text run at (0,1002) width 10: "\x{E21}\x{E35}"
      text run at (0,1022) width 22: "\x{E1E}\x{E37}\x{E49}\x{E19}"
      text run at (0,1042) width 20: "\x{E01}\x{E31}\x{E1A}"
      text run at (0,1062) width 47: "\x{E2B}\x{E25}\x{E31}\x{E07}\x{E04}\x{E32}"
      text run at (0,1082) width 25: "\x{E23}\x{E27}\x{E21}"
      text run at (0,1102) width 20: "\x{E17}\x{E33}"
      text run at (0,1122) width 26: "\x{E40}\x{E1B}\x{E47}\x{E19}"
      text run at (0,1142) width 29: "\x{E2B}\x{E49}\x{E2D}\x{E07}"
      text run at (0,1162) width 33: "\x{E40}\x{E14}\x{E35}\x{E22}\x{E27}"
      text run at (0,1182) width 17: "\x{E43}\x{E19}"
      text run at (0,1202) width 29: "\x{E2B}\x{E49}\x{E2D}\x{E07}"
      text run at (0,1222) width 10: "\x{E21}\x{E35}"
      text run at (0,1242) width 20: "\x{E17}\x{E31}\x{E49}\x{E07}"
      text run at (0,1262) width 23: "\x{E40}\x{E15}\x{E32}"
      text run at (0,1282) width 19: "\x{E2B}\x{E38}\x{E07}"
      text run at (0,1302) width 20: "\x{E15}\x{E49}\x{E21}"
      text run at (0,1322) width 12: "\x{E17}\x{E35}\x{E48}"
      text run at (0,1342) width 30: "\x{E2A}\x{E19}\x{E34}\x{E21}"
      text run at (0,1362) width 10: "\x{E14}\x{E39}"
      text run at (0,1382) width 20: "\x{E02}\x{E36}\x{E49}\x{E19}"
      text run at (0,1402) width 32: "\x{E40}\x{E25}\x{E2D}\x{E30}"
      text run at (0,1422) width 10: "\x{E21}\x{E35}"
      text run at (0,1442) width 10: "\x{E15}\x{E39}\x{E49}"
      text run at (0,1462) width 17: "\x{E43}\x{E2A}\x{E48}"
      text run at (0,1482) width 27: "\x{E16}\x{E49}\x{E27}\x{E22}"
      text run at (0,1502) width 28: "\x{E0A}\x{E32}\x{E21}"
      text run at (0,1522) width 25: "\x{E42}\x{E15}\x{E4A}\x{E30}"
      text run at (0,1542) width 33: "\x{E40}\x{E01}\x{E49}\x{E32}\x{E2D}\x{E35}\x{E49}"
      text run at (0,1562) width 28: "\x{E2A}\x{E32}\x{E21}"
      text run at (0,1582) width 28: "\x{E2B}\x{E23}\x{E37}\x{E2D}"
      text run at (0,1602) width 10: "\x{E2A}\x{E35}\x{E48}"
      text run at (0,1622) width 18: "\x{E15}\x{E31}\x{E27}"
      text run at (0,1642) width 28: "\x{E41}\x{E25}\x{E49}\x{E27}"
      text run at (0,1662) width 10: "\x{E01}\x{E47}"
      text run at (0,1682) width 10: "\x{E21}\x{E35}"
      text run at (0,1702) width 33: "\x{E40}\x{E15}\x{E35}\x{E22}\x{E07}"
      text run at (0,1722) width 30: "\x{E19}\x{E2D}\x{E19}"
      text run at (0,1742) width 18: "\x{E25}\x{E38}\x{E07}"
      text run at (0,1762) width 15: "\x{E40}\x{E2E}"
      text run at (0,1782) width 17: "\x{E19}\x{E23}\x{E35}"
      text run at (0,1802) width 20: "\x{E01}\x{E31}\x{E1A}"
      text run at (0,1822) width 18: "\x{E1B}\x{E49}\x{E32}"
      text run at (0,1842) width 25: "\x{E40}\x{E2D}\x{E47}\x{E21}"
      text run at (0,1862) width 10: "\x{E21}\x{E35}"
      text run at (0,1882) width 33: "\x{E40}\x{E15}\x{E35}\x{E22}\x{E07}"
      text run at (0,1902) width 30: "\x{E19}\x{E2D}\x{E19}"
      text run at (0,1922) width 32: "\x{E43}\x{E2B}\x{E0D}\x{E48}"
      text run at (0,1942) width 19: "\x{E2D}\x{E22}\x{E39}\x{E48}"
      text run at (0,1962) width 12: "\x{E17}\x{E35}\x{E48}"
      text run at (0,1982) width 20: "\x{E21}\x{E38}\x{E21}"
      text run at (0,2002) width 29: "\x{E2B}\x{E19}\x{E36}\x{E48}\x{E07}"
      text run at (0,2022) width 28: "\x{E2A}\x{E48}\x{E27}\x{E19}"
      text run at (0,2042) width 18: "\x{E42}\x{E14}"
      text run at (0,2062) width 24: "\x{E42}\x{E23}\x{E18}\x{E35}"
      text run at (0,2082) width 10: "\x{E21}\x{E35}"
      text run at (0,2102) width 33: "\x{E40}\x{E15}\x{E35}\x{E22}\x{E07}"
      text run at (0,2122) width 25: "\x{E40}\x{E25}\x{E47}\x{E01}"
      text run at (0,2142) width 20: "\x{E2D}\x{E35}\x{E01}"
      text run at (0,2162) width 12: "\x{E17}\x{E35}\x{E48}"
      text run at (0,2182) width 20: "\x{E21}\x{E38}\x{E21}"
      text run at (0,2202) width 29: "\x{E2B}\x{E19}\x{E36}\x{E48}\x{E07}"
      text run at (0,2222) width 18: "\x{E44}\x{E21}\x{E48}"
      text run at (0,2242) width 10: "\x{E21}\x{E35}"
      text run at (0,2262) width 29: "\x{E2B}\x{E49}\x{E2D}\x{E07}"
      text run at (0,2282) width 17: "\x{E43}\x{E15}\x{E49}"
      text run at (0,2302) width 45: "\x{E40}\x{E1E}\x{E14}\x{E32}\x{E19}"
      text run at (0,2322) width 25: "\x{E40}\x{E25}\x{E22}"
      text run at (0,2342) width 29: "\x{E2B}\x{E49}\x{E2D}\x{E07}"
      text run at (0,2362) width 37: "\x{E43}\x{E15}\x{E49}\x{E16}\x{E38}\x{E19}"
      text run at (0,2382) width 10: "\x{E01}\x{E47}"
      text run at (0,2402) width 18: "\x{E44}\x{E21}\x{E48}"
      text run at (0,2422) width 10: "\x{E21}\x{E35}"
      text run at (0,2442) width 23: "\x{E40}\x{E27}\x{E49}\x{E19}"
      text run at (0,2462) width 20: "\x{E41}\x{E15}\x{E48}"
      text run at (0,2482) width 10: "\x{E21}\x{E35}"
      text run at (0,2502) width 34: "\x{E42}\x{E1E}\x{E23}\x{E07}"
      text run at (0,2522) width 33: "\x{E40}\x{E25}\x{E47}\x{E01}\x{E46}"
      text run at (0,2542) width 12: "\x{E17}\x{E35}\x{E48}"
      text run at (0,2562) width 20: "\x{E02}\x{E38}\x{E14}"
      text run at (0,2582) width 19: "\x{E44}\x{E1B}"
      text run at (0,2602) width 17: "\x{E43}\x{E15}\x{E49}"
      text run at (0,2622) width 22: "\x{E1E}\x{E37}\x{E49}\x{E19}"
      text run at (0,2642) width 31: "\x{E40}\x{E23}\x{E35}\x{E22}\x{E01}"
      text run at (0,2662) width 16: "\x{E27}\x{E48}\x{E32}"
      text run at (0,2680) width 7: "\""
      text run at (0,2700) width 34: "\x{E42}\x{E1E}\x{E23}\x{E07}"
      text run at (0,2720) width 57: "\x{E44}\x{E0B}\x{E42}\x{E04}\x{E25}\x{E19}"
      text run at (0,2738) width 7: "\""
      text run at (0,2758) width 26: "\x{E40}\x{E1B}\x{E47}\x{E19}"
      text run at (0,2778) width 12: "\x{E17}\x{E35}\x{E48}"
      text run at (0,2798) width 61: "\x{E04}\x{E23}\x{E2D}\x{E1A}\x{E04}\x{E23}\x{E31}\x{E27}"
      text run at (0,2818) width 10: "\x{E19}\x{E35}\x{E49}"
      text run at (0,2838) width 17: "\x{E08}\x{E30}"
      text run at (0,2858) width 20: "\x{E21}\x{E38}\x{E14}"
      text run at (0,2878) width 23: "\x{E40}\x{E02}\x{E49}\x{E32}"
      text run at (0,2898) width 19: "\x{E44}\x{E1B}"
      text run at (0,2918) width 25: "\x{E40}\x{E21}\x{E37}\x{E48}\x{E2D}"
      text run at (0,2938) width 25: "\x{E40}\x{E01}\x{E34}\x{E14}"
      text run at (0,2958) width 20: "\x{E25}\x{E21}"
      text run at (0,2978) width 29: "\x{E21}\x{E2B}\x{E32}"
      text run at (0,2998) width 20: "\x{E20}\x{E31}\x{E22}"
      text run at (0,3018) width 19: "\x{E0B}\x{E36}\x{E48}\x{E07}"
      text run at (0,3038) width 51: "\x{E01}\x{E23}\x{E30}\x{E42}\x{E0A}\x{E01}"
      text run at (0,3058) width 25: "\x{E41}\x{E23}\x{E07}"
      text run at (0,3078) width 19: "\x{E08}\x{E19}"
      text run at (0,3098) width 20: "\x{E1A}\x{E14}"
      text run at (0,3118) width 20: "\x{E02}\x{E22}\x{E35}\x{E49}"
      text run at (0,3138) width 18: "\x{E2A}\x{E34}\x{E48}\x{E07}"
      text run at (0,3158) width 20: "\x{E01}\x{E48}\x{E2D}"
      text run at (0,3178) width 33: "\x{E2A}\x{E23}\x{E49}\x{E32}\x{E07}"
      text run at (0,3198) width 17: "\x{E43}\x{E14}"
      text run at (0,3218) width 8: "\x{E46}"
      text run at (0,3238) width 12: "\x{E17}\x{E35}\x{E48}"
      text run at (0,3258) width 34: "\x{E02}\x{E27}\x{E32}\x{E07}"
      text run at (0,3278) width 28: "\x{E17}\x{E32}\x{E07}"
      text run at (0,3298) width 20: "\x{E21}\x{E31}\x{E19}"
      text run at (0,3318) width 19: "\x{E44}\x{E14}\x{E49}"
      text run at (0,3338) width 25: "\x{E15}\x{E23}\x{E07}"
      text run at (0,3358) width 36: "\x{E01}\x{E25}\x{E32}\x{E07}"
      text run at (0,3378) width 22: "\x{E1E}\x{E37}\x{E49}\x{E19}"
      text run at (0,3398) width 10: "\x{E21}\x{E35}"
      text run at (0,3418) width 18: "\x{E1D}\x{E32}"
      text run at (0,3438) width 26: "\x{E40}\x{E1B}\x{E34}\x{E14}"
      text run at (0,3458) width 23: "\x{E40}\x{E02}\x{E49}\x{E32}"
      text run at (0,3478) width 19: "\x{E44}\x{E1B}"
      text run at (0,3498) width 27: "\x{E08}\x{E32}\x{E01}"
      text run at (0,3518) width 20: "\x{E19}\x{E31}\x{E49}\x{E19}"
      text run at (0,3538) width 10: "\x{E21}\x{E35}"
      text run at (0,3558) width 38: "\x{E1A}\x{E31}\x{E19}\x{E44}\x{E14}"
      text run at (0,3578) width 18: "\x{E25}\x{E07}"
      text run at (0,3598) width 19: "\x{E44}\x{E1B}"
      text run at (0,3618) width 18: "\x{E16}\x{E36}\x{E07}"
      text run at (0,3638) width 34: "\x{E42}\x{E1E}\x{E23}\x{E07}"
      text run at (0,3658) width 20: "\x{E21}\x{E37}\x{E14}"
      text run at (0,3678) width 25: "\x{E40}\x{E25}\x{E47}\x{E01}"
      text run at (0,3698) width 8: "\x{E46}"
      text run at (0,3718) width 25: "\x{E40}\x{E21}\x{E37}\x{E48}\x{E2D}"
      text run at (0,3738) width 18: "\x{E42}\x{E14}"
      text run at (0,3758) width 24: "\x{E42}\x{E23}\x{E18}\x{E35}"
      text run at (0,3778) width 20: "\x{E22}\x{E37}\x{E19}"
      text run at (0,3798) width 12: "\x{E17}\x{E35}\x{E48}"
      text run at (0,3818) width 28: "\x{E1B}\x{E32}\x{E01}"
      text run at (0,3838) width 34: "\x{E1B}\x{E23}\x{E30}\x{E15}\x{E39}"
      text run at (0,3858) width 27: "\x{E41}\x{E25}\x{E30}"
      text run at (0,3878) width 27: "\x{E21}\x{E2D}\x{E07}"
      text run at (0,3898) width 19: "\x{E44}\x{E1B}"
      text run at (0,3918) width 27: "\x{E23}\x{E2D}\x{E1A}"
      text run at (0,3938) width 8: "\x{E46}"
      text run at (0,3958) width 24: "\x{E40}\x{E18}\x{E2D}"
      text run at (0,3978) width 18: "\x{E44}\x{E21}\x{E48}"
      text run at (0,3998) width 26: "\x{E40}\x{E2B}\x{E47}\x{E19}"
      text run at (0,4018) width 32: "\x{E2D}\x{E30}\x{E44}\x{E23}"
      text run at (0,4038) width 29: "\x{E19}\x{E2D}\x{E01}"
      text run at (0,4058) width 27: "\x{E08}\x{E32}\x{E01}"
      text run at (0,4078) width 29: "\x{E17}\x{E49}\x{E2D}\x{E07}"
      text run at (0,4098) width 20: "\x{E17}\x{E38}\x{E48}\x{E07}"
      text run at (0,4118) width 33: "\x{E01}\x{E27}\x{E49}\x{E32}\x{E07}"
      text run at (0,4138) width 10: "\x{E2A}\x{E35}"
      text run at (0,4158) width 25: "\x{E40}\x{E17}\x{E32}"
      text run at (0,4178) width 31: "\x{E2B}\x{E21}\x{E48}\x{E19}"
      text run at (0,4198) width 20: "\x{E17}\x{E31}\x{E48}\x{E27}"
      text run at (0,4218) width 21: "\x{E17}\x{E38}\x{E01}"
      text run at (0,4238) width 28: "\x{E14}\x{E49}\x{E32}\x{E19}"
      text run at (0,4258) width 18: "\x{E44}\x{E21}\x{E48}"
      text run at (0,4278) width 10: "\x{E21}\x{E35}"
      text run at (0,4298) width 20: "\x{E41}\x{E21}\x{E49}"
      text run at (0,4318) width 38: "\x{E15}\x{E49}\x{E19}\x{E44}\x{E21}\x{E49}"
      text run at (0,4338) width 20: "\x{E2A}\x{E31}\x{E01}"
      text run at (0,4358) width 20: "\x{E15}\x{E49}\x{E19}"
      text run at (0,4378) width 28: "\x{E2B}\x{E23}\x{E37}\x{E2D}"
      text run at (0,4398) width 28: "\x{E1A}\x{E49}\x{E32}\x{E19}"
      text run at (0,4418) width 20: "\x{E2A}\x{E31}\x{E01}"
      text run at (0,4438) width 29: "\x{E2B}\x{E25}\x{E31}\x{E07}"
      text run at (0,4458) width 12: "\x{E17}\x{E35}\x{E48}"
      text run at (0,4478) width 28: "\x{E42}\x{E1C}\x{E25}\x{E48}"
      text run at (0,4498) width 22: "\x{E1E}\x{E49}\x{E19}"
      text run at (0,4518) width 20: "\x{E20}\x{E39}\x{E21}\x{E34}"
      text run at (0,4538) width 51: "\x{E1B}\x{E23}\x{E30}\x{E40}\x{E17}\x{E28}"
      text run at (0,4558) width 20: "\x{E2D}\x{E31}\x{E19}"
      text run at (0,4578) width 25: "\x{E23}\x{E32}\x{E1A}"
      text run at (0,4598) width 32: "\x{E40}\x{E23}\x{E35}\x{E22}\x{E1A}"
      text run at (0,4618) width 20: "\x{E41}\x{E1C}\x{E48}"
      text run at (0,4638) width 19: "\x{E44}\x{E1B}"
      text run at (0,4658) width 28: "\x{E44}\x{E01}\x{E25}"
      text run at (0,4678) width 19: "\x{E08}\x{E19}"
      text run at (0,4698) width 19: "\x{E08}\x{E14}"
      text run at (0,4718) width 30: "\x{E02}\x{E2D}\x{E1A}"
      text run at (0,4738) width 19: "\x{E1F}\x{E49}\x{E32}"
      text run at (0,4758) width 20: "\x{E17}\x{E31}\x{E48}\x{E27}"
      text run at (0,4778) width 21: "\x{E17}\x{E38}\x{E01}"
      text run at (0,4798) width 22: "\x{E17}\x{E34}\x{E28}"
      text run at (0,4818) width 26: "\x{E14}\x{E27}\x{E07}"
      text run at (0,4838) width 35: "\x{E15}\x{E30}\x{E27}\x{E31}\x{E19}"
      text run at (0,4858) width 24: "\x{E40}\x{E1C}\x{E32}"
      text run at (0,4878) width 20: "\x{E1C}\x{E37}\x{E19}"
      text run at (0,4898) width 20: "\x{E14}\x{E34}\x{E19}"
      text run at (0,4918) width 12: "\x{E17}\x{E35}\x{E48}"
      text run at (0,4938) width 18: "\x{E44}\x{E16}"
      text run at (0,4958) width 28: "\x{E41}\x{E25}\x{E49}\x{E27}"
      text run at (0,4978) width 19: "\x{E08}\x{E19}"
      text run at (0,4998) width 37: "\x{E01}\x{E25}\x{E32}\x{E22}"
      text run at (0,5018) width 26: "\x{E40}\x{E1B}\x{E47}\x{E19}"
      text run at (0,5038) width 30: "\x{E41}\x{E1C}\x{E48}\x{E19}"
      text run at (0,5058) width 38: "\x{E21}\x{E2B}\x{E36}\x{E21}\x{E32}"
      text run at (0,5078) width 10: "\x{E2A}\x{E35}"
      text run at (0,5098) width 18: "\x{E14}\x{E33}"
      text run at (0,5118) width 10: "\x{E21}\x{E35}"
      text run at (0,5138) width 26: "\x{E23}\x{E2D}\x{E22}"
      text run at (0,5158) width 29: "\x{E41}\x{E15}\x{E01}"
      text run at (0,5178) width 43: "\x{E23}\x{E30}\x{E41}\x{E2B}\x{E07}"
      text run at (0,5198) width 19: "\x{E2D}\x{E22}\x{E39}\x{E48}"
      text run at (0,5218) width 40: "\x{E15}\x{E25}\x{E2D}\x{E14}"
      text run at (0,5238) width 39: "\x{E41}\x{E21}\x{E49}\x{E41}\x{E15}\x{E48}"
      text run at (0,5258) width 32: "\x{E2B}\x{E0D}\x{E49}\x{E32}"
      text run at (0,5278) width 10: "\x{E01}\x{E47}"
      text run at (0,5298) width 18: "\x{E44}\x{E21}\x{E48}"
      text run at (0,5318) width 33: "\x{E40}\x{E02}\x{E35}\x{E22}\x{E27}"
      text run at (0,5338) width 39: "\x{E40}\x{E1E}\x{E23}\x{E32}\x{E30}"
      text run at (0,5358) width 26: "\x{E14}\x{E27}\x{E07}"
      text run at (0,5378) width 35: "\x{E15}\x{E30}\x{E27}\x{E31}\x{E19}"
      text run at (0,5398) width 24: "\x{E40}\x{E1C}\x{E32}"
      text run at (0,5418) width 29: "\x{E22}\x{E2D}\x{E14}"
      text run at (0,5438) width 18: "\x{E43}\x{E1A}"
      text run at (0,5458) width 25: "\x{E22}\x{E32}\x{E27}"
      text run at (0,5478) width 25: "\x{E40}\x{E2A}\x{E35}\x{E22}"
      text run at (0,5498) width 19: "\x{E08}\x{E19}"
      text run at (0,5518) width 26: "\x{E40}\x{E1B}\x{E47}\x{E19}"
      text run at (0,5538) width 10: "\x{E2A}\x{E35}"
      text run at (0,5558) width 25: "\x{E40}\x{E17}\x{E32}"
      text run at (0,5578) width 31: "\x{E2B}\x{E21}\x{E48}\x{E19}"
      text run at (0,5598) width 27: "\x{E21}\x{E2D}\x{E07}"
      text run at (0,5618) width 26: "\x{E40}\x{E2B}\x{E47}\x{E19}"
      text run at (0,5638) width 19: "\x{E2D}\x{E22}\x{E39}\x{E48}"
      text run at (0,5658) width 20: "\x{E17}\x{E31}\x{E48}\x{E27}"
      text run at (0,5678) width 19: "\x{E44}\x{E1B}"
      text run at (0,5698) width 25: "\x{E04}\x{E23}\x{E31}\x{E49}\x{E07}"
      text run at (0,5718) width 29: "\x{E2B}\x{E19}\x{E36}\x{E48}\x{E07}"
      text run at (0,5738) width 25: "\x{E40}\x{E04}\x{E22}"
      text run at (0,5758) width 20: "\x{E17}\x{E32}"
      text run at (0,5778) width 10: "\x{E2A}\x{E35}"
      text run at (0,5798) width 28: "\x{E1A}\x{E49}\x{E32}\x{E19}"
      text run at (0,5818) width 23: "\x{E40}\x{E2D}\x{E32}"
      text run at (0,5838) width 16: "\x{E44}\x{E27}\x{E49}"
      text run at (0,5858) width 20: "\x{E41}\x{E15}\x{E48}"
      text run at (0,5878) width 10: "\x{E01}\x{E47}"
      text run at (0,5898) width 19: "\x{E16}\x{E39}\x{E01}"
      text run at (0,5918) width 26: "\x{E14}\x{E27}\x{E07}"
      text run at (0,5938) width 35: "\x{E15}\x{E30}\x{E27}\x{E31}\x{E19}"
      text run at (0,5958) width 24: "\x{E40}\x{E1C}\x{E32}"
      text run at (0,5978) width 25: "\x{E40}\x{E2A}\x{E35}\x{E22}"
      text run at (0,5998) width 19: "\x{E08}\x{E19}"
      text run at (0,6018) width 10: "\x{E2A}\x{E35}"
      text run at (0,6038) width 29: "\x{E1E}\x{E2D}\x{E07}"
      text run at (0,6058) width 28: "\x{E41}\x{E25}\x{E49}\x{E27}"
      text run at (0,6078) width 20: "\x{E1D}\x{E19}"
      text run at (0,6098) width 10: "\x{E01}\x{E47}"
      text run at (0,6118) width 18: "\x{E0A}\x{E30}"
      text run at (0,6138) width 20: "\x{E21}\x{E31}\x{E19}"
      text run at (0,6158) width 31: "\x{E2B}\x{E25}\x{E38}\x{E14}"
      text run at (0,6178) width 19: "\x{E44}\x{E1B}"
      text run at (0,6198) width 19: "\x{E08}\x{E19}"
      text run at (0,6218) width 31: "\x{E2B}\x{E21}\x{E14}"
      text run at (0,6238) width 27: "\x{E41}\x{E25}\x{E30}"
      text run at (0,6258) width 30: "\x{E15}\x{E2D}\x{E19}"
      text run at (0,6278) width 10: "\x{E19}\x{E35}\x{E49}"
      text run at (0,6298) width 28: "\x{E1A}\x{E49}\x{E32}\x{E19}"
      text run at (0,6318) width 17: "\x{E08}\x{E36}\x{E07}"
      text run at (0,6338) width 10: "\x{E14}\x{E39}"
      text run at (0,6358) width 68: "\x{E2B}\x{E21}\x{E48}\x{E19}\x{E2B}\x{E21}\x{E2D}\x{E07}"
      text run at (0,6378) width 26: "\x{E40}\x{E1B}\x{E47}\x{E19}"
      text run at (0,6398) width 10: "\x{E2A}\x{E35}"
      text run at (0,6418) width 25: "\x{E40}\x{E17}\x{E32}"
      text run at (0,6438) width 45: "\x{E40}\x{E2B}\x{E21}\x{E37}\x{E2D}\x{E19}"
      text run at (0,6458) width 18: "\x{E2A}\x{E34}\x{E48}\x{E07}"
      text run at (0,6478) width 20: "\x{E2D}\x{E37}\x{E48}\x{E19}"
      text run at (0,6498) width 8: "\x{E46}"
      text run at (0,6518) width 27: "\x{E14}\x{E49}\x{E27}\x{E22}"
      text run at (0,6538) width 30: "\x{E15}\x{E2D}\x{E19}"
      text run at (0,6558) width 12: "\x{E17}\x{E35}\x{E48}"
      text run at (0,6578) width 18: "\x{E1B}\x{E49}\x{E32}"
      text run at (0,6598) width 25: "\x{E40}\x{E2D}\x{E47}\x{E21}"
      text run at (0,6618) width 27: "\x{E22}\x{E49}\x{E32}\x{E22}"
      text run at (0,6638) width 18: "\x{E21}\x{E32}"
      text run at (0,6658) width 19: "\x{E2D}\x{E22}\x{E39}\x{E48}"
      text run at (0,6678) width 12: "\x{E17}\x{E35}\x{E48}"
      text run at (0,6698) width 10: "\x{E19}\x{E35}\x{E48}"
      text run at (0,6718) width 24: "\x{E40}\x{E18}\x{E2D}"
      text run at (0,6738) width 18: "\x{E22}\x{E31}\x{E07}"
      text run at (0,6758) width 26: "\x{E2A}\x{E32}\x{E27}"
      text run at (0,6778) width 26: "\x{E40}\x{E1B}\x{E47}\x{E19}"
      text run at (0,6798) width 41: "\x{E20}\x{E23}\x{E23}\x{E22}\x{E32}"
      text run at (0,6818) width 12: "\x{E17}\x{E35}\x{E48}"
      text run at (0,6838) width 43: "\x{E07}\x{E14}\x{E07}\x{E32}\x{E21}"
      text run at (0,6858) width 28: "\x{E41}\x{E25}\x{E49}\x{E27}"
      text run at (0,6878) width 30: "\x{E41}\x{E14}\x{E14}"
      text run at (0,6898) width 27: "\x{E41}\x{E25}\x{E30}"
      text run at (0,6918) width 20: "\x{E25}\x{E21}"
      text run at (0,6938) width 10: "\x{E01}\x{E47}"
      text run at (0,6958) width 19: "\x{E44}\x{E14}\x{E49}"
      text run at (0,6978) width 45: "\x{E40}\x{E1B}\x{E25}\x{E35}\x{E48}\x{E22}\x{E19}"
      text run at (0,6998) width 24: "\x{E40}\x{E18}\x{E2D}"
      text run at (0,7018) width 19: "\x{E44}\x{E1B}"
      text run at (0,7038) width 23: "\x{E40}\x{E2D}\x{E32}"
      text run at (0,7058) width 51: "\x{E1B}\x{E23}\x{E30}\x{E01}\x{E32}\x{E22}"
      text run at (0,7078) width 19: "\x{E44}\x{E1B}"
      text run at (0,7098) width 27: "\x{E08}\x{E32}\x{E01}"
      text run at (0,7118) width 44: "\x{E14}\x{E27}\x{E07}\x{E15}\x{E32}"
      text run at (0,7138) width 24: "\x{E40}\x{E18}\x{E2D}"
      text run at (0,7158) width 39: "\x{E1B}\x{E25}\x{E48}\x{E2D}\x{E22}"
      text run at (0,7178) width 16: "\x{E44}\x{E27}\x{E49}"
      text run at (0,7198) width 20: "\x{E41}\x{E15}\x{E48}"
      text run at (0,7218) width 35: "\x{E04}\x{E27}\x{E32}\x{E21}"
      text run at (0,7238) width 30: "\x{E2A}\x{E38}\x{E02}\x{E38}\x{E21}"
      text run at (0,7258) width 35: "\x{E2D}\x{E22}\x{E48}\x{E32}\x{E07}"
      text run at (0,7278) width 68: "\x{E2B}\x{E21}\x{E48}\x{E19}\x{E2B}\x{E21}\x{E2D}\x{E07}"
      text run at (0,7298) width 23: "\x{E40}\x{E2D}\x{E32}"
      text run at (0,7318) width 10: "\x{E2A}\x{E35}"
      text run at (0,7338) width 28: "\x{E41}\x{E14}\x{E07}"
      text run at (0,7358) width 27: "\x{E08}\x{E32}\x{E01}"
      text run at (0,7378) width 29: "\x{E41}\x{E01}\x{E49}\x{E21}"
      text run at (0,7398) width 27: "\x{E41}\x{E25}\x{E30}"
      text run at (0,7418) width 17: "\x{E23}\x{E34}\x{E21}"
      text run at (0,7438) width 38: "\x{E1D}\x{E35}\x{E1B}\x{E32}\x{E01}"
      text run at (0,7458) width 24: "\x{E40}\x{E18}\x{E2D}"
      text run at (0,7478) width 19: "\x{E44}\x{E1B}"
      text run at (0,7498) width 37: "\x{E01}\x{E25}\x{E32}\x{E22}"
      text run at (0,7518) width 26: "\x{E40}\x{E1B}\x{E47}\x{E19}"
      text run at (0,7538) width 10: "\x{E2A}\x{E35}"
      text run at (0,7558) width 31: "\x{E2B}\x{E21}\x{E48}\x{E19}"
      text run at (0,7578) width 8: "\x{E46}"
      text run at (0,7598) width 45: "\x{E40}\x{E2B}\x{E21}\x{E37}\x{E2D}\x{E19}"
      text run at (0,7618) width 20: "\x{E01}\x{E31}\x{E19}"
      text run at (0,7638) width 24: "\x{E40}\x{E18}\x{E2D}"
      text run at (0,7658) width 30: "\x{E1C}\x{E2D}\x{E21}"
      text run at (0,7678) width 27: "\x{E41}\x{E25}\x{E30}"
      text run at (0,7698) width 29: "\x{E2B}\x{E25}\x{E31}\x{E07}"
      text run at (0,7718) width 26: "\x{E42}\x{E04}\x{E49}\x{E07}"
      text run at (0,7738) width 27: "\x{E41}\x{E25}\x{E30}"
      text run at (0,7758) width 33: "\x{E40}\x{E14}\x{E35}\x{E4B}\x{E22}\x{E27}"
      text run at (0,7778) width 10: "\x{E19}\x{E35}\x{E49}"
      text run at (0,7798) width 18: "\x{E44}\x{E21}\x{E48}"
      text run at (0,7818) width 25: "\x{E40}\x{E04}\x{E22}"
      text run at (0,7838) width 19: "\x{E22}\x{E34}\x{E49}\x{E21}"
      text run at (0,7858) width 25: "\x{E40}\x{E25}\x{E22}"
      text run at (0,7878) width 25: "\x{E40}\x{E21}\x{E37}\x{E48}\x{E2D}"
      text run at (0,7898) width 18: "\x{E42}\x{E14}"
      text run at (0,7918) width 24: "\x{E42}\x{E23}\x{E18}\x{E35}"
      text run at (0,7938) width 19: "\x{E0B}\x{E36}\x{E48}\x{E07}"
      text run at (0,7958) width 26: "\x{E40}\x{E1B}\x{E47}\x{E19}"
      text run at (0,7978) width 25: "\x{E40}\x{E14}\x{E47}\x{E01}"
      text run at (0,7998) width 44: "\x{E01}\x{E33}\x{E1E}\x{E23}\x{E49}\x{E32}"
      text run at (0,8018) width 18: "\x{E21}\x{E32}"
      text run at (0,8038) width 19: "\x{E2D}\x{E22}\x{E39}\x{E48}"
      text run at (0,8058) width 20: "\x{E01}\x{E31}\x{E1A}"
      text run at (0,8078) width 24: "\x{E40}\x{E18}\x{E2D}"
      text run at (0,8098) width 30: "\x{E15}\x{E2D}\x{E19}"
      text run at (0,8118) width 26: "\x{E41}\x{E23}\x{E01}"
      text run at (0,8138) width 18: "\x{E1B}\x{E49}\x{E32}"
      text run at (0,8158) width 25: "\x{E40}\x{E2D}\x{E47}\x{E21}"
      text run at (0,8178) width 20: "\x{E15}\x{E37}\x{E48}\x{E19}"
      text run at (0,8198) width 25: "\x{E40}\x{E15}\x{E49}\x{E19}"
      text run at (0,8218) width 20: "\x{E01}\x{E31}\x{E1A}"
      text run at (0,8238) width 33: "\x{E40}\x{E2A}\x{E35}\x{E22}\x{E07}"
      text run at (0,8258) width 46: "\x{E2B}\x{E31}\x{E27}\x{E40}\x{E23}\x{E32}\x{E30}"
      text run at (0,8278) width 28: "\x{E02}\x{E2D}\x{E07}"
      text run at (0,8298) width 25: "\x{E40}\x{E14}\x{E47}\x{E01}"
      text run at (0,8318) width 29: "\x{E19}\x{E49}\x{E2D}\x{E22}"
      text run at (0,8338) width 27: "\x{E21}\x{E32}\x{E01}"
      text run at (0,8358) width 24: "\x{E40}\x{E18}\x{E2D}"
      text run at (0,8378) width 17: "\x{E08}\x{E30}"
      text run at (0,8398) width 18: "\x{E2A}\x{E48}\x{E07}"
      text run at (0,8418) width 33: "\x{E40}\x{E2A}\x{E35}\x{E22}\x{E07}"
      text run at (0,8438) width 25: "\x{E23}\x{E49}\x{E2D}\x{E07}"
      text run at (0,8458) width 28: "\x{E41}\x{E25}\x{E49}\x{E27}"
      text run at (0,8478) width 23: "\x{E40}\x{E2D}\x{E32}"
      text run at (0,8498) width 20: "\x{E21}\x{E37}\x{E2D}"
      text run at (0,8518) width 30: "\x{E17}\x{E32}\x{E1A}"
      text run at (0,8538) width 20: "\x{E2D}\x{E01}"
      text run at (0,8558) width 21: "\x{E17}\x{E38}\x{E01}"
      text run at (0,8578) width 25: "\x{E04}\x{E23}\x{E31}\x{E49}\x{E07}"
      text run at (0,8598) width 12: "\x{E17}\x{E35}\x{E48}"
      text run at (0,8618) width 33: "\x{E40}\x{E2A}\x{E35}\x{E22}\x{E07}"
      text run at (0,8638) width 20: "\x{E2D}\x{E31}\x{E19}"
      text run at (0,8658) width 35: "\x{E23}\x{E48}\x{E32}\x{E40}\x{E23}\x{E34}\x{E07}"
      text run at (0,8678) width 28: "\x{E02}\x{E2D}\x{E07}"
      text run at (0,8698) width 18: "\x{E42}\x{E14}"
      text run at (0,8718) width 24: "\x{E42}\x{E23}\x{E18}\x{E35}"
      text run at (0,8738) width 23: "\x{E40}\x{E02}\x{E49}\x{E32}"
      text run at (0,8758) width 11: "\x{E2B}\x{E39}"
      text run at (0,8778) width 24: "\x{E40}\x{E18}\x{E2D}"
      text run at (0,8798) width 27: "\x{E41}\x{E25}\x{E30}"
      text run at (0,8818) width 24: "\x{E40}\x{E18}\x{E2D}"
      text run at (0,8838) width 24: "\x{E40}\x{E1D}\x{E49}\x{E32}"
      text run at (0,8858) width 27: "\x{E21}\x{E2D}\x{E07}"
      text run at (0,8878) width 25: "\x{E40}\x{E14}\x{E47}\x{E01}"
      text run at (0,8898) width 32: "\x{E2B}\x{E0D}\x{E34}\x{E07}"
      text run at (0,8918) width 29: "\x{E19}\x{E49}\x{E2D}\x{E22}"
      text run at (0,8938) width 8: "\x{E46}"
      text run at (0,8958) width 27: "\x{E14}\x{E49}\x{E27}\x{E22}"
      text run at (0,8978) width 35: "\x{E04}\x{E27}\x{E32}\x{E21}"
      text run at (0,8998) width 63: "\x{E1B}\x{E23}\x{E30}\x{E2B}\x{E25}\x{E32}\x{E14}"
      text run at (0,9018) width 16: "\x{E43}\x{E08}"
      text run at (0,9038) width 27: "\x{E14}\x{E49}\x{E27}\x{E22}"
      text run at (0,9058) width 18: "\x{E22}\x{E31}\x{E07}"
      text run at (0,9078) width 19: "\x{E2B}\x{E32}"
      text run at (0,9098) width 32: "\x{E2D}\x{E30}\x{E44}\x{E23}"
      text run at (0,9118) width 18: "\x{E21}\x{E32}"
      text run at (0,9138) width 26: "\x{E40}\x{E1B}\x{E47}\x{E19}"
      text run at (0,9158) width 30: "\x{E40}\x{E23}\x{E37}\x{E48}\x{E2D}\x{E07}"
      text run at (0,9178) width 46: "\x{E2B}\x{E31}\x{E27}\x{E40}\x{E23}\x{E32}\x{E30}"
      text run at (0,9198) width 19: "\x{E44}\x{E14}\x{E49}"
      text run at (0,9218) width 18: "\x{E25}\x{E38}\x{E07}"
      text run at (0,9238) width 15: "\x{E40}\x{E2E}"
      text run at (0,9258) width 17: "\x{E19}\x{E23}\x{E35}"
      text run at (0,9278) width 18: "\x{E44}\x{E21}\x{E48}"
      text run at (0,9298) width 25: "\x{E40}\x{E04}\x{E22}"
      text run at (0,9318) width 46: "\x{E2B}\x{E31}\x{E27}\x{E40}\x{E23}\x{E32}\x{E30}"
      text run at (0,9338) width 18: "\x{E25}\x{E38}\x{E07}"
      text run at (0,9358) width 45: "\x{E17}\x{E33}\x{E07}\x{E32}\x{E19}"
      text run at (0,9378) width 31: "\x{E2B}\x{E19}\x{E31}\x{E01}"
      text run at (0,9398) width 27: "\x{E08}\x{E32}\x{E01}"
      text run at (0,9418) width 24: "\x{E40}\x{E0A}\x{E49}\x{E32}"
      text run at (0,9438) width 20: "\x{E22}\x{E31}\x{E19}"
      text run at (0,9458) width 18: "\x{E04}\x{E48}\x{E33}"
      text run at (0,9478) width 27: "\x{E41}\x{E25}\x{E30}"
      text run at (0,9498) width 18: "\x{E44}\x{E21}\x{E48}"
      text run at (0,9518) width 25: "\x{E40}\x{E04}\x{E22}"
      text run at (0,9538) width 26: "\x{E23}\x{E39}\x{E49}\x{E08}\x{E31}\x{E01}"
      text run at (0,9558) width 16: "\x{E27}\x{E48}\x{E32}"
      text run at (0,9578) width 35: "\x{E04}\x{E27}\x{E32}\x{E21}"
      text run at (0,9598) width 35: "\x{E23}\x{E48}\x{E32}\x{E40}\x{E23}\x{E34}\x{E07}"
      text run at (0,9618) width 20: "\x{E04}\x{E37}\x{E2D}"
      text run at (0,9638) width 32: "\x{E2D}\x{E30}\x{E44}\x{E23}"
      text run at (0,9658) width 18: "\x{E25}\x{E38}\x{E07}"
      text run at (0,9678) width 10: "\x{E14}\x{E39}"
      text run at (0,9698) width 68: "\x{E2B}\x{E21}\x{E48}\x{E19}\x{E2B}\x{E21}\x{E2D}\x{E07}"
      text run at (0,9718) width 19: "\x{E44}\x{E1B}"
      text run at (0,9738) width 31: "\x{E2B}\x{E21}\x{E14}"
      text run at (0,9758) width 18: "\x{E15}\x{E31}\x{E49}\x{E07}"
      text run at (0,9778) width 20: "\x{E41}\x{E15}\x{E48}"
      text run at (0,9798) width 30: "\x{E40}\x{E04}\x{E23}\x{E32}"
      text run at (0,9818) width 25: "\x{E22}\x{E32}\x{E27}"
      text run at (0,9838) width 19: "\x{E08}\x{E19}"
      text run at (0,9858) width 19: "\x{E08}\x{E14}"
      text run at (0,9878) width 49: "\x{E23}\x{E2D}\x{E07}\x{E40}\x{E17}\x{E49}\x{E32}"
      text run at (0,9898) width 20: "\x{E1A}\x{E39}\x{E15}"
      text run at (0,9918) width 20: "\x{E2D}\x{E31}\x{E19}"
      text run at (0,9938) width 38: "\x{E2B}\x{E22}\x{E32}\x{E1A}"
      text run at (0,9958) width 28: "\x{E41}\x{E25}\x{E49}\x{E27}"
      text run at (0,9978) width 18: "\x{E25}\x{E38}\x{E07}"
      text run at (0,9998) width 10: "\x{E01}\x{E47}"
      text run at (0,10018) width 10: "\x{E14}\x{E39}"
      text run at (0,10038) width 57: "\x{E40}\x{E04}\x{E23}\x{E48}\x{E07}\x{E02}\x{E23}\x{E36}\x{E21}"
      text run at (0,10058) width 18: "\x{E19}\x{E48}\x{E32}"
      text run at (0,10078) width 30: "\x{E40}\x{E01}\x{E23}\x{E07}"
      text run at (0,10098) width 28: "\x{E02}\x{E32}\x{E21}"
      text run at (0,10118) width 18: "\x{E44}\x{E21}\x{E48}"
      text run at (0,10138) width 29: "\x{E04}\x{E48}\x{E2D}\x{E22}"
      text run at (0,10158) width 17: "\x{E08}\x{E30}"
      text run at (0,10178) width 22: "\x{E1E}\x{E39}\x{E14}"
      text run at (0,10198) width 10: "\x{E21}\x{E35}"
      text run at (0,10218) width 18: "\x{E42}\x{E15}"
      text run at (0,10238) width 18: "\x{E42}\x{E15}\x{E49}"
      text run at (0,10258) width 12: "\x{E17}\x{E35}\x{E48}"
      text run at (0,10278) width 20: "\x{E17}\x{E33}"
      text run at (0,10298) width 18: "\x{E43}\x{E2B}\x{E49}"
      text run at (0,10318) width 18: "\x{E42}\x{E14}"
      text run at (0,10338) width 24: "\x{E42}\x{E23}\x{E18}\x{E35}"
      text run at (0,10358) width 46: "\x{E2B}\x{E31}\x{E27}\x{E40}\x{E23}\x{E32}\x{E30}"
      text run at (0,10378) width 19: "\x{E44}\x{E14}\x{E49}"
      text run at (0,10398) width 27: "\x{E41}\x{E25}\x{E30}"
      text run at (0,10418) width 28: "\x{E0A}\x{E48}\x{E27}\x{E22}"
      text run at (0,10438) width 24: "\x{E40}\x{E18}\x{E2D}"
      text run at (0,10458) width 18: "\x{E43}\x{E2B}\x{E49}"
      text run at (0,10478) width 22: "\x{E1E}\x{E49}\x{E19}"
      text run at (0,10498) width 27: "\x{E08}\x{E32}\x{E01}"
      text run at (0,10518) width 25: "\x{E01}\x{E32}\x{E23}"
      text run at (0,10538) width 37: "\x{E01}\x{E25}\x{E32}\x{E22}"
      text run at (0,10558) width 26: "\x{E40}\x{E1B}\x{E47}\x{E19}"
      text run at (0,10578) width 10: "\x{E2A}\x{E35}"
      text run at (0,10598) width 25: "\x{E40}\x{E17}\x{E32}"
      text run at (0,10618) width 31: "\x{E2B}\x{E21}\x{E48}\x{E19}"
      text run at (0,10638) width 45: "\x{E40}\x{E2B}\x{E21}\x{E37}\x{E2D}\x{E19}"
      text run at (0,10658) width 20: "\x{E01}\x{E31}\x{E1A}"
      text run at (0,10678) width 18: "\x{E2A}\x{E34}\x{E48}\x{E07}"
      text run at (0,10698) width 27: "\x{E23}\x{E2D}\x{E1A}"
      text run at (0,10718) width 18: "\x{E15}\x{E31}\x{E27}"
      text run at (0,10738) width 20: "\x{E2D}\x{E37}\x{E48}\x{E19}"
      text run at (0,10758) width 8: "\x{E46}"
      text run at (0,10778) width 18: "\x{E42}\x{E15}"
      text run at (0,10798) width 18: "\x{E42}\x{E15}\x{E49}"
      text run at (0,10818) width 10: "\x{E2A}\x{E35}"
      text run at (0,10838) width 18: "\x{E44}\x{E21}\x{E48}"
      text run at (0,10858) width 25: "\x{E40}\x{E17}\x{E32}"
      text run at (0,10878) width 31: "\x{E2B}\x{E21}\x{E48}\x{E19}"
      text run at (0,10898) width 20: "\x{E41}\x{E15}\x{E48}"
      text run at (0,10918) width 20: "\x{E21}\x{E31}\x{E19}"
      text run at (0,10938) width 26: "\x{E40}\x{E1B}\x{E47}\x{E19}"
      text run at (0,10958) width 29: "\x{E2B}\x{E21}\x{E32}"
      text run at (0,10978) width 10: "\x{E2A}\x{E35}"
      text run at (0,10998) width 18: "\x{E14}\x{E33}"
      text run at (0,11018) width 18: "\x{E15}\x{E31}\x{E27}"
      text run at (0,11038) width 29: "\x{E19}\x{E49}\x{E2D}\x{E22}"
      text run at (0,11058) width 8: "\x{E46}"
      text run at (0,11078) width 20: "\x{E02}\x{E19}"
      text run at (0,11098) width 25: "\x{E22}\x{E32}\x{E27}"
      text run at (0,11118) width 20: "\x{E1B}\x{E38}\x{E22}"
      text run at (0,11138) width 23: "\x{E23}\x{E32}\x{E27}"
      text run at (0,11158) width 20: "\x{E01}\x{E31}\x{E1A}"
      text run at (0,11178) width 29: "\x{E44}\x{E2B}\x{E21}"
      text run at (0,11198) width 10: "\x{E21}\x{E35}"
      text run at (0,11218) width 18: "\x{E15}\x{E32}"
      text run at (0,11238) width 18: "\x{E14}\x{E33}"
      text run at (0,11258) width 25: "\x{E40}\x{E25}\x{E47}\x{E01}"
      text run at (0,11278) width 26: "\x{E40}\x{E1B}\x{E47}\x{E19}"
      text run at (0,11298) width 51: "\x{E1B}\x{E23}\x{E30}\x{E01}\x{E32}\x{E22}"
      text run at (0,11318) width 37: "\x{E23}\x{E37}\x{E48}\x{E19}\x{E40}\x{E23}\x{E34}\x{E07}"
      text run at (0,11338) width 19: "\x{E2D}\x{E22}\x{E39}\x{E48}"
      text run at (0,11358) width 28: "\x{E2A}\x{E2D}\x{E07}"
      text run at (0,11378) width 26: "\x{E02}\x{E49}\x{E32}\x{E07}"
      text run at (0,11398) width 28: "\x{E08}\x{E21}\x{E39}\x{E01}"
      text run at (0,11418) width 25: "\x{E40}\x{E25}\x{E47}\x{E01}"
      text run at (0,11438) width 20: "\x{E2D}\x{E31}\x{E19}"
      text run at (0,11458) width 18: "\x{E19}\x{E48}\x{E32}"
      text run at (0,11478) width 20: "\x{E02}\x{E31}\x{E19}"
      text run at (0,11498) width 28: "\x{E02}\x{E2D}\x{E07}"
      text run at (0,11518) width 20: "\x{E21}\x{E31}\x{E19}"
      text run at (0,11538) width 18: "\x{E42}\x{E15}"
      text run at (0,11558) width 18: "\x{E42}\x{E15}\x{E49}"
      text run at (0,11578) width 25: "\x{E40}\x{E25}\x{E48}\x{E19}"
      text run at (0,11598) width 20: "\x{E17}\x{E31}\x{E49}\x{E07}"
      text run at (0,11618) width 18: "\x{E27}\x{E31}\x{E19}"
      text run at (0,11638) width 27: "\x{E41}\x{E25}\x{E30}"
      text run at (0,11658) width 18: "\x{E42}\x{E14}"
      text run at (0,11678) width 24: "\x{E42}\x{E23}\x{E18}\x{E35}"
      text run at (0,11698) width 10: "\x{E01}\x{E47}"
      text run at (0,11718) width 25: "\x{E40}\x{E25}\x{E48}\x{E19}"
      text run at (0,11738) width 20: "\x{E01}\x{E31}\x{E1A}"
      text run at (0,11758) width 20: "\x{E21}\x{E31}\x{E19}"
      text run at (0,11778) width 27: "\x{E41}\x{E25}\x{E30}"
      text run at (0,11798) width 17: "\x{E23}\x{E31}\x{E01}"
      text run at (0,11818) width 20: "\x{E21}\x{E31}\x{E19}"
      text run at (0,11838) width 36: "\x{E40}\x{E2B}\x{E25}\x{E37}\x{E2D}"
      text run at (0,11858) width 25: "\x{E40}\x{E01}\x{E34}\x{E19}"
      text run at (0,11878) width 50: "\x{E2D}\x{E22}\x{E48}\x{E32}\x{E07}\x{E44}\x{E23}"
      text run at (0,11898) width 10: "\x{E01}\x{E47}"
      text run at (0,11918) width 28: "\x{E15}\x{E32}\x{E21}"
      text run at (0,11938) width 18: "\x{E27}\x{E31}\x{E19}"
      text run at (0,11958) width 10: "\x{E19}\x{E35}\x{E49}"
      text run at (0,11978) width 20: "\x{E17}\x{E31}\x{E49}\x{E07}"
      text run at (0,11998) width 10: "\x{E04}\x{E39}\x{E48}"
      text run at (0,12018) width 18: "\x{E44}\x{E21}\x{E48}"
      text run at (0,12038) width 19: "\x{E44}\x{E14}\x{E49}"
      text run at (0,12058) width 25: "\x{E40}\x{E25}\x{E48}\x{E19}"
      text run at (0,12078) width 18: "\x{E25}\x{E38}\x{E07}"
      text run at (0,12098) width 15: "\x{E40}\x{E2E}"
      text run at (0,12118) width 17: "\x{E19}\x{E23}\x{E35}"
      text run at (0,12138) width 18: "\x{E19}\x{E31}\x{E48}\x{E07}"
      text run at (0,12158) width 19: "\x{E2D}\x{E22}\x{E39}\x{E48}"
      text run at (0,12178) width 12: "\x{E17}\x{E35}\x{E48}"
      text run at (0,12198) width 38: "\x{E1A}\x{E31}\x{E19}\x{E44}\x{E14}"
      text run at (0,12218) width 34: "\x{E1B}\x{E23}\x{E30}\x{E15}\x{E39}"
      text run at (0,12238) width 27: "\x{E41}\x{E25}\x{E30}"
      text run at (0,12258) width 24: "\x{E40}\x{E1D}\x{E49}\x{E32}"
      text run at (0,12278) width 36: "\x{E01}\x{E31}\x{E07}\x{E27}\x{E25}"
      text run at (0,12298) width 27: "\x{E08}\x{E49}\x{E2D}\x{E07}"
      text run at (0,12318) width 10: "\x{E14}\x{E39}"
      text run at (0,12338) width 29: "\x{E17}\x{E49}\x{E2D}\x{E07}"
      text run at (0,12358) width 19: "\x{E1F}\x{E49}\x{E32}"
      text run at (0,12378) width 10: "\x{E2A}\x{E35}"
      text run at (0,12398) width 25: "\x{E40}\x{E17}\x{E32}"
      text run at (0,12418) width 31: "\x{E2B}\x{E21}\x{E48}\x{E19}"
      text run at (0,12438) width 20: "\x{E1C}\x{E34}\x{E14}"
      text run at (0,12458) width 30: "\x{E1B}\x{E01}\x{E15}\x{E34}"
      text run at (0,12478) width 18: "\x{E42}\x{E14}"
      text run at (0,12498) width 24: "\x{E42}\x{E23}\x{E18}\x{E35}"
      text run at (0,12518) width 20: "\x{E22}\x{E37}\x{E19}"
      text run at (0,12538) width 12: "\x{E17}\x{E35}\x{E48}"
      text run at (0,12558) width 34: "\x{E1B}\x{E23}\x{E30}\x{E15}\x{E39}"
      text run at (0,12578) width 29: "\x{E01}\x{E2D}\x{E14}"
      text run at (0,12598) width 18: "\x{E42}\x{E15}"
      text run at (0,12618) width 18: "\x{E42}\x{E15}\x{E49}"
      text run at (0,12638) width 16: "\x{E44}\x{E27}\x{E49}"
      text run at (0,12658) width 17: "\x{E43}\x{E19}"
      text run at (0,12678) width 29: "\x{E2D}\x{E49}\x{E2D}\x{E21}"
      text run at (0,12698) width 30: "\x{E41}\x{E02}\x{E19}"
      text run at (0,12718) width 27: "\x{E41}\x{E25}\x{E30}"
      text run at (0,12738) width 10: "\x{E01}\x{E47}"
      text run at (0,12758) width 27: "\x{E21}\x{E2D}\x{E07}"
      text run at (0,12778) width 10: "\x{E14}\x{E39}"
      text run at (0,12798) width 29: "\x{E17}\x{E49}\x{E2D}\x{E07}"
      text run at (0,12818) width 19: "\x{E1F}\x{E49}\x{E32}"
      text run at (0,12838) width 19: "\x{E2D}\x{E22}\x{E39}\x{E48}"
      text run at (0,12858) width 45: "\x{E40}\x{E2B}\x{E21}\x{E37}\x{E2D}\x{E19}"
      text run at (0,12878) width 20: "\x{E01}\x{E31}\x{E19}"
      text run at (0,12898) width 18: "\x{E1B}\x{E49}\x{E32}"
      text run at (0,12918) width 25: "\x{E40}\x{E2D}\x{E47}\x{E21}"
      text run at (0,12938) width 36: "\x{E01}\x{E33}\x{E25}\x{E31}\x{E07}"
      text run at (0,12958) width 26: "\x{E25}\x{E49}\x{E32}\x{E07}"
      text run at (0,12978) width 28: "\x{E0A}\x{E32}\x{E21}"
      text run at (0,12998) width 19: "\x{E2D}\x{E22}\x{E39}\x{E48}"
      text run at (0,13018) width 27: "\x{E08}\x{E32}\x{E01}"
      text run at (0,13038) width 28: "\x{E14}\x{E49}\x{E32}\x{E19}"
      text run at (0,13058) width 36: "\x{E40}\x{E2B}\x{E19}\x{E37}\x{E2D}"
      text run at (0,13078) width 28: "\x{E44}\x{E01}\x{E25}"
      text run at (0,13098) width 29: "\x{E2D}\x{E2D}\x{E01}"
      text run at (0,13118) width 19: "\x{E44}\x{E1B}"
      text run at (0,13138) width 10: "\x{E21}\x{E35}"
      text run at (0,13158) width 33: "\x{E40}\x{E2A}\x{E35}\x{E22}\x{E07}"
      text run at (0,13178) width 20: "\x{E25}\x{E21}"
      text run at (0,13198) width 33: "\x{E04}\x{E23}\x{E32}\x{E07}"
      text run at (0,13218) width 28: "\x{E41}\x{E1C}\x{E48}\x{E27}"
      text run at (0,13238) width 24: "\x{E40}\x{E1A}\x{E32}"
      text run at (0,13258) width 38: "\x{E44}\x{E14}\x{E49}\x{E22}\x{E34}\x{E19}"
      text run at (0,13278) width 18: "\x{E21}\x{E32}"
      text run at (0,13298) width 18: "\x{E25}\x{E38}\x{E07}"
      text run at (0,13318) width 15: "\x{E40}\x{E2E}"
      text run at (0,13338) width 17: "\x{E19}\x{E23}\x{E35}"
      text run at (0,13358) width 27: "\x{E41}\x{E25}\x{E30}"
      text run at (0,13378) width 18: "\x{E42}\x{E14}"
      text run at (0,13398) width 24: "\x{E42}\x{E23}\x{E18}\x{E35}"
      text run at (0,13418) width 26: "\x{E40}\x{E2B}\x{E47}\x{E19}"
      text run at (0,13438) width 20: "\x{E15}\x{E49}\x{E19}"
      text run at (0,13458) width 32: "\x{E2B}\x{E0D}\x{E49}\x{E32}"
      text run at (0,13478) width 18: "\x{E2A}\x{E39}\x{E07}"
      text run at (0,13498) width 25: "\x{E40}\x{E2D}\x{E19}"
      text run at (0,13518) width 26: "\x{E40}\x{E1B}\x{E47}\x{E19}"
      text run at (0,13538) width 30: "\x{E04}\x{E25}\x{E37}\x{E48}\x{E19}"
      text run at (0,13558) width 29: "\x{E01}\x{E48}\x{E2D}\x{E19}"
      text run at (0,13578) width 12: "\x{E17}\x{E35}\x{E48}"
      text run at (0,13598) width 29: "\x{E1E}\x{E32}\x{E22}\x{E38}"
      text run at (0,13618) width 17: "\x{E08}\x{E30}"
      text run at (0,13638) width 18: "\x{E21}\x{E32}"
      text run at (0,13658) width 18: "\x{E16}\x{E36}\x{E07}"
      text run at (0,13678) width 28: "\x{E41}\x{E25}\x{E49}\x{E27}"
      text run at (0,13698) width 10: "\x{E01}\x{E47}"
      text run at (0,13718) width 10: "\x{E21}\x{E35}"
      text run at (0,13738) width 33: "\x{E40}\x{E2A}\x{E35}\x{E22}\x{E07}"
      text run at (0,13758) width 29: "\x{E2B}\x{E27}\x{E35}\x{E14}"
      text run at (0,13778) width 27: "\x{E2B}\x{E27}\x{E34}\x{E27}"
      text run at (0,13798) width 44: "\x{E0A}\x{E31}\x{E14}\x{E40}\x{E08}\x{E19}"
      text run at (0,13818) width 18: "\x{E21}\x{E32}"
      text run at (0,13838) width 27: "\x{E08}\x{E32}\x{E01}"
      text run at (0,13858) width 68: "\x{E1A}\x{E23}\x{E23}\x{E22}\x{E32}\x{E01}\x{E32}\x{E28}"
      text run at (0,13878) width 28: "\x{E17}\x{E32}\x{E07}"
      text run at (0,13898) width 17: "\x{E43}\x{E15}\x{E49}"
      text run at (0,13918) width 27: "\x{E41}\x{E25}\x{E30}"
      text run at (0,13938) width 25: "\x{E40}\x{E21}\x{E37}\x{E48}\x{E2D}"
      text run at (0,13958) width 46: "\x{E40}\x{E2B}\x{E25}\x{E37}\x{E2D}\x{E1A}"
      text run at (0,13978) width 18: "\x{E15}\x{E32}"
      text run at (0,13998) width 19: "\x{E44}\x{E1B}"
      text run at (0,14018) width 28: "\x{E17}\x{E32}\x{E07}"
      text run at (0,14038) width 28: "\x{E14}\x{E49}\x{E32}\x{E19}"
      text run at (0,14058) width 20: "\x{E19}\x{E31}\x{E49}\x{E19}"
      text run at (0,14078) width 10: "\x{E01}\x{E47}"
      text run at (0,14098) width 26: "\x{E40}\x{E2B}\x{E47}\x{E19}"
      text run at (0,14118) width 30: "\x{E04}\x{E25}\x{E37}\x{E48}\x{E19}"
      text run at (0,14138) width 32: "\x{E2B}\x{E0D}\x{E49}\x{E32}"
      text run at (0,14158) width 18: "\x{E21}\x{E32}"
      text run at (0,14178) width 28: "\x{E17}\x{E32}\x{E07}"
      text run at (0,14198) width 28: "\x{E14}\x{E49}\x{E32}\x{E19}"
      text run at (0,14218) width 20: "\x{E19}\x{E31}\x{E49}\x{E19}"
      text run at (0,14238) width 27: "\x{E14}\x{E49}\x{E27}\x{E22}"
      text run at (0,14258) width 18: "\x{E25}\x{E38}\x{E07}"
      text run at (0,14278) width 15: "\x{E40}\x{E2E}"
      text run at (0,14298) width 17: "\x{E19}\x{E23}\x{E35}"
      text run at (0,14318) width 20: "\x{E1C}\x{E38}\x{E14}"
      text run at (0,14338) width 20: "\x{E25}\x{E38}\x{E01}"
      text run at (0,14358) width 20: "\x{E02}\x{E36}\x{E49}\x{E19}"
      text run at (0,14378) width 22: "\x{E17}\x{E31}\x{E19}"
      text run at (0,14398) width 17: "\x{E43}\x{E14}"
      text run at (0,14416) width 7: "\""
      text run at (0,14436) width 20: "\x{E25}\x{E21}"
      text run at (0,14456) width 57: "\x{E44}\x{E0B}\x{E42}\x{E04}\x{E25}\x{E19}"
      text run at (0,14476) width 18: "\x{E21}\x{E32}"
      text run at (0,14496) width 25: "\x{E40}\x{E2D}\x{E47}\x{E21}"
      text run at (0,14514) width 7: "\""
      text run at (0,14534) width 18: "\x{E25}\x{E38}\x{E07}"
      text run at (0,14554) width 25: "\x{E23}\x{E49}\x{E2D}\x{E07}"
      text run at (0,14574) width 30: "\x{E1A}\x{E2D}\x{E01}"
      text run at (0,14594) width 41: "\x{E20}\x{E23}\x{E23}\x{E22}\x{E32}"
      text run at (0,14612) width 7: "\""
      text run at (0,14632) width 18: "\x{E02}\x{E49}\x{E32}"
      text run at (0,14652) width 17: "\x{E08}\x{E30}"
      text run at (0,14672) width 19: "\x{E44}\x{E1B}"
      text run at (0,14692) width 10: "\x{E14}\x{E39}"
      text run at (0,14712) width 28: "\x{E2A}\x{E31}\x{E15}\x{E27}\x{E4C}"
      text run at (0,14732) width 33: "\x{E40}\x{E25}\x{E35}\x{E49}\x{E22}\x{E07}"
      text run at (0,14752) width 40: "\x{E2B}\x{E19}\x{E48}\x{E2D}\x{E22}"
      text run at (0,14770) width 7: "\""
      text run at (0,14790) width 28: "\x{E41}\x{E25}\x{E49}\x{E27}"
      text run at (0,14810) width 18: "\x{E25}\x{E38}\x{E07}"
      text run at (0,14830) width 10: "\x{E01}\x{E47}"
      text run at (0,14850) width 16: "\x{E27}\x{E34}\x{E48}\x{E07}"
      text run at (0,14870) width 19: "\x{E44}\x{E1B}"
      text run at (0,14890) width 18: "\x{E22}\x{E31}\x{E07}"
      text run at (0,14910) width 25: "\x{E40}\x{E1E}\x{E34}\x{E07}"
      text run at (0,14930) width 12: "\x{E17}\x{E35}\x{E48}"
      text run at (0,14950) width 16: "\x{E27}\x{E31}\x{E27}"
      text run at (0,14970) width 27: "\x{E41}\x{E25}\x{E30}"
      text run at (0,14990) width 18: "\x{E21}\x{E49}\x{E32}"
      text run at (0,15010) width 37: "\x{E2D}\x{E32}\x{E28}\x{E31}\x{E22}"
      text run at (0,15030) width 19: "\x{E2D}\x{E22}\x{E39}\x{E48}"
      text run at (0,15050) width 18: "\x{E1B}\x{E49}\x{E32}"
      text run at (0,15070) width 25: "\x{E40}\x{E2D}\x{E47}\x{E21}"
      text run at (0,15090) width 30: "\x{E2B}\x{E22}\x{E38}\x{E14}"
      text run at (0,15110) width 45: "\x{E17}\x{E33}\x{E07}\x{E32}\x{E19}"
      text run at (0,15130) width 27: "\x{E41}\x{E25}\x{E30}"
      text run at (0,15150) width 18: "\x{E21}\x{E32}"
      text run at (0,15170) width 12: "\x{E17}\x{E35}\x{E48}"
      text run at (0,15190) width 34: "\x{E1B}\x{E23}\x{E30}\x{E15}\x{E39}"
      text run at (0,15210) width 34: "\x{E40}\x{E1E}\x{E35}\x{E22}\x{E07}"
      text run at (0,15230) width 45: "\x{E0A}\x{E32}\x{E22}\x{E15}\x{E32}"
      text run at (0,15250) width 27: "\x{E21}\x{E2D}\x{E07}"
      text run at (0,15270) width 18: "\x{E1B}\x{E49}\x{E32}"
      text run at (0,15290) width 10: "\x{E01}\x{E47}"
      text run at (0,15310) width 30: "\x{E1A}\x{E2D}\x{E01}"
      text run at (0,15330) width 19: "\x{E44}\x{E14}\x{E49}"
      text run at (0,15350) width 16: "\x{E27}\x{E48}\x{E32}"
      text run at (0,15370) width 54: "\x{E2D}\x{E31}\x{E19}\x{E15}\x{E23}\x{E32}\x{E22}"
      text run at (0,15390) width 18: "\x{E21}\x{E32}"
      text run at (0,15410) width 18: "\x{E16}\x{E36}\x{E07}"
      text run at (0,15430) width 28: "\x{E41}\x{E25}\x{E49}\x{E27}"
      text run at (0,15448) width 7: "\""
      text run at (0,15468) width 20: "\x{E40}\x{E23}\x{E47}\x{E27}"
      text run at (0,15488) width 18: "\x{E42}\x{E14}"
      text run at (0,15508) width 24: "\x{E42}\x{E23}\x{E18}\x{E35}"
      text run at (0,15526) width 6: "!"
      text run at (0,15544) width 7: "\""
      text run at (0,15564) width 18: "\x{E1B}\x{E49}\x{E32}"
      text run at (0,15584) width 45: "\x{E15}\x{E30}\x{E42}\x{E01}\x{E19}"
      text run at (0,15602) width 7: "\""
      text run at (0,15622) width 16: "\x{E27}\x{E34}\x{E48}\x{E07}"
      text run at (0,15642) width 19: "\x{E44}\x{E1B}"
      text run at (0,15662) width 29: "\x{E2B}\x{E49}\x{E2D}\x{E07}"
      text run at (0,15682) width 37: "\x{E43}\x{E15}\x{E49}\x{E16}\x{E38}\x{E19}"
      text run at (0,15700) width 7: "\""
      text run at (0,15720) width 18: "\x{E42}\x{E15}"
      text run at (0,15740) width 18: "\x{E42}\x{E15}\x{E49}"
      text run at (0,15760) width 30: "\x{E1C}\x{E25}\x{E38}\x{E19}"
      text run at (0,15780) width 52: "\x{E01}\x{E23}\x{E30}\x{E42}\x{E14}\x{E14}"
      text run at (0,15800) width 18: "\x{E25}\x{E07}"
      text run at (0,15820) width 27: "\x{E08}\x{E32}\x{E01}"
      text run at (0,15840) width 29: "\x{E2D}\x{E49}\x{E2D}\x{E21}"
      text run at (0,15860) width 30: "\x{E41}\x{E02}\x{E19}"
      text run at (0,15880) width 18: "\x{E42}\x{E14}"
      text run at (0,15900) width 24: "\x{E42}\x{E23}\x{E18}\x{E35}"
      text run at (0,15920) width 28: "\x{E41}\x{E25}\x{E49}\x{E27}"
      text run at (0,15940) width 23: "\x{E40}\x{E02}\x{E49}\x{E32}"
      text run at (0,15960) width 19: "\x{E44}\x{E1B}"
      text run at (0,15980) width 31: "\x{E0B}\x{E48}\x{E2D}\x{E19}"
      text run at (0,16000) width 19: "\x{E2D}\x{E22}\x{E39}\x{E48}"
      text run at (0,16020) width 17: "\x{E43}\x{E15}\x{E49}"
      text run at (0,16040) width 33: "\x{E40}\x{E15}\x{E35}\x{E22}\x{E07}"
      text run at (0,16060) width 25: "\x{E40}\x{E14}\x{E47}\x{E01}"
      text run at (0,16080) width 32: "\x{E2B}\x{E0D}\x{E34}\x{E07}"
      text run at (0,16100) width 29: "\x{E19}\x{E49}\x{E2D}\x{E22}"
      text run at (0,16120) width 23: "\x{E40}\x{E02}\x{E49}\x{E32}"
      text run at (0,16140) width 19: "\x{E44}\x{E1B}"
      text run at (0,16160) width 18: "\x{E14}\x{E36}\x{E07}"
      text run at (0,16180) width 20: "\x{E21}\x{E31}\x{E19}"
      text run at (0,16200) width 29: "\x{E2D}\x{E2D}\x{E01}"
      text run at (0,16220) width 18: "\x{E21}\x{E32}"
      text run at (0,16240) width 18: "\x{E1B}\x{E49}\x{E32}"
      text run at (0,16260) width 25: "\x{E40}\x{E2D}\x{E47}\x{E21}"
      text run at (0,16280) width 51: "\x{E01}\x{E23}\x{E30}\x{E0A}\x{E32}\x{E01}"
      text run at (0,16300) width 18: "\x{E1D}\x{E32}"
      text run at (0,16320) width 12: "\x{E17}\x{E35}\x{E48}"
      text run at (0,16340) width 22: "\x{E1E}\x{E37}\x{E49}\x{E19}"
      text run at (0,16360) width 29: "\x{E2D}\x{E2D}\x{E01}"
      text run at (0,16380) width 35: "\x{E2D}\x{E22}\x{E48}\x{E32}\x{E07}"
      text run at (0,16400) width 20: "\x{E2D}\x{E01}"
      text run at (0,16420) width 20: "\x{E2A}\x{E31}\x{E48}\x{E19}"
      text run at (0,16440) width 31: "\x{E02}\x{E27}\x{E31}\x{E0D}"
      text run at (0,16460) width 28: "\x{E2B}\x{E32}\x{E22}"
      text run at (0,16480) width 20: "\x{E1B}\x{E35}\x{E19}"
      text run at (0,16500) width 38: "\x{E1A}\x{E31}\x{E19}\x{E44}\x{E14}"
      text run at (0,16520) width 18: "\x{E44}\x{E21}\x{E49}"
      text run at (0,16540) width 18: "\x{E25}\x{E07}"
      text run at (0,16560) width 19: "\x{E44}\x{E1B}"
      text run at (0,16580) width 17: "\x{E43}\x{E19}"
      text run at (0,16600) width 34: "\x{E42}\x{E1E}\x{E23}\x{E07}"
      text run at (0,16620) width 25: "\x{E40}\x{E25}\x{E47}\x{E01}"
      text run at (0,16640) width 20: "\x{E2D}\x{E31}\x{E19}"
      text run at (0,16660) width 20: "\x{E21}\x{E37}\x{E14}"
      text run at (0,16680) width 22: "\x{E17}\x{E36}\x{E1A}"
      text run at (0,16700) width 18: "\x{E42}\x{E14}"
      text run at (0,16720) width 24: "\x{E42}\x{E23}\x{E18}\x{E35}"
      text run at (0,16740) width 19: "\x{E08}\x{E31}\x{E1A}"
      text run at (0,16760) width 18: "\x{E42}\x{E15}"
      text run at (0,16780) width 18: "\x{E42}\x{E15}\x{E49}"
      text run at (0,16800) width 19: "\x{E44}\x{E14}\x{E49}"
      text run at (0,16820) width 17: "\x{E43}\x{E19}"
      text run at (0,16840) width 12: "\x{E17}\x{E35}\x{E48}"
      text run at (0,16860) width 20: "\x{E2A}\x{E38}\x{E14}"
      text run at (0,16880) width 27: "\x{E41}\x{E25}\x{E30}"
      text run at (0,16900) width 16: "\x{E27}\x{E34}\x{E48}\x{E07}"
      text run at (0,16920) width 28: "\x{E15}\x{E32}\x{E21}"
      text run at (0,16940) width 18: "\x{E1B}\x{E49}\x{E32}"
      text run at (0,16960) width 24: "\x{E40}\x{E18}\x{E2D}"
      text run at (0,16980) width 19: "\x{E44}\x{E1B}"
      text run at (0,17000) width 25: "\x{E40}\x{E21}\x{E37}\x{E48}\x{E2D}"
      text run at (0,17020) width 24: "\x{E40}\x{E18}\x{E2D}"
      text run at (0,17040) width 18: "\x{E21}\x{E32}"
      text run at (0,17060) width 19: "\x{E44}\x{E14}\x{E49}"
      text run at (0,17080) width 25: "\x{E04}\x{E23}\x{E36}\x{E48}\x{E07}"
      text run at (0,17100) width 29: "\x{E2B}\x{E49}\x{E2D}\x{E07}"
      text run at (0,17120) width 10: "\x{E01}\x{E47}"
      text run at (0,17140) width 10: "\x{E21}\x{E35}"
      text run at (0,17160) width 33: "\x{E40}\x{E2A}\x{E35}\x{E22}\x{E07}"
      text run at (0,17180) width 29: "\x{E2B}\x{E27}\x{E35}\x{E14}"
      text run at (0,17200) width 28: "\x{E2B}\x{E27}\x{E37}\x{E2D}"
      text run at (0,17220) width 28: "\x{E2A}\x{E48}\x{E27}\x{E19}"
      text run at (0,17240) width 28: "\x{E1A}\x{E49}\x{E32}\x{E19}"
      text run at (0,17260) width 10: "\x{E01}\x{E47}"
      text run at (0,17280) width 20: "\x{E2A}\x{E31}\x{E48}\x{E19}"
      text run at (0,17300) width 35: "\x{E2D}\x{E22}\x{E48}\x{E32}\x{E07}"
      text run at (0,17320) width 25: "\x{E41}\x{E23}\x{E07}"
      text run at (0,17340) width 19: "\x{E08}\x{E19}"
      text run at (0,17360) width 24: "\x{E40}\x{E18}\x{E2D}"
      text run at (0,17380) width 21: "\x{E2B}\x{E01}"
      text run at (0,17400) width 35: "\x{E04}\x{E30}\x{E21}\x{E33}"
      text run at (0,17420) width 18: "\x{E19}\x{E31}\x{E48}\x{E07}"
      text run at (0,17440) width 40: "\x{E08}\x{E49}\x{E33}\x{E40}\x{E1A}\x{E49}\x{E32}"
      text run at (0,17460) width 19: "\x{E2D}\x{E22}\x{E39}\x{E48}"
      text run at (0,17480) width 20: "\x{E01}\x{E31}\x{E1A}"
      text run at (0,17500) width 22: "\x{E1E}\x{E37}\x{E49}\x{E19}"
      text run at (0,17520) width 28: "\x{E41}\x{E25}\x{E49}\x{E27}"
      text run at (0,17540) width 18: "\x{E2A}\x{E34}\x{E48}\x{E07}"
      text run at (0,17560) width 63: "\x{E1B}\x{E23}\x{E30}\x{E2B}\x{E25}\x{E32}\x{E14}"
      text run at (0,17580) width 10: "\x{E01}\x{E47}"
      text run at (0,17600) width 25: "\x{E40}\x{E01}\x{E34}\x{E14}"
      text run at (0,17620) width 20: "\x{E02}\x{E36}\x{E49}\x{E19}"
      text run at (0,17640) width 28: "\x{E1A}\x{E49}\x{E32}\x{E19}"
      text run at (0,17660) width 31: "\x{E2B}\x{E21}\x{E38}\x{E19}"
      text run at (0,17680) width 19: "\x{E44}\x{E1B}"
      text run at (0,17700) width 31: "\x{E2B}\x{E21}\x{E38}\x{E19}"
      text run at (0,17720) width 18: "\x{E21}\x{E32}"
      text run at (0,17740) width 28: "\x{E2A}\x{E2D}\x{E07}"
      text run at (0,17760) width 28: "\x{E2A}\x{E32}\x{E21}"
      text run at (0,17780) width 27: "\x{E23}\x{E2D}\x{E1A}"
      text run at (0,17800) width 28: "\x{E41}\x{E25}\x{E49}\x{E27}"
      text run at (0,17820) width 10: "\x{E01}\x{E47}"
      text run at (0,17840) width 29: "\x{E25}\x{E2D}\x{E22}"
      text run at (0,17860) width 20: "\x{E02}\x{E36}\x{E49}\x{E19}"
      text run at (0,17880) width 10: "\x{E2A}\x{E39}\x{E48}"
      text run at (0,17900) width 45: "\x{E2D}\x{E32}\x{E01}\x{E32}\x{E28}"
      text run at (0,17920) width 35: "\x{E2D}\x{E22}\x{E48}\x{E32}\x{E07}"
      text run at (0,17940) width 18: "\x{E0A}\x{E49}\x{E32}"
      text run at (0,17960) width 8: "\x{E46}"
      text run at (0,17980) width 18: "\x{E42}\x{E14}"
      text run at (0,18000) width 24: "\x{E42}\x{E23}\x{E18}\x{E35}"
      text run at (0,18020) width 27: "\x{E23}\x{E39}\x{E49}\x{E2A}\x{E36}\x{E01}"
      text run at (0,18040) width 23: "\x{E23}\x{E32}\x{E27}"
      text run at (0,18060) width 20: "\x{E01}\x{E31}\x{E1A}"
      text run at (0,18080) width 16: "\x{E27}\x{E48}\x{E32}"
      text run at (0,18100) width 24: "\x{E40}\x{E18}\x{E2D}"
      text run at (0,18120) width 19: "\x{E44}\x{E14}\x{E49}"
      text run at (0,18140) width 20: "\x{E02}\x{E36}\x{E49}\x{E19}"
      text run at (0,18160) width 19: "\x{E44}\x{E1B}"
      text run at (0,18180) width 20: "\x{E01}\x{E31}\x{E1A}"
      text run at (0,18200) width 20: "\x{E25}\x{E39}\x{E01}"
      text run at (0,18220) width 50: "\x{E1A}\x{E2D}\x{E25}\x{E25}\x{E39}\x{E19}"
      text run at (0,18240) width 29: "\x{E1E}\x{E32}\x{E22}\x{E38}"
      text run at (0,18260) width 36: "\x{E40}\x{E2B}\x{E19}\x{E37}\x{E2D}"
      text run at (0,18280) width 20: "\x{E01}\x{E31}\x{E1A}"
      text run at (0,18300) width 29: "\x{E1E}\x{E32}\x{E22}\x{E38}"
      text run at (0,18320) width 17: "\x{E43}\x{E15}\x{E49}"
      text run at (0,18340) width 18: "\x{E21}\x{E32}"
      text run at (0,18360) width 22: "\x{E1E}\x{E1A}"
      text run at (0,18380) width 20: "\x{E01}\x{E31}\x{E19}"
      text run at (0,18400) width 25: "\x{E15}\x{E23}\x{E07}"
      text run at (0,18420) width 12: "\x{E17}\x{E35}\x{E48}"
      text run at (0,18440) width 28: "\x{E1A}\x{E49}\x{E32}\x{E19}"
      text run at (0,18460) width 21: "\x{E1E}\x{E2D}"
      text run at (0,18480) width 10: "\x{E14}\x{E35}"
      text run at (0,18500) width 27: "\x{E41}\x{E25}\x{E30}"
      text run at (0,18520) width 20: "\x{E17}\x{E33}"
      text run at (0,18540) width 18: "\x{E43}\x{E2B}\x{E49}"
      text run at (0,18560) width 25: "\x{E15}\x{E23}\x{E07}"
      text run at (0,18580) width 20: "\x{E19}\x{E31}\x{E49}\x{E19}"
      text run at (0,18600) width 26: "\x{E40}\x{E1B}\x{E47}\x{E19}"
      text run at (0,18620) width 19: "\x{E08}\x{E38}\x{E14}"
      text run at (0,18640) width 29: "\x{E28}\x{E39}\x{E19}\x{E22}\x{E4C}"
      text run at (0,18660) width 36: "\x{E01}\x{E25}\x{E32}\x{E07}"
      text run at (0,18680) width 28: "\x{E02}\x{E2D}\x{E07}"
      text run at (0,18700) width 29: "\x{E1E}\x{E32}\x{E22}\x{E38}"
      text run at (0,18720) width 57: "\x{E44}\x{E0B}\x{E42}\x{E04}\x{E25}\x{E19}"
      text run at (0,18740) width 28: "\x{E15}\x{E32}\x{E21}"
      text run at (0,18760) width 30: "\x{E1B}\x{E01}\x{E15}\x{E34}"
      text run at (0,18780) width 25: "\x{E15}\x{E23}\x{E07}"
      text run at (0,18800) width 36: "\x{E01}\x{E25}\x{E32}\x{E07}"
      text run at (0,18820) width 29: "\x{E1E}\x{E32}\x{E22}\x{E38}"
      text run at (0,18840) width 57: "\x{E44}\x{E0B}\x{E42}\x{E04}\x{E25}\x{E19}"
      text run at (0,18860) width 45: "\x{E2D}\x{E32}\x{E01}\x{E32}\x{E28}"
      text run at (0,18880) width 17: "\x{E08}\x{E30}"
      text run at (0,18900) width 18: "\x{E19}\x{E34}\x{E48}\x{E07}"
      text run at (0,18920) width 20: "\x{E41}\x{E15}\x{E48}"
      text run at (0,18940) width 35: "\x{E04}\x{E27}\x{E32}\x{E21}"
      text run at (0,18960) width 39: "\x{E01}\x{E14}\x{E14}\x{E31}\x{E19}"
      text run at (0,18980) width 35: "\x{E2D}\x{E22}\x{E48}\x{E32}\x{E07}"
      text run at (0,19000) width 31: "\x{E2B}\x{E19}\x{E31}\x{E01}"
      text run at (0,19020) width 28: "\x{E02}\x{E2D}\x{E07}"
      text run at (0,19040) width 20: "\x{E25}\x{E21}"
      text run at (0,19060) width 21: "\x{E17}\x{E38}\x{E01}"
      text run at (0,19080) width 28: "\x{E14}\x{E49}\x{E32}\x{E19}"
      text run at (0,19100) width 27: "\x{E23}\x{E2D}\x{E1A}"
      text run at (0,19120) width 28: "\x{E1A}\x{E49}\x{E32}\x{E19}"
      text run at (0,19140) width 20: "\x{E17}\x{E33}"
      text run at (0,19160) width 18: "\x{E43}\x{E2B}\x{E49}"
      text run at (0,19180) width 28: "\x{E1A}\x{E49}\x{E32}\x{E19}"
      text run at (0,19200) width 29: "\x{E25}\x{E2D}\x{E22}"
      text run at (0,19220) width 18: "\x{E2A}\x{E39}\x{E07}"
      text run at (0,19240) width 20: "\x{E02}\x{E36}\x{E49}\x{E19}"
      text run at (0,19260) width 8: "\x{E46}"
      text run at (0,19280) width 19: "\x{E08}\x{E19}"
      text run at (0,19300) width 43: "\x{E01}\x{E23}\x{E30}\x{E17}\x{E31}\x{E48}\x{E07}"
      text run at (0,19320) width 20: "\x{E02}\x{E36}\x{E49}\x{E19}"
      text run at (0,19340) width 19: "\x{E44}\x{E1B}"
      text run at (0,19360) width 19: "\x{E2D}\x{E22}\x{E39}\x{E48}"
      text run at (0,19380) width 20: "\x{E2A}\x{E38}\x{E14}"
      text run at (0,19400) width 29: "\x{E22}\x{E2D}\x{E14}"
      text run at (0,19420) width 28: "\x{E02}\x{E2D}\x{E07}"
      text run at (0,19440) width 29: "\x{E1E}\x{E32}\x{E22}\x{E38}"
      text run at (0,19460) width 57: "\x{E44}\x{E0B}\x{E42}\x{E04}\x{E25}\x{E19}"
      text run at (0,19480) width 27: "\x{E41}\x{E25}\x{E30}"
      text run at (0,19500) width 27: "\x{E08}\x{E32}\x{E01}"
      text run at (0,19520) width 25: "\x{E15}\x{E23}\x{E07}"
      text run at (0,19540) width 20: "\x{E19}\x{E31}\x{E49}\x{E19}"
      text run at (0,19560) width 10: "\x{E01}\x{E47}"
      text run at (0,19580) width 19: "\x{E16}\x{E39}\x{E01}"
      text run at (0,19600) width 31: "\x{E2B}\x{E2D}\x{E1A}"
      text run at (0,19620) width 19: "\x{E44}\x{E1B}"
      text run at (0,19640) width 38: "\x{E2B}\x{E25}\x{E32}\x{E22}"
      text run at (0,19660) width 28: "\x{E44}\x{E21}\x{E25}\x{E4C}"
      text run at (0,19680) width 25: "\x{E07}\x{E48}\x{E32}\x{E22}"
      text run at (0,19700) width 27: "\x{E14}\x{E32}\x{E22}"
      text run at (0,19720) width 23: "\x{E23}\x{E32}\x{E27}"
      text run at (0,19740) width 20: "\x{E01}\x{E31}\x{E1A}"
      text run at (0,19760) width 31: "\x{E2B}\x{E2D}\x{E1A}"
      text run at (0,19780) width 20: "\x{E02}\x{E19}"
      text run at (0,19800) width 20: "\x{E19}\x{E01}"
      text run at (0,19820) width 20: "\x{E21}\x{E37}\x{E14}"
      text run at (0,19840) width 27: "\x{E21}\x{E32}\x{E01}"
      text run at (0,19860) width 28: "\x{E41}\x{E25}\x{E49}\x{E27}"
      text run at (0,19880) width 20: "\x{E25}\x{E21}"
      text run at (0,19900) width 18: "\x{E22}\x{E31}\x{E07}"
      text run at (0,19920) width 18: "\x{E2A}\x{E48}\x{E07}"
      text run at (0,19940) width 33: "\x{E40}\x{E2A}\x{E35}\x{E22}\x{E07}"
      text run at (0,19960) width 29: "\x{E2B}\x{E27}\x{E35}\x{E14}"
      text run at (0,19980) width 28: "\x{E2B}\x{E27}\x{E37}\x{E2D}"
      text run at (0,20000) width 18: "\x{E19}\x{E48}\x{E32}"
      text run at (0,20020) width 28: "\x{E01}\x{E25}\x{E31}\x{E27}"
      text run at (0,20040) width 19: "\x{E2D}\x{E22}\x{E39}\x{E48}"
      text run at (0,20060) width 27: "\x{E23}\x{E2D}\x{E1A}"
      text run at (0,20080) width 18: "\x{E15}\x{E31}\x{E27}"
      text run at (0,20100) width 24: "\x{E40}\x{E18}\x{E2D}"
      text run at (0,20120) width 20: "\x{E41}\x{E15}\x{E48}"
      text run at (0,20140) width 18: "\x{E42}\x{E14}"
      text run at (0,20160) width 24: "\x{E42}\x{E23}\x{E18}\x{E35}"
      text run at (0,20180) width 26: "\x{E40}\x{E2B}\x{E47}\x{E19}"
      text run at (0,20200) width 16: "\x{E27}\x{E48}\x{E32}"
      text run at (0,20220) width 24: "\x{E40}\x{E18}\x{E2D}"
      text run at (0,20240) width 52: "\x{E2A}\x{E32}\x{E21}\x{E32}\x{E23}\x{E16}"
      text run at (0,20260) width 18: "\x{E19}\x{E31}\x{E48}\x{E07}"
      text run at (0,20280) width 19: "\x{E44}\x{E1B}"
      text run at (0,20300) width 19: "\x{E44}\x{E14}\x{E49}"
      text run at (0,20320) width 27: "\x{E2D}\x{E22}\x{E48}\x{E32}"
      text run at (0,20340) width 33: "\x{E07}\x{E07}\x{E48}\x{E32}\x{E22}"
      text run at (0,20360) width 27: "\x{E14}\x{E32}\x{E22}"
      text run at (0,20380) width 20: "\x{E19}\x{E31}\x{E01}"
      text run at (0,20400) width 25: "\x{E04}\x{E23}\x{E31}\x{E49}\x{E07}"
      text run at (0,20420) width 29: "\x{E2B}\x{E19}\x{E36}\x{E48}\x{E07}"
      text run at (0,20440) width 29: "\x{E2B}\x{E25}\x{E31}\x{E07}"
      text run at (0,20460) width 27: "\x{E08}\x{E32}\x{E01}"
      text run at (0,20480) width 12: "\x{E17}\x{E35}\x{E48}"
      text run at (0,20500) width 28: "\x{E1A}\x{E49}\x{E32}\x{E19}"
      text run at (0,20520) width 37: "\x{E2A}\x{E30}\x{E14}\x{E38}\x{E14}"
      text run at (0,20540) width 35: "\x{E2D}\x{E22}\x{E48}\x{E32}\x{E07}"
      text run at (0,20560) width 25: "\x{E41}\x{E23}\x{E07}"
      text run at (0,20580) width 27: "\x{E41}\x{E25}\x{E30}"
      text run at (0,20600) width 31: "\x{E2B}\x{E21}\x{E38}\x{E19}"
      text run at (0,20620) width 19: "\x{E44}\x{E1B}"
      text run at (0,20640) width 27: "\x{E23}\x{E2D}\x{E1A}"
      text run at (0,20660) width 8: "\x{E46}"
      text run at (0,20680) width 28: "\x{E2A}\x{E2D}\x{E07}"
      text run at (0,20700) width 28: "\x{E2A}\x{E32}\x{E21}"
      text run at (0,20720) width 25: "\x{E04}\x{E23}\x{E31}\x{E49}\x{E07}"
      text run at (0,20740) width 17: "\x{E43}\x{E19}"
      text run at (0,20760) width 30: "\x{E15}\x{E2D}\x{E19}"
      text run at (0,20780) width 26: "\x{E41}\x{E23}\x{E01}"
      text run at (0,20800) width 24: "\x{E40}\x{E18}\x{E2D}"
      text run at (0,20820) width 10: "\x{E01}\x{E47}"
      text run at (0,20840) width 27: "\x{E23}\x{E39}\x{E49}\x{E2A}\x{E36}\x{E01}"
      text run at (0,20860) width 16: "\x{E27}\x{E48}\x{E32}"
      text run at (0,20880) width 18: "\x{E15}\x{E31}\x{E27}"
      text run at (0,20900) width 23: "\x{E40}\x{E2D}\x{E07}"
      text run at (0,20920) width 19: "\x{E16}\x{E39}\x{E01}"
      text run at (0,20940) width 35: "\x{E41}\x{E01}\x{E27}\x{E48}\x{E07}"
      text run at (0,20960) width 35: "\x{E2D}\x{E22}\x{E48}\x{E32}\x{E07}"
      text run at (0,20980) width 28: "\x{E41}\x{E1C}\x{E48}\x{E27}"
      text run at (0,21000) width 24: "\x{E40}\x{E1A}\x{E32}"
      text run at (0,21020) width 23: "\x{E23}\x{E32}\x{E27}"
      text run at (0,21040) width 36: "\x{E17}\x{E32}\x{E23}\x{E01}"
      text run at (0,21060) width 17: "\x{E43}\x{E19}"
      text run at (0,21080) width 26: "\x{E40}\x{E1B}\x{E25}"
      text run at (0,21100) width 18: "\x{E42}\x{E15}"
      text run at (0,21120) width 18: "\x{E42}\x{E15}\x{E49}"
      text run at (0,21140) width 18: "\x{E44}\x{E21}\x{E48}"
      text run at (0,21160) width 30: "\x{E0A}\x{E2D}\x{E1A}"
      text run at (0,21180) width 16: "\x{E43}\x{E08}"
      text run at (0,21200) width 25: "\x{E40}\x{E25}\x{E22}"
      text run at (0,21220) width 20: "\x{E21}\x{E31}\x{E19}"
      text run at (0,21240) width 16: "\x{E27}\x{E34}\x{E48}\x{E07}"
      text run at (0,21260) width 19: "\x{E44}\x{E1B}"
      text run at (0,21280) width 16: "\x{E27}\x{E34}\x{E48}\x{E07}"
      text run at (0,21300) width 18: "\x{E21}\x{E32}"
      text run at (0,21320) width 27: "\x{E23}\x{E2D}\x{E1A}"
      text run at (0,21340) width 29: "\x{E2B}\x{E49}\x{E2D}\x{E07}"
      text run at (0,21360) width 28: "\x{E17}\x{E32}\x{E07}"
      text run at (0,21380) width 28: "\x{E42}\x{E19}\x{E49}\x{E19}"
      text run at (0,21400) width 12: "\x{E17}\x{E35}"
      text run at (0,21420) width 28: "\x{E17}\x{E32}\x{E07}"
      text run at (0,21440) width 10: "\x{E19}\x{E35}\x{E49}"
      text run at (0,21460) width 12: "\x{E17}\x{E35}"
      text run at (0,21480) width 18: "\x{E2A}\x{E48}\x{E07}"
      text run at (0,21500) width 33: "\x{E40}\x{E2A}\x{E35}\x{E22}\x{E07}"
      text run at (0,21520) width 24: "\x{E40}\x{E2B}\x{E48}\x{E32}"
      text run at (0,21540) width 18: "\x{E14}\x{E31}\x{E07}"
      text run at (0,21560) width 27: "\x{E01}\x{E49}\x{E2D}\x{E07}"
      text run at (0,21580) width 20: "\x{E41}\x{E15}\x{E48}"
      text run at (0,21600) width 18: "\x{E42}\x{E14}"
      text run at (0,21620) width 24: "\x{E42}\x{E23}\x{E18}\x{E35}"
      text run at (0,21640) width 18: "\x{E19}\x{E31}\x{E48}\x{E07}"
      text run at (0,21660) width 18: "\x{E19}\x{E34}\x{E48}\x{E07}"
      text run at (0,21680) width 19: "\x{E2D}\x{E22}\x{E39}\x{E48}"
      text run at (0,21700) width 20: "\x{E1A}\x{E19}"
      text run at (0,21720) width 22: "\x{E1E}\x{E37}\x{E49}\x{E19}"
      text run at (0,21740) width 24: "\x{E40}\x{E1D}\x{E49}\x{E32}"
      text run at (0,21760) width 29: "\x{E04}\x{E2D}\x{E22}"
      text run at (0,21780) width 10: "\x{E14}\x{E39}"
      text run at (0,21800) width 16: "\x{E27}\x{E48}\x{E32}"
      text run at (0,21820) width 17: "\x{E08}\x{E30}"
      text run at (0,21840) width 25: "\x{E40}\x{E01}\x{E34}\x{E14}"
      text run at (0,21860) width 32: "\x{E2D}\x{E30}\x{E44}\x{E23}"
      text run at (0,21880) width 20: "\x{E02}\x{E36}\x{E49}\x{E19}"
      text run at (0,21900) width 25: "\x{E04}\x{E23}\x{E31}\x{E49}\x{E07}"
      text run at (0,21920) width 29: "\x{E2B}\x{E19}\x{E36}\x{E48}\x{E07}"
      text run at (0,21940) width 18: "\x{E42}\x{E15}"
      text run at (0,21960) width 18: "\x{E42}\x{E15}\x{E49}"
      text run at (0,21980) width 23: "\x{E40}\x{E02}\x{E49}\x{E32}"
      text run at (0,22000) width 19: "\x{E44}\x{E1B}"
      text run at (0,22020) width 27: "\x{E43}\x{E01}\x{E25}\x{E49}"
      text run at (0,22040) width 18: "\x{E1D}\x{E32}"
      text run at (0,22060) width 12: "\x{E17}\x{E35}\x{E48}"
      text run at (0,22080) width 22: "\x{E1E}\x{E37}\x{E49}\x{E19}"
      text run at (0,22100) width 27: "\x{E21}\x{E32}\x{E01}"
      text run at (0,22120) width 19: "\x{E44}\x{E1B}"
      text run at (0,22140) width 25: "\x{E40}\x{E25}\x{E22}"
      text run at (0,22160) width 32: "\x{E1E}\x{E25}\x{E31}\x{E14}"
      text run at (0,22180) width 38: "\x{E15}\x{E01}\x{E25}\x{E07}"
      text run at (0,22200) width 19: "\x{E44}\x{E1B}"
      text run at (0,22220) width 12: "\x{E17}\x{E35}"
      text run at (0,22240) width 26: "\x{E41}\x{E23}\x{E01}"
      text run at (0,22260) width 25: "\x{E40}\x{E14}\x{E47}\x{E01}"
      text run at (0,22280) width 32: "\x{E2B}\x{E0D}\x{E34}\x{E07}"
      text run at (0,22300) width 20: "\x{E04}\x{E34}\x{E14}"
      text run at (0,22320) width 16: "\x{E27}\x{E48}\x{E32}"
      text run at (0,22340) width 24: "\x{E40}\x{E18}\x{E2D}"
      text run at (0,22360) width 17: "\x{E08}\x{E30}"
      text run at (0,22380) width 24: "\x{E2A}\x{E39}\x{E0D}"
      text run at (0,22400) width 25: "\x{E40}\x{E2A}\x{E35}\x{E22}"
      text run at (0,22420) width 20: "\x{E21}\x{E31}\x{E19}"
      text run at (0,22440) width 19: "\x{E44}\x{E1B}"
      text run at (0,22460) width 25: "\x{E40}\x{E2A}\x{E35}\x{E22}"
      text run at (0,22480) width 28: "\x{E41}\x{E25}\x{E49}\x{E27}"
      text run at (0,22500) width 20: "\x{E41}\x{E15}\x{E48}"
      text run at (0,22520) width 18: "\x{E0A}\x{E31}\x{E48}\x{E27}"
      text run at (0,22540) width 17: "\x{E04}\x{E23}\x{E39}\x{E48}"
      text run at (0,22560) width 24: "\x{E40}\x{E18}\x{E2D}"
      text run at (0,22580) width 10: "\x{E01}\x{E47}"
      text run at (0,22600) width 26: "\x{E40}\x{E2B}\x{E47}\x{E19}"
      text run at (0,22620) width 11: "\x{E2B}\x{E39}"
      text run at (0,22640) width 28: "\x{E02}\x{E2D}\x{E07}"
      text run at (0,22660) width 20: "\x{E21}\x{E31}\x{E19}"
      text run at (0,22680) width 28: "\x{E42}\x{E1C}\x{E25}\x{E48}"
      text run at (0,22700) width 20: "\x{E02}\x{E36}\x{E49}\x{E19}"
      text run at (0,22720) width 18: "\x{E21}\x{E32}"
      text run at (0,22740) width 27: "\x{E08}\x{E32}\x{E01}"
      text run at (0,22760) width 28: "\x{E0A}\x{E48}\x{E2D}\x{E07}"
      text run at (0,22780) width 20: "\x{E19}\x{E31}\x{E49}\x{E19}"
      text run at (0,22800) width 20: "\x{E17}\x{E31}\x{E49}\x{E07}"
      text run at (0,22820) width 10: "\x{E19}\x{E35}\x{E49}"
      text run at (0,22840) width 39: "\x{E40}\x{E1E}\x{E23}\x{E32}\x{E30}"
      text run at (0,22860) width 25: "\x{E41}\x{E23}\x{E07}"
      text run at (0,22880) width 20: "\x{E01}\x{E14}"
      text run at (0,22900) width 35: "\x{E2D}\x{E22}\x{E48}\x{E32}\x{E07}"
      text run at (0,22920) width 31: "\x{E2B}\x{E19}\x{E31}\x{E01}"
      text run at (0,22940) width 28: "\x{E02}\x{E2D}\x{E07}"
      text run at (0,22960) width 45: "\x{E2D}\x{E32}\x{E01}\x{E32}\x{E28}"
      text run at (0,22980) width 20: "\x{E17}\x{E33}"
      text run at (0,23000) width 18: "\x{E43}\x{E2B}\x{E49}"
      text run at (0,23020) width 18: "\x{E42}\x{E15}"
      text run at (0,23040) width 18: "\x{E42}\x{E15}\x{E49}"
      text run at (0,23060) width 18: "\x{E44}\x{E21}\x{E48}"
      text run at (0,23080) width 38: "\x{E15}\x{E01}\x{E25}\x{E07}"
      text run at (0,23100) width 19: "\x{E44}\x{E1B}"
      text run at (0,23120) width 26: "\x{E02}\x{E49}\x{E32}\x{E07}"
      text run at (0,23140) width 26: "\x{E25}\x{E48}\x{E32}\x{E07}"
      text run at (0,23160) width 18: "\x{E42}\x{E14}"
      text run at (0,23180) width 24: "\x{E42}\x{E23}\x{E18}\x{E35}"
      text run at (0,23200) width 38: "\x{E04}\x{E25}\x{E32}\x{E19}"
      text run at (0,23220) width 19: "\x{E44}\x{E1B}"
      text run at (0,23240) width 12: "\x{E17}\x{E35}\x{E48}"
      text run at (0,23260) width 28: "\x{E0A}\x{E48}\x{E2D}\x{E07}"
      text run at (0,23280) width 20: "\x{E19}\x{E31}\x{E49}\x{E19}"
      text run at (0,23300) width 19: "\x{E08}\x{E31}\x{E1A}"
      text run at (0,23320) width 11: "\x{E2B}\x{E39}"
      text run at (0,23340) width 18: "\x{E42}\x{E15}"
      text run at (0,23360) width 18: "\x{E42}\x{E15}\x{E49}"
      text run at (0,23380) width 16: "\x{E44}\x{E27}\x{E49}"
      text run at (0,23400) width 19: "\x{E44}\x{E14}\x{E49}"
      text run at (0,23420) width 27: "\x{E41}\x{E25}\x{E30}"
      text run at (0,23440) width 28: "\x{E25}\x{E32}\x{E01}"
      text run at (0,23460) width 20: "\x{E21}\x{E31}\x{E19}"
      text run at (0,23480) width 18: "\x{E21}\x{E32}"
      text run at (0,23500) width 12: "\x{E17}\x{E35}\x{E48}"
      text run at (0,23520) width 29: "\x{E2B}\x{E49}\x{E2D}\x{E07}"
      text run at (0,23540) width 20: "\x{E2D}\x{E35}\x{E01}"
      text run at (0,23560) width 29: "\x{E2B}\x{E25}\x{E31}\x{E07}"
      text run at (0,23580) width 27: "\x{E08}\x{E32}\x{E01}"
      text run at (0,23600) width 20: "\x{E19}\x{E31}\x{E49}\x{E19}"
      text run at (0,23620) width 10: "\x{E01}\x{E47}"
      text run at (0,23640) width 20: "\x{E1B}\x{E34}\x{E14}"
      text run at (0,23660) width 18: "\x{E1D}\x{E32}"
      text run at (0,23680) width 22: "\x{E1E}\x{E37}\x{E49}\x{E19}"
      text run at (0,23700) width 27: "\x{E40}\x{E1E}\x{E37}\x{E48}\x{E2D}"
      text run at (0,23720) width 17: "\x{E08}\x{E30}"
      text run at (0,23740) width 19: "\x{E44}\x{E14}\x{E49}"
      text run at (0,23760) width 18: "\x{E44}\x{E21}\x{E48}"
      text run at (0,23780) width 25: "\x{E40}\x{E01}\x{E34}\x{E14}"
      text run at (0,23800) width 56: "\x{E2D}\x{E38}\x{E1A}\x{E31}\x{E15}\x{E34}\x{E40}\x{E2B}\x{E15}\x{E38}"
      text run at (0,23820) width 20: "\x{E2D}\x{E35}\x{E01}"
      text run at (0,23840) width 44: "\x{E0A}\x{E31}\x{E48}\x{E27}\x{E42}\x{E21}\x{E07}"
      text run at (0,23860) width 28: "\x{E41}\x{E25}\x{E49}\x{E27}"
      text run at (0,23880) width 44: "\x{E0A}\x{E31}\x{E48}\x{E27}\x{E42}\x{E21}\x{E07}"
      text run at (0,23900) width 23: "\x{E40}\x{E25}\x{E48}\x{E32}"
      text run at (0,23920) width 28: "\x{E1C}\x{E48}\x{E32}\x{E19}"
      text run at (0,23940) width 19: "\x{E44}\x{E1B}"
      text run at (0,23960) width 18: "\x{E42}\x{E14}"
      text run at (0,23980) width 24: "\x{E42}\x{E23}\x{E18}\x{E35}"
      text run at (0,24000) width 29: "\x{E04}\x{E48}\x{E2D}\x{E22}"
      text run at (0,24020) width 8: "\x{E46}"
      text run at (0,24040) width 28: "\x{E2B}\x{E32}\x{E22}"
      text run at (0,24060) width 28: "\x{E01}\x{E25}\x{E31}\x{E27}"
      text run at (0,24080) width 20: "\x{E41}\x{E15}\x{E48}"
      text run at (0,24100) width 24: "\x{E40}\x{E18}\x{E2D}"
      text run at (0,24120) width 27: "\x{E23}\x{E39}\x{E49}\x{E2A}\x{E36}\x{E01}"
      text run at (0,24140) width 32: "\x{E40}\x{E2B}\x{E07}\x{E32}"
      text run at (0,24160) width 36: "\x{E40}\x{E2B}\x{E25}\x{E37}\x{E2D}"
      text run at (0,24180) width 25: "\x{E40}\x{E01}\x{E34}\x{E19}"
      text run at (0,24200) width 27: "\x{E41}\x{E25}\x{E30}"
      text run at (0,24220) width 20: "\x{E25}\x{E21}"
      text run at (0,24240) width 10: "\x{E01}\x{E47}"
      text run at (0,24260) width 18: "\x{E2A}\x{E48}\x{E07}"
      text run at (0,24280) width 33: "\x{E40}\x{E2A}\x{E35}\x{E22}\x{E07}"
      text run at (0,24300) width 29: "\x{E2B}\x{E27}\x{E35}\x{E14}"
      text run at (0,24320) width 28: "\x{E2B}\x{E27}\x{E37}\x{E2D}"
      text run at (0,24340) width 18: "\x{E14}\x{E31}\x{E07}"
      text run at (0,24360) width 25: "\x{E40}\x{E2A}\x{E35}\x{E22}"
      text run at (0,24380) width 19: "\x{E08}\x{E19}"
      text run at (0,24400) width 24: "\x{E40}\x{E18}\x{E2D}"
      text run at (0,24420) width 31: "\x{E41}\x{E17}\x{E1A}"
      text run at (0,24440) width 17: "\x{E08}\x{E30}"
      text run at (0,24460) width 11: "\x{E2B}\x{E39}"
      text run at (0,24480) width 38: "\x{E2B}\x{E19}\x{E27}\x{E01}"
      text run at (0,24500) width 12: "\x{E17}\x{E35}"
      text run at (0,24520) width 26: "\x{E41}\x{E23}\x{E01}"
      text run at (0,24540) width 24: "\x{E40}\x{E18}\x{E2D}"
      text run at (0,24560) width 37: "\x{E2A}\x{E07}\x{E2A}\x{E31}\x{E22}"
      text run at (0,24580) width 16: "\x{E27}\x{E48}\x{E32}"
      text run at (0,24600) width 18: "\x{E04}\x{E07}"
      text run at (0,24620) width 17: "\x{E08}\x{E30}"
      text run at (0,24640) width 19: "\x{E16}\x{E39}\x{E01}"
      text run at (0,24660) width 20: "\x{E09}\x{E35}\x{E01}"
      text run at (0,24680) width 51: "\x{E01}\x{E23}\x{E30}\x{E0A}\x{E32}\x{E01}"
      text run at (0,24700) width 29: "\x{E2D}\x{E2D}\x{E01}"
      text run at (0,24720) width 26: "\x{E40}\x{E1B}\x{E47}\x{E19}"
      text run at (0,24740) width 20: "\x{E0A}\x{E34}\x{E49}\x{E19}"
      text run at (0,24760) width 25: "\x{E40}\x{E25}\x{E47}\x{E01}"
      text run at (0,24780) width 20: "\x{E0A}\x{E34}\x{E49}\x{E19}"
      text run at (0,24800) width 29: "\x{E19}\x{E49}\x{E2D}\x{E22}"
      text run at (0,24820) width 25: "\x{E40}\x{E21}\x{E37}\x{E48}\x{E2D}"
      text run at (0,24840) width 28: "\x{E1A}\x{E49}\x{E32}\x{E19}"
      text run at (0,24860) width 25: "\x{E40}\x{E2D}\x{E19}"
      text run at (0,24880) width 20: "\x{E25}\x{E49}\x{E21}"
      text run at (0,24900) width 18: "\x{E25}\x{E07}"
      text run at (0,24920) width 20: "\x{E2D}\x{E35}\x{E01}"
      text run at (0,24940) width 25: "\x{E04}\x{E23}\x{E31}\x{E49}\x{E07}"
      text run at (0,24960) width 20: "\x{E41}\x{E15}\x{E48}"
      text run at (0,24980) width 38: "\x{E2B}\x{E25}\x{E32}\x{E22}"
      text run at (0,25000) width 44: "\x{E0A}\x{E31}\x{E48}\x{E27}\x{E42}\x{E21}\x{E07}"
      text run at (0,25020) width 28: "\x{E1C}\x{E48}\x{E32}\x{E19}"
      text run at (0,25040) width 19: "\x{E44}\x{E1B}"
      text run at (0,25060) width 10: "\x{E01}\x{E47}"
      text run at (0,25080) width 18: "\x{E44}\x{E21}\x{E48}"
      text run at (0,25100) width 10: "\x{E21}\x{E35}"
      text run at (0,25120) width 32: "\x{E2D}\x{E30}\x{E44}\x{E23}"
      text run at (0,25140) width 25: "\x{E40}\x{E01}\x{E34}\x{E14}"
      text run at (0,25160) width 20: "\x{E02}\x{E36}\x{E49}\x{E19}"
      text run at (0,25180) width 24: "\x{E40}\x{E18}\x{E2D}"
      text run at (0,25200) width 25: "\x{E40}\x{E25}\x{E22}"
      text run at (0,25220) width 25: "\x{E40}\x{E25}\x{E34}\x{E01}"
      text run at (0,25240) width 28: "\x{E27}\x{E34}\x{E15}\x{E01}"
      text run at (0,25260) width 27: "\x{E41}\x{E25}\x{E30}"
      text run at (0,25280) width 40: "\x{E15}\x{E31}\x{E14}\x{E2A}\x{E34}\x{E19}"
      text run at (0,25300) width 16: "\x{E43}\x{E08}"
      text run at (0,25320) width 29: "\x{E04}\x{E2D}\x{E22}"
      text run at (0,25340) width 10: "\x{E14}\x{E39}"
      text run at (0,25360) width 35: "\x{E2D}\x{E22}\x{E48}\x{E32}\x{E07}"
      text run at (0,25380) width 28: "\x{E2A}\x{E07}\x{E1A}"
      text run at (0,25400) width 27: "\x{E41}\x{E25}\x{E30}"
      text run at (0,25420) width 17: "\x{E23}\x{E2D}"
      text run at (0,25440) width 16: "\x{E27}\x{E48}\x{E32}"
      text run at (0,25460) width 47: "\x{E2D}\x{E19}\x{E32}\x{E04}\x{E15}"
      text run at (0,25480) width 17: "\x{E08}\x{E30}"
      text run at (0,25500) width 26: "\x{E40}\x{E1B}\x{E47}\x{E19}"
      text run at (0,25520) width 50: "\x{E2D}\x{E22}\x{E48}\x{E32}\x{E07}\x{E44}\x{E23}"
      text run at (0,25540) width 17: "\x{E43}\x{E19}"
      text run at (0,25560) width 12: "\x{E17}\x{E35}\x{E48}"
      text run at (0,25580) width 20: "\x{E2A}\x{E38}\x{E14}"
      text run at (0,25600) width 24: "\x{E40}\x{E18}\x{E2D}"
      text run at (0,25620) width 38: "\x{E04}\x{E25}\x{E32}\x{E19}"
      text run at (0,25640) width 27: "\x{E08}\x{E32}\x{E01}"
      text run at (0,25660) width 22: "\x{E1E}\x{E37}\x{E49}\x{E19}"
      text run at (0,25680) width 29: "\x{E2B}\x{E49}\x{E2D}\x{E07}"
      text run at (0,25700) width 12: "\x{E17}\x{E35}\x{E48}"
      text run at (0,25720) width 27: "\x{E42}\x{E22}\x{E01}"
      text run at (0,25740) width 19: "\x{E44}\x{E1B}"
      text run at (0,25760) width 18: "\x{E21}\x{E32}"
      text run at (0,25780) width 20: "\x{E02}\x{E36}\x{E49}\x{E19}"
      text run at (0,25800) width 19: "\x{E44}\x{E1B}"
      text run at (0,25820) width 20: "\x{E1A}\x{E19}"
      text run at (0,25840) width 33: "\x{E40}\x{E15}\x{E35}\x{E22}\x{E07}"
      text run at (0,25860) width 28: "\x{E41}\x{E25}\x{E49}\x{E27}"
      text run at (0,25880) width 10: "\x{E01}\x{E47}"
      text run at (0,25900) width 30: "\x{E19}\x{E2D}\x{E19}"
      text run at (0,25920) width 18: "\x{E25}\x{E07}"
      text run at (0,25940) width 18: "\x{E42}\x{E15}"
      text run at (0,25960) width 18: "\x{E42}\x{E15}\x{E49}"
      text run at (0,25980) width 28: "\x{E15}\x{E32}\x{E21}"
      text run at (0,26000) width 20: "\x{E15}\x{E34}\x{E14}"
      text run at (0,26020) width 18: "\x{E21}\x{E32}"
      text run at (0,26040) width 30: "\x{E19}\x{E2D}\x{E19}"
      text run at (0,26060) width 18: "\x{E25}\x{E07}"
      text run at (0,26080) width 27: "\x{E43}\x{E01}\x{E25}\x{E49}"
      text run at (0,26100) width 8: "\x{E46}"
      text run at (0,26120) width 24: "\x{E40}\x{E18}\x{E2D}"
      text run at (0,26140) width 18: "\x{E44}\x{E21}\x{E48}"
      text run at (0,26160) width 18: "\x{E0A}\x{E49}\x{E32}"
      text run at (0,26180) width 18: "\x{E42}\x{E14}"
      text run at (0,26200) width 24: "\x{E42}\x{E23}\x{E18}\x{E35}"
      text run at (0,26220) width 10: "\x{E01}\x{E47}"
      text run at (0,26240) width 20: "\x{E1B}\x{E34}\x{E14}"
      text run at (0,26260) width 18: "\x{E15}\x{E32}"
      text run at (0,26280) width 18: "\x{E25}\x{E07}"
      text run at (0,26300) width 31: "\x{E2B}\x{E25}\x{E31}\x{E1A}"
      text run at (0,26320) width 39: "\x{E1C}\x{E25}\x{E47}\x{E2D}\x{E22}"
      text run at (0,26340) width 19: "\x{E44}\x{E1B}"
      text run at (0,26360) width 35: "\x{E2D}\x{E22}\x{E48}\x{E32}\x{E07}"
      text run at (0,26380) width 31: "\x{E2A}\x{E19}\x{E34}\x{E17}"
      text run at (0,26400) width 20: "\x{E17}\x{E31}\x{E49}\x{E07}"
      text run at (0,26420) width 8: "\x{E46}"
      text run at (0,26440) width 12: "\x{E17}\x{E35}\x{E48}"
      text run at (0,26460) width 28: "\x{E1A}\x{E49}\x{E32}\x{E19}"
      text run at (0,26480) width 27: "\x{E42}\x{E22}\x{E01}"
      text run at (0,26500) width 19: "\x{E44}\x{E1B}"
      text run at (0,26520) width 18: "\x{E21}\x{E32}"
      text run at (0,26540) width 27: "\x{E41}\x{E25}\x{E30}"
      text run at (0,26560) width 20: "\x{E25}\x{E21}"
      text run at (0,26580) width 10: "\x{E01}\x{E47}"
      text run at (0,26600) width 33: "\x{E04}\x{E23}\x{E32}\x{E07}"
      text run at (0,26620) width 29: "\x{E2B}\x{E27}\x{E35}\x{E14}"
      text run at (0,26640) width 28: "\x{E2B}\x{E27}\x{E37}\x{E2D}"
