layer at (0,0) size 800x600 scrollHeight 738
  LayoutView at (0,0) size 800x600
layer at (0,0) size 800x738 backgroundClip at (0,0) size 800x600 clip at (0,0) size 800x600
  LayoutBlockFlow {HTML} at (0,0) size 800x737.59
    LayoutBlockFlow {BODY} at (8,8) size 784x721.59 [color=#008000] [bgcolor=#CCCCCC]
      LayoutBlockFlow {P} at (0,0) size 784x18
        LayoutText {#text} at (0,0) size 363x17
          text run at (0,0) width 363: "The style declarations which apply to the text below are:"
      LayoutBlockFlow {PRE} at (0,34) size 784x112
        LayoutText {#text} at (0,0) size 272x112
          text run at (0,0) width 160: "BODY {color: green;}"
          text run at (160,0) width 0: " "
          text run at (0,16) width 136: "H3 {color: blue;}"
          text run at (136,16) width 0: " "
          text run at (0,32) width 152: "EM {color: purple;}"
          text run at (152,32) width 0: " "
          text run at (0,48) width 208: ".one {font-style: italic;}"
          text run at (208,48) width 0: " "
          text run at (0,64) width 272: ".two {text-decoration: underline;}"
          text run at (272,64) width 0: " "
          text run at (0,80) width 152: "#two {color: navy;}"
          text run at (152,80) width 0: " "
          text run at (0,96) width 184: ".three {color: purple;}"
          text run at (184,96) width 0: " "
      LayoutBlockFlow {HR} at (0,159) size 784x2 [border: (1px inset #EEEEEE)]
      LayoutBlockFlow {H3} at (0,179.72) size 784x22 [color=#0000FF]
        LayoutText {#text} at (0,0) size 216x21
          text run at (0,0) width 216: "This sentence should show "
        LayoutInline {STRONG} at (0,0) size 35x21
          LayoutText {#text} at (215,0) size 35x21
            text run at (215,0) width 35: "blue"
        LayoutText {#text} at (249,0) size 41x21
          text run at (249,0) width 41: " and "
        LayoutInline {EM} at (0,0) size 50x21 [color=#800080]
          LayoutText {#text} at (289,0) size 50x21
            text run at (289,0) width 50: "purple"
        LayoutText {#text} at (338,0) size 6x21
          text run at (338,0) width 6: "."
      LayoutBlockFlow {H3} at (0,220.44) size 784x22 [color=#0000FF]
        LayoutText {#text} at (0,0) size 194x21
          text run at (0,0) width 194: "This sentence should be "
        LayoutInline {SPAN} at (0,0) size 34x21
          LayoutText {#text} at (193,0) size 34x21
            text run at (193,0) width 34: "blue"
        LayoutText {#text} at (226,0) size 101x21
          text run at (226,0) width 101: " throughout."
      LayoutBlockFlow {P} at (0,261.16) size 784x18
        LayoutText {#text} at (0,0) size 230x17
          text run at (0,0) width 230: "This should be green except for the "
        LayoutInline {EM} at (0,0) size 118x17 [color=#800080]
          LayoutText {#text} at (229,0) size 118x17
            text run at (229,0) width 118: "emphasized words"
        LayoutText {#text} at (346,0) size 163x17
          text run at (346,0) width 163: ", which should be purple."
      LayoutBlockFlow {H3} at (0,297.88) size 784x22 [color=#0000FF]
        LayoutText {#text} at (0,0) size 287x21
          text run at (0,0) width 287: "This should be blue and underlined."
      LayoutBlockFlow {P} at (0,338.59) size 784x18
        LayoutText {#text} at (0,0) size 299x17
          text run at (0,0) width 299: "This sentence should be underlined, including "
        LayoutInline {TT} at (0,0) size 73x16
          LayoutText {#text} at (298,2) size 73x16
            text run at (298,2) width 73: "this part"
        LayoutText {#text} at (370,0) size 9x17
          text run at (370,0) width 9: ", "
        LayoutInline {I} at (0,0) size 54x17
          LayoutText {#text} at (378,0) size 54x17
            text run at (378,0) width 54: "this part"
        LayoutText {#text} at (431,0) size 9x17
          text run at (431,0) width 9: ", "
        LayoutInline {EM} at (0,0) size 55x17 [color=#800080]
          LayoutText {#text} at (439,0) size 55x17
            text run at (439,0) width 55: "this part"
        LayoutText {#text} at (493,0) size 36x17
          text run at (493,0) width 36: ", and "
        LayoutInline {STRONG} at (0,0) size 60x17
          LayoutText {#text} at (528,0) size 60x17
            text run at (528,0) width 60: "this part"
        LayoutText {#text} at (587,0) size 5x17
          text run at (587,0) width 5: "."
      LayoutBlockFlow {P} at (0,372.59) size 784x18 [color=#000080]
        LayoutText {#text} at (0,0) size 444x17
          text run at (0,0) width 444: "This sentence should also be underlined, as well as dark blue (navy), "
        LayoutInline {TT} at (0,0) size 153x16
          LayoutText {#text} at (443,2) size 153x16
            text run at (443,2) width 153: "including this part"
        LayoutText {#text} at (595,0) size 5x17
          text run at (595,0) width 5: "."
      LayoutBlockFlow {P} at (0,406.59) size 784x18 [color=#800080]
        LayoutText {#text} at (0,0) size 271x17
          text run at (0,0) width 271: "This sentence should be purple, including "
        LayoutInline {STRONG} at (0,0) size 59x17
          LayoutText {#text} at (270,0) size 59x17
            text run at (270,0) width 59: "this part"
        LayoutText {#text} at (328,0) size 32x17
          text run at (328,0) width 32: " and "
        LayoutInline {SPAN} at (0,0) size 178x17
          LayoutText {#text} at (359,0) size 178x17
            text run at (359,0) width 178: "this part (which is spanned)"
        LayoutText {#text} at (536,0) size 5x17
          text run at (536,0) width 5: "."
      LayoutTable {TABLE} at (0,440.59) size 622x281 [border: (1px outset #808080)]
        LayoutTableSection {TBODY} at (1,1) size 620x279
          LayoutTableRow {TR} at (0,0) size 620x26
            LayoutTableCell {TD} at (0,0) size 620x26 [bgcolor=#C0C0C0] [border: (1px inset #808080)] [r=0 c=0 rs=1 cs=2]
              LayoutInline {STRONG} at (0,0) size 161x17
                LayoutText {#text} at (4,4) size 161x17
                  text run at (4,4) width 161: "TABLE Testing Section"
          LayoutTableRow {TR} at (0,26) size 620x253
            LayoutTableCell {TD} at (0,139) size 12x26 [bgcolor=#C0C0C0] [border: (1px inset #808080)] [r=1 c=0 rs=1 cs=1]
              LayoutText {#text} at (4,4) size 4x17
                text run at (4,4) width 4: " "
            LayoutTableCell {TD} at (12,26) size 608x252.88 [border: (1px inset #808080)] [r=1 c=1 rs=1 cs=1]
              LayoutBlockFlow {H3} at (4,4) size 600x22 [color=#0000FF]
                LayoutText {#text} at (0,0) size 216x21
                  text run at (0,0) width 216: "This sentence should show "
                LayoutInline {STRONG} at (0,0) size 35x21
                  LayoutText {#text} at (215,0) size 35x21
                    text run at (215,0) width 35: "blue"
                LayoutText {#text} at (249,0) size 41x21
                  text run at (249,0) width 41: " and "
                LayoutInline {EM} at (0,0) size 50x21 [color=#800080]
                  LayoutText {#text} at (289,0) size 50x21
                    text run at (289,0) width 50: "purple"
                LayoutText {#text} at (338,0) size 6x21
                  text run at (338,0) width 6: "."
              LayoutBlockFlow {H3} at (4,44.72) size 600x22 [color=#0000FF]
                LayoutText {#text} at (0,0) size 194x21
                  text run at (0,0) width 194: "This sentence should be "
                LayoutInline {SPAN} at (0,0) size 34x21
                  LayoutText {#text} at (193,0) size 34x21
                    text run at (193,0) width 34: "blue"
                LayoutText {#text} at (226,0) size 101x21
                  text run at (226,0) width 101: " throughout."
              LayoutBlockFlow {P} at (4,85.44) size 600x18
                LayoutText {#text} at (0,0) size 230x17
                  text run at (0,0) width 230: "This should be green except for the "
                LayoutInline {EM} at (0,0) size 118x17 [color=#800080]
                  LayoutText {#text} at (229,0) size 118x17
                    text run at (229,0) width 118: "emphasized words"
                LayoutText {#text} at (346,0) size 163x17
                  text run at (346,0) width 163: ", which should be purple."
              LayoutBlockFlow {H3} at (4,122.16) size 600x22 [color=#0000FF]
                LayoutText {#text} at (0,0) size 287x21
                  text run at (0,0) width 287: "This should be blue and underlined."
              LayoutBlockFlow {P} at (4,162.88) size 600x18
                LayoutText {#text} at (0,0) size 299x17
                  text run at (0,0) width 299: "This sentence should be underlined, including "
                LayoutInline {TT} at (0,0) size 73x16
                  LayoutText {#text} at (298,2) size 73x16
                    text run at (298,2) width 73: "this part"
                LayoutText {#text} at (370,0) size 9x17
                  text run at (370,0) width 9: ", "
                LayoutInline {I} at (0,0) size 54x17
                  LayoutText {#text} at (378,0) size 54x17
                    text run at (378,0) width 54: "this part"
                LayoutText {#text} at (431,0) size 9x17
                  text run at (431,0) width 9: ", "
                LayoutInline {EM} at (0,0) size 55x17 [color=#800080]
                  LayoutText {#text} at (439,0) size 55x17
                    text run at (439,0) width 55: "this part"
                LayoutText {#text} at (493,0) size 36x17
                  text run at (493,0) width 36: ", and "
                LayoutInline {STRONG} at (0,0) size 60x17
                  LayoutText {#text} at (528,0) size 60x17
                    text run at (528,0) width 60: "this part"
                LayoutText {#text} at (587,0) size 5x17
                  text run at (587,0) width 5: "."
              LayoutBlockFlow {P} at (4,196.88) size 600x18 [color=#000080]
                LayoutText {#text} at (0,0) size 444x17
                  text run at (0,0) width 444: "This sentence should also be underlined, as well as dark blue (navy), "
                LayoutInline {TT} at (0,0) size 153x16
                  LayoutText {#text} at (443,2) size 153x16
                    text run at (443,2) width 153: "including this part"
                LayoutText {#text} at (595,0) size 5x17
                  text run at (595,0) width 5: "."
              LayoutBlockFlow {P} at (4,230.88) size 600x18 [color=#800080]
                LayoutText {#text} at (0,0) size 271x17
                  text run at (0,0) width 271: "This sentence should be purple, including "
                LayoutInline {STRONG} at (0,0) size 59x17
                  LayoutText {#text} at (270,0) size 59x17
                    text run at (270,0) width 59: "this part"
                LayoutText {#text} at (328,0) size 32x17
                  text run at (328,0) width 32: " and "
                LayoutInline {SPAN} at (0,0) size 178x17
                  LayoutText {#text} at (359,0) size 178x17
                    text run at (359,0) width 178: "this part (which is spanned)"
                LayoutText {#text} at (536,0) size 5x17
                  text run at (536,0) width 5: "."
