layer at (0,0) size 800x600 scrollHeight 4064
  LayoutView at (0,0) size 800x600
layer at (0,0) size 800x4064 backgroundClip at (0,0) size 800x600 clip at (0,0) size 800x600
  LayoutBlockFlow {HTML} at (0,0) size 800x4064 [color=#FF0000]
    LayoutBlockFlow {BODY} at (0,84) size 800x2780
      LayoutBlockFlow {H2} at (72,2482) size 656x72 [color=#000080]
        LayoutText {#text} at (12,46) size 131x28
          text run at (12,46) width 131: "Hello World!"
layer at (36,2638) size 764x226 backgroundClip at (0,0) size 800x600 clip at (0,0) size 800x600
  LayoutBlockFlow (relative positioned) {DIV} at (36,2554) size 764x226 [border: (12px solid #00000000)]
    LayoutTable {TABLE} at (12,12) size 0x0
      LayoutTableSection {TBODY} at (0,0) size 0x0
        LayoutTableRow {TR} at (0,0) size 0x0
          LayoutTableCell {TD} at (0,0) size 0x0 [r=0 c=0 rs=1 cs=1]
    LayoutBlockFlow {DIV} at (60,60) size 120x12 [bgcolor=#FF0000] [border: none (12px solid #000000) none (12px solid #000000)]
      LayoutBlockFlow {DIV} at (12,0) size 144x12
        LayoutText {#text} at (0,-1) size 101x14
          text run at (0,-1) width 101: "                              "
    LayoutBlockFlow (floating) {DIV} at (36,96) size 168x48 [border: none (12px solid #000000)]
      LayoutBlockFlow {DIV} at (12,0) size 144x48 [bgcolor=#FFFF00]
        LayoutBlockFlow {DIV} at (60,12) size 24x24 [bgcolor=#FF0000]
          LayoutBlockFlow {<pseudo:before>} at (0,0) size 24x12 [border: none (12px solid #FFFF00) (12px solid #000000) (12px solid #FFFF00)]
            LayoutTextFragment (anonymous) at (0,0) size 0x0
          LayoutBlockFlow {<pseudo:after>} at (0,12) size 24x12 [border: (12px solid #000000) (12px solid #FFFF00) none (12px solid #FFFF00)]
            LayoutTextFragment (anonymous) at (0,0) size 0x0
    LayoutBlockFlow {DIV} at (87,75) size 590x0
      LayoutBlockFlow {DIV} at (48,0) size 518x0
    LayoutBlockFlow {DIV} at (48,132) size 668x24
    LayoutBlockFlow {DIV} at (60,168) size 120x12 [bgcolor=#FFFF00] [border: none (12px solid #000000) none (12px solid #000000)]
      LayoutInline {DIV} at (0,0) size 1x3
        LayoutText {#text} at (12,8) size 1x3
          text run at (12,8) width 1: " "
    LayoutBlockFlow {DIV} at (12,180) size 740x12
      LayoutBlockFlow {DIV} at (60,0) size 96x12 [color=#FFA500] [bgcolor=#FFFF00] [border: none (24px solid #000000) none (24px solid #000000)]
    LayoutTable {UL} at (96,192) size 48x12 [bgcolor=#FF0000]
      LayoutTableSection (anonymous) at (0,0) size 48x12
        LayoutTableRow (anonymous) at (0,0) size 48x12
          LayoutTableCell {LI} at (0,0) size 12x0 [bgcolor=#000000] [r=0 c=0 rs=1 cs=1]
          LayoutTableCell (anonymous) at (12,0) size 12x12 [r=0 c=1 rs=1 cs=1]
            LayoutTable {LI} at (0,0) size 12x12 [bgcolor=#000000]
          LayoutTableCell {LI} at (24,0) size 12x0 [bgcolor=#000000] [r=0 c=2 rs=1 cs=1]
          LayoutTableCell (anonymous) at (36,0) size 12x12 [r=0 c=3 rs=1 cs=1]
            LayoutListItem {LI} at (0,0) size 12x12 [bgcolor=#000000]
layer at (48,2842) size 740x10 backgroundClip at (0,0) size 0x0 clip at (0,0) size 0x0 scrollHeight 276
  LayoutBlockFlow {DIV} at (12,204) size 740x10
    LayoutTable {TABLE} at (0,0) size 64x276
      LayoutTableSection {TBODY} at (0,0) size 64x276
        LayoutTableRow {TR} at (0,0) size 64x276
          LayoutTableCell {TD} at (0,0) size 64x276 [r=0 c=0 rs=1 cs=1]
            LayoutImage {IMG} at (0,152) size 64x64
layer at (132,108) size 48x18
  LayoutBlockFlow (positioned) {P} at (132,108) size 48x18 [bgcolor=#000000] [border: none (6px solid #FFFF00) none]
layer at (132,144) size 48x15
  LayoutBlockFlow (positioned) {P} at (132,144) size 48x15 [bgcolor=#000000] [border: none (3px solid #FF0000) none]
layer at (108,2686) size 96x12 backgroundClip at (0,0) size 800x600 clip at (0,0) size 800x600
  LayoutBlockFlow (positioned) {BLOCKQUOTE} at (72,48) size 96x12 [border: none (24px solid #000000) none (24px solid #000000)]
    LayoutBlockFlow (floating) {ADDRESS} at (24,0) size 48x12 [bgcolor=#FFFF00]
layer at (84,2710) size 144x24 backgroundClip at (0,0) size 800x600 clip at (0,0) size 800x600
  LayoutBlockFlow (positioned) {DIV} at (48,72) size 144x24 [bgcolor=#FF0000]
    LayoutBlockFlow {DIV} at (0,0) size 144x0
      LayoutInline {OBJECT} at (0,0) size 131x14
        LayoutInline {OBJECT} at (0,0) size 131x14
          LayoutImage {OBJECT} at (13,0) size 131x24 [border: none (12px solid #000000) none]
    LayoutBlockFlow (floating) {DIV} at (0,0) size 144x24 [border: none (12px solid #FF0000) none (12px solid #000000)]
    LayoutBlockFlow {DIV} at (0,0) size 144x24 [border: none (24px solid #FFFF00)]
layer at (84,2782) size 144x24 backgroundClip at (0,0) size 800x600 clip at (0,0) size 800x600
  LayoutBlockFlow (relative positioned) {DIV} at (0,0) size 144x24 [bgcolor=#000000]
layer at (96,2782) size 120x24 backgroundClip at (0,0) size 800x600 clip at (0,0) size 800x600
  LayoutBlockFlow (positioned) {DIV} at (12,0) size 120x24 [border: (12px solid #FFFF00)]
    LayoutBlockFlow (floating) {SPAN} at (12,0) size 96x12 [border: none (12px solid #00000000) none (12px solid #00000000)]
      LayoutBlockFlow (floating) {EM} at (12,0) size 72x24 [border: (12px solid #FFFF00) none (12px solid #000000) none]
        LayoutBlockFlow {STRONG} at (0,12) size 72x0
layer at (48,84) size 704x82
  LayoutBlockFlow (relative positioned) zI: 2 {DIV} at (48,0) size 704x82 [color=#000000] [bgcolor=#FFFFFF] [border: (1px solid #000000)]
    LayoutBlockFlow {H1} at (13,13) size 678x28
      LayoutText {#text} at (0,0) size 253x28
        text run at (0,0) width 253: "Standards compliant?"
    LayoutBlockFlow {P} at (13,41) size 678x28
      LayoutInline {A} at (0,0) size 217x28 [color=#0000FF]
        LayoutText {#text} at (0,0) size 217x28
          text run at (0,0) width 217: "Take The Acid2 Test"
      LayoutText {#text} at (216,0) size 199x28
        text run at (216,0) width 199: " and compare it to "
      LayoutInline {A} at (0,0) size 251x28 [color=#0000FF]
        LayoutText {#text} at (414,0) size 251x28
          text run at (414,0) width 251: "the reference rendering"
      LayoutText {#text} at (664,0) size 7x28
        text run at (664,0) width 7: "."
