layer at (0,0) size 800x600
  LayoutView at (0,0) size 800x600
layer at (0,0) size 800x138
  LayoutBlockFlow {HTML} at (0,0) size 800x138.31
    LayoutBlockFlow {BODY} at (8,21.44) size 784x95.44 [color=#008000]
      LayoutBlockFlow {H1} at (0,0) size 784x37
        LayoutText {#text} at (0,0) size 398x37
          text run at (0,0) width 398: "This should be green, not red"
      LayoutBlockFlow {H1} at (0,58.44) size 784x37
        LayoutText {#text} at (0,0) size 411x37
          text run at (0,0) width 411: "This should be green, not blue"
