layer at (0,0) size 800x600
  LayoutView at (0,0) size 800x600
layer at (0,0) size 800x120
  LayoutBlockFlow {HTML} at (0,0) size 800x120
    LayoutBlockFlow {BODY} at (8,16) size 784x88
      LayoutBlockFlow {P} at (0,0) size 784x18
        LayoutInline {NOBR} at (0,0) size 270x18
          LayoutInline {B} at (0,0) size 50x18
            LayoutText {#text} at (0,0) size 50x18
              text run at (0,0) width 50: "\x{179C}\x{17C9}\x{17C2}\x{1794}"
          LayoutText {#text} at (49,0) size 5x18
            text run at (49,0) width 5: " "
          LayoutInline {A} at (0,0) size 71x18 [color=#0000EE]
            LayoutText {#text} at (53,0) size 71x18
              text run at (53,0) width 71: "\x{179A}\x{17BC}\x{1794}\x{1797}\x{17B6}\x{1796}"
          LayoutText {#text} at (123,0) size 5x18
            text run at (123,0) width 5: " "
          LayoutInline {A} at (0,0) size 58x18 [color=#0000EE]
            LayoutText {#text} at (127,0) size 58x18
              text run at (127,0) width 58: "\x{1780}\x{17D2}\x{179A}\x{17BB}\x{1798}"
          LayoutText {#text} at (184,0) size 5x18
            text run at (184,0) width 5: " "
          LayoutInline {A} at (0,0) size 82x18 [color=#0000EE]
            LayoutText {#text} at (188,0) size 82x18
              text run at (188,0) width 82: "\x{1790}\x{178F}\x{17AF}\x{1780}\x{179F}\x{17B6}\x{179A}"
        LayoutText {#text} at (0,0) size 0x0
      LayoutBlockFlow {P} at (0,34) size 784x54
        LayoutText {#text} at (0,0) size 542x18
          text run at (0,0) width 542: "Some Harfbuzz shapers will output cluster logs which suggest that some glyphs had "
        LayoutInline {I} at (0,0) size 17x18
          LayoutText {#text} at (541,0) size 17x18
            text run at (541,0) width 17: "no"
        LayoutText {#text} at (557,0) size 780x36
          text run at (557,0) width 223: " contributing code points. This test"
          text run at (0,18) width 178: "contains such text and uses "
        LayoutInline {TT} at (0,0) size 87x15
          LayoutText {#text} at (177,20) size 87x15
            text run at (177,20) width 87: "eventSender"
        LayoutText {#text} at (263,18) size 446x18
          text run at (263,18) width 446: " to select the text. You should see some of the above text selected and"
        LayoutInline {TT} at (0,0) size 78x15
          LayoutText {#text} at (0,38) size 78x15
            text run at (0,38) width 78: "test_shell"
        LayoutText {#text} at (78,36) size 262x18
          text run at (78,36) width 262: " shouldn't trigger any assertions or crash."
caret: position 0 of child 0 {#text} of child 0 {B} of child 1 {NOBR} of child 1 {P} of body
