layer at (0,0) size 800x600
  LayoutView at (0,0) size 800x600
layer at (0,0) size 800x600
  LayoutBlockFlow {HTML} at (0,0) size 800x600
    LayoutBlockFlow {BODY} at (8,8) size 784x584 [bgcolor=#FFFFFF]
      LayoutTable {TABLE} at (0,0) size 49x134
        LayoutTableSection {TBODY} at (0,0) size 49x134
          LayoutTableRow {TR} at (0,2) size 49x20
            LayoutTableCell {TD} at (2,2) size 45x20 [r=0 c=0 rs=1 cs=1]
              LayoutText {#text} at (1,1) size 43x17
                text run at (1,1) width 43: "Row 0"
          LayoutTableRow {TR} at (0,24) size 49x20
            LayoutTableCell {TD} at (2,24) size 45x20 [r=1 c=0 rs=1 cs=1]
              LayoutText {#text} at (1,1) size 43x17
                text run at (1,1) width 43: "Row 1"
          LayoutTableRow {TR} at (0,46) size 49x20
            LayoutTableCell {TD} at (2,46) size 45x20 [r=2 c=0 rs=1 cs=1]
              LayoutText {#text} at (1,1) size 43x17
                text run at (1,1) width 43: "Row 2"
          LayoutTableRow {TR} at (0,68) size 49x20
            LayoutTableCell {TD} at (2,68) size 45x20 [r=3 c=0 rs=1 cs=1]
              LayoutText {#text} at (1,1) size 43x17
                text run at (1,1) width 43: "Row 3"
          LayoutTableRow {TR} at (0,90) size 49x20
            LayoutTableCell {TD} at (2,90) size 45x20 [r=4 c=0 rs=1 cs=1]
              LayoutText {#text} at (1,1) size 43x17
                text run at (1,1) width 43: "Row 4"
          LayoutTableRow {TR} at (0,112) size 49x20
            LayoutTableCell {TD} at (2,112) size 45x20 [r=5 c=0 rs=1 cs=1]
              LayoutText {#text} at (1,1) size 43x17
                text run at (1,1) width 43: "Row 5"
      LayoutBlockFlow (anonymous) at (0,134) size 784x22
        LayoutTextControl {INPUT} at (0,0) size 40x22 [bgcolor=#FFFFFF] [border: (2px inset #EEEEEE)]
        LayoutText {#text} at (40,2) size 4x17
          text run at (40,2) width 4: " "
        LayoutTextControl {INPUT} at (44,0) size 40x22 [bgcolor=#FFFFFF] [border: (2px inset #EEEEEE)]
        LayoutText {#text} at (84,2) size 4x17
          text run at (84,2) width 4: " "
        LayoutButton {INPUT} at (88,0) size 30x22 [bgcolor=#C0C0C0] [border: (2px outset #C0C0C0)]
          LayoutBlockFlow (anonymous) at (8,3) size 14x16
            LayoutText {#text} at (0,0) size 14x16
              text run at (0,0) width 14: "go"
        LayoutText {#text} at (0,0) size 0x0
layer at (10,145) size 36x16
  LayoutBlockFlow {DIV} at (2,3) size 36x16
    LayoutText {#text} at (0,0) size 7x16
      text run at (0,0) width 7: "2"
layer at (54,145) size 36x16
  LayoutBlockFlow {DIV} at (2,3) size 36x16
    LayoutText {#text} at (0,0) size 7x16
      text run at (0,0) width 7: "4"
