layer at (0,0) size 800x600 clip at (0,0) size 785x600 scrollHeight 2546
  LayoutView at (0,0) size 800x600
layer at (0,0) size 785x2546 backgroundClip at (0,0) size 785x600 clip at (0,0) size 785x600
  LayoutBlockFlow {HTML} at (0,0) size 785x2546.44
    LayoutBlockFlow {BODY} at (8,8) size 769x2522.44 [bgcolor=#FFDEAD]
      LayoutBlockFlow {H1} at (0,0) size 769x74
        LayoutInline {FONT} at (0,0) size 470x73 [color=#FF0000]
          LayoutText {#text} at (0,0) size 294x36
            text run at (0,0) width 294: "Acceptance Test Case"
          LayoutBR {BR} at (293,29) size 1x0
          LayoutText {#text} at (0,37) size 470x36
            text run at (0,37) width 470: "Web Browser: Web View (HTML)"
      LayoutBlockFlow {P} at (0,95.44) size 769x27
        LayoutInline {FONT} at (0,0) size 353x26 [color=#FF0000]
          LayoutInline {B} at (0,0) size 353x26
            LayoutText {#text} at (0,0) size 353x26
              text run at (0,0) width 353: "Table: <TH> & <TD> ROWSPAN"
        LayoutText {#text} at (0,0) size 0x0
      LayoutBlockFlow {HR} at (0,138.44) size 769x2 [border: (1px inset #EEEEEE)]
      LayoutBlockFlow (anonymous) at (0,148.44) size 769x54
        LayoutText {#text} at (0,0) size 277x17
          text run at (0,0) width 277: "This acceptance test case tests the optional "
        LayoutInline {B} at (0,0) size 43x17
          LayoutText {#text} at (276,0) size 43x17
            text run at (276,0) width 43: "<TH>"
        LayoutText {#text} at (318,0) size 21x17
          text run at (318,0) width 21: " & "
        LayoutInline {B} at (0,0) size 42x17
          LayoutText {#text} at (338,0) size 42x17
            text run at (338,0) width 42: "<TD>"
        LayoutText {#text} at (379,0) size 28x17
          text run at (379,0) width 28: " tag "
        LayoutInline {B} at (0,0) size 82x17
          LayoutText {#text} at (406,0) size 82x17
            text run at (406,0) width 82: "ROWSPAN"
        LayoutText {#text} at (487,0) size 739x35
          text run at (487,0) width 109: " attribute which, "
          text run at (595,0) width 144: "when placed in a table"
          text run at (0,18) width 564: "header or data tag, specifies how many rows the table header or data cell will span. The "
        LayoutInline {B} at (0,0) size 82x17
          LayoutText {#text} at (563,18) size 82x17
            text run at (563,18) width 82: "ROWSPAN"
        LayoutText {#text} at (644,18) size 755x35
          text run at (644,18) width 111: " attribute is set to"
          text run at (0,36) width 494: "an integer value equal the number of rows the table header or data cell spans."
      LayoutBlockFlow {P} at (0,218.44) size 769x18
        LayoutInline {B} at (0,0) size 120x17
          LayoutText {#text} at (0,0) size 120x17
            text run at (0,0) width 120: "Test Instructions:"
        LayoutText {#text} at (0,0) size 0x0
      LayoutBlockFlow {OL} at (0,252.44) size 769x244
        LayoutListItem {LI} at (40,0) size 729x18
          LayoutListMarker (anonymous) at (-16,0) size 16x17: "1"
          LayoutText {#text} at (0,0) size 510x17
            text run at (0,0) width 510: "Verify that the sample text displays as stated in each of the following test cases:"
        LayoutBlockFlow {P} at (40,34) size 729x104
          LayoutTable {TABLE} at (0,0) size 532x104 [bgcolor=#F08080]
            LayoutTableSection {TBODY} at (0,0) size 532x104
              LayoutTableRow {TR} at (0,2) size 532x32
                LayoutTableCell {TD} at (2,2) size 96x32 [r=0 c=0 rs=1 cs=1]
                  LayoutInline {A} at (0,0) size 82x17 [color=#0000EE]
                    LayoutText {#text} at (7,7) size 82x17
                      text run at (7,7) width 82: "Test Case #1"
                LayoutTableCell {TD} at (100,2) size 430x32 [r=0 c=1 rs=1 cs=1]
                  LayoutInline {FONT} at (0,0) size 317x17 [color=#0000FF]
                    LayoutInline {B} at (0,0) size 317x17
                      LayoutText {#text} at (7,7) size 317x17
                        text run at (7,7) width 317: "table with header cells spanning multiple rows"
              LayoutTableRow {TR} at (0,36) size 532x32
                LayoutTableCell {TD} at (2,36) size 96x32 [r=1 c=0 rs=1 cs=1]
                  LayoutInline {A} at (0,0) size 82x17 [color=#0000EE]
                    LayoutText {#text} at (7,7) size 82x17
                      text run at (7,7) width 82: "Test Case #2"
                LayoutTableCell {TD} at (100,36) size 430x32 [r=1 c=1 rs=1 cs=1]
                  LayoutInline {FONT} at (0,0) size 300x17 [color=#0000FF]
                    LayoutInline {B} at (0,0) size 300x17
                      LayoutText {#text} at (7,7) size 300x17
                        text run at (7,7) width 300: "table with data cells spanning multiple rows"
              LayoutTableRow {TR} at (0,70) size 532x32
                LayoutTableCell {TD} at (2,70) size 96x32 [r=2 c=0 rs=1 cs=1]
                  LayoutInline {A} at (0,0) size 82x17 [color=#0000EE]
                    LayoutText {#text} at (7,7) size 82x17
                      text run at (7,7) width 82: "Test Case #3"
                LayoutTableCell {TD} at (100,70) size 430x32 [r=2 c=1 rs=1 cs=1]
                  LayoutInline {FONT} at (0,0) size 416x17 [color=#0000FF]
                    LayoutInline {B} at (0,0) size 416x17
                      LayoutText {#text} at (7,7) size 416x17
                        text run at (7,7) width 416: "table with nested header & data cells spanning multiple rows"
        LayoutBlockFlow {P} at (40,154) size 729x0
        LayoutListItem {LI} at (40,154) size 729x18
          LayoutListMarker (anonymous) at (-16,0) size 16x17: "2"
          LayoutText {#text} at (0,0) size 288x17
            text run at (0,0) width 288: "Verify that the table is maintained when you "
          LayoutInline {B} at (0,0) size 134x17
            LayoutText {#text} at (287,0) size 134x17
              text run at (287,0) width 134: "minimize/maximize"
          LayoutText {#text} at (420,0) size 73x17
            text run at (420,0) width 73: " the screen."
        LayoutListItem {LI} at (40,172) size 729x18
          LayoutListMarker (anonymous) at (-16,0) size 16x17: "3"
          LayoutText {#text} at (0,0) size 288x17
            text run at (0,0) width 288: "Verify that the table is maintained when you "
          LayoutInline {B} at (0,0) size 126x17
            LayoutText {#text} at (287,0) size 126x17
              text run at (287,0) width 126: "re-size left & right"
          LayoutText {#text} at (412,0) size 73x17
            text run at (412,0) width 73: " the screen."
        LayoutListItem {LI} at (40,190) size 729x18
          LayoutListMarker (anonymous) at (-16,0) size 16x17: "4"
          LayoutText {#text} at (0,0) size 288x17
            text run at (0,0) width 288: "Verify that the table is maintained when you "
          LayoutInline {B} at (0,0) size 141x17
            LayoutText {#text} at (287,0) size 141x17
              text run at (287,0) width 141: "re-size top & bottom"
          LayoutText {#text} at (427,0) size 73x17
            text run at (427,0) width 73: " the screen."
        LayoutListItem {LI} at (40,208) size 729x18
          LayoutListMarker (anonymous) at (-16,0) size 16x17: "5"
          LayoutText {#text} at (0,0) size 416x17
            text run at (0,0) width 416: "Verify re-draw takes place correctly after maximizing the screen."
        LayoutListItem {LI} at (40,226) size 729x18
          LayoutListMarker (anonymous) at (-16,0) size 16x17: "6"
          LayoutText {#text} at (0,0) size 132x17
            text run at (0,0) width 132: "Verify reload works."
      LayoutBlockFlow {HR} at (0,512.44) size 769x2 [border: (1px inset #EEEEEE)]
      LayoutBlockFlow {P} at (0,530.44) size 769x64
        LayoutTable {TABLE} at (0,0) size 653x64 [bgcolor=#F08080] [border: (1px outset #808080)]
          LayoutTableSection {TBODY} at (1,1) size 651x62
            LayoutTableRow {TR} at (0,2) size 651x58
              LayoutTableCell {TH} at (2,2) size 647x58 [border: (1px inset #808080)] [r=0 c=0 rs=1 cs=1]
                LayoutInline {A} at (0,0) size 0x0
                LayoutText {#text} at (11,11) size 95x17
                  text run at (11,11) width 95: "Test Case #1: "
                LayoutInline {FONT} at (0,0) size 317x17 [color=#0000FF]
                  LayoutText {#text} at (105,11) size 317x17
                    text run at (105,11) width 317: "table with header cells spanning multiple rows"
                LayoutText {#text} at (421,11) size 5x17
                  text run at (421,11) width 5: " "
                LayoutInline {FONT} at (0,0) size 588x32
                  LayoutInline {I} at (0,0) size 588x33
                    LayoutText {#text} at (425,13) size 588x33
                      text run at (425,13) width 174: "(using <TH ROWSPAN=integer"
                      text run at (11,30) width 62: "value> tag)"
                LayoutText {#text} at (0,0) size 0x0
      LayoutBlockFlow {P} at (0,610.44) size 769x136
        LayoutBlockFlow (anonymous) at (0,0) size 769x18
          LayoutBR {BR} at (0,0) size 0x17
        LayoutTable {TABLE} at (0,18) size 692x118 [bgcolor=#FFD700] [border: (1px outset #808080)]
          LayoutTableSection {TBODY} at (1,1) size 690x116
            LayoutTableRow {TR} at (0,2) size 690x112
              LayoutTableCell {TD} at (2,2) size 686x112 [border: (1px inset #808080)] [r=0 c=0 rs=1 cs=1]
                LayoutInline {FONT} at (0,0) size 648x89 [color=#FF0000]
                  LayoutInline {B} at (0,0) size 648x89
                    LayoutText {#text} at (11,11) size 361x17
                      text run at (11,11) width 361: "In the following sample table you should see that the "
                    LayoutInline {FONT} at (0,0) size 82x17 [color=#0000FF]
                      LayoutText {#text} at (371,11) size 82x17
                        text run at (371,11) width 82: "ROWSPAN"
                    LayoutText {#text} at (452,11) size 631x35
                      text run at (452,11) width 5: " "
                      text run at (456,11) width 186: "attribute applies an integer"
                      text run at (11,29) width 262: "value equal to the number of rows the "
                    LayoutInline {FONT} at (0,0) size 70x17 [color=#0000FF]
                      LayoutText {#text} at (272,29) size 70x17
                        text run at (272,29) width 70: "HEADER"
                    LayoutText {#text} at (341,29) size 648x71
                      text run at (341,29) width 138: " cell is to span. This "
                      text run at (478,29) width 172: "tells the browser to make"
                      text run at (11,47) width 636: "the table header cell occupy the same vertical space as the integer number of cells specified in"
                      text run at (11,65) width 37: "rows "
                      text run at (47,65) width 612: "above or below it. The browser flows the contents of the spanning cell to occupy the entire"
                      text run at (11,83) width 103: "spanned space."
      LayoutBlockFlow {P} at (0,762.44) size 769x36
        LayoutBR {BR} at (0,0) size 0x17
        LayoutBR {BR} at (0,18) size 0x17
      LayoutBlockFlow {UL} at (0,814.44) size 769x262
        LayoutTable {TABLE} at (40,0) size 473x262 [border: (1px outset #808080)]
          LayoutBlockFlow {CAPTION} at (0,0) size 473x18
            LayoutText {#text} at (95,0) size 40x17
              text run at (95,0) width 40: "Table "
            LayoutInline {B} at (0,0) size 90x17
              LayoutText {#text} at (134,0) size 90x17
                text run at (134,0) width 90: "Header Cells"
            LayoutText {#text} at (223,0) size 155x17
              text run at (223,0) width 155: " spanning multiple rows"
          LayoutTableSection {TBODY} at (1,19) size 471x242
            LayoutTableRow {TR} at (0,2) size 471x22
              LayoutTableCell {TH} at (2,5) size 97x40 [bgcolor=#FFE4C4] [border: (1px inset #808080)] [r=0 c=0 rs=2 cs=1]
                LayoutText {#text} at (17,2) size 63x17
                  text run at (17,2) width 63: "Header 1"
                LayoutBR {BR} at (79,16) size 1x0
                LayoutText {#text} at (5,20) size 87x17
                  text run at (5,20) width 87: "span=2 rows"
              LayoutTableCell {TD} at (101,2) size 39x22 [bgcolor=#EE82EE] [border: (1px inset #808080)] [r=0 c=1 rs=1 cs=1]
                LayoutText {#text} at (2,2) size 32x17
                  text run at (2,2) width 32: "col 1"
              LayoutTableCell {TD} at (142,2) size 39x22 [bgcolor=#EE82EE] [border: (1px inset #808080)] [r=0 c=2 rs=1 cs=1]
                LayoutText {#text} at (2,2) size 32x17
                  text run at (2,2) width 32: "col 2"
              LayoutTableCell {TD} at (183,2) size 39x22 [bgcolor=#EE82EE] [border: (1px inset #808080)] [r=0 c=3 rs=1 cs=1]
                LayoutText {#text} at (2,2) size 32x17
                  text run at (2,2) width 32: "col 3"
              LayoutTableCell {TD} at (224,2) size 39x22 [bgcolor=#EE82EE] [border: (1px inset #808080)] [r=0 c=4 rs=1 cs=1]
                LayoutText {#text} at (2,2) size 32x17
                  text run at (2,2) width 32: "col 4"
              LayoutTableCell {TD} at (265,2) size 39x22 [bgcolor=#EE82EE] [border: (1px inset #808080)] [r=0 c=5 rs=1 cs=1]
                LayoutText {#text} at (2,2) size 32x17
                  text run at (2,2) width 32: "col 5"
              LayoutTableCell {TD} at (306,2) size 39x22 [bgcolor=#EE82EE] [border: (1px inset #808080)] [r=0 c=6 rs=1 cs=1]
                LayoutText {#text} at (2,2) size 32x17
                  text run at (2,2) width 32: "col 6"
              LayoutTableCell {TD} at (347,2) size 39x22 [bgcolor=#EE82EE] [border: (1px inset #808080)] [r=0 c=7 rs=1 cs=1]
                LayoutText {#text} at (2,2) size 32x17
                  text run at (2,2) width 32: "col 7"
              LayoutTableCell {TD} at (388,2) size 39x22 [bgcolor=#EE82EE] [border: (1px inset #808080)] [r=0 c=8 rs=1 cs=1]
                LayoutText {#text} at (2,2) size 32x17
                  text run at (2,2) width 32: "col 8"
              LayoutTableCell {TD} at (429,2) size 40x22 [bgcolor=#EE82EE] [border: (1px inset #808080)] [r=0 c=9 rs=1 cs=1]
                LayoutText {#text} at (2,2) size 32x17
                  text run at (2,2) width 32: "col 9"
            LayoutTableRow {TR} at (0,26) size 471x22
              LayoutTableCell {TD} at (101,26) size 39x22 [bgcolor=#EE82EE] [border: (1px inset #808080)] [r=1 c=1 rs=1 cs=1]
                LayoutText {#text} at (2,2) size 32x17
                  text run at (2,2) width 32: "col 1"
              LayoutTableCell {TD} at (142,26) size 39x22 [bgcolor=#EE82EE] [border: (1px inset #808080)] [r=1 c=2 rs=1 cs=1]
                LayoutText {#text} at (2,2) size 32x17
                  text run at (2,2) width 32: "col 2"
              LayoutTableCell {TD} at (183,26) size 39x22 [bgcolor=#EE82EE] [border: (1px inset #808080)] [r=1 c=3 rs=1 cs=1]
                LayoutText {#text} at (2,2) size 32x17
                  text run at (2,2) width 32: "col 3"
              LayoutTableCell {TD} at (224,26) size 39x22 [bgcolor=#EE82EE] [border: (1px inset #808080)] [r=1 c=4 rs=1 cs=1]
                LayoutText {#text} at (2,2) size 32x17
                  text run at (2,2) width 32: "col 4"
              LayoutTableCell {TD} at (265,26) size 39x22 [bgcolor=#EE82EE] [border: (1px inset #808080)] [r=1 c=5 rs=1 cs=1]
                LayoutText {#text} at (2,2) size 32x17
                  text run at (2,2) width 32: "col 5"
              LayoutTableCell {TD} at (306,26) size 39x22 [bgcolor=#EE82EE] [border: (1px inset #808080)] [r=1 c=6 rs=1 cs=1]
                LayoutText {#text} at (2,2) size 32x17
                  text run at (2,2) width 32: "col 6"
              LayoutTableCell {TD} at (347,26) size 39x22 [bgcolor=#EE82EE] [border: (1px inset #808080)] [r=1 c=7 rs=1 cs=1]
                LayoutText {#text} at (2,2) size 32x17
                  text run at (2,2) width 32: "col 7"
              LayoutTableCell {TD} at (388,26) size 39x22 [bgcolor=#EE82EE] [border: (1px inset #808080)] [r=1 c=8 rs=1 cs=1]
                LayoutText {#text} at (2,2) size 32x17
                  text run at (2,2) width 32: "col 8"
              LayoutTableCell {TD} at (429,26) size 40x22 [bgcolor=#EE82EE] [border: (1px inset #808080)] [r=1 c=9 rs=1 cs=1]
                LayoutText {#text} at (2,2) size 32x17
                  text run at (2,2) width 32: "col 9"
            LayoutTableRow {TR} at (0,50) size 471x22
              LayoutTableCell {TH} at (2,89) size 97x40 [bgcolor=#FFE4C4] [border: (1px inset #808080)] [r=2 c=0 rs=5 cs=1]
                LayoutText {#text} at (17,2) size 63x17
                  text run at (17,2) width 63: "Header 2"
                LayoutBR {BR} at (79,16) size 1x0
                LayoutText {#text} at (5,20) size 87x17
                  text run at (5,20) width 87: "span=5 rows"
              LayoutTableCell {TD} at (101,50) size 39x22 [bgcolor=#90EE90] [border: (1px inset #808080)] [r=2 c=1 rs=1 cs=1]
                LayoutText {#text} at (2,2) size 32x17
                  text run at (2,2) width 32: "col 1"
              LayoutTableCell {TD} at (142,50) size 39x22 [bgcolor=#90EE90] [border: (1px inset #808080)] [r=2 c=2 rs=1 cs=1]
                LayoutText {#text} at (2,2) size 32x17
                  text run at (2,2) width 32: "col 2"
              LayoutTableCell {TD} at (183,50) size 39x22 [bgcolor=#90EE90] [border: (1px inset #808080)] [r=2 c=3 rs=1 cs=1]
                LayoutText {#text} at (2,2) size 32x17
                  text run at (2,2) width 32: "col 3"
              LayoutTableCell {TD} at (224,50) size 39x22 [bgcolor=#90EE90] [border: (1px inset #808080)] [r=2 c=4 rs=1 cs=1]
                LayoutText {#text} at (2,2) size 32x17
                  text run at (2,2) width 32: "col 4"
              LayoutTableCell {TD} at (265,50) size 39x22 [bgcolor=#90EE90] [border: (1px inset #808080)] [r=2 c=5 rs=1 cs=1]
                LayoutText {#text} at (2,2) size 32x17
                  text run at (2,2) width 32: "col 5"
              LayoutTableCell {TD} at (306,50) size 39x22 [bgcolor=#90EE90] [border: (1px inset #808080)] [r=2 c=6 rs=1 cs=1]
                LayoutText {#text} at (2,2) size 32x17
                  text run at (2,2) width 32: "col 6"
              LayoutTableCell {TD} at (347,50) size 39x22 [bgcolor=#90EE90] [border: (1px inset #808080)] [r=2 c=7 rs=1 cs=1]
                LayoutText {#text} at (2,2) size 32x17
                  text run at (2,2) width 32: "col 7"
              LayoutTableCell {TD} at (388,50) size 39x22 [bgcolor=#90EE90] [border: (1px inset #808080)] [r=2 c=8 rs=1 cs=1]
                LayoutText {#text} at (2,2) size 32x17
                  text run at (2,2) width 32: "col 8"
              LayoutTableCell {TD} at (429,50) size 40x22 [bgcolor=#90EE90] [border: (1px inset #808080)] [r=2 c=9 rs=1 cs=1]
                LayoutText {#text} at (2,2) size 32x17
                  text run at (2,2) width 32: "col 9"
            LayoutTableRow {TR} at (0,74) size 471x22
              LayoutTableCell {TD} at (101,74) size 39x22 [bgcolor=#90EE90] [border: (1px inset #808080)] [r=3 c=1 rs=1 cs=1]
                LayoutText {#text} at (2,2) size 32x17
                  text run at (2,2) width 32: "col 1"
              LayoutTableCell {TD} at (142,74) size 39x22 [bgcolor=#90EE90] [border: (1px inset #808080)] [r=3 c=2 rs=1 cs=1]
                LayoutText {#text} at (2,2) size 32x17
                  text run at (2,2) width 32: "col 2"
              LayoutTableCell {TD} at (183,74) size 39x22 [bgcolor=#90EE90] [border: (1px inset #808080)] [r=3 c=3 rs=1 cs=1]
                LayoutText {#text} at (2,2) size 32x17
                  text run at (2,2) width 32: "col 3"
              LayoutTableCell {TD} at (224,74) size 39x22 [bgcolor=#90EE90] [border: (1px inset #808080)] [r=3 c=4 rs=1 cs=1]
                LayoutText {#text} at (2,2) size 32x17
                  text run at (2,2) width 32: "col 4"
              LayoutTableCell {TD} at (265,74) size 39x22 [bgcolor=#90EE90] [border: (1px inset #808080)] [r=3 c=5 rs=1 cs=1]
                LayoutText {#text} at (2,2) size 32x17
                  text run at (2,2) width 32: "col 5"
              LayoutTableCell {TD} at (306,74) size 39x22 [bgcolor=#90EE90] [border: (1px inset #808080)] [r=3 c=6 rs=1 cs=1]
                LayoutText {#text} at (2,2) size 32x17
                  text run at (2,2) width 32: "col 6"
              LayoutTableCell {TD} at (347,74) size 39x22 [bgcolor=#90EE90] [border: (1px inset #808080)] [r=3 c=7 rs=1 cs=1]
                LayoutText {#text} at (2,2) size 32x17
                  text run at (2,2) width 32: "col 7"
              LayoutTableCell {TD} at (388,74) size 39x22 [bgcolor=#90EE90] [border: (1px inset #808080)] [r=3 c=8 rs=1 cs=1]
                LayoutText {#text} at (2,2) size 32x17
                  text run at (2,2) width 32: "col 8"
              LayoutTableCell {TD} at (429,74) size 40x22 [bgcolor=#90EE90] [border: (1px inset #808080)] [r=3 c=9 rs=1 cs=1]
                LayoutText {#text} at (2,2) size 32x17
                  text run at (2,2) width 32: "col 9"
            LayoutTableRow {TR} at (0,98) size 471x22 [bgcolor=#FFE4C4]
              LayoutTableCell {TD} at (101,98) size 39x22 [bgcolor=#90EE90] [border: (1px inset #808080)] [r=4 c=1 rs=1 cs=1]
                LayoutText {#text} at (2,2) size 32x17
                  text run at (2,2) width 32: "col 1"
              LayoutTableCell {TD} at (142,98) size 39x22 [bgcolor=#90EE90] [border: (1px inset #808080)] [r=4 c=2 rs=1 cs=1]
                LayoutText {#text} at (2,2) size 32x17
                  text run at (2,2) width 32: "col 2"
              LayoutTableCell {TD} at (183,98) size 39x22 [bgcolor=#90EE90] [border: (1px inset #808080)] [r=4 c=3 rs=1 cs=1]
                LayoutText {#text} at (2,2) size 32x17
                  text run at (2,2) width 32: "col 3"
              LayoutTableCell {TD} at (224,98) size 39x22 [bgcolor=#90EE90] [border: (1px inset #808080)] [r=4 c=4 rs=1 cs=1]
                LayoutText {#text} at (2,2) size 32x17
                  text run at (2,2) width 32: "col 4"
              LayoutTableCell {TD} at (265,98) size 39x22 [bgcolor=#90EE90] [border: (1px inset #808080)] [r=4 c=5 rs=1 cs=1]
                LayoutText {#text} at (2,2) size 32x17
                  text run at (2,2) width 32: "col 5"
              LayoutTableCell {TD} at (306,98) size 39x22 [bgcolor=#90EE90] [border: (1px inset #808080)] [r=4 c=6 rs=1 cs=1]
                LayoutText {#text} at (2,2) size 32x17
                  text run at (2,2) width 32: "col 6"
              LayoutTableCell {TD} at (347,98) size 39x22 [bgcolor=#90EE90] [border: (1px inset #808080)] [r=4 c=7 rs=1 cs=1]
                LayoutText {#text} at (2,2) size 32x17
                  text run at (2,2) width 32: "col 7"
              LayoutTableCell {TD} at (388,98) size 39x22 [bgcolor=#90EE90] [border: (1px inset #808080)] [r=4 c=8 rs=1 cs=1]
                LayoutText {#text} at (2,2) size 32x17
                  text run at (2,2) width 32: "col 8"
              LayoutTableCell {TD} at (429,98) size 40x22 [bgcolor=#90EE90] [border: (1px inset #808080)] [r=4 c=9 rs=1 cs=1]
                LayoutText {#text} at (2,2) size 32x17
                  text run at (2,2) width 32: "col 9"
            LayoutTableRow {TR} at (0,122) size 471x22
              LayoutTableCell {TD} at (101,122) size 39x22 [bgcolor=#90EE90] [border: (1px inset #808080)] [r=5 c=1 rs=1 cs=1]
                LayoutText {#text} at (2,2) size 32x17
                  text run at (2,2) width 32: "col 1"
              LayoutTableCell {TD} at (142,122) size 39x22 [bgcolor=#90EE90] [border: (1px inset #808080)] [r=5 c=2 rs=1 cs=1]
                LayoutText {#text} at (2,2) size 32x17
                  text run at (2,2) width 32: "col 2"
              LayoutTableCell {TD} at (183,122) size 39x22 [bgcolor=#90EE90] [border: (1px inset #808080)] [r=5 c=3 rs=1 cs=1]
                LayoutText {#text} at (2,2) size 32x17
                  text run at (2,2) width 32: "col 3"
              LayoutTableCell {TD} at (224,122) size 39x22 [bgcolor=#90EE90] [border: (1px inset #808080)] [r=5 c=4 rs=1 cs=1]
                LayoutText {#text} at (2,2) size 32x17
                  text run at (2,2) width 32: "col 4"
              LayoutTableCell {TD} at (265,122) size 39x22 [bgcolor=#90EE90] [border: (1px inset #808080)] [r=5 c=5 rs=1 cs=1]
                LayoutText {#text} at (2,2) size 32x17
                  text run at (2,2) width 32: "col 5"
              LayoutTableCell {TD} at (306,122) size 39x22 [bgcolor=#90EE90] [border: (1px inset #808080)] [r=5 c=6 rs=1 cs=1]
                LayoutText {#text} at (2,2) size 32x17
                  text run at (2,2) width 32: "col 6"
              LayoutTableCell {TD} at (347,122) size 39x22 [bgcolor=#90EE90] [border: (1px inset #808080)] [r=5 c=7 rs=1 cs=1]
                LayoutText {#text} at (2,2) size 32x17
                  text run at (2,2) width 32: "col 7"
              LayoutTableCell {TD} at (388,122) size 39x22 [bgcolor=#90EE90] [border: (1px inset #808080)] [r=5 c=8 rs=1 cs=1]
                LayoutText {#text} at (2,2) size 32x17
                  text run at (2,2) width 32: "col 8"
              LayoutTableCell {TD} at (429,122) size 40x22 [bgcolor=#90EE90] [border: (1px inset #808080)] [r=5 c=9 rs=1 cs=1]
                LayoutText {#text} at (2,2) size 32x17
                  text run at (2,2) width 32: "col 9"
            LayoutTableRow {TR} at (0,146) size 471x22
              LayoutTableCell {TD} at (101,146) size 39x22 [bgcolor=#90EE90] [border: (1px inset #808080)] [r=6 c=1 rs=1 cs=1]
                LayoutText {#text} at (2,2) size 32x17
                  text run at (2,2) width 32: "col 1"
              LayoutTableCell {TD} at (142,146) size 39x22 [bgcolor=#90EE90] [border: (1px inset #808080)] [r=6 c=2 rs=1 cs=1]
                LayoutText {#text} at (2,2) size 32x17
                  text run at (2,2) width 32: "col 2"
              LayoutTableCell {TD} at (183,146) size 39x22 [bgcolor=#90EE90] [border: (1px inset #808080)] [r=6 c=3 rs=1 cs=1]
                LayoutText {#text} at (2,2) size 32x17
                  text run at (2,2) width 32: "col 3"
              LayoutTableCell {TD} at (224,146) size 39x22 [bgcolor=#90EE90] [border: (1px inset #808080)] [r=6 c=4 rs=1 cs=1]
                LayoutText {#text} at (2,2) size 32x17
                  text run at (2,2) width 32: "col 4"
              LayoutTableCell {TD} at (265,146) size 39x22 [bgcolor=#90EE90] [border: (1px inset #808080)] [r=6 c=5 rs=1 cs=1]
                LayoutText {#text} at (2,2) size 32x17
                  text run at (2,2) width 32: "col 5"
              LayoutTableCell {TD} at (306,146) size 39x22 [bgcolor=#90EE90] [border: (1px inset #808080)] [r=6 c=6 rs=1 cs=1]
                LayoutText {#text} at (2,2) size 32x17
                  text run at (2,2) width 32: "col 6"
              LayoutTableCell {TD} at (347,146) size 39x22 [bgcolor=#90EE90] [border: (1px inset #808080)] [r=6 c=7 rs=1 cs=1]
                LayoutText {#text} at (2,2) size 32x17
                  text run at (2,2) width 32: "col 7"
              LayoutTableCell {TD} at (388,146) size 39x22 [bgcolor=#90EE90] [border: (1px inset #808080)] [r=6 c=8 rs=1 cs=1]
                LayoutText {#text} at (2,2) size 32x17
                  text run at (2,2) width 32: "col 8"
              LayoutTableCell {TD} at (429,146) size 40x22 [bgcolor=#90EE90] [border: (1px inset #808080)] [r=6 c=9 rs=1 cs=1]
                LayoutText {#text} at (2,2) size 32x17
                  text run at (2,2) width 32: "col 9"
            LayoutTableRow {TR} at (0,170) size 471x22
              LayoutTableCell {TH} at (2,185) size 97x40 [bgcolor=#FFE4C4] [border: (1px inset #808080)] [r=7 c=0 rs=3 cs=1]
                LayoutText {#text} at (17,2) size 63x17
                  text run at (17,2) width 63: "Header 3"
                LayoutBR {BR} at (79,16) size 1x0
                LayoutText {#text} at (5,20) size 87x17
                  text run at (5,20) width 87: "span=3 rows"
              LayoutTableCell {TD} at (101,170) size 39x22 [bgcolor=#ADD8E6] [border: (1px inset #808080)] [r=7 c=1 rs=1 cs=1]
                LayoutText {#text} at (2,2) size 32x17
                  text run at (2,2) width 32: "col 1"
              LayoutTableCell {TD} at (142,170) size 39x22 [bgcolor=#ADD8E6] [border: (1px inset #808080)] [r=7 c=2 rs=1 cs=1]
                LayoutText {#text} at (2,2) size 32x17
                  text run at (2,2) width 32: "col 2"
              LayoutTableCell {TD} at (183,170) size 39x22 [bgcolor=#ADD8E6] [border: (1px inset #808080)] [r=7 c=3 rs=1 cs=1]
                LayoutText {#text} at (2,2) size 32x17
                  text run at (2,2) width 32: "col 3"
              LayoutTableCell {TD} at (224,170) size 39x22 [bgcolor=#ADD8E6] [border: (1px inset #808080)] [r=7 c=4 rs=1 cs=1]
                LayoutText {#text} at (2,2) size 32x17
                  text run at (2,2) width 32: "col 4"
              LayoutTableCell {TD} at (265,170) size 39x22 [bgcolor=#ADD8E6] [border: (1px inset #808080)] [r=7 c=5 rs=1 cs=1]
                LayoutText {#text} at (2,2) size 32x17
                  text run at (2,2) width 32: "col 5"
              LayoutTableCell {TD} at (306,170) size 39x22 [bgcolor=#ADD8E6] [border: (1px inset #808080)] [r=7 c=6 rs=1 cs=1]
                LayoutText {#text} at (2,2) size 32x17
                  text run at (2,2) width 32: "col 6"
              LayoutTableCell {TD} at (347,170) size 39x22 [bgcolor=#ADD8E6] [border: (1px inset #808080)] [r=7 c=7 rs=1 cs=1]
                LayoutText {#text} at (2,2) size 32x17
                  text run at (2,2) width 32: "col 7"
              LayoutTableCell {TD} at (388,170) size 39x22 [bgcolor=#ADD8E6] [border: (1px inset #808080)] [r=7 c=8 rs=1 cs=1]
                LayoutText {#text} at (2,2) size 32x17
                  text run at (2,2) width 32: "col 8"
              LayoutTableCell {TD} at (429,170) size 40x22 [bgcolor=#ADD8E6] [border: (1px inset #808080)] [r=7 c=9 rs=1 cs=1]
                LayoutText {#text} at (2,2) size 32x17
                  text run at (2,2) width 32: "col 9"
            LayoutTableRow {TR} at (0,194) size 471x22
              LayoutTableCell {TD} at (101,194) size 39x22 [bgcolor=#ADD8E6] [border: (1px inset #808080)] [r=8 c=1 rs=1 cs=1]
                LayoutText {#text} at (2,2) size 32x17
                  text run at (2,2) width 32: "col 1"
              LayoutTableCell {TD} at (142,194) size 39x22 [bgcolor=#ADD8E6] [border: (1px inset #808080)] [r=8 c=2 rs=1 cs=1]
                LayoutText {#text} at (2,2) size 32x17
                  text run at (2,2) width 32: "col 2"
              LayoutTableCell {TD} at (183,194) size 39x22 [bgcolor=#ADD8E6] [border: (1px inset #808080)] [r=8 c=3 rs=1 cs=1]
                LayoutText {#text} at (2,2) size 32x17
                  text run at (2,2) width 32: "col 3"
              LayoutTableCell {TD} at (224,194) size 39x22 [bgcolor=#ADD8E6] [border: (1px inset #808080)] [r=8 c=4 rs=1 cs=1]
                LayoutText {#text} at (2,2) size 32x17
                  text run at (2,2) width 32: "col 4"
              LayoutTableCell {TD} at (265,194) size 39x22 [bgcolor=#ADD8E6] [border: (1px inset #808080)] [r=8 c=5 rs=1 cs=1]
                LayoutText {#text} at (2,2) size 32x17
                  text run at (2,2) width 32: "col 5"
              LayoutTableCell {TD} at (306,194) size 39x22 [bgcolor=#ADD8E6] [border: (1px inset #808080)] [r=8 c=6 rs=1 cs=1]
                LayoutText {#text} at (2,2) size 32x17
                  text run at (2,2) width 32: "col 6"
              LayoutTableCell {TD} at (347,194) size 39x22 [bgcolor=#ADD8E6] [border: (1px inset #808080)] [r=8 c=7 rs=1 cs=1]
                LayoutText {#text} at (2,2) size 32x17
                  text run at (2,2) width 32: "col 7"
              LayoutTableCell {TD} at (388,194) size 39x22 [bgcolor=#ADD8E6] [border: (1px inset #808080)] [r=8 c=8 rs=1 cs=1]
                LayoutText {#text} at (2,2) size 32x17
                  text run at (2,2) width 32: "col 8"
              LayoutTableCell {TD} at (429,194) size 40x22 [bgcolor=#ADD8E6] [border: (1px inset #808080)] [r=8 c=9 rs=1 cs=1]
                LayoutText {#text} at (2,2) size 32x17
                  text run at (2,2) width 32: "col 9"
            LayoutTableRow {TR} at (0,218) size 471x22
              LayoutTableCell {TD} at (101,218) size 39x22 [bgcolor=#ADD8E6] [border: (1px inset #808080)] [r=9 c=1 rs=1 cs=1]
                LayoutText {#text} at (2,2) size 32x17
                  text run at (2,2) width 32: "col 1"
              LayoutTableCell {TD} at (142,218) size 39x22 [bgcolor=#ADD8E6] [border: (1px inset #808080)] [r=9 c=2 rs=1 cs=1]
                LayoutText {#text} at (2,2) size 32x17
                  text run at (2,2) width 32: "col 2"
              LayoutTableCell {TD} at (183,218) size 39x22 [bgcolor=#ADD8E6] [border: (1px inset #808080)] [r=9 c=3 rs=1 cs=1]
                LayoutText {#text} at (2,2) size 32x17
                  text run at (2,2) width 32: "col 3"
              LayoutTableCell {TD} at (224,218) size 39x22 [bgcolor=#ADD8E6] [border: (1px inset #808080)] [r=9 c=4 rs=1 cs=1]
                LayoutText {#text} at (2,2) size 32x17
                  text run at (2,2) width 32: "col 4"
              LayoutTableCell {TD} at (265,218) size 39x22 [bgcolor=#ADD8E6] [border: (1px inset #808080)] [r=9 c=5 rs=1 cs=1]
                LayoutText {#text} at (2,2) size 32x17
                  text run at (2,2) width 32: "col 5"
              LayoutTableCell {TD} at (306,218) size 39x22 [bgcolor=#ADD8E6] [border: (1px inset #808080)] [r=9 c=6 rs=1 cs=1]
                LayoutText {#text} at (2,2) size 32x17
                  text run at (2,2) width 32: "col 6"
              LayoutTableCell {TD} at (347,218) size 39x22 [bgcolor=#ADD8E6] [border: (1px inset #808080)] [r=9 c=7 rs=1 cs=1]
                LayoutText {#text} at (2,2) size 32x17
                  text run at (2,2) width 32: "col 7"
              LayoutTableCell {TD} at (388,218) size 39x22 [bgcolor=#ADD8E6] [border: (1px inset #808080)] [r=9 c=8 rs=1 cs=1]
                LayoutText {#text} at (2,2) size 32x17
                  text run at (2,2) width 32: "col 8"
              LayoutTableCell {TD} at (429,218) size 40x22 [bgcolor=#ADD8E6] [border: (1px inset #808080)] [r=9 c=9 rs=1 cs=1]
                LayoutText {#text} at (2,2) size 32x17
                  text run at (2,2) width 32: "col 9"
      LayoutBlockFlow {P} at (0,1092.44) size 769x0
      LayoutBlockFlow {HR} at (0,1092.44) size 769x2 [border: (1px inset #EEEEEE)]
      LayoutBlockFlow {P} at (0,1110.44) size 769x64
        LayoutTable {TABLE} at (0,0) size 653x64 [bgcolor=#F08080] [border: (1px outset #808080)]
          LayoutTableSection {TBODY} at (1,1) size 651x62
            LayoutTableRow {TR} at (0,2) size 651x58
              LayoutTableCell {TH} at (2,2) size 647x58 [border: (1px inset #808080)] [r=0 c=0 rs=1 cs=1]
                LayoutInline {A} at (0,0) size 0x0
                LayoutText {#text} at (11,11) size 95x17
                  text run at (11,11) width 95: "Test Case #2: "
                LayoutInline {FONT} at (0,0) size 300x17 [color=#0000FF]
                  LayoutText {#text} at (105,11) size 300x17
                    text run at (105,11) width 300: "table with data cells spanning multiple rows"
                LayoutText {#text} at (404,11) size 5x17
                  text run at (404,11) width 5: " "
                LayoutInline {FONT} at (0,0) size 610x32
                  LayoutInline {I} at (0,0) size 610x33
                    LayoutText {#text} at (408,13) size 610x33
                      text run at (408,13) width 213: "(using <TD ROWSPAN=integer value>"
                      text run at (11,30) width 22: "tag)"
                LayoutText {#text} at (0,0) size 0x0
      LayoutBlockFlow {P} at (0,1190.44) size 769x136
        LayoutBlockFlow (anonymous) at (0,0) size 769x18
          LayoutBR {BR} at (0,0) size 0x17
        LayoutTable {TABLE} at (0,18) size 692x118 [bgcolor=#FFD700] [border: (1px outset #808080)]
          LayoutTableSection {TBODY} at (1,1) size 690x116
            LayoutTableRow {TR} at (0,2) size 690x112
              LayoutTableCell {TD} at (2,2) size 686x112 [border: (1px inset #808080)] [r=0 c=0 rs=1 cs=1]
                LayoutInline {FONT} at (0,0) size 639x89 [color=#FF0000]
                  LayoutInline {B} at (0,0) size 639x89
                    LayoutText {#text} at (11,11) size 361x17
                      text run at (11,11) width 361: "In the following sample table you should see that the "
                    LayoutInline {FONT} at (0,0) size 82x17 [color=#0000FF]
                      LayoutText {#text} at (371,11) size 82x17
                        text run at (371,11) width 82: "ROWSPAN"
                    LayoutText {#text} at (452,11) size 631x35
                      text run at (452,11) width 5: " "
                      text run at (456,11) width 186: "attribute applies an integer"
                      text run at (11,29) width 262: "value equal to the number of rows the "
                    LayoutInline {FONT} at (0,0) size 44x17 [color=#0000FF]
                      LayoutText {#text} at (272,29) size 44x17
                        text run at (272,29) width 44: "DATA"
                    LayoutText {#text} at (315,29) size 639x71
                      text run at (315,29) width 139: " cell is to span. This "
                      text run at (453,29) width 197: "tells the browser to make the"
                      text run at (11,47) width 630: "table data cell occupy the same vertical space as the integer number of cells specified in rows"
                      text run at (11,65) width 612: "above or below it. The browser flows the contents of the spanning cell to occupy the entire"
                      text run at (11,83) width 103: "spanned space."
      LayoutBlockFlow {P} at (0,1342.44) size 769x36
        LayoutBR {BR} at (0,0) size 0x17
        LayoutBR {BR} at (0,18) size 0x17
      LayoutBlockFlow {UL} at (0,1394.44) size 769x442
        LayoutTable {TABLE} at (40,0) size 473x442 [border: (1px outset #808080)]
          LayoutBlockFlow {CAPTION} at (0,0) size 473x18
            LayoutText {#text} at (104,0) size 40x17
              text run at (104,0) width 40: "Table "
            LayoutInline {B} at (0,0) size 72x17
              LayoutText {#text} at (143,0) size 72x17
                text run at (143,0) width 72: "Data Cells"
            LayoutText {#text} at (214,0) size 155x17
              text run at (214,0) width 155: " spanning multiple rows"
          LayoutTableSection {TBODY} at (1,19) size 471x422
            LayoutTableRow {TR} at (0,2) size 471x40
              LayoutTableCell {TH} at (2,11) size 41x22 [bgcolor=#EE82EE] [border: (1px inset #808080)] [r=0 c=0 rs=1 cs=1]
                LayoutText {#text} at (2,2) size 37x17
                  text run at (2,2) width 37: "Head"
              LayoutTableCell {TD} at (45,14) size 85x58 [bgcolor=#FFFACD] [border: (1px inset #808080)] [r=0 c=1 rs=2 cs=1]
                LayoutText {#text} at (2,2) size 43x17
                  text run at (2,2) width 43: "Data 1"
                LayoutBR {BR} at (44,16) size 1x0
                LayoutText {#text} at (2,20) size 47x35
                  text run at (2,20) width 47: "span=2"
                  text run at (2,38) width 32: "rows"
              LayoutTableCell {TD} at (132,2) size 35x40 [bgcolor=#EE82EE] [border: (1px inset #808080)] [r=0 c=2 rs=1 cs=1]
                LayoutText {#text} at (2,2) size 20x35
                  text run at (2,2) width 20: "col"
                  text run at (2,20) width 8: "1"
              LayoutTableCell {TD} at (169,2) size 35x40 [bgcolor=#EE82EE] [border: (1px inset #808080)] [r=0 c=3 rs=1 cs=1]
                LayoutText {#text} at (2,2) size 20x35
                  text run at (2,2) width 20: "col"
                  text run at (2,20) width 8: "2"
              LayoutTableCell {TD} at (206,2) size 35x40 [bgcolor=#EE82EE] [border: (1px inset #808080)] [r=0 c=4 rs=1 cs=1]
                LayoutText {#text} at (2,2) size 20x35
                  text run at (2,2) width 20: "col"
                  text run at (2,20) width 8: "3"
              LayoutTableCell {TD} at (243,11) size 36x22 [bgcolor=#EE82EE] [border: (1px inset #808080)] [r=0 c=5 rs=1 cs=1]
                LayoutText {#text} at (2,2) size 32x17
                  text run at (2,2) width 32: "col 4"
              LayoutTableCell {TD} at (281,11) size 36x22 [bgcolor=#EE82EE] [border: (1px inset #808080)] [r=0 c=6 rs=1 cs=1]
                LayoutText {#text} at (2,2) size 32x17
                  text run at (2,2) width 32: "col 5"
              LayoutTableCell {TD} at (319,11) size 36x22 [bgcolor=#EE82EE] [border: (1px inset #808080)] [r=0 c=7 rs=1 cs=1]
                LayoutText {#text} at (2,2) size 32x17
                  text run at (2,2) width 32: "col 6"
              LayoutTableCell {TD} at (357,11) size 36x22 [bgcolor=#EE82EE] [border: (1px inset #808080)] [r=0 c=8 rs=1 cs=1]
                LayoutText {#text} at (2,2) size 32x17
                  text run at (2,2) width 32: "col 7"
              LayoutTableCell {TD} at (395,11) size 36x22 [bgcolor=#EE82EE] [border: (1px inset #808080)] [r=0 c=9 rs=1 cs=1]
                LayoutText {#text} at (2,2) size 32x17
                  text run at (2,2) width 32: "col 8"
              LayoutTableCell {TD} at (433,11) size 36x22 [bgcolor=#EE82EE] [border: (1px inset #808080)] [r=0 c=10 rs=1 cs=1]
                LayoutText {#text} at (2,2) size 32x17
                  text run at (2,2) width 32: "col 9"
            LayoutTableRow {TR} at (0,44) size 471x40
              LayoutTableCell {TH} at (2,53) size 41x22 [bgcolor=#EE82EE] [border: (1px inset #808080)] [r=1 c=0 rs=1 cs=1]
                LayoutText {#text} at (2,2) size 37x17
                  text run at (2,2) width 37: "Head"
              LayoutTableCell {TD} at (132,44) size 35x40 [bgcolor=#EE82EE] [border: (1px inset #808080)] [r=1 c=2 rs=1 cs=1]
                LayoutText {#text} at (2,2) size 20x35
                  text run at (2,2) width 20: "col"
                  text run at (2,20) width 8: "1"
              LayoutTableCell {TD} at (169,44) size 35x40 [bgcolor=#EE82EE] [border: (1px inset #808080)] [r=1 c=3 rs=1 cs=1]
                LayoutText {#text} at (2,2) size 20x35
                  text run at (2,2) width 20: "col"
                  text run at (2,20) width 8: "2"
              LayoutTableCell {TD} at (206,44) size 35x40 [bgcolor=#EE82EE] [border: (1px inset #808080)] [r=1 c=4 rs=1 cs=1]
                LayoutText {#text} at (2,2) size 20x35
                  text run at (2,2) width 20: "col"
                  text run at (2,20) width 8: "3"
              LayoutTableCell {TD} at (243,53) size 36x22 [bgcolor=#EE82EE] [border: (1px inset #808080)] [r=1 c=5 rs=1 cs=1]
                LayoutText {#text} at (2,2) size 32x17
                  text run at (2,2) width 32: "col 4"
              LayoutTableCell {TD} at (281,53) size 36x22 [bgcolor=#EE82EE] [border: (1px inset #808080)] [r=1 c=6 rs=1 cs=1]
                LayoutText {#text} at (2,2) size 32x17
                  text run at (2,2) width 32: "col 5"
              LayoutTableCell {TD} at (319,53) size 36x22 [bgcolor=#EE82EE] [border: (1px inset #808080)] [r=1 c=7 rs=1 cs=1]
                LayoutText {#text} at (2,2) size 32x17
                  text run at (2,2) width 32: "col 6"
              LayoutTableCell {TD} at (357,53) size 36x22 [bgcolor=#EE82EE] [border: (1px inset #808080)] [r=1 c=8 rs=1 cs=1]
                LayoutText {#text} at (2,2) size 32x17
                  text run at (2,2) width 32: "col 7"
              LayoutTableCell {TD} at (395,53) size 36x22 [bgcolor=#EE82EE] [border: (1px inset #808080)] [r=1 c=9 rs=1 cs=1]
                LayoutText {#text} at (2,2) size 32x17
                  text run at (2,2) width 32: "col 8"
              LayoutTableCell {TD} at (433,53) size 36x22 [bgcolor=#EE82EE] [border: (1px inset #808080)] [r=1 c=10 rs=1 cs=1]
                LayoutText {#text} at (2,2) size 32x17
                  text run at (2,2) width 32: "col 9"
            LayoutTableRow {TR} at (0,86) size 471x40
              LayoutTableCell {TH} at (2,95) size 41x22 [bgcolor=#90EE90] [border: (1px inset #808080)] [r=2 c=0 rs=1 cs=1]
                LayoutText {#text} at (2,2) size 37x17
                  text run at (2,2) width 37: "Head"
              LayoutTableCell {TD} at (45,161) size 85x58 [bgcolor=#FFFACD] [border: (1px inset #808080)] [r=2 c=1 rs=5 cs=1]
                LayoutText {#text} at (2,2) size 43x17
                  text run at (2,2) width 43: "Data 2"
                LayoutBR {BR} at (44,16) size 1x0
                LayoutText {#text} at (2,20) size 47x35
                  text run at (2,20) width 47: "span=5"
                  text run at (2,38) width 32: "rows"
              LayoutTableCell {TD} at (132,86) size 35x40 [bgcolor=#90EE90] [border: (1px inset #808080)] [r=2 c=2 rs=1 cs=1]
                LayoutText {#text} at (2,2) size 20x35
                  text run at (2,2) width 20: "col"
                  text run at (2,20) width 8: "1"
              LayoutTableCell {TD} at (169,86) size 35x40 [bgcolor=#90EE90] [border: (1px inset #808080)] [r=2 c=3 rs=1 cs=1]
                LayoutText {#text} at (2,2) size 20x35
                  text run at (2,2) width 20: "col"
                  text run at (2,20) width 8: "2"
              LayoutTableCell {TD} at (206,86) size 35x40 [bgcolor=#90EE90] [border: (1px inset #808080)] [r=2 c=4 rs=1 cs=1]
                LayoutText {#text} at (2,2) size 20x35
                  text run at (2,2) width 20: "col"
                  text run at (2,20) width 8: "3"
              LayoutTableCell {TD} at (243,95) size 36x22 [bgcolor=#90EE90] [border: (1px inset #808080)] [r=2 c=5 rs=1 cs=1]
                LayoutText {#text} at (2,2) size 32x17
                  text run at (2,2) width 32: "col 4"
              LayoutTableCell {TD} at (281,95) size 36x22 [bgcolor=#90EE90] [border: (1px inset #808080)] [r=2 c=6 rs=1 cs=1]
                LayoutText {#text} at (2,2) size 32x17
                  text run at (2,2) width 32: "col 5"
              LayoutTableCell {TD} at (319,95) size 36x22 [bgcolor=#90EE90] [border: (1px inset #808080)] [r=2 c=7 rs=1 cs=1]
                LayoutText {#text} at (2,2) size 32x17
                  text run at (2,2) width 32: "col 6"
              LayoutTableCell {TD} at (357,95) size 36x22 [bgcolor=#90EE90] [border: (1px inset #808080)] [r=2 c=8 rs=1 cs=1]
                LayoutText {#text} at (2,2) size 32x17
                  text run at (2,2) width 32: "col 7"
              LayoutTableCell {TD} at (395,95) size 36x22 [bgcolor=#90EE90] [border: (1px inset #808080)] [r=2 c=9 rs=1 cs=1]
                LayoutText {#text} at (2,2) size 32x17
                  text run at (2,2) width 32: "col 8"
              LayoutTableCell {TD} at (433,95) size 36x22 [bgcolor=#90EE90] [border: (1px inset #808080)] [r=2 c=10 rs=1 cs=1]
                LayoutText {#text} at (2,2) size 32x17
                  text run at (2,2) width 32: "col 9"
            LayoutTableRow {TR} at (0,128) size 471x40
              LayoutTableCell {TH} at (2,137) size 41x22 [bgcolor=#90EE90] [border: (1px inset #808080)] [r=3 c=0 rs=1 cs=1]
                LayoutText {#text} at (2,2) size 37x17
                  text run at (2,2) width 37: "Head"
              LayoutTableCell {TD} at (132,128) size 35x40 [bgcolor=#90EE90] [border: (1px inset #808080)] [r=3 c=2 rs=1 cs=1]
                LayoutText {#text} at (2,2) size 20x35
                  text run at (2,2) width 20: "col"
                  text run at (2,20) width 8: "1"
              LayoutTableCell {TD} at (169,128) size 35x40 [bgcolor=#90EE90] [border: (1px inset #808080)] [r=3 c=3 rs=1 cs=1]
                LayoutText {#text} at (2,2) size 20x35
                  text run at (2,2) width 20: "col"
                  text run at (2,20) width 8: "2"
              LayoutTableCell {TD} at (206,128) size 35x40 [bgcolor=#90EE90] [border: (1px inset #808080)] [r=3 c=4 rs=1 cs=1]
                LayoutText {#text} at (2,2) size 20x35
                  text run at (2,2) width 20: "col"
                  text run at (2,20) width 8: "3"
              LayoutTableCell {TD} at (243,137) size 36x22 [bgcolor=#90EE90] [border: (1px inset #808080)] [r=3 c=5 rs=1 cs=1]
                LayoutText {#text} at (2,2) size 32x17
                  text run at (2,2) width 32: "col 4"
              LayoutTableCell {TD} at (281,137) size 36x22 [bgcolor=#90EE90] [border: (1px inset #808080)] [r=3 c=6 rs=1 cs=1]
                LayoutText {#text} at (2,2) size 32x17
                  text run at (2,2) width 32: "col 5"
              LayoutTableCell {TD} at (319,137) size 36x22 [bgcolor=#90EE90] [border: (1px inset #808080)] [r=3 c=7 rs=1 cs=1]
                LayoutText {#text} at (2,2) size 32x17
                  text run at (2,2) width 32: "col 6"
              LayoutTableCell {TD} at (357,137) size 36x22 [bgcolor=#90EE90] [border: (1px inset #808080)] [r=3 c=8 rs=1 cs=1]
                LayoutText {#text} at (2,2) size 32x17
                  text run at (2,2) width 32: "col 7"
              LayoutTableCell {TD} at (395,137) size 36x22 [bgcolor=#90EE90] [border: (1px inset #808080)] [r=3 c=9 rs=1 cs=1]
                LayoutText {#text} at (2,2) size 32x17
                  text run at (2,2) width 32: "col 8"
              LayoutTableCell {TD} at (433,137) size 36x22 [bgcolor=#90EE90] [border: (1px inset #808080)] [r=3 c=10 rs=1 cs=1]
                LayoutText {#text} at (2,2) size 32x17
                  text run at (2,2) width 32: "col 9"
            LayoutTableRow {TR} at (0,170) size 471x40
              LayoutTableCell {TH} at (2,179) size 41x22 [bgcolor=#90EE90] [border: (1px inset #808080)] [r=4 c=0 rs=1 cs=1]
                LayoutText {#text} at (2,2) size 37x17
                  text run at (2,2) width 37: "Head"
              LayoutTableCell {TD} at (132,170) size 35x40 [bgcolor=#90EE90] [border: (1px inset #808080)] [r=4 c=2 rs=1 cs=1]
                LayoutText {#text} at (2,2) size 20x35
                  text run at (2,2) width 20: "col"
                  text run at (2,20) width 8: "1"
              LayoutTableCell {TD} at (169,170) size 35x40 [bgcolor=#90EE90] [border: (1px inset #808080)] [r=4 c=3 rs=1 cs=1]
                LayoutText {#text} at (2,2) size 20x35
                  text run at (2,2) width 20: "col"
                  text run at (2,20) width 8: "2"
              LayoutTableCell {TD} at (206,170) size 35x40 [bgcolor=#90EE90] [border: (1px inset #808080)] [r=4 c=4 rs=1 cs=1]
                LayoutText {#text} at (2,2) size 20x35
                  text run at (2,2) width 20: "col"
                  text run at (2,20) width 8: "3"
              LayoutTableCell {TD} at (243,179) size 36x22 [bgcolor=#90EE90] [border: (1px inset #808080)] [r=4 c=5 rs=1 cs=1]
                LayoutText {#text} at (2,2) size 32x17
                  text run at (2,2) width 32: "col 4"
              LayoutTableCell {TD} at (281,179) size 36x22 [bgcolor=#90EE90] [border: (1px inset #808080)] [r=4 c=6 rs=1 cs=1]
                LayoutText {#text} at (2,2) size 32x17
                  text run at (2,2) width 32: "col 5"
              LayoutTableCell {TD} at (319,179) size 36x22 [bgcolor=#90EE90] [border: (1px inset #808080)] [r=4 c=7 rs=1 cs=1]
                LayoutText {#text} at (2,2) size 32x17
                  text run at (2,2) width 32: "col 6"
              LayoutTableCell {TD} at (357,179) size 36x22 [bgcolor=#90EE90] [border: (1px inset #808080)] [r=4 c=8 rs=1 cs=1]
                LayoutText {#text} at (2,2) size 32x17
                  text run at (2,2) width 32: "col 7"
              LayoutTableCell {TD} at (395,179) size 36x22 [bgcolor=#90EE90] [border: (1px inset #808080)] [r=4 c=9 rs=1 cs=1]
                LayoutText {#text} at (2,2) size 32x17
                  text run at (2,2) width 32: "col 8"
              LayoutTableCell {TD} at (433,179) size 36x22 [bgcolor=#90EE90] [border: (1px inset #808080)] [r=4 c=10 rs=1 cs=1]
                LayoutText {#text} at (2,2) size 32x17
                  text run at (2,2) width 32: "col 9"
            LayoutTableRow {TR} at (0,212) size 471x40
              LayoutTableCell {TH} at (2,221) size 41x22 [bgcolor=#90EE90] [border: (1px inset #808080)] [r=5 c=0 rs=1 cs=1]
                LayoutText {#text} at (2,2) size 37x17
                  text run at (2,2) width 37: "Head"
              LayoutTableCell {TD} at (132,212) size 35x40 [bgcolor=#90EE90] [border: (1px inset #808080)] [r=5 c=2 rs=1 cs=1]
                LayoutText {#text} at (2,2) size 20x35
                  text run at (2,2) width 20: "col"
                  text run at (2,20) width 8: "1"
              LayoutTableCell {TD} at (169,212) size 35x40 [bgcolor=#90EE90] [border: (1px inset #808080)] [r=5 c=3 rs=1 cs=1]
                LayoutText {#text} at (2,2) size 20x35
                  text run at (2,2) width 20: "col"
                  text run at (2,20) width 8: "2"
              LayoutTableCell {TD} at (206,212) size 35x40 [bgcolor=#90EE90] [border: (1px inset #808080)] [r=5 c=4 rs=1 cs=1]
                LayoutText {#text} at (2,2) size 20x35
                  text run at (2,2) width 20: "col"
                  text run at (2,20) width 8: "3"
              LayoutTableCell {TD} at (243,221) size 36x22 [bgcolor=#90EE90] [border: (1px inset #808080)] [r=5 c=5 rs=1 cs=1]
                LayoutText {#text} at (2,2) size 32x17
                  text run at (2,2) width 32: "col 4"
              LayoutTableCell {TD} at (281,221) size 36x22 [bgcolor=#90EE90] [border: (1px inset #808080)] [r=5 c=6 rs=1 cs=1]
                LayoutText {#text} at (2,2) size 32x17
                  text run at (2,2) width 32: "col 5"
              LayoutTableCell {TD} at (319,221) size 36x22 [bgcolor=#90EE90] [border: (1px inset #808080)] [r=5 c=7 rs=1 cs=1]
                LayoutText {#text} at (2,2) size 32x17
                  text run at (2,2) width 32: "col 6"
              LayoutTableCell {TD} at (357,221) size 36x22 [bgcolor=#90EE90] [border: (1px inset #808080)] [r=5 c=8 rs=1 cs=1]
                LayoutText {#text} at (2,2) size 32x17
                  text run at (2,2) width 32: "col 7"
              LayoutTableCell {TD} at (395,221) size 36x22 [bgcolor=#90EE90] [border: (1px inset #808080)] [r=5 c=9 rs=1 cs=1]
                LayoutText {#text} at (2,2) size 32x17
                  text run at (2,2) width 32: "col 8"
              LayoutTableCell {TD} at (433,221) size 36x22 [bgcolor=#90EE90] [border: (1px inset #808080)] [r=5 c=10 rs=1 cs=1]
                LayoutText {#text} at (2,2) size 32x17
                  text run at (2,2) width 32: "col 9"
            LayoutTableRow {TR} at (0,254) size 471x40
              LayoutTableCell {TH} at (2,263) size 41x22 [bgcolor=#90EE90] [border: (1px inset #808080)] [r=6 c=0 rs=1 cs=1]
                LayoutText {#text} at (2,2) size 37x17
                  text run at (2,2) width 37: "Head"
              LayoutTableCell {TD} at (132,254) size 35x40 [bgcolor=#90EE90] [border: (1px inset #808080)] [r=6 c=2 rs=1 cs=1]
                LayoutText {#text} at (2,2) size 20x35
                  text run at (2,2) width 20: "col"
                  text run at (2,20) width 8: "1"
              LayoutTableCell {TD} at (169,254) size 35x40 [bgcolor=#90EE90] [border: (1px inset #808080)] [r=6 c=3 rs=1 cs=1]
                LayoutText {#text} at (2,2) size 20x35
                  text run at (2,2) width 20: "col"
                  text run at (2,20) width 8: "2"
              LayoutTableCell {TD} at (206,254) size 35x40 [bgcolor=#90EE90] [border: (1px inset #808080)] [r=6 c=4 rs=1 cs=1]
                LayoutText {#text} at (2,2) size 20x35
                  text run at (2,2) width 20: "col"
                  text run at (2,20) width 8: "3"
              LayoutTableCell {TD} at (243,263) size 36x22 [bgcolor=#90EE90] [border: (1px inset #808080)] [r=6 c=5 rs=1 cs=1]
                LayoutText {#text} at (2,2) size 32x17
                  text run at (2,2) width 32: "col 4"
              LayoutTableCell {TD} at (281,263) size 36x22 [bgcolor=#90EE90] [border: (1px inset #808080)] [r=6 c=6 rs=1 cs=1]
                LayoutText {#text} at (2,2) size 32x17
                  text run at (2,2) width 32: "col 5"
              LayoutTableCell {TD} at (319,263) size 36x22 [bgcolor=#90EE90] [border: (1px inset #808080)] [r=6 c=7 rs=1 cs=1]
                LayoutText {#text} at (2,2) size 32x17
                  text run at (2,2) width 32: "col 6"
              LayoutTableCell {TD} at (357,263) size 36x22 [bgcolor=#90EE90] [border: (1px inset #808080)] [r=6 c=8 rs=1 cs=1]
                LayoutText {#text} at (2,2) size 32x17
                  text run at (2,2) width 32: "col 7"
              LayoutTableCell {TD} at (395,263) size 36x22 [bgcolor=#90EE90] [border: (1px inset #808080)] [r=6 c=9 rs=1 cs=1]
                LayoutText {#text} at (2,2) size 32x17
                  text run at (2,2) width 32: "col 8"
              LayoutTableCell {TD} at (433,263) size 36x22 [bgcolor=#90EE90] [border: (1px inset #808080)] [r=6 c=10 rs=1 cs=1]
                LayoutText {#text} at (2,2) size 32x17
                  text run at (2,2) width 32: "col 9"
            LayoutTableRow {TR} at (0,296) size 471x40
              LayoutTableCell {TH} at (2,305) size 41x22 [bgcolor=#ADD8E6] [border: (1px inset #808080)] [r=7 c=0 rs=1 cs=1]
                LayoutText {#text} at (2,2) size 37x17
                  text run at (2,2) width 37: "Head"
              LayoutTableCell {TD} at (45,329) size 85x58 [bgcolor=#FFFACD] [border: (1px inset #808080)] [r=7 c=1 rs=3 cs=1]
                LayoutText {#text} at (2,2) size 43x17
                  text run at (2,2) width 43: "Data 3"
                LayoutBR {BR} at (44,16) size 1x0
                LayoutText {#text} at (2,20) size 47x35
                  text run at (2,20) width 47: "span=3"
                  text run at (2,38) width 32: "rows"
              LayoutTableCell {TD} at (132,296) size 35x40 [bgcolor=#ADD8E6] [border: (1px inset #808080)] [r=7 c=2 rs=1 cs=1]
                LayoutText {#text} at (2,2) size 20x35
                  text run at (2,2) width 20: "col"
                  text run at (2,20) width 8: "1"
              LayoutTableCell {TD} at (169,296) size 35x40 [bgcolor=#ADD8E6] [border: (1px inset #808080)] [r=7 c=3 rs=1 cs=1]
                LayoutText {#text} at (2,2) size 20x35
                  text run at (2,2) width 20: "col"
                  text run at (2,20) width 8: "2"
              LayoutTableCell {TD} at (206,296) size 35x40 [bgcolor=#ADD8E6] [border: (1px inset #808080)] [r=7 c=4 rs=1 cs=1]
                LayoutText {#text} at (2,2) size 20x35
                  text run at (2,2) width 20: "col"
                  text run at (2,20) width 8: "3"
              LayoutTableCell {TD} at (243,305) size 36x22 [bgcolor=#ADD8E6] [border: (1px inset #808080)] [r=7 c=5 rs=1 cs=1]
                LayoutText {#text} at (2,2) size 32x17
                  text run at (2,2) width 32: "col 4"
              LayoutTableCell {TD} at (281,305) size 36x22 [bgcolor=#ADD8E6] [border: (1px inset #808080)] [r=7 c=6 rs=1 cs=1]
                LayoutText {#text} at (2,2) size 32x17
                  text run at (2,2) width 32: "col 5"
              LayoutTableCell {TD} at (319,305) size 36x22 [bgcolor=#ADD8E6] [border: (1px inset #808080)] [r=7 c=7 rs=1 cs=1]
                LayoutText {#text} at (2,2) size 32x17
                  text run at (2,2) width 32: "col 6"
              LayoutTableCell {TD} at (357,305) size 36x22 [bgcolor=#ADD8E6] [border: (1px inset #808080)] [r=7 c=8 rs=1 cs=1]
                LayoutText {#text} at (2,2) size 32x17
                  text run at (2,2) width 32: "col 7"
              LayoutTableCell {TD} at (395,305) size 36x22 [bgcolor=#ADD8E6] [border: (1px inset #808080)] [r=7 c=9 rs=1 cs=1]
                LayoutText {#text} at (2,2) size 32x17
                  text run at (2,2) width 32: "col 8"
              LayoutTableCell {TD} at (433,305) size 36x22 [bgcolor=#ADD8E6] [border: (1px inset #808080)] [r=7 c=10 rs=1 cs=1]
                LayoutText {#text} at (2,2) size 32x17
                  text run at (2,2) width 32: "col 9"
            LayoutTableRow {TR} at (0,338) size 471x40
              LayoutTableCell {TH} at (2,347) size 41x22 [bgcolor=#ADD8E6] [border: (1px inset #808080)] [r=8 c=0 rs=1 cs=1]
                LayoutText {#text} at (2,2) size 37x17
                  text run at (2,2) width 37: "Head"
              LayoutTableCell {TD} at (132,338) size 35x40 [bgcolor=#ADD8E6] [border: (1px inset #808080)] [r=8 c=2 rs=1 cs=1]
                LayoutText {#text} at (2,2) size 20x35
                  text run at (2,2) width 20: "col"
                  text run at (2,20) width 8: "1"
              LayoutTableCell {TD} at (169,338) size 35x40 [bgcolor=#ADD8E6] [border: (1px inset #808080)] [r=8 c=3 rs=1 cs=1]
                LayoutText {#text} at (2,2) size 20x35
                  text run at (2,2) width 20: "col"
                  text run at (2,20) width 8: "2"
              LayoutTableCell {TD} at (206,338) size 35x40 [bgcolor=#ADD8E6] [border: (1px inset #808080)] [r=8 c=4 rs=1 cs=1]
                LayoutText {#text} at (2,2) size 20x35
                  text run at (2,2) width 20: "col"
                  text run at (2,20) width 8: "3"
              LayoutTableCell {TD} at (243,347) size 36x22 [bgcolor=#ADD8E6] [border: (1px inset #808080)] [r=8 c=5 rs=1 cs=1]
                LayoutText {#text} at (2,2) size 32x17
                  text run at (2,2) width 32: "col 4"
              LayoutTableCell {TD} at (281,347) size 36x22 [bgcolor=#ADD8E6] [border: (1px inset #808080)] [r=8 c=6 rs=1 cs=1]
                LayoutText {#text} at (2,2) size 32x17
                  text run at (2,2) width 32: "col 5"
              LayoutTableCell {TD} at (319,347) size 36x22 [bgcolor=#ADD8E6] [border: (1px inset #808080)] [r=8 c=7 rs=1 cs=1]
                LayoutText {#text} at (2,2) size 32x17
                  text run at (2,2) width 32: "col 6"
              LayoutTableCell {TD} at (357,347) size 36x22 [bgcolor=#ADD8E6] [border: (1px inset #808080)] [r=8 c=8 rs=1 cs=1]
                LayoutText {#text} at (2,2) size 32x17
                  text run at (2,2) width 32: "col 7"
              LayoutTableCell {TD} at (395,347) size 36x22 [bgcolor=#ADD8E6] [border: (1px inset #808080)] [r=8 c=9 rs=1 cs=1]
                LayoutText {#text} at (2,2) size 32x17
                  text run at (2,2) width 32: "col 8"
              LayoutTableCell {TD} at (433,347) size 36x22 [bgcolor=#ADD8E6] [border: (1px inset #808080)] [r=8 c=10 rs=1 cs=1]
                LayoutText {#text} at (2,2) size 32x17
                  text run at (2,2) width 32: "col 9"
            LayoutTableRow {TR} at (0,380) size 471x40
              LayoutTableCell {TH} at (2,389) size 41x22 [bgcolor=#ADD8E6] [border: (1px inset #808080)] [r=9 c=0 rs=1 cs=1]
                LayoutText {#text} at (2,2) size 37x17
                  text run at (2,2) width 37: "Head"
              LayoutTableCell {TD} at (132,380) size 35x40 [bgcolor=#ADD8E6] [border: (1px inset #808080)] [r=9 c=2 rs=1 cs=1]
                LayoutText {#text} at (2,2) size 20x35
                  text run at (2,2) width 20: "col"
                  text run at (2,20) width 8: "1"
              LayoutTableCell {TD} at (169,380) size 35x40 [bgcolor=#ADD8E6] [border: (1px inset #808080)] [r=9 c=3 rs=1 cs=1]
                LayoutText {#text} at (2,2) size 20x35
                  text run at (2,2) width 20: "col"
                  text run at (2,20) width 8: "2"
              LayoutTableCell {TD} at (206,380) size 35x40 [bgcolor=#ADD8E6] [border: (1px inset #808080)] [r=9 c=4 rs=1 cs=1]
                LayoutText {#text} at (2,2) size 20x35
                  text run at (2,2) width 20: "col"
                  text run at (2,20) width 8: "3"
              LayoutTableCell {TD} at (243,389) size 36x22 [bgcolor=#ADD8E6] [border: (1px inset #808080)] [r=9 c=5 rs=1 cs=1]
                LayoutText {#text} at (2,2) size 32x17
                  text run at (2,2) width 32: "col 4"
              LayoutTableCell {TD} at (281,389) size 36x22 [bgcolor=#ADD8E6] [border: (1px inset #808080)] [r=9 c=6 rs=1 cs=1]
                LayoutText {#text} at (2,2) size 32x17
                  text run at (2,2) width 32: "col 5"
              LayoutTableCell {TD} at (319,389) size 36x22 [bgcolor=#ADD8E6] [border: (1px inset #808080)] [r=9 c=7 rs=1 cs=1]
                LayoutText {#text} at (2,2) size 32x17
                  text run at (2,2) width 32: "col 6"
              LayoutTableCell {TD} at (357,389) size 36x22 [bgcolor=#ADD8E6] [border: (1px inset #808080)] [r=9 c=8 rs=1 cs=1]
                LayoutText {#text} at (2,2) size 32x17
                  text run at (2,2) width 32: "col 7"
              LayoutTableCell {TD} at (395,389) size 36x22 [bgcolor=#ADD8E6] [border: (1px inset #808080)] [r=9 c=9 rs=1 cs=1]
                LayoutText {#text} at (2,2) size 32x17
                  text run at (2,2) width 32: "col 8"
              LayoutTableCell {TD} at (433,389) size 36x22 [bgcolor=#ADD8E6] [border: (1px inset #808080)] [r=9 c=10 rs=1 cs=1]
                LayoutText {#text} at (2,2) size 32x17
                  text run at (2,2) width 32: "col 9"
      LayoutBlockFlow {P} at (0,1852.44) size 769x0
      LayoutBlockFlow {HR} at (0,1852.44) size 769x2 [border: (1px inset #EEEEEE)]
      LayoutBlockFlow {P} at (0,1870.44) size 769x64
        LayoutTable {TABLE} at (0,0) size 653x64 [bgcolor=#F08080] [border: (1px outset #808080)]
          LayoutTableSection {TBODY} at (1,1) size 651x62
            LayoutTableRow {TR} at (0,2) size 651x58
              LayoutTableCell {TH} at (2,2) size 647x58 [border: (1px inset #808080)] [r=0 c=0 rs=1 cs=1]
                LayoutInline {A} at (0,0) size 0x0
                LayoutText {#text} at (11,11) size 95x17
                  text run at (11,11) width 95: "Test Case #3: "
                LayoutInline {FONT} at (0,0) size 416x17 [color=#0000FF]
                  LayoutText {#text} at (105,11) size 416x17
                    text run at (105,11) width 416: "table with nested header & data cells spanning multiple rows"
                LayoutText {#text} at (520,11) size 5x17
                  text run at (520,11) width 5: " "
                LayoutInline {FONT} at (0,0) size 576x32
                  LayoutInline {I} at (0,0) size 576x33
                    LayoutText {#text} at (524,13) size 576x33
                      text run at (524,13) width 63: "(using <TH"
                      text run at (11,30) width 352: "ROWSPAN=integer value> <TD ROWSPAN=integer value> tag)"
                LayoutText {#text} at (0,0) size 0x0
      LayoutBlockFlow {P} at (0,1950.44) size 769x36
        LayoutBR {BR} at (0,0) size 0x17
        LayoutBR {BR} at (0,18) size 0x17
      LayoutBlockFlow {UL} at (0,2002.44) size 769x442
        LayoutTable {TABLE} at (40,0) size 473x442 [border: (1px outset #808080)]
          LayoutBlockFlow {CAPTION} at (0,0) size 473x18
            LayoutText {#text} at (25,0) size 89x17
              text run at (25,0) width 89: "Nested Table "
            LayoutInline {B} at (0,0) size 89x17
              LayoutText {#text} at (113,0) size 89x17
                text run at (113,0) width 89: "Header Cells"
            LayoutText {#text} at (201,0) size 22x17
              text run at (201,0) width 22: " & "
            LayoutInline {B} at (0,0) size 72x17
              LayoutText {#text} at (222,0) size 72x17
                text run at (222,0) width 72: "Data Cells"
            LayoutText {#text} at (293,0) size 155x17
              text run at (293,0) width 155: " spanning multiple rows"
          LayoutTableSection {TBODY} at (1,19) size 471x422
            LayoutTableRow {TR} at (0,2) size 471x40
              LayoutTableCell {TH} at (2,119) size 80x58 [bgcolor=#FFE4C4] [border: (1px inset #808080)] [r=0 c=0 rs=7 cs=1]
                LayoutText {#text} at (8,2) size 64x17
                  text run at (8,2) width 64: "Header 1"
                LayoutBR {BR} at (71,16) size 1x0
                LayoutText {#text} at (15,20) size 50x35
                  text run at (15,20) width 50: "span=7"
                  text run at (23,38) width 34: "rows"
              LayoutTableCell {TD} at (84,14) size 76x58 [bgcolor=#FFFACD] [border: (1px inset #808080)] [r=0 c=1 rs=2 cs=1]
                LayoutText {#text} at (2,2) size 43x17
                  text run at (2,2) width 43: "Data 1"
                LayoutBR {BR} at (44,16) size 1x0
                LayoutText {#text} at (2,20) size 47x35
                  text run at (2,20) width 47: "span=2"
                  text run at (2,38) width 32: "rows"
              LayoutTableCell {TD} at (162,2) size 32x40 [bgcolor=#EE82EE] [border: (1px inset #808080)] [r=0 c=2 rs=1 cs=1]
                LayoutText {#text} at (2,2) size 20x35
                  text run at (2,2) width 20: "col"
                  text run at (2,20) width 8: "1"
              LayoutTableCell {TD} at (196,2) size 32x40 [bgcolor=#EE82EE] [border: (1px inset #808080)] [r=0 c=3 rs=1 cs=1]
                LayoutText {#text} at (2,2) size 20x35
                  text run at (2,2) width 20: "col"
                  text run at (2,20) width 8: "2"
              LayoutTableCell {TD} at (230,2) size 32x40 [bgcolor=#EE82EE] [border: (1px inset #808080)] [r=0 c=4 rs=1 cs=1]
                LayoutText {#text} at (2,2) size 20x35
                  text run at (2,2) width 20: "col"
                  text run at (2,20) width 8: "3"
              LayoutTableCell {TD} at (264,2) size 32x40 [bgcolor=#EE82EE] [border: (1px inset #808080)] [r=0 c=5 rs=1 cs=1]
                LayoutText {#text} at (2,2) size 20x35
                  text run at (2,2) width 20: "col"
                  text run at (2,20) width 8: "4"
              LayoutTableCell {TD} at (298,2) size 32x40 [bgcolor=#EE82EE] [border: (1px inset #808080)] [r=0 c=6 rs=1 cs=1]
                LayoutText {#text} at (2,2) size 20x35
                  text run at (2,2) width 20: "col"
                  text run at (2,20) width 8: "5"
              LayoutTableCell {TD} at (332,2) size 32x40 [bgcolor=#EE82EE] [border: (1px inset #808080)] [r=0 c=7 rs=1 cs=1]
                LayoutText {#text} at (2,2) size 20x35
                  text run at (2,2) width 20: "col"
                  text run at (2,20) width 8: "6"
              LayoutTableCell {TD} at (366,2) size 33x40 [bgcolor=#EE82EE] [border: (1px inset #808080)] [r=0 c=8 rs=1 cs=1]
                LayoutText {#text} at (2,2) size 20x35
                  text run at (2,2) width 20: "col"
                  text run at (2,20) width 8: "7"
              LayoutTableCell {TD} at (401,2) size 33x40 [bgcolor=#EE82EE] [border: (1px inset #808080)] [r=0 c=9 rs=1 cs=1]
                LayoutText {#text} at (2,2) size 20x35
                  text run at (2,2) width 20: "col"
                  text run at (2,20) width 8: "8"
              LayoutTableCell {TD} at (436,2) size 33x40 [bgcolor=#EE82EE] [border: (1px inset #808080)] [r=0 c=10 rs=1 cs=1]
                LayoutText {#text} at (2,2) size 20x35
                  text run at (2,2) width 20: "col"
                  text run at (2,20) width 8: "9"
            LayoutTableRow {TR} at (0,44) size 471x40
              LayoutTableCell {TD} at (162,44) size 32x40 [bgcolor=#EE82EE] [border: (1px inset #808080)] [r=1 c=2 rs=1 cs=1]
                LayoutText {#text} at (2,2) size 20x35
                  text run at (2,2) width 20: "col"
                  text run at (2,20) width 8: "1"
              LayoutTableCell {TD} at (196,44) size 32x40 [bgcolor=#EE82EE] [border: (1px inset #808080)] [r=1 c=3 rs=1 cs=1]
                LayoutText {#text} at (2,2) size 20x35
                  text run at (2,2) width 20: "col"
                  text run at (2,20) width 8: "2"
              LayoutTableCell {TD} at (230,44) size 32x40 [bgcolor=#EE82EE] [border: (1px inset #808080)] [r=1 c=4 rs=1 cs=1]
                LayoutText {#text} at (2,2) size 20x35
                  text run at (2,2) width 20: "col"
                  text run at (2,20) width 8: "3"
              LayoutTableCell {TD} at (264,44) size 32x40 [bgcolor=#EE82EE] [border: (1px inset #808080)] [r=1 c=5 rs=1 cs=1]
                LayoutText {#text} at (2,2) size 20x35
                  text run at (2,2) width 20: "col"
                  text run at (2,20) width 8: "4"
              LayoutTableCell {TD} at (298,44) size 32x40 [bgcolor=#EE82EE] [border: (1px inset #808080)] [r=1 c=6 rs=1 cs=1]
                LayoutText {#text} at (2,2) size 20x35
                  text run at (2,2) width 20: "col"
                  text run at (2,20) width 8: "5"
              LayoutTableCell {TD} at (332,44) size 32x40 [bgcolor=#EE82EE] [border: (1px inset #808080)] [r=1 c=7 rs=1 cs=1]
                LayoutText {#text} at (2,2) size 20x35
                  text run at (2,2) width 20: "col"
                  text run at (2,20) width 8: "6"
              LayoutTableCell {TD} at (366,44) size 33x40 [bgcolor=#EE82EE] [border: (1px inset #808080)] [r=1 c=8 rs=1 cs=1]
                LayoutText {#text} at (2,2) size 20x35
                  text run at (2,2) width 20: "col"
                  text run at (2,20) width 8: "7"
              LayoutTableCell {TD} at (401,44) size 33x40 [bgcolor=#EE82EE] [border: (1px inset #808080)] [r=1 c=9 rs=1 cs=1]
                LayoutText {#text} at (2,2) size 20x35
                  text run at (2,2) width 20: "col"
                  text run at (2,20) width 8: "8"
              LayoutTableCell {TD} at (436,44) size 33x40 [bgcolor=#EE82EE] [border: (1px inset #808080)] [r=1 c=10 rs=1 cs=1]
                LayoutText {#text} at (2,2) size 20x35
                  text run at (2,2) width 20: "col"
                  text run at (2,20) width 8: "9"
            LayoutTableRow {TR} at (0,86) size 471x40
              LayoutTableCell {TD} at (84,161) size 76x58 [bgcolor=#FFFACD] [border: (1px inset #808080)] [r=2 c=1 rs=5 cs=1]
                LayoutText {#text} at (2,2) size 43x17
                  text run at (2,2) width 43: "Data 2"
                LayoutBR {BR} at (44,16) size 1x0
                LayoutText {#text} at (2,20) size 47x35
                  text run at (2,20) width 47: "span=5"
                  text run at (2,38) width 32: "rows"
              LayoutTableCell {TD} at (162,86) size 32x40 [bgcolor=#90EE90] [border: (1px inset #808080)] [r=2 c=2 rs=1 cs=1]
                LayoutText {#text} at (2,2) size 20x35
                  text run at (2,2) width 20: "col"
                  text run at (2,20) width 8: "1"
              LayoutTableCell {TD} at (196,86) size 32x40 [bgcolor=#90EE90] [border: (1px inset #808080)] [r=2 c=3 rs=1 cs=1]
                LayoutText {#text} at (2,2) size 20x35
                  text run at (2,2) width 20: "col"
                  text run at (2,20) width 8: "2"
              LayoutTableCell {TD} at (230,86) size 32x40 [bgcolor=#90EE90] [border: (1px inset #808080)] [r=2 c=4 rs=1 cs=1]
                LayoutText {#text} at (2,2) size 20x35
                  text run at (2,2) width 20: "col"
                  text run at (2,20) width 8: "3"
              LayoutTableCell {TD} at (264,86) size 32x40 [bgcolor=#90EE90] [border: (1px inset #808080)] [r=2 c=5 rs=1 cs=1]
                LayoutText {#text} at (2,2) size 20x35
                  text run at (2,2) width 20: "col"
                  text run at (2,20) width 8: "4"
              LayoutTableCell {TD} at (298,86) size 32x40 [bgcolor=#90EE90] [border: (1px inset #808080)] [r=2 c=6 rs=1 cs=1]
                LayoutText {#text} at (2,2) size 20x35
                  text run at (2,2) width 20: "col"
                  text run at (2,20) width 8: "5"
              LayoutTableCell {TD} at (332,86) size 32x40 [bgcolor=#90EE90] [border: (1px inset #808080)] [r=2 c=7 rs=1 cs=1]
                LayoutText {#text} at (2,2) size 20x35
                  text run at (2,2) width 20: "col"
                  text run at (2,20) width 8: "6"
              LayoutTableCell {TD} at (366,86) size 33x40 [bgcolor=#90EE90] [border: (1px inset #808080)] [r=2 c=8 rs=1 cs=1]
                LayoutText {#text} at (2,2) size 20x35
                  text run at (2,2) width 20: "col"
                  text run at (2,20) width 8: "7"
              LayoutTableCell {TD} at (401,86) size 33x40 [bgcolor=#90EE90] [border: (1px inset #808080)] [r=2 c=9 rs=1 cs=1]
                LayoutText {#text} at (2,2) size 20x35
                  text run at (2,2) width 20: "col"
                  text run at (2,20) width 8: "8"
              LayoutTableCell {TD} at (436,86) size 33x40 [bgcolor=#90EE90] [border: (1px inset #808080)] [r=2 c=10 rs=1 cs=1]
                LayoutText {#text} at (2,2) size 20x35
                  text run at (2,2) width 20: "col"
                  text run at (2,20) width 8: "9"
            LayoutTableRow {TR} at (0,128) size 471x40
              LayoutTableCell {TD} at (162,128) size 32x40 [bgcolor=#90EE90] [border: (1px inset #808080)] [r=3 c=2 rs=1 cs=1]
                LayoutText {#text} at (2,2) size 20x35
                  text run at (2,2) width 20: "col"
                  text run at (2,20) width 8: "1"
              LayoutTableCell {TD} at (196,128) size 32x40 [bgcolor=#90EE90] [border: (1px inset #808080)] [r=3 c=3 rs=1 cs=1]
                LayoutText {#text} at (2,2) size 20x35
                  text run at (2,2) width 20: "col"
                  text run at (2,20) width 8: "2"
              LayoutTableCell {TD} at (230,128) size 32x40 [bgcolor=#90EE90] [border: (1px inset #808080)] [r=3 c=4 rs=1 cs=1]
                LayoutText {#text} at (2,2) size 20x35
                  text run at (2,2) width 20: "col"
                  text run at (2,20) width 8: "3"
              LayoutTableCell {TD} at (264,128) size 32x40 [bgcolor=#90EE90] [border: (1px inset #808080)] [r=3 c=5 rs=1 cs=1]
                LayoutText {#text} at (2,2) size 20x35
                  text run at (2,2) width 20: "col"
                  text run at (2,20) width 8: "4"
              LayoutTableCell {TD} at (298,128) size 32x40 [bgcolor=#90EE90] [border: (1px inset #808080)] [r=3 c=6 rs=1 cs=1]
                LayoutText {#text} at (2,2) size 20x35
                  text run at (2,2) width 20: "col"
                  text run at (2,20) width 8: "5"
              LayoutTableCell {TD} at (332,128) size 32x40 [bgcolor=#90EE90] [border: (1px inset #808080)] [r=3 c=7 rs=1 cs=1]
                LayoutText {#text} at (2,2) size 20x35
                  text run at (2,2) width 20: "col"
                  text run at (2,20) width 8: "6"
              LayoutTableCell {TD} at (366,128) size 33x40 [bgcolor=#90EE90] [border: (1px inset #808080)] [r=3 c=8 rs=1 cs=1]
                LayoutText {#text} at (2,2) size 20x35
                  text run at (2,2) width 20: "col"
                  text run at (2,20) width 8: "7"
              LayoutTableCell {TD} at (401,128) size 33x40 [bgcolor=#90EE90] [border: (1px inset #808080)] [r=3 c=9 rs=1 cs=1]
                LayoutText {#text} at (2,2) size 20x35
                  text run at (2,2) width 20: "col"
                  text run at (2,20) width 8: "8"
              LayoutTableCell {TD} at (436,128) size 33x40 [bgcolor=#90EE90] [border: (1px inset #808080)] [r=3 c=10 rs=1 cs=1]
                LayoutText {#text} at (2,2) size 20x35
                  text run at (2,2) width 20: "col"
                  text run at (2,20) width 8: "9"
            LayoutTableRow {TR} at (0,170) size 471x40
              LayoutTableCell {TD} at (162,170) size 32x40 [bgcolor=#90EE90] [border: (1px inset #808080)] [r=4 c=2 rs=1 cs=1]
                LayoutText {#text} at (2,2) size 20x35
                  text run at (2,2) width 20: "col"
                  text run at (2,20) width 8: "1"
              LayoutTableCell {TD} at (196,170) size 32x40 [bgcolor=#90EE90] [border: (1px inset #808080)] [r=4 c=3 rs=1 cs=1]
                LayoutText {#text} at (2,2) size 20x35
                  text run at (2,2) width 20: "col"
                  text run at (2,20) width 8: "2"
              LayoutTableCell {TD} at (230,170) size 32x40 [bgcolor=#90EE90] [border: (1px inset #808080)] [r=4 c=4 rs=1 cs=1]
                LayoutText {#text} at (2,2) size 20x35
                  text run at (2,2) width 20: "col"
                  text run at (2,20) width 8: "3"
              LayoutTableCell {TD} at (264,170) size 32x40 [bgcolor=#90EE90] [border: (1px inset #808080)] [r=4 c=5 rs=1 cs=1]
                LayoutText {#text} at (2,2) size 20x35
                  text run at (2,2) width 20: "col"
                  text run at (2,20) width 8: "4"
              LayoutTableCell {TD} at (298,170) size 32x40 [bgcolor=#90EE90] [border: (1px inset #808080)] [r=4 c=6 rs=1 cs=1]
                LayoutText {#text} at (2,2) size 20x35
                  text run at (2,2) width 20: "col"
                  text run at (2,20) width 8: "5"
              LayoutTableCell {TD} at (332,170) size 32x40 [bgcolor=#90EE90] [border: (1px inset #808080)] [r=4 c=7 rs=1 cs=1]
                LayoutText {#text} at (2,2) size 20x35
                  text run at (2,2) width 20: "col"
                  text run at (2,20) width 8: "6"
              LayoutTableCell {TD} at (366,170) size 33x40 [bgcolor=#90EE90] [border: (1px inset #808080)] [r=4 c=8 rs=1 cs=1]
                LayoutText {#text} at (2,2) size 20x35
                  text run at (2,2) width 20: "col"
                  text run at (2,20) width 8: "7"
              LayoutTableCell {TD} at (401,170) size 33x40 [bgcolor=#90EE90] [border: (1px inset #808080)] [r=4 c=9 rs=1 cs=1]
                LayoutText {#text} at (2,2) size 20x35
                  text run at (2,2) width 20: "col"
                  text run at (2,20) width 8: "8"
              LayoutTableCell {TD} at (436,170) size 33x40 [bgcolor=#90EE90] [border: (1px inset #808080)] [r=4 c=10 rs=1 cs=1]
                LayoutText {#text} at (2,2) size 20x35
                  text run at (2,2) width 20: "col"
                  text run at (2,20) width 8: "9"
            LayoutTableRow {TR} at (0,212) size 471x40
              LayoutTableCell {TD} at (162,212) size 32x40 [bgcolor=#90EE90] [border: (1px inset #808080)] [r=5 c=2 rs=1 cs=1]
                LayoutText {#text} at (2,2) size 20x35
                  text run at (2,2) width 20: "col"
                  text run at (2,20) width 8: "1"
              LayoutTableCell {TD} at (196,212) size 32x40 [bgcolor=#90EE90] [border: (1px inset #808080)] [r=5 c=3 rs=1 cs=1]
                LayoutText {#text} at (2,2) size 20x35
                  text run at (2,2) width 20: "col"
                  text run at (2,20) width 8: "2"
              LayoutTableCell {TD} at (230,212) size 32x40 [bgcolor=#90EE90] [border: (1px inset #808080)] [r=5 c=4 rs=1 cs=1]
                LayoutText {#text} at (2,2) size 20x35
                  text run at (2,2) width 20: "col"
                  text run at (2,20) width 8: "3"
              LayoutTableCell {TD} at (264,212) size 32x40 [bgcolor=#90EE90] [border: (1px inset #808080)] [r=5 c=5 rs=1 cs=1]
                LayoutText {#text} at (2,2) size 20x35
                  text run at (2,2) width 20: "col"
                  text run at (2,20) width 8: "4"
              LayoutTableCell {TD} at (298,212) size 32x40 [bgcolor=#90EE90] [border: (1px inset #808080)] [r=5 c=6 rs=1 cs=1]
                LayoutText {#text} at (2,2) size 20x35
                  text run at (2,2) width 20: "col"
                  text run at (2,20) width 8: "5"
              LayoutTableCell {TD} at (332,212) size 32x40 [bgcolor=#90EE90] [border: (1px inset #808080)] [r=5 c=7 rs=1 cs=1]
                LayoutText {#text} at (2,2) size 20x35
                  text run at (2,2) width 20: "col"
                  text run at (2,20) width 8: "6"
              LayoutTableCell {TD} at (366,212) size 33x40 [bgcolor=#90EE90] [border: (1px inset #808080)] [r=5 c=8 rs=1 cs=1]
                LayoutText {#text} at (2,2) size 20x35
                  text run at (2,2) width 20: "col"
                  text run at (2,20) width 8: "7"
              LayoutTableCell {TD} at (401,212) size 33x40 [bgcolor=#90EE90] [border: (1px inset #808080)] [r=5 c=9 rs=1 cs=1]
                LayoutText {#text} at (2,2) size 20x35
                  text run at (2,2) width 20: "col"
                  text run at (2,20) width 8: "8"
              LayoutTableCell {TD} at (436,212) size 33x40 [bgcolor=#90EE90] [border: (1px inset #808080)] [r=5 c=10 rs=1 cs=1]
                LayoutText {#text} at (2,2) size 20x35
                  text run at (2,2) width 20: "col"
                  text run at (2,20) width 8: "9"
            LayoutTableRow {TR} at (0,254) size 471x40
              LayoutTableCell {TD} at (162,254) size 32x40 [bgcolor=#90EE90] [border: (1px inset #808080)] [r=6 c=2 rs=1 cs=1]
                LayoutText {#text} at (2,2) size 20x35
                  text run at (2,2) width 20: "col"
                  text run at (2,20) width 8: "1"
              LayoutTableCell {TD} at (196,254) size 32x40 [bgcolor=#90EE90] [border: (1px inset #808080)] [r=6 c=3 rs=1 cs=1]
                LayoutText {#text} at (2,2) size 20x35
                  text run at (2,2) width 20: "col"
                  text run at (2,20) width 8: "2"
              LayoutTableCell {TD} at (230,254) size 32x40 [bgcolor=#90EE90] [border: (1px inset #808080)] [r=6 c=4 rs=1 cs=1]
                LayoutText {#text} at (2,2) size 20x35
                  text run at (2,2) width 20: "col"
                  text run at (2,20) width 8: "3"
              LayoutTableCell {TD} at (264,254) size 32x40 [bgcolor=#90EE90] [border: (1px inset #808080)] [r=6 c=5 rs=1 cs=1]
                LayoutText {#text} at (2,2) size 20x35
                  text run at (2,2) width 20: "col"
                  text run at (2,20) width 8: "4"
              LayoutTableCell {TD} at (298,254) size 32x40 [bgcolor=#90EE90] [border: (1px inset #808080)] [r=6 c=6 rs=1 cs=1]
                LayoutText {#text} at (2,2) size 20x35
                  text run at (2,2) width 20: "col"
                  text run at (2,20) width 8: "5"
              LayoutTableCell {TD} at (332,254) size 32x40 [bgcolor=#90EE90] [border: (1px inset #808080)] [r=6 c=7 rs=1 cs=1]
                LayoutText {#text} at (2,2) size 20x35
                  text run at (2,2) width 20: "col"
                  text run at (2,20) width 8: "6"
              LayoutTableCell {TD} at (366,254) size 33x40 [bgcolor=#90EE90] [border: (1px inset #808080)] [r=6 c=8 rs=1 cs=1]
                LayoutText {#text} at (2,2) size 20x35
                  text run at (2,2) width 20: "col"
                  text run at (2,20) width 8: "7"
              LayoutTableCell {TD} at (401,254) size 33x40 [bgcolor=#90EE90] [border: (1px inset #808080)] [r=6 c=9 rs=1 cs=1]
                LayoutText {#text} at (2,2) size 20x35
                  text run at (2,2) width 20: "col"
                  text run at (2,20) width 8: "8"
              LayoutTableCell {TD} at (436,254) size 33x40 [bgcolor=#90EE90] [border: (1px inset #808080)] [r=6 c=10 rs=1 cs=1]
                LayoutText {#text} at (2,2) size 20x35
                  text run at (2,2) width 20: "col"
                  text run at (2,20) width 8: "9"
            LayoutTableRow {TR} at (0,296) size 471x40
              LayoutTableCell {TH} at (2,329) size 80x58 [bgcolor=#FFE4C4] [border: (1px inset #808080)] [r=7 c=0 rs=3 cs=1]
                LayoutText {#text} at (8,2) size 64x17
                  text run at (8,2) width 64: "Header 2"
                LayoutBR {BR} at (71,16) size 1x0
                LayoutText {#text} at (15,20) size 50x35
                  text run at (15,20) width 50: "span=3"
                  text run at (23,38) width 34: "rows"
              LayoutTableCell {TD} at (84,329) size 76x58 [bgcolor=#FFFACD] [border: (1px inset #808080)] [r=7 c=1 rs=3 cs=1]
                LayoutText {#text} at (2,2) size 43x17
                  text run at (2,2) width 43: "Data 3"
                LayoutBR {BR} at (44,16) size 1x0
                LayoutText {#text} at (2,20) size 47x35
                  text run at (2,20) width 47: "span=3"
                  text run at (2,38) width 32: "rows"
              LayoutTableCell {TD} at (162,296) size 32x40 [bgcolor=#ADD8E6] [border: (1px inset #808080)] [r=7 c=2 rs=1 cs=1]
                LayoutText {#text} at (2,2) size 20x35
                  text run at (2,2) width 20: "col"
                  text run at (2,20) width 8: "1"
              LayoutTableCell {TD} at (196,296) size 32x40 [bgcolor=#ADD8E6] [border: (1px inset #808080)] [r=7 c=3 rs=1 cs=1]
                LayoutText {#text} at (2,2) size 20x35
                  text run at (2,2) width 20: "col"
                  text run at (2,20) width 8: "2"
              LayoutTableCell {TD} at (230,296) size 32x40 [bgcolor=#ADD8E6] [border: (1px inset #808080)] [r=7 c=4 rs=1 cs=1]
                LayoutText {#text} at (2,2) size 20x35
                  text run at (2,2) width 20: "col"
                  text run at (2,20) width 8: "3"
              LayoutTableCell {TD} at (264,296) size 32x40 [bgcolor=#ADD8E6] [border: (1px inset #808080)] [r=7 c=5 rs=1 cs=1]
                LayoutText {#text} at (2,2) size 20x35
                  text run at (2,2) width 20: "col"
                  text run at (2,20) width 8: "4"
              LayoutTableCell {TD} at (298,296) size 32x40 [bgcolor=#ADD8E6] [border: (1px inset #808080)] [r=7 c=6 rs=1 cs=1]
                LayoutText {#text} at (2,2) size 20x35
                  text run at (2,2) width 20: "col"
                  text run at (2,20) width 8: "5"
              LayoutTableCell {TD} at (332,296) size 32x40 [bgcolor=#ADD8E6] [border: (1px inset #808080)] [r=7 c=7 rs=1 cs=1]
                LayoutText {#text} at (2,2) size 20x35
                  text run at (2,2) width 20: "col"
                  text run at (2,20) width 8: "6"
              LayoutTableCell {TD} at (366,296) size 33x40 [bgcolor=#ADD8E6] [border: (1px inset #808080)] [r=7 c=8 rs=1 cs=1]
                LayoutText {#text} at (2,2) size 20x35
                  text run at (2,2) width 20: "col"
                  text run at (2,20) width 8: "7"
              LayoutTableCell {TD} at (401,296) size 33x40 [bgcolor=#ADD8E6] [border: (1px inset #808080)] [r=7 c=9 rs=1 cs=1]
                LayoutText {#text} at (2,2) size 20x35
                  text run at (2,2) width 20: "col"
                  text run at (2,20) width 8: "8"
              LayoutTableCell {TD} at (436,296) size 33x40 [bgcolor=#ADD8E6] [border: (1px inset #808080)] [r=7 c=10 rs=1 cs=1]
                LayoutText {#text} at (2,2) size 20x35
                  text run at (2,2) width 20: "col"
                  text run at (2,20) width 8: "9"
            LayoutTableRow {TR} at (0,338) size 471x40
              LayoutTableCell {TD} at (162,338) size 32x40 [bgcolor=#ADD8E6] [border: (1px inset #808080)] [r=8 c=2 rs=1 cs=1]
                LayoutText {#text} at (2,2) size 20x35
                  text run at (2,2) width 20: "col"
                  text run at (2,20) width 8: "1"
              LayoutTableCell {TD} at (196,338) size 32x40 [bgcolor=#ADD8E6] [border: (1px inset #808080)] [r=8 c=3 rs=1 cs=1]
                LayoutText {#text} at (2,2) size 20x35
                  text run at (2,2) width 20: "col"
                  text run at (2,20) width 8: "2"
              LayoutTableCell {TD} at (230,338) size 32x40 [bgcolor=#ADD8E6] [border: (1px inset #808080)] [r=8 c=4 rs=1 cs=1]
                LayoutText {#text} at (2,2) size 20x35
                  text run at (2,2) width 20: "col"
                  text run at (2,20) width 8: "3"
              LayoutTableCell {TD} at (264,338) size 32x40 [bgcolor=#ADD8E6] [border: (1px inset #808080)] [r=8 c=5 rs=1 cs=1]
                LayoutText {#text} at (2,2) size 20x35
                  text run at (2,2) width 20: "col"
                  text run at (2,20) width 8: "4"
              LayoutTableCell {TD} at (298,338) size 32x40 [bgcolor=#ADD8E6] [border: (1px inset #808080)] [r=8 c=6 rs=1 cs=1]
                LayoutText {#text} at (2,2) size 20x35
                  text run at (2,2) width 20: "col"
                  text run at (2,20) width 8: "5"
              LayoutTableCell {TD} at (332,338) size 32x40 [bgcolor=#ADD8E6] [border: (1px inset #808080)] [r=8 c=7 rs=1 cs=1]
                LayoutText {#text} at (2,2) size 20x35
                  text run at (2,2) width 20: "col"
                  text run at (2,20) width 8: "6"
              LayoutTableCell {TD} at (366,338) size 33x40 [bgcolor=#ADD8E6] [border: (1px inset #808080)] [r=8 c=8 rs=1 cs=1]
                LayoutText {#text} at (2,2) size 20x35
                  text run at (2,2) width 20: "col"
                  text run at (2,20) width 8: "7"
              LayoutTableCell {TD} at (401,338) size 33x40 [bgcolor=#ADD8E6] [border: (1px inset #808080)] [r=8 c=9 rs=1 cs=1]
                LayoutText {#text} at (2,2) size 20x35
                  text run at (2,2) width 20: "col"
                  text run at (2,20) width 8: "8"
              LayoutTableCell {TD} at (436,338) size 33x40 [bgcolor=#ADD8E6] [border: (1px inset #808080)] [r=8 c=10 rs=1 cs=1]
                LayoutText {#text} at (2,2) size 20x35
                  text run at (2,2) width 20: "col"
                  text run at (2,20) width 8: "9"
            LayoutTableRow {TR} at (0,380) size 471x40
              LayoutTableCell {TD} at (162,380) size 32x40 [bgcolor=#ADD8E6] [border: (1px inset #808080)] [r=9 c=2 rs=1 cs=1]
                LayoutText {#text} at (2,2) size 20x35
                  text run at (2,2) width 20: "col"
                  text run at (2,20) width 8: "1"
              LayoutTableCell {TD} at (196,380) size 32x40 [bgcolor=#ADD8E6] [border: (1px inset #808080)] [r=9 c=3 rs=1 cs=1]
                LayoutText {#text} at (2,2) size 20x35
                  text run at (2,2) width 20: "col"
                  text run at (2,20) width 8: "2"
              LayoutTableCell {TD} at (230,380) size 32x40 [bgcolor=#ADD8E6] [border: (1px inset #808080)] [r=9 c=4 rs=1 cs=1]
                LayoutText {#text} at (2,2) size 20x35
                  text run at (2,2) width 20: "col"
                  text run at (2,20) width 8: "3"
              LayoutTableCell {TD} at (264,380) size 32x40 [bgcolor=#ADD8E6] [border: (1px inset #808080)] [r=9 c=5 rs=1 cs=1]
                LayoutText {#text} at (2,2) size 20x35
                  text run at (2,2) width 20: "col"
                  text run at (2,20) width 8: "4"
              LayoutTableCell {TD} at (298,380) size 32x40 [bgcolor=#ADD8E6] [border: (1px inset #808080)] [r=9 c=6 rs=1 cs=1]
                LayoutText {#text} at (2,2) size 20x35
                  text run at (2,2) width 20: "col"
                  text run at (2,20) width 8: "5"
              LayoutTableCell {TD} at (332,380) size 32x40 [bgcolor=#ADD8E6] [border: (1px inset #808080)] [r=9 c=7 rs=1 cs=1]
                LayoutText {#text} at (2,2) size 20x35
                  text run at (2,2) width 20: "col"
                  text run at (2,20) width 8: "6"
              LayoutTableCell {TD} at (366,380) size 33x40 [bgcolor=#ADD8E6] [border: (1px inset #808080)] [r=9 c=8 rs=1 cs=1]
                LayoutText {#text} at (2,2) size 20x35
                  text run at (2,2) width 20: "col"
                  text run at (2,20) width 8: "7"
              LayoutTableCell {TD} at (401,380) size 33x40 [bgcolor=#ADD8E6] [border: (1px inset #808080)] [r=9 c=9 rs=1 cs=1]
                LayoutText {#text} at (2,2) size 20x35
                  text run at (2,2) width 20: "col"
                  text run at (2,20) width 8: "8"
              LayoutTableCell {TD} at (436,380) size 33x40 [bgcolor=#ADD8E6] [border: (1px inset #808080)] [r=9 c=10 rs=1 cs=1]
                LayoutText {#text} at (2,2) size 20x35
                  text run at (2,2) width 20: "col"
                  text run at (2,20) width 8: "9"
      LayoutBlockFlow {P} at (0,2460.44) size 769x0
      LayoutBlockFlow {HR} at (0,2460.44) size 769x2 [border: (1px inset #EEEEEE)]
      LayoutBlockFlow (anonymous) at (0,2470.44) size 769x18
        LayoutImage {IMG} at (0,1) size 13x13
        LayoutText {#text} at (13,0) size 131x17
          text run at (13,0) width 131: " Created 9/19/96 by "
        LayoutInline {A} at (0,0) size 84x17 [color=#0000EE]
          LayoutText {#text} at (143,0) size 84x17
            text run at (143,0) width 84: "Ronald Greti"
        LayoutBR {BR} at (226,14) size 1x0
      LayoutBlockFlow {P} at (0,2504.44) size 769x18
        LayoutBR {BR} at (0,0) size 0x17
