EDITING DELEGATE: webViewDidChangeSelection:WebViewDidChangeSelectionNotification
EDITING DELEGATE: webViewDidChangeSelection:WebViewDidChangeSelectionNotification
EDITING DELEGATE: webViewDidChangeSelection:WebViewDidChangeSelectionNotification
EDITING DELEGATE: webViewDidChangeSelection:WebViewDidChangeSelectionNotification
EDITING DELEGATE: webViewDidChangeSelection:WebViewDidChangeSelectionNotification
EDITING DELEGATE: webViewDidChangeSelection:WebViewDidChangeSelectionNotification
EDITING DELEGATE: webViewDidChangeSelection:WebViewDidChangeSelectionNotification
EDITING DELEGATE: webViewDidChangeSelection:WebViewDidChangeSelectionNotification
layer at (0,0) size 800x600
  LayoutView at (0,0) size 800x600
layer at (0,0) size 800x600
  LayoutBlockFlow {HTML} at (0,0) size 800x600
    LayoutBlockFlow {BODY} at (8,8) size 784x584
      LayoutBlockFlow {P} at (0,0) size 784x36
        LayoutText {#text} at (0,0) size 749x35
          text run at (0,0) width 749: "This tests for a bug moving down by a line from a line just above a ToDo, and moving up by a line from just below a"
          text run at (0,18) width 41: "ToDo."
      LayoutBlockFlow {DIV} at (0,52) size 784x64
        LayoutBlockFlow {DIV} at (0,0) size 784x18
          LayoutText {#text} at (0,0) size 283x17
            text run at (0,0) width 283: "Click anywhere in this line and move down."
        LayoutTable {TABLE} at (0,18) size 342x28 [border: (1px outset #808080)]
          LayoutTableSection {TBODY} at (1,1) size 340x26
            LayoutTableRow {TR} at (0,2) size 340x22
              LayoutTableCell {TD} at (2,2) size 336x22 [border: (1px inset #808080)] [r=0 c=0 rs=1 cs=1]
                LayoutText {#text} at (2,2) size 64x17
                  text run at (2,2) width 64: "The caret "
                LayoutInline {SPAN} at (0,0) size 44x17 [color=#0000FF]
                  LayoutText {#text} at (65,2) size 44x17
                    text run at (65,2) width 44: "should"
                LayoutText {#text} at (108,2) size 225x17
                  text run at (108,2) width 225: " always go into the editable region."
        LayoutBlockFlow {DIV} at (0,46) size 784x18
          LayoutText {#text} at (0,0) size 264x17
            text run at (0,0) width 264: "Click anywhere in this line and move up."
caret: position 6 of child 0 {#text} of child 1 {SPAN} of child 0 {TD} of child 0 {TR} of child 0 {TBODY} of child 3 {TABLE} of child 2 {DIV} of body
