layer at (0,0) size 800x600
  LayoutView at (0,0) size 800x600
layer at (0,0) size 800x600
  LayoutBlockFlow {HTML} at (0,0) size 800x600
    LayoutBlockFlow {BODY} at (8,8) size 784x576
      LayoutBlockFlow {P} at (0,0) size 784x54
        LayoutText {#text} at (0,0) size 743x53
          text run at (0,0) width 743: "This tests to see if a mouse click inside an editable, focusable node focuses that node. Normally, we focus a node on"
          text run at (0,18) width 738: "mouse down, but to make it easier to drag selections containing editable pieces we delay focus until mouse up. The"
          text run at (0,36) width 535: "editable table cell should be focused and you should see a 'Success' message below."
      LayoutBlockFlow {DIV} at (0,70) size 784x28
        LayoutTable {TABLE} at (0,0) size 147x28 [border: (1px outset #808080)]
          LayoutTableSection {TBODY} at (1,1) size 145x26
            LayoutTableRow {TR} at (0,2) size 145x22
              LayoutTableCell {TD} at (2,2) size 84x22 [border: (1px inset #808080)] [r=0 c=0 rs=1 cs=1]
                LayoutText {#text} at (2,2) size 80x17
                  text run at (2,2) width 80: "non-editable"
              LayoutTableCell {TD} at (88,2) size 55x22 [border: (1px inset #808080)] [r=0 c=1 rs=1 cs=1]
                LayoutText {#text} at (2,2) size 51x17
                  text run at (2,2) width 51: "editable"
      LayoutBlockFlow {DIV} at (0,98) size 784x18
        LayoutBR {BR} at (0,0) size 0x17
      LayoutBlockFlow {UL} at (0,132) size 784x18
        LayoutListItem {LI} at (40,0) size 744x18
          LayoutListMarker (anonymous) at (-17,0) size 7x17: bullet
          LayoutText {#text} at (0,0) size 51x17
            text run at (0,0) width 51: "Success"
caret: position 4 of child 0 {#text} of child 1 {TD} of child 0 {TR} of child 0 {TBODY} of child 0 {TABLE} of child 2 {DIV} of body
