EDITING DELEGATE: webViewDidChangeSelection:WebViewDidChangeSelectionNotification
EDITING DELEGATE: webViewDidChangeSelection:WebViewDidChangeSelectionNotification
EDITING DELEGATE: webViewDidChangeSelection:WebViewDidChangeSelectionNotification
layer at (0,0) size 800x600
  LayoutView at (0,0) size 800x600
layer at (0,0) size 800x600
  LayoutBlockFlow {HTML} at (0,0) size 800x600
    LayoutBlockFlow {BODY} at (8,8) size 784x584
      LayoutBlockFlow {P} at (0,0) size 784x18
        LayoutText {#text} at (0,0) size 437x17
          text run at (0,0) width 437: "This tests for a bug where images would act as sentence boundaries."
      LayoutBlockFlow {DIV} at (0,34) size 784x107
        LayoutText {#text} at (0,89) size 130x17
          text run at (0,89) width 130: "The caret should be "
        LayoutImage {IMG} at (129.72,0) size 76x103
        LayoutText {#text} at (205,89) size 212x17
          text run at (205,89) width 212: "at the beginning of this sentence."
caret: position 0 of child 0 {#text} of child 2 {DIV} of body
