layer at (0,0) size 800x600
  LayoutView at (0,0) size 800x600
layer at (0,0) size 800x600
  LayoutBlockFlow {HTML} at (0,0) size 800x600
    LayoutBlockFlow {BODY} at (8,8) size 784x584
      LayoutBlockFlow {P} at (0,0) size 784x18
        LayoutText {#text} at (0,0) size 646x17
          text run at (0,0) width 646: "This tests caret painting before a table, you should see a caret before the table containing 'foo' above."
      LayoutBlockFlow {DIV} at (0,34) size 784x26
        LayoutTable {TABLE} at (0,0) size 30x26 [border: (1px solid #AAAAAA)]
          LayoutTableSection {TBODY} at (1,1) size 28x24
            LayoutTableRow {TR} at (0,2) size 28x20
              LayoutTableCell {TD} at (2,2) size 24x20 [r=0 c=0 rs=1 cs=1]
                LayoutText {#text} at (1,1) size 22x17
                  text run at (1,1) width 22: "foo"
caret: position 0 of child 0 {TABLE} of child 2 {DIV} of body
