layer at (0,0) size 800x600
  LayoutView at (0,0) size 800x600
layer at (0,0) size 800x600
  LayoutBlockFlow {HTML} at (0,0) size 800x600
    LayoutBlockFlow {BODY} at (8,8) size 784x576
      LayoutBlockFlow {P} at (0,0) size 784x36
        LayoutText {#text} at (0,0) size 775x35
          text run at (0,0) width 775: "This tests for a bug where moving the selection to the end of the document would move it outside of an editable region if"
          text run at (0,18) width 250: "the selection started just before a table."
      LayoutBlockFlow {DIV} at (0,52) size 784x44
        LayoutTable {TABLE} at (0,0) size 30x26 [border: (1px solid #AAAAAA)]
          LayoutTableSection {TBODY} at (1,1) size 28x24
            LayoutTableRow {TR} at (0,2) size 28x20
              LayoutTableCell {TD} at (2,2) size 24x20 [r=0 c=0 rs=1 cs=1]
                LayoutText {#text} at (1,1) size 22x17
                  text run at (1,1) width 22: "foo"
        LayoutBlockFlow (anonymous) at (0,26) size 784x18
          LayoutText {#text} at (0,0) size 21x17
            text run at (0,0) width 21: "bar"
      LayoutBlockFlow {P} at (0,112) size 784x18
        LayoutText {#text} at (0,0) size 574x17
          text run at (0,0) width 574: "In the above editable region, you should see 'foo' in the bordered table and 'bar' outside it."
caret: position 3 of child 1 {#text} of child 2 {DIV} of body
