layer at (0,0) size 800x600
  LayoutView at (0,0) size 800x600
layer at (0,0) size 800x600
  LayoutBlockFlow {HTML} at (0,0) size 800x600
    LayoutBlockFlow {BODY} at (8,8) size 784x584
      LayoutBlockFlow {P} at (0,0) size 784x36
        LayoutText {#text} at (0,0) size 769x35
          text run at (0,0) width 457: "This tests clicking to place a caret in the padding of an editable region. "
          text run at (456,0) width 313: "The eventSender clicks to the left of the ToDo in"
          text run at (0,18) width 537: "the left padding of the editable region and the caret should be just before that ToDo."
      LayoutBlockFlow {DIV} at (0,52) size 784x116 [border: (1px solid #000000)]
        LayoutBlockFlow {DIV} at (26,26) size 732x18
          LayoutText {#text} at (0,0) size 100x17
            text run at (0,0) width 100: "Paragraph One."
        LayoutTable {TABLE} at (26,44) size 91x28 [border: (1px solid #BBBBBB)]
          LayoutTableSection {TBODY} at (1,1) size 89x26
            LayoutTableRow {TR} at (0,2) size 89x22 [border: (1px solid #BBBBBB)]
              LayoutTableCell {TD} at (2,2) size 8x22 [border: (1px solid #BBBBBB)] [r=0 c=0 rs=1 cs=1]
                LayoutText {#text} at (2,2) size 4x17
                  text run at (2,2) width 4: " "
              LayoutTableCell {TD} at (12,2) size 75x22 [border: (1px solid #BBBBBB)] [r=0 c=1 rs=1 cs=1]
                LayoutText {#text} at (2,2) size 71x17
                  text run at (2,2) width 71: "ToDo One."
        LayoutBlockFlow {DIV} at (26,72) size 732x18
          LayoutText {#text} at (0,0) size 102x17
            text run at (0,0) width 102: "Paragraph Two."
caret: position 0 of child 3 {TABLE} of child 3 {DIV} of body
