EDITING DELEGATE: webViewDidChangeSelection:WebViewDidChangeSelectionNotification
EDITING DELEGATE: webViewDidChangeSelection:WebViewDidChangeSelectionNotification
layer at (0,0) size 800x600
  LayoutView at (0,0) size 800x600
layer at (0,0) size 800x600
  LayoutBlockFlow {HTML} at (0,0) size 800x600
    LayoutBlockFlow {BODY} at (8,8) size 784x584
      LayoutBlockFlow {P} at (0,0) size 784x54
        LayoutText {#text} at (0,0) size 135x17
          text run at (0,0) width 135: "This is a testcase for "
        LayoutInline {A} at (0,0) size 350x17 [color=#0000EE]
          LayoutText {#text} at (134,0) size 350x17
            text run at (134,0) width 350: "http://bugzilla.opendarwin.org/show_bug.cgi?id=7152"
        LayoutText {#text} at (483,0) size 784x53
          text run at (483,0) width 9: ". "
          text run at (491,0) width 261: "Adding visible candidates after tables, at"
          text run at (751,0) width 5: " "
          text run at (0,18) width 782: "[table, numberOfChildren], threw LayoutView::setSelection for a loop because it assumed the end of a selection would be"
          text run at (781,18) width 3: " "
          text run at (0,36) width 144: "inside an atomic node."
      LayoutBlockFlow {HR} at (0,70) size 784x2 [border: (1px inset #EEEEEE)]
      LayoutTable {TABLE} at (0,80) size 164x52 [border: (1px outset #808080)]
        LayoutTableSection {TBODY} at (1,1) size 162x50
          LayoutTableRow {TR} at (0,2) size 162x22
            LayoutTableCell {TD} at (2,2) size 158x22 [border: (1px inset #808080)] [r=0 c=0 rs=1 cs=1]
              LayoutText {#text} at (2,2) size 154x17
                text run at (2,2) width 154: "This should be selected."
          LayoutTableRow {TR} at (0,26) size 162x22
            LayoutTableCell {TD} at (2,26) size 158x22 [border: (1px inset #808080)] [r=1 c=0 rs=1 cs=1]
              LayoutText {#text} at (2,2) size 154x17
                text run at (2,2) width 154: "This should be selected."
selection start: position 0 of child 0 {#text} of child 1 {P} of body
selection end:   position 1 of child 5 {TABLE} of body
