layer at (0,0) size 800x600
  LayoutView at (0,0) size 800x600
layer at (0,0) size 800x600
  LayoutBlockFlow {HTML} at (0,0) size 800x600
    LayoutBlockFlow {BODY} at (8,8) size 784x584
      LayoutBlockFlow {DIV} at (0,0) size 784x94 [border: (5px solid #FF0000)]
        LayoutMenuList {SELECT} at (37,37) size 49x20 [bgcolor=#FFFFFF] [border: (1px solid #A9A9A9)]
          LayoutBlockFlow (anonymous) at (1,1) size 47x18
            LayoutText (anonymous) at (4,1) size 24x16
              text run at (4,1) width 24: "One"
        LayoutText {#text} at (86,38) size 27x17
          text run at (86,38) width 27: "blaa"
caret: position 0 of child 0 {SELECT} of child 0 {DIV} of body
