layer at (0,0) size 800x600
  LayoutView at (0,0) size 800x600
layer at (0,0) size 800x600
  LayoutBlockFlow {HTML} at (0,0) size 800x600
    LayoutBlockFlow {BODY} at (8,8) size 784x579
      LayoutBlockFlow (anonymous) at (0,0) size 784x54
        LayoutText {#text} at (0,0) size 778x53
          text run at (0,0) width 778: "This tests to see that a caret is placed inside an editable document that is entirely editable even when no caret is requested"
          text run at (0,18) width 121: "programmatically. "
          text run at (120,18) width 190: "We do this as a convenience. "
          text run at (309,18) width 424: "Right now, we only do this convenience when a document's frame"
          text run at (0,36) width 442: "becomes first responder or when a document's window becomes key."
      LayoutBlockFlow {PRE} at (0,67) size 784x32
        LayoutText {#text} at (0,0) size 296x32
          text run at (0,0) width 296: "Test Failed - there should be a caret"
          text run at (296,0) width 0: " "
          text run at (0,16) width 0: " "
