EDITING DELEGATE: webViewDidChangeSelection:WebViewDidChangeSelectionNotification
EDITING DELEGATE: webViewDidChangeSelection:WebViewDidChangeSelectionNotification
EDITING DELEGATE: webViewDidChangeSelection:WebViewDidChangeSelectionNotification
EDITING DELEGATE: webViewDidChangeSelection:WebViewDidChangeSelectionNotification
EDITING DELEGATE: webViewDidChangeSelection:WebViewDidChangeSelectionNotification
layer at (0,0) size 800x600
  LayoutView at (0,0) size 800x600
layer at (0,0) size 800x600
  LayoutBlockFlow {HTML} at (0,0) size 800x600
    LayoutBlockFlow {BODY} at (8,8) size 784x584
      LayoutBlockFlow {DIV} at (0,0) size 784x82 [border: (2px solid #FF0000)]
        LayoutBlockFlow {FRIJOLE} at (14,14) size 756x54
          LayoutBlockFlow (anonymous) at (0,0) size 756x27
            LayoutText {#text} at (0,0) size 131x26
              text run at (0,0) width 131: "one two three"
            LayoutInline {FRIJOLE} at (0,0) size 1x26
              LayoutText {#text} at (0,0) size 0x0
          LayoutBlockFlow (anonymous) at (0,27) size 756x27
            LayoutBlockFlow {DOODAD} at (0,0) size 756x27
              LayoutText {#text} at (0,0) size 118x26
                text run at (0,0) width 118: "four five six"
          LayoutBlockFlow (anonymous) at (0,54) size 756x0
            LayoutInline {FRIJOLE} at (0,0) size 0x0
selection start: position 0 of child 0 {#text} of child 1 {DOODAD} of child 1 {FRIJOLE} of child 1 {FRIJOLE} of child 1 {DIV} of body
selection end:   position 13 of child 0 {#text} of child 1 {DOODAD} of child 1 {FRIJOLE} of child 1 {FRIJOLE} of child 1 {DIV} of body
