EDITING DELEGATE: webViewDidChangeSelection:WebViewDidChangeSelectionNotification
EDITING DELEGATE: webViewDidChangeSelection:WebViewDidChangeSelectionNotification
layer at (0,0) size 800x600
  LayoutView at (0,0) size 800x600
layer at (0,0) size 800x600
  LayoutBlockFlow {HTML} at (0,0) size 800x600
    LayoutBlockFlow {BODY} at (8,8) size 784x584
      LayoutInline {SPAN} at (0,0) size 20x17
        LayoutText {#text} at (0,0) size 20x17
          text run at (0,0) width 20: "On"
      LayoutText {#text} at (19,0) size 745x35
        text run at (19,0) width 477: "ly the first two letters of the first word in this sentence should be selected. "
        text run at (495,0) width 246: "To run this test manually, double click"
        text run at (740,0) width 5: " "
        text run at (0,18) width 419: "between the first two letters of the first word of the first sentence."
      LayoutText {#text} at (0,0) size 0x0
selection start: position 0 of child 0 {#text} of child 0 {SPAN} of body
selection end:   position 2 of child 0 {#text} of child 0 {SPAN} of body
