EDITING DELEGATE: webViewDidChangeSelection:WebViewDidChangeSelectionNotification
EDITING DELEGATE: webViewDidChangeSelection:WebViewDidChangeSelectionNotification
EDITING DELEGATE: webViewDidChangeSelection:WebViewDidChangeSelectionNotification
EDITING DELEGATE: webViewDidChangeSelection:WebViewDidChangeSelectionNotification
layer at (0,0) size 800x600
  LayoutView at (0,0) size 800x600
layer at (0,0) size 800x600
  LayoutBlockFlow {HTML} at (0,0) size 800x600
    LayoutBlockFlow {BODY} at (8,8) size 784x584
      LayoutBlockFlow {P} at (0,0) size 784x18
        LayoutText {#text} at (0,0) size 712x17
          text run at (0,0) width 379: "This tests modifying a selection created with a triple click. "
          text run at (378,0) width 334: "The new selection should use paragraph granularity."
      LayoutBlockFlow {P} at (0,34) size 784x54 [color=#008000]
        LayoutText {#text} at (0,0) size 767x53
          text run at (0,0) width 229: "This test does not run interactively. "
          text run at (228,0) width 360: "It uses the testRunners eventSender to do mouse clicks. "
          text run at (587,0) width 170: "To run it manually, double"
          text run at (0,18) width 322: "click on the blue 'g', then drag down to the red 'g'. "
          text run at (321,18) width 446: "As you drag, watch the selection that is created, it should always start"
          text run at (0,36) width 217: "and end on paragraph boundaries."
      LayoutBlockFlow {DIV} at (0,104) size 784x108
        LayoutText {#text} at (0,0) size 86x17
          text run at (0,0) width 86: "This is a para"
        LayoutInline {SPAN} at (0,0) size 9x17 [color=#0000FF]
          LayoutText {#text} at (85,0) size 9x17
            text run at (85,0) width 9: "g"
        LayoutText {#text} at (93,0) size 34x17
          text run at (93,0) width 34: "raph."
        LayoutBR {BR} at (126,14) size 1x0
        LayoutText {#text} at (0,18) size 65x17
          text run at (0,18) width 65: "Some text"
        LayoutBR {BR} at (64,32) size 1x0
        LayoutText {#text} at (0,36) size 65x17
          text run at (0,36) width 65: "Some text"
        LayoutBR {BR} at (64,50) size 1x0
        LayoutText {#text} at (0,54) size 65x17
          text run at (0,54) width 65: "Some text"
        LayoutBR {BR} at (64,68) size 1x0
        LayoutText {#text} at (0,72) size 65x17
          text run at (0,72) width 65: "Some text"
        LayoutBR {BR} at (64,86) size 1x0
        LayoutText {#text} at (0,90) size 86x17
          text run at (0,90) width 86: "This is a para"
        LayoutInline {SPAN} at (0,0) size 9x17 [color=#FF0000]
          LayoutText {#text} at (85,90) size 9x17
            text run at (85,90) width 9: "g"
        LayoutText {#text} at (93,90) size 34x17
          text run at (93,90) width 34: "raph."
selection start: position 1 of child 0 {#text} of child 5 {DIV} of body
selection end:   position 5 of child 14 {#text} of child 5 {DIV} of body
