EDITING DELEGATE: webViewDidChangeSelection:WebViewDidChangeSelectionNotification
EDITING DELEGATE: webViewDidChangeSelection:WebViewDidChangeSelectionNotification
layer at (0,0) size 800x600 scrollWidth 820 scrollHeight 900
  LayoutView at (0,0) size 800x600
layer at (0,0) size 800x900 backgroundClip at (0,0) size 800x600 clip at (0,0) size 800x600
  LayoutBlockFlow {HTML} at (0,0) size 800x900
    LayoutBlockFlow {BODY} at (8,64) size 784x772
      LayoutBlockFlow {DIV} at (64,0) size 748x772 [border: (50px solid #FF0000)]
        LayoutBlockFlow {DIV} at (74,74) size 600x624
          LayoutText {#text} at (0,11) size 581x122
            text run at (0,11) width 550: "Four score and seven years ago our fathers brought forth,"
            text run at (549,11) width 7: " "
            text run at (0,59) width 575: "upon this continent, a new nation, conceived in Liberty, and"
            text run at (574,59) width 7: " "
            text run at (0,107) width 393: "dedicated to the proposition that all men "
          LayoutBR {BR} at (0,0) size 0x0
          LayoutText {#text} at (0,155) size 584x122
            text run at (0,155) width 568: "are created equal. Now we are engaged in a great civil war,"
            text run at (567,155) width 7: " "
            text run at (0,203) width 578: "testing whether that nation, or any nation, so conceived, and"
            text run at (577,203) width 7: " "
            text run at (0,251) width 560: "so dedicated, can long endure. We are met here on a great "
          LayoutBR {BR} at (559,272) size 1x0
          LayoutText {#text} at (0,299) size 594x170
            text run at (0,299) width 588: "battlefield of that war. We have come to dedicate a portion of"
            text run at (587,299) width 7: " "
            text run at (0,347) width 572: "it as a final resting place for those who here gave their lives"
            text run at (571,347) width 7: " "
            text run at (0,395) width 573: "that that nation might live. It is altogether fitting and proper"
            text run at (572,395) width 7: " "
            text run at (0,443) width 223: "that we should do this. "
          LayoutBR {BR} at (222,464) size 1x0
          LayoutText {#text} at (0,491) size 581x122
            text run at (0,491) width 550: "Four score and seven years ago our fathers brought forth,"
            text run at (549,491) width 7: " "
            text run at (0,539) width 575: "upon this continent, a new nation, conceived in Liberty, and"
            text run at (574,539) width 7: " "
            text run at (0,587) width 562: "dedicated to the proposition that all men are created equal."
selection start: position 1 of child 0 {#text} of child 1 {DIV} of child 1 {DIV} of body
selection end:   position 180 of child 6 {#text} of child 1 {DIV} of child 1 {DIV} of body
