layer at (0,0) size 800x600
  LayoutView at (0,0) size 800x600
layer at (0,0) size 800x138
  LayoutBlockFlow {HTML} at (0,0) size 800x138
    LayoutBlockFlow {BODY} at (8,16) size 784x114
      LayoutBlockFlow {P} at (0,0) size 784x18
        LayoutText {#text} at (0,0) size 566x17
          text run at (0,0) width 566: "To PASS this test case the text of the button label should not be selected in the selection."
      LayoutBlockFlow {DIV} at (0,34) size 784x80
        LayoutBlockFlow (anonymous) at (0,0) size 784x40
          LayoutText {#text} at (0,0) size 50x17
            text run at (0,0) width 50: "Buttons"
          LayoutBR {BR} at (49,0) size 1x17
          LayoutText {#text} at (0,20) size 61x17
            text run at (0,20) width 61: "with text "
          LayoutButton {INPUT} at (60.44,18) size 62x22 [bgcolor=#C0C0C0] [border: (2px outset #C0C0C0)]
            LayoutBlockFlow (anonymous) at (8,3) size 46x16
              LayoutText {#text} at (0,0) size 46x16
                text run at (0,0) width 46: "too little"
          LayoutText {#text} at (122,20) size 59x17
            text run at (122,20) width 59: " too little"
        LayoutBlockFlow {DIV} at (0,40) size 784x22
          LayoutText {#text} at (0,2) size 56x17
            text run at (0,2) width 56: "and text "
          LayoutButton {INPUT} at (55.09,0) size 70x22 [bgcolor=#C0C0C0] [border: (2px outset #C0C0C0)]
            LayoutBlockFlow (anonymous) at (8,3) size 54x16
              LayoutText {#text} at (0,0) size 54x16
                text run at (0,0) width 54: "too much"
          LayoutText {#text} at (125,2) size 65x17
            text run at (125,2) width 65: " too much"
        LayoutBlockFlow (anonymous) at (0,62) size 784x18
          LayoutText {#text} at (0,0) size 250x17
            text run at (0,0) width 250: "Should not be selected in the selection."
selection start: position 0 of child 0 {#text} of child 1 {P} of body
selection end:   position 41 of child 6 {#text} of child 3 {DIV} of body
