EDITING DELEGATE: webViewDidChangeSelection:WebViewDidChangeSelectionNotification
layer at (0,0) size 800x600
  LayoutView at (0,0) size 800x600
layer at (0,0) size 800x600
  LayoutBlockFlow {HTML} at (0,0) size 800x600
    LayoutBlockFlow {BODY} at (8,8) size 784x584
      LayoutBlockFlow {P} at (0,0) size 784x18
        LayoutText {#text} at (0,0) size 391x17
          text run at (0,0) width 391: "This tests the caret position for the caret before a block table."
      LayoutBlockFlow {DIV} at (0,34) size 784x112
        LayoutBlockFlow (anonymous) at (0,0) size 784x18
          LayoutText {#text} at (0,0) size 22x17
            text run at (0,0) width 22: "foo"
        LayoutTable {TABLE} at (0,18) size 53x76 [border: (1px solid #999999)]
          LayoutTableSection {TBODY} at (1,1) size 51x74
            LayoutTableRow {TR} at (0,2) size 51x22
              LayoutTableCell {TD} at (2,2) size 47x22 [border: (1px solid #999999)] [r=0 c=0 rs=1 cs=1]
                LayoutText {#text} at (2,2) size 24x17
                  text run at (2,2) width 24: "this"
            LayoutTableRow {TR} at (0,26) size 51x22
              LayoutTableCell {TD} at (2,26) size 47x22 [border: (1px solid #999999)] [r=1 c=0 rs=1 cs=1]
                LayoutText {#text} at (2,2) size 11x17
                  text run at (2,2) width 11: "is"
            LayoutTableRow {TR} at (0,50) size 51x22
              LayoutTableCell {TD} at (2,50) size 47x22 [border: (1px solid #999999)] [r=2 c=0 rs=1 cs=1]
                LayoutText {#text} at (2,2) size 43x17
                  text run at (2,2) width 43: "a table"
        LayoutBlockFlow (anonymous) at (0,94) size 784x18
          LayoutText {#text} at (0,0) size 23x17
            text run at (0,0) width 23: "baz"
caret: position 0 of child 1 {TABLE} of child 2 {DIV} of body
