layer at (0,0) size 800x600
  LayoutView at (0,0) size 800x600
layer at (0,0) size 800x368
  LayoutBlockFlow {HTML} at (0,0) size 800x368
    LayoutBlockFlow {BODY} at (8,16) size 784x302
      LayoutBlockFlow (floating) {DIV} at (0,0) size 470.39x352
        LayoutBlockFlow {P} at (0,16) size 470.39x54
          LayoutText {#text} at (0,0) size 429x17
            text run at (0,0) width 429: "This test case illustrates incorrect positioning of list items within a "
          LayoutInline {CODE} at (0,0) size 469x34
            LayoutText {#text} at (428,2) size 469x34
              text run at (428,2) width 41: "text-"
              text run at (0,20) width 96: "align: right"
          LayoutText {#text} at (96,18) size 73x17
            text run at (96,18) width 73: " div after a "
          LayoutInline {CODE} at (0,0) size 89x16
            LayoutText {#text} at (168,20) size 89x16
              text run at (168,20) width 89: "float: left"
          LayoutText {#text} at (256,18) size 33x17
            text run at (256,18) width 33: " div. "
          LayoutInline {A} at (0,0) size 425x35 [color=#0000EE]
            LayoutText {#text} at (288,18) size 425x35
              text run at (288,18) width 137: "Screenshot of correct"
              text run at (0,36) width 56: "behavior"
          LayoutText {#text} at (55,36) size 10x17
            text run at (55,36) width 10: "; "
          LayoutInline {A} at (0,0) size 128x17 [color=#0000EE]
            LayoutText {#text} at (64,36) size 128x17
              text run at (64,36) width 128: "screenshot of Safari"
          LayoutText {#text} at (191,36) size 5x17
            text run at (191,36) width 5: "."
        LayoutBlockFlow {P} at (0,86) size 470.39x36
          LayoutText {#text} at (0,0) size 455x17
            text run at (0,0) width 455: "This bug only occurs on pages with a standards-compliant DOCTYPE."
          LayoutInline {A} at (0,0) size 261x17 [color=#0000EE]
            LayoutText {#text} at (0,18) size 261x17
              text run at (0,18) width 261: "View this test case without a DOCTYPE"
          LayoutText {#text} at (260,18) size 5x17
            text run at (260,18) width 5: "."
        LayoutBlockFlow {OL} at (0,138) size 470.39x198
          LayoutListItem {LI} at (40,0) size 430.39x36
            LayoutListMarker (anonymous) at (-16,0) size 16x17: "1"
            LayoutText {#text} at (0,0) size 406x35
              text run at (0,0) width 159: "New larger PowerBook. "
              text run at (158,0) width 248: "Still 1 GHz, but with a 17-inch screen."
              text run at (0,18) width 44: "$3299."
          LayoutListItem {LI} at (40,36) size 430.39x18
            LayoutListMarker (anonymous) at (-16,0) size 16x17: "2"
            LayoutText {#text} at (0,0) size 359x17
              text run at (0,0) width 315: "New smaller PowerBook, with a 12-inch screen. "
              text run at (314,0) width 45: "$1799."
          LayoutListItem {LI} at (40,54) size 430.39x54
            LayoutListMarker (anonymous) at (-16,0) size 16x17: "3"
            LayoutText {#text} at (0,0) size 95x17
              text run at (0,0) width 95: "New browser: "
            LayoutInline {A} at (0,0) size 39x17 [color=#0000EE]
              LayoutText {#text} at (94,0) size 39x17
                text run at (94,0) width 39: "Safari"
            LayoutText {#text} at (132,0) size 73x17
              text run at (132,0) width 9: ". "
              text run at (140,0) width 65: "Engine is "
            LayoutInline {A} at (0,0) size 78x17 [color=#0000EE]
              LayoutText {#text} at (204,0) size 78x17
                text run at (204,0) width 78: "open source"
            LayoutText {#text} at (281,0) size 21x17
              text run at (281,0) width 21: " (a "
            LayoutInline {A} at (0,0) size 110x17 [color=#0000EE]
              LayoutText {#text} at (301,0) size 110x17
                text run at (301,0) width 110: "modified version"
            LayoutText {#text} at (410,0) size 18x17
              text run at (410,0) width 18: " of"
            LayoutInline {A} at (0,0) size 57x17 [color=#0000EE]
              LayoutText {#text} at (0,18) size 57x17
                text run at (0,18) width 57: "KHTML"
            LayoutText {#text} at (56,18) size 415x35
              text run at (56,18) width 359: "), rest of the application is free but not open source (just"
              text run at (0,36) width 86: "like the OS). "
              text run at (85,36) width 124: "Only runs on 10.2. "
              text run at (208,36) width 158: "Currently in public beta."
          LayoutListItem {LI} at (40,108) size 430.39x36
            LayoutListMarker (anonymous) at (-16,0) size 16x17: "4"
            LayoutText {#text} at (0,0) size 399x35
              text run at (0,0) width 243: "New presentation software: Keynote. "
              text run at (242,0) width 157: "The software Steve Jobs"
              text run at (0,18) width 32: "uses."
          LayoutListItem {LI} at (40,144) size 430.39x36
            LayoutListMarker (anonymous) at (-16,0) size 16x17: "5"
            LayoutText {#text} at (0,0) size 109x17
              text run at (0,0) width 109: "New versions of "
            LayoutInline {A} at (0,0) size 48x17 [color=#0000EE]
              LayoutText {#text} at (108,0) size 48x17
                text run at (108,0) width 48: "iMovie"
            LayoutText {#text} at (155,0) size 9x17
              text run at (155,0) width 9: ", "
            LayoutInline {A} at (0,0) size 42x17 [color=#0000EE]
              LayoutText {#text} at (163,0) size 42x17
                text run at (163,0) width 42: "iPhoto"
            LayoutText {#text} at (204,0) size 9x17
              text run at (204,0) width 9: ", "
            LayoutInline {A} at (0,0) size 44x17 [color=#0000EE]
              LayoutText {#text} at (212,0) size 44x17
                text run at (212,0) width 44: "iTunes"
            LayoutText {#text} at (255,0) size 174x17
              text run at (255,0) width 9: ". "
              text run at (263,0) width 166: "Bundled into a box called"
            LayoutInline {A} at (0,0) size 32x17 [color=#0000EE]
              LayoutText {#text} at (0,18) size 32x17
                text run at (0,18) width 32: "iLife"
            LayoutText {#text} at (31,18) size 59x17
              text run at (31,18) width 59: ", for $49."
          LayoutListItem {LI} at (40,180) size 430.39x18
            LayoutListMarker (anonymous) at (-16,0) size 16x17: "6"
            LayoutInline {A} at (0,0) size 115x17 [color=#0000EE]
              LayoutText {#text} at (0,0) size 115x17
                text run at (0,0) width 115: "Final Cut Express"
            LayoutText {#text} at (114,0) size 168x17
              text run at (114,0) width 132: " for creating DVDs. "
              text run at (245,0) width 37: "$299."
      LayoutBlockFlow {DIV} at (0,0) size 784x302
        LayoutBlockFlow {UL} at (0,0) size 784x144
          LayoutListItem {LI} at (40,0) size 744x18
            LayoutListMarker (anonymous) at (413.39,0) size 7x17: bullet
            LayoutInline {A} at (0,0) size 40x17 [color=#0000EE]
              LayoutText {#text} at (704,0) size 40x17
                text run at (704,0) width 40: "About"
          LayoutListItem {LI} at (40,18) size 744x18
            LayoutListMarker (anonymous) at (413.39,0) size 7x17: bullet
            LayoutInline {A} at (0,0) size 57x17 [color=#0000EE]
              LayoutText {#text} at (687,0) size 57x17
                text run at (687,0) width 57: "Site map"
          LayoutListItem {LI} at (40,36) size 744x18
            LayoutListMarker (anonymous) at (413.39,0) size 7x17: bullet
            LayoutInline {A} at (0,0) size 58x17 [color=#0000EE]
              LayoutText {#text} at (686,0) size 58x17
                text run at (686,0) width 58: "Archives"
          LayoutListItem {LI} at (40,54) size 744x18
            LayoutListMarker (anonymous) at (413.39,0) size 7x17: bullet
            LayoutInline {A} at (0,0) size 52x17 [color=#0000EE]
              LayoutText {#text} at (692,0) size 52x17
                text run at (692,0) width 52: "Projects"
          LayoutListItem {LI} at (40,72) size 744x18
            LayoutListMarker (anonymous) at (413.39,0) size 7x17: bullet
            LayoutInline {A} at (0,0) size 44x17 [color=#0000EE]
              LayoutText {#text} at (700,0) size 44x17
                text run at (700,0) width 44: "Photos"
          LayoutListItem {LI} at (40,90) size 744x18
            LayoutListMarker (anonymous) at (413.39,0) size 7x17: bullet
            LayoutInline {A} at (0,0) size 58x17 [color=#0000EE]
              LayoutText {#text} at (686,0) size 58x17
                text run at (686,0) width 58: "Statistics"
          LayoutListItem {LI} at (40,108) size 744x18
            LayoutListMarker (anonymous) at (413.39,0) size 7x17: bullet
            LayoutInline {A} at (0,0) size 149x17 [color=#0000EE]
              LayoutText {#text} at (595,0) size 149x17
                text run at (595,0) width 149: "Accessibility statement"
          LayoutListItem {LI} at (40,126) size 744x18
            LayoutListMarker (anonymous) at (413.39,0) size 7x17: bullet
            LayoutInline {A} at (0,0) size 29x17 [color=#0000EE]
              LayoutText {#text} at (630,0) size 29x17
                text run at (630,0) width 29: "RSS"
            LayoutText {#text} at (658,0) size 11x17
              text run at (658,0) width 11: " ("
            LayoutInline {A} at (0,0) size 71x17 [color=#0000EE]
              LayoutText {#text} at (668,0) size 71x17
                text run at (668,0) width 71: "more feeds"
            LayoutText {#text} at (738,0) size 6x17
              text run at (738,0) width 6: ")"
        LayoutBlockFlow {UL} at (0,160) size 784x18
          LayoutListItem {LI} at (40,0) size 744x18
            LayoutListMarker (anonymous) at (413.39,0) size 7x17: bullet
            LayoutInline {A} at (0,0) size 89x17 [color=#0000EE]
              LayoutText {#text} at (655,0) size 89x17
                text run at (655,0) width 89: "What is RSS?"
        LayoutBlockFlow {UL} at (0,194) size 784x108
          LayoutListItem {LI} at (40,0) size 744x18
            LayoutListMarker (anonymous) at (413.39,0) size 7x17: bullet
            LayoutInline {A} at (0,0) size 92x17 [color=#0000EE]
              LayoutText {#text} at (652,0) size 92x17
                text run at (652,0) width 92: "RSS Validator"
          LayoutListItem {LI} at (40,18) size 744x18
            LayoutListMarker (anonymous) at (413.39,0) size 7x17: bullet
            LayoutInline {A} at (0,0) size 149x17 [color=#0000EE]
              LayoutText {#text} at (595,0) size 149x17
                text run at (595,0) width 149: "Dive Into Accessibility"
          LayoutListItem {LI} at (40,36) size 744x18
            LayoutListMarker (anonymous) at (413.39,0) size 7x17: bullet
            LayoutInline {A} at (0,0) size 101x17 [color=#0000EE]
              LayoutText {#text} at (643,0) size 101x17
                text run at (643,0) width 101: "Dive Into OS X"
          LayoutListItem {LI} at (40,54) size 744x18
            LayoutListMarker (anonymous) at (413.39,0) size 7x17: bullet
            LayoutInline {A} at (0,0) size 99x17 [color=#0000EE]
              LayoutText {#text} at (645,0) size 99x17
                text run at (645,0) width 99: "Dive Into J2EE"
          LayoutListItem {LI} at (40,72) size 744x18
            LayoutListMarker (anonymous) at (413.39,0) size 7x17: bullet
            LayoutInline {A} at (0,0) size 111x17 [color=#0000EE]
              LayoutText {#text} at (633,0) size 111x17
                text run at (633,0) width 111: "Dive Into Python"
          LayoutListItem {LI} at (40,90) size 744x18
            LayoutListMarker (anonymous) at (413.39,0) size 7x17: bullet
            LayoutInline {A} at (0,0) size 47x17 [color=#0000EE]
              LayoutText {#text} at (697,0) size 47x17
                text run at (697,0) width 47: "r\x{E9}sum\x{E9}"
