layer at (0,0) size 800x600
  LayoutView at (0,0) size 800x600
layer at (0,0) size 458x600
  LayoutBlockFlow {HTML} at (0,0) size 458x600
    LayoutBlockFlow {BODY} at (16,8) size 302x584
      LayoutBlockFlow (floating) {DIV} at (0,0) size 442x350.39
        LayoutBlockFlow {P} at (16,0) size 72x350.39
          LayoutText {#text} at (0,0) size 36x331
            text run at (0,0) width 331: "This test case illustrates incorrect positioning of list"
            text run at (19,0) width 95: "items within a "
          LayoutInline {CODE} at (0,0) size 16x137
            LayoutText {#text} at (18,94) size 16x137
              text run at (18,94) width 136: "text-align: right"
          LayoutText {#text} at (19,230) size 17x70
            text run at (19,230) width 69: " div after a"
          LayoutInline {CODE} at (0,0) size 16x88
            LayoutText {#text} at (36,0) size 16x88
              text run at (36,0) width 88: "float: left"
          LayoutText {#text} at (37,88) size 17x32
            text run at (37,88) width 32: " div. "
          LayoutInline {A} at (0,0) size 17x197 [color=#0000EE]
            LayoutText {#text} at (37,119) size 17x197
              text run at (37,119) width 196: "Screenshot of correct behavior"
          LayoutText {#text} at (37,315) size 17x5
            text run at (37,315) width 5: ";"
          LayoutInline {A} at (0,0) size 17x128 [color=#0000EE]
            LayoutText {#text} at (54,0) size 17x128
              text run at (54,0) width 128: "screenshot of Safari"
          LayoutText {#text} at (54,127) size 17x5
            text run at (54,127) width 4: "."
        LayoutBlockFlow {P} at (104,0) size 54x350.39
          LayoutText {#text} at (0,0) size 35x309
            text run at (0,0) width 309: "This bug only occurs on pages with a standards-"
            text run at (18,0) width 150: "compliant DOCTYPE. "
          LayoutInline {A} at (0,0) size 35x333 [color=#0000EE]
            LayoutText {#text} at (18,149) size 35x333
              text run at (18,149) width 183: "View this test case without a"
              text run at (36,0) width 74: "DOCTYPE"
          LayoutText {#text} at (36,73) size 17x5
            text run at (36,73) width 4: "."
        LayoutBlockFlow {OL} at (174,0) size 252x350.39
          LayoutListItem {LI} at (0,40) size 36x310.39
            LayoutListMarker (anonymous) at (0,-16) size 17x16: "1"
            LayoutText {#text} at (0,0) size 35x304
              text run at (0,0) width 159: "New larger PowerBook. "
              text run at (0,158) width 145: "Still 1 GHz, but with a"
              text run at (18,0) width 146: "17-inch screen. $3299."
          LayoutListItem {LI} at (36,40) size 36x310.39
            LayoutListMarker (anonymous) at (0,-16) size 17x16: "2"
            LayoutText {#text} at (0,0) size 35x311
              text run at (0,0) width 311: "New smaller PowerBook, with a 12-inch screen."
              text run at (18,0) width 44: "$1799."
          LayoutListItem {LI} at (72,40) size 90x310.39
            LayoutListMarker (anonymous) at (0,-16) size 17x16: "3"
            LayoutText {#text} at (0,0) size 17x95
              text run at (0,0) width 95: "New browser: "
            LayoutInline {A} at (0,0) size 17x39 [color=#0000EE]
              LayoutText {#text} at (0,94) size 17x39
                text run at (0,94) width 39: "Safari"
            LayoutText {#text} at (0,132) size 17x73
              text run at (0,132) width 8: ". "
              text run at (0,140) width 64: "Engine is "
            LayoutInline {A} at (0,0) size 17x78 [color=#0000EE]
              LayoutText {#text} at (0,204) size 17x78
                text run at (0,204) width 77: "open source"
            LayoutText {#text} at (0,281) size 17x17
              text run at (0,281) width 17: " (a"
            LayoutInline {A} at (0,0) size 17x109 [color=#0000EE]
              LayoutText {#text} at (18,0) size 17x109
                text run at (18,0) width 109: "modified version"
            LayoutText {#text} at (18,108) size 17x23
              text run at (18,108) width 22: " of "
            LayoutInline {A} at (0,0) size 17x58 [color=#0000EE]
              LayoutText {#text} at (18,130) size 17x58
                text run at (18,130) width 57: "KHTML"
            LayoutText {#text} at (18,187) size 71x305
              text run at (18,187) width 78: "), rest of the"
              text run at (36,0) width 305: "application is free but not open source (just like"
              text run at (54,0) width 58: "the OS). "
              text run at (54,57) width 124: "Only runs on 10.2. "
              text run at (54,180) width 122: "Currently in public"
              text run at (72,0) width 31: "beta."
          LayoutListItem {LI} at (162,40) size 36x310.39
            LayoutListMarker (anonymous) at (0,-16) size 17x16: "4"
            LayoutText {#text} at (0,0) size 35x268
              text run at (0,0) width 243: "New presentation software: Keynote. "
              text run at (0,242) width 25: "The"
              text run at (18,0) width 163: "software Steve Jobs uses."
          LayoutListItem {LI} at (198,40) size 36x310.39
            LayoutListMarker (anonymous) at (0,-16) size 17x16: "5"
            LayoutText {#text} at (0,0) size 17x109
              text run at (0,0) width 109: "New versions of "
            LayoutInline {A} at (0,0) size 17x48 [color=#0000EE]
              LayoutText {#text} at (0,108) size 17x48
                text run at (0,108) width 47: "iMovie"
            LayoutText {#text} at (0,155) size 17x9
              text run at (0,155) width 8: ", "
            LayoutInline {A} at (0,0) size 17x42 [color=#0000EE]
              LayoutText {#text} at (0,163) size 17x42
                text run at (0,163) width 42: "iPhoto"
            LayoutText {#text} at (0,204) size 17x9
              text run at (0,204) width 8: ", "
            LayoutInline {A} at (0,0) size 17x44 [color=#0000EE]
              LayoutText {#text} at (0,212) size 17x44
                text run at (0,212) width 43: "iTunes"
            LayoutText {#text} at (0,255) size 35x260
              text run at (0,255) width 4: "."
              text run at (18,0) width 169: "Bundled into a box called "
            LayoutInline {A} at (0,0) size 17x32 [color=#0000EE]
              LayoutText {#text} at (18,168) size 17x32
                text run at (18,168) width 32: "iLife"
            LayoutText {#text} at (18,199) size 17x60
              text run at (18,199) width 59: ", for $49."
          LayoutListItem {LI} at (234,40) size 18x310.39
            LayoutListMarker (anonymous) at (0,-16) size 17x16: "6"
            LayoutInline {A} at (0,0) size 17x115 [color=#0000EE]
              LayoutText {#text} at (0,0) size 17x115
                text run at (0,0) width 115: "Final Cut Express"
            LayoutText {#text} at (0,114) size 17x168
              text run at (0,114) width 132: " for creating DVDs. "
              text run at (0,245) width 36: "$299."
      LayoutBlockFlow {DIV} at (0,0) size 302x584
        LayoutBlockFlow {UL} at (0,0) size 144x584
          LayoutListItem {LI} at (0,40) size 18x544
            LayoutListMarker (anonymous) at (0,293.39) size 17x7: bullet
            LayoutInline {A} at (0,0) size 17x40 [color=#0000EE]
              LayoutText {#text} at (0,504) size 17x40
                text run at (0,504) width 40: "About"
          LayoutListItem {LI} at (18,40) size 18x544
            LayoutListMarker (anonymous) at (0,293.39) size 17x7: bullet
            LayoutInline {A} at (0,0) size 17x57 [color=#0000EE]
              LayoutText {#text} at (0,487) size 17x57
                text run at (0,487) width 57: "Site map"
          LayoutListItem {LI} at (36,40) size 18x544
            LayoutListMarker (anonymous) at (0,293.39) size 17x7: bullet
            LayoutInline {A} at (0,0) size 17x58 [color=#0000EE]
              LayoutText {#text} at (0,486) size 17x58
                text run at (0,486) width 58: "Archives"
          LayoutListItem {LI} at (54,40) size 18x544
            LayoutListMarker (anonymous) at (0,293.39) size 17x7: bullet
            LayoutInline {A} at (0,0) size 17x52 [color=#0000EE]
              LayoutText {#text} at (0,492) size 17x52
                text run at (0,492) width 52: "Projects"
          LayoutListItem {LI} at (72,40) size 18x544
            LayoutListMarker (anonymous) at (0,293.39) size 17x7: bullet
            LayoutInline {A} at (0,0) size 17x44 [color=#0000EE]
              LayoutText {#text} at (0,500) size 17x44
                text run at (0,500) width 44: "Photos"
          LayoutListItem {LI} at (90,40) size 18x544
            LayoutListMarker (anonymous) at (0,293.39) size 17x7: bullet
            LayoutInline {A} at (0,0) size 17x58 [color=#0000EE]
              LayoutText {#text} at (0,486) size 17x58
                text run at (0,486) width 58: "Statistics"
          LayoutListItem {LI} at (108,40) size 18x544
            LayoutListMarker (anonymous) at (0,293.39) size 17x7: bullet
            LayoutInline {A} at (0,0) size 17x149 [color=#0000EE]
              LayoutText {#text} at (0,395) size 17x149
                text run at (0,395) width 149: "Accessibility statement"
          LayoutListItem {LI} at (126,40) size 18x544
            LayoutListMarker (anonymous) at (0,293.39) size 17x7: bullet
            LayoutInline {A} at (0,0) size 17x29 [color=#0000EE]
              LayoutText {#text} at (0,430) size 17x29
                text run at (0,430) width 29: "RSS"
            LayoutText {#text} at (0,458) size 17x11
              text run at (0,458) width 10: " ("
            LayoutInline {A} at (0,0) size 17x71 [color=#0000EE]
              LayoutText {#text} at (0,468) size 17x71
                text run at (0,468) width 71: "more feeds"
            LayoutText {#text} at (0,538) size 17x6
              text run at (0,538) width 6: ")"
        LayoutBlockFlow {UL} at (160,0) size 18x584
          LayoutListItem {LI} at (0,40) size 18x544
            LayoutListMarker (anonymous) at (0,293.39) size 17x7: bullet
            LayoutInline {A} at (0,0) size 17x89 [color=#0000EE]
              LayoutText {#text} at (0,455) size 17x89
                text run at (0,455) width 89: "What is RSS?"
        LayoutBlockFlow {UL} at (194,0) size 108x584
          LayoutListItem {LI} at (0,40) size 18x544
            LayoutListMarker (anonymous) at (0,293.39) size 17x7: bullet
            LayoutInline {A} at (0,0) size 17x91 [color=#0000EE]
              LayoutText {#text} at (0,453) size 17x91
                text run at (0,453) width 91: "RSS Validator"
          LayoutListItem {LI} at (18,40) size 18x544
            LayoutListMarker (anonymous) at (0,293.39) size 17x7: bullet
            LayoutInline {A} at (0,0) size 17x148 [color=#0000EE]
              LayoutText {#text} at (0,396) size 17x148
                text run at (0,396) width 148: "Dive Into Accessibility"
          LayoutListItem {LI} at (36,40) size 18x544
            LayoutListMarker (anonymous) at (0,293.39) size 17x7: bullet
            LayoutInline {A} at (0,0) size 17x101 [color=#0000EE]
              LayoutText {#text} at (0,443) size 17x101
                text run at (0,443) width 101: "Dive Into OS X"
          LayoutListItem {LI} at (54,40) size 18x544
            LayoutListMarker (anonymous) at (0,293.39) size 17x7: bullet
            LayoutInline {A} at (0,0) size 17x99 [color=#0000EE]
              LayoutText {#text} at (0,445) size 17x99
                text run at (0,445) width 99: "Dive Into J2EE"
          LayoutListItem {LI} at (72,40) size 18x544
            LayoutListMarker (anonymous) at (0,293.39) size 17x7: bullet
            LayoutInline {A} at (0,0) size 17x111 [color=#0000EE]
              LayoutText {#text} at (0,433) size 17x111
                text run at (0,433) width 111: "Dive Into Python"
          LayoutListItem {LI} at (90,40) size 18x544
            LayoutListMarker (anonymous) at (0,293.39) size 17x7: bullet
            LayoutInline {A} at (0,0) size 17x47 [color=#0000EE]
              LayoutText {#text} at (0,497) size 17x47
                text run at (0,497) width 47: "r\x{E9}sum\x{E9}"
