layer at (0,0) size 800x600
  LayoutView at (0,0) size 800x600
layer at (0,0) size 800x600
  LayoutBlockFlow {HTML} at (0,0) size 800x600
    LayoutBlockFlow {BODY} at (8,8) size 784x576
      LayoutBlockFlow {OL} at (0,0) size 784x36
        LayoutListItem {LI} at (40,0) size 744x36
          LayoutBlockFlow (anonymous) at (0,0) size 744x18
            LayoutListMarker (anonymous) at (-16,0) size 16x17: "1"
            LayoutInline {I} at (0,0) size 77x17
              LayoutInline {U} at (0,0) size 77x17
                LayoutText {#text} at (0,0) size 77x17
                  text run at (0,0) width 77: "Hello world"
            LayoutText {#text} at (0,0) size 0x0
          LayoutBlockFlow {OL} at (0,18) size 744x18
            LayoutListItem {LI} at (40,0) size 704x18
              LayoutListMarker (anonymous) at (-16,0) size 16x17: "1"
              LayoutText {#text} at (0,0) size 59x17
                text run at (0,0) width 59: "Goodbye"
