layer at (0,0) size 800x600 scrollWidth 1844
  LayoutView at (0,0) size 800x600
layer at (0,0) size 1844x600 backgroundClip at (0,0) size 800x600 clip at (0,0) size 800x600
  LayoutBlockFlow {HTML} at (0,0) size 1844x600
    LayoutBlockFlow {BODY} at (8,8) size 1820x584
      LayoutBlockFlow {UL} at (0,0) size 134x185.13 [border: (1px solid #0000FF)]
        LayoutListItem {LI} at (1,41) size 38x143.13 [border: (5px solid #FFA500)]
          LayoutListMarker (anonymous) at (10,-17) size 17x7: bullet
          LayoutText {#text} at (10,10) size 17x62
            text run at (10,10) width 62: "First item"
        LayoutListItem {LI} at (39,41) size 56x143.13 [border: (5px solid #FFA500)]
          LayoutListMarker (anonymous) at (10,-17) size 17x7: bullet
          LayoutText {#text} at (10,10) size 35x107
            text run at (10,10) width 107: "Second and very"
            text run at (28,10) width 94: "very long item"
        LayoutListItem {LI} at (95,41) size 38x143.13 [border: (5px solid #FFA500)]
          LayoutListMarker (anonymous) at (10,-17) size 17x7: bullet
          LayoutText {#text} at (10,10) size 17x68
            text run at (10,10) width 68: "Third item"
      LayoutBlockFlow {UL} at (150,0) size 134x185.13 [border: (1px solid #FF0000)]
        LayoutListItem {LI} at (1,1) size 38x143.13 [border: (5px solid #FFA500)]
          LayoutListMarker (anonymous) at (10,153.13) size 17x7: bullet
          LayoutText {#text} at (10,71) size 17x63
            text run at (10,71) width 62: "First item"
        LayoutListItem {LI} at (39,1) size 56x143.13 [border: (5px solid #FFA500)]
          LayoutListMarker (anonymous) at (10,153.13) size 17x7: bullet
          LayoutText {#text} at (10,26) size 35x108
            text run at (10,26) width 107: "Second and very"
            text run at (28,39) width 94: "very long item"
        LayoutListItem {LI} at (95,1) size 38x143.13 [border: (5px solid #FFA500)]
          LayoutListMarker (anonymous) at (10,153.13) size 17x7: bullet
          LayoutText {#text} at (10,65) size 17x69
            text run at (10,65) width 68: "Third item"
      LayoutBlockFlow {UL} at (300,0) size 134x185.13 [border: (1px solid #0000FF)]
        LayoutListItem {LI} at (1,41) size 38x143.13 [border: (5px solid #FFA500)]
          LayoutListMarker (anonymous) at (10,9) size 17x7: bullet
          LayoutText {#text} at (10,24) size 17x62
            text run at (10,24) width 62: "First item"
        LayoutListItem {LI} at (39,41) size 56x143.13 [border: (5px solid #FFA500)]
          LayoutListMarker (anonymous) at (10,9) size 17x7: bullet
          LayoutText {#text} at (10,24) size 35x121
            text run at (10,24) width 107: "Second and very"
            text run at (28,10) width 94: "very long item"
        LayoutListItem {LI} at (95,41) size 38x143.13 [border: (5px solid #FFA500)]
          LayoutListMarker (anonymous) at (10,9) size 17x7: bullet
          LayoutText {#text} at (10,24) size 17x68
            text run at (10,24) width 68: "Third item"
      LayoutBlockFlow {UL} at (450,0) size 134x185.13 [border: (1px solid #FF0000)]
        LayoutListItem {LI} at (1,1) size 38x143.13 [border: (5px solid #FFA500)]
          LayoutListMarker (anonymous) at (10,127.13) size 17x7: bullet
          LayoutText {#text} at (10,57) size 17x63
            text run at (10,57) width 62: "First item"
        LayoutListItem {LI} at (39,1) size 56x143.13 [border: (5px solid #FFA500)]
          LayoutListMarker (anonymous) at (10,127.13) size 17x7: bullet
          LayoutText {#text} at (10,12) size 35x122
            text run at (10,12) width 107: "Second and very"
            text run at (28,39) width 94: "very long item"
        LayoutListItem {LI} at (95,1) size 38x143.13 [border: (5px solid #FFA500)]
          LayoutListMarker (anonymous) at (10,127.13) size 17x7: bullet
          LayoutText {#text} at (10,51) size 17x69
            text run at (10,51) width 68: "Third item"
      LayoutBlockFlow {UL} at (600,0) size 134x185.13 [border: (1px solid #0000FF)]
        LayoutListItem {LI} at (1,41) size 38x143.13 [border: (5px solid #FFA500)]
          LayoutListMarker (anonymous) at (13,-17) size 10x10
          LayoutText {#text} at (10,10) size 17x62
            text run at (10,10) width 62: "First item"
        LayoutListItem {LI} at (39,41) size 56x143.13 [border: (5px solid #FFA500)]
          LayoutListMarker (anonymous) at (13,-17) size 10x10
          LayoutText {#text} at (10,10) size 35x107
            text run at (10,10) width 107: "Second and very"
            text run at (28,10) width 94: "very long item"
        LayoutListItem {LI} at (95,41) size 38x143.13 [border: (5px solid #FFA500)]
          LayoutListMarker (anonymous) at (13,-17) size 10x10
          LayoutText {#text} at (10,10) size 17x68
            text run at (10,10) width 68: "Third item"
      LayoutBlockFlow {UL} at (750,0) size 134x185.13 [border: (1px solid #FF0000)]
        LayoutListItem {LI} at (1,1) size 38x143.13 [border: (5px solid #FFA500)]
          LayoutListMarker (anonymous) at (13,150.13) size 10x10
          LayoutText {#text} at (10,71) size 17x63
            text run at (10,71) width 62: "First item"
        LayoutListItem {LI} at (39,1) size 56x143.13 [border: (5px solid #FFA500)]
          LayoutListMarker (anonymous) at (13,150.13) size 10x10
          LayoutText {#text} at (10,26) size 35x108
            text run at (10,26) width 107: "Second and very"
            text run at (28,39) width 94: "very long item"
        LayoutListItem {LI} at (95,1) size 38x143.13 [border: (5px solid #FFA500)]
          LayoutListMarker (anonymous) at (13,150.13) size 10x10
          LayoutText {#text} at (10,65) size 17x69
            text run at (10,65) width 68: "Third item"
      LayoutBlockFlow {UL} at (900,0) size 152x185.13 [border: (1px solid #0000FF)]
        LayoutListItem {LI} at (1,41) size 38x143.13 [border: (5px solid #FFA500)]
          LayoutListMarker (anonymous) at (13,10) size 10x10
          LayoutText {#text} at (10,27) size 17x62
            text run at (10,27) width 62: "First item"
        LayoutListItem {LI} at (39,41) size 74x143.13 [border: (5px solid #FFA500)]
          LayoutListMarker (anonymous) at (13,10) size 10x10
          LayoutText {#text} at (10,27) size 53x94
            text run at (10,27) width 75: "Second and"
            text run at (28,10) width 94: "very very long"
            text run at (46,10) width 29: "item"
        LayoutListItem {LI} at (113,41) size 38x143.13 [border: (5px solid #FFA500)]
          LayoutListMarker (anonymous) at (13,10) size 10x10
          LayoutText {#text} at (10,27) size 17x68
            text run at (10,27) width 68: "Third item"
      LayoutBlockFlow {UL} at (1068,0) size 152x185.13 [border: (1px solid #FF0000)]
        LayoutListItem {LI} at (1,1) size 38x143.13 [border: (5px solid #FFA500)]
          LayoutListMarker (anonymous) at (13,123.13) size 10x10
          LayoutText {#text} at (10,54) size 17x63
            text run at (10,54) width 62: "First item"
        LayoutListItem {LI} at (39,1) size 74x143.13 [border: (5px solid #FFA500)]
          LayoutListMarker (anonymous) at (13,123.13) size 10x10
          LayoutText {#text} at (10,41) size 53x95
            text run at (10,41) width 75: "Second and"
            text run at (28,39) width 94: "very very long"
            text run at (46,104) width 29: "item"
        LayoutListItem {LI} at (113,1) size 38x143.13 [border: (5px solid #FFA500)]
          LayoutListMarker (anonymous) at (13,123.13) size 10x10
          LayoutText {#text} at (10,48) size 17x69
            text run at (10,48) width 68: "Third item"
      LayoutBlockFlow {OL} at (1236,0) size 134x185.13 [border: (1px solid #0000FF)]
        LayoutListItem {LI} at (1,41) size 38x143.13 [border: (5px solid #FFA500)]
          LayoutListMarker (anonymous) at (10,-16) size 17x16: "1"
          LayoutText {#text} at (10,10) size 17x62
            text run at (10,10) width 62: "First item"
        LayoutListItem {LI} at (39,41) size 56x143.13 [border: (5px solid #FFA500)]
          LayoutListMarker (anonymous) at (10,-16) size 17x16: "2"
          LayoutText {#text} at (10,10) size 35x107
            text run at (10,10) width 107: "Second and very"
            text run at (28,10) width 94: "very long item"
        LayoutListItem {LI} at (95,41) size 38x143.13 [border: (5px solid #FFA500)]
          LayoutListMarker (anonymous) at (10,-16) size 17x16: "3"
          LayoutText {#text} at (10,10) size 17x68
            text run at (10,10) width 68: "Third item"
      LayoutBlockFlow {OL} at (1386,0) size 134x185.13 [border: (1px solid #FF0000)]
        LayoutListItem {LI} at (1,1) size 38x143.13 [border: (5px solid #FFA500)]
          LayoutListMarker (anonymous) at (10,143.13) size 17x16: "1"
          LayoutText {#text} at (10,71) size 17x63
            text run at (10,71) width 62: "First item"
        LayoutListItem {LI} at (39,1) size 56x143.13 [border: (5px solid #FFA500)]
          LayoutListMarker (anonymous) at (10,143.13) size 17x16: "2"
          LayoutText {#text} at (10,26) size 35x108
            text run at (10,26) width 107: "Second and very"
            text run at (28,39) width 94: "very long item"
        LayoutListItem {LI} at (95,1) size 38x143.13 [border: (5px solid #FFA500)]
          LayoutListMarker (anonymous) at (10,143.13) size 17x16: "3"
          LayoutText {#text} at (10,65) size 17x69
            text run at (10,65) width 68: "Third item"
      LayoutBlockFlow {OL} at (1536,0) size 134x185.13 [border: (1px solid #0000FF)]
        LayoutListItem {LI} at (1,41) size 38x143.13 [border: (5px solid #FFA500)]
          LayoutListMarker (anonymous) at (10,10) size 17x16: "1"
          LayoutText {#text} at (10,26) size 17x62
            text run at (10,26) width 62: "First item"
        LayoutListItem {LI} at (39,41) size 56x143.13 [border: (5px solid #FFA500)]
          LayoutListMarker (anonymous) at (10,10) size 17x16: "2"
          LayoutText {#text} at (10,26) size 35x123
            text run at (10,26) width 107: "Second and very"
            text run at (28,10) width 94: "very long item"
        LayoutListItem {LI} at (95,41) size 38x143.13 [border: (5px solid #FFA500)]
          LayoutListMarker (anonymous) at (10,10) size 17x16: "3"
          LayoutText {#text} at (10,26) size 17x68
            text run at (10,26) width 68: "Third item"
      LayoutBlockFlow {OL} at (1686,0) size 134x185.13 [border: (1px solid #FF0000)]
        LayoutListItem {LI} at (1,1) size 38x143.13 [border: (5px solid #FFA500)]
          LayoutListMarker (anonymous) at (10,117.13) size 17x16: "1"
          LayoutText {#text} at (10,55) size 17x63
            text run at (10,55) width 62: "First item"
        LayoutListItem {LI} at (39,1) size 56x143.13 [border: (5px solid #FFA500)]
          LayoutListMarker (anonymous) at (10,117.13) size 17x16: "2"
          LayoutText {#text} at (10,10) size 35x124
            text run at (10,10) width 107: "Second and very"
            text run at (28,39) width 94: "very long item"
        LayoutListItem {LI} at (95,1) size 38x143.13 [border: (5px solid #FFA500)]
          LayoutListMarker (anonymous) at (10,117.13) size 17x16: "3"
          LayoutText {#text} at (10,49) size 17x69
            text run at (10,49) width 68: "Third item"
