layer at (0,0) size 800x600 clip at (0,0) size 785x600 scrollHeight 1844
  LayoutView at (0,0) size 800x600
layer at (0,0) size 785x1844 backgroundClip at (0,0) size 785x600 clip at (0,0) size 785x600
  LayoutBlockFlow {HTML} at (0,0) size 785x1844
    LayoutBlockFlow {BODY} at (8,8) size 769x1820
      LayoutBlockFlow {UL} at (0,0) size 185.13x134 [border: (1px solid #0000FF)]
        LayoutListItem {LI} at (41,1) size 143.13x38 [border: (5px solid #FFA500)]
          LayoutListMarker (anonymous) at (-17,10) size 7x17: bullet
          LayoutText {#text} at (10,10) size 62x17
            text run at (10,10) width 62: "First item"
        LayoutListItem {LI} at (41,39) size 143.13x56 [border: (5px solid #FFA500)]
          LayoutListMarker (anonymous) at (-17,10) size 7x17: bullet
          LayoutText {#text} at (10,10) size 107x35
            text run at (10,10) width 107: "Second and very"
            text run at (10,28) width 94: "very long item"
        LayoutListItem {LI} at (41,95) size 143.13x38 [border: (5px solid #FFA500)]
          LayoutListMarker (anonymous) at (-17,10) size 7x17: bullet
          LayoutText {#text} at (10,10) size 68x17
            text run at (10,10) width 68: "Third item"
      LayoutBlockFlow {UL} at (0,150) size 185.13x134 [border: (1px solid #FF0000)]
        LayoutListItem {LI} at (1,1) size 143.13x38 [border: (5px solid #FFA500)]
          LayoutListMarker (anonymous) at (153.13,10) size 7x17: bullet
          LayoutText {#text} at (71,10) size 63x17
            text run at (71,10) width 63: "First item"
        LayoutListItem {LI} at (1,39) size 143.13x56 [border: (5px solid #FFA500)]
          LayoutListMarker (anonymous) at (153.13,10) size 7x17: bullet
          LayoutText {#text} at (26,10) size 108x35
            text run at (26,10) width 108: "Second and very"
            text run at (39,28) width 95: "very long item"
        LayoutListItem {LI} at (1,95) size 143.13x38 [border: (5px solid #FFA500)]
          LayoutListMarker (anonymous) at (153.13,10) size 7x17: bullet
          LayoutText {#text} at (65,10) size 69x17
            text run at (65,10) width 69: "Third item"
      LayoutBlockFlow {UL} at (0,300) size 185.13x134 [border: (1px solid #0000FF)]
        LayoutListItem {LI} at (41,1) size 143.13x38 [border: (5px solid #FFA500)]
          LayoutListMarker (anonymous) at (9,10) size 7x17: bullet
          LayoutText {#text} at (24,10) size 62x17
            text run at (24,10) width 62: "First item"
        LayoutListItem {LI} at (41,39) size 143.13x56 [border: (5px solid #FFA500)]
          LayoutListMarker (anonymous) at (9,10) size 7x17: bullet
          LayoutText {#text} at (24,10) size 121x35
            text run at (24,10) width 107: "Second and very"
            text run at (10,28) width 94: "very long item"
        LayoutListItem {LI} at (41,95) size 143.13x38 [border: (5px solid #FFA500)]
          LayoutListMarker (anonymous) at (9,10) size 7x17: bullet
          LayoutText {#text} at (24,10) size 68x17
            text run at (24,10) width 68: "Third item"
      LayoutBlockFlow {UL} at (0,450) size 185.13x134 [border: (1px solid #FF0000)]
        LayoutListItem {LI} at (1,1) size 143.13x38 [border: (5px solid #FFA500)]
          LayoutListMarker (anonymous) at (127.13,10) size 7x17: bullet
          LayoutText {#text} at (57,10) size 63x17
            text run at (57,10) width 63: "First item"
        LayoutListItem {LI} at (1,39) size 143.13x56 [border: (5px solid #FFA500)]
          LayoutListMarker (anonymous) at (127.13,10) size 7x17: bullet
          LayoutText {#text} at (12,10) size 122x35
            text run at (12,10) width 108: "Second and very"
            text run at (39,28) width 95: "very long item"
        LayoutListItem {LI} at (1,95) size 143.13x38 [border: (5px solid #FFA500)]
          LayoutListMarker (anonymous) at (127.13,10) size 7x17: bullet
          LayoutText {#text} at (51,10) size 69x17
            text run at (51,10) width 69: "Third item"
      LayoutBlockFlow {UL} at (0,600) size 185.13x134 [border: (1px solid #0000FF)]
        LayoutListItem {LI} at (41,1) size 143.13x38 [border: (5px solid #FFA500)]
          LayoutListMarker (anonymous) at (-17,14) size 10x10
          LayoutText {#text} at (10,10) size 62x17
            text run at (10,10) width 62: "First item"
        LayoutListItem {LI} at (41,39) size 143.13x56 [border: (5px solid #FFA500)]
          LayoutListMarker (anonymous) at (-17,14) size 10x10
          LayoutText {#text} at (10,10) size 107x35
            text run at (10,10) width 107: "Second and very"
            text run at (10,28) width 94: "very long item"
        LayoutListItem {LI} at (41,95) size 143.13x38 [border: (5px solid #FFA500)]
          LayoutListMarker (anonymous) at (-17,14) size 10x10
          LayoutText {#text} at (10,10) size 68x17
            text run at (10,10) width 68: "Third item"
      LayoutBlockFlow {UL} at (0,750) size 185.13x134 [border: (1px solid #FF0000)]
        LayoutListItem {LI} at (1,1) size 143.13x38 [border: (5px solid #FFA500)]
          LayoutListMarker (anonymous) at (150.13,14) size 10x10
          LayoutText {#text} at (71,10) size 63x17
            text run at (71,10) width 63: "First item"
        LayoutListItem {LI} at (1,39) size 143.13x56 [border: (5px solid #FFA500)]
          LayoutListMarker (anonymous) at (150.13,14) size 10x10
          LayoutText {#text} at (26,10) size 108x35
            text run at (26,10) width 108: "Second and very"
            text run at (39,28) width 95: "very long item"
        LayoutListItem {LI} at (1,95) size 143.13x38 [border: (5px solid #FFA500)]
          LayoutListMarker (anonymous) at (150.13,14) size 10x10
          LayoutText {#text} at (65,10) size 69x17
            text run at (65,10) width 69: "Third item"
      LayoutBlockFlow {UL} at (0,900) size 185.13x152 [border: (1px solid #0000FF)]
        LayoutListItem {LI} at (41,1) size 143.13x38 [border: (5px solid #FFA500)]
          LayoutListMarker (anonymous) at (10,14) size 10x10
          LayoutText {#text} at (27,10) size 62x17
            text run at (27,10) width 62: "First item"
        LayoutListItem {LI} at (41,39) size 143.13x74 [border: (5px solid #FFA500)]
          LayoutListMarker (anonymous) at (10,14) size 10x10
          LayoutText {#text} at (27,10) size 94x53
            text run at (27,10) width 75: "Second and"
            text run at (10,28) width 94: "very very long"
            text run at (10,46) width 29: "item"
        LayoutListItem {LI} at (41,113) size 143.13x38 [border: (5px solid #FFA500)]
          LayoutListMarker (anonymous) at (10,14) size 10x10
          LayoutText {#text} at (27,10) size 68x17
            text run at (27,10) width 68: "Third item"
      LayoutBlockFlow {UL} at (0,1068) size 185.13x152 [border: (1px solid #FF0000)]
        LayoutListItem {LI} at (1,1) size 143.13x38 [border: (5px solid #FFA500)]
          LayoutListMarker (anonymous) at (123.13,14) size 10x10
          LayoutText {#text} at (54,10) size 63x17
            text run at (54,10) width 63: "First item"
        LayoutListItem {LI} at (1,39) size 143.13x74 [border: (5px solid #FFA500)]
          LayoutListMarker (anonymous) at (123.13,14) size 10x10
          LayoutText {#text} at (41,10) size 95x53
            text run at (41,10) width 76: "Second and"
            text run at (39,28) width 95: "very very long"
            text run at (104,46) width 30: "item"
        LayoutListItem {LI} at (1,113) size 143.13x38 [border: (5px solid #FFA500)]
          LayoutListMarker (anonymous) at (123.13,14) size 10x10
          LayoutText {#text} at (48,10) size 69x17
            text run at (48,10) width 69: "Third item"
      LayoutBlockFlow {OL} at (0,1236) size 185.13x134 [border: (1px solid #0000FF)]
        LayoutListItem {LI} at (41,1) size 143.13x38 [border: (5px solid #FFA500)]
          LayoutListMarker (anonymous) at (-16,10) size 16x17: "1"
          LayoutText {#text} at (10,10) size 62x17
            text run at (10,10) width 62: "First item"
        LayoutListItem {LI} at (41,39) size 143.13x56 [border: (5px solid #FFA500)]
          LayoutListMarker (anonymous) at (-16,10) size 16x17: "2"
          LayoutText {#text} at (10,10) size 107x35
            text run at (10,10) width 107: "Second and very"
            text run at (10,28) width 94: "very long item"
        LayoutListItem {LI} at (41,95) size 143.13x38 [border: (5px solid #FFA500)]
          LayoutListMarker (anonymous) at (-16,10) size 16x17: "3"
          LayoutText {#text} at (10,10) size 68x17
            text run at (10,10) width 68: "Third item"
      LayoutBlockFlow {OL} at (0,1386) size 185.13x134 [border: (1px solid #FF0000)]
        LayoutListItem {LI} at (1,1) size 143.13x38 [border: (5px solid #FFA500)]
          LayoutListMarker (anonymous) at (143.13,10) size 16x17: "1"
          LayoutText {#text} at (71,10) size 63x17
            text run at (71,10) width 63: "First item"
        LayoutListItem {LI} at (1,39) size 143.13x56 [border: (5px solid #FFA500)]
          LayoutListMarker (anonymous) at (143.13,10) size 16x17: "2"
          LayoutText {#text} at (26,10) size 108x35
            text run at (26,10) width 108: "Second and very"
            text run at (39,28) width 95: "very long item"
        LayoutListItem {LI} at (1,95) size 143.13x38 [border: (5px solid #FFA500)]
          LayoutListMarker (anonymous) at (143.13,10) size 16x17: "3"
          LayoutText {#text} at (65,10) size 69x17
            text run at (65,10) width 69: "Third item"
      LayoutBlockFlow {OL} at (0,1536) size 185.13x134 [border: (1px solid #0000FF)]
        LayoutListItem {LI} at (41,1) size 143.13x38 [border: (5px solid #FFA500)]
          LayoutListMarker (anonymous) at (10,10) size 16x17: "1"
          LayoutText {#text} at (26,10) size 62x17
            text run at (26,10) width 62: "First item"
        LayoutListItem {LI} at (41,39) size 143.13x56 [border: (5px solid #FFA500)]
          LayoutListMarker (anonymous) at (10,10) size 16x17: "2"
          LayoutText {#text} at (26,10) size 123x35
            text run at (26,10) width 107: "Second and very"
            text run at (10,28) width 94: "very long item"
        LayoutListItem {LI} at (41,95) size 143.13x38 [border: (5px solid #FFA500)]
          LayoutListMarker (anonymous) at (10,10) size 16x17: "3"
          LayoutText {#text} at (26,10) size 68x17
            text run at (26,10) width 68: "Third item"
      LayoutBlockFlow {OL} at (0,1686) size 185.13x134 [border: (1px solid #FF0000)]
        LayoutListItem {LI} at (1,1) size 143.13x38 [border: (5px solid #FFA500)]
          LayoutListMarker (anonymous) at (117.13,10) size 16x17: "1"
          LayoutText {#text} at (55,10) size 63x17
            text run at (55,10) width 63: "First item"
        LayoutListItem {LI} at (1,39) size 143.13x56 [border: (5px solid #FFA500)]
          LayoutListMarker (anonymous) at (117.13,10) size 16x17: "2"
          LayoutText {#text} at (10,10) size 124x35
            text run at (10,10) width 108: "Second and very"
            text run at (39,28) width 95: "very long item"
        LayoutListItem {LI} at (1,95) size 143.13x38 [border: (5px solid #FFA500)]
          LayoutListMarker (anonymous) at (117.13,10) size 16x17: "3"
          LayoutText {#text} at (49,10) size 69x17
            text run at (49,10) width 69: "Third item"
