layer at (0,0) size 800x600
  LayoutView at (0,0) size 800x600
layer at (0,0) size 800x88
  LayoutBlockFlow {HTML} at (0,0) size 800x88
    LayoutBlockFlow {BODY} at (8,16) size 784x56
      LayoutBlockFlow {UL} at (0,0) size 784x56
        LayoutListItem {LI} at (40,0) size 744x56
          LayoutBlockFlow {FORM} at (0,0) size 744x22
            LayoutBlockFlow {P} at (0,0) size 744x22
              LayoutListMarker (anonymous) at (-17,2) size 7x17: bullet
              LayoutTextControl {INPUT} at (0,0) size 313x22 [bgcolor=#FFFFFF] [border: (2px inset #EEEEEE)]
              LayoutText {#text} at (0,0) size 0x0
          LayoutBlockFlow {P} at (0,38) size 744x18
            LayoutText {#text} at (0,0) size 340x17
              text run at (0,0) width 340: "There should be an input field above this line of text."
layer at (50,19) size 309x16
  LayoutBlockFlow {DIV} at (2,3) size 309x16
    LayoutText {#text} at (0,0) size 59x16
      text run at (0,0) width 59: "blah blubb"
