layer at (0,0) size 800x600
  LayoutView at (0,0) size 800x600
layer at (0,0) size 800x600
  LayoutBlockFlow {HTML} at (0,0) size 800x600
    LayoutBlockFlow {BODY} at (8,8) size 784x576
      LayoutBlockFlow {P} at (0,0) size 784x18
        LayoutText {#text} at (0,0) size 54x17
          text run at (0,0) width 54: "Test for "
        LayoutInline {I} at (0,0) size 647x17
          LayoutInline {A} at (0,0) size 305x17 [color=#0000EE]
            LayoutText {#text} at (53,0) size 305x17
              text run at (53,0) width 305: "http://bugs.webkit.org/show_bug.cgi?id=14395"
          LayoutText {#text} at (357,0) size 343x17
            text run at (357,0) width 5: " "
            text run at (361,0) width 339: "When a <p> is inside <li> two <BR>s are rendered"
        LayoutText {#text} at (699,0) size 5x17
          text run at (699,0) width 5: "."
      LayoutBlockFlow {P} at (0,34) size 784x18
        LayoutText {#text} at (0,0) size 500x17
          text run at (0,0) width 500: "In all of the following, the bullets should be lined up with the first line of text."
      LayoutBlockFlow {UL} at (0,68) size 784x18
        LayoutListItem {LI} at (40,0) size 744x18
          LayoutBlockFlow (anonymous) at (0,0) size 744x0
            LayoutInline {SPAN} at (0,0) size 0x0
              LayoutText {#text} at (0,0) size 0x0
          LayoutBlockFlow (anonymous) at (0,0) size 744x18
            LayoutBlockFlow {DIV} at (0,0) size 744x18
              LayoutListMarker (anonymous) at (-17,0) size 7x17: bullet
              LayoutText {#text} at (0,0) size 29x17
                text run at (0,0) width 29: "item"
          LayoutBlockFlow (anonymous) at (0,18) size 744x0
            LayoutInline {SPAN} at (0,0) size 0x0
      LayoutBlockFlow {UL} at (0,102) size 784x18
        LayoutListItem {LI} at (40,0) size 744x18
          LayoutBlockFlow (anonymous) at (0,0) size 744x0
            LayoutInline {SPAN} at (0,0) size 0x0
              LayoutText {#text} at (0,0) size 0x0
            LayoutText {#text} at (0,0) size 0x0
          LayoutBlockFlow {DIV} at (0,0) size 744x18
            LayoutListMarker (anonymous) at (-17,0) size 7x17: bullet
            LayoutText {#text} at (0,0) size 29x17
              text run at (0,0) width 29: "item"
      LayoutBlockFlow {UL} at (0,136) size 784x18
        LayoutListItem {LI} at (40,0) size 744x18
          LayoutBlockFlow (anonymous) at (0,0) size 744x0
            LayoutInline {SPAN} at (0,0) size 0x0
              LayoutText {#text} at (0,0) size 0x0
              LayoutInline {I} at (0,0) size 0x0
                LayoutText {#text} at (0,0) size 0x0
          LayoutBlockFlow (anonymous) at (0,0) size 744x18
            LayoutBlockFlow {DIV} at (0,0) size 744x18
              LayoutListMarker (anonymous) at (-17,0) size 7x17: bullet
              LayoutText {#text} at (0,0) size 28x17
                text run at (0,0) width 28: "item"
          LayoutBlockFlow (anonymous) at (0,18) size 744x0
            LayoutInline {SPAN} at (0,0) size 0x0
              LayoutInline {I} at (0,0) size 0x0
              LayoutText {#text} at (0,0) size 0x0
            LayoutText {#text} at (0,0) size 0x0
      LayoutBlockFlow {UL} at (0,170) size 784x36
        LayoutListItem {LI} at (40,0) size 744x36
          LayoutBlockFlow (anonymous) at (0,0) size 744x18
            LayoutListMarker (anonymous) at (-17,0) size 7x17: bullet
            LayoutInline {SPAN} at (0,0) size 41x17
              LayoutInline {<pseudo:before>} at (0,0) size 41x17
                LayoutTextFragment (anonymous) at (0,0) size 41x17
                  text run at (0,0) width 41: "before"
              LayoutText {#text} at (0,0) size 0x0
          LayoutBlockFlow (anonymous) at (0,18) size 744x18
            LayoutBlockFlow {DIV} at (0,0) size 744x18
              LayoutText {#text} at (0,0) size 29x17
                text run at (0,0) width 29: "item"
          LayoutBlockFlow (anonymous) at (0,36) size 744x0
            LayoutInline {SPAN} at (0,0) size 0x0
      LayoutBlockFlow {UL} at (0,222) size 784x36
        LayoutListItem {LI} at (40,0) size 744x36
          LayoutBlockFlow (anonymous) at (0,0) size 744x0
            LayoutInline {SPAN} at (0,0) size 0x0
          LayoutBlockFlow (anonymous) at (0,0) size 744x18
            LayoutBlockFlow {UL} at (0,0) size 744x18
              LayoutListItem {LI} at (40,0) size 704x18
                LayoutListMarker (anonymous) at (-57,0) size 7x17: bullet
                LayoutListMarker (anonymous) at (-17,0) size 7x17: white bullet
                LayoutText {#text} at (0,0) size 29x17
                  text run at (0,0) width 29: "item"
          LayoutBlockFlow (anonymous) at (0,18) size 744x18
            LayoutInline {SPAN} at (0,0) size 0x0
            LayoutBR {BR} at (0,0) size 0x17
      LayoutBlockFlow {UL} at (0,274) size 784x36
        LayoutListItem {LI} at (40,0) size 744x36
          LayoutBlockFlow {DIV} at (0,0) size 744x18
            LayoutBlockFlow {UL} at (0,0) size 744x18
              LayoutListItem {LI} at (40,0) size 704x18
                LayoutListMarker (anonymous) at (-57,0) size 7x17: bullet
                LayoutListMarker (anonymous) at (-17,0) size 7x17: white bullet
                LayoutText {#text} at (0,0) size 29x17
                  text run at (0,0) width 29: "item"
          LayoutBlockFlow (anonymous) at (0,18) size 744x18
            LayoutBR {BR} at (0,0) size 0x17
      LayoutBlockFlow {P} at (0,326) size 784x18
        LayoutText {#text} at (0,0) size 534x17
          text run at (0,0) width 534: "In this case, the solid bullet should be one line above the hollow bullet and the text."
      LayoutBlockFlow {UL} at (0,360) size 784x54
        LayoutListItem {LI} at (40,0) size 744x54
          LayoutBlockFlow (anonymous) at (0,0) size 744x18
            LayoutListMarker (anonymous) at (-17,0) size 7x17: bullet
          LayoutBlockFlow {UL} at (0,18) size 744x18
            LayoutListItem {LI} at (40,0) size 704x18
              LayoutListMarker (anonymous) at (-17,0) size 7x17: white bullet
              LayoutText {#text} at (0,0) size 29x17
                text run at (0,0) width 29: "item"
          LayoutBlockFlow (anonymous) at (0,36) size 744x18
            LayoutBR {BR} at (0,0) size 0x17
