layer at (0,0) size 800x600
  LayoutView at (0,0) size 800x600
layer at (0,0) size 800x228
  LayoutBlockFlow {HTML} at (0,0) size 800x228
    LayoutBlockFlow {BODY} at (8,16) size 784x204
      LayoutBlockFlow {P} at (0,0) size 784x18
        LayoutText {#text} at (0,0) size 199x17
          text run at (0,0) width 199: "All lines should look the same."
      LayoutBlockFlow {P} at (0,34) size 784x18
        LayoutText {#text} at (0,0) size 385x17
          text run at (0,0) width 385: "This test is intentionally a pixel test, see crbug.com/452914."
      LayoutBlockFlow {DIV} at (0,68) size 784x68
        LayoutText {#text} at (0,0) size 70x17
          text run at (0,0) width 70: "!!!!!!!!!!!!!!"
        LayoutBR {BR} at (70,0) size 0x17
        LayoutText {#text} at (0,17) size 70x17
          text run at (0,17) width 70: "!!!!!!!!!!!!!!"
        LayoutBR {BR} at (70,17) size 0x17
        LayoutText {#text} at (0,34) size 70x17
          text run at (0,34) width 70: "!!!!!!!!!!!!!!"
        LayoutBR {BR} at (70,34) size 0x17
        LayoutText {#text} at (0,51) size 70x17
          text run at (0,51) width 70: "!!!!!!!!!!!!!!"
      LayoutBlockFlow {DIV} at (0,136) size 784x68
        LayoutText {#text} at (0,0) size 70x17
          text run at (0,0) width 70: "!!!!!!!!!!!!!!"
        LayoutBR {BR} at (70,0) size 0x17
        LayoutText {#text} at (0,17) size 70x17
          text run at (0,17) width 70: "!!!!!!!!!!!!!!"
        LayoutBR {BR} at (70,17) size 0x17
        LayoutText {#text} at (0,34) size 70x17
          text run at (0,34) width 70: "!!!!!!!!!!!!!!"
        LayoutBR {BR} at (70,34) size 0x17
        LayoutText {#text} at (0,51) size 70x17
          text run at (0,51) width 70: "!!!!!!!!!!!!!!"
