layer at (0,0) size 800x600
  LayoutView at (0,0) size 800x600
layer at (0,0) size 800x600
  LayoutBlockFlow {HTML} at (0,0) size 800x600
    LayoutBlockFlow {BODY} at (8,8) size 784x584
      LayoutBlockFlow {DIV} at (0,0) size 784x129
        LayoutBlockFlow {DIV} at (0,0) size 784x43
          LayoutText {#text} at (0,0) size 67x43
            text run at (0,0) width 67: "file"
        LayoutBlockFlow {DIV} at (0,43) size 784x43
          LayoutText {#text} at (0,0) size 64x43
            text run at (0,0) width 64: "file"
        LayoutBlockFlow {DIV} at (0,86) size 784x43
          LayoutText {#text} at (0,0) size 64x43
            text run at (0,0) width 64: "file"
      LayoutBlockFlow {DIV} at (0,129) size 784x129
        LayoutBlockFlow {DIV} at (0,0) size 784x43
          LayoutText {#text} at (0,0) size 67x43
            text run at (0,0) width 67: "file"
        LayoutBlockFlow {DIV} at (0,43) size 784x43
          LayoutText {#text} at (0,0) size 64x43
            text run at (0,0) width 64: "file"
        LayoutBlockFlow {DIV} at (0,86) size 784x43
          LayoutText {#text} at (0,0) size 64x43
            text run at (0,0) width 64: "file"
      LayoutBlockFlow {DIV} at (0,258) size 784x86
        LayoutBlockFlow {DIV} at (0,0) size 784x43
          LayoutText {#text} at (0,0) size 274x43
            text run at (0,0) width 274: "ABRACADABRA"
        LayoutBlockFlow {DIV} at (0,43) size 784x43
          LayoutText {#text} at (0,0) size 232x43
            text run at (0,0) width 232: "ABRACADABRA"
      LayoutBlockFlow {DIV} at (0,344) size 784x82
        LayoutBlockFlow {DIV} at (0,0) size 784x41
          LayoutText {#text} at (0,0) size 106x41
            text run at (0,0) width 106: "activist"
        LayoutBlockFlow {DIV} at (0,41) size 784x41
          LayoutText {#text} at (0,0) size 105x41
            text run at (0,0) width 105: "activist"
