layer at (0,0) size 800x600
  LayoutView at (0,0) size 800x600
layer at (0,0) size 800x600
  LayoutBlockFlow {HTML} at (0,0) size 800x600
    LayoutBlockFlow {BODY} at (8,8) size 784x576
      LayoutBlockFlow {P} at (0,0) size 784x36
        LayoutText {#text} at (0,0) size 326x17
          text run at (0,0) width 326: "Test for monospace width cache bug mentioned in "
        LayoutInline {A} at (0,0) size 68x17 [color=#0000EE]
          LayoutText {#text} at (325,0) size 68x17
            text run at (325,0) width 68: "bug 11197"
        LayoutText {#text} at (392,0) size 5x17
          text run at (392,0) width 5: " "
        LayoutInline {I} at (0,0) size 749x35
          LayoutText {#text} at (396,0) size 749x35
            text run at (396,0) width 353: "REGRESSION: Specifying a counter for a CODE tag's"
            text run at (0,18) width 354: "content style property on before or after causes a crash"
        LayoutText {#text} at (353,18) size 5x17
          text run at (353,18) width 5: "."
      LayoutBlockFlow {P} at (0,52) size 784x18
        LayoutText {#text} at (0,0) size 376x17
          text run at (0,0) width 376: "The blue line and the black line should be the same length."
      LayoutBlockFlow {P} at (0,86) size 784x18
        LayoutInline {SPAN} at (0,0) size 116x19 [border: none (1px solid #0000FF) none]
          LayoutText {#text} at (0,0) size 116x18
            text run at (0,0) width 116: "\x{2500}\x{2500}\x{2500}\x{2500}\x{2500}\x{2500}\x{2500}\x{2500}\x{2500}\x{2500}\x{2500}\x{2500}"
