layer at (0,0) size 800x600
  LayoutView at (0,0) size 800x600
layer at (0,0) size 800x237
  LayoutBlockFlow {HTML} at (0,0) size 800x237
    LayoutBlockFlow {BODY} at (8,30) size 784x199
      LayoutBlockFlow {P} at (0,0) size 784x69
        LayoutText {#text} at (0,1) size 769x67
          text run at (0,1) width 769: "The selection should be painted correctly from and including \x{732B}"
          text run at (0,35) width 580: "until and including C, then from right to left for "
          text run at (579,35) width 39 RTL: "\x{627}\x{644}\x{639}\x{631}"
          text run at (617,35) width 9: "."
      LayoutBlockFlow {DIV} at (0,99) size 784x50
        LayoutText {#text} at (0,10) size 429x33
          text run at (0,10) width 364: "\x{543E}\x{8F29}\x{306F}\x{732B}\x{3067} \x{92E}\x{93E}\x{928}\x{915} \x{939}\x{93F}\x{928}\x{94D}\x{926}\x{940}ABC"
          text run at (363,10) width 66 RTL: "\x{627}\x{644}\x{639}\x{631}\x{628}\x{64A}\x{629}"
      LayoutBlockFlow {DIV} at (0,149) size 784x50
        LayoutText {#text} at (0,10) size 429x33
          text run at (0,10) width 364: "\x{543E}\x{8F29}\x{306F}\x{732B}\x{3067} \x{92E}\x{93E}\x{928}\x{915} \x{939}\x{93F}\x{928}\x{94D}\x{926}\x{940}ABC"
          text run at (363,10) width 66 RTL: "\x{627}\x{644}\x{639}\x{631}\x{628}\x{64A}\x{629}"
selection start: position 3 of child 0 {#text} of child 5 {DIV} of body
selection end:   position 24 of child 0 {#text} of child 5 {DIV} of body
