layer at (0,0) size 800x600 clip at (0,0) size 785x600 scrollHeight 976
  LayoutView at (0,0) size 800x600
layer at (0,0) size 785x976 backgroundClip at (0,0) size 785x600 clip at (0,0) size 785x600
  LayoutBlockFlow {HTML} at (0,0) size 785x976
    LayoutBlockFlow {BODY} at (8,8) size 769x960
      LayoutBlockFlow (anonymous) at (0,0) size 769x18
        LayoutText {#text} at (0,0) size 700x17
          text run at (0,0) width 700: "This example tests that word-break properly shrinks a cell to one character per line when it is set to break-all."
      LayoutTable {TABLE} at (0,18) size 769x110 [border: (1px outset #808080)]
        LayoutTableSection {TBODY} at (1,1) size 767x108
          LayoutTableRow {TR} at (0,0) size 767x108
            LayoutTableCell {TD} at (0,0) size 20x108 [border: (1px inset #808080)] [r=0 c=0 rs=1 cs=1]
              LayoutText {#text} at (6,6) size 8x96
                text run at (6,6) width 8: "N"
                text run at (6,22) width 8: "a"
                text run at (6,38) width 8: "r"
                text run at (6,54) width 8: "r"
                text run at (6,70) width 8: "o"
                text run at (6,86) width 8: "w"
            LayoutTableCell {TD} at (20,40) size 747x28 [border: (1px inset #808080)] [r=0 c=1 rs=1 cs=1]
              LayoutText {#text} at (6,6) size 168x16
                text run at (6,6) width 168: "This cell should grow"
      LayoutBlockFlow (anonymous) at (0,128) size 769x36
        LayoutBR {BR} at (0,0) size 0x17
        LayoutText {#text} at (0,18) size 438x17
          text run at (0,18) width 438: "This test checks that word-break is ignored when white-space is pre."
      LayoutBlockFlow {PRE} at (0,177) size 110x26 [border: (5px solid #000000)]
        LayoutText {#text} at (5,5) size 448x16
          text run at (5,5) width 448: "Thislongwordshouldnotgetbrokenbutshouldstickoutofthepre."
          text run at (453,5) width 0: " "
      LayoutBlockFlow (anonymous) at (0,216) size 769x72
        LayoutBR {BR} at (0,0) size 0x17
        LayoutText {#text} at (0,18) size 751x53
          text run at (0,18) width 476: "The next two examples test our custom break-word value for word-break. "
          text run at (475,18) width 276: "We should get the same results as break-all"
          text run at (0,36) width 738: "for the first test, but we should break up the word in the second test (since our behavior matches word-wrap: break-"
          text run at (0,54) width 119: "word in that case)."
      LayoutTable {TABLE} at (0,288) size 769x110 [border: (1px outset #808080)]
        LayoutTableSection {TBODY} at (1,1) size 767x108
          LayoutTableRow {TR} at (0,0) size 767x108
            LayoutTableCell {TD} at (0,0) size 20x108 [border: (1px inset #808080)] [r=0 c=0 rs=1 cs=1]
              LayoutText {#text} at (6,6) size 8x96
                text run at (6,6) width 8: "N"
                text run at (6,22) width 8: "a"
                text run at (6,38) width 8: "r"
                text run at (6,54) width 8: "r"
                text run at (6,70) width 8: "o"
                text run at (6,86) width 8: "w"
            LayoutTableCell {TD} at (20,40) size 747x28 [border: (1px inset #808080)] [r=0 c=1 rs=1 cs=1]
              LayoutText {#text} at (6,6) size 168x16
                text run at (6,6) width 168: "This cell should grow"
      LayoutBlockFlow (anonymous) at (0,398) size 769x18
        LayoutBR {BR} at (0,0) size 0x17
      LayoutBlockFlow {PRE} at (0,429) size 110x26 [border: (5px solid #000000)]
        LayoutText {#text} at (5,5) size 448x16
          text run at (5,5) width 448: "Thislongwordshouldnotgetbrokenbutshouldstickoutofthepre."
          text run at (453,5) width 0: " "
      LayoutBlockFlow (anonymous) at (0,468) size 769x72
        LayoutBR {BR} at (0,0) size 0x17
        LayoutText {#text} at (0,18) size 750x53
          text run at (0,18) width 641: "This test makes sure floating and positioned elements do the right thing with word-break: break-all. "
          text run at (640,18) width 92: "The minimum"
          text run at (0,36) width 345: "width should be less than the containing block width. "
          text run at (344,36) width 406: "The breaking should be \"dumb\" and just occur when the end of"
          text run at (0,54) width 88: "the line is hit."
      LayoutBlockFlow {DIV} at (0,540) size 304x52 [border: (2px solid #000000)]
        LayoutBlockFlow (floating) {DIV} at (2,2) size 300x48
          LayoutText {#text} at (0,0) size 296x48
            text run at (0,0) width 296: "Eventhoughthishasareallylongword itsh"
            text run at (0,16) width 296: "ouldnotstick out oftheenclosing300pxb"
            text run at (0,32) width 40: "lock."
        LayoutBR {BR} at (302,2) size 0x16
      LayoutBlockFlow (anonymous) at (0,592) size 769x18
        LayoutBR {BR} at (0,0) size 0x17
      LayoutBlockFlow (anonymous) at (0,714) size 769x72
        LayoutBR {BR} at (0,0) size 0x17
        LayoutText {#text} at (0,18) size 749x53
          text run at (0,18) width 658: "This test makes sure floating and positioned elements do the right thing with word-break: break-word. "
          text run at (657,18) width 92: "The minimum"
          text run at (0,36) width 345: "width should be less than the containing block width. "
          text run at (344,36) width 402: "The breaking should be \"smart\" and be like word-wrap: break-"
          text run at (0,54) width 581: "word, with words preferring to wrap first before allowing break opportunities within them."
      LayoutBlockFlow {DIV} at (0,786) size 304x52 [border: (2px solid #000000)]
        LayoutBlockFlow (floating) {DIV} at (2,2) size 300x48
          LayoutText {#text} at (0,0) size 256x48
            text run at (0,0) width 256: "Eventhoughthishasareallylongword"
            text run at (0,16) width 160: "itshouldnotstick out"
            text run at (0,32) width 200: "oftheenclosing300pxblock."
        LayoutBR {BR} at (302,2) size 0x16
      LayoutBlockFlow (anonymous) at (0,838) size 769x18
        LayoutBR {BR} at (0,0) size 0x17
layer at (8,618) size 304x104 backgroundClip at (0,0) size 785x600 clip at (0,0) size 785x600
  LayoutBlockFlow (relative positioned) {DIV} at (0,610) size 304x104 [border: (2px solid #000000)]
layer at (10,620) size 300x48 backgroundClip at (0,0) size 785x600 clip at (0,0) size 785x600
  LayoutBlockFlow (positioned) {DIV} at (2,2) size 300x48
    LayoutText {#text} at (0,0) size 296x48
      text run at (0,0) width 296: "Eventhoughthishasareallylongword itsh"
      text run at (0,16) width 296: "ouldnotstick out oftheenclosing300pxb"
      text run at (0,32) width 40: "lock."
layer at (8,864) size 304x104 backgroundClip at (0,0) size 785x600 clip at (0,0) size 785x600
  LayoutBlockFlow (relative positioned) {DIV} at (0,856) size 304x104 [border: (2px solid #000000)]
layer at (10,866) size 300x48 backgroundClip at (0,0) size 785x600 clip at (0,0) size 785x600
  LayoutBlockFlow (positioned) {DIV} at (2,2) size 300x48
    LayoutText {#text} at (0,0) size 256x48
      text run at (0,0) width 256: "Eventhoughthishasareallylongword"
      text run at (0,16) width 160: "itshouldnotstick out"
      text run at (0,32) width 200: "oftheenclosing300pxblock."
