layer at (0,0) size 800x600 scrollWidth 942
  LayoutView at (0,0) size 800x600
layer at (0,0) size 800x600
  LayoutBlockFlow {HTML} at (0,0) size 800x600
    LayoutBlockFlow {BODY} at (8,8) size 784x584
      LayoutBlockFlow {DETAILS} at (0,0) size 784x0
      LayoutBlockFlow {DETAILS} at (0,0) size 784x18
      LayoutBlockFlow {DETAILS} at (0,18) size 784x0
layer at (50,150) size 50x18
  LayoutBlockFlow (positioned) {SUMMARY} at (50,150) size 49.83x18
    LayoutDetailsMarker {DIV} at (0,4) size 10.55x10.55: right
    LayoutText {#text} at (16,0) size 34x17
      text run at (16,0) width 34: "fixed"
layer at (158,158) size 784x18 backgroundClip at (0,0) size 800x600 clip at (0,0) size 800x600
  LayoutBlockFlow (relative positioned) {SUMMARY} at (0,0) size 784x18
    LayoutDetailsMarker {DIV} at (0,4) size 10.55x10.55: right
    LayoutText {#text} at (16,0) size 49x17
      text run at (16,0) width 49: "relative"
layer at (250,150) size 70x18
  LayoutBlockFlow (positioned) {SUMMARY} at (250,150) size 70.28x18
    LayoutDetailsMarker {DIV} at (0,4) size 10.55x10.55: right
    LayoutText {#text} at (16,0) size 55x17
      text run at (16,0) width 55: "absolute"
