layer at (0,0) size 800x600
  LayoutView at (0,0) size 800x600
layer at (0,0) size 800x600
  LayoutBlockFlow {HTML} at (0,0) size 800x600
    LayoutBlockFlow {BODY} at (8,8) size 784x584
      LayoutBlockFlow {DETAILS} at (0,0) size 784x40
        LayoutBlockFlow {SUMMARY} at (0,0) size 784x18
          LayoutDetailsMarker {DIV} at (0,4) size 10.55x10.55: down
          LayoutText {#text} at (16,0) size 51x17
            text run at (16,0) width 51: "details1"
        LayoutBlockFlow {DIV} at (0,18) size 784x22
          LayoutTextControl {INPUT} at (0,0) size 173x22 [bgcolor=#FFFFFF] [border: (2px inset #EEEEEE)]
          LayoutText {#text} at (0,0) size 0x0
      LayoutBlockFlow {DETAILS} at (0,40) size 784x18
        LayoutBlockFlow {SUMMARY} at (0,0) size 784x18
          LayoutDetailsMarker {DIV} at (0,4) size 10.55x10.55: right
          LayoutText {#text} at (16,0) size 51x17
            text run at (16,0) width 51: "details2"
layer at (10,29) size 169x16
  LayoutBlockFlow {DIV} at (2,3) size 169x16
