layer at (0,0) size 800x600
  LayoutView at (0,0) size 800x600
layer at (0,0) size 800x600
  LayoutBlockFlow {HTML} at (0,0) size 800x600
    LayoutBlockFlow {BODY} at (8,8) size 784x584
      LayoutBlockFlow {DIV} at (0,0) size 784x20
        LayoutInline {DIV} at (0,0) size 79x19
          LayoutText {#text} at (0,0) size 79x19
            text run at (0,0) width 79: "Lorem ipsum"
caret: position 2 of body
