layer at (0,0) size 800x600
  LayoutView at (0,0) size 800x600
layer at (0,0) size 800x448
  LayoutBlockFlow {HTML} at (0,0) size 800x448
    LayoutBlockFlow {BODY} at (8,8) size 784x432
      LayoutText {#text} at (189,32) size 4x17
        text run at (189,32) width 4: " "
      LayoutBR {BR} at (193,32) size 0x17
      LayoutText {#text} at (193,86) size 4x17
        text run at (193,86) width 4: " "
      LayoutText {#text} at (386,86) size 4x17
        text run at (386,86) width 4: " "
      LayoutBR {BR} at (390,86) size 0x17
      LayoutText {#text} at (189,136) size 4x17
        text run at (189,136) width 4: " "
      LayoutBR {BR} at (193,136) size 0x17
      LayoutText {#text} at (189,186) size 4x17
        text run at (189,186) width 4: " "
      LayoutBR {BR} at (193,186) size 0x17
      LayoutText {#text} at (229,250) size 4x17
        text run at (229,250) width 4: " "
      LayoutText {#text} at (502,250) size 4x17
        text run at (502,250) width 4: " "
      LayoutText {#text} at (309,322) size 4x17
        text run at (309,322) width 4: " "
      LayoutBR {BR} at (313,322) size 0x17
      LayoutText {#text} at (275,414) size 4x17
        text run at (275,414) width 4: " "
      LayoutText {#text} at (642,414) size 4x17
        text run at (642,414) width 4: " "
      LayoutBR {BR} at (646,414) size 0x17
layer at (12,12) size 181x38 clip at (13,13) size 179x36
  LayoutTextControl {TEXTAREA} at (4,4) size 181x38 [bgcolor=#FFFFFF] [border: (1px solid #A9A9A9)]
    LayoutBlockFlow {DIV} at (3,3) size 175x16
      LayoutText {#text} at (0,0) size 24x16
        text run at (0,0) width 24: "foo"
layer at (12,62) size 185x42 clip at (15,65) size 179x36
  LayoutTextControl {TEXTAREA} at (4,54) size 185x42 [bgcolor=#FFFFFF] [border: (3px solid #00FF00)]
    LayoutBlockFlow {DIV} at (5,5) size 175x16
      LayoutText {#text} at (0,0) size 24x16
        text run at (0,0) width 24: "foo"
layer at (209,66) size 181x38 clip at (210,67) size 179x36
  LayoutTextControl {TEXTAREA} at (201,58) size 181x38 [bgcolor=#FFFFFF] [border: (1px solid #A9A9A9)]
    LayoutBlockFlow {DIV} at (3,3) size 175x16
      LayoutText {#text} at (0,0) size 24x16
        text run at (0,0) width 24: "foo"
layer at (12,116) size 181x38 clip at (13,117) size 179x36
  LayoutTextControl {TEXTAREA} at (4,108) size 181x38 [border: (1px solid #A9A9A9)]
    LayoutBlockFlow {DIV} at (3,3) size 175x16
      LayoutText {#text} at (0,0) size 24x16
        text run at (0,0) width 24: "foo"
layer at (12,166) size 181x38 clip at (13,167) size 179x36
  LayoutTextControl {TEXTAREA} at (4,158) size 181x38 [bgcolor=#FFFFFF] [border: (1px solid #A9A9A9)]
    LayoutBlockFlow {DIV} at (3,3) size 175x16
      LayoutText {#text} at (0,0) size 24x16
        text run at (0,0) width 24: "foo"
layer at (12,226) size 221x42 clip at (13,227) size 219x40
  LayoutTextControl {TEXTAREA} at (4,218) size 221x42 [bgcolor=#FFFFFF] [border: (1px solid #A9A9A9)]
    LayoutBlockFlow {DIV} at (3,3) size 215x18
      LayoutText {#text} at (0,0) size 29x18
        text run at (0,0) width 29: "foo"
layer at (245,216) size 261x52 clip at (246,217) size 259x50
  LayoutTextControl {TEXTAREA} at (237,208) size 261x52 [bgcolor=#FFFFFF] [border: (1px solid #A9A9A9)]
    LayoutBlockFlow {DIV} at (3,3) size 255x23
      LayoutText {#text} at (0,0) size 36x23
        text run at (0,0) width 36: "foo"
layer at (12,280) size 301x60 clip at (13,281) size 299x58
  LayoutTextControl {TEXTAREA} at (4,272) size 301x60 [bgcolor=#FFFFFF] [border: (1px solid #A9A9A9)]
    LayoutBlockFlow {DIV} at (3,3) size 295x27
      LayoutText {#text} at (0,0) size 44x27
        text run at (0,0) width 44: "foo"
layer at (14,376) size 263x54 clip at (15,377) size 261x52
  LayoutTextControl {TEXTAREA} at (6,368) size 263x54 [bgcolor=#FFFFFF] [border: (1px solid #A9A9A9)]
    LayoutBlockFlow {DIV} at (4,4) size 255x23
      LayoutText {#text} at (0,0) size 36x23
        text run at (0,0) width 36: "foo"
layer at (295,356) size 347x72 clip at (297,358) size 343x68
  LayoutTextControl {TEXTAREA} at (287,348) size 347x72 [bgcolor=#FFFFFF] [border: (2px solid #A9A9A9)]
    LayoutBlockFlow {DIV} at (6,6) size 335x30
      LayoutText {#text} at (0,0) size 48x30
        text run at (0,0) width 48: "foo"
