layer at (0,0) size 800x600 clip at (0,0) size 785x600 scrollHeight 678
  LayoutView at (0,0) size 800x600
layer at (0,0) size 785x678 backgroundClip at (0,0) size 785x600 clip at (0,0) size 785x600
  LayoutBlockFlow {HTML} at (0,0) size 785x678
    LayoutBlockFlow {BODY} at (8,8) size 769x662
      LayoutBlockFlow {P} at (0,0) size 769x18
        LayoutText {#text} at (0,0) size 54x18
          text run at (0,0) width 54: "Test for "
        LayoutInline {I} at (0,0) size 638x18
          LayoutInline {A} at (0,0) size 305x18 [color=#0000EE]
            LayoutText {#text} at (53,0) size 305x18
              text run at (53,0) width 305: "http://bugs.webkit.org/show_bug.cgi?id=15362"
          LayoutText {#text} at (357,0) size 334x18
            text run at (357,0) width 5: " "
            text run at (361,0) width 330: "Safari Crashes when opening a JS TreeGrid widget"
        LayoutText {#text} at (690,0) size 5x18
          text run at (690,0) width 5: "."
      LayoutBlockFlow {P} at (0,34) size 769x72
        LayoutText {#text} at (0,0) size 766x72
          text run at (0,0) width 686: "The test sets up an inline parent with a child that is some kind of table part. The child gets broken off into a"
          text run at (0,18) width 742: "continuation and anonymous table parts get created below and/or above the table parts. Then the test tries to insert a"
          text run at (0,36) width 766: "new child into the inline, specifying the table part as the \"before child\". The resulting render tree should look just like it"
          text run at (0,54) width 238: "would look if the parent was a block."
      LayoutBlockFlow {DIV} at (0,122) size 769x36
        LayoutBlockFlow (anonymous) at (0,0) size 769x18
          LayoutInline {SPAN} at (0,0) size 129x18
            LayoutText {#text} at (0,0) size 41x18
              text run at (0,0) width 41: "Text..."
            LayoutText {#text} at (40,0) size 89x18
              text run at (40,0) width 89: "goes here and"
        LayoutBlockFlow (anonymous) at (0,18) size 769x18
          LayoutTable (anonymous) at (0,0) size 105x18
            LayoutTableSection (anonymous) at (0,0) size 105x18
              LayoutTableRow (anonymous) at (0,0) size 105x18
                LayoutTableCell {DIV} at (0,0) size 105x18 [r=0 c=0 rs=1 cs=1]
                  LayoutText {#text} at (0,0) size 105x18
                    text run at (0,0) width 105: "...continues here"
        LayoutBlockFlow (anonymous) at (0,36) size 769x0
          LayoutInline {SPAN} at (0,0) size 0x0
      LayoutBlockFlow {DIV} at (0,158) size 769x36
        LayoutBlockFlow (anonymous) at (0,0) size 769x18
          LayoutInline {SPAN} at (0,0) size 41x18
            LayoutText {#text} at (0,0) size 41x18
              text run at (0,0) width 41: "Text..."
        LayoutBlockFlow (anonymous) at (0,18) size 769x18
          LayoutTable (anonymous) at (0,0) size 105x18
            LayoutTableSection (anonymous) at (0,0) size 105x18
              LayoutTableRow (anonymous) at (0,0) size 105x18
                LayoutTableCell {TD} at (0,0) size 0x0 [r=0 c=0 rs=1 cs=1]
                LayoutTableCell {DIV} at (0,0) size 105x18 [r=0 c=1 rs=1 cs=1]
                  LayoutText {#text} at (0,0) size 105x18
                    text run at (0,0) width 105: "...continues here"
        LayoutBlockFlow (anonymous) at (0,36) size 769x0
          LayoutInline {SPAN} at (0,0) size 0x0
      LayoutBlockFlow {DIV} at (0,194) size 769x36
        LayoutBlockFlow (anonymous) at (0,0) size 769x18
          LayoutInline {SPAN} at (0,0) size 41x18
            LayoutText {#text} at (0,0) size 41x18
              text run at (0,0) width 41: "Text..."
        LayoutBlockFlow (anonymous) at (0,18) size 769x18
          LayoutTable (anonymous) at (0,0) size 105x18
            LayoutTableSection (anonymous) at (0,0) size 105x18
              LayoutTableRow {TR} at (0,0) size 105x0
              LayoutTableRow (anonymous) at (0,0) size 105x18
                LayoutTableCell {DIV} at (0,0) size 105x18 [r=1 c=0 rs=1 cs=1]
                  LayoutText {#text} at (0,0) size 105x18
                    text run at (0,0) width 105: "...continues here"
        LayoutBlockFlow (anonymous) at (0,36) size 769x0
          LayoutInline {SPAN} at (0,0) size 0x0
      LayoutBlockFlow {DIV} at (0,230) size 769x36
        LayoutBlockFlow (anonymous) at (0,0) size 769x18
          LayoutInline {SPAN} at (0,0) size 41x18
            LayoutText {#text} at (0,0) size 41x18
              text run at (0,0) width 41: "Text..."
            LayoutInline {SPAN} at (0,0) size 1x18
        LayoutBlockFlow (anonymous) at (0,18) size 769x18
          LayoutTable (anonymous) at (0,0) size 105x18
            LayoutTableSection (anonymous) at (0,0) size 105x18
              LayoutTableRow (anonymous) at (0,0) size 105x18
                LayoutTableCell {DIV} at (0,0) size 105x18 [r=0 c=0 rs=1 cs=1]
                  LayoutText {#text} at (0,0) size 105x18
                    text run at (0,0) width 105: "...continues here"
        LayoutBlockFlow (anonymous) at (0,36) size 769x0
          LayoutInline {SPAN} at (0,0) size 0x0
      LayoutBlockFlow {DIV} at (0,266) size 769x36
        LayoutBlockFlow (anonymous) at (0,0) size 769x18
          LayoutInline {SPAN} at (0,0) size 41x18
            LayoutText {#text} at (0,0) size 41x18
              text run at (0,0) width 41: "Text..."
        LayoutBlockFlow (anonymous) at (0,18) size 769x18
          LayoutBlockFlow {DIV} at (0,0) size 769x0
          LayoutTable (anonymous) at (0,0) size 105x18
            LayoutTableSection (anonymous) at (0,0) size 105x18
              LayoutTableRow (anonymous) at (0,0) size 105x18
                LayoutTableCell {DIV} at (0,0) size 105x18 [r=0 c=0 rs=1 cs=1]
                  LayoutText {#text} at (0,0) size 105x18
                    text run at (0,0) width 105: "...continues here"
        LayoutBlockFlow (anonymous) at (0,36) size 769x0
          LayoutInline {SPAN} at (0,0) size 0x0
      LayoutBlockFlow {DIV} at (0,302) size 769x36
        LayoutBlockFlow (anonymous) at (0,0) size 769x18
          LayoutInline {SPAN} at (0,0) size 129x18
            LayoutText {#text} at (0,0) size 41x18
              text run at (0,0) width 41: "Text..."
            LayoutText {#text} at (40,0) size 89x18
              text run at (40,0) width 89: "goes here and"
        LayoutBlockFlow (anonymous) at (0,18) size 769x18
          LayoutTable (anonymous) at (0,0) size 105x18
            LayoutTableSection (anonymous) at (0,0) size 105x18
              LayoutTableRow {DIV} at (0,0) size 105x18
                LayoutTableCell (anonymous) at (0,0) size 105x18 [r=0 c=0 rs=1 cs=1]
                  LayoutText {#text} at (0,0) size 105x18
                    text run at (0,0) width 105: "...continues here"
        LayoutBlockFlow (anonymous) at (0,36) size 769x0
          LayoutInline {SPAN} at (0,0) size 0x0
      LayoutBlockFlow {DIV} at (0,338) size 769x36
        LayoutBlockFlow (anonymous) at (0,0) size 769x18
          LayoutInline {SPAN} at (0,0) size 41x18
            LayoutText {#text} at (0,0) size 41x18
              text run at (0,0) width 41: "Text..."
        LayoutBlockFlow (anonymous) at (0,18) size 769x18
          LayoutTable (anonymous) at (0,0) size 105x18
            LayoutTableSection (anonymous) at (0,0) size 105x18
              LayoutTableRow (anonymous) at (0,0) size 105x0
                LayoutTableCell {TD} at (0,0) size 105x0 [r=0 c=0 rs=1 cs=1]
              LayoutTableRow {DIV} at (0,0) size 105x18
                LayoutTableCell (anonymous) at (0,0) size 105x18 [r=1 c=0 rs=1 cs=1]
                  LayoutText {#text} at (0,0) size 105x18
                    text run at (0,0) width 105: "...continues here"
        LayoutBlockFlow (anonymous) at (0,36) size 769x0
          LayoutInline {SPAN} at (0,0) size 0x0
      LayoutBlockFlow {DIV} at (0,374) size 769x36
        LayoutBlockFlow (anonymous) at (0,0) size 769x18
          LayoutInline {SPAN} at (0,0) size 41x18
            LayoutText {#text} at (0,0) size 41x18
              text run at (0,0) width 41: "Text..."
        LayoutBlockFlow (anonymous) at (0,18) size 769x18
          LayoutTable (anonymous) at (0,0) size 105x18
            LayoutTableSection (anonymous) at (0,0) size 105x18
              LayoutTableRow {TR} at (0,0) size 105x0
              LayoutTableRow {DIV} at (0,0) size 105x18
                LayoutTableCell (anonymous) at (0,0) size 105x18 [r=1 c=0 rs=1 cs=1]
                  LayoutText {#text} at (0,0) size 105x18
                    text run at (0,0) width 105: "...continues here"
        LayoutBlockFlow (anonymous) at (0,36) size 769x0
          LayoutInline {SPAN} at (0,0) size 0x0
      LayoutBlockFlow {DIV} at (0,410) size 769x36
        LayoutBlockFlow (anonymous) at (0,0) size 769x18
          LayoutInline {SPAN} at (0,0) size 41x18
            LayoutText {#text} at (0,0) size 41x18
              text run at (0,0) width 41: "Text..."
            LayoutInline {SPAN} at (0,0) size 1x18
        LayoutBlockFlow (anonymous) at (0,18) size 769x18
          LayoutTable (anonymous) at (0,0) size 105x18
            LayoutTableSection (anonymous) at (0,0) size 105x18
              LayoutTableRow {DIV} at (0,0) size 105x18
                LayoutTableCell (anonymous) at (0,0) size 105x18 [r=0 c=0 rs=1 cs=1]
                  LayoutText {#text} at (0,0) size 105x18
                    text run at (0,0) width 105: "...continues here"
        LayoutBlockFlow (anonymous) at (0,36) size 769x0
          LayoutInline {SPAN} at (0,0) size 0x0
      LayoutBlockFlow {DIV} at (0,446) size 769x36
        LayoutBlockFlow (anonymous) at (0,0) size 769x18
          LayoutInline {SPAN} at (0,0) size 41x18
            LayoutText {#text} at (0,0) size 41x18
              text run at (0,0) width 41: "Text..."
        LayoutBlockFlow (anonymous) at (0,18) size 769x18
          LayoutBlockFlow {DIV} at (0,0) size 769x0
          LayoutTable (anonymous) at (0,0) size 105x18
            LayoutTableSection (anonymous) at (0,0) size 105x18
              LayoutTableRow {DIV} at (0,0) size 105x18
                LayoutTableCell (anonymous) at (0,0) size 105x18 [r=0 c=0 rs=1 cs=1]
                  LayoutText {#text} at (0,0) size 105x18
                    text run at (0,0) width 105: "...continues here"
        LayoutBlockFlow (anonymous) at (0,36) size 769x0
          LayoutInline {SPAN} at (0,0) size 0x0
      LayoutBlockFlow {DIV} at (0,482) size 769x36
        LayoutBlockFlow (anonymous) at (0,0) size 769x18
          LayoutInline {SPAN} at (0,0) size 129x18
            LayoutText {#text} at (0,0) size 41x18
              text run at (0,0) width 41: "Text..."
            LayoutText {#text} at (40,0) size 89x18
              text run at (40,0) width 89: "goes here and"
        LayoutBlockFlow (anonymous) at (0,18) size 769x18
          LayoutTable (anonymous) at (0,0) size 105x18
            LayoutTableSection {DIV} at (0,0) size 105x18
              LayoutTableRow (anonymous) at (0,0) size 105x18
                LayoutTableCell (anonymous) at (0,0) size 105x18 [r=0 c=0 rs=1 cs=1]
                  LayoutText {#text} at (0,0) size 105x18
                    text run at (0,0) width 105: "...continues here"
        LayoutBlockFlow (anonymous) at (0,36) size 769x0
          LayoutInline {SPAN} at (0,0) size 0x0
      LayoutBlockFlow {DIV} at (0,518) size 769x36
        LayoutBlockFlow (anonymous) at (0,0) size 769x18
          LayoutInline {SPAN} at (0,0) size 41x18
            LayoutText {#text} at (0,0) size 41x18
              text run at (0,0) width 41: "Text..."
        LayoutBlockFlow (anonymous) at (0,18) size 769x18
          LayoutTable (anonymous) at (0,0) size 105x18
            LayoutTableSection (anonymous) at (0,0) size 105x0
              LayoutTableRow (anonymous) at (0,0) size 105x0
                LayoutTableCell {TD} at (0,0) size 105x0 [r=0 c=0 rs=1 cs=1]
            LayoutTableSection {DIV} at (0,0) size 105x18
              LayoutTableRow (anonymous) at (0,0) size 105x18
                LayoutTableCell (anonymous) at (0,0) size 105x18 [r=0 c=0 rs=1 cs=1]
                  LayoutText {#text} at (0,0) size 105x18
                    text run at (0,0) width 105: "...continues here"
        LayoutBlockFlow (anonymous) at (0,36) size 769x0
          LayoutInline {SPAN} at (0,0) size 0x0
      LayoutBlockFlow {DIV} at (0,554) size 769x36
        LayoutBlockFlow (anonymous) at (0,0) size 769x18
          LayoutInline {SPAN} at (0,0) size 41x18
            LayoutText {#text} at (0,0) size 41x18
              text run at (0,0) width 41: "Text..."
        LayoutBlockFlow (anonymous) at (0,18) size 769x18
          LayoutTable (anonymous) at (0,0) size 105x18
            LayoutTableSection (anonymous) at (0,0) size 105x0
              LayoutTableRow {TR} at (0,0) size 105x0
            LayoutTableSection {DIV} at (0,0) size 105x18
              LayoutTableRow (anonymous) at (0,0) size 105x18
                LayoutTableCell (anonymous) at (0,0) size 105x18 [r=0 c=0 rs=1 cs=1]
                  LayoutText {#text} at (0,0) size 105x18
                    text run at (0,0) width 105: "...continues here"
        LayoutBlockFlow (anonymous) at (0,36) size 769x0
          LayoutInline {SPAN} at (0,0) size 0x0
      LayoutBlockFlow {DIV} at (0,590) size 769x36
        LayoutBlockFlow (anonymous) at (0,0) size 769x18
          LayoutInline {SPAN} at (0,0) size 41x18
            LayoutText {#text} at (0,0) size 41x18
              text run at (0,0) width 41: "Text..."
            LayoutInline {SPAN} at (0,0) size 1x18
        LayoutBlockFlow (anonymous) at (0,18) size 769x18
          LayoutTable (anonymous) at (0,0) size 105x18
            LayoutTableSection {DIV} at (0,0) size 105x18
              LayoutTableRow (anonymous) at (0,0) size 105x18
                LayoutTableCell (anonymous) at (0,0) size 105x18 [r=0 c=0 rs=1 cs=1]
                  LayoutText {#text} at (0,0) size 105x18
                    text run at (0,0) width 105: "...continues here"
        LayoutBlockFlow (anonymous) at (0,36) size 769x0
          LayoutInline {SPAN} at (0,0) size 0x0
      LayoutBlockFlow {DIV} at (0,626) size 769x36
        LayoutBlockFlow (anonymous) at (0,0) size 769x18
          LayoutInline {SPAN} at (0,0) size 41x18
            LayoutText {#text} at (0,0) size 41x18
              text run at (0,0) width 41: "Text..."
        LayoutBlockFlow (anonymous) at (0,18) size 769x18
          LayoutBlockFlow {DIV} at (0,0) size 769x0
          LayoutTable (anonymous) at (0,0) size 105x18
            LayoutTableSection {DIV} at (0,0) size 105x18
              LayoutTableRow (anonymous) at (0,0) size 105x18
                LayoutTableCell (anonymous) at (0,0) size 105x18 [r=0 c=0 rs=1 cs=1]
                  LayoutText {#text} at (0,0) size 105x18
                    text run at (0,0) width 105: "...continues here"
        LayoutBlockFlow (anonymous) at (0,36) size 769x0
          LayoutInline {SPAN} at (0,0) size 0x0
