layer at (0,0) size 800x600
  LayoutView at (0,0) size 800x600
layer at (0,0) size 800x600
  LayoutBlockFlow {HTML} at (0,0) size 800x600
    LayoutBlockFlow {BODY} at (8,8) size 784x576
      LayoutBlockFlow {FORM} at (0,0) size 784x26
        LayoutTable {TABLE} at (0,0) size 674x26 [bgcolor=#FFE030] [border: (1px outset #808080)]
          LayoutTableSection {TBODY} at (1,1) size 672x24
            LayoutTableRow {TR} at (0,0) size 672x24
              LayoutTableCell {TD} at (0,0) size 672x24 [border: (1px inset #808080)] [r=0 c=0 rs=1 cs=1]
                LayoutInline {NOBR} at (0,0) size 670x19
                  LayoutTextControl {INPUT} at (1,1) size 214x22 [bgcolor=#FFFFFF] [border: (2px inset #EEEEEE)]
                  LayoutText {#text} at (215,2) size 14x19
                    text run at (215,2) width 14: " - "
                  LayoutTextControl {INPUT} at (229,1) size 214x22 [bgcolor=#FFFFFF] [border: (2px inset #EEEEEE)]
                  LayoutText {#text} at (443,2) size 14x19
                    text run at (443,2) width 14: " - "
                  LayoutTextControl {INPUT} at (457,1) size 214x22 [bgcolor=#FFFFFF] [border: (2px inset #EEEEEE)]
                LayoutText {#text} at (0,0) size 0x0
            LayoutTableRow {TR} at (0,24) size 672x0
layer at (12,13) size 210x16
  LayoutBlockFlow {DIV} at (2,3) size 210x16
layer at (240,13) size 210x16
  LayoutBlockFlow {DIV} at (2,3) size 210x16
layer at (468,13) size 210x16
  LayoutBlockFlow {DIV} at (2,3) size 210x16
