EDITING DELEGATE: webViewDidChangeSelection:WebViewDidChangeSelectionNotification
EDITING DELEGATE: webViewDidChangeSelection:WebViewDidChangeSelectionNotification
EDITING DELEGATE: webViewDidChangeSelection:WebViewDidChangeSelectionNotification
EDITING DELEGATE: webViewDidChangeSelection:WebViewDidChangeSelectionNotification
EDITING DELEGATE: webViewDidChangeSelection:WebViewDidChangeSelectionNotification
EDITING DELEGATE: webViewDidChange:WebViewDidChangeNotification
layer at (0,0) size 800x600
  LayoutView at (0,0) size 800x600
layer at (0,0) size 800x600
  LayoutBlockFlow {HTML} at (0,0) size 800x600
    LayoutBlockFlow {BODY} at (8,8) size 784x584
      LayoutBlockFlow {DIV} at (0,0) size 784x233 [border: (2px solid #0000FF)]
        LayoutBlockFlow {DIV} at (14,14) size 756x81
          LayoutText {#text} at (0,0) size 66x26
            text run at (0,0) width 66: "Tests: "
          LayoutBR {BR} at (0,0) size 0x0
          LayoutText {#text} at (0,27) size 162x26
            text run at (0,27) width 162: "Fix for this bug: "
          LayoutInline {A} at (0,0) size 257x26 [color=#0000EE]
            LayoutText {#text} at (161,27) size 257x26
              text run at (161,27) width 257: "<rdar://problem/3977962>"
          LayoutText {#text} at (417,27) size 742x53
            text run at (417,27) width 325: " font loses bold style after pasting"
            text run at (0,54) width 380: "next to existing text and pressing return"
        LayoutBlockFlow {DIV} at (14,111) size 756x108
          LayoutBlockFlow (anonymous) at (0,0) size 756x54
            LayoutText {#text} at (0,0) size 190x26
              text run at (0,0) width 190: "Expected Results: "
            LayoutBR {BR} at (189,21) size 1x0
            LayoutText {#text} at (0,27) size 432x26
              text run at (0,27) width 432: "Should see this content in the red box below:"
          LayoutBlockFlow {DIV} at (0,54) size 756x54
            LayoutBlockFlow (anonymous) at (0,0) size 756x27
              LayoutText {#text} at (0,0) size 32x26
                text run at (0,0) width 32: "foo"
            LayoutBlockFlow {DIV} at (0,27) size 756x27
              LayoutInline {B} at (0,0) size 36x26
                LayoutText {#text} at (0,0) size 36x26
                  text run at (0,0) width 36: "bar"
      LayoutBlockFlow {DIV} at (0,257) size 784x58
        LayoutBlockFlow {DIV} at (0,0) size 784x58 [border: (2px solid #FF0000)]
          LayoutBlockFlow {DIV} at (2,2) size 780x27
            LayoutText {#text} at (0,0) size 32x26
              text run at (0,0) width 32: "foo"
          LayoutBlockFlow {DIV} at (2,29) size 780x27
            LayoutInline {B} at (0,0) size 36x26
              LayoutText {#text} at (0,0) size 36x26
                text run at (0,0) width 36: "bar"
caret: position 0 of child 0 {#text} of child 0 {B} of child 1 {DIV} of child 1 {DIV} of child 3 {DIV} of body
