EDITING DELEGATE: webViewDidChangeSelection:WebViewDidChangeSelectionNotification
EDITING DELEGATE: webViewDidChangeSelection:WebViewDidChangeSelectionNotification
EDITING DELEGATE: webViewDidChangeSelection:WebViewDidChangeSelectionNotification
EDITING DELEGATE: webViewDidChangeSelection:WebViewDidChangeSelectionNotification
EDITING DELEGATE: webViewDidChangeSelection:WebViewDidChangeSelectionNotification
EDITING DELEGATE: webViewDidChangeSelection:WebViewDidChangeSelectionNotification
EDITING DELEGATE: webViewDidChange:WebViewDidChangeNotification
EDITING DELEGATE: webViewDidChangeSelection:WebViewDidChangeSelectionNotification
EDITING DELEGATE: webViewDidChange:WebViewDidChangeNotification
EDITING DELEGATE: webViewDidChangeSelection:WebViewDidChangeSelectionNotification
EDITING DELEGATE: webViewDidChange:WebViewDidChangeNotification
EDITING DELEGATE: webViewDidChangeSelection:WebViewDidChangeSelectionNotification
EDITING DELEGATE: webViewDidChange:WebViewDidChangeNotification
EDITING DELEGATE: webViewDidChangeSelection:WebViewDidChangeSelectionNotification
EDITING DELEGATE: webViewDidChange:WebViewDidChangeNotification
EDITING DELEGATE: webViewDidChangeSelection:WebViewDidChangeSelectionNotification
EDITING DELEGATE: webViewDidChange:WebViewDidChangeNotification
layer at (0,0) size 800x600
  LayoutView at (0,0) size 800x600
layer at (0,0) size 800x600
  LayoutBlockFlow {HTML} at (0,0) size 800x600
    LayoutBlockFlow {BODY} at (8,8) size 784x584
      LayoutBlockFlow {DIV} at (0,0) size 784x82 [border: (2px solid #0000FF)]
        LayoutText {#text} at (14,14) size 748x53
          text run at (14,14) width 742: "Size check should say: 30px. All text on the first line, and the first two words"
          text run at (755,14) width 7: " "
          text run at (14,41) width 430: "of the second line, should appear to be 30px."
      LayoutBlockFlow {DIV} at (0,106) size 784x27
        LayoutText {#text} at (0,0) size 116x26
          text run at (0,0) width 116: "Size check: "
        LayoutInline {SPAN} at (0,0) size 49x26
          LayoutText {#text} at (115,0) size 49x26
            text run at (115,0) width 49: "30px"
      LayoutBlockFlow {DIV} at (0,149) size 784x151
        LayoutBlockFlow {DIV} at (0,0) size 784x151 [border: (2px solid #FF0000)]
          LayoutBlockFlow (anonymous) at (14,14) size 756x34
            LayoutInline {SPAN} at (0,0) size 171x33
              LayoutText {#text} at (0,0) size 171x33
                text run at (0,0) width 171: "There is a tide"
          LayoutBlockFlow {DIV} at (14,48) size 756x62 [border: (2px solid #FF0000)]
            LayoutInline {SPAN} at (0,0) size 70x33
              LayoutText {#text} at (14,14) size 70x33
                text run at (14,14) width 70: "In the"
            LayoutText {#text} at (83,20) size 141x26
              text run at (83,20) width 141: " affairs of men"
          LayoutBlockFlow (anonymous) at (14,110) size 756x27
            LayoutText {#text} at (0,0) size 238x26
              text run at (0,0) width 238: "Which taken at the flood"
selection start: position 0 of child 0 {#text} of child 0 {SPAN} of child 1 {DIV} of child 5 {DIV} of body
selection end:   position 7 of child 0 {#text} of child 0 {SPAN} of child 1 {DIV} of child 1 {DIV} of child 5 {DIV} of body
