EDITING DELEGATE: webViewDidChangeSelection:WebViewDidChangeSelectionNotification
EDITING DELEGATE: webViewDidChangeSelection:WebViewDidChangeSelectionNotification
EDITING DELEGATE: webViewDidChangeSelection:WebViewDidChangeSelectionNotification
EDITING DELEGATE: webViewDidChangeSelection:WebViewDidChangeSelectionNotification
EDITING DELEGATE: webViewDidChangeSelection:WebViewDidChangeSelectionNotification
EDITING DELEGATE: webViewDidChangeSelection:WebViewDidChangeSelectionNotification
EDITING DELEGATE: webViewDidChangeSelection:WebViewDidChangeSelectionNotification
EDITING DELEGATE: webViewDidChangeSelection:WebViewDidChangeSelectionNotification
EDITING DELEGATE: webViewDidChange:WebViewDidChangeNotification
EDITING DELEGATE: webViewDidChangeSelection:WebViewDidChangeSelectionNotification
EDITING DELEGATE: webViewDidChange:WebViewDidChangeNotification
EDITING DELEGATE: webViewDidChangeSelection:WebViewDidChangeSelectionNotification
EDITING DELEGATE: webViewDidChange:WebViewDidChangeNotification
EDITING DELEGATE: webViewDidChangeSelection:WebViewDidChangeSelectionNotification
EDITING DELEGATE: webViewDidChange:WebViewDidChangeNotification
EDITING DELEGATE: webViewDidChangeSelection:WebViewDidChangeSelectionNotification
EDITING DELEGATE: webViewDidChange:WebViewDidChangeNotification
EDITING DELEGATE: webViewDidChangeSelection:WebViewDidChangeSelectionNotification
EDITING DELEGATE: webViewDidChange:WebViewDidChangeNotification
EDITING DELEGATE: webViewDidChangeSelection:WebViewDidChangeSelectionNotification
EDITING DELEGATE: webViewDidChangeSelection:WebViewDidChangeSelectionNotification
EDITING DELEGATE: webViewDidChangeSelection:WebViewDidChangeSelectionNotification
EDITING DELEGATE: webViewDidChangeSelection:WebViewDidChangeSelectionNotification
EDITING DELEGATE: webViewDidChangeSelection:WebViewDidChangeSelectionNotification
EDITING DELEGATE: webViewDidChange:WebViewDidChangeNotification
EDITING DELEGATE: webViewDidChangeSelection:WebViewDidChangeSelectionNotification
EDITING DELEGATE: webViewDidChange:WebViewDidChangeNotification
EDITING DELEGATE: webViewDidChangeSelection:WebViewDidChangeSelectionNotification
EDITING DELEGATE: webViewDidChange:WebViewDidChangeNotification
EDITING DELEGATE: webViewDidChangeSelection:WebViewDidChangeSelectionNotification
EDITING DELEGATE: webViewDidChange:WebViewDidChangeNotification
EDITING DELEGATE: webViewDidChangeSelection:WebViewDidChangeSelectionNotification
EDITING DELEGATE: webViewDidChange:WebViewDidChangeNotification
EDITING DELEGATE: webViewDidChangeSelection:WebViewDidChangeSelectionNotification
EDITING DELEGATE: webViewDidChange:WebViewDidChangeNotification
layer at (0,0) size 800x600
  LayoutView at (0,0) size 800x600
layer at (0,0) size 800x600
  LayoutBlockFlow {HTML} at (0,0) size 800x600
    LayoutBlockFlow {BODY} at (8,8) size 784x584
      LayoutBlockFlow {DIV} at (0,0) size 784x109 [border: (2px solid #0000FF)]
        LayoutText {#text} at (14,14) size 738x80
          text run at (14,14) width 719: "Size check should say: 24px. The first two words of the second line should"
          text run at (732,14) width 7: " "
          text run at (14,41) width 329: "appear to be 24px. The rest of the "
          text run at (342,41) width 404: "words on the second line should appear to"
          text run at (745,41) width 7: " "
          text run at (14,68) width 83: "be 30px."
      LayoutBlockFlow {DIV} at (0,133) size 784x27
        LayoutText {#text} at (0,0) size 116x26
          text run at (0,0) width 116: "Size check: "
        LayoutInline {SPAN} at (0,0) size 49x26
          LayoutText {#text} at (115,0) size 49x26
            text run at (115,0) width 49: "24px"
      LayoutBlockFlow {DIV} at (0,176) size 784x144
        LayoutBlockFlow {DIV} at (0,0) size 784x144 [border: (2px solid #FF0000)]
          LayoutBlockFlow (anonymous) at (14,14) size 756x27
            LayoutText {#text} at (0,0) size 137x26
              text run at (0,0) width 137: "There is a tide"
          LayoutBlockFlow {DIV} at (14,41) size 756x62 [border: (2px solid #FF0000)]
            LayoutInline {SPAN} at (0,0) size 56x26
              LayoutText {#text} at (14,20) size 56x26
                text run at (14,20) width 56: "In the"
            LayoutText {#text} at (69,14) size 176x33
              text run at (69,14) width 176: " affairs of men"
          LayoutBlockFlow (anonymous) at (14,103) size 756x27
            LayoutText {#text} at (0,0) size 238x26
              text run at (0,0) width 238: "Which taken at the flood"
selection start: position 0 of child 0 {#text} of child 0 {SPAN} of child 1 {DIV} of child 1 {DIV} of child 5 {DIV} of body
selection end:   position 6 of child 0 {#text} of child 0 {SPAN} of child 1 {DIV} of child 1 {DIV} of child 5 {DIV} of body
