EDITING DELEGATE: webViewDidChangeSelection:WebViewDidChangeSelectionNotification
EDITING DELEGATE: webViewDidChangeSelection:WebViewDidChangeSelectionNotification
EDITING DELEGATE: webViewDidChangeSelection:WebViewDidChangeSelectionNotification
EDITING DELEGATE: webViewDidChangeSelection:WebViewDidChangeSelectionNotification
EDITING DELEGATE: webViewDidChangeSelection:WebViewDidChangeSelectionNotification
EDITING DELEGATE: webViewDidChangeSelection:WebViewDidChangeSelectionNotification
EDITING DELEGATE: webViewDidChangeSelection:WebViewDidChangeSelectionNotification
EDITING DELEGATE: webViewDidChangeSelection:WebViewDidChangeSelectionNotification
EDITING DELEGATE: webViewDidChangeSelection:WebViewDidChangeSelectionNotification
EDITING DELEGATE: webViewDidChange:WebViewDidChangeNotification
EDITING DELEGATE: webViewDidChangeSelection:WebViewDidChangeSelectionNotification
EDITING DELEGATE: webViewDidChange:WebViewDidChangeNotification
EDITING DELEGATE: webViewDidChangeSelection:WebViewDidChangeSelectionNotification
EDITING DELEGATE: webViewDidChange:WebViewDidChangeNotification
EDITING DELEGATE: webViewDidChangeSelection:WebViewDidChangeSelectionNotification
EDITING DELEGATE: webViewDidChange:WebViewDidChangeNotification
EDITING DELEGATE: webViewDidChangeSelection:WebViewDidChangeSelectionNotification
EDITING DELEGATE: webViewDidChange:WebViewDidChangeNotification
EDITING DELEGATE: webViewDidChangeSelection:WebViewDidChangeSelectionNotification
EDITING DELEGATE: webViewDidChange:WebViewDidChangeNotification
layer at (0,0) size 800x600
  LayoutView at (0,0) size 800x600
layer at (0,0) size 800x600
  LayoutBlockFlow {HTML} at (0,0) size 800x600
    LayoutBlockFlow {BODY} at (8,8) size 784x584
      LayoutBlockFlow {DIV} at (0,0) size 784x82 [border: (2px solid #0000FF)]
        LayoutText {#text} at (14,14) size 715x53
          text run at (14,14) width 709: "Size check should say: 30px. All text in the red boxes should appear to be"
          text run at (722,14) width 7: " "
          text run at (14,41) width 54: "30px."
      LayoutBlockFlow {DIV} at (0,106) size 784x27
        LayoutText {#text} at (0,0) size 116x26
          text run at (0,0) width 116: "Size check: "
        LayoutInline {SPAN} at (0,0) size 49x26
          LayoutText {#text} at (115,0) size 49x26
            text run at (115,0) width 49: "30px"
      LayoutBlockFlow {DIV} at (0,149) size 784x158
        LayoutBlockFlow {DIV} at (0,0) size 784x158 [border: (2px solid #FF0000)]
          LayoutBlockFlow (anonymous) at (14,14) size 756x34
            LayoutText {#text} at (0,0) size 171x33
              text run at (0,0) width 171: "There is a tide"
          LayoutBlockFlow {DIV} at (14,48) size 756x62 [border: (2px solid #FF0000)]
            LayoutText {#text} at (14,14) size 245x33
              text run at (14,14) width 245: "In the affairs of men"
          LayoutBlockFlow (anonymous) at (14,110) size 756x34
            LayoutText {#text} at (0,0) size 297x33
              text run at (0,0) width 297: "Which taken at the flood"
selection start: position 1 of child 0 {#text} of child 1 {DIV} of child 5 {DIV} of body
selection end:   position 25 of child 2 {#text} of child 1 {DIV} of child 5 {DIV} of body
