layer at (0,0) size 800x600
  LayoutView at (0,0) size 800x600
layer at (0,0) size 800x108
  LayoutBlockFlow {HTML} at (0,0) size 800x108
    LayoutBlockFlow {BODY} at (8,16) size 784x76
      LayoutBlockFlow {P} at (0,0) size 784x40
        LayoutInline {SPAN} at (0,0) size 445x39
          LayoutBR {BR} at (0,0) size 0x19
          LayoutText {#text} at (0,20) size 445x19
            text run at (0,20) width 445: "There shouldn\x{2019}t be a black dot or line above the first letter of this sentence"
        LayoutText {#text} at (445,20) size 4x19
          text run at (445,20) width 4: "."
      LayoutBlockFlow {P} at (0,56) size 784x20
        LayoutText {#text} at (0,0) size 51x19
          text run at (0,0) width 51: "Test for "
        LayoutInline {I} at (0,0) size 658x19
          LayoutInline {A} at (0,0) size 305x19 [color=#0000EE]
            LayoutText {#text} at (51,0) size 305x19
              text run at (51,0) width 305: "http://bugs.webkit.org/show_bug.cgi?id=14245"
          LayoutText {#text} at (356,0) size 353x19
            text run at (356,0) width 4: " "
            text run at (360,0) width 349: "Underline painted under <br>, not repainted properly"
        LayoutText {#text} at (709,0) size 4x19
          text run at (709,0) width 4: "."
