EDITING DELEGATE: webViewDidChangeSelection:WebViewDidChangeSelectionNotification
EDITING DELEGATE: webViewDidChangeSelection:WebViewDidChangeSelectionNotification
EDITING DELEGATE: webViewDidChange:WebViewDidChangeNotification
layer at (0,0) size 800x600
  LayoutView at (0,0) size 800x600
layer at (0,0) size 800x600
  LayoutBlockFlow {HTML} at (0,0) size 800x600
    LayoutBlockFlow {BODY} at (8,8) size 784x584
      LayoutBlockFlow {P} at (0,0) size 784x36
        LayoutText {#text} at (0,0) size 750x36
          text run at (0,0) width 362: "This tests inserting a paragraph separator before a table. "
          text run at (361,0) width 389: "There should be an empty paragraph before the table and the"
          text run at (0,18) width 232: "caret should be just before the table."
      LayoutBlockFlow {DIV} at (0,52) size 784x46
        LayoutBlockFlow (anonymous) at (0,0) size 784x18
          LayoutBR {BR} at (0,0) size 0x18
        LayoutTable {TABLE} at (0,18) size 32x28 [border: (1px outset #808080)]
          LayoutTableSection {TBODY} at (1,1) size 30x26
            LayoutTableRow {TR} at (0,2) size 30x22
              LayoutTableCell {TD} at (2,2) size 26x22 [border: (1px inset #808080)] [r=0 c=0 rs=1 cs=1]
                LayoutText {#text} at (2,2) size 22x18
                  text run at (2,2) width 22: "foo"
caret: position 0 of child 1 {TABLE} of child 2 {DIV} of body
