EDITING DELEGATE: webViewDidChangeSelection:WebViewDidChangeSelectionNotification
EDITING DELEGATE: webViewDidChangeSelection:WebViewDidChangeSelectionNotification
EDITING DELEGATE: webViewDidChangeSelection:WebViewDidChangeSelectionNotification
EDITING DELEGATE: webViewDidChangeSelection:WebViewDidChangeSelectionNotification
EDITING DELEGATE: webViewDidChangeSelection:WebViewDidChangeSelectionNotification
EDITING DELEGATE: webViewDidChangeSelection:WebViewDidChangeSelectionNotification
EDITING DELEGATE: webViewDidChange:WebViewDidChangeNotification
layer at (0,0) size 800x600
  LayoutView at (0,0) size 800x600
layer at (0,0) size 800x600
  LayoutBlockFlow {HTML} at (0,0) size 800x600
    LayoutBlockFlow {BODY} at (8,8) size 784x584
      LayoutBlockFlow {DIV} at (0,0) size 784x110
        LayoutBlockFlow {DIV} at (0,0) size 784x28
          LayoutText {#text} at (0,0) size 277x28
            text run at (0,0) width 277: "Splitting Mail blockquotes."
        LayoutBlockFlow {DIV} at (0,28) size 784x82
          LayoutText {#text} at (0,0) size 190x28
            text run at (0,0) width 190: "Expected Results: "
          LayoutBR {BR} at (189,22) size 1x0
          LayoutText {#text} at (0,28) size 374x18
            text run at (0,28) width 374: "Two blockquotes, with an unquoted blank line in between."
          LayoutBR {BR} at (373,42) size 1x0
          LayoutText {#text} at (0,46) size 410x18
            text run at (0,46) width 410: "The first blockquote contains two lines, the second one is blank."
          LayoutBR {BR} at (409,60) size 1x0
          LayoutText {#text} at (0,64) size 318x18
            text run at (0,64) width 318: "The second blockquote is a single non-blank line."
      LayoutBlockFlow {DIV} at (0,110) size 784x224 [border: (2px solid #FF0000)]
        LayoutBlockFlow (anonymous) at (14,14) size 756x28
          LayoutText {#text} at (0,0) size 118x28
            text run at (0,0) width 118: "My citation:"
        LayoutBlockFlow {DIV} at (14,66) size 756x144
          LayoutBlockFlow {BLOCKQUOTE} at (40,0) size 676x60 [border: (2px solid #0000FF)]
            LayoutBlockFlow {DIV} at (2,2) size 672x28
              LayoutText {#text} at (0,0) size 35x28
                text run at (0,0) width 35: "one"
            LayoutBlockFlow {DIV} at (2,30) size 672x28
              LayoutBR {BR} at (0,0) size 0x28
          LayoutBlockFlow (anonymous) at (0,60) size 756x28
            LayoutBR {BR} at (0,0) size 0x28
          LayoutBlockFlow {BLOCKQUOTE} at (40,112) size 676x32 [border: (2px solid #0000FF)]
            LayoutBlockFlow {DIV} at (2,2) size 672x28
              LayoutText {#text} at (0,0) size 36x28
                text run at (0,0) width 36: "two"
caret: position 0 of child 2 {BR} of child 1 {DIV} of child 3 {DIV} of body
