EDITING DELEGATE: webViewDidChangeSelection:WebViewDidChangeSelectionNotification
EDITING DELEGATE: webViewDidChangeSelection:WebViewDidChangeSelectionNotification
EDITING DELEGATE: webViewDidChangeSelection:WebViewDidChangeSelectionNotification
EDITING DELEGATE: webViewDidChangeSelection:WebViewDidChangeSelectionNotification
EDITING DELEGATE: webViewDidChangeSelection:WebViewDidChangeSelectionNotification
EDITING DELEGATE: webViewDidChangeSelection:WebViewDidChangeSelectionNotification
EDITING DELEGATE: webViewDidChangeSelection:WebViewDidChangeSelectionNotification
EDITING DELEGATE: webViewDidChangeSelection:WebViewDidChangeSelectionNotification
EDITING DELEGATE: webViewDidChangeSelection:WebViewDidChangeSelectionNotification
EDITING DELEGATE: webViewDidChange:WebViewDidChangeNotification
layer at (0,0) size 800x600
  LayoutView at (0,0) size 800x600
layer at (0,0) size 800x600
  LayoutBlockFlow {HTML} at (0,0) size 800x600
    LayoutBlockFlow {BODY} at (8,8) size 784x584
      LayoutBlockFlow (anonymous) at (0,0) size 784x56
        LayoutText {#text} at (0,0) size 780x56
          text run at (0,0) width 774: "Test inserting paragraphs: should see two blue boxes, where the second blue box"
          text run at (773,0) width 7: " "
          text run at (0,28) width 242: "starts with an empty line."
      LayoutBlockFlow {DIV} at (0,56) size 784x36
      LayoutBlockFlow {DIV} at (0,92) size 784x112 [border: (2px solid #0000FF)]
        LayoutBlockFlow {DIV} at (14,14) size 756x56 [border: (2px solid #FF0000)]
          LayoutText {#text} at (14,14) size 34x28
            text run at (14,14) width 34: "baz"
        LayoutBlockFlow (anonymous) at (14,70) size 756x28
          LayoutText {#text} at (0,0) size 31x28
            text run at (0,0) width 31: "bar"
      LayoutBlockFlow {DIV} at (0,204) size 784x168 [border: (2px solid #0000FF)]
        LayoutBlockFlow (anonymous) at (14,14) size 756x28
          LayoutBR {BR} at (0,0) size 0x28
        LayoutBlockFlow {DIV} at (14,42) size 756x56 [border: (2px solid #FF0000)]
          LayoutText {#text} at (14,14) size 32x28
            text run at (14,14) width 32: "foo"
        LayoutBlockFlow {DIV} at (14,98) size 756x56 [border: (2px solid #FF0000)]
          LayoutBR {BR} at (14,14) size 0x28
caret: position 0 of child 0 {BR} of child 4 {DIV} of body
