EDITING DELEGATE: webViewDidChangeSelection:WebViewDidChangeSelectionNotification
EDITING DELEGATE: webViewDidChangeSelection:WebViewDidChangeSelectionNotification
EDITING DELEGATE: webViewDidChangeSelection:WebViewDidChangeSelectionNotification
EDITING DELEGATE: webViewDidChangeSelection:WebViewDidChangeSelectionNotification
EDITING DELEGATE: webViewDidChangeSelection:WebViewDidChangeSelectionNotification
EDITING DELEGATE: webViewDidChange:WebViewDidChangeNotification
EDITING DELEGATE: webViewDidChangeSelection:WebViewDidChangeSelectionNotification
EDITING DELEGATE: webViewDidChange:WebViewDidChangeNotification
layer at (0,0) size 800x600
  LayoutView at (0,0) size 800x600
layer at (0,0) size 800x600
  LayoutBlockFlow {HTML} at (0,0) size 800x600
    LayoutBlockFlow {BODY} at (8,8) size 784x584
      LayoutBlockFlow {DIV} at (0,0) size 784x84 [border: (2px solid #FF0000)]
        LayoutInline {SPAN} at (0,0) size 107x56
          LayoutText {#text} at (14,14) size 11x28
            text run at (14,14) width 11: "a"
          LayoutInline {SPAN} at (0,0) size 38x28
            LayoutText {#text} at (24,14) size 38x28
              text run at (24,14) width 38: "\x{9}"
          LayoutBR {BR} at (62,36) size 0x0
          LayoutText {#text} at (14,42) size 12x28
            text run at (14,42) width 12: "x"
          LayoutInline {SPAN} at (0,0) size 84x28
            LayoutText {#text} at (26,42) size 84x28
              text run at (26,42) width 84: "\x{9}\x{9}"
          LayoutText {#text} at (110,42) size 11x28
            text run at (110,42) width 11: "z"
        LayoutText {#text} at (0,0) size 0x0
caret: position 1 of child 3 {#text} of child 1 {SPAN} of child 1 {DIV} of body
