EDITING DELEGATE: webViewDidChangeSelection:WebViewDidChangeSelectionNotification
EDITING DELEGATE: webViewDidChangeSelection:WebViewDidChangeSelectionNotification
EDITING DELEGATE: webViewDidChangeSelection:WebViewDidChangeSelectionNotification
EDITING DELEGATE: webViewDidChangeSelection:WebViewDidChangeSelectionNotification
EDITING DELEGATE: webViewDidChangeSelection:WebViewDidChangeSelectionNotification
EDITING DELEGATE: webViewDidChangeSelection:WebViewDidChangeSelectionNotification
EDITING DELEGATE: webViewDidChangeSelection:WebViewDidChangeSelectionNotification
EDITING DELEGATE: webViewDidChangeSelection:WebViewDidChangeSelectionNotification
EDITING DELEGATE: webViewDidChangeSelection:WebViewDidChangeSelectionNotification
EDITING DELEGATE: webViewDidChangeSelection:WebViewDidChangeSelectionNotification
EDITING DELEGATE: webViewDidChange:WebViewDidChangeNotification
layer at (0,0) size 800x600
  LayoutView at (0,0) size 800x600
layer at (0,0) size 800x600
  LayoutBlockFlow {HTML} at (0,0) size 800x600
    LayoutBlockFlow {BODY} at (8,8) size 784x584
      LayoutBlockFlow (anonymous) at (0,0) size 784x28
        LayoutText {#text} at (0,0) size 620x28
          text run at (0,0) width 620: "Test inserting paragraphs: should see empty red box above \"foo\""
      LayoutBlockFlow {DIV} at (0,28) size 784x12
      LayoutBlockFlow {DIV} at (0,40) size 784x56 [border: (2px solid #FF0000)]
        LayoutText {#text} at (14,14) size 34x28
          text run at (14,14) width 34: "baz"
      LayoutBlockFlow (anonymous) at (0,96) size 784x28
        LayoutText {#text} at (0,0) size 31x28
          text run at (0,0) width 31: "bar"
      LayoutBlockFlow {DIV} at (0,124) size 784x56 [border: (2px solid #FF0000)]
        LayoutBR {BR} at (14,14) size 0x28
      LayoutBlockFlow {DIV} at (0,180) size 784x56 [border: (2px solid #FF0000)]
        LayoutText {#text} at (14,14) size 32x28
          text run at (14,14) width 32: "foo"
      LayoutBlockFlow {DIV} at (0,236) size 784x56 [border: (2px solid #FF0000)]
        LayoutBR {BR} at (14,14) size 0x28
caret: position 0 of child 0 {#text} of child 6 {DIV} of body
