EDITING DELEGATE: webViewDidChangeSelection:WebViewDidChangeSelectionNotification
EDITING DELEGATE: webViewDidChangeSelection:WebViewDidChangeSelectionNotification
EDITING DELEGATE: webViewDidChangeSelection:WebViewDidChangeSelectionNotification
EDITING DELEGATE: webViewDidChangeSelection:WebViewDidChangeSelectionNotification
EDITING DELEGATE: webViewDidChangeSelection:WebViewDidChangeSelectionNotification
EDITING DELEGATE: webViewDidChangeSelection:WebViewDidChangeSelectionNotification
EDITING DELEGATE: webViewDidChangeSelection:WebViewDidChangeSelectionNotification
EDITING DELEGATE: webViewDidChangeSelection:WebViewDidChangeSelectionNotification
EDITING DELEGATE: webViewDidChange:WebViewDidChangeNotification
EDITING DELEGATE: webViewDidChangeSelection:WebViewDidChangeSelectionNotification
EDITING DELEGATE: webViewDidChangeSelection:WebViewDidChangeSelectionNotification
EDITING DELEGATE: webViewDidChange:WebViewDidChangeNotification
EDITING DELEGATE: webViewDidChangeSelection:WebViewDidChangeSelectionNotification
EDITING DELEGATE: webViewDidChange:WebViewDidChangeNotification
EDITING DELEGATE: webViewDidChangeSelection:WebViewDidChangeSelectionNotification
EDITING DELEGATE: webViewDidChange:WebViewDidChangeNotification
EDITING DELEGATE: webViewDidChangeSelection:WebViewDidChangeSelectionNotification
EDITING DELEGATE: webViewDidChange:WebViewDidChangeNotification
EDITING DELEGATE: webViewDidChangeSelection:WebViewDidChangeSelectionNotification
EDITING DELEGATE: webViewDidChange:WebViewDidChangeNotification
EDITING DELEGATE: webViewDidChangeSelection:WebViewDidChangeSelectionNotification
EDITING DELEGATE: webViewDidChange:WebViewDidChangeNotification
EDITING DELEGATE: webViewDidChangeSelection:WebViewDidChangeSelectionNotification
EDITING DELEGATE: webViewDidChange:WebViewDidChangeNotification
EDITING DELEGATE: webViewDidChangeSelection:WebViewDidChangeSelectionNotification
EDITING DELEGATE: webViewDidChange:WebViewDidChangeNotification
EDITING DELEGATE: webViewDidChangeSelection:WebViewDidChangeSelectionNotification
EDITING DELEGATE: webViewDidChange:WebViewDidChangeNotification
layer at (0,0) size 800x600
  LayoutView at (0,0) size 800x600
layer at (0,0) size 800x600
  LayoutBlockFlow {HTML} at (0,0) size 800x600
    LayoutBlockFlow {BODY} at (8,8) size 784x568
      LayoutBlockFlow (anonymous) at (0,0) size 784x112
        LayoutText {#text} at (0,0) size 739x56
          text run at (0,0) width 733: "Test inserting paragraphs and managing typing style correctly: Only \"line 1\""
          text run at (732,0) width 7: " "
          text run at (0,28) width 618: "should be bold. Other lines should be non-bold. Fix for this bug:"
          text run at (617,28) width 7: " "
        LayoutInline {A} at (0,0) size 257x28 [color=#0000EE]
          LayoutText {#text} at (0,56) size 257x28
            text run at (0,56) width 257: "<rdar://problem/3944492>"
        LayoutText {#text} at (256,56) size 716x56
          text run at (256,56) width 454: " after pressing return twice, text is bold when it"
          text run at (709,56) width 7: " "
          text run at (0,84) width 116: "shouldn't be"
      LayoutBlockFlow {DIV} at (0,112) size 784x12
      LayoutBlockFlow {P} at (0,148) size 784x56 [border: (2px solid #0000FF)]
        LayoutInline {B} at (0,0) size 56x28
          LayoutText {#text} at (14,14) size 56x28
            text run at (14,14) width 56: "line 1"
      LayoutBlockFlow {P} at (0,228) size 784x56 [border: (2px solid #0000FF)]
        LayoutText {#text} at (14,14) size 36x28
          text run at (14,14) width 36: "xxx"
      LayoutBlockFlow {P} at (0,308) size 784x56 [border: (2px solid #0000FF)]
        LayoutBR {BR} at (14,14) size 0x28 [bgcolor=#008000]
      LayoutBlockFlow {P} at (0,388) size 784x56 [border: (2px solid #0000FF)]
        LayoutText {#text} at (14,14) size 36x28
          text run at (14,14) width 36: "xxx"
caret: position 3 of child 0 {#text} of child 8 {P} of body
