EDITING DELEGATE: webViewDidChangeSelection:WebViewDidChangeSelectionNotification
EDITING DELEGATE: webViewDidChangeSelection:WebViewDidChangeSelectionNotification
EDITING DELEGATE: webViewDidChangeSelection:WebViewDidChangeSelectionNotification
EDITING DELEGATE: webViewDidChangeSelection:WebViewDidChangeSelectionNotification
EDITING DELEGATE: webViewDidChangeSelection:WebViewDidChangeSelectionNotification
EDITING DELEGATE: webViewDidChangeSelection:WebViewDidChangeSelectionNotification
EDITING DELEGATE: webViewDidChange:WebViewDidChangeNotification
EDITING DELEGATE: webViewDidChangeSelection:WebViewDidChangeSelectionNotification
EDITING DELEGATE: webViewDidChange:WebViewDidChangeNotification
layer at (0,0) size 800x600
  LayoutView at (0,0) size 800x600
layer at (0,0) size 800x600
  LayoutBlockFlow {HTML} at (0,0) size 800x600
    LayoutBlockFlow {BODY} at (8,8) size 784x584
      LayoutBlockFlow {DIV} at (0,0) size 784x84 [border: (2px solid #FF0000)]
        LayoutInline {SPAN} at (0,0) size 144x56
          LayoutText {#text} at (14,14) size 11x28
            text run at (14,14) width 11: "a"
          LayoutInline {SPAN} at (0,0) size 134x28
            LayoutText {#text} at (24,14) size 134x28
              text run at (24,14) width 134: "\x{9}\x{9}\x{9}"
          LayoutBR {BR} at (158,36) size 0x0
          LayoutText {#text} at (14,42) size 23x28
            text run at (14,42) width 23: "xz"
        LayoutText {#text} at (0,0) size 0x0
caret: position 1 of child 3 {#text} of child 1 {SPAN} of child 1 {DIV} of body
