EDITING DELEGATE: webViewDidChangeSelection:WebViewDidChangeSelectionNotification
EDITING DELEGATE: webViewDidChangeSelection:WebViewDidChangeSelectionNotification
EDITING DELEGATE: webViewDidChangeSelection:WebViewDidChangeSelectionNotification
EDITING DELEGATE: webViewDidChangeSelection:WebViewDidChangeSelectionNotification
EDITING DELEGATE: webViewDidChangeSelection:WebViewDidChangeSelectionNotification
EDITING DELEGATE: webViewDidChangeSelection:WebViewDidChangeSelectionNotification
EDITING DELEGATE: webViewDidChange:WebViewDidChangeNotification
layer at (0,0) size 800x600
  LayoutView at (0,0) size 800x600
layer at (0,0) size 800x600
  LayoutBlockFlow {HTML} at (0,0) size 800x600
    LayoutBlockFlow {BODY} at (8,8) size 784x584
      LayoutBlockFlow {P} at (0,0) size 784x36
        LayoutText {#text} at (0,0) size 775x36
          text run at (0,0) width 571: "This tests inserting a paragraph separator into a selection that spans multiple paragraphs. "
          text run at (570,0) width 205: "'ar' should be on the line after 'f'"
          text run at (0,18) width 264: "and the caret should be just before the 'a'."
      LayoutBlockFlow {DIV} at (0,52) size 784x36
        LayoutBlockFlow {DIV} at (0,0) size 784x18
          LayoutText {#text} at (0,0) size 6x18
            text run at (0,0) width 6: "f"
        LayoutBlockFlow {DIV} at (0,18) size 784x18
          LayoutText {#text} at (0,0) size 13x18
            text run at (0,0) width 13: "ar"
caret: position 0 of child 0 {#text} of child 1 {DIV} of child 2 {DIV} of body
