EDITING DELEGATE: webViewDidChangeSelection:WebViewDidChangeSelectionNotification
EDITING DELEGATE: webViewDidChangeSelection:WebViewDidChangeSelectionNotification
EDITING DELEGATE: webViewDidChangeSelection:WebViewDidChangeSelectionNotification
EDITING DELEGATE: webViewDidChangeSelection:WebViewDidChangeSelectionNotification
EDITING DELEGATE: webViewDidChangeSelection:WebViewDidChangeSelectionNotification
EDITING DELEGATE: webViewDidChangeSelection:WebViewDidChangeSelectionNotification
EDITING DELEGATE: webViewDidChangeSelection:WebViewDidChangeSelectionNotification
EDITING DELEGATE: webViewDidChange:WebViewDidChangeNotification
layer at (0,0) size 800x600
  LayoutView at (0,0) size 800x600
layer at (0,0) size 800x600
  LayoutBlockFlow {HTML} at (0,0) size 800x600
    LayoutBlockFlow {BODY} at (8,8) size 784x584
      LayoutBlockFlow {DIV} at (0,0) size 784x380 [border: (2px solid #0000FF)]
        LayoutBlockFlow {DIV} at (14,14) size 756x112
          LayoutText {#text} at (0,0) size 66x28
            text run at (0,0) width 66: "Tests: "
          LayoutBR {BR} at (65,22) size 1x0
          LayoutText {#text} at (0,28) size 608x28
            text run at (0,28) width 608: "A scenario I thought of based on my experiences with this bug:"
          LayoutInline {A} at (0,0) size 257x28 [color=#0000EE]
            LayoutText {#text} at (0,56) size 257x28
              text run at (0,56) width 257: "<rdar://problem/4045521>"
          LayoutText {#text} at (256,56) size 735x56
            text run at (256,56) width 479: " Hitting return key with full line selected does not"
            text run at (0,84) width 252: "add blank line as it should"
        LayoutBlockFlow {DIV} at (14,142) size 756x224
          LayoutBlockFlow (anonymous) at (0,0) size 756x112
            LayoutText {#text} at (0,0) size 190x28
              text run at (0,0) width 190: "Expected Results: "
            LayoutBR {BR} at (189,22) size 1x0
            LayoutText {#text} at (0,28) size 740x84
              text run at (0,28) width 718: "Should see this content in the red box below (note that there should be two"
              text run at (0,56) width 740: "blank lines between \"foo\" and \"baz\"; also note that the insertion point should"
              text run at (0,84) width 422: "be at the start of the third line, a blank line):"
          LayoutBlockFlow {DIV} at (0,112) size 756x28
            LayoutText {#text} at (0,0) size 32x28
              text run at (0,0) width 32: "foo"
          LayoutBlockFlow {DIV} at (0,140) size 756x28
            LayoutBR {BR} at (0,0) size 0x28
          LayoutBlockFlow {DIV} at (0,168) size 756x28
            LayoutBR {BR} at (0,0) size 0x28
          LayoutBlockFlow {DIV} at (0,196) size 756x28
            LayoutText {#text} at (0,0) size 34x28
              text run at (0,0) width 34: "baz"
      LayoutBlockFlow {DIV} at (0,404) size 784x116
        LayoutBlockFlow {DIV} at (0,0) size 784x116 [border: (2px solid #FF0000)]
          LayoutBlockFlow {DIV} at (2,2) size 780x28
            LayoutText {#text} at (0,0) size 32x28
              text run at (0,0) width 32: "foo"
          LayoutBlockFlow {DIV} at (2,30) size 780x28
            LayoutBR {BR} at (0,0) size 0x28
          LayoutBlockFlow {DIV} at (2,58) size 780x28
            LayoutBR {BR} at (0,0) size 0x28
          LayoutBlockFlow {DIV} at (2,86) size 780x28
            LayoutText {#text} at (0,0) size 34x28
              text run at (0,0) width 34: "baz"
caret: position 0 of child 0 {BR} of child 3 {DIV} of child 1 {DIV} of child 3 {DIV} of body
