layer at (0,0) size 800x600 clip at (0,0) size 785x600 scrollHeight 773
  LayoutView at (0,0) size 800x600
layer at (0,0) size 785x773 backgroundClip at (0,0) size 785x600 clip at (0,0) size 785x600
  LayoutBlockFlow {html} at (0,0) size 785x772.84
    LayoutBlockFlow {body} at (11.52,11.52) size 761.97x738.30
      LayoutBlockFlow (anonymous) at (0,0) size 761.97x54
        LayoutText {#text} at (0,0) size 756x53
          text run at (0,0) width 357: "The two blocks should look identical. "
          text run at (357,0) width 399: "One uses an SVG, and the other just uses a"
          text run at (0,27) width 174: "normal HTML div."
      LayoutBlockFlow {p} at (0,77.03) size 761.97x27
        LayoutText {#text} at (0,0) size 524x26
          text run at (0,0) width 524: "There should be a red, white and blue pattern below this"
      LayoutSVGRoot (floating) {svg} at (25,152) size 202x202
        LayoutSVGRect {rect} at (53,180) size 146x146 [fill={[type=SOLID] [color=#0000FF]}] [x=0.00] [y=0.00] [width=100.00] [height=100.00]
      LayoutBlockFlow {p} at (0,356.63) size 761.97x27
        LayoutText {#text} at (0,0) size 523x26
          text run at (0,0) width 523: "There should be a red, white and blue pattern above this"
      LayoutBlockFlow {hr} at (0,406.66) size 761.97x2 [border: (1px inset #EEEEEE)]
      LayoutBlockFlow {p} at (0,431.69) size 761.97x27
        LayoutText {#text} at (0,0) size 524x26
          text run at (0,0) width 524: "There should be a red, white and blue pattern below this"
      LayoutBlockFlow (floating) {div} at (14.39,496.11) size 200.80x200.80 [border: (14px solid #FF0000)]
        LayoutBlockFlow {div} at (28.39,28.39) size 144x144 [bgcolor=#0000FF]
      LayoutBlockFlow {p} at (0,711.30) size 761.97x27
        LayoutText {#text} at (0,0) size 523x26
          text run at (0,0) width 523: "There should be a red, white and blue pattern above this"
