layer at (0,0) size 800x600
  LayoutView at (0,0) size 800x600
layer at (0,0) size 800x600
  LayoutBlockFlow {HTML} at (0,0) size 800x600
    LayoutBlockFlow {BODY} at (8,8) size 784x584
      LayoutBlockFlow (anonymous) at (0,0) size 784x18
        LayoutText {#text} at (0,0) size 191x17
          text run at (0,0) width 191: "outer width=400 align=center"
      LayoutTable {TABLE} at (192,18) size 400x46 [border: (1px outset #808080)]
        LayoutTableSection {TBODY} at (1,1) size 398x44
          LayoutTableRow {TR} at (0,2) size 398x40
            LayoutTableCell {TD} at (2,2) size 394x40 [border: (1px inset #808080)] [r=0 c=0 rs=1 cs=1]
              LayoutBlockFlow {FORM} at (2,2) size 390x20
                LayoutMenuList {SELECT} at (0,0) size 49x20 [bgcolor=#FFFFFF] [border: (1px solid #A9A9A9)]
                  LayoutBlockFlow (anonymous) at (1,1) size 47x18
                    LayoutText (anonymous) at (4,1) size 24x16
                      text run at (4,1) width 24: "Test"
                LayoutText {#text} at (0,0) size 0x0
      LayoutBlockFlow (anonymous) at (0,64) size 784x18
        LayoutText {#text} at (0,0) size 301x17
          text run at (0,0) width 301: "outer width=400 inner width=200 align=center"
      LayoutTable {TABLE} at (0,82) size 400x40 [border: (2px outset #808080)]
        LayoutTableSection {TBODY} at (2,2) size 396x36
          LayoutTableRow {TR} at (0,2) size 396x32
            LayoutTableCell {TD} at (2,2) size 392x32 [border: (1px inset #808080)] [r=0 c=0 rs=1 cs=1]
              LayoutTable {TABLE} at (96,2) size 200x28 [border: (1px outset #808080)]
                LayoutTableSection {TBODY} at (1,1) size 198x26
                  LayoutTableRow {TR} at (0,2) size 198x22
                    LayoutTableCell {TD} at (2,2) size 194x22 [border: (1px inset #808080)] [r=0 c=0 rs=1 cs=1]
                      LayoutText {#text} at (2,2) size 22x17
                        text run at (2,2) width 22: "foo"
      LayoutBlockFlow (anonymous) at (0,122) size 784x18
        LayoutText {#text} at (0,0) size 186x17
          text run at (0,0) width 186: "outer auto inner align=center"
      LayoutTable {TABLE} at (0,140) size 44x40 [border: (2px outset #808080)]
        LayoutTableSection {TBODY} at (2,2) size 40x36
          LayoutTableRow {TR} at (0,2) size 40x32
            LayoutTableCell {TD} at (2,2) size 36x32 [border: (1px inset #808080)] [r=0 c=0 rs=1 cs=1]
              LayoutTable {TABLE} at (2,2) size 32x28 [border: (1px outset #808080)]
                LayoutTableSection {TBODY} at (1,1) size 30x26
                  LayoutTableRow {TR} at (0,2) size 30x22
                    LayoutTableCell {TD} at (2,2) size 26x22 [border: (1px inset #808080)] [r=0 c=0 rs=1 cs=1]
                      LayoutText {#text} at (2,2) size 22x17
                        text run at (2,2) width 22: "foo"
      LayoutBlockFlow (anonymous) at (0,180) size 784x18
        LayoutText {#text} at (0,0) size 220x17
          text run at (0,0) width 220: "outer width=50 inner align=center"
      LayoutTable {TABLE} at (0,198) size 44x40 [border: (2px outset #808080)]
        LayoutTableSection {TBODY} at (2,2) size 40x36
          LayoutTableRow {TR} at (0,2) size 40x32
            LayoutTableCell {TD} at (2,2) size 36x32 [border: (1px inset #808080)] [r=0 c=0 rs=1 cs=1]
              LayoutTable {TABLE} at (2,2) size 32x28 [border: (1px outset #808080)]
                LayoutTableSection {TBODY} at (1,1) size 30x26
                  LayoutTableRow {TR} at (0,2) size 30x22
                    LayoutTableCell {TD} at (2,2) size 26x22 [border: (1px inset #808080)] [r=0 c=0 rs=1 cs=1]
                      LayoutText {#text} at (2,2) size 22x17
                        text run at (2,2) width 22: "foo"
      LayoutBlockFlow (anonymous) at (0,238) size 784x18
        LayoutText {#text} at (0,0) size 232x17
          text run at (0,0) width 232: "outer width=50 inner margin-left:50"
      LayoutTable {TABLE} at (0,256) size 94x40 [border: (2px outset #808080)]
        LayoutTableSection {TBODY} at (2,2) size 90x36
          LayoutTableRow {TR} at (0,2) size 90x32
            LayoutTableCell {TD} at (2,2) size 86x32 [border: (1px inset #808080)] [r=0 c=0 rs=1 cs=1]
              LayoutTable {TABLE} at (52,2) size 32x28 [border: (1px outset #808080)]
                LayoutTableSection {TBODY} at (1,1) size 30x26
                  LayoutTableRow {TR} at (0,2) size 30x22
                    LayoutTableCell {TD} at (2,2) size 26x22 [border: (1px inset #808080)] [r=0 c=0 rs=1 cs=1]
                      LayoutText {#text} at (2,2) size 22x17
                        text run at (2,2) width 22: "foo"
      LayoutBlockFlow (anonymous) at (0,296) size 784x18
        LayoutText {#text} at (0,0) size 228x17
          text run at (0,0) width 228: "outer width=400 inner align=center"
      LayoutTable {TABLE} at (0,314) size 400x40 [border: (2px outset #808080)]
        LayoutTableSection {TBODY} at (2,2) size 396x36
          LayoutTableRow {TR} at (0,2) size 396x32
            LayoutTableCell {TD} at (2,2) size 117x32 [border: (1px inset #808080)] [r=0 c=0 rs=1 cs=1]
              LayoutTable {TABLE} at (42.50,2) size 32x28 [border: (1px outset #808080)]
                LayoutTableSection {TBODY} at (1,1) size 30x26
                  LayoutTableRow {TR} at (0,2) size 30x22
                    LayoutTableCell {TD} at (2,2) size 26x22 [border: (1px inset #808080)] [r=0 c=0 rs=1 cs=1]
                      LayoutText {#text} at (2,2) size 22x17
                        text run at (2,2) width 22: "foo"
            LayoutTableCell {TD} at (121,7) size 273x22 [border: (1px inset #808080)] [r=0 c=1 rs=1 cs=1]
              LayoutText {#text} at (2,2) size 80x17
                text run at (2,2) width 80: "x x x x x x x"
      LayoutBlockFlow (anonymous) at (0,354) size 784x18
        LayoutText {#text} at (0,0) size 228x17
          text run at (0,0) width 228: "outer width=400 inner align=center"
      LayoutTable {TABLE} at (0,372) size 400x40 [border: (2px outset #808080)]
        LayoutTableSection {TBODY} at (2,2) size 396x36
          LayoutTableRow {TR} at (0,2) size 396x32
            LayoutTableCell {TD} at (2,2) size 168x32 [border: (1px inset #808080)] [r=0 c=0 rs=1 cs=1]
              LayoutTable {TABLE} at (54,2) size 60x28 [border: (1px outset #808080)]
                LayoutTableSection {TBODY} at (1,1) size 58x26
                  LayoutTableRow {TR} at (0,2) size 58x22
                    LayoutTableCell {TD} at (2,2) size 54x22 [border: (1px inset #808080)] [r=0 c=0 rs=1 cs=1]
                      LayoutText {#text} at (2,2) size 16x17
                        text run at (2,2) width 16: "50"
            LayoutTableCell {TD} at (172,7) size 222x22 [border: (1px inset #808080)] [r=0 c=1 rs=1 cs=1]
              LayoutText {#text} at (2,2) size 80x17
                text run at (2,2) width 80: "x x x x x x x"
      LayoutBlockFlow (anonymous) at (0,412) size 784x18
        LayoutText {#text} at (0,0) size 20x17
          text run at (0,0) width 20: "-->"
