layer at (0,0) size 800x600
  LayoutView at (0,0) size 800x600
layer at (0,0) size 800x397
  LayoutBlockFlow {HTML} at (0,0) size 800x397
    LayoutBlockFlow {BODY} at (8,10) size 784x377
      LayoutBlockFlow {DIV} at (300,0) size 184x50 [border: (1px solid #000000)]
        LayoutText {#text} at (172,2) size 11x46
          text run at (172,2) width 11 RTL: "!"
        LayoutInline {SPAN} at (0,0) size 47x46
          LayoutText {#text} at (25,2) size 47x46
            text run at (25,2) width 47 RTL: " @"
        LayoutText {#text} at (0,0) size 0x0
      LayoutBlockFlow {DIV} at (300,60) size 184x50 [border: (1px solid #000000)]
        LayoutText {#text} at (172,2) size 11x46
          text run at (172,2) width 11 RTL: "!"
        LayoutInline {SPAN} at (0,0) size 110x46
          LayoutText {#text} at (162,2) size 10x46
            text run at (162,2) width 10 RTL: " "
        LayoutText {#text} at (25,2) size 37x46
          text run at (25,2) width 37 RTL: "@"
      LayoutBlockFlow {DIV} at (300,120) size 184x50 [border: (1px solid #000000)]
        LayoutInline {SPAN} at (0,0) size 121x46
          LayoutText {#text} at (62,2) size 121x46
            text run at (62,2) width 121 RTL: "! "
        LayoutText {#text} at (25,2) size 37x46
          text run at (25,2) width 37 RTL: "@"
      LayoutBlockFlow {DIV} at (300,180) size 184x77 [border: (1px solid #000000)]
        LayoutText {#text} at (172,16) size 11x46
          text run at (172,16) width 11 RTL: "!"
        LayoutInline {SPAN} at (0,0) size 110x46
          LayoutText {#text} at (162,16) size 10x46
            text run at (162,16) width 10 RTL: " "
        LayoutText {#text} at (15,16) size 47x46
          text run at (15,16) width 47 RTL: "@ \x{200F}"
      LayoutBlockFlow {DIV} at (300,267) size 184x50 [border: (1px solid #000000)]
        LayoutText {#text} at (172,2) size 11x46
          text run at (172,2) width 11 RTL: "!"
        LayoutInline {SPAN} at (0,0) size 110x46
          LayoutText {#text} at (162,2) size 10x46
            text run at (162,2) width 10 RTL: " "
        LayoutText {#text} at (25,2) size 37x46
          text run at (25,2) width 37 RTL: "@"
      LayoutBlockFlow {DIV} at (300,327) size 184x50 [border: (1px solid #000000)]
        LayoutText {#text} at (25,2) size 37x46
          text run at (25,2) width 37: "@"
        LayoutInline {SPAN} at (0,0) size 110x46
          LayoutText {#text} at (162,2) size 10x46
            text run at (162,2) width 10: " "
        LayoutText {#text} at (172,2) size 11x46
          text run at (172,2) width 11: "!"
