layer at (0,0) size 800x600 clip at (0,0) size 785x600 scrollHeight 7240
  LayoutView at (0,0) size 800x600
layer at (0,0) size 785x7240 backgroundClip at (0,0) size 785x600 clip at (0,0) size 785x600
  LayoutBlockFlow {HTML} at (0,0) size 785x7240
    LayoutBlockFlow {BODY} at (8,8) size 769x7216
      LayoutBlockFlow {P} at (0,0) size 769x20
        LayoutText {#text} at (0,0) size 284x19
          text run at (0,0) width 284: "Tests the resolved level of runs of neutral types."
      LayoutBlockFlow {DIV} at (0,36) size 769x3582
        LayoutBlockFlow {P} at (0,0) size 769x20
          LayoutText {#text} at (0,0) size 43x19
            text run at (0,0) width 43: "ab(^cd"
        LayoutBlockFlow {P} at (0,36) size 769x20
          LayoutText {#text} at (0,0) size 43x19
            text run at (0,0) width 15 RTL: "\x{5D0}\x{5D1}"
            text run at (15,0) width 28: "(^cd"
        LayoutBlockFlow {P} at (0,72) size 769x20
          LayoutText {#text} at (0,0) size 42x19
            text run at (0,0) width 14 RTL: "\x{627}\x{628}"
            text run at (14,0) width 28: "(^cd"
        LayoutBlockFlow {P} at (0,108) size 769x20
          LayoutText {#text} at (0,0) size 59x19
            text run at (0,0) width 59: "ab12(^cd"
        LayoutBlockFlow {P} at (0,144) size 769x20
          LayoutText {#text} at (0,0) size 59x19
            text run at (0,0) width 16: "12"
            text run at (16,0) width 15 RTL: "\x{5D0}\x{5D1}"
            text run at (31,0) width 28: "(^cd"
        LayoutBlockFlow {P} at (0,180) size 769x20
          LayoutText {#text} at (0,0) size 58x19
            text run at (0,0) width 16: "12"
            text run at (16,0) width 14 RTL: "\x{627}\x{628}"
            text run at (30,0) width 28: "(^cd"
        LayoutBlockFlow {P} at (0,216) size 769x20
          LayoutText {#text} at (0,0) size 59x19
            text run at (0,0) width 15: "ab"
            text run at (15,0) width 16: "\x{661}\x{662}"
            text run at (31,0) width 28: "(^cd"
        LayoutBlockFlow {P} at (0,252) size 769x20
          LayoutText {#text} at (0,0) size 59x19
            text run at (0,0) width 16: "\x{661}\x{662}"
            text run at (16,0) width 15 RTL: "\x{5D0}\x{5D1}"
            text run at (31,0) width 28: "(^cd"
        LayoutBlockFlow {P} at (0,288) size 769x20
          LayoutText {#text} at (0,0) size 58x19
            text run at (0,0) width 16: "\x{661}\x{662}"
            text run at (16,0) width 14 RTL: "\x{627}\x{628}"
            text run at (30,0) width 28: "(^cd"
        LayoutBlockFlow {P} at (0,324) size 769x30
          LayoutText {#text} at (0,6) size 35x19
            text run at (0,6) width 7: "\x{202A}?"
            text run at (7,6) width 28: "\x{202C}(^cd"
        LayoutBlockFlow {P} at (0,370) size 769x30
          LayoutText {#text} at (0,6) size 35x19
            text run at (0,6) width 7 RTL: "\x{202B}?"
            text run at (7,6) width 28: "\x{202C}(^cd"
        LayoutBlockFlow {P} at (0,416) size 769x20
          LayoutText {#text} at (0,0) size 40x19
            text run at (0,0) width 28: "ab(^"
            text run at (28,0) width 12 RTL: "\x{5D2}\x{5D3}"
        LayoutBlockFlow {P} at (0,452) size 769x20
          LayoutText {#text} at (0,0) size 40x19
            text run at (0,0) width 40 RTL: "\x{5D0}\x{5D1}(^\x{5D2}\x{5D3}"
        LayoutBlockFlow {P} at (0,488) size 769x20
          LayoutText {#text} at (0,0) size 39x19
            text run at (0,0) width 39 RTL: "\x{627}\x{628}(^\x{5D2}\x{5D3}"
        LayoutBlockFlow {P} at (0,524) size 769x20
          LayoutText {#text} at (0,0) size 56x19
            text run at (0,0) width 44: "ab12(^"
            text run at (44,0) width 12 RTL: "\x{5D2}\x{5D3}"
        LayoutBlockFlow {P} at (0,560) size 769x20
          LayoutText {#text} at (0,0) size 56x19
            text run at (0,0) width 25 RTL: "(^\x{5D2}\x{5D3}"
            text run at (25,0) width 16: "12"
            text run at (41,0) width 15 RTL: "\x{5D0}\x{5D1}"
        LayoutBlockFlow {P} at (0,596) size 769x20
          LayoutText {#text} at (0,0) size 55x19
            text run at (0,0) width 25 RTL: "(^\x{5D2}\x{5D3}"
            text run at (25,0) width 16: "12"
            text run at (41,0) width 14 RTL: "\x{627}\x{628}"
        LayoutBlockFlow {P} at (0,632) size 769x20
          LayoutText {#text} at (0,0) size 56x19
            text run at (0,0) width 15: "ab"
            text run at (15,0) width 25 RTL: "(^\x{5D2}\x{5D3}"
            text run at (40,0) width 16: "\x{661}\x{662}"
        LayoutBlockFlow {P} at (0,668) size 769x20
          LayoutText {#text} at (0,0) size 56x19
            text run at (0,0) width 25 RTL: "(^\x{5D2}\x{5D3}"
            text run at (25,0) width 16: "\x{661}\x{662}"
            text run at (41,0) width 15 RTL: "\x{5D0}\x{5D1}"
        LayoutBlockFlow {P} at (0,704) size 769x20
          LayoutText {#text} at (0,0) size 55x19
            text run at (0,0) width 25 RTL: "(^\x{5D2}\x{5D3}"
            text run at (25,0) width 16: "\x{661}\x{662}"
            text run at (41,0) width 14 RTL: "\x{627}\x{628}"
        LayoutBlockFlow {P} at (0,740) size 769x30
          LayoutText {#text} at (0,6) size 32x19
            text run at (0,6) width 7: "\x{202A}?"
            text run at (7,6) width 13: "\x{202C}(^"
            text run at (20,6) width 12 RTL: "\x{5D2}\x{5D3}"
        LayoutBlockFlow {P} at (0,786) size 769x30
          LayoutText {#text} at (0,6) size 32x19
            text run at (0,6) width 25 RTL: "\x{202C}(^\x{5D2}\x{5D3}"
            text run at (25,6) width 7 RTL: "\x{202B}?"
        LayoutBlockFlow {P} at (0,832) size 769x20
          LayoutText {#text} at (0,0) size 41x19
            text run at (0,0) width 28: "ab(^"
            text run at (28,0) width 13 RTL: "\x{62C}\x{62F}"
        LayoutBlockFlow {P} at (0,868) size 769x20
          LayoutText {#text} at (0,0) size 41x19
            text run at (0,0) width 41 RTL: "\x{5D0}\x{5D1}(^\x{62C}\x{62F}"
        LayoutBlockFlow {P} at (0,904) size 769x20
          LayoutText {#text} at (0,0) size 40x19
            text run at (0,0) width 40 RTL: "\x{627}\x{628}(^\x{62C}\x{62F}"
        LayoutBlockFlow {P} at (0,940) size 769x20
          LayoutText {#text} at (0,0) size 57x19
            text run at (0,0) width 44: "ab12(^"
            text run at (44,0) width 13 RTL: "\x{62C}\x{62F}"
        LayoutBlockFlow {P} at (0,976) size 769x20
          LayoutText {#text} at (0,0) size 57x19
            text run at (0,0) width 26 RTL: "(^\x{62C}\x{62F}"
            text run at (26,0) width 16: "12"
            text run at (42,0) width 15 RTL: "\x{5D0}\x{5D1}"
        LayoutBlockFlow {P} at (0,1012) size 769x20
          LayoutText {#text} at (0,0) size 56x19
            text run at (0,0) width 26 RTL: "(^\x{62C}\x{62F}"
            text run at (26,0) width 16: "12"
            text run at (42,0) width 14 RTL: "\x{627}\x{628}"
        LayoutBlockFlow {P} at (0,1048) size 769x20
          LayoutText {#text} at (0,0) size 57x19
            text run at (0,0) width 15: "ab"
            text run at (15,0) width 26 RTL: "(^\x{62C}\x{62F}"
            text run at (41,0) width 16: "\x{661}\x{662}"
        LayoutBlockFlow {P} at (0,1084) size 769x20
          LayoutText {#text} at (0,0) size 57x19
            text run at (0,0) width 26 RTL: "(^\x{62C}\x{62F}"
            text run at (26,0) width 16: "\x{661}\x{662}"
            text run at (42,0) width 15 RTL: "\x{5D0}\x{5D1}"
        LayoutBlockFlow {P} at (0,1120) size 769x20
          LayoutText {#text} at (0,0) size 56x19
            text run at (0,0) width 26 RTL: "(^\x{62C}\x{62F}"
            text run at (26,0) width 16: "\x{661}\x{662}"
            text run at (42,0) width 14 RTL: "\x{627}\x{628}"
        LayoutBlockFlow {P} at (0,1156) size 769x30
          LayoutText {#text} at (0,6) size 33x19
            text run at (0,6) width 7: "\x{202A}?"
            text run at (7,6) width 13: "\x{202C}(^"
            text run at (20,6) width 13 RTL: "\x{62C}\x{62F}"
        LayoutBlockFlow {P} at (0,1202) size 769x30
          LayoutText {#text} at (0,6) size 33x19
            text run at (0,6) width 26 RTL: "\x{202C}(^\x{62C}\x{62F}"
            text run at (26,6) width 7 RTL: "\x{202B}?"
        LayoutBlockFlow {P} at (0,1248) size 769x20
          LayoutText {#text} at (0,0) size 60x19
            text run at (0,0) width 44: "ab(^34"
            text run at (44,0) width 10 RTL: "\x{5E9}"
            text run at (54,0) width 6: "z"
        LayoutBlockFlow {P} at (0,1284) size 769x20
          LayoutText {#text} at (0,0) size 60x19
            text run at (0,0) width 10 RTL: "\x{5E9}"
            text run at (10,0) width 16: "34"
            text run at (26,0) width 28 RTL: "\x{5D0}\x{5D1}(^"
            text run at (54,0) width 6: "z"
        LayoutBlockFlow {P} at (0,1320) size 769x20
          LayoutText {#text} at (0,0) size 59x19
            text run at (0,0) width 10 RTL: "\x{5E9}"
            text run at (10,0) width 16: "34"
            text run at (26,0) width 27 RTL: "\x{627}\x{628}(^"
            text run at (53,0) width 6: "z"
        LayoutBlockFlow {P} at (0,1356) size 769x20
          LayoutText {#text} at (0,0) size 76x19
            text run at (0,0) width 60: "ab12(^34"
            text run at (60,0) width 10 RTL: "\x{5E9}"
            text run at (70,0) width 6: "z"
        LayoutBlockFlow {P} at (0,1392) size 769x20
          LayoutText {#text} at (0,0) size 76x19
            text run at (0,0) width 10 RTL: "\x{5E9}"
            text run at (10,0) width 16: "34"
            text run at (26,0) width 13 RTL: "(^"
            text run at (39,0) width 16: "12"
            text run at (55,0) width 15 RTL: "\x{5D0}\x{5D1}"
            text run at (70,0) width 6: "z"
        LayoutBlockFlow {P} at (0,1428) size 769x20
          LayoutText {#text} at (0,0) size 75x19
            text run at (0,0) width 10 RTL: "\x{5E9}"
            text run at (10,0) width 16: "34"
            text run at (26,0) width 13 RTL: "(^"
            text run at (39,0) width 16: "12"
            text run at (55,0) width 14 RTL: "\x{627}\x{628}"
            text run at (69,0) width 6: "z"
        LayoutBlockFlow {P} at (0,1464) size 769x20
          LayoutText {#text} at (0,0) size 76x19
            text run at (0,0) width 15: "ab"
            text run at (15,0) width 16: "\x{661}\x{662}"
            text run at (31,0) width 29: "(^34"
            text run at (60,0) width 10 RTL: "\x{5E9}"
            text run at (70,0) width 6: "z"
        LayoutBlockFlow {P} at (0,1500) size 769x20
          LayoutText {#text} at (0,0) size 76x19
            text run at (0,0) width 10 RTL: "\x{5E9}"
            text run at (10,0) width 16: "34"
            text run at (26,0) width 13 RTL: "(^"
            text run at (39,0) width 16: "\x{661}\x{662}"
            text run at (55,0) width 15 RTL: "\x{5D0}\x{5D1}"
            text run at (70,0) width 6: "z"
        LayoutBlockFlow {P} at (0,1536) size 769x20
          LayoutText {#text} at (0,0) size 75x19
            text run at (0,0) width 10 RTL: "\x{5E9}"
            text run at (10,0) width 16: "34"
            text run at (26,0) width 13 RTL: "(^"
            text run at (39,0) width 16: "\x{661}\x{662}"
            text run at (55,0) width 14 RTL: "\x{627}\x{628}"
            text run at (69,0) width 6: "z"
        LayoutBlockFlow {P} at (0,1572) size 769x30
          LayoutText {#text} at (0,6) size 52x19
            text run at (0,6) width 7: "\x{202A}?"
            text run at (7,6) width 29: "\x{202C}(^34"
            text run at (36,6) width 10 RTL: "\x{5E9}"
            text run at (46,6) width 6: "z"
        LayoutBlockFlow {P} at (0,1618) size 769x30
          LayoutText {#text} at (0,6) size 52x19
            text run at (0,6) width 10 RTL: "\x{5E9}"
            text run at (10,6) width 16: "34"
            text run at (26,6) width 13 RTL: "\x{202C}(^"
            text run at (39,6) width 7 RTL: "\x{202B}?"
            text run at (46,6) width 6: "z"
        LayoutBlockFlow {P} at (0,1664) size 769x20
          LayoutText {#text} at (0,0) size 60x19
            text run at (0,0) width 28: "ab(^"
            text run at (28,0) width 10 RTL: "\x{5E9}"
            text run at (38,0) width 16: "\x{663}\x{664}"
            text run at (54,0) width 6: "z"
        LayoutBlockFlow {P} at (0,1700) size 769x20
          LayoutText {#text} at (0,0) size 60x19
            text run at (0,0) width 10 RTL: "\x{5E9}"
            text run at (10,0) width 16: "\x{663}\x{664}"
            text run at (26,0) width 28 RTL: "\x{5D0}\x{5D1}(^"
            text run at (54,0) width 6: "z"
        LayoutBlockFlow {P} at (0,1736) size 769x20
          LayoutText {#text} at (0,0) size 59x19
            text run at (0,0) width 10 RTL: "\x{5E9}"
            text run at (10,0) width 16: "\x{663}\x{664}"
            text run at (26,0) width 27 RTL: "\x{627}\x{628}(^"
            text run at (53,0) width 6: "z"
        LayoutBlockFlow {P} at (0,1772) size 769x20
          LayoutText {#text} at (0,0) size 76x19
            text run at (0,0) width 44: "ab12(^"
            text run at (44,0) width 10 RTL: "\x{5E9}"
            text run at (54,0) width 16: "\x{663}\x{664}"
            text run at (70,0) width 6: "z"
        LayoutBlockFlow {P} at (0,1808) size 769x20
          LayoutText {#text} at (0,0) size 76x19
            text run at (0,0) width 10 RTL: "\x{5E9}"
            text run at (10,0) width 16: "\x{663}\x{664}"
            text run at (26,0) width 13 RTL: "(^"
            text run at (39,0) width 16: "12"
            text run at (55,0) width 15 RTL: "\x{5D0}\x{5D1}"
            text run at (70,0) width 6: "z"
        LayoutBlockFlow {P} at (0,1844) size 769x20
          LayoutText {#text} at (0,0) size 75x19
            text run at (0,0) width 10 RTL: "\x{5E9}"
            text run at (10,0) width 16: "\x{663}\x{664}"
            text run at (26,0) width 13 RTL: "(^"
            text run at (39,0) width 16: "12"
            text run at (55,0) width 14 RTL: "\x{627}\x{628}"
            text run at (69,0) width 6: "z"
        LayoutBlockFlow {P} at (0,1880) size 769x20
          LayoutText {#text} at (0,0) size 76x19
            text run at (0,0) width 15: "ab"
            text run at (15,0) width 10 RTL: "\x{5E9}"
            text run at (25,0) width 16: "\x{663}\x{664}"
            text run at (41,0) width 13 RTL: "(^"
            text run at (54,0) width 16: "\x{661}\x{662}"
            text run at (70,0) width 6: "z"
        LayoutBlockFlow {P} at (0,1916) size 769x20
          LayoutText {#text} at (0,0) size 76x19
            text run at (0,0) width 10 RTL: "\x{5E9}"
            text run at (10,0) width 16: "\x{663}\x{664}"
            text run at (26,0) width 13 RTL: "(^"
            text run at (39,0) width 16: "\x{661}\x{662}"
            text run at (55,0) width 15 RTL: "\x{5D0}\x{5D1}"
            text run at (70,0) width 6: "z"
        LayoutBlockFlow {P} at (0,1952) size 769x20
          LayoutText {#text} at (0,0) size 75x19
            text run at (0,0) width 10 RTL: "\x{5E9}"
            text run at (10,0) width 16: "\x{663}\x{664}"
            text run at (26,0) width 13 RTL: "(^"
            text run at (39,0) width 16: "\x{661}\x{662}"
            text run at (55,0) width 14 RTL: "\x{627}\x{628}"
            text run at (69,0) width 6: "z"
        LayoutBlockFlow {P} at (0,1988) size 769x30
          LayoutText {#text} at (0,6) size 52x19
            text run at (0,6) width 7: "\x{202A}?"
            text run at (7,6) width 13: "\x{202C}(^"
            text run at (20,6) width 10 RTL: "\x{5E9}"
            text run at (30,6) width 16: "\x{663}\x{664}"
            text run at (46,6) width 6: "z"
        LayoutBlockFlow {P} at (0,2034) size 769x30
          LayoutText {#text} at (0,6) size 52x19
            text run at (0,6) width 10 RTL: "\x{5E9}"
            text run at (10,6) width 16: "\x{663}\x{664}"
            text run at (26,6) width 13 RTL: "\x{202C}(^"
            text run at (39,6) width 7 RTL: "\x{202B}?"
            text run at (46,6) width 6: "z"
        LayoutBlockFlow {P} at (0,2080) size 769x30
          LayoutText {#text} at (0,6) size 33x19
            text run at (0,6) width 28: "ab(^"
            text run at (28,6) width 5: "\x{202A}!"
            text run at (33,6) width 0: "\x{202C}"
        LayoutBlockFlow {P} at (0,2126) size 769x30
          LayoutText {#text} at (0,6) size 33x19
            text run at (0,6) width 15 RTL: "\x{5D0}\x{5D1}"
            text run at (15,6) width 13: "(^"
            text run at (28,6) width 5: "\x{202A}!"
            text run at (33,6) width 0: "\x{202C}"
        LayoutBlockFlow {P} at (0,2172) size 769x30
          LayoutText {#text} at (0,6) size 32x19
            text run at (0,6) width 14 RTL: "\x{627}\x{628}"
            text run at (14,6) width 13: "(^"
            text run at (27,6) width 5: "\x{202A}!"
            text run at (32,6) width 0: "\x{202C}"
        LayoutBlockFlow {P} at (0,2218) size 769x30
          LayoutText {#text} at (0,6) size 49x19
            text run at (0,6) width 44: "ab12(^"
            text run at (44,6) width 5: "\x{202A}!"
            text run at (49,6) width 0: "\x{202C}"
        LayoutBlockFlow {P} at (0,2264) size 769x30
          LayoutText {#text} at (0,6) size 49x19
            text run at (0,6) width 16: "12"
            text run at (16,6) width 15 RTL: "\x{5D0}\x{5D1}"
            text run at (31,6) width 13: "(^"
            text run at (44,6) width 5: "\x{202A}!"
            text run at (49,6) width 0: "\x{202C}"
        LayoutBlockFlow {P} at (0,2310) size 769x30
          LayoutText {#text} at (0,6) size 48x19
            text run at (0,6) width 16: "12"
            text run at (16,6) width 14 RTL: "\x{627}\x{628}"
            text run at (30,6) width 13: "(^"
            text run at (43,6) width 5: "\x{202A}!"
            text run at (48,6) width 0: "\x{202C}"
        LayoutBlockFlow {P} at (0,2356) size 769x30
          LayoutText {#text} at (0,6) size 49x19
            text run at (0,6) width 15: "ab"
            text run at (15,6) width 16: "\x{661}\x{662}"
            text run at (31,6) width 13: "(^"
            text run at (44,6) width 5: "\x{202A}!"
            text run at (49,6) width 0: "\x{202C}"
        LayoutBlockFlow {P} at (0,2402) size 769x30
          LayoutText {#text} at (0,6) size 49x19
            text run at (0,6) width 16: "\x{661}\x{662}"
            text run at (16,6) width 15 RTL: "\x{5D0}\x{5D1}"
            text run at (31,6) width 13: "(^"
            text run at (44,6) width 5: "\x{202A}!"
            text run at (49,6) width 0: "\x{202C}"
        LayoutBlockFlow {P} at (0,2448) size 769x30
          LayoutText {#text} at (0,6) size 48x19
            text run at (0,6) width 16: "\x{661}\x{662}"
            text run at (16,6) width 14 RTL: "\x{627}\x{628}"
            text run at (30,6) width 13: "(^"
            text run at (43,6) width 5: "\x{202A}!"
            text run at (48,6) width 0: "\x{202C}"
        LayoutBlockFlow {P} at (0,2494) size 769x30
          LayoutText {#text} at (0,6) size 25x19
            text run at (0,6) width 7: "\x{202A}?"
            text run at (7,6) width 13: "\x{202C}(^"
            text run at (20,6) width 5: "\x{202A}!"
            text run at (25,6) width 0: "\x{202C}"
        LayoutBlockFlow {P} at (0,2540) size 769x30
          LayoutText {#text} at (0,6) size 25x19
            text run at (0,6) width 7 RTL: "\x{202B}?"
            text run at (7,6) width 13: "\x{202C}(^"
            text run at (20,6) width 5: "\x{202A}!"
            text run at (25,6) width 0: "\x{202C}"
        LayoutBlockFlow {P} at (0,2586) size 769x30
          LayoutText {#text} at (0,6) size 33x19
            text run at (0,6) width 28: "ab(^"
            text run at (28,6) width 5 RTL: "\x{202B}!"
            text run at (33,6) width 0: "\x{202C}"
        LayoutBlockFlow {P} at (0,2632) size 769x30
          LayoutText {#text} at (0,6) size 33x19
            text run at (0,6) width 5 RTL: "\x{202B}!"
            text run at (5,6) width 28 RTL: "\x{5D0}\x{5D1}(^"
            text run at (33,6) width 0: "\x{202C}"
        LayoutBlockFlow {P} at (0,2678) size 769x30
          LayoutText {#text} at (0,6) size 32x19
            text run at (0,6) width 5 RTL: "\x{202B}!"
            text run at (5,6) width 27 RTL: "\x{627}\x{628}(^"
            text run at (32,6) width 0: "\x{202C}"
        LayoutBlockFlow {P} at (0,2724) size 769x30
          LayoutText {#text} at (0,6) size 49x19
            text run at (0,6) width 44: "ab12(^"
            text run at (44,6) width 5 RTL: "\x{202B}!"
            text run at (49,6) width 0: "\x{202C}"
        LayoutBlockFlow {P} at (0,2770) size 769x30
          LayoutText {#text} at (0,6) size 49x19
            text run at (0,6) width 5 RTL: "\x{202B}!"
            text run at (5,6) width 13 RTL: "(^"
            text run at (18,6) width 16: "12"
            text run at (34,6) width 15 RTL: "\x{5D0}\x{5D1}"
            text run at (49,6) width 0: "\x{202C}"
        LayoutBlockFlow {P} at (0,2816) size 769x30
          LayoutText {#text} at (0,6) size 48x19
            text run at (0,6) width 5 RTL: "\x{202B}!"
            text run at (5,6) width 13 RTL: "(^"
            text run at (18,6) width 16: "12"
            text run at (34,6) width 14 RTL: "\x{627}\x{628}"
            text run at (48,6) width 0: "\x{202C}"
        LayoutBlockFlow {P} at (0,2862) size 769x30
          LayoutText {#text} at (0,6) size 49x19
            text run at (0,6) width 15: "ab"
            text run at (15,6) width 5 RTL: "\x{202B}!"
            text run at (20,6) width 13 RTL: "(^"
            text run at (33,6) width 16: "\x{661}\x{662}"
            text run at (49,6) width 0: "\x{202C}"
        LayoutBlockFlow {P} at (0,2908) size 769x30
          LayoutText {#text} at (0,6) size 49x19
            text run at (0,6) width 5 RTL: "\x{202B}!"
            text run at (5,6) width 13 RTL: "(^"
            text run at (18,6) width 16: "\x{661}\x{662}"
            text run at (34,6) width 15 RTL: "\x{5D0}\x{5D1}"
            text run at (49,6) width 0: "\x{202C}"
        LayoutBlockFlow {P} at (0,2954) size 769x30
          LayoutText {#text} at (0,6) size 48x19
            text run at (0,6) width 5 RTL: "\x{202B}!"
            text run at (5,6) width 13 RTL: "(^"
            text run at (18,6) width 16: "\x{661}\x{662}"
            text run at (34,6) width 14 RTL: "\x{627}\x{628}"
            text run at (48,6) width 0: "\x{202C}"
        LayoutBlockFlow {P} at (0,3000) size 769x30
          LayoutText {#text} at (0,6) size 25x19
            text run at (0,6) width 7: "\x{202A}?"
            text run at (7,6) width 13: "\x{202C}(^"
            text run at (20,6) width 5 RTL: "\x{202B}!"
            text run at (25,6) width 0: "\x{202C}"
        LayoutBlockFlow {P} at (0,3046) size 769x30
          LayoutText {#text} at (0,6) size 25x19
            text run at (0,6) width 5 RTL: "\x{202B}!"
            text run at (5,6) width 13 RTL: "\x{202C}(^"
            text run at (18,6) width 7 RTL: "\x{202B}?"
            text run at (25,6) width 0: "\x{202C}"
        LayoutBlockFlow {P} at (0,3092) size 769x30
          LayoutText {#text} at (0,6) size 28x19
            text run at (0,6) width 28: "\x{202A}ab(^"
            text run at (28,6) width 0: "\x{202C}"
        LayoutBlockFlow {P} at (0,3138) size 769x30
          LayoutText {#text} at (0,6) size 28x19
            text run at (0,6) width 15 RTL: "\x{202A}\x{5D0}\x{5D1}"
            text run at (15,6) width 13: "(^"
            text run at (28,6) width 0: "\x{202C}"
        LayoutBlockFlow {P} at (0,3184) size 769x30
          LayoutText {#text} at (0,6) size 27x19
            text run at (0,6) width 14 RTL: "\x{202A}\x{627}\x{628}"
            text run at (14,6) width 13: "(^"
            text run at (27,6) width 0: "\x{202C}"
        LayoutBlockFlow {P} at (0,3230) size 769x30
          LayoutText {#text} at (0,6) size 44x19
            text run at (0,6) width 44: "\x{202A}ab12(^"
            text run at (44,6) width 0: "\x{202C}"
        LayoutBlockFlow {P} at (0,3276) size 769x30
          LayoutText {#text} at (0,6) size 44x19
            text run at (0,6) width 16: "12"
            text run at (16,6) width 15 RTL: "\x{202A}\x{5D0}\x{5D1}"
            text run at (31,6) width 13: "(^"
            text run at (44,6) width 0: "\x{202C}"
        LayoutBlockFlow {P} at (0,3322) size 769x30
          LayoutText {#text} at (0,6) size 43x19
            text run at (0,6) width 16: "12"
            text run at (16,6) width 14 RTL: "\x{202A}\x{627}\x{628}"
            text run at (30,6) width 13: "(^"
            text run at (43,6) width 0: "\x{202C}"
        LayoutBlockFlow {P} at (0,3368) size 769x30
          LayoutText {#text} at (0,6) size 44x19
            text run at (0,6) width 15: "\x{202A}ab"
            text run at (15,6) width 16: "\x{661}\x{662}"
            text run at (31,6) width 13: "(^"
            text run at (44,6) width 0: "\x{202C}"
        LayoutBlockFlow {P} at (0,3414) size 769x30
          LayoutText {#text} at (0,6) size 44x19
            text run at (0,6) width 16: "\x{661}\x{662}"
            text run at (16,6) width 15 RTL: "\x{202A}\x{5D0}\x{5D1}"
            text run at (31,6) width 13: "(^"
            text run at (44,6) width 0: "\x{202C}"
        LayoutBlockFlow {P} at (0,3460) size 769x30
          LayoutText {#text} at (0,6) size 43x19
            text run at (0,6) width 16: "\x{661}\x{662}"
            text run at (16,6) width 14 RTL: "\x{202A}\x{627}\x{628}"
            text run at (30,6) width 13: "(^"
            text run at (43,6) width 0: "\x{202C}"
        LayoutBlockFlow {P} at (0,3506) size 769x30
          LayoutText {#text} at (0,6) size 20x19
            text run at (0,6) width 0: "\x{202A}"
            text run at (0,6) width 7: "\x{202A}?"
            text run at (7,6) width 13: "\x{202C}(^"
            text run at (20,6) width 0: "\x{202C}"
        LayoutBlockFlow {P} at (0,3552) size 769x30
          LayoutText {#text} at (0,6) size 20x19
            text run at (0,6) width 0: "\x{202A}"
            text run at (0,6) width 7 RTL: "\x{202B}?"
            text run at (7,6) width 13: "\x{202C}(^"
            text run at (20,6) width 0: "\x{202C}"
      LayoutBlockFlow {DIV} at (0,3634) size 769x3582
        LayoutBlockFlow {P} at (0,0) size 769x20
          LayoutText {#text} at (0,0) size 43x19
            text run at (0,0) width 43: "ab(^cd"
        LayoutBlockFlow {P} at (0,36) size 769x20
          LayoutText {#text} at (0,0) size 43x19
            text run at (0,0) width 15: "cd"
            text run at (15,0) width 28 RTL: "\x{5D0}\x{5D1}(^"
        LayoutBlockFlow {P} at (0,72) size 769x20
          LayoutText {#text} at (0,0) size 42x19
            text run at (0,0) width 15: "cd"
            text run at (15,0) width 27 RTL: "\x{627}\x{628}(^"
        LayoutBlockFlow {P} at (0,108) size 769x20
          LayoutText {#text} at (0,0) size 59x19
            text run at (0,0) width 59: "ab12(^cd"
        LayoutBlockFlow {P} at (0,144) size 769x20
          LayoutText {#text} at (0,0) size 59x19
            text run at (0,0) width 15: "cd"
            text run at (15,0) width 13 RTL: "(^"
            text run at (28,0) width 16: "12"
            text run at (44,0) width 15 RTL: "\x{5D0}\x{5D1}"
        LayoutBlockFlow {P} at (0,180) size 769x20
          LayoutText {#text} at (0,0) size 58x19
            text run at (0,0) width 15: "cd"
            text run at (15,0) width 13 RTL: "(^"
            text run at (28,0) width 16: "12"
            text run at (44,0) width 14 RTL: "\x{627}\x{628}"
        LayoutBlockFlow {P} at (0,216) size 769x20
          LayoutText {#text} at (0,0) size 59x19
            text run at (0,0) width 15: "cd"
            text run at (15,0) width 13 RTL: "(^"
            text run at (28,0) width 31: "ab\x{661}\x{662}"
        LayoutBlockFlow {P} at (0,252) size 769x20
          LayoutText {#text} at (0,0) size 59x19
            text run at (0,0) width 15: "cd"
            text run at (15,0) width 13 RTL: "(^"
            text run at (28,0) width 16: "\x{661}\x{662}"
            text run at (44,0) width 15 RTL: "\x{5D0}\x{5D1}"
        LayoutBlockFlow {P} at (0,288) size 769x20
          LayoutText {#text} at (0,0) size 58x19
            text run at (0,0) width 15: "cd"
            text run at (15,0) width 13 RTL: "(^"
            text run at (28,0) width 16: "\x{661}\x{662}"
            text run at (44,0) width 14 RTL: "\x{627}\x{628}"
        LayoutBlockFlow {P} at (0,324) size 769x30
          LayoutText {#text} at (0,6) size 35x19
            text run at (0,6) width 7: "\x{202A}?"
            text run at (7,6) width 28: "\x{202C}(^cd"
        LayoutBlockFlow {P} at (0,370) size 769x30
          LayoutText {#text} at (0,6) size 35x19
            text run at (0,6) width 15: "cd"
            text run at (15,6) width 13 RTL: "\x{202C}(^"
            text run at (28,6) width 7 RTL: "\x{202B}?"
        LayoutBlockFlow {P} at (0,416) size 769x20
          LayoutText {#text} at (0,0) size 40x19
            text run at (0,0) width 25 RTL: "(^\x{5D2}\x{5D3}"
            text run at (25,0) width 15: "ab"
        LayoutBlockFlow {P} at (0,452) size 769x20
          LayoutText {#text} at (0,0) size 40x19
            text run at (0,0) width 40 RTL: "\x{5D0}\x{5D1}(^\x{5D2}\x{5D3}"
        LayoutBlockFlow {P} at (0,488) size 769x20
          LayoutText {#text} at (0,0) size 39x19
            text run at (0,0) width 39 RTL: "\x{627}\x{628}(^\x{5D2}\x{5D3}"
        LayoutBlockFlow {P} at (0,524) size 769x20
          LayoutText {#text} at (0,0) size 56x19
            text run at (0,0) width 25 RTL: "(^\x{5D2}\x{5D3}"
            text run at (25,0) width 31: "ab12"
        LayoutBlockFlow {P} at (0,560) size 769x20
          LayoutText {#text} at (0,0) size 56x19
            text run at (0,0) width 25 RTL: "(^\x{5D2}\x{5D3}"
            text run at (25,0) width 16: "12"
            text run at (41,0) width 15 RTL: "\x{5D0}\x{5D1}"
        LayoutBlockFlow {P} at (0,596) size 769x20
          LayoutText {#text} at (0,0) size 55x19
            text run at (0,0) width 25 RTL: "(^\x{5D2}\x{5D3}"
            text run at (25,0) width 16: "12"
            text run at (41,0) width 14 RTL: "\x{627}\x{628}"
        LayoutBlockFlow {P} at (0,632) size 769x20
          LayoutText {#text} at (0,0) size 56x19
            text run at (0,0) width 25 RTL: "(^\x{5D2}\x{5D3}"
            text run at (25,0) width 31: "ab\x{661}\x{662}"
        LayoutBlockFlow {P} at (0,668) size 769x20
          LayoutText {#text} at (0,0) size 56x19
            text run at (0,0) width 25 RTL: "(^\x{5D2}\x{5D3}"
            text run at (25,0) width 16: "\x{661}\x{662}"
            text run at (41,0) width 15 RTL: "\x{5D0}\x{5D1}"
        LayoutBlockFlow {P} at (0,704) size 769x20
          LayoutText {#text} at (0,0) size 55x19
            text run at (0,0) width 25 RTL: "(^\x{5D2}\x{5D3}"
            text run at (25,0) width 16: "\x{661}\x{662}"
            text run at (41,0) width 14 RTL: "\x{627}\x{628}"
        LayoutBlockFlow {P} at (0,740) size 769x30
          LayoutText {#text} at (0,6) size 32x19
            text run at (0,6) width 25 RTL: "\x{202C}(^\x{5D2}\x{5D3}"
            text run at (25,6) width 7: "\x{202A}?"
        LayoutBlockFlow {P} at (0,786) size 769x30
          LayoutText {#text} at (0,6) size 32x19
            text run at (0,6) width 25 RTL: "\x{202C}(^\x{5D2}\x{5D3}"
            text run at (25,6) width 7 RTL: "\x{202B}?"
        LayoutBlockFlow {P} at (0,832) size 769x20
          LayoutText {#text} at (0,0) size 41x19
            text run at (0,0) width 26 RTL: "(^\x{62C}\x{62F}"
            text run at (26,0) width 15: "ab"
        LayoutBlockFlow {P} at (0,868) size 769x20
          LayoutText {#text} at (0,0) size 41x19
            text run at (0,0) width 41 RTL: "\x{5D0}\x{5D1}(^\x{62C}\x{62F}"
        LayoutBlockFlow {P} at (0,904) size 769x20
          LayoutText {#text} at (0,0) size 40x19
            text run at (0,0) width 40 RTL: "\x{627}\x{628}(^\x{62C}\x{62F}"
        LayoutBlockFlow {P} at (0,940) size 769x20
          LayoutText {#text} at (0,0) size 57x19
            text run at (0,0) width 26 RTL: "(^\x{62C}\x{62F}"
            text run at (26,0) width 31: "ab12"
        LayoutBlockFlow {P} at (0,976) size 769x20
          LayoutText {#text} at (0,0) size 57x19
            text run at (0,0) width 26 RTL: "(^\x{62C}\x{62F}"
            text run at (26,0) width 16: "12"
            text run at (42,0) width 15 RTL: "\x{5D0}\x{5D1}"
        LayoutBlockFlow {P} at (0,1012) size 769x20
          LayoutText {#text} at (0,0) size 56x19
            text run at (0,0) width 26 RTL: "(^\x{62C}\x{62F}"
            text run at (26,0) width 16: "12"
            text run at (42,0) width 14 RTL: "\x{627}\x{628}"
        LayoutBlockFlow {P} at (0,1048) size 769x20
          LayoutText {#text} at (0,0) size 57x19
            text run at (0,0) width 26 RTL: "(^\x{62C}\x{62F}"
            text run at (26,0) width 31: "ab\x{661}\x{662}"
        LayoutBlockFlow {P} at (0,1084) size 769x20
          LayoutText {#text} at (0,0) size 57x19
            text run at (0,0) width 26 RTL: "(^\x{62C}\x{62F}"
            text run at (26,0) width 16: "\x{661}\x{662}"
            text run at (42,0) width 15 RTL: "\x{5D0}\x{5D1}"
        LayoutBlockFlow {P} at (0,1120) size 769x20
          LayoutText {#text} at (0,0) size 56x19
            text run at (0,0) width 26 RTL: "(^\x{62C}\x{62F}"
            text run at (26,0) width 16: "\x{661}\x{662}"
            text run at (42,0) width 14 RTL: "\x{627}\x{628}"
        LayoutBlockFlow {P} at (0,1156) size 769x30
          LayoutText {#text} at (0,6) size 33x19
            text run at (0,6) width 26 RTL: "\x{202C}(^\x{62C}\x{62F}"
            text run at (26,6) width 7: "\x{202A}?"
        LayoutBlockFlow {P} at (0,1202) size 769x30
          LayoutText {#text} at (0,6) size 33x19
            text run at (0,6) width 26 RTL: "\x{202C}(^\x{62C}\x{62F}"
            text run at (26,6) width 7 RTL: "\x{202B}?"
        LayoutBlockFlow {P} at (0,1248) size 769x20
          LayoutText {#text} at (0,0) size 60x19
            text run at (0,0) width 6: "z"
            text run at (6,0) width 10 RTL: "\x{5E9}"
            text run at (16,0) width 44: "ab(^34"
        LayoutBlockFlow {P} at (0,1284) size 769x20
          LayoutText {#text} at (0,0) size 60x19
            text run at (0,0) width 6: "z"
            text run at (6,0) width 10 RTL: "\x{5E9}"
            text run at (16,0) width 16: "34"
            text run at (32,0) width 28 RTL: "\x{5D0}\x{5D1}(^"
        LayoutBlockFlow {P} at (0,1320) size 769x20
          LayoutText {#text} at (0,0) size 59x19
            text run at (0,0) width 6: "z"
            text run at (6,0) width 10 RTL: "\x{5E9}"
            text run at (16,0) width 16: "34"
            text run at (32,0) width 27 RTL: "\x{627}\x{628}(^"
        LayoutBlockFlow {P} at (0,1356) size 769x20
          LayoutText {#text} at (0,0) size 76x19
            text run at (0,0) width 6: "z"
            text run at (6,0) width 10 RTL: "\x{5E9}"
            text run at (16,0) width 60: "ab12(^34"
        LayoutBlockFlow {P} at (0,1392) size 769x20
          LayoutText {#text} at (0,0) size 76x19
            text run at (0,0) width 6: "z"
            text run at (6,0) width 10 RTL: "\x{5E9}"
            text run at (16,0) width 16: "34"
            text run at (32,0) width 13 RTL: "(^"
            text run at (45,0) width 16: "12"
            text run at (61,0) width 15 RTL: "\x{5D0}\x{5D1}"
        LayoutBlockFlow {P} at (0,1428) size 769x20
          LayoutText {#text} at (0,0) size 75x19
            text run at (0,0) width 6: "z"
            text run at (6,0) width 10 RTL: "\x{5E9}"
            text run at (16,0) width 16: "34"
            text run at (32,0) width 13 RTL: "(^"
            text run at (45,0) width 16: "12"
            text run at (61,0) width 14 RTL: "\x{627}\x{628}"
        LayoutBlockFlow {P} at (0,1464) size 769x20
          LayoutText {#text} at (0,0) size 76x19
            text run at (0,0) width 6: "z"
            text run at (6,0) width 10 RTL: "\x{5E9}"
            text run at (16,0) width 16: "34"
            text run at (32,0) width 13 RTL: "(^"
            text run at (45,0) width 31: "ab\x{661}\x{662}"
        LayoutBlockFlow {P} at (0,1500) size 769x20
          LayoutText {#text} at (0,0) size 76x19
            text run at (0,0) width 6: "z"
            text run at (6,0) width 10 RTL: "\x{5E9}"
            text run at (16,0) width 16: "34"
            text run at (32,0) width 13 RTL: "(^"
            text run at (45,0) width 16: "\x{661}\x{662}"
            text run at (61,0) width 15 RTL: "\x{5D0}\x{5D1}"
        LayoutBlockFlow {P} at (0,1536) size 769x20
          LayoutText {#text} at (0,0) size 75x19
            text run at (0,0) width 6: "z"
            text run at (6,0) width 10 RTL: "\x{5E9}"
            text run at (16,0) width 16: "34"
            text run at (32,0) width 13 RTL: "(^"
            text run at (45,0) width 16: "\x{661}\x{662}"
            text run at (61,0) width 14 RTL: "\x{627}\x{628}"
        LayoutBlockFlow {P} at (0,1572) size 769x30
          LayoutText {#text} at (0,6) size 52x19
            text run at (0,6) width 6: "z"
            text run at (6,6) width 10 RTL: "\x{5E9}"
            text run at (16,6) width 7: "\x{202A}?"
            text run at (23,6) width 29: "\x{202C}(^34"
        LayoutBlockFlow {P} at (0,1618) size 769x30
          LayoutText {#text} at (0,6) size 52x19
            text run at (0,6) width 6: "z"
            text run at (6,6) width 10 RTL: "\x{5E9}"
            text run at (16,6) width 16: "34"
            text run at (32,6) width 13 RTL: "\x{202C}(^"
            text run at (45,6) width 7 RTL: "\x{202B}?"
        LayoutBlockFlow {P} at (0,1664) size 769x20
          LayoutText {#text} at (0,0) size 60x19
            text run at (0,0) width 6: "z"
            text run at (6,0) width 10 RTL: "\x{5E9}"
            text run at (16,0) width 16: "\x{663}\x{664}"
            text run at (32,0) width 13 RTL: "(^"
            text run at (45,0) width 15: "ab"
        LayoutBlockFlow {P} at (0,1700) size 769x20
          LayoutText {#text} at (0,0) size 60x19
            text run at (0,0) width 6: "z"
            text run at (6,0) width 10 RTL: "\x{5E9}"
            text run at (16,0) width 16: "\x{663}\x{664}"
            text run at (32,0) width 28 RTL: "\x{5D0}\x{5D1}(^"
        LayoutBlockFlow {P} at (0,1736) size 769x20
          LayoutText {#text} at (0,0) size 59x19
            text run at (0,0) width 6: "z"
            text run at (6,0) width 10 RTL: "\x{5E9}"
            text run at (16,0) width 16: "\x{663}\x{664}"
            text run at (32,0) width 27 RTL: "\x{627}\x{628}(^"
        LayoutBlockFlow {P} at (0,1772) size 769x20
          LayoutText {#text} at (0,0) size 76x19
            text run at (0,0) width 6: "z"
            text run at (6,0) width 10 RTL: "\x{5E9}"
            text run at (16,0) width 16: "\x{663}\x{664}"
            text run at (32,0) width 13 RTL: "(^"
            text run at (45,0) width 31: "ab12"
        LayoutBlockFlow {P} at (0,1808) size 769x20
          LayoutText {#text} at (0,0) size 76x19
            text run at (0,0) width 6: "z"
            text run at (6,0) width 10 RTL: "\x{5E9}"
            text run at (16,0) width 16: "\x{663}\x{664}"
            text run at (32,0) width 13 RTL: "(^"
            text run at (45,0) width 16: "12"
            text run at (61,0) width 15 RTL: "\x{5D0}\x{5D1}"
        LayoutBlockFlow {P} at (0,1844) size 769x20
          LayoutText {#text} at (0,0) size 75x19
            text run at (0,0) width 6: "z"
            text run at (6,0) width 10 RTL: "\x{5E9}"
            text run at (16,0) width 16: "\x{663}\x{664}"
            text run at (32,0) width 13 RTL: "(^"
            text run at (45,0) width 16: "12"
            text run at (61,0) width 14 RTL: "\x{627}\x{628}"
        LayoutBlockFlow {P} at (0,1880) size 769x20
          LayoutText {#text} at (0,0) size 76x19
            text run at (0,0) width 6: "z"
            text run at (6,0) width 10 RTL: "\x{5E9}"
            text run at (16,0) width 16: "\x{663}\x{664}"
            text run at (32,0) width 13 RTL: "(^"
            text run at (45,0) width 31: "ab\x{661}\x{662}"
        LayoutBlockFlow {P} at (0,1916) size 769x20
          LayoutText {#text} at (0,0) size 76x19
            text run at (0,0) width 6: "z"
            text run at (6,0) width 10 RTL: "\x{5E9}"
            text run at (16,0) width 16: "\x{663}\x{664}"
            text run at (32,0) width 13 RTL: "(^"
            text run at (45,0) width 16: "\x{661}\x{662}"
            text run at (61,0) width 15 RTL: "\x{5D0}\x{5D1}"
        LayoutBlockFlow {P} at (0,1952) size 769x20
          LayoutText {#text} at (0,0) size 75x19
            text run at (0,0) width 6: "z"
            text run at (6,0) width 10 RTL: "\x{5E9}"
            text run at (16,0) width 16: "\x{663}\x{664}"
            text run at (32,0) width 13 RTL: "(^"
            text run at (45,0) width 16: "\x{661}\x{662}"
            text run at (61,0) width 14 RTL: "\x{627}\x{628}"
        LayoutBlockFlow {P} at (0,1988) size 769x30
          LayoutText {#text} at (0,6) size 52x19
            text run at (0,6) width 6: "z"
            text run at (6,6) width 10 RTL: "\x{5E9}"
            text run at (16,6) width 16: "\x{663}\x{664}"
            text run at (32,6) width 13 RTL: "\x{202C}(^"
            text run at (45,6) width 7: "\x{202A}?"
        LayoutBlockFlow {P} at (0,2034) size 769x30
          LayoutText {#text} at (0,6) size 52x19
            text run at (0,6) width 6: "z"
            text run at (6,6) width 10 RTL: "\x{5E9}"
            text run at (16,6) width 16: "\x{663}\x{664}"
            text run at (32,6) width 13 RTL: "\x{202C}(^"
            text run at (45,6) width 7 RTL: "\x{202B}?"
        LayoutBlockFlow {P} at (0,2080) size 769x30
          LayoutText {#text} at (0,6) size 33x19
            text run at (0,6) width 0 RTL: "\x{202C}"
            text run at (0,6) width 28: "ab(^"
            text run at (28,6) width 5: "\x{202A}!"
        LayoutBlockFlow {P} at (0,2126) size 769x30
          LayoutText {#text} at (0,6) size 33x19
            text run at (0,6) width 0 RTL: "\x{202C}"
            text run at (0,6) width 5: "\x{202A}!"
            text run at (5,6) width 28 RTL: "\x{5D0}\x{5D1}(^"
        LayoutBlockFlow {P} at (0,2172) size 769x30
          LayoutText {#text} at (0,6) size 32x19
            text run at (0,6) width 0 RTL: "\x{202C}"
            text run at (0,6) width 5: "\x{202A}!"
            text run at (5,6) width 27 RTL: "\x{627}\x{628}(^"
        LayoutBlockFlow {P} at (0,2218) size 769x30
          LayoutText {#text} at (0,6) size 49x19
            text run at (0,6) width 0 RTL: "\x{202C}"
            text run at (0,6) width 44: "ab12(^"
            text run at (44,6) width 5: "\x{202A}!"
        LayoutBlockFlow {P} at (0,2264) size 769x30
          LayoutText {#text} at (0,6) size 49x19
            text run at (0,6) width 0 RTL: "\x{202C}"
            text run at (0,6) width 5: "\x{202A}!"
            text run at (5,6) width 13 RTL: "(^"
            text run at (18,6) width 16: "12"
            text run at (34,6) width 15 RTL: "\x{5D0}\x{5D1}"
        LayoutBlockFlow {P} at (0,2310) size 769x30
          LayoutText {#text} at (0,6) size 48x19
            text run at (0,6) width 0 RTL: "\x{202C}"
            text run at (0,6) width 5: "\x{202A}!"
            text run at (5,6) width 13 RTL: "(^"
            text run at (18,6) width 16: "12"
            text run at (34,6) width 14 RTL: "\x{627}\x{628}"
        LayoutBlockFlow {P} at (0,2356) size 769x30
          LayoutText {#text} at (0,6) size 49x19
            text run at (0,6) width 0 RTL: "\x{202C}"
            text run at (0,6) width 5: "\x{202A}!"
            text run at (5,6) width 13 RTL: "(^"
            text run at (18,6) width 31: "ab\x{661}\x{662}"
        LayoutBlockFlow {P} at (0,2402) size 769x30
          LayoutText {#text} at (0,6) size 49x19
            text run at (0,6) width 0 RTL: "\x{202C}"
            text run at (0,6) width 5: "\x{202A}!"
            text run at (5,6) width 13 RTL: "(^"
            text run at (18,6) width 16: "\x{661}\x{662}"
            text run at (34,6) width 15 RTL: "\x{5D0}\x{5D1}"
        LayoutBlockFlow {P} at (0,2448) size 769x30
          LayoutText {#text} at (0,6) size 48x19
            text run at (0,6) width 0 RTL: "\x{202C}"
            text run at (0,6) width 5: "\x{202A}!"
            text run at (5,6) width 13 RTL: "(^"
            text run at (18,6) width 16: "\x{661}\x{662}"
            text run at (34,6) width 14 RTL: "\x{627}\x{628}"
        LayoutBlockFlow {P} at (0,2494) size 769x30
          LayoutText {#text} at (0,6) size 25x19
            text run at (0,6) width 0 RTL: "\x{202C}"
            text run at (0,6) width 7: "\x{202A}?"
            text run at (7,6) width 13: "\x{202C}(^"
            text run at (20,6) width 5: "\x{202A}!"
        LayoutBlockFlow {P} at (0,2540) size 769x30
          LayoutText {#text} at (0,6) size 25x19
            text run at (0,6) width 0 RTL: "\x{202C}"
            text run at (0,6) width 5: "\x{202A}!"
            text run at (5,6) width 13 RTL: "\x{202C}(^"
            text run at (18,6) width 7 RTL: "\x{202B}?"
        LayoutBlockFlow {P} at (0,2586) size 769x30
          LayoutText {#text} at (0,6) size 33x19
            text run at (0,6) width 0 RTL: "\x{202C}"
            text run at (0,6) width 5 RTL: "\x{202B}!"
            text run at (5,6) width 13 RTL: "(^"
            text run at (18,6) width 15: "ab"
        LayoutBlockFlow {P} at (0,2632) size 769x30
          LayoutText {#text} at (0,6) size 33x19
            text run at (0,6) width 0 RTL: "\x{202C}"
            text run at (0,6) width 5 RTL: "\x{202B}!"
            text run at (5,6) width 28 RTL: "\x{5D0}\x{5D1}(^"
        LayoutBlockFlow {P} at (0,2678) size 769x30
          LayoutText {#text} at (0,6) size 32x19
            text run at (0,6) width 0 RTL: "\x{202C}"
            text run at (0,6) width 5 RTL: "\x{202B}!"
            text run at (5,6) width 27 RTL: "\x{627}\x{628}(^"
        LayoutBlockFlow {P} at (0,2724) size 769x30
          LayoutText {#text} at (0,6) size 49x19
            text run at (0,6) width 0 RTL: "\x{202C}"
            text run at (0,6) width 5 RTL: "\x{202B}!"
            text run at (5,6) width 13 RTL: "(^"
            text run at (18,6) width 31: "ab12"
        LayoutBlockFlow {P} at (0,2770) size 769x30
          LayoutText {#text} at (0,6) size 49x19
            text run at (0,6) width 0 RTL: "\x{202C}"
            text run at (0,6) width 5 RTL: "\x{202B}!"
            text run at (5,6) width 13 RTL: "(^"
            text run at (18,6) width 16: "12"
            text run at (34,6) width 15 RTL: "\x{5D0}\x{5D1}"
        LayoutBlockFlow {P} at (0,2816) size 769x30
          LayoutText {#text} at (0,6) size 48x19
            text run at (0,6) width 0 RTL: "\x{202C}"
            text run at (0,6) width 5 RTL: "\x{202B}!"
            text run at (5,6) width 13 RTL: "(^"
            text run at (18,6) width 16: "12"
            text run at (34,6) width 14 RTL: "\x{627}\x{628}"
        LayoutBlockFlow {P} at (0,2862) size 769x30
          LayoutText {#text} at (0,6) size 49x19
            text run at (0,6) width 0 RTL: "\x{202C}"
            text run at (0,6) width 5 RTL: "\x{202B}!"
            text run at (5,6) width 13 RTL: "(^"
            text run at (18,6) width 31: "ab\x{661}\x{662}"
        LayoutBlockFlow {P} at (0,2908) size 769x30
          LayoutText {#text} at (0,6) size 49x19
            text run at (0,6) width 0 RTL: "\x{202C}"
            text run at (0,6) width 5 RTL: "\x{202B}!"
            text run at (5,6) width 13 RTL: "(^"
            text run at (18,6) width 16: "\x{661}\x{662}"
            text run at (34,6) width 15 RTL: "\x{5D0}\x{5D1}"
        LayoutBlockFlow {P} at (0,2954) size 769x30
          LayoutText {#text} at (0,6) size 48x19
            text run at (0,6) width 0 RTL: "\x{202C}"
            text run at (0,6) width 5 RTL: "\x{202B}!"
            text run at (5,6) width 13 RTL: "(^"
            text run at (18,6) width 16: "\x{661}\x{662}"
            text run at (34,6) width 14 RTL: "\x{627}\x{628}"
        LayoutBlockFlow {P} at (0,3000) size 769x30
          LayoutText {#text} at (0,6) size 25x19
            text run at (0,6) width 0 RTL: "\x{202C}"
            text run at (0,6) width 5 RTL: "\x{202B}!"
            text run at (5,6) width 13 RTL: "\x{202C}(^"
            text run at (18,6) width 7: "\x{202A}?"
        LayoutBlockFlow {P} at (0,3046) size 769x30
          LayoutText {#text} at (0,6) size 25x19
            text run at (0,6) width 0 RTL: "\x{202C}"
            text run at (0,6) width 5 RTL: "\x{202B}!"
            text run at (5,6) width 13 RTL: "\x{202C}(^"
            text run at (18,6) width 7 RTL: "\x{202B}?"
        LayoutBlockFlow {P} at (0,3092) size 769x30
          LayoutText {#text} at (0,6) size 28x19
            text run at (0,6) width 0 RTL: "\x{202C}"
            text run at (0,6) width 28: "\x{202A}ab(^"
        LayoutBlockFlow {P} at (0,3138) size 769x30
          LayoutText {#text} at (0,6) size 28x19
            text run at (0,6) width 0 RTL: "\x{202C}"
            text run at (0,6) width 15 RTL: "\x{202A}\x{5D0}\x{5D1}"
            text run at (15,6) width 13: "(^"
        LayoutBlockFlow {P} at (0,3184) size 769x30
          LayoutText {#text} at (0,6) size 27x19
            text run at (0,6) width 0 RTL: "\x{202C}"
            text run at (0,6) width 14 RTL: "\x{202A}\x{627}\x{628}"
            text run at (14,6) width 13: "(^"
        LayoutBlockFlow {P} at (0,3230) size 769x30
          LayoutText {#text} at (0,6) size 44x19
            text run at (0,6) width 0 RTL: "\x{202C}"
            text run at (0,6) width 44: "\x{202A}ab12(^"
        LayoutBlockFlow {P} at (0,3276) size 769x30
          LayoutText {#text} at (0,6) size 44x19
            text run at (0,6) width 0 RTL: "\x{202C}"
            text run at (0,6) width 16: "12"
            text run at (16,6) width 15 RTL: "\x{202A}\x{5D0}\x{5D1}"
            text run at (31,6) width 13: "(^"
        LayoutBlockFlow {P} at (0,3322) size 769x30
          LayoutText {#text} at (0,6) size 43x19
            text run at (0,6) width 0 RTL: "\x{202C}"
            text run at (0,6) width 16: "12"
            text run at (16,6) width 14 RTL: "\x{202A}\x{627}\x{628}"
            text run at (30,6) width 13: "(^"
        LayoutBlockFlow {P} at (0,3368) size 769x30
          LayoutText {#text} at (0,6) size 44x19
            text run at (0,6) width 0 RTL: "\x{202C}"
            text run at (0,6) width 15: "\x{202A}ab"
            text run at (15,6) width 16: "\x{661}\x{662}"
            text run at (31,6) width 13: "(^"
        LayoutBlockFlow {P} at (0,3414) size 769x30
          LayoutText {#text} at (0,6) size 44x19
            text run at (0,6) width 0 RTL: "\x{202C}"
            text run at (0,6) width 16: "\x{661}\x{662}"
            text run at (16,6) width 15 RTL: "\x{202A}\x{5D0}\x{5D1}"
            text run at (31,6) width 13: "(^"
        LayoutBlockFlow {P} at (0,3460) size 769x30
          LayoutText {#text} at (0,6) size 43x19
            text run at (0,6) width 0 RTL: "\x{202C}"
            text run at (0,6) width 16: "\x{661}\x{662}"
            text run at (16,6) width 14 RTL: "\x{202A}\x{627}\x{628}"
            text run at (30,6) width 13: "(^"
        LayoutBlockFlow {P} at (0,3506) size 769x30
          LayoutText {#text} at (0,6) size 20x19
            text run at (0,6) width 0 RTL: "\x{202C}"
            text run at (0,6) width 0: "\x{202A}"
            text run at (0,6) width 7: "\x{202A}?"
            text run at (7,6) width 13: "\x{202C}(^"
        LayoutBlockFlow {P} at (0,3552) size 769x30
          LayoutText {#text} at (0,6) size 20x19
            text run at (0,6) width 0 RTL: "\x{202C}"
            text run at (0,6) width 0: "\x{202A}"
            text run at (0,6) width 7 RTL: "\x{202B}?"
            text run at (7,6) width 13: "\x{202C}(^"
