layer at (0,0) size 800x600
  LayoutView at (0,0) size 800x600
layer at (0,0) size 800x600
  LayoutBlockFlow {HTML} at (0,0) size 800x600
    LayoutBlockFlow {BODY} at (8,8) size 784x584
      LayoutBlockFlow (anonymous) at (0,0) size 784x20
        LayoutText {#text} at (0,0) size 756x19
          text run at (0,0) width 756: "This tests that Unicode bidi control characters are not rendered and have zero width. The next two lines should look the same."
      LayoutBlockFlow {DIV} at (0,20) size 784x50
        LayoutText {#text} at (0,6) size 14x19
          text run at (0,6) width 7: "a"
          text run at (7,6) width 7 LTR override: "\x{202D}e\x{300}"
        LayoutBR {BR} at (14,21) size 0x0
        LayoutText {#text} at (0,30) size 14x19
          text run at (0,30) width 14: "ae\x{300}"
