layer at (0,0) size 800x600
  LayoutView at (0,0) size 800x600
layer at (0,0) size 800x600
  LayoutBlockFlow {HTML} at (0,0) size 800x600
    LayoutBlockFlow {BODY} at (8,8) size 784x584
      LayoutBlockFlow {P} at (0,0) size 784x60
        LayoutText {#text} at (0,0) size 50x19
          text run at (0,0) width 50: "Test for "
        LayoutInline {A} at (0,0) size 67x19 [color=#0000EE]
          LayoutText {#text} at (49,0) size 67x19
            text run at (49,0) width 67: "bug 35605"
        LayoutText {#text} at (115,0) size 778x59
          text run at (115,0) width 641: ": Two lines below have one character from CJK Ideograph, one from CJK Ext A (both in BMP) and three"
          text run at (0,20) width 778: "characters from CJK Ext B (plane 2). The last group of characters are covered by Japanese fonts on Mac as well as two Chinese"
          text run at (0,40) width 234: "fonts for Ext B shipped with Windows."
      LayoutBlockFlow {DIV} at (0,76) size 784x74
        LayoutBlockFlow {DIV} at (0,0) size 784x37
          LayoutText {#text} at (0,0) size 148x36
            text run at (0,0) width 148: "\x{4E00} \x{3400} \x{D867}\x{DE8A}\x{D867}\x{DE49}\x{D867}\x{DEDB}"
        LayoutBlockFlow {DIV} at (0,37) size 784x37
          LayoutText {#text} at (0,0) size 148x36
            text run at (0,0) width 148: "\x{4E00} \x{3400} \x{D867}\x{DE8A}\x{D867}\x{DE49}\x{D867}\x{DEDB}"
