layer at (0,0) size 800x600 clip at (0,0) size 785x600 scrollHeight 1298
  LayoutView at (0,0) size 800x600
layer at (0,0) size 785x1298 backgroundClip at (0,0) size 785x600 clip at (0,0) size 785x600
  LayoutBlockFlow {HTML} at (0,0) size 785x1298
    LayoutBlockFlow {BODY} at (8,8) size 769x1282 [bgcolor=#CCCCCC]
      LayoutBlockFlow {P} at (0,0) size 769x18
        LayoutText {#text} at (0,0) size 363x17
          text run at (0,0) width 363: "The style declarations which apply to the text below are:"
      LayoutBlockFlow {PRE} at (0,34) size 769x144
        LayoutText {#text} at (0,0) size 312x144
          text run at (0,0) width 216: "DIV.a {font-family: serif;}"
          text run at (216,0) width 0: " "
          text run at (0,16) width 248: "DIV.b {font-family: monospace;}"
          text run at (248,16) width 0: " "
          text run at (0,32) width 208: ".one {font-family: serif;}"
          text run at (208,32) width 0: " "
          text run at (0,48) width 248: ".two {font-family: sans-serif;}"
          text run at (248,48) width 0: " "
          text run at (0,64) width 240: ".three {font-family: cursive;}"
          text run at (240,64) width 0: " "
          text run at (0,80) width 232: ".four {font-family: fantasy;}"
          text run at (232,80) width 0: " "
          text run at (0,96) width 248: ".five {font-family: monospace;}"
          text run at (248,96) width 0: " "
          text run at (0,112) width 312: ".six {font-family: sans-serif,cursive;}"
          text run at (312,112) width 0: " "
          text run at (0,128) width 304: ".seven {font-family: monospace,serif;}"
          text run at (304,128) width 0: " "
      LayoutBlockFlow {HR} at (0,191) size 769x2 [border: (1px inset #EEEEEE)]
      LayoutBlockFlow {DIV} at (0,209) size 769x192
        LayoutBlockFlow {P} at (0,0) size 769x18
          LayoutText {#text} at (0,0) size 655x17
            text run at (0,0) width 655: "This sentence is normal for the first division, which is the next five sentences; it should be a serif font."
        LayoutBlockFlow {P} at (0,34) size 769x18
          LayoutText {#text} at (0,0) size 248x17
            text run at (0,0) width 248: "This sentence should be in a serif font."
        LayoutBlockFlow {P} at (0,68) size 769x18
          LayoutText {#text} at (0,0) size 314x17
            text run at (0,0) width 314: "This sentence should be in a sans-serif font."
        LayoutBlockFlow {P} at (0,102) size 769x23
          LayoutText {#text} at (0,0) size 309x23
            text run at (0,0) width 309: "This sentence should be in a cursive font."
        LayoutBlockFlow {P} at (0,141) size 769x19
          LayoutText {#text} at (0,0) size 270x19
            text run at (0,0) width 270: "This sentence should be in a fantasy font."
        LayoutBlockFlow {P} at (0,176) size 769x16
          LayoutText {#text} at (0,0) size 352x16
            text run at (0,0) width 352: "This sentence should be in a monospace font."
      LayoutBlockFlow {HR} at (0,414) size 769x2 [border: (1px inset #EEEEEE)]
      LayoutBlockFlow {P} at (0,432) size 769x18
        LayoutText {#text} at (0,0) size 400x17
          text run at (0,0) width 400: "This sentence should be in a sans-serif font, not cursive."
      LayoutBlockFlow {P} at (0,466) size 769x18
        LayoutText {#text} at (0,0) size 529x18
          text run at (0,0) width 529: "This sentence should be in a monospace font, not serif."
      LayoutBlockFlow {HR} at (0,500) size 769x2 [border: (1px inset #EEEEEE)]
      LayoutBlockFlow {DIV} at (0,515) size 769x206
        LayoutBlockFlow {P} at (0,0) size 769x32
          LayoutText {#text} at (0,0) size 768x32
            text run at (0,0) width 768: "This sentence is normal for the first division, which is the next five sentences; it should be a"
            text run at (0,16) width 120: "monospace font."
        LayoutBlockFlow {P} at (0,48) size 769x18
          LayoutText {#text} at (0,0) size 248x17
            text run at (0,0) width 248: "This sentence should be in a serif font."
        LayoutBlockFlow {P} at (0,82) size 769x18
          LayoutText {#text} at (0,0) size 314x17
            text run at (0,0) width 314: "This sentence should be in a sans-serif font."
        LayoutBlockFlow {P} at (0,116) size 769x23
          LayoutText {#text} at (0,0) size 309x23
            text run at (0,0) width 309: "This sentence should be in a cursive font."
        LayoutBlockFlow {P} at (0,155) size 769x19
          LayoutText {#text} at (0,0) size 270x19
            text run at (0,0) width 270: "This sentence should be in a fantasy font."
        LayoutBlockFlow {P} at (0,190) size 769x16
          LayoutText {#text} at (0,0) size 352x16
            text run at (0,0) width 352: "This sentence should be in a monospace font."
      LayoutTable {TABLE} at (0,734) size 769x548 [border: (1px outset #808080)]
        LayoutTableSection {TBODY} at (1,1) size 767x546
          LayoutTableRow {TR} at (0,0) size 767x26
            LayoutTableCell {TD} at (0,0) size 767x26 [bgcolor=#C0C0C0] [border: (1px inset #808080)] [r=0 c=0 rs=1 cs=2]
              LayoutInline {STRONG} at (0,0) size 161x17
                LayoutText {#text} at (4,4) size 161x17
                  text run at (4,4) width 161: "TABLE Testing Section"
          LayoutTableRow {TR} at (0,26) size 767x520
            LayoutTableCell {TD} at (0,273) size 12x26 [bgcolor=#C0C0C0] [border: (1px inset #808080)] [r=1 c=0 rs=1 cs=1]
              LayoutText {#text} at (4,4) size 4x17
                text run at (4,4) width 4: " "
            LayoutTableCell {TD} at (12,26) size 755x520 [border: (1px inset #808080)] [r=1 c=1 rs=1 cs=1]
              LayoutBlockFlow {DIV} at (4,4) size 747x192
                LayoutBlockFlow {P} at (0,0) size 747x18
                  LayoutText {#text} at (0,0) size 655x17
                    text run at (0,0) width 655: "This sentence is normal for the first division, which is the next five sentences; it should be a serif font."
                LayoutBlockFlow {P} at (0,34) size 747x18
                  LayoutText {#text} at (0,0) size 248x17
                    text run at (0,0) width 248: "This sentence should be in a serif font."
                LayoutBlockFlow {P} at (0,68) size 747x18
                  LayoutText {#text} at (0,0) size 314x17
                    text run at (0,0) width 314: "This sentence should be in a sans-serif font."
                LayoutBlockFlow {P} at (0,102) size 747x23
                  LayoutText {#text} at (0,0) size 309x23
                    text run at (0,0) width 309: "This sentence should be in a cursive font."
                LayoutBlockFlow {P} at (0,141) size 747x19
                  LayoutText {#text} at (0,0) size 270x19
                    text run at (0,0) width 270: "This sentence should be in a fantasy font."
                LayoutBlockFlow {P} at (0,176) size 747x16
                  LayoutText {#text} at (0,0) size 352x16
                    text run at (0,0) width 352: "This sentence should be in a monospace font."
              LayoutBlockFlow {HR} at (4,209) size 747x2 [border: (1px inset #EEEEEE)]
              LayoutBlockFlow {P} at (4,227) size 747x18
                LayoutText {#text} at (0,0) size 400x17
                  text run at (0,0) width 400: "This sentence should be in a sans-serif font, not cursive."
              LayoutBlockFlow {P} at (4,261) size 747x18
                LayoutText {#text} at (0,0) size 529x18
                  text run at (0,0) width 529: "This sentence should be in a monospace font, not serif."
              LayoutBlockFlow {HR} at (4,295) size 747x2 [border: (1px inset #EEEEEE)]
              LayoutBlockFlow {DIV} at (4,310) size 747x206
                LayoutBlockFlow {P} at (0,0) size 747x32
                  LayoutText {#text} at (0,0) size 728x32
                    text run at (0,0) width 728: "This sentence is normal for the first division, which is the next five sentences; it should"
                    text run at (0,16) width 160: "be a monospace font."
                LayoutBlockFlow {P} at (0,48) size 747x18
                  LayoutText {#text} at (0,0) size 248x17
                    text run at (0,0) width 248: "This sentence should be in a serif font."
                LayoutBlockFlow {P} at (0,82) size 747x18
                  LayoutText {#text} at (0,0) size 314x17
                    text run at (0,0) width 314: "This sentence should be in a sans-serif font."
                LayoutBlockFlow {P} at (0,116) size 747x23
                  LayoutText {#text} at (0,0) size 309x23
                    text run at (0,0) width 309: "This sentence should be in a cursive font."
                LayoutBlockFlow {P} at (0,155) size 747x19
                  LayoutText {#text} at (0,0) size 270x19
                    text run at (0,0) width 270: "This sentence should be in a fantasy font."
                LayoutBlockFlow {P} at (0,190) size 747x16
                  LayoutText {#text} at (0,0) size 352x16
                    text run at (0,0) width 352: "This sentence should be in a monospace font."
