layer at (0,0) size 800x600
  LayoutView at (0,0) size 800x600
layer at (0,0) size 800x600
  LayoutBlockFlow {HTML} at (0,0) size 800x600
    LayoutBlockFlow {BODY} at (8,8) size 784x584 [bgcolor=#CCCCCC]
      LayoutBlockFlow {P} at (0,0) size 784x18
        LayoutText {#text} at (0,0) size 363x17
          text run at (0,0) width 363: "The style declarations which apply to the text below are:"
      LayoutBlockFlow {PRE} at (0,34) size 784x48
        LayoutText {#text} at (0,0) size 256x48
          text run at (0,0) width 256: ".one {font-variant: small-caps;}"
          text run at (256,0) width 0: " "
          text run at (0,16) width 224: ".two {font-variant: normal;}"
          text run at (224,16) width 0: " "
          text run at (0,32) width 0: " "
      LayoutBlockFlow {HR} at (0,95) size 784x2 [border: (1px inset #EEEEEE)]
      LayoutBlockFlow {P} at (0,113) size 784x18
        LayoutText {#text} at (0,0) size 266x17
          text run at (0,0) width 266: "This Paragraph should be in Small Caps."
      LayoutBlockFlow {P} at (0,147) size 784x18
        LayoutText {#text} at (0,0) size 575x17
          text run at (0,0) width 575: "This Paragraph should be in Small Caps, but the Last Word in the Sentence should be "
        LayoutInline {SPAN} at (0,0) size 49x17
          LayoutText {#text} at (574,0) size 49x17
            text run at (574,0) width 49: "Normal"
        LayoutText {#text} at (622,0) size 5x17
          text run at (622,0) width 5: "."
      LayoutTable {TABLE} at (0,181) size 649x88 [border: (1px outset #808080)]
        LayoutTableSection {TBODY} at (1,1) size 647x86
          LayoutTableRow {TR} at (0,0) size 647x26
            LayoutTableCell {TD} at (0,0) size 647x26 [bgcolor=#C0C0C0] [border: (1px inset #808080)] [r=0 c=0 rs=1 cs=2]
              LayoutInline {STRONG} at (0,0) size 161x17
                LayoutText {#text} at (4,4) size 161x17
                  text run at (4,4) width 161: "TABLE Testing Section"
          LayoutTableRow {TR} at (0,26) size 647x60
            LayoutTableCell {TD} at (0,43) size 12x26 [bgcolor=#C0C0C0] [border: (1px inset #808080)] [r=1 c=0 rs=1 cs=1]
              LayoutText {#text} at (4,4) size 4x17
                text run at (4,4) width 4: " "
            LayoutTableCell {TD} at (12,26) size 635x60 [border: (1px inset #808080)] [r=1 c=1 rs=1 cs=1]
              LayoutBlockFlow {P} at (4,4) size 627x18
                LayoutText {#text} at (0,0) size 266x17
                  text run at (0,0) width 266: "This Paragraph should be in Small Caps."
              LayoutBlockFlow {P} at (4,38) size 627x18
                LayoutText {#text} at (0,0) size 575x17
                  text run at (0,0) width 575: "This Paragraph should be in Small Caps, but the Last Word in the Sentence should be "
                LayoutInline {SPAN} at (0,0) size 49x17
                  LayoutText {#text} at (574,0) size 49x17
                    text run at (574,0) width 49: "Normal"
                LayoutText {#text} at (622,0) size 5x17
                  text run at (622,0) width 5: "."
