layer at (0,0) size 800x600
  LayoutView at (0,0) size 800x600
layer at (0,0) size 800x600
  LayoutBlockFlow {HTML} at (0,0) size 800x600
    LayoutBlockFlow {BODY} at (8,8) size 784x584 [bgcolor=#CCCCCC]
      LayoutBlockFlow {P} at (0,0) size 784x18
        LayoutText {#text} at (0,0) size 363x17
          text run at (0,0) width 363: "The style declarations which apply to the text below are:"
      LayoutBlockFlow {PRE} at (0,34) size 784x64
        LayoutText {#text} at (0,0) size 248x64
          text run at (0,0) width 208: ".one {font-style: italic;}"
          text run at (208,0) width 0: " "
          text run at (0,16) width 216: ".two {font-style: oblique;}"
          text run at (216,16) width 0: " "
          text run at (0,32) width 248: ".three, I {font-style: normal;}"
          text run at (248,32) width 0: " "
          text run at (0,48) width 0: " "
      LayoutBlockFlow {HR} at (0,111) size 784x2 [border: (1px inset #EEEEEE)]
      LayoutBlockFlow {P} at (0,129) size 784x18
        LayoutText {#text} at (0,0) size 510x17
          text run at (0,0) width 510: "This paragraph should be in italics, but the last word of the sentence should be "
        LayoutInline {SPAN} at (0,0) size 46x17
          LayoutText {#text} at (509,0) size 46x17
            text run at (509,0) width 46: "normal"
        LayoutText {#text} at (554,0) size 5x17
          text run at (554,0) width 5: "."
      LayoutBlockFlow {P} at (0,163) size 784x18
        LayoutText {#text} at (0,0) size 219x17
          text run at (0,0) width 219: "This paragraph should be oblique."
      LayoutBlockFlow {P} at (0,197) size 784x18
        LayoutInline {I} at (0,0) size 216x17
          LayoutText {#text} at (0,0) size 216x17
            text run at (0,0) width 216: "This paragraph should be normal."
        LayoutText {#text} at (0,0) size 0x0
      LayoutTable {TABLE} at (0,231) size 581x122 [border: (1px outset #808080)]
        LayoutTableSection {TBODY} at (1,1) size 579x120
          LayoutTableRow {TR} at (0,0) size 579x26
            LayoutTableCell {TD} at (0,0) size 579x26 [bgcolor=#C0C0C0] [border: (1px inset #808080)] [r=0 c=0 rs=1 cs=2]
              LayoutInline {STRONG} at (0,0) size 161x17
                LayoutText {#text} at (4,4) size 161x17
                  text run at (4,4) width 161: "TABLE Testing Section"
          LayoutTableRow {TR} at (0,26) size 579x94
            LayoutTableCell {TD} at (0,60) size 12x26 [bgcolor=#C0C0C0] [border: (1px inset #808080)] [r=1 c=0 rs=1 cs=1]
              LayoutText {#text} at (4,4) size 4x17
                text run at (4,4) width 4: " "
            LayoutTableCell {TD} at (12,26) size 567x94 [border: (1px inset #808080)] [r=1 c=1 rs=1 cs=1]
              LayoutBlockFlow {P} at (4,4) size 559x18
                LayoutText {#text} at (0,0) size 510x17
                  text run at (0,0) width 510: "This paragraph should be in italics, but the last word of the sentence should be "
                LayoutInline {SPAN} at (0,0) size 46x17
                  LayoutText {#text} at (509,0) size 46x17
                    text run at (509,0) width 46: "normal"
                LayoutText {#text} at (554,0) size 5x17
                  text run at (554,0) width 5: "."
              LayoutBlockFlow {P} at (4,38) size 559x18
                LayoutText {#text} at (0,0) size 219x17
                  text run at (0,0) width 219: "This paragraph should be oblique."
              LayoutBlockFlow {P} at (4,72) size 559x18
                LayoutInline {I} at (0,0) size 216x17
                  LayoutText {#text} at (0,0) size 216x17
                    text run at (0,0) width 216: "This paragraph should be normal."
                LayoutText {#text} at (0,0) size 0x0
