layer at (0,0) size 800x600 clip at (0,0) size 785x600 scrollHeight 4396
  LayoutView at (0,0) size 800x600
layer at (0,0) size 785x4396 backgroundClip at (0,0) size 785x600 clip at (0,0) size 785x600
  LayoutBlockFlow {HTML} at (0,0) size 785x4396.33
    LayoutBlockFlow {BODY} at (8,8) size 769x4380.33 [bgcolor=#CCCCCC]
      LayoutBlockFlow {P} at (0,0) size 769x16
        LayoutText {#text} at (0,0) size 274x15
          text run at (0,0) width 274: "The style declarations which apply to the text below are:"
      LayoutBlockFlow {PRE} at (0,28) size 769x180
        LayoutText {#text} at (0,0) size 399x180
          text run at (0,0) width 161: "BODY {font-size: 12px;}"
          text run at (161,0) width 0: " "
          text run at (0,15) width 322: ".one {font: italic small-caps 13pt Helvetica;}"
          text run at (322,15) width 0: " "
          text run at (0,30) width 203: ".two {font: 150%/150% serif;}"
          text run at (203,30) width 0: " "
          text run at (0,45) width 252: ".three {font: 150%/150% sans-serif;}"
          text run at (252,45) width 0: " "
          text run at (0,60) width 231: ".four {font: small/200% cursive;}"
          text run at (231,60) width 0: " "
          text run at (0,75) width 399: ".five {font: italic small-caps 900 150%/150% sans-serif;}"
          text run at (399,75) width 0: " "
          text run at (0,90) width 392: ".six {font: italic small-caps 100 150%/300% sans-serif;}"
          text run at (392,90) width 0: " "
          text run at (0,105) width 392: ".seven {font: italic small-caps 900 150%/2em monospace;}"
          text run at (392,105) width 0: " "
          text run at (0,120) width 399: ".eight {font: italic small-caps 500 150%/1in sans-serif;}"
          text run at (399,120) width 0: " "
          text run at (0,135) width 378: ".nine {font: oblique normal 700 18px/200% sans-serif;}"
          text run at (378,135) width 0: " "
          text run at (0,150) width 301: ".ten {font: normal 400 80%/2.5 sans-serif;}"
          text run at (301,150) width 0: " "
          text run at (0,165) width 266: "SPAN.color {background-color: silver;}"
          text run at (266,165) width 0: " "
      LayoutBlockFlow {HR} at (0,220) size 769x2 [border: (1px inset #EEEEEE)]
      LayoutBlockFlow {P} at (0,234) size 769x16
        LayoutText {#text} at (0,0) size 721x15
          text run at (0,0) width 431: "This element is unstyled, and should inherit a font-size of 12px from the BODY element. "
          text run at (431,0) width 290: "This is the \"base font size\" referred to in the following tests."
      LayoutBlockFlow {P} at (0,267.33) size 769x21
        LayoutText {#text} at (0,0) size 501x20
          text run at (0,0) width 501: "This element should be 13pt. Helvetica which is in small-cap italics."
      LayoutBlockFlow {P} at (0,306.33) size 769x81
        LayoutText {#text} at (0,3) size 764x74
          text run at (0,3) width 278: "This element should be in a serif font. "
          text run at (277,3) width 475: "Its font-size should be 150% the base font size, and its line-height"
          text run at (0,30) width 418: "should 150% of that value (18px and 27px, respectively). "
          text run at (417,30) width 347: "Extra text is included for the purposes of testing"
          text run at (0,57) width 152: "this more effectively."
      LayoutBlockFlow {P} at (0,405.33) size 769x81
        LayoutText {#text} at (0,3) size 761x74
          text run at (0,3) width 349: "This element should be in a sans-serif font. "
          text run at (348,3) width 413: "Its font-size should be 150% the base font size, and"
          text run at (0,30) width 569: "its line-height should 150% of that value (18px and 27px, respectively). "
          text run at (568,30) width 193: "Extra text is included for"
          text run at (0,57) width 350: "the purposes of testing this more effectively."
      LayoutBlockFlow {P} at (0,504.33) size 769x80
        LayoutText {#text} at (0,4) size 732x44
          text run at (0,4) width 711: "This element should be in a cursive font, 'small' in size, with a line-height 200% the height of the text's actual size. "
          text run at (710,4) width 22: "For"
          text run at (0,30) width 190: "example, if the font-size value "
        LayoutInline {CODE} at (0,0) size 31x12
          LayoutText {#text} at (189,35) size 31x12
            text run at (189,35) width 31: "small"
        LayoutText {#text} at (219,30) size 755x46
          text run at (219,30) width 361: " is calculated at 10px, then the line-height should be 20px. "
          text run at (579,30) width 176: "The actual value of the font-"
          text run at (0,58) width 137: "size is UA-dependent. "
          text run at (136,58) width 441: "Extra text is included for the purposes of testing this more effectively."
      LayoutBlockFlow {P} at (0,602.33) size 769x108
        LayoutText {#text} at (0,0) size 766x107
          text run at (0,0) width 766: "This element should be in a sans-serif font, italicized and small caps, with a weight of"
          text run at (0,27) width 48: "900. "
          text run at (48,27) width 690: "Its font-size should be 150% the base font size, and its line-height should be"
          text run at (0,54) width 459: "150% of that value (18px and 27px, respectively). "
          text run at (458,54) width 267: "Extra text is included for the"
          text run at (0,81) width 369: "purposes of testing this more effectively."
      LayoutBlockFlow {P} at (0,728.33) size 769x216
        LayoutText {#text} at (0,17) size 745x182
          text run at (0,17) width 723: "This element should be in a sans-serif font, italicized and small caps, with a weight of 100. "
          text run at (722,17) width 23: "Its"
          text run at (0,71) width 743: "font-size should be 150% the base font size, and its line-height should be 300% of that value"
          text run at (0,125) width 244: "(18px and 54px, respectively). "
          text run at (243,125) width 479: "Extra text is included for the purposes of testing this more"
          text run at (0,179) width 93: "effectively."
      LayoutBlockFlow {P} at (0,962.33) size 769x144
        LayoutText {#text} at (0,8) size 747x128
          text run at (0,8) width 747: "This element should be in a monospace font, italicized and small caps, with a weight of"
          text run at (0,44) width 54: "900. "
          text run at (54,44) width 683: "Its font-size should be 150% the base font size, and its line-height should be"
          text run at (0,80) width 614: "2em, or twice the element's font size (18px and 36px, respectively). "
          text run at (613,80) width 114: "Extra text is"
          text run at (0,116) width 498: "included for the purposes of testing this more effectively."
      LayoutBlockFlow {P} at (0,1124.33) size 769x288
        LayoutText {#text} at (0,38) size 745x212
          text run at (0,38) width 723: "This element should be in a sans-serif font, italicized and small caps, with a weight of 500. "
          text run at (722,38) width 23: "Its"
          text run at (0,134) width 694: "font-size should be 150% the base font size, or 18px, and its line-height should be 1in. "
          text run at (693,134) width 48: "Extra"
          text run at (0,230) width 524: "text is included for the purposes of testing this more effectively."
      LayoutBlockFlow {P} at (0,1430.33) size 769x144
        LayoutText {#text} at (0,8) size 753x128
          text run at (0,8) width 753: "This element should be in a sans-serif font, oblique and not small-caps, with a weight of"
          text run at (0,44) width 41: "700. "
          text run at (40,44) width 666: "Its font-size should be 18 pixels, and its line-height should be 36px (200% this"
          text run at (0,80) width 177: "element's font size). "
          text run at (176,80) width 501: "Extra text is included for the purposes of testing this more"
          text run at (0,116) width 92: "effectively."
      LayoutBlockFlow {P} at (0,1592.33) size 769x50
        LayoutText {#text} at (0,6) size 760x38
          text run at (0,6) width 305: "This element should be in a sans-serif font, with a weight of 400. "
          text run at (305,6) width 455: "Its font-size should be 80% of 12px, or 9.6px, and its line-height shoud be 2.5 times that, or 24px."
          text run at (0,31) width 321: "Extra text is included for the purposes of testing this more effectively."
      LayoutBlockFlow {P} at (0,1660.33) size 769x270
        LayoutInline {SPAN} at (0,0) size 759x236 [bgcolor=#C0C0C0]
          LayoutText {#text} at (0,17) size 759x236
            text run at (0,17) width 723: "This element should be in a sans-serif font, italicized and small caps, with a weight of 100. "
            text run at (722,17) width 23: "Its"
            text run at (0,71) width 743: "font-size should be 150% the base font size, and its line-height should be 300% of that value"
            text run at (0,125) width 759: "(18px and 54px, respectively). The text should have a silver background. The background color"
            text run at (0,179) width 735: "has been set on an inline element and should therefore only cover the text, not the interline"
            text run at (0,233) width 64: "spacing."
        LayoutText {#text} at (0,0) size 0x0
      LayoutTable {TABLE} at (0,1948.33) size 769x2432 [border: (1px outset #808080)]
        LayoutTableSection {TBODY} at (1,1) size 767x2430
          LayoutTableRow {TR} at (0,0) size 767x26
            LayoutTableCell {TD} at (0,0) size 767x26 [bgcolor=#C0C0C0] [border: (1px inset #808080)] [r=0 c=0 rs=1 cs=2]
              LayoutInline {STRONG} at (0,0) size 161x17
                LayoutText {#text} at (4,4) size 161x17
                  text run at (4,4) width 161: "TABLE Testing Section"
          LayoutTableRow {TR} at (0,26) size 767x2404
            LayoutTableCell {TD} at (0,1215) size 12x26 [bgcolor=#C0C0C0] [border: (1px inset #808080)] [r=1 c=0 rs=1 cs=1]
              LayoutText {#text} at (4,4) size 4x17
                text run at (4,4) width 4: " "
            LayoutTableCell {TD} at (12,26) size 755x2404.33 [border: (1px inset #808080)] [r=1 c=1 rs=1 cs=1]
              LayoutBlockFlow {P} at (4,4) size 747x36
                LayoutText {#text} at (0,0) size 746x35
                  text run at (0,0) width 575: "This element is unstyled, and should inherit a font-size of 12px from the BODY element. "
                  text run at (574,0) width 172: "This is the \"base font size\""
                  text run at (0,18) width 210: "referred to in the following tests."
              LayoutBlockFlow {P} at (4,57.33) size 747x21
                LayoutText {#text} at (0,0) size 501x20
                  text run at (0,0) width 501: "This element should be 13pt. Helvetica which is in small-cap italics."
              LayoutBlockFlow {P} at (4,102.33) size 747x144
                LayoutText {#text} at (0,5) size 729x134
                  text run at (0,5) width 370: "This element should be in a serif font. "
                  text run at (369,5) width 360: "Its font-size should be 150% the base"
                  text run at (0,41) width 688: "font size, and its line-height should 150% of that value (18px and 27px,"
                  text run at (0,77) width 136: "respectively). "
                  text run at (135,77) width 559: "Extra text is included for the purposes of testing this more"
                  text run at (0,113) width 107: "effectively."
              LayoutBlockFlow {P} at (4,270.33) size 747x144
                LayoutText {#text} at (0,4) size 741x135
                  text run at (0,4) width 465: "This element should be in a sans-serif font. "
                  text run at (464,4) width 234: "Its font-size should be"
                  text run at (0,40) width 741: "150% the base font size, and its line-height should 150% of that value"
                  text run at (0,76) width 327: "(18px and 27px, respectively). "
                  text run at (326,76) width 403: "Extra text is included for the purposes"
                  text run at (0,112) width 321: "of testing this more effectively."
              LayoutBlockFlow {P} at (4,438.33) size 747x80
                LayoutText {#text} at (0,4) size 732x44
                  text run at (0,4) width 711: "This element should be in a cursive font, 'small' in size, with a line-height 200% the height of the text's actual size. "
                  text run at (710,4) width 22: "For"
                  text run at (0,30) width 190: "example, if the font-size value "
                LayoutInline {CODE} at (0,0) size 31x12
                  LayoutText {#text} at (189,35) size 31x12
                    text run at (189,35) width 31: "small"
                LayoutText {#text} at (219,30) size 720x46
                  text run at (219,30) width 361: " is calculated at 10px, then the line-height should be 20px. "
                  text run at (579,30) width 141: "The actual value of the"
                  text run at (0,58) width 169: "font-size is UA-dependent. "
                  text run at (168,58) width 441: "Extra text is included for the purposes of testing this more effectively."
              LayoutBlockFlow {P} at (4,542.33) size 747x180
                LayoutText {#text} at (0,1) size 747x177
                  text run at (0,1) width 747: "This element should be in a sans-serif font, italicized and small"
                  text run at (0,37) width 329: "caps, with a weight of 900. "
                  text run at (328,37) width 394: "Its font-size should be 150% the"
                  text run at (0,73) width 686: "base font size, and its line-height should be 150% of that"
                  text run at (0,109) width 437: "value (18px and 27px, respectively). "
                  text run at (436,109) width 308: "Extra text is included for"
                  text run at (0,145) width 537: "the purposes of testing this more effectively."
              LayoutBlockFlow {P} at (4,746.33) size 747x360
                LayoutText {#text} at (0,22) size 726x315
                  text run at (0,22) width 711: "This element should be in a sans-serif font, italicized and small caps,"
                  text run at (0,94) width 227: "with a weight of 100. "
                  text run at (226,94) width 500: "Its font-size should be 150% the base font size,"
                  text run at (0,166) width 672: "and its line-height should be 300% of that value (18px and 54px,"
                  text run at (0,238) width 149: "respectively). "
                  text run at (148,238) width 569: "Extra text is included for the purposes of testing this"
                  text run at (0,310) width 178: "more effectively."
              LayoutBlockFlow {P} at (4,1130.33) size 747x156
                LayoutText {#text} at (0,8) size 735x139
                  text run at (0,8) width 735: "This element should be in a monospace font, italicized and small caps, with a weight"
                  text run at (0,47) width 87: "of 900. "
                  text run at (86,47) width 615: "Its font-size should be 150% the base font size, and its line-height"
                  text run at (0,86) width 710: "should be 2em, or twice the element's font size (18px and 36px, respectively)."
                  text run at (0,125) width 633: "Extra text is included for the purposes of testing this more effectively."
              LayoutBlockFlow {P} at (4,1310.33) size 747x384
                LayoutText {#text} at (0,34) size 726x315
                  text run at (0,34) width 711: "This element should be in a sans-serif font, italicized and small caps,"
                  text run at (0,130) width 227: "with a weight of 500. "
                  text run at (226,130) width 500: "Its font-size should be 150% the base font size,"
                  text run at (0,226) width 438: "or 18px, and its line-height should be 1in. "
                  text run at (437,226) width 272: "Extra text is included for"
                  text run at (0,322) width 475: "the purposes of testing this more effectively."
              LayoutBlockFlow {P} at (4,1718.33) size 747x144
                LayoutText {#text} at (0,8) size 731x128
                  text run at (0,8) width 731: "This element should be in a sans-serif font, oblique and not small-caps, with a weight"
                  text run at (0,44) width 63: "of 700. "
                  text run at (62,44) width 666: "Its font-size should be 18 pixels, and its line-height should be 36px (200% this"
                  text run at (0,80) width 177: "element's font size). "
                  text run at (176,80) width 501: "Extra text is included for the purposes of testing this more"
                  text run at (0,116) width 92: "effectively."
              LayoutBlockFlow {P} at (4,1880.33) size 747x64
                LayoutText {#text} at (0,8) size 742x48
                  text run at (0,8) width 374: "This element should be in a sans-serif font, with a weight of 400. "
                  text run at (374,8) width 368: "Its font-size should be 80% of 12px, or 9.6px, and its line-height"
                  text run at (0,40) width 196: "shoud be 2.5 times that, or 24px. "
                  text run at (196,40) width 398: "Extra text is included for the purposes of testing this more effectively."
              LayoutBlockFlow {P} at (4,1968.33) size 747x432
                LayoutInline {SPAN} at (0,0) size 726x387 [bgcolor=#C0C0C0]
                  LayoutText {#text} at (0,22) size 726x387
                    text run at (0,22) width 711: "This element should be in a sans-serif font, italicized and small caps,"
                    text run at (0,94) width 227: "with a weight of 100. "
                    text run at (226,94) width 500: "Its font-size should be 150% the base font size,"
                    text run at (0,166) width 672: "and its line-height should be 300% of that value (18px and 54px,"
                    text run at (0,238) width 631: "respectively). The text should have a silver background. The"
                    text run at (0,310) width 655: "background color has been set on an inline element and should"
                    text run at (0,382) width 589: "therefore only cover the text, not the interline spacing."
                LayoutText {#text} at (0,0) size 0x0
