layer at (0,0) size 800x600 clip at (0,0) size 785x600 scrollHeight 2827
  LayoutView at (0,0) size 800x600
layer at (0,0) size 785x2827 backgroundClip at (0,0) size 785x600 clip at (0,0) size 785x600
  LayoutBlockFlow {HTML} at (0,0) size 785x2827.27
    LayoutBlockFlow {BODY} at (8,8) size 769x2811.27 [bgcolor=#CCCCCC]
      LayoutBlockFlow {P} at (0,0) size 769x18
        LayoutText {#text} at (0,0) size 363x17
          text run at (0,0) width 363: "The style declarations which apply to the text below are:"
      LayoutBlockFlow {PRE} at (0,34) size 769x320
        LayoutText {#text} at (0,0) size 224x320
          text run at (0,0) width 200: ".one {font-size: medium;}"
          text run at (200,0) width 0: " "
          text run at (0,16) width 200: ".two {font-size: larger;}"
          text run at (200,16) width 0: " "
          text run at (0,32) width 224: ".three {font-size: smaller;}"
          text run at (224,32) width 0: " "
          text run at (0,48) width 224: ".four {font-size: xx-small;}"
          text run at (224,48) width 0: " "
          text run at (0,64) width 216: ".five {font-size: x-small;}"
          text run at (216,64) width 0: " "
          text run at (0,80) width 192: ".six {font-size: small;}"
          text run at (192,80) width 0: " "
          text run at (0,96) width 208: ".seven {font-size: large;}"
          text run at (208,96) width 0: " "
          text run at (0,112) width 224: ".eight {font-size: x-large;}"
          text run at (224,112) width 0: " "
          text run at (0,128) width 224: ".nine {font-size: xx-large;}"
          text run at (224,128) width 0: " "
          text run at (0,144) width 176: ".a {font-size: 0.5in;}"
          text run at (176,144) width 0: " "
          text run at (0,160) width 160: ".b {font-size: 1cm;}"
          text run at (160,160) width 0: " "
          text run at (0,176) width 168: ".c {font-size: 10mm;}"
          text run at (168,176) width 0: " "
          text run at (0,192) width 168: ".d {font-size: 18pt;}"
          text run at (168,192) width 0: " "
          text run at (0,208) width 176: ".e {font-size: 1.5pc;}"
          text run at (176,208) width 0: " "
          text run at (0,224) width 160: ".f {font-size: 2em;}"
          text run at (160,224) width 0: " "
          text run at (0,240) width 160: ".g {font-size: 3ex;}"
          text run at (160,240) width 0: " "
          text run at (0,256) width 168: ".h {font-size: 25px;}"
          text run at (168,256) width 0: " "
          text run at (0,272) width 168: ".i {font-size: 200%;}"
          text run at (168,272) width 0: " "
          text run at (0,288) width 184: ".j {font-size: -0.5in;}"
          text run at (184,288) width 0: " "
          text run at (0,304) width 0: " "
      LayoutBlockFlow {HR} at (0,367) size 769x2 [border: (1px inset #EEEEEE)]
      LayoutBlockFlow {P} at (0,385) size 769x18
        LayoutText {#text} at (0,0) size 707x17
          text run at (0,0) width 707: "This paragraph element is unstyled, so the size of the font in this element is the default size for this user agent."
      LayoutBlockFlow {P} at (0,419) size 769x18
        LayoutText {#text} at (0,0) size 190x17
          text run at (0,0) width 190: "This sentence has been set to "
        LayoutInline {CODE} at (0,0) size 49x16
          LayoutText {#text} at (189,2) size 49x16
            text run at (189,2) width 49: "medium"
        LayoutText {#text} at (237,0) size 369x17
          text run at (237,0) width 369: ", which may or may not be the same size as unstyled text."
      LayoutBlockFlow {P} at (0,456.19) size 769x22
        LayoutText {#text} at (0,0) size 380x21
          text run at (0,0) width 380: "This sentence should be larger than unstyled text."
      LayoutBlockFlow {P} at (0,497.38) size 769x16
        LayoutText {#text} at (0,0) size 273x15
          text run at (0,0) width 273: "This sentence should be smaller than unstyled text."
      LayoutBlockFlow {P} at (0,526.70) size 769x18
        LayoutText {#text} at (0,4) size 303x12
          text run at (0,4) width 303: "This sentence should be very small, but the last word in the sentence should be "
        LayoutInline {SPAN} at (0,0) size 53x17
          LayoutText {#text} at (303,0) size 53x17
            text run at (303,0) width 53: "medium"
        LayoutText {#text} at (355,4) size 3x12
          text run at (355,4) width 3: "."
      LayoutBlockFlow {P} at (0,554.70) size 769x18
        LayoutText {#text} at (0,4) size 328x12
          text run at (0,4) width 328: "This sentence should be rather small, but the last word in the sentence should be "
        LayoutInline {SPAN} at (0,0) size 53x17
          LayoutText {#text} at (328,0) size 53x17
            text run at (328,0) width 53: "medium"
        LayoutText {#text} at (380,4) size 4x12
          text run at (380,4) width 4: "."
      LayoutBlockFlow {P} at (0,585.70) size 769x18
        LayoutText {#text} at (0,2) size 400x15
          text run at (0,2) width 400: "This sentence should be small, but the last word in the sentence should be "
        LayoutInline {SPAN} at (0,0) size 53x17
          LayoutText {#text} at (400,0) size 53x17
            text run at (400,0) width 53: "medium"
        LayoutText {#text} at (452,2) size 4x15
          text run at (452,2) width 4: "."
      LayoutBlockFlow {P} at (0,621.70) size 769x21
        LayoutText {#text} at (0,0) size 533x20
          text run at (0,0) width 533: "This sentence should be large, but the last word in the sentence should be "
        LayoutInline {SPAN} at (0,0) size 53x17
          LayoutText {#text} at (532,2) size 53x17
            text run at (532,2) width 53: "medium"
        LayoutText {#text} at (584,0) size 5x20
          text run at (584,0) width 5: "."
      LayoutBlockFlow {P} at (0,666.70) size 769x54
        LayoutText {#text} at (0,0) size 766x26
          text run at (0,0) width 766: "This sentence should be rather large, but the last word in the sentence should be"
        LayoutInline {SPAN} at (0,0) size 53x17
          LayoutText {#text} at (0,34) size 53x17
            text run at (0,34) width 53: "medium"
        LayoutText {#text} at (52,27) size 7x26
          text run at (52,27) width 7: "."
      LayoutBlockFlow {P} at (0,752.70) size 769x74
        LayoutText {#text} at (0,0) size 753x73
          text run at (0,0) width 753: "This sentence should be very large, but the last word in the"
          text run at (0,37) width 250: "sentence should be "
        LayoutInline {SPAN} at (0,0) size 54x17
          LayoutText {#text} at (249,52) size 54x17
            text run at (249,52) width 54: "medium"
        LayoutText {#text} at (302,37) size 9x36
          text run at (302,37) width 9: "."
      LayoutBlockFlow {P} at (0,874.70) size 769x110
        LayoutText {#text} at (0,1) size 699x108
          text run at (0,1) width 699: "This sentence should be half an inch"
          text run at (0,56) width 74: "tall."
      LayoutBlockFlow {P} at (0,1032.70) size 769x44
        LayoutText {#text} at (0,1) size 663x42
          text run at (0,1) width 663: "This sentence should be one centimeter tall."
      LayoutBlockFlow {P} at (0,1114.48) size 769x44
        LayoutText {#text} at (0,1) size 667x42
          text run at (0,1) width 667: "This sentence should be ten millimeters tall."
      LayoutBlockFlow {P} at (0,1196.27) size 769x27
        LayoutText {#text} at (0,0) size 425x26
          text run at (0,0) width 425: "This sentence should be eighteen points tall."
      LayoutBlockFlow {P} at (0,1247.27) size 769x27
        LayoutText {#text} at (0,0) size 494x26
          text run at (0,0) width 494: "This sentence should be one and one half picas tall."
      LayoutBlockFlow {P} at (0,1306.27) size 769x37
        LayoutText {#text} at (0,0) size 467x36
          text run at (0,0) width 467: "This sentence should be two em tall."
      LayoutBlockFlow {P} at (0,1375.27) size 769x25
        LayoutText {#text} at (0,0) size 318x24
          text run at (0,0) width 318: "This sentence should be three ex tall."
      LayoutBlockFlow {P} at (0,1425.27) size 769x28
        LayoutText {#text} at (0,0) size 472x27
          text run at (0,0) width 472: "This sentence should be twenty-five pixels tall."
      LayoutBlockFlow {P} at (0,1485.27) size 769x37
        LayoutText {#text} at (0,0) size 549x36
          text run at (0,0) width 549: "This sentence should be twice normal size."
      LayoutBlockFlow {P} at (0,1554.27) size 769x18
        LayoutText {#text} at (0,0) size 686x17
          text run at (0,0) width 686: "This sentence should be normal size, since no negative values are allowed and therefore should be ignored."
      LayoutTable {TABLE} at (0,1588.27) size 769x1223 [border: (1px outset #808080)]
        LayoutTableSection {TBODY} at (1,1) size 767x1221
          LayoutTableRow {TR} at (0,0) size 767x26
            LayoutTableCell {TD} at (0,0) size 767x26 [bgcolor=#C0C0C0] [border: (1px inset #808080)] [r=0 c=0 rs=1 cs=2]
              LayoutInline {STRONG} at (0,0) size 161x17
                LayoutText {#text} at (4,4) size 161x17
                  text run at (4,4) width 161: "TABLE Testing Section"
          LayoutTableRow {TR} at (0,26) size 767x1195
            LayoutTableCell {TD} at (0,610) size 12x26 [bgcolor=#C0C0C0] [border: (1px inset #808080)] [r=1 c=0 rs=1 cs=1]
              LayoutText {#text} at (4,4) size 4x17
                text run at (4,4) width 4: " "
            LayoutTableCell {TD} at (12,26) size 755x1195.27 [border: (1px inset #808080)] [r=1 c=1 rs=1 cs=1]
              LayoutBlockFlow {P} at (4,4) size 747x18
                LayoutText {#text} at (0,0) size 707x17
                  text run at (0,0) width 707: "This paragraph element is unstyled, so the size of the font in this element is the default size for this user agent."
              LayoutBlockFlow {P} at (4,38) size 747x18
                LayoutText {#text} at (0,0) size 190x17
                  text run at (0,0) width 190: "This sentence has been set to "
                LayoutInline {CODE} at (0,0) size 49x16
                  LayoutText {#text} at (189,2) size 49x16
                    text run at (189,2) width 49: "medium"
                LayoutText {#text} at (237,0) size 369x17
                  text run at (237,0) width 369: ", which may or may not be the same size as unstyled text."
              LayoutBlockFlow {P} at (4,75.19) size 747x22
                LayoutText {#text} at (0,0) size 380x21
                  text run at (0,0) width 380: "This sentence should be larger than unstyled text."
              LayoutBlockFlow {P} at (4,116.38) size 747x16
                LayoutText {#text} at (0,0) size 273x15
                  text run at (0,0) width 273: "This sentence should be smaller than unstyled text."
              LayoutBlockFlow {P} at (4,145.70) size 747x18
                LayoutText {#text} at (0,4) size 303x12
                  text run at (0,4) width 303: "This sentence should be very small, but the last word in the sentence should be "
                LayoutInline {SPAN} at (0,0) size 53x17
                  LayoutText {#text} at (303,0) size 53x17
                    text run at (303,0) width 53: "medium"
                LayoutText {#text} at (355,4) size 3x12
                  text run at (355,4) width 3: "."
              LayoutBlockFlow {P} at (4,173.70) size 747x18
                LayoutText {#text} at (0,4) size 328x12
                  text run at (0,4) width 328: "This sentence should be rather small, but the last word in the sentence should be "
                LayoutInline {SPAN} at (0,0) size 53x17
                  LayoutText {#text} at (328,0) size 53x17
                    text run at (328,0) width 53: "medium"
                LayoutText {#text} at (380,4) size 4x12
                  text run at (380,4) width 4: "."
              LayoutBlockFlow {P} at (4,204.70) size 747x18
                LayoutText {#text} at (0,2) size 400x15
                  text run at (0,2) width 400: "This sentence should be small, but the last word in the sentence should be "
                LayoutInline {SPAN} at (0,0) size 53x17
                  LayoutText {#text} at (400,0) size 53x17
                    text run at (400,0) width 53: "medium"
                LayoutText {#text} at (452,2) size 4x15
                  text run at (452,2) width 4: "."
              LayoutBlockFlow {P} at (4,240.70) size 747x21
                LayoutText {#text} at (0,0) size 533x20
                  text run at (0,0) width 533: "This sentence should be large, but the last word in the sentence should be "
                LayoutInline {SPAN} at (0,0) size 53x17
                  LayoutText {#text} at (532,2) size 53x17
                    text run at (532,2) width 53: "medium"
                LayoutText {#text} at (584,0) size 5x20
                  text run at (584,0) width 5: "."
              LayoutBlockFlow {P} at (4,285.70) size 747x54
                LayoutText {#text} at (0,0) size 737x53
                  text run at (0,0) width 737: "This sentence should be rather large, but the last word in the sentence should"
                  text run at (0,27) width 29: "be "
                LayoutInline {SPAN} at (0,0) size 54x17
                  LayoutText {#text} at (28,34) size 54x17
                    text run at (28,34) width 54: "medium"
                LayoutText {#text} at (81,27) size 7x26
                  text run at (81,27) width 7: "."
              LayoutBlockFlow {P} at (4,371.70) size 747x74
                LayoutText {#text} at (0,0) size 706x73
                  text run at (0,0) width 706: "This sentence should be very large, but the last word in"
                  text run at (0,37) width 297: "the sentence should be "
                LayoutInline {SPAN} at (0,0) size 54x17
                  LayoutText {#text} at (296,52) size 54x17
                    text run at (296,52) width 54: "medium"
                LayoutText {#text} at (349,37) size 9x36
                  text run at (349,37) width 9: "."
              LayoutBlockFlow {P} at (4,493.70) size 747x110
                LayoutText {#text} at (0,1) size 699x108
                  text run at (0,1) width 699: "This sentence should be half an inch"
                  text run at (0,56) width 74: "tall."
              LayoutBlockFlow {P} at (4,651.70) size 747x44
                LayoutText {#text} at (0,1) size 663x42
                  text run at (0,1) width 663: "This sentence should be one centimeter tall."
              LayoutBlockFlow {P} at (4,733.48) size 747x44
                LayoutText {#text} at (0,1) size 667x42
                  text run at (0,1) width 667: "This sentence should be ten millimeters tall."
              LayoutBlockFlow {P} at (4,815.27) size 747x27
                LayoutText {#text} at (0,0) size 425x26
                  text run at (0,0) width 425: "This sentence should be eighteen points tall."
              LayoutBlockFlow {P} at (4,866.27) size 747x27
                LayoutText {#text} at (0,0) size 494x26
                  text run at (0,0) width 494: "This sentence should be one and one half picas tall."
              LayoutBlockFlow {P} at (4,925.27) size 747x37
                LayoutText {#text} at (0,0) size 467x36
                  text run at (0,0) width 467: "This sentence should be two em tall."
              LayoutBlockFlow {P} at (4,994.27) size 747x25
                LayoutText {#text} at (0,0) size 318x24
                  text run at (0,0) width 318: "This sentence should be three ex tall."
              LayoutBlockFlow {P} at (4,1044.27) size 747x28
                LayoutText {#text} at (0,0) size 472x27
                  text run at (0,0) width 472: "This sentence should be twenty-five pixels tall."
              LayoutBlockFlow {P} at (4,1104.27) size 747x37
                LayoutText {#text} at (0,0) size 549x36
                  text run at (0,0) width 549: "This sentence should be twice normal size."
              LayoutBlockFlow {P} at (4,1173.27) size 747x18
                LayoutText {#text} at (0,0) size 686x17
                  text run at (0,0) width 686: "This sentence should be normal size, since no negative values are allowed and therefore should be ignored."
