layer at (0,0) size 800x600
  LayoutView at (0,0) size 800x600
layer at (0,0) size 800x600
  LayoutBlockFlow {HTML} at (0,0) size 800x600
    LayoutBlockFlow {BODY} at (8,8) size 784x584
      LayoutBlockFlow {P} at (0,0) size 784x20
        LayoutText {#text} at (0,0) size 51x19
          text run at (0,0) width 51: "Test for "
        LayoutInline {I} at (0,0) size 663x19
          LayoutInline {A} at (0,0) size 305x19 [color=#0000EE]
            LayoutText {#text} at (51,0) size 305x19
              text run at (51,0) width 305: "http://bugs.webkit.org/show_bug.cgi?id=13670"
          LayoutText {#text} at (356,0) size 358x19
            text run at (356,0) width 4: " "
            text run at (360,0) width 354: "Table misrender when one of the TDs has width=100%"
        LayoutText {#text} at (714,0) size 4x19
          text run at (714,0) width 4: "."
      LayoutBlockFlow {P} at (0,36) size 784x20
        LayoutText {#text} at (0,0) size 527x19
          text run at (0,0) width 527: "There should be one green vertical line, 100px long and 2px thick, near the right margin."
      LayoutTable {TABLE} at (0,72) size 784x50
        LayoutTableSection {TBODY} at (0,0) size 784x50
          LayoutTableRow {TR} at (0,0) size 784x50
            LayoutTableCell {TD} at (0,25) size 782x0 [r=0 c=0 rs=1 cs=1]
            LayoutTableCell {TD} at (782,0) size 2x50 [r=0 c=1 rs=1 cs=1]
              LayoutBlockFlow {DIV} at (0,0) size 2x50 [bgcolor=#008000]
      LayoutBlockFlow {DIV} at (0,122) size 784x50
        LayoutBlockFlow {DIV} at (782,0) size 2x50 [bgcolor=#008000]
