layer at (0,0) size 800x600
  LayoutView at (0,0) size 800x600
layer at (0,0) size 800x96
  LayoutBlockFlow {html} at (0,0) size 800x96
    LayoutBlockFlow {body} at (8,8) size 784x80
      LayoutTable {table} at (0,0) size 44x80
        LayoutBlockFlow {caption} at (0,0) size 44x80
          LayoutText {#text} at (1,0) size 44x79
            text run at (1,0) width 42: "PASS:"
            text run at (1,20) width 42: "Text in"
            text run at (0,40) width 44: "caption"
            text run at (18,60) width 8: "1"
