layer at (0,0) size 800x600
  LayoutView at (0,0) size 800x600
layer at (0,0) size 800x600
  LayoutBlockFlow {HTML} at (0,0) size 800x600
    LayoutBlockFlow {BODY} at (8,8) size 784x576
      LayoutBlockFlow {P} at (0,0) size 784x20
        LayoutText {#text} at (0,0) size 51x19
          text run at (0,0) width 51: "Test for "
        LayoutInline {I} at (0,0) size 675x19
          LayoutInline {A} at (0,0) size 305x19 [color=#0000EE]
            LayoutText {#text} at (51,0) size 305x19
              text run at (51,0) width 305: "http://bugs.webkit.org/show_bug.cgi?id=15309"
          LayoutText {#text} at (356,0) size 370x19
            text run at (356,0) width 4: " "
            text run at (360,0) width 366: "Crash due to infinite recursion in LayoutTable::addChild"
        LayoutText {#text} at (726,0) size 4x19
          text run at (726,0) width 4: "."
      LayoutBlockFlow {P} at (0,36) size 784x20
        LayoutText {#text} at (0,0) size 474x19
          text run at (0,0) width 474: "The following should look the same (and have identical render tree hierarchies):"
      LayoutBlockFlow {P} at (0,72) size 784x40
        LayoutTable {SPAN} at (0,0) size 29x40
          LayoutTableSection (anonymous) at (0,0) size 29x20
            LayoutTableRow (anonymous) at (0,0) size 29x20
              LayoutTableCell (anonymous) at (0,0) size 29x20 [r=0 c=0 rs=1 cs=1]
                LayoutText {#text} at (0,0) size 29x19
                  text run at (0,0) width 29: "table"
          LayoutBlockFlow {<pseudo:after>} at (0,20) size 29x20
            LayoutTextFragment (anonymous) at (0,0) size 27x19
              text run at (0,0) width 27: "after"
      LayoutBlockFlow {P} at (0,128) size 784x40
        LayoutTable {TABLE} at (0,0) size 29x40
          LayoutTableSection {TBODY} at (0,0) size 29x20
            LayoutTableRow {TR} at (0,0) size 29x20
              LayoutTableCell {TD} at (0,0) size 29x20 [r=0 c=0 rs=1 cs=1]
                LayoutText {#text} at (0,0) size 29x19
                  text run at (0,0) width 29: "table"
          LayoutBlockFlow {CAPTION} at (0,20) size 29x20
            LayoutText {#text} at (1,0) size 27x19
              text run at (1,0) width 27: "after"
