layer at (0,0) size 800x600
  LayoutView at (0,0) size 800x600
layer at (0,0) size 800x600
  LayoutBlockFlow {HTML} at (0,0) size 800x600
    LayoutBlockFlow {BODY} at (8,8) size 784x584
      LayoutBlockFlow {P} at (0,0) size 784x20
        LayoutText {#text} at (0,0) size 51x19
          text run at (0,0) width 51: "Test for "
        LayoutInline {I} at (0,0) size 655x19
          LayoutInline {A} at (0,0) size 154x19 [color=#0000EE]
            LayoutText {#text} at (51,0) size 154x19
              text run at (51,0) width 154: "rdar://problem/5615307"
          LayoutText {#text} at (205,0) size 501x19
            text run at (205,0) width 501: " Repro crash in WebKit!WebCore::RenderContainer::destroyLeftoverChildren"
        LayoutText {#text} at (706,0) size 4x19
          text run at (706,0) width 4: "."
      LayoutBlockFlow {P} at (0,36) size 784x20
        LayoutText {#text} at (0,0) size 256x19
          text run at (0,0) width 256: "There should be a line of green text below."
      LayoutTable {TABLE} at (0,72) size 140x32 [color=#FF0000]
        LayoutTableSection {TBODY} at (0,0) size 140x32
          LayoutTableRow {TR} at (0,2) size 140x28
            LayoutTableCell {TD} at (2,2) size 136x28 [r=0 c=0 rs=1 cs=1]
              LayoutTable {TABLE} at (1,1) size 134x26 [color=#000000]
                LayoutTableSection {TBODY} at (0,0) size 134x26
                  LayoutTableRow {TR} at (0,2) size 134x22 [color=#008000]
                    LayoutTableCell {TD} at (2,2) size 130x22 [r=0 c=0 rs=1 cs=1]
                      LayoutText {#text} at (1,1) size 128x19
                        text run at (1,1) width 128: "This should be green."
