layer at (0,0) size 800x600
  LayoutView at (0,0) size 800x600
layer at (0,0) size 800x366
  LayoutBlockFlow {HTML} at (0,0) size 800x365.88
    LayoutBlockFlow {BODY} at (8,21.44) size 784x336.44
      LayoutBlockFlow {H1} at (0,0) size 784x37
        LayoutText {#text} at (0,0) size 486x36
          text run at (0,0) width 486: "Vertical alignment and table height"
      LayoutBlockFlow {P} at (0,58.44) size 784x20
        LayoutText {#text} at (0,0) size 503x19
          text run at (0,0) width 503: "In each of the following tables the cells with 'Data' should all have the same baseline:"
      LayoutTable {TABLE} at (0,94.44) size 452x121
        LayoutTableSection {TBODY} at (0,0) size 452x121
          LayoutTableRow {TR} at (0,2) size 452x117
            LayoutTableCell {TD} at (2,75) size 33x24 [border: (1px solid #000000)] [r=0 c=0 rs=1 cs=1]
              LayoutText {#text} at (2,2) size 29x19
                text run at (2,2) width 29: "Data"
            LayoutTableCell {TD} at (37,46) size 94x61 [border: (1px solid #000000)] [r=0 c=1 rs=1 cs=1]
              LayoutText {#text} at (2,3) size 90x55
                text run at (2,3) width 90: "Data"
            LayoutTableCell {TD} at (133,2) size 186x117 [border: (1px solid #000000)] [r=0 c=2 rs=1 cs=1]
              LayoutText {#text} at (2,4) size 182x109
                text run at (2,4) width 182: "Data"
            LayoutTableCell {TD} at (321,2) size 29x24 [border: (1px solid #000000)] [r=0 c=3 rs=1 cs=1]
              LayoutText {#text} at (2,2) size 25x19
                text run at (2,2) width 25: "Top"
            LayoutTableCell {TD} at (352,48) size 47x24 [border: (1px solid #000000)] [r=0 c=4 rs=1 cs=1]
              LayoutText {#text} at (2,2) size 43x19
                text run at (2,2) width 43: "Middle"
            LayoutTableCell {TD} at (401,95) size 49x24 [border: (1px solid #000000)] [r=0 c=5 rs=1 cs=1]
              LayoutText {#text} at (2,2) size 45x19
                text run at (2,2) width 45: "Bottom"
      LayoutTable {TABLE} at (0,215.44) size 452x121
        LayoutTableSection {TBODY} at (0,0) size 452x121
          LayoutTableRow {TR} at (0,2) size 452x117
            LayoutTableCell {TD} at (2,2) size 29x24 [border: (1px solid #000000)] [r=0 c=0 rs=1 cs=1]
              LayoutText {#text} at (2,2) size 25x19
                text run at (2,2) width 25: "Top"
            LayoutTableCell {TD} at (33,48) size 47x24 [border: (1px solid #000000)] [r=0 c=1 rs=1 cs=1]
              LayoutText {#text} at (2,2) size 43x19
                text run at (2,2) width 43: "Middle"
            LayoutTableCell {TD} at (82,95) size 49x24 [border: (1px solid #000000)] [r=0 c=2 rs=1 cs=1]
              LayoutText {#text} at (2,2) size 45x19
                text run at (2,2) width 45: "Bottom"
            LayoutTableCell {TD} at (133,2) size 186x117 [border: (1px solid #000000)] [r=0 c=3 rs=1 cs=1]
              LayoutText {#text} at (2,4) size 182x109
                text run at (2,4) width 182: "Data"
            LayoutTableCell {TD} at (321,75) size 33x24 [border: (1px solid #000000)] [r=0 c=4 rs=1 cs=1]
              LayoutText {#text} at (2,2) size 29x19
                text run at (2,2) width 29: "Data"
            LayoutTableCell {TD} at (356,46) size 94x61 [border: (1px solid #000000)] [r=0 c=5 rs=1 cs=1]
              LayoutText {#text} at (2,3) size 90x55
                text run at (2,3) width 90: "Data"
