layer at (0,0) size 800x600
  LayoutView at (0,0) size 800x600
layer at (0,0) size 800x142
  LayoutBlockFlow {HTML} at (0,0) size 800x142
    LayoutBlockFlow {BODY} at (8,16) size 784x118
      LayoutBlockFlow {P} at (0,0) size 784x18
        LayoutText {#text} at (0,0) size 273x18
          text run at (0,0) width 273: "Editable text should be centered vertically."
      LayoutBlockFlow {DIV} at (0,34) size 784x28
        LayoutTextControl {INPUT} at (0,0) size 251x28 [bgcolor=#FFFFFF] [border: (1px solid #000000)]
      LayoutBlockFlow {DIV} at (0,62) size 784x28
        LayoutTextControl {INPUT} at (0,0) size 260x28 [bgcolor=#FFFFFF] [border: (1px solid #000000)]
      LayoutBlockFlow {DIV} at (0,90) size 784x28
        LayoutTextControl {INPUT} at (0,0) size 170x28 [bgcolor=#FFFFFF] [border: (2px inset #EEEEEE)]
layer at (10,52) size 247x25
  LayoutBlockFlow {DIV} at (2,1.50) size 247x25
    LayoutText {#text} at (0,0) size 76x24
      text run at (0,0) width 76: "\x{3075} ABCgjy"
layer at (10,78) size 256x28
  LayoutBlockFlow {DIV} at (2,0) size 256x28
    LayoutText {#text} at (0,0) size 82x28
      text run at (0,0) width 82: "ABCgjy"
layer at (11,111) size 164x18
  LayoutBlockFlow {DIV} at (3,5) size 164x18
    LayoutText {#text} at (0,0) size 55x18
      text run at (0,0) width 55: "ABCgjy"
