layer at (0,0) size 800x600
  LayoutView at (0,0) size 800x600
layer at (0,0) size 800x139
  LayoutBlockFlow {HTML} at (0,0) size 800x139
    LayoutBlockFlow {BODY} at (8,16) size 784x115
      LayoutBlockFlow {P} at (0,0) size 784x20
        LayoutText {#text} at (0,0) size 253x19
          text run at (0,0) width 253: "Editable text should be centered vertically."
      LayoutBlockFlow {DIV} at (0,36) size 784x23
        LayoutTextControl {INPUT} at (0,0) size 369x22 [bgcolor=#FFFFFF] [border: (1px solid #000000)]
      LayoutBlockFlow {DIV} at (0,59) size 784x28
        LayoutTextControl {INPUT} at (0,0) size 276x28 [bgcolor=#FFFFFF] [border: (1px solid #000000)]
      LayoutBlockFlow {DIV} at (0,87) size 784x28
        LayoutTextControl {INPUT} at (0,0) size 180x28 [bgcolor=#FFFFFF] [border: (2px inset #EEEEEE)]
layer at (9,54) size 367x18 scrollHeight 21
  LayoutBlockFlow {DIV} at (1,2) size 367x18
    LayoutText {#text} at (0,-3) size 73x24
      text run at (0,-3) width 73: "\x{3075} ABCgjy"
layer at (9,75) size 274x28
  LayoutBlockFlow {DIV} at (1,0) size 274x28
    LayoutText {#text} at (0,0) size 80x27
      text run at (0,0) width 80: "ABCgjy"
layer at (10,108) size 176x19
  LayoutBlockFlow {DIV} at (2,4.50) size 176x19
    LayoutText {#text} at (0,0) size 53x18
      text run at (0,0) width 53: "ABCgjy"
