layer at (0,0) size 800x600
  LayoutView at (0,0) size 800x600
layer at (0,0) size 800x600
  LayoutBlockFlow {HTML} at (0,0) size 800x600
    LayoutBlockFlow {BODY} at (8,8) size 784x584
      LayoutBlockFlow {P} at (0,0) size 784x20
        LayoutText {#text} at (0,0) size 656x19
          text run at (0,0) width 575: "This tests that in a html document with inline audio content, the media element repaints correctly "
          text run at (575,0) width 81: "while playing."
      LayoutBlockFlow (anonymous) at (0,36) size 784x169
        LayoutBR {BR} at (300,30) size 0x0
        LayoutBR {BR} at (300,85) size 0x0
        LayoutBR {BR} at (300,169) size 0x0
layer at (8,44) size 300x30
  LayoutMedia {AUDIO} at (0,0) size 300x30
layer at (8,44) size 300x30
  LayoutFlexibleBox (relative positioned) {DIV} at (0,0) size 300x30
    LayoutBlockFlow {DIV} at (0,0) size 300x30
layer at (8,44) size 300x30
  LayoutFlexibleBox (relative positioned) {DIV} at (0,0) size 300x30 [bgcolor=#141414CC]
    LayoutButton {INPUT} at (9,0) size 30x30
    LayoutSlider {INPUT} at (48,11) size 103.39x8
      LayoutFlexibleBox {DIV} at (0,0) size 103.39x8 [border: (1px solid #E6E6E659)]
        LayoutBlockFlow {DIV} at (1,-8) size 115.39x24
          LayoutBlockFlow {DIV} at (34.69,0) size 32x24
    LayoutFlexibleBox {DIV} at (166.39,0) size 25x30 [color=#FFFFFF]
      LayoutBlockFlow (anonymous) at (0,0) size 25x30
        LayoutText {#text} at (0,7) size 25x16
          text run at (0,7) width 25: "0:00"
    LayoutButton {INPUT} at (200.39,0) size 35x30
    LayoutSlider {INPUT} at (241.39,11) size 43.61x8
      LayoutFlexibleBox {DIV} at (0,0) size 43.61x8 [border: (1px solid #E6E6E659)]
        LayoutBlockFlow {DIV} at (1,-8) size 55.61x24
          LayoutBlockFlow {DIV} at (24.61,0) size 24x24
layer at (8,74) size 300x30
  LayoutMedia {AUDIO} at (0,30) size 300x30
layer at (8,74) size 300x30
  LayoutFlexibleBox (relative positioned) {DIV} at (0,0) size 300x30
    LayoutBlockFlow {DIV} at (0,0) size 300x30
layer at (8,74) size 300x30
  LayoutFlexibleBox (relative positioned) {DIV} at (0,0) size 300x30 [bgcolor=#141414CC]
    LayoutButton {INPUT} at (9,0) size 30x30
    LayoutSlider {INPUT} at (48,11) size 103.39x8
      LayoutFlexibleBox {DIV} at (0,0) size 103.39x8 [border: (1px solid #E6E6E659)]
        LayoutBlockFlow {DIV} at (1,-8) size 115.39x24
          LayoutBlockFlow {DIV} at (34.69,0) size 32x24
    LayoutFlexibleBox {DIV} at (166.39,0) size 25x30 [color=#FFFFFF]
      LayoutBlockFlow (anonymous) at (0,0) size 25x30
        LayoutText {#text} at (0,7) size 25x16
          text run at (0,7) width 25: "0:00"
    LayoutButton {INPUT} at (200.39,0) size 35x30
    LayoutSlider {INPUT} at (241.39,11) size 43.61x8
      LayoutFlexibleBox {DIV} at (0,0) size 43.61x8 [border: (1px solid #E6E6E659)]
        LayoutBlockFlow {DIV} at (1,-8) size 55.61x24
          LayoutBlockFlow {DIV} at (24.61,0) size 24x24
layer at (8,156) size 300x30
  LayoutMedia {AUDIO} at (0,112) size 300x30
layer at (8,156) size 300x30
  LayoutFlexibleBox (relative positioned) {DIV} at (0,0) size 300x30
    LayoutBlockFlow {DIV} at (0,0) size 300x30
layer at (8,156) size 300x30
  LayoutFlexibleBox (relative positioned) {DIV} at (0,0) size 300x30 [bgcolor=#141414CC]
    LayoutButton {INPUT} at (9,0) size 30x30
    LayoutSlider {INPUT} at (48,11) size 103.39x8
      LayoutFlexibleBox {DIV} at (0,0) size 103.39x8 [border: (1px solid #E6E6E659)]
        LayoutBlockFlow {DIV} at (1,-8) size 115.39x24
          LayoutBlockFlow {DIV} at (34.69,0) size 32x24
    LayoutFlexibleBox {DIV} at (166.39,0) size 25x30 [color=#FFFFFF]
      LayoutBlockFlow (anonymous) at (0,0) size 25x30
        LayoutText {#text} at (0,7) size 25x16
          text run at (0,7) width 25: "0:00"
    LayoutButton {INPUT} at (200.39,0) size 35x30
    LayoutSlider {INPUT} at (241.39,11) size 43.61x8
      LayoutFlexibleBox {DIV} at (0,0) size 43.61x8 [border: (1px solid #E6E6E659)]
        LayoutBlockFlow {DIV} at (1,-8) size 55.61x24
          LayoutBlockFlow {DIV} at (24.61,0) size 24x24
