layer at (0,0) size 800x600
  LayoutView at (0,0) size 800x600
layer at (0,0) size 800x600
  LayoutBlockFlow {HTML} at (0,0) size 800x600
    LayoutBlockFlow {BODY} at (8,8) size 784x584
      LayoutBlockFlow {P} at (0,0) size 784x20
        LayoutText {#text} at (0,0) size 146x19
          text run at (0,0) width 146: "Test controls placement."
      LayoutBlockFlow (anonymous) at (0,36) size 784x120
        LayoutBR {BR} at (300,30) size 0x0
        LayoutBR {BR} at (0,30) size 0x19
        LayoutBR {BR} at (320,80) size 0x0
        LayoutBR {BR} at (0,80) size 0x19
        LayoutBR {BR} at (0,100) size 0x19
layer at (8,44) size 300x30
  LayoutMedia {AUDIO} at (0,0) size 300x30 [bgcolor=#0000FF]
layer at (8,94) size 320x30
  LayoutMedia {AUDIO} at (0,50) size 320x30 [bgcolor=#0000FF]
layer at (8,44) size 300x30
  LayoutFlexibleBox (relative positioned) {DIV} at (0,0) size 300x30
    LayoutBlockFlow {DIV} at (0,0) size 300x30
layer at (8,44) size 300x30
  LayoutFlexibleBox (relative positioned) {DIV} at (0,0) size 300x30 [bgcolor=#141414CC]
    LayoutButton {INPUT} at (9,0) size 30x30
    LayoutSlider {INPUT} at (48,11) size 103.39x8
      LayoutFlexibleBox {DIV} at (0,0) size 103.39x8 [border: (1px solid #E6E6E659)]
        LayoutBlockFlow {DIV} at (1,-8) size 115.39x24
          LayoutBlockFlow {DIV} at (-7,0) size 32x24
    LayoutFlexibleBox {DIV} at (166.39,0) size 25x30 [color=#FFFFFF]
      LayoutBlockFlow (anonymous) at (0,0) size 25x30
        LayoutText {#text} at (0,7) size 25x16
          text run at (0,7) width 25: "0:07"
    LayoutButton {INPUT} at (200.39,0) size 35x30
    LayoutSlider {INPUT} at (241.39,11) size 43.61x8
      LayoutFlexibleBox {DIV} at (0,0) size 43.61x8 [border: (1px solid #E6E6E659)]
        LayoutBlockFlow {DIV} at (1,-8) size 55.61x24
          LayoutBlockFlow {DIV} at (24.61,0) size 24x24
layer at (8,94) size 320x30
  LayoutFlexibleBox (relative positioned) {DIV} at (0,0) size 320x30
    LayoutBlockFlow {DIV} at (0,0) size 320x30
layer at (8,94) size 320x30
  LayoutFlexibleBox (relative positioned) {DIV} at (0,0) size 320x30 [bgcolor=#141414CC]
    LayoutButton {INPUT} at (9,0) size 30x30
    LayoutSlider {INPUT} at (48,11) size 113.25x8
      LayoutFlexibleBox {DIV} at (0,0) size 113.25x8 [border: (1px solid #E6E6E659)]
        LayoutBlockFlow {DIV} at (1,-8) size 125.25x24
          LayoutBlockFlow {DIV} at (-7,0) size 32x24
    LayoutFlexibleBox {DIV} at (176.25,0) size 25x30 [color=#FFFFFF]
      LayoutBlockFlow (anonymous) at (0,0) size 25x30
        LayoutText {#text} at (0,7) size 25x16
          text run at (0,7) width 25: "0:07"
    LayoutButton {INPUT} at (210.25,0) size 35x30
    LayoutSlider {INPUT} at (251.25,11) size 53.75x8
      LayoutFlexibleBox {DIV} at (0,0) size 53.75x8 [border: (1px solid #E6E6E659)]
        LayoutBlockFlow {DIV} at (1,-8) size 65.75x24
          LayoutBlockFlow {DIV} at (34.75,0) size 24x24
layer at (8,144) size 320x100
  LayoutMedia (positioned) {AUDIO} at (8,144) size 320x100 [bgcolor=#0000FF]
layer at (8,144) size 320x100
  LayoutFlexibleBox (relative positioned) {DIV} at (0,0) size 320x100
    LayoutBlockFlow {DIV} at (0,70) size 320x30
layer at (8,214) size 320x30
  LayoutFlexibleBox (relative positioned) {DIV} at (0,0) size 320x30 [bgcolor=#141414CC]
    LayoutButton {INPUT} at (9,0) size 30x30
    LayoutSlider {INPUT} at (48,11) size 113.25x8
      LayoutFlexibleBox {DIV} at (0,0) size 113.25x8 [border: (1px solid #E6E6E659)]
        LayoutBlockFlow {DIV} at (1,-8) size 125.25x24
          LayoutBlockFlow {DIV} at (-7,0) size 32x24
    LayoutFlexibleBox {DIV} at (176.25,0) size 25x30 [color=#FFFFFF]
      LayoutBlockFlow (anonymous) at (0,0) size 25x30
        LayoutText {#text} at (0,7) size 25x16
          text run at (0,7) width 25: "0:07"
    LayoutButton {INPUT} at (210.25,0) size 35x30
    LayoutSlider {INPUT} at (251.25,11) size 53.75x8
      LayoutFlexibleBox {DIV} at (0,0) size 53.75x8 [border: (1px solid #E6E6E659)]
        LayoutBlockFlow {DIV} at (1,-8) size 65.75x24
          LayoutBlockFlow {DIV} at (34.75,0) size 24x24
