layer at (0,0) size 800x600
  LayoutView at (0,0) size 800x600
layer at (0,0) size 800x600
  LayoutBlockFlow {HTML} at (0,0) size 800x600
    LayoutBlockFlow {BODY} at (8,8) size 784x584
      LayoutText {#text} at (0,0) size 471x19
        text run at (0,0) width 471: "This tests that toggling the display property won't make the controls disappear."
      LayoutBR {BR} at (470,15) size 1x0
      LayoutText {#text} at (0,0) size 0x0
layer at (8,28) size 320x240
  LayoutVideo {VIDEO} at (0,20) size 320x240
layer at (8,28) size 320x240
  LayoutFlexibleBox (relative positioned) {DIV} at (0,0) size 320x240
    LayoutBlockFlow {DIV} at (0,205) size 320x35
layer at (8,28) size 320x205
  LayoutFlexibleBox (relative positioned) {DIV} at (0,0) size 320x205
layer at (13,233) size 310x30
  LayoutFlexibleBox (relative positioned) {DIV} at (5,0) size 310x30 [bgcolor=#141414CC]
    LayoutButton {INPUT} at (9,0) size 30x30
    LayoutSlider {INPUT} at (48,11) size 91.58x8
      LayoutFlexibleBox {DIV} at (0,0) size 91.58x8 [border: (1px solid #E6E6E659)]
        LayoutBlockFlow {DIV} at (1,-8) size 103.58x24
          LayoutBlockFlow {DIV} at (-7,0) size 32x24
    LayoutFlexibleBox {DIV} at (154.58,0) size 25x30 [color=#FFFFFF]
      LayoutBlockFlow (anonymous) at (0,0) size 25x30
        LayoutText {#text} at (0,7) size 25x16
          text run at (0,7) width 25: "0:06"
    LayoutButton {INPUT} at (188.58,0) size 35x30
    LayoutSlider {INPUT} at (229.58,11) size 31.42x8
      LayoutFlexibleBox {DIV} at (0,0) size 31.42x8 [border: (1px solid #E6E6E659)]
        LayoutBlockFlow {DIV} at (1,-8) size 43.42x24
          LayoutBlockFlow {DIV} at (12.42,0) size 24x24
    LayoutButton {INPUT} at (271,0) size 30x30
