layer at (0,0) size 800x600
  LayoutView at (0,0) size 800x600
layer at (0,0) size 800x600
  LayoutBlockFlow {HTML} at (0,0) size 800x600
    LayoutBlockFlow {BODY} at (12,12) size 776x543
      LayoutBlockFlow {P} at (0,0) size 776x28
        LayoutText {#text} at (0,0) size 275x27
          text run at (0,0) width 275: "Zoomed video with controls."
layer at (57,85) size 240x180
  LayoutVideo {VIDEO} at (45,73) size 240x180
layer at (57,85) size 240x180
  LayoutFlexibleBox (relative positioned) {DIV} at (0,0) size 240x180
    LayoutBlockFlow {DIV} at (0,127.50) size 240x52.50
layer at (57,85) size 240x128
  LayoutFlexibleBox (relative positioned) {DIV} at (0,0) size 240x127.50
layer at (65,213) size 225x45 scrollWidth 329
  LayoutFlexibleBox (relative positioned) {DIV} at (7.50,0) size 225x45 [bgcolor=#141414CC]
    LayoutButton {INPUT} at (13.50,0) size 45x45
    LayoutSlider {INPUT} at (72,16.50) size 37.50x12
      LayoutFlexibleBox {DIV} at (0,0) size 37.50x12 [border: (1px solid #E6E6E659)]
        LayoutBlockFlow {DIV} at (1,-12) size 56.50x36
          LayoutBlockFlow {DIV} at (-10.50,0) size 48x36
    LayoutFlexibleBox {DIV} at (132,0) size 40x45 [color=#FFFFFF]
      LayoutBlockFlow (anonymous) at (0,0) size 40x45
        LayoutText {#text} at (0,10) size 40x24
          text run at (0,10) width 40: "0:00"
    LayoutButton {INPUT} at (185.50,0) size 52.50x45
    LayoutSlider {INPUT} at (247,16.50) size 22.50x12
      LayoutFlexibleBox {DIV} at (0,0) size 22.50x12 [border: (1px solid #E6E6E659)]
        LayoutBlockFlow {DIV} at (1,-12) size 41.50x36
          LayoutBlockFlow {DIV} at (-5,0) size 36x36
    LayoutButton {INPUT} at (284.50,0) size 45x45
layer at (57,310) size 240x180
  LayoutVideo {VIDEO} at (45,298) size 240x180
layer at (57,310) size 240x180
  LayoutFlexibleBox (relative positioned) {DIV} at (0,0) size 240x180
    LayoutBlockFlow {DIV} at (0,127.50) size 240x52.50
layer at (57,310) size 240x128
  LayoutFlexibleBox (relative positioned) {DIV} at (0,0) size 240x127.50
layer at (65,438) size 225x45 scrollWidth 329
  LayoutFlexibleBox (relative positioned) {DIV} at (7.50,0) size 225x45 [bgcolor=#141414CC]
    LayoutButton {INPUT} at (13.50,0) size 45x45
    LayoutSlider {INPUT} at (72,16.50) size 37.50x12
      LayoutFlexibleBox {DIV} at (0,0) size 37.50x12 [border: (1px solid #E6E6E659)]
        LayoutBlockFlow {DIV} at (1,-12) size 56.50x36
          LayoutBlockFlow {DIV} at (-10.50,0) size 48x36
    LayoutFlexibleBox {DIV} at (132,0) size 40x45 [color=#FFFFFF]
      LayoutBlockFlow (anonymous) at (0,0) size 40x45
        LayoutText {#text} at (0,10) size 40x24
          text run at (0,10) width 40: "0:00"
    LayoutButton {INPUT} at (185.50,0) size 52.50x45
    LayoutSlider {INPUT} at (247,16.50) size 22.50x12
      LayoutFlexibleBox {DIV} at (0,0) size 22.50x12 [border: (1px solid #E6E6E659)]
        LayoutBlockFlow {DIV} at (1,-12) size 41.50x36
          LayoutBlockFlow {DIV} at (-5,0) size 36x36
    LayoutButton {INPUT} at (284.50,0) size 45x45
