layer at (0,0) size 800x600
  LayoutView at (0,0) size 800x600
layer at (0,0) size 800x87
  LayoutBlockFlow {HTML} at (0,0) size 800x87
    LayoutBlockFlow {BODY} at (8,8) size 784x71
      LayoutBlockFlow {DIV} at (0,0) size 784x18
        LayoutText {#text} at (0,0) size 636x17
          text run at (0,0) width 636: "This test case is to see whether distributed text justify works properly for the complicated sentence."
      LayoutBlockFlow (anonymous) at (0,18) size 784x18
        LayoutBR {BR} at (0,0) size 0x17
      LayoutBlockFlow {DIV} at (0,36) size 302x17 [border: (1px solid #000000)]
        LayoutInline {SPAN} at (0,0) size 29x15
          LayoutText {#text} at (1,1) size 29x15
            text run at (1,1) width 29: "L"
        LayoutInline {SPAN} at (0,0) size 29x15
          LayoutText {#text} at (30,1) size 29x15
            text run at (30,1) width 29: "o"
        LayoutInline {SPAN} at (0,0) size 29x15
          LayoutText {#text} at (59,1) size 29x15
            text run at (59,1) width 29: "r"
        LayoutInline {SPAN} at (0,0) size 29x15
          LayoutText {#text} at (88,1) size 29x15
            text run at (88,1) width 29: "e"
        LayoutInline {SPAN} at (0,0) size 29x15
          LayoutText {#text} at (117,1) size 29x15
            text run at (117,1) width 29: "m"
        LayoutText {#text} at (146,1) size 155x15
          text run at (146,1) width 155: " ipsum"
      LayoutBlockFlow (anonymous) at (0,53) size 784x18
        LayoutBR {BR} at (0,0) size 0x17
