layer at (0,0) size 800x600
  LayoutView at (0,0) size 800x600
layer at (0,0) size 800x600
  LayoutBlockFlow {HTML} at (0,0) size 800x600
    LayoutBlockFlow {BODY} at (8,8) size 784x584
      LayoutBlockFlow {P} at (0,0) size 784x36
        LayoutText {#text} at (0,0) size 751x36
          text run at (0,0) width 522: "This tries to select a table inside an editable region whose content is not editable. "
          text run at (521,0) width 230: "The table and its contents should be"
          text run at (0,18) width 56: "selected."
      LayoutBlockFlow {DIV} at (0,52) size 784x28
        LayoutTable {TABLE} at (0,0) size 32x28 [border: (1px outset #808080)]
          LayoutTableSection {TBODY} at (1,1) size 30x26
            LayoutTableRow {TR} at (0,2) size 30x22
              LayoutTableCell {TD} at (2,2) size 26x22 [border: (1px inset #808080)] [r=0 c=0 rs=1 cs=1]
                LayoutText {#text} at (2,2) size 22x18
                  text run at (2,2) width 22: "foo"
selection start: position 0 of child 0 {TABLE} of child 2 {DIV} of body
selection end:   position 1 of child 0 {TABLE} of child 2 {DIV} of body
