EDITING DELEGATE: webViewDidChangeSelection:WebViewDidChangeSelectionNotification
EDITING DELEGATE: webViewDidChangeSelection:WebViewDidChangeSelectionNotification
EDITING DELEGATE: webViewDidChangeSelection:WebViewDidChangeSelectionNotification
layer at (0,0) size 800x600
  LayoutView at (0,0) size 800x600
layer at (0,0) size 800x600
  LayoutBlockFlow {HTML} at (0,0) size 800x600
    LayoutBlockFlow {BODY} at (8,8) size 784x584
      LayoutBlockFlow {P} at (0,0) size 784x18
        LayoutText {#text} at (0,0) size 415x18
          text run at (0,0) width 415: "This tests for a bug where images would act as word boundaries."
      LayoutBlockFlow {DIV} at (0,34) size 784x107
        LayoutText {#text} at (0,89) size 393x18
          text run at (0,89) width 393: "The caret should be just before the second to last word in this"
        LayoutImage {IMG} at (392.78,0) size 76x103
        LayoutText {#text} at (468,89) size 60x18
          text run at (468,89) width 60: "sentence."
caret: position 59 of child 0 {#text} of child 2 {DIV} of body
