layer at (0,0) size 800x600
  LayoutView at (0,0) size 800x600
layer at (0,0) size 800x600
  LayoutBlockFlow {HTML} at (0,0) size 800x600
    LayoutBlockFlow {BODY} at (8,8) size 784x584
      LayoutBlockFlow {DIV} at (0,0) size 784x18
        LayoutInline {SPAN} at (0,0) size 32x18
          LayoutText {#text} at (0,0) size 32x18
            text run at (0,0) width 32: "0123"
        LayoutText {#text} at (32,0) size 16x18
          text run at (32,0) width 16: "45"
        LayoutInline {SPAN} at (0,0) size 32x18
          LayoutText {#text} at (48,0) size 32x18
            text run at (48,0) width 32: "6789"
selection start: position 0 of child 1 {#text} of child 0 {DIV} of body
selection end:   position 2 of child 1 {#text} of child 0 {DIV} of body
