layer at (0,0) size 800x600
  LayoutView at (0,0) size 800x600
layer at (0,0) size 800x600
  LayoutBlockFlow {HTML} at (0,0) size 800x600
    LayoutBlockFlow {BODY} at (8,8) size 784x584
      LayoutBlockFlow {DIV} at (0,0) size 784x93 [border: (5px solid #FF0000)]
        LayoutMenuList {SELECT} at (37,38) size 52x18 [bgcolor=#F8F8F8]
          LayoutBlockFlow (anonymous) at (0,0) size 52x18
            LayoutText (anonymous) at (8,2) size 21x13
              text run at (8,2) width 21: "One"
        LayoutText {#text} at (89,37) size 27x18
          text run at (89,37) width 27: "blaa"
caret: position 0 of child 0 {SELECT} of child 0 {DIV} of body
