EDITING DELEGATE: webViewDidChangeSelection:WebViewDidChangeSelectionNotification
layer at (0,0) size 800x600
  LayoutView at (0,0) size 800x600
layer at (0,0) size 800x600
  LayoutBlockFlow {HTML} at (0,0) size 800x600
    LayoutBlockFlow {BODY} at (8,8) size 784x584
      LayoutBlockFlow {DIV} at (0,0) size 784x46
        LayoutTable {TABLE} at (0,0) size 784x46 [border: (1px solid #AAAAAA)]
          LayoutTableSection {TBODY} at (1,1) size 782x44
            LayoutTableRow {TR} at (0,2) size 782x40
              LayoutTableCell {TD} at (2,2) size 778x40 [border: (1px solid #AAAAAA)] [r=0 c=0 rs=1 cs=1]
                LayoutText {#text} at (2,2) size 765x36
                  text run at (2,2) width 761: "This tests for a Mail crasher that happened when a selection was created with one endpoint in non-editable content and"
                  text run at (762,2) width 5: " "
                  text run at (2,20) width 183: "the other in editable content."
caret: position 0 of child 0 {TABLE} of child 1 {DIV} of body
