EDITING DELEGATE: webViewDidChangeSelection:WebViewDidChangeSelectionNotification
EDITING DELEGATE: webViewDidChangeSelection:WebViewDidChangeSelectionNotification
EDITING DELEGATE: webViewDidChange:WebViewDidChangeNotification
EDITING DELEGATE: webViewDidChangeSelection:WebViewDidChangeSelectionNotification
EDITING DELEGATE: webViewDidChange:WebViewDidChangeNotification
EDITING DELEGATE: webViewDidChangeSelection:WebViewDidChangeSelectionNotification
EDITING DELEGATE: webViewDidChange:WebViewDidChangeNotification
layer at (0,0) size 800x600
  LayoutView at (0,0) size 800x600
layer at (0,0) size 800x600
  LayoutBlockFlow {HTML} at (0,0) size 800x600
    LayoutBlockFlow {BODY} at (8,8) size 784x584
      LayoutInline {SPAN} at (0,0) size 32x18
        LayoutText {#text} at (0,0) size 32x18
          text run at (0,0) width 32: "\x{9}"
      LayoutText {#text} at (32,0) size 484x18
        text run at (32,0) width 484: "This tests to see where the selection is set when an html element is focused."
      LayoutBR {BR} at (515,14) size 1x0
      LayoutText {#text} at (0,18) size 751x36
        text run at (0,18) width 527: "We set it inside the body because we don't want to allow editing outside the body. "
        text run at (526,18) width 221: "This test also does some editing to"
        text run at (746,18) width 5: " "
        text run at (0,36) width 214: "make sure it happens in the body."
caret: position 153 of child 3 {#text} of body
