EDITING DELEGATE: webViewDidChangeSelection:WebViewDidChangeSelectionNotification
layer at (0,0) size 800x600
  LayoutView at (0,0) size 800x600
layer at (0,0) size 800x600
  LayoutBlockFlow {HTML} at (0,0) size 800x600
    LayoutBlockFlow {BODY} at (8,8) size 784x576
      LayoutBlockFlow {P} at (0,0) size 784x36
        LayoutText {#text} at (0,0) size 769x36
          text run at (0,0) width 422: "This tests double clicking inside and at the end of an editable div. "
          text run at (421,0) width 348: "The selection that is created should not extend outside"
          text run at (0,18) width 124: "the editable region."
      LayoutBlockFlow {DIV} at (0,52) size 784x18
        LayoutText {#text} at (0,0) size 212x18
          text run at (0,0) width 212: "This text is inside an editable div"
        LayoutInline {SPAN} at (0,0) size 5x18
          LayoutText {#text} at (211,0) size 5x18
            text run at (211,0) width 5: " "
layer at (8,94) size 784x18
  LayoutBlockFlow {P} at (0,86) size 784x18
    LayoutText {#text} at (0,0) size 155x18
      text run at (0,0) width 155: "This text is not editable."
caret: position 1 of child 0 {#text} of child 1 {SPAN} of child 3 {DIV} of body
