EDITING DELEGATE: webViewDidChangeSelection:WebViewDidChangeSelectionNotification
EDITING DELEGATE: webViewDidChangeSelection:WebViewDidChangeSelectionNotification
layer at (0,0) size 800x600
  LayoutView at (0,0) size 800x600
layer at (0,0) size 800x600
  LayoutBlockFlow {HTML} at (0,0) size 800x600
    LayoutBlockFlow {BODY} at (8,8) size 784x584
      LayoutBlockFlow {P} at (0,0) size 784x36
        LayoutText {#text} at (0,0) size 769x36
          text run at (0,0) width 470: "This tests moving the caret forward through content of mixed editability. "
          text run at (469,0) width 300: "The caret should move down one line from the"
          text run at (0,18) width 481: "editable piece to the editable piece that's embedded in a non-editable piece."
      LayoutBlockFlow {DIV} at (0,52) size 784x64
        LayoutBlockFlow (anonymous) at (0,0) size 784x18
          LayoutText {#text} at (0,0) size 51x18
            text run at (0,0) width 51: "editable"
        LayoutTable {TABLE} at (0,18) size 61x28 [border: (1px outset #808080)]
          LayoutTableSection {TBODY} at (1,1) size 59x26
            LayoutTableRow {TR} at (0,2) size 59x22
              LayoutTableCell {TD} at (2,2) size 55x22 [border: (1px inset #808080)] [r=0 c=0 rs=1 cs=1]
                LayoutText {#text} at (2,2) size 51x18
                  text run at (2,2) width 51: "editable"
        LayoutBlockFlow (anonymous) at (0,46) size 784x18
          LayoutText {#text} at (0,0) size 51x18
            text run at (0,0) width 51: "editable"
caret: position 9 of child 2 {#text} of child 2 {DIV} of body
