layer at (0,0) size 800x600
  LayoutView at (0,0) size 800x600
layer at (0,0) size 800x600
  LayoutBlockFlow {HTML} at (0,0) size 800x600
    LayoutBlockFlow {BODY} at (8,8) size 784x584
      LayoutBlockFlow {P} at (0,0) size 784x36
        LayoutText {#text} at (0,0) size 783x36
          text run at (0,0) width 633: "This tests Select All when the caret is inside an editable region that is inside a non editable region. "
          text run at (632,0) width 151: "Whenever the selection"
          text run at (0,18) width 565: "is in an editable region, Select All should select the contents of the highest editable root."
      LayoutBlockFlow {DIV} at (0,52) size 784x54
        LayoutBlockFlow {DIV} at (0,0) size 784x18
          LayoutText {#text} at (0,0) size 27x18
            text run at (0,0) width 27: "One"
        LayoutBlockFlow {DIV} at (0,18) size 784x18
          LayoutInline {SPAN} at (0,0) size 29x18
            LayoutText {#text} at (0,0) size 29x18
              text run at (0,0) width 29: "Two"
          LayoutText {#text} at (28,0) size 5x18
            text run at (28,0) width 5: " "
          LayoutInline {SPAN} at (0,0) size 38x18
            LayoutText {#text} at (32,0) size 38x18
              text run at (32,0) width 38: "Three"
        LayoutBlockFlow {DIV} at (0,36) size 784x18
          LayoutText {#text} at (0,0) size 31x18
            text run at (0,0) width 31: "Four"
selection start: position 0 of child 0 {#text} of child 1 {DIV} of child 2 {DIV} of body
selection end:   position 4 of child 0 {#text} of child 5 {DIV} of child 2 {DIV} of body
