EDITING DELEGATE: webViewDidChangeSelection:WebViewDidChangeSelectionNotification
EDITING DELEGATE: webViewDidChangeSelection:WebViewDidChangeSelectionNotification
EDITING DELEGATE: webViewDidChangeSelection:WebViewDidChangeSelectionNotification
EDITING DELEGATE: webViewDidChangeSelection:WebViewDidChangeSelectionNotification
layer at (0,0) size 800x600
  LayoutView at (0,0) size 800x600
layer at (0,0) size 800x600
  LayoutBlockFlow {HTML} at (0,0) size 800x600
    LayoutBlockFlow {BODY} at (8,8) size 784x584
      LayoutBlockFlow {DIV} at (0,0) size 784x84 [border: (2px solid #FF0000)]
        LayoutBlockFlow {DIV} at (14,14) size 756x28
          LayoutText {#text} at (0,0) size 32x28
            text run at (0,0) width 32: "foo"
        LayoutBlockFlow (anonymous) at (14,42) size 756x28
          LayoutText {#text} at (0,0) size 31x28
            text run at (0,0) width 31: "bar"
selection start: position 0 of child 2 {#text} of child 1 {DIV} of body
selection end:   position 3 of child 2 {#text} of child 1 {DIV} of body
