EDITING DELEGATE: webViewDidChangeSelection:WebViewDidChangeSelectionNotification
EDITING DELEGATE: webViewDidChangeSelection:WebViewDidChangeSelectionNotification
EDITING DELEGATE: webViewDidChangeSelection:WebViewDidChangeSelectionNotification
layer at (0,0) size 800x600
  LayoutView at (0,0) size 800x600
layer at (0,0) size 800x600
  LayoutBlockFlow {HTML} at (0,0) size 800x600
    LayoutBlockFlow {BODY} at (8,8) size 784x584 [border: (2px solid #FF0000)]
      LayoutBlockFlow {DIV} at (14,14) size 756x56
        LayoutText {#text} at (0,0) size 137x28
          text run at (0,0) width 137: "There is a tide"
        LayoutBR {BR} at (136,22) size 1x0
        LayoutText {#text} at (0,28) size 195x28
          text run at (0,28) width 195: "in the affairs of men"
      LayoutBlockFlow {DIV} at (14,70) size 756x28
        LayoutText {#text} at (0,0) size 236x28
          text run at (0,0) width 236: "Which taken at the flood"
caret: position 0 of child 2 {#text} of child 1 {DIV} of body
