layer at (0,0) size 800x600
  LayoutView at (0,0) size 800x600
layer at (0,0) size 800x600
  LayoutBlockFlow {HTML} at (0,0) size 800x600
    LayoutBlockFlow {BODY} at (8,8) size 784x584
      LayoutBlockFlow {P} at (0,0) size 784x36
        LayoutText {#text} at (0,0) size 564x18
          text run at (0,0) width 564: "This tests for sentence boundary when there are empty line breaks between lines of text."
        LayoutBR {BR} at (563,14) size 1x0
        LayoutText {#text} at (0,18) size 501x18
          text run at (0,18) width 501: "The result insertion point should be at the end of the sentence \"How are you?\""
      LayoutBlockFlow {DIV} at (0,52) size 784x108
        LayoutBlockFlow (anonymous) at (0,0) size 784x18
          LayoutText {#text} at (0,0) size 32x18
            text run at (0,0) width 32: "hello"
        LayoutBlockFlow {DIV} at (0,18) size 784x18
          LayoutBR {BR} at (0,0) size 0x18
        LayoutBlockFlow {DIV} at (0,36) size 784x18
          LayoutText {#text} at (0,0) size 38x18
            text run at (0,0) width 38: "world"
        LayoutBlockFlow {DIV} at (0,54) size 784x18
          LayoutBR {BR} at (0,0) size 0x18
        LayoutBlockFlow {DIV} at (0,72) size 784x18
          LayoutBR {BR} at (0,0) size 0x18
        LayoutBlockFlow {DIV} at (0,90) size 784x18
          LayoutText {#text} at (0,0) size 270x18
            text run at (0,0) width 89: "This is a test. "
            text run at (88,0) width 95: "How are you? "
            text run at (182,0) width 88: "Life is sweet!"
caret: position 30 of child 0 {#text} of child 9 {DIV} of child 2 {DIV} of body
