EDITING DELEGATE: webViewDidChangeSelection:WebViewDidChangeSelectionNotification
EDITING DELEGATE: webViewDidChangeSelection:WebViewDidChangeSelectionNotification
EDITING DELEGATE: webViewDidChangeSelection:WebViewDidChangeSelectionNotification
EDITING DELEGATE: webViewDidChangeSelection:WebViewDidChangeSelectionNotification
EDITING DELEGATE: webViewDidChangeSelection:WebViewDidChangeSelectionNotification
EDITING DELEGATE: webViewDidChange:WebViewDidChangeNotification
layer at (0,0) size 800x600
  LayoutView at (0,0) size 800x600
layer at (0,0) size 800x600
  LayoutBlockFlow {HTML} at (0,0) size 800x600
    LayoutBlockFlow {BODY} at (8,8) size 784x576
      LayoutBlockFlow (anonymous) at (0,0) size 784x172
        LayoutBR {BR} at (304,154) size 0x0
        LayoutBR {BR} at (0,154) size 0x18
      LayoutBlockFlow {P} at (0,188) size 784x36
        LayoutInline {B} at (0,0) size 673x18
          LayoutText {#text} at (0,0) size 673x18
            text run at (0,0) width 498: "This test uses the eventSender to do a mouse click to focus the subframe. "
            text run at (497,0) width 176: "It won't run interactively."
        LayoutText {#text} at (672,0) size 732x36
          text run at (672,0) width 5: " "
          text run at (676,0) width 56: "To run it"
          text run at (0,18) width 362: "manually, click on the iframe, Select All, then hit delete."
      LayoutBlockFlow (anonymous) at (0,240) size 784x54
        LayoutText {#text} at (0,0) size 779x54
          text run at (0,0) width 779: "Selecting all the content in a contenteditable iframe should select the iframe itself (to help the user delete the iframe) only"
          text run at (0,18) width 237: "if the iframe is in an editable region. "
          text run at (236,18) width 439: "This test loads ../resources/select-all-iframe-src.html into an iframe. "
          text run at (674,18) width 99: "That file does a"
          text run at (0,36) width 131: "Select All + Delete. "
          text run at (130,36) width 173: "Two things should happen:"
      LayoutBlockFlow {UL} at (0,310) size 784x54
        LayoutListItem {LI} at (40,0) size 744x36
          LayoutListMarker (anonymous) at (-17,0) size 7x18: bullet
          LayoutText {#text} at (0,0) size 689x36
            text run at (0,0) width 462: "The Select All operation should not select the iframe, only it's contents. "
            text run at (461,0) width 228: "The results of the Select All will be"
            text run at (0,18) width 517: "apparent from the delegate messages that DumpRenderTree receives and dumps."
        LayoutListItem {LI} at (40,36) size 744x18
          LayoutListMarker (anonymous) at (-17,0) size 7x18: bullet
          LayoutText {#text} at (0,0) size 344x18
            text run at (0,0) width 344: "The contents of the editable iframe should be deleted."
layer at (8,8) size 304x154
  LayoutIFrame {IFRAME} at (0,0) size 304x154 [border: (2px inset #EEEEEE)]
    layer at (0,0) size 300x150
      LayoutView at (0,0) size 300x150
    layer at (0,0) size 300x150
      LayoutBlockFlow {HTML} at (0,0) size 300x150
        LayoutBlockFlow {BODY} at (8,8) size 284x134 [bgcolor=#FFFFE0]
          LayoutBlockFlow {DIV} at (0,0) size 284x18
            LayoutBR {BR} at (0,0) size 0x18
