EDITING DELEGATE: webViewDidChangeSelection:WebViewDidChangeSelectionNotification
layer at (0,0) size 800x600
  LayoutView at (0,0) size 800x600
layer at (0,0) size 800x600
  LayoutBlockFlow {HTML} at (0,0) size 800x600
    LayoutBlockFlow {BODY} at (8,8) size 784x584
      LayoutText {#text} at (0,0) size 760x36
        text run at (0,0) width 760: "VisiblePositions created at [html, x] where html is non-editable should descend into an editable body, for convenience."
        text run at (0,18) width 278: "Everything on this page should be selected."
      LayoutText {#text} at (0,0) size 0x0
selection start: position 0 of child 0 {#text} of body
selection end:   position 164 of child 0 {#text} of body
