layer at (0,0) size 800x600
  LayoutView at (0,0) size 800x600
layer at (0,0) size 800x378
  LayoutBlockFlow {html} at (0,0) size 800x378.09
    LayoutBlockFlow {body} at (5.55,5.55) size 788.91x367
      LayoutTable {table} at (41.45,0) size 706x367
        LayoutTableSection (anonymous) at (0,0) size 706x367
          LayoutTableRow {tr} at (0,0) size 706x367
            LayoutTableCell {td} at (0,0) size 706x367 [r=0 c=0 rs=1 cs=3]
              LayoutTable {table} at (7.44,6) size 693x355
                LayoutTableSection (anonymous) at (0,0) size 693x355
                  LayoutTableRow {tr} at (0,1) size 693x66
                    LayoutTableCell {td} at (1,1) size 691x65.75 [r=0 c=0 rs=1 cs=2]
                      LayoutBlockFlow {h1} at (5.55,19.88) size 681x26
                        LayoutText {#text} at (100,0) size 481x26
                          text run at (100,0) width 481: "Both sides should have identical size after zooming"
                  LayoutTableRow {tr} at (0,68) size 693x23
                    LayoutTableCell {td} at (1,68) size 345x23 [r=1 c=0 rs=1 cs=1]
                      LayoutText {#text} at (146,5) size 53x13
                        text run at (146,5) width 53: "SVG Image"
                    LayoutTableCell {td} at (347,68) size 345x23 [r=1 c=1 rs=1 cs=1]
                      LayoutText {#text} at (146,5) size 53x13
                        text run at (146,5) width 53: "PNG Image"
                  LayoutTableRow {tr} at (0,92) size 693x262
                    LayoutTableCell {td} at (1,92) size 345x262 [r=2 c=0 rs=1 cs=1]
                      LayoutText {#text} at (0,0) size 0x0
                    LayoutTableCell {td} at (347,92) size 345x262 [r=2 c=1 rs=1 cs=1]
                      LayoutImage {img} at (5,5) size 333.33x249.97
                      LayoutText {#text} at (0,0) size 0x0
layer at (62,109) size 333x250
  LayoutEmbeddedObject {object} at (6.67,5) size 333.33x249.98
    layer at (0,0) size 333x250
      LayoutView at (0,0) size 333x250
    layer at (0,0) size 333x250
      LayoutSVGRoot {svg} at (0,0) size 333x250
        LayoutSVGContainer {g} at (18,31) size 260x164
          LayoutSVGRect {rect} at (20,31) size 36x58 [stroke={[type=SOLID] [color=#000000]}] [x=30.00] [y=46.00] [width=50.00] [height=80.00]
          LayoutSVGRect {rect} at (90,32) size 35x56 [fill={[type=SOLID] [color=#FF0000]}] [x=130.00] [y=46.00] [width=50.00] [height=80.00]
          LayoutSVGRect {rect} at (172,31) size 37x58 [stroke={[type=SOLID] [color=#000000]}] [x=250.00] [y=46.00] [width=50.00] [height=80.00]
          LayoutSVGRect {rect} at (242,32) size 36x56 [fill={[type=SOLID] [color=#FF0000]}] [x=350.00] [y=46.00] [width=50.00] [height=80.00]
          LayoutSVGRect {rect} at (18,133) size 41x62 [stroke={[type=SOLID] [color=#0000FF] [stroke width=8.00]}] [x=30.00] [y=196.00] [width=50.00] [height=80.00]
          LayoutSVGRect {rect} at (87,133) size 41x62 [stroke={[type=SOLID] [color=#0000FF] [stroke width=8.00]}] [fill={[type=SOLID] [color=#00FF00]}] [x=130.00] [y=196.00] [width=50.00] [height=80.00]
          LayoutSVGRect {rect} at (170,133) size 41x62 [stroke={[type=SOLID] [color=#0000FF] [stroke width=8.00]}] [x=250.00] [y=196.00] [width=50.00] [height=80.00]
          LayoutSVGRect {rect} at (242,136) size 36x56 [fill={[type=SOLID] [color=#00FF00]}] [x=350.00] [y=196.00] [width=50.00] [height=80.00]
        LayoutSVGText {text} at (10,303) size 264x48 contains 1 chunk(s)
          LayoutSVGInlineText {#text} at (0,0) size 264x47
            chunk 1 text run 1 at (10.00,340.00) startOffset 0 endOffset 16 width 263.34: "$Revision: 1.7 $"
        LayoutSVGRect {rect} at (0,0) size 333x250 [stroke={[type=SOLID] [color=#000000]}] [x=1.00] [y=1.00] [width=478.00] [height=358.00]
