layer at (0,0) size 800x600
  LayoutView at (0,0) size 800x600
layer at (0,0) size 800x163
  LayoutBlockFlow {HTML} at (0,0) size 800x163.25
    LayoutBlockFlow {BODY} at (4.63,4.63) size 790.75x154
      LayoutBlockFlow {DIV} at (11.56,11.56) size 129.31x129.31 [border: (1px solid #000000)]
      LayoutText {#text} at (152,144) size 3x10
        text run at (152,144) width 3: " "
      LayoutBlockFlow {DIV} at (166.31,11.56) size 129.31x129.31 [border: (1px solid #000000)]
      LayoutText {#text} at (307,144) size 3x10
        text run at (307,144) width 3: " "
      LayoutBlockFlow {DIV} at (321.06,11.56) size 129.31x129.31 [border: (1px solid #000000)]
      LayoutText {#text} at (461,144) size 4x10
        text run at (461,144) width 4: " "
      LayoutImage {IMG} at (475.81,11.56) size 129.31x129.31 [border: (1px solid #000000)]
      LayoutText {#text} at (0,0) size 0x0
      LayoutText {#text} at (0,0) size 0x0
      LayoutText {#text} at (0,0) size 0x0
      LayoutText {#text} at (0,0) size 0x0
