layer at (0,0) size 800x600 clip at (0,0) size 785x600 scrollHeight 767
  LayoutView at (0,0) size 800x600
layer at (0,0) size 785x767 backgroundClip at (0,0) size 785x600 clip at (0,0) size 785x600
  LayoutBlockFlow {html} at (0,0) size 785x766.84
    LayoutBlockFlow {body} at (11.52,11.52) size 761.97x732.30
      LayoutBlockFlow (anonymous) at (0,0) size 761.97x52
        LayoutText {#text} at (0,0) size 749x52
          text run at (0,0) width 353: "The two blocks should look identical. "
          text run at (352,0) width 397: "One uses an SVG, and the other just uses a"
          text run at (0,26) width 176: "normal HTML div."
      LayoutBlockFlow {p} at (0,75.03) size 761.97x26
        LayoutText {#text} at (0,0) size 518x26
          text run at (0,0) width 518: "There should be a red, white and blue pattern below this"
      LayoutSVGRoot (floating) {svg} at (25,149) size 202x202
        LayoutSVGRect {rect} at (53,177) size 146x146 [fill={[type=SOLID] [color=#0000FF]}] [x=0.00] [y=0.00] [width=100.00] [height=100.00]
      LayoutBlockFlow {p} at (0,353.63) size 761.97x26
        LayoutText {#text} at (0,0) size 517x26
          text run at (0,0) width 517: "There should be a red, white and blue pattern above this"
      LayoutBlockFlow {hr} at (0,402.66) size 761.97x2 [border: (1px inset #EEEEEE)]
      LayoutBlockFlow {p} at (0,427.69) size 761.97x26
        LayoutText {#text} at (0,0) size 518x26
          text run at (0,0) width 518: "There should be a red, white and blue pattern below this"
      LayoutBlockFlow (floating) {div} at (14.39,491.11) size 200.80x200.80 [border: (14px solid #FF0000)]
        LayoutBlockFlow {div} at (28.39,28.39) size 144x144 [bgcolor=#0000FF]
      LayoutBlockFlow {p} at (0,706.30) size 761.97x26
        LayoutText {#text} at (0,0) size 517x26
          text run at (0,0) width 517: "There should be a red, white and blue pattern above this"
