layer at (0,0) size 800x600
  LayoutView at (0,0) size 800x600
layer at (0,0) size 800x600
  LayoutBlockFlow {HTML} at (0,0) size 800x600
    LayoutBlockFlow {BODY} at (8,8) size 784x576
      LayoutBlockFlow {P} at (0,0) size 784x36
        LayoutText {#text} at (0,0) size 757x36
          text run at (0,0) width 395: "This tests selecting and deleting the paragraph before a table. "
          text run at (394,0) width 363: "You should see only a table in the editable region below,"
          text run at (0,18) width 176: "with the caret just before it."
      LayoutBlockFlow {DIV} at (0,52) size 784x28
        LayoutBlockFlow {DIV} at (0,0) size 784x28
          LayoutTable {TABLE} at (0,0) size 32x28 [border: (1px solid #BBBBBB)]
            LayoutTableSection {TBODY} at (1,1) size 30x26
              LayoutTableRow {TR} at (0,2) size 30x22
                LayoutTableCell {TD} at (2,2) size 12x22 [border: (1px solid #BBBBBB)] [r=0 c=0 rs=1 cs=1]
                  LayoutText {#text} at (2,2) size 8x18
                    text run at (2,2) width 8: "1"
                LayoutTableCell {TD} at (16,2) size 12x22 [border: (1px solid #BBBBBB)] [r=0 c=1 rs=1 cs=1]
                  LayoutText {#text} at (2,2) size 8x18
                    text run at (2,2) width 8: "2"
      LayoutBlockFlow {UL} at (0,96) size 784x0
caret: position 0 of child 0 {TABLE} of child 1 {DIV} of child 2 {DIV} of body
