layer at (0,0) size 800x600
  LayoutView at (0,0) size 800x600
layer at (0,0) size 800x600
  LayoutBlockFlow {HTML} at (0,0) size 800x600
    LayoutBlockFlow {BODY} at (8,8) size 784x584
      LayoutBlockFlow {P} at (0,0) size 784x36
        LayoutText {#text} at (0,0) size 746x36
          text run at (0,0) width 426: "This tests deleting a selection that ends inside an empty table cell. "
          text run at (425,0) width 321: "No merging should happen, only editable selected"
          text run at (0,18) width 177: "content should be removed."
      LayoutBlockFlow {DIV} at (0,52) size 784x56
        LayoutTable {TABLE} at (0,0) size 16x28 [border: (1px outset #808080)]
          LayoutTableSection {TBODY} at (1,1) size 14x26
            LayoutTableRow {TR} at (0,2) size 14x22
              LayoutTableCell {TD} at (2,11) size 4x4 [border: (1px inset #808080)] [r=0 c=0 rs=1 cs=1]
              LayoutTableCell {TD} at (8,2) size 4x22 [border: (1px inset #808080)] [r=0 c=1 rs=1 cs=1]
                LayoutBR {BR} at (2,2) size 0x18
        LayoutTable {TABLE} at (0,28) size 359x28 [border: (1px outset #808080)]
          LayoutTableSection {TBODY} at (1,1) size 357x26
            LayoutTableRow {TR} at (0,2) size 357x22
              LayoutTableCell {TD} at (2,11) size 4x4 [border: (1px inset #808080)] [r=0 c=0 rs=1 cs=1]
              LayoutTableCell {TD} at (8,2) size 347x22 [border: (1px inset #808080)] [r=0 c=1 rs=1 cs=1]
                LayoutText {#text} at (2,2) size 343x18
                  text run at (2,2) width 343: "There should be one empty cell to the left of this one."
caret: position 0 of child 0 {BR} of child 3 {TD} of child 0 {TR} of child 0 {TBODY} of child 1 {TABLE} of child 3 {DIV} of body
