layer at (0,0) size 800x600
  LayoutView at (0,0) size 800x600
layer at (0,0) size 800x600
  LayoutBlockFlow {HTML} at (0,0) size 800x600
    LayoutBlockFlow {BODY} at (8,8) size 784x584
      LayoutBlockFlow {P} at (0,0) size 784x36
        LayoutText {#text} at (0,0) size 357x18
          text run at (0,0) width 213: "This empties a row (the second). "
          text run at (212,0) width 145: "It should be removed. "
        LayoutInline {B} at (0,0) size 780x36
          LayoutText {#text} at (356,0) size 780x36
            text run at (356,0) width 424: "This demonstrates a bug: the two cells that contained the ends"
            text run at (0,18) width 656: "of the selection aren't given a placeholder and so appear differently than the other emptied cells."
      LayoutBlockFlow {DIV} at (0,52) size 784x52
        LayoutTable {TABLE} at (0,0) size 38x52 [border: (1px outset #808080)]
          LayoutTableSection {TBODY} at (1,1) size 36x50
            LayoutTableRow {TR} at (0,2) size 36x22
              LayoutTableCell {TD} at (2,2) size 12x22 [border: (1px inset #808080)] [r=0 c=0 rs=1 cs=1]
                LayoutText {#text} at (2,2) size 8x18
                  text run at (2,2) width 8: "1"
              LayoutTableCell {TD} at (16,2) size 4x22 [border: (1px inset #808080)] [r=0 c=1 rs=1 cs=1]
                LayoutBR {BR} at (2,2) size 0x18
              LayoutTableCell {TD} at (22,2) size 12x22 [border: (1px inset #808080)] [r=0 c=2 rs=1 cs=1]
                LayoutBR {BR} at (2,2) size 0x18
            LayoutTableRow {TR} at (0,26) size 36x22
              LayoutTableCell {TD} at (2,26) size 12x22 [border: (1px inset #808080)] [r=1 c=0 rs=1 cs=1]
                LayoutBR {BR} at (2,2) size 0x18
              LayoutTableCell {TD} at (16,26) size 4x22 [border: (1px inset #808080)] [r=1 c=1 rs=1 cs=1]
                LayoutBR {BR} at (2,2) size 0x18
              LayoutTableCell {TD} at (22,26) size 12x22 [border: (1px inset #808080)] [r=1 c=2 rs=1 cs=1]
                LayoutText {#text} at (2,2) size 8x18
                  text run at (2,2) width 8: "9"
      LayoutBlockFlow {P} at (0,120) size 784x18
        LayoutText {#text} at (0,0) size 607x18
          text run at (0,0) width 607: "This empties a row (the second), but it still contains the selection and so shouldn't be removed."
      LayoutBlockFlow {DIV} at (0,154) size 784x76
        LayoutTable {TABLE} at (0,0) size 46x76 [border: (1px outset #808080)]
          LayoutTableSection {TBODY} at (1,1) size 44x74
            LayoutTableRow {TR} at (0,2) size 44x22
              LayoutTableCell {TD} at (2,2) size 12x22 [border: (1px inset #808080)] [r=0 c=0 rs=1 cs=1]
                LayoutText {#text} at (2,2) size 8x18
                  text run at (2,2) width 8: "1"
              LayoutTableCell {TD} at (16,2) size 12x22 [border: (1px inset #808080)] [r=0 c=1 rs=1 cs=1]
                LayoutText {#text} at (2,2) size 8x18
                  text run at (2,2) width 8: "2"
              LayoutTableCell {TD} at (30,2) size 12x22 [border: (1px inset #808080)] [r=0 c=2 rs=1 cs=1]
                LayoutText {#text} at (2,2) size 8x18
                  text run at (2,2) width 8: "3"
            LayoutTableRow {TR} at (0,26) size 44x22
              LayoutTableCell {TD} at (2,26) size 12x22 [border: (1px inset #808080)] [r=1 c=0 rs=1 cs=1]
                LayoutBR {BR} at (2,2) size 0x18
              LayoutTableCell {TD} at (16,26) size 12x22 [border: (1px inset #808080)] [r=1 c=1 rs=1 cs=1]
                LayoutBR {BR} at (2,2) size 0x18
              LayoutTableCell {TD} at (30,26) size 12x22 [border: (1px inset #808080)] [r=1 c=2 rs=1 cs=1]
                LayoutBR {BR} at (2,2) size 0x18
            LayoutTableRow {TR} at (0,50) size 44x22
              LayoutTableCell {TD} at (2,50) size 12x22 [border: (1px inset #808080)] [r=2 c=0 rs=1 cs=1]
                LayoutText {#text} at (2,2) size 8x18
                  text run at (2,2) width 8: "7"
              LayoutTableCell {TD} at (16,50) size 12x22 [border: (1px inset #808080)] [r=2 c=1 rs=1 cs=1]
                LayoutText {#text} at (2,2) size 8x18
                  text run at (2,2) width 8: "8"
              LayoutTableCell {TD} at (30,50) size 12x22 [border: (1px inset #808080)] [r=2 c=2 rs=1 cs=1]
                LayoutText {#text} at (2,2) size 8x18
                  text run at (2,2) width 8: "9"
      LayoutBlockFlow {P} at (0,246) size 784x18
        LayoutText {#text} at (0,0) size 310x18
          text run at (0,0) width 310: "This empties the first row, it should be removed."
      LayoutBlockFlow {DIV} at (0,280) size 784x70
        LayoutBlockFlow {DIV} at (0,0) size 784x18
          LayoutText {#text} at (0,0) size 40x18
            text run at (0,0) width 40: "Hello "
        LayoutTable {TABLE} at (0,18) size 46x52 [border: (1px outset #808080)]
          LayoutTableSection {TBODY} at (1,1) size 44x50
            LayoutTableRow {TR} at (0,2) size 44x22
              LayoutTableCell {TD} at (2,2) size 12x22 [border: (1px inset #808080)] [r=0 c=0 rs=1 cs=1]
                LayoutBR {BR} at (2,2) size 0x18
              LayoutTableCell {TD} at (16,2) size 12x22 [border: (1px inset #808080)] [r=0 c=1 rs=1 cs=1]
                LayoutBR {BR} at (2,2) size 0x18
              LayoutTableCell {TD} at (30,2) size 12x22 [border: (1px inset #808080)] [r=0 c=2 rs=1 cs=1]
                LayoutText {#text} at (2,2) size 8x18
                  text run at (2,2) width 8: "6"
            LayoutTableRow {TR} at (0,26) size 44x22
              LayoutTableCell {TD} at (2,26) size 12x22 [border: (1px inset #808080)] [r=1 c=0 rs=1 cs=1]
                LayoutText {#text} at (2,2) size 8x18
                  text run at (2,2) width 8: "7"
              LayoutTableCell {TD} at (16,26) size 12x22 [border: (1px inset #808080)] [r=1 c=1 rs=1 cs=1]
                LayoutText {#text} at (2,2) size 8x18
                  text run at (2,2) width 8: "8"
              LayoutTableCell {TD} at (30,26) size 12x22 [border: (1px inset #808080)] [r=1 c=2 rs=1 cs=1]
                LayoutText {#text} at (2,2) size 8x18
                  text run at (2,2) width 8: "9"
caret: position 6 of child 0 {#text} of child 1 {DIV} of child 14 {DIV} of body
