EDITING DELEGATE: webViewDidChangeSelection:WebViewDidChangeSelectionNotification
EDITING DELEGATE: webViewDidChangeSelection:WebViewDidChangeSelectionNotification
EDITING DELEGATE: webViewDidChangeSelection:WebViewDidChangeSelectionNotification
EDITING DELEGATE: webViewDidChangeSelection:WebViewDidChangeSelectionNotification
EDITING DELEGATE: webViewDidChangeSelection:WebViewDidChangeSelectionNotification
EDITING DELEGATE: webViewDidChangeSelection:WebViewDidChangeSelectionNotification
EDITING DELEGATE: webViewDidChangeSelection:WebViewDidChangeSelectionNotification
EDITING DELEGATE: webViewDidChangeSelection:WebViewDidChangeSelectionNotification
EDITING DELEGATE: webViewDidChangeSelection:WebViewDidChangeSelectionNotification
EDITING DELEGATE: webViewDidChangeSelection:WebViewDidChangeSelectionNotification
EDITING DELEGATE: webViewDidChange:WebViewDidChangeNotification
layer at (0,0) size 800x600
  LayoutView at (0,0) size 800x600
layer at (0,0) size 800x600
  LayoutBlockFlow {HTML} at (0,0) size 800x600
    LayoutBlockFlow {BODY} at (8,8) size 784x584
      LayoutBlockFlow {DIV} at (0,0) size 784x240 [border: (2px solid #0000FF)]
        LayoutBlockFlow {DIV} at (14,14) size 756x84
          LayoutText {#text} at (0,0) size 66x28
            text run at (0,0) width 66: "Tests: "
          LayoutBR {BR} at (0,0) size 0x0
          LayoutText {#text} at (0,28) size 682x56
            text run at (0,28) width 682: "Deleting when a selection starts in the middle of the last paragraph and"
            text run at (0,56) width 344: "extends to the end of that paragraph"
        LayoutBlockFlow {DIV} at (14,114) size 756x112
          LayoutText {#text} at (0,0) size 190x28
            text run at (0,0) width 190: "Expected Results: "
          LayoutBR {BR} at (189,22) size 1x0
          LayoutText {#text} at (0,28) size 733x84
            text run at (0,28) width 733: "Should see the four lines in the red box. First line should be \"one\". Next one"
            text run at (0,56) width 167: "should be \"two\". "
            text run at (166,56) width 504: "Next one should be \"three\". Last one should be \"fo\"."
            text run at (0,84) width 661: "Insertion point should be blinking at the start of the fourth (last) line."
      LayoutBlockFlow {DIV} at (0,264) size 784x116
        LayoutBlockFlow {DIV} at (0,0) size 784x116 [border: (2px solid #FF0000)]
          LayoutBlockFlow (anonymous) at (2,2) size 780x28
            LayoutText {#text} at (0,0) size 35x28
              text run at (0,0) width 35: "one"
          LayoutBlockFlow {P} at (2,30) size 780x28
            LayoutText {#text} at (0,0) size 36x28
              text run at (0,0) width 36: "two"
          LayoutBlockFlow {P} at (2,58) size 780x28
            LayoutText {#text} at (0,0) size 48x28
              text run at (0,0) width 48: "three"
          LayoutBlockFlow {P} at (2,86) size 780x28
            LayoutText {#text} at (0,0) size 20x28
              text run at (0,0) width 20: "fo"
caret: position 2 of child 0 {#text} of child 5 {P} of child 1 {DIV} of child 3 {DIV} of body
