EDITING DELEGATE: webViewDidChangeSelection:WebViewDidChangeSelectionNotification
EDITING DELEGATE: webViewDidChangeSelection:WebViewDidChangeSelectionNotification
EDITING DELEGATE: webViewDidChangeSelection:WebViewDidChangeSelectionNotification
EDITING DELEGATE: webViewDidChangeSelection:WebViewDidChangeSelectionNotification
EDITING DELEGATE: webViewDidChangeSelection:WebViewDidChangeSelectionNotification
EDITING DELEGATE: webViewDidChange:WebViewDidChangeNotification
layer at (0,0) size 800x600
  LayoutView at (0,0) size 800x600
layer at (0,0) size 800x600
  LayoutBlockFlow {HTML} at (0,0) size 800x600
    LayoutBlockFlow {BODY} at (8,8) size 784x584
      LayoutBlockFlow {DIV} at (0,0) size 784x56 [border: (2px solid #FF0000)]
        LayoutInline {SPAN} at (0,0) size 84x28
          LayoutText {#text} at (14,14) size 11x28
            text run at (14,14) width 11: "a"
          LayoutText {#text} at (24,14) size 74x28
            text run at (24,14) width 74: " lincoln"
        LayoutText {#text} at (0,0) size 0x0
caret: position 1 of child 0 {#text} of child 1 {SPAN} of child 1 {DIV} of body
