EDITING DELEGATE: webViewDidChangeSelection:WebViewDidChangeSelectionNotification
EDITING DELEGATE: webViewDidChangeSelection:WebViewDidChangeSelectionNotification
EDITING DELEGATE: webViewDidChangeSelection:WebViewDidChangeSelectionNotification
EDITING DELEGATE: webViewDidChangeSelection:WebViewDidChangeSelectionNotification
EDITING DELEGATE: webViewDidChangeSelection:WebViewDidChangeSelectionNotification
EDITING DELEGATE: webViewDidChangeSelection:WebViewDidChangeSelectionNotification
EDITING DELEGATE: webViewDidChangeSelection:WebViewDidChangeSelectionNotification
EDITING DELEGATE: webViewDidChangeSelection:WebViewDidChangeSelectionNotification
EDITING DELEGATE: webViewDidChangeSelection:WebViewDidChangeSelectionNotification
EDITING DELEGATE: webViewDidChange:WebViewDidChangeNotification
layer at (0,0) size 800x600
  LayoutView at (0,0) size 800x600
layer at (0,0) size 800x600
  LayoutBlockFlow {HTML} at (0,0) size 800x600
    LayoutBlockFlow {BODY} at (8,8) size 784x584 [border: (2px solid #FF0000)]
      LayoutBlockFlow {DIV} at (14,14) size 756x28
        LayoutInline {B} at (0,0) size 26x28
          LayoutText {#text} at (0,0) size 26x28
            text run at (0,0) width 26: "on"
        LayoutInline {I} at (0,0) size 13x28
          LayoutText {#text} at (25,0) size 13x28
            text run at (25,0) width 13: "o"
      LayoutBlockFlow {DIV} at (14,42) size 756x28
        LayoutInline {B} at (0,0) size 53x28
          LayoutText {#text} at (0,0) size 53x28
            text run at (0,0) width 53: "three"
        LayoutInline {I} at (0,0) size 41x28
          LayoutText {#text} at (52,0) size 41x28
            text run at (52,0) width 41: "four"
caret: position 2 of child 0 {#text} of child 0 {B} of child 1 {DIV} of body
