EDITING DELEGATE: webViewDidChangeSelection:WebViewDidChangeSelectionNotification
EDITING DELEGATE: webViewDidChangeSelection:WebViewDidChangeSelectionNotification
EDITING DELEGATE: webViewDidChangeSelection:WebViewDidChangeSelectionNotification
EDITING DELEGATE: webViewDidChangeSelection:WebViewDidChangeSelectionNotification
EDITING DELEGATE: webViewDidChange:WebViewDidChangeNotification
layer at (0,0) size 800x600
  LayoutView at (0,0) size 800x600
layer at (0,0) size 800x600
  LayoutBlockFlow {HTML} at (0,0) size 800x600
    LayoutBlockFlow {BODY} at (8,8) size 784x584
      LayoutBlockFlow {DIV} at (0,0) size 784x56 [border: (2px solid #FF0000)]
        LayoutInline {SPAN} at (0,0) size 105x28
          LayoutText {#text} at (14,14) size 80x28
            text run at (14,14) width 80: "this is a "
          LayoutInline {A} at (0,0) size 26x28 [color=#0000EE]
            LayoutText {#text} at (93,14) size 26x28
              text run at (93,14) width 26: "lin"
caret: position 3 of child 0 {#text} of child 1 {A} of child 1 {SPAN} of child 1 {DIV} of body
