EDITING DELEGATE: webViewDidChangeSelection:WebViewDidChangeSelectionNotification
EDITING DELEGATE: webViewDidChangeSelection:WebViewDidChangeSelectionNotification
EDITING DELEGATE: webViewDidChangeSelection:WebViewDidChangeSelectionNotification
EDITING DELEGATE: webViewDidChangeSelection:WebViewDidChangeSelectionNotification
EDITING DELEGATE: webViewDidChangeSelection:WebViewDidChangeSelectionNotification
EDITING DELEGATE: webViewDidChangeSelection:WebViewDidChangeSelectionNotification
EDITING DELEGATE: webViewDidChangeSelection:WebViewDidChangeSelectionNotification
EDITING DELEGATE: webViewDidChangeSelection:WebViewDidChangeSelectionNotification
EDITING DELEGATE: webViewDidChangeSelection:WebViewDidChangeSelectionNotification
EDITING DELEGATE: webViewDidChangeSelection:WebViewDidChangeSelectionNotification
EDITING DELEGATE: webViewDidChange:WebViewDidChangeNotification
layer at (0,0) size 800x600
  LayoutView at (0,0) size 800x600
layer at (0,0) size 800x600
  LayoutBlockFlow {HTML} at (0,0) size 800x600
    LayoutBlockFlow {BODY} at (8,8) size 784x584
      LayoutBlockFlow {DIV} at (0,0) size 784x56 [border: (2px solid #FF0000)]
        LayoutInline {SPAN} at (0,0) size 75x28
          LayoutText {#text} at (14,14) size 37x28
            text run at (14,14) width 37: "bar "
          LayoutInline {SPAN} at (0,0) size 7x28
            LayoutText {#text} at (50,14) size 7x28
              text run at (50,14) width 7: " "
          LayoutText {#text} at (56,14) size 33x28
            text run at (56,14) width 33: "foo"
        LayoutText {#text} at (0,0) size 0x0
caret: position 4 of child 0 {#text} of child 1 {SPAN} of child 1 {DIV} of body
