EDITING DELEGATE: webViewDidChangeSelection:WebViewDidChangeSelectionNotification
EDITING DELEGATE: webViewDidChangeSelection:WebViewDidChangeSelectionNotification
EDITING DELEGATE: webViewDidChangeSelection:WebViewDidChangeSelectionNotification
EDITING DELEGATE: webViewDidChangeSelection:WebViewDidChangeSelectionNotification
EDITING DELEGATE: webViewDidChangeSelection:WebViewDidChangeSelectionNotification
EDITING DELEGATE: webViewDidChangeSelection:WebViewDidChangeSelectionNotification
EDITING DELEGATE: webViewDidChange:WebViewDidChangeNotification
layer at (0,0) size 800x600
  LayoutView at (0,0) size 800x600
layer at (0,0) size 800x600
  LayoutBlockFlow {HTML} at (0,0) size 800x600
    LayoutBlockFlow {BODY} at (8,8) size 784x584
      LayoutBlockFlow {DIV} at (0,0) size 784x246 [border: (2px solid #FF0000)]
        LayoutInline {SPAN} at (0,0) size 202x137
          LayoutText {#text} at (14,95) size 11x28
            text run at (14,95) width 11: "a"
          LayoutImage {IMG} at (24.64,14) size 76x103
          LayoutText {#text} at (100,95) size 7x28
            text run at (100,95) width 7: " "
          LayoutText {#text} at (106,95) size 110x28
            text run at (106,95) width 110: " conceived "
          LayoutBR {BR} at (215,117) size 1x0
          LayoutText {#text} at (14,204) size 60x28
            text run at (14,204) width 60: "nation"
          LayoutImage {IMG} at (73.98,123) size 76x103
        LayoutText {#text} at (0,0) size 0x0
caret: position 1 of child 2 {#text} of child 1 {SPAN} of child 1 {DIV} of body
