EDITING DELEGATE: webViewDidChangeSelection:WebViewDidChangeSelectionNotification
EDITING DELEGATE: webViewDidChangeSelection:WebViewDidChangeSelectionNotification
EDITING DELEGATE: webViewDidChangeSelection:WebViewDidChangeSelectionNotification
EDITING DELEGATE: webViewDidChangeSelection:WebViewDidChangeSelectionNotification
EDITING DELEGATE: webViewDidChange:WebViewDidChangeNotification
layer at (0,0) size 800x600
  LayoutView at (0,0) size 800x600
layer at (0,0) size 800x600
  LayoutBlockFlow {HTML} at (0,0) size 800x600
    LayoutBlockFlow {BODY} at (8,8) size 784x584
      LayoutBlockFlow {DIV} at (0,0) size 784x274 [border: (2px solid #FF0000)]
        LayoutInline {SPAN} at (0,0) size 252x246
          LayoutText {#text} at (14,14) size 11x28
            text run at (14,14) width 11: "a"
          LayoutText {#text} at (24,14) size 47x28
            text run at (24,14) width 47: "new "
          LayoutBR {BR} at (0,0) size 0x0
          LayoutText {#text} at (14,123) size 66x28
            text run at (14,123) width 66: "nation "
          LayoutInline {I} at (0,0) size 0x0
            LayoutText {#text} at (0,0) size 0x0
          LayoutText {#text} at (0,0) size 0x0
          LayoutImage {IMG} at (79.98,42) size 76x103
          LayoutText {#text} at (155,123) size 111x28
            text run at (155,123) width 111: " conceived "
          LayoutBR {BR} at (265,145) size 1x0
          LayoutText {#text} at (14,232) size 60x28
            text run at (14,232) width 60: "nation"
          LayoutImage {IMG} at (73.98,151) size 76x103
        LayoutText {#text} at (0,0) size 0x0
caret: position 1 of child 0 {#text} of child 1 {SPAN} of child 1 {DIV} of body
