EDITING DELEGATE: webViewDidChangeSelection:WebViewDidChangeSelectionNotification
EDITING DELEGATE: webViewDidChangeSelection:WebViewDidChangeSelectionNotification
EDITING DELEGATE: webViewDidChangeSelection:WebViewDidChangeSelectionNotification
EDITING DELEGATE: webViewDidChangeSelection:WebViewDidChangeSelectionNotification
EDITING DELEGATE: webViewDidChange:WebViewDidChangeNotification
EDITING DELEGATE: webViewDidChangeSelection:WebViewDidChangeSelectionNotification
EDITING DELEGATE: webViewDidChange:WebViewDidChangeNotification
layer at (0,0) size 800x600
  LayoutView at (0,0) size 800x600
layer at (0,0) size 800x600
  LayoutBlockFlow {HTML} at (0,0) size 800x600
    LayoutBlockFlow {BODY} at (8,8) size 784x576
      LayoutBlockFlow {P} at (0,0) size 784x18
        LayoutText {#text} at (0,0) size 734x18
          text run at (0,0) width 272: "This test deletes the contents of a sub-list. "
          text run at (271,0) width 463: "Then it deletes the empty list item. The list item below it should remain."
      LayoutBlockFlow {DIV} at (0,34) size 784x36
        LayoutBlockFlow {UL} at (0,0) size 784x36
          LayoutListItem {LI} at (40,0) size 744x18
            LayoutListMarker (anonymous) at (-17,0) size 7x18: bullet
            LayoutBR {BR} at (0,0) size 0x18
          LayoutListItem {LI} at (40,18) size 744x18
            LayoutListMarker (anonymous) at (-17,0) size 7x18: bullet
            LayoutBR {BR} at (0,0) size 0x18
caret: position 0 of child 0 {BR} of child 0 {LI} of child 0 {UL} of child 3 {DIV} of body
