EDITING DELEGATE: webViewDidChangeSelection:WebViewDidChangeSelectionNotification
EDITING DELEGATE: webViewDidChangeSelection:WebViewDidChangeSelectionNotification
EDITING DELEGATE: webViewDidChangeSelection:WebViewDidChangeSelectionNotification
EDITING DELEGATE: webViewDidChange:WebViewDidChangeNotification
layer at (0,0) size 800x600
  LayoutView at (0,0) size 800x600
layer at (0,0) size 800x600
  LayoutBlockFlow {HTML} at (0,0) size 800x600
    LayoutBlockFlow {BODY} at (8,8) size 784x584
      LayoutBlockFlow {P} at (0,0) size 784x18
        LayoutText {#text} at (0,0) size 545x18
          text run at (0,0) width 545: "This tests deleting the line break before a paragraph that ends with unrendered space."
      LayoutBlockFlow {DIV} at (0,34) size 784x36
        LayoutBlockFlow (anonymous) at (0,0) size 784x18
          LayoutText {#text} at (0,0) size 22x18
            text run at (0,0) width 22: "foo"
          LayoutText {#text} at (21,0) size 21x18
            text run at (21,0) width 21: "bar"
        LayoutBlockFlow {DIV} at (0,18) size 784x18
          LayoutText {#text} at (0,0) size 23x18
            text run at (0,0) width 23: "baz"
caret: position 3 of child 0 {#text} of child 2 {DIV} of body
