layer at (0,0) size 800x600
  LayoutView at (0,0) size 800x600
layer at (0,0) size 800x600
  LayoutBlockFlow {HTML} at (0,0) size 800x600
    LayoutBlockFlow {BODY} at (8,8) size 784x584
      LayoutBlockFlow {P} at (0,0) size 784x60
        LayoutText {#text} at (0,0) size 771x59
          text run at (0,0) width 771: "This tests to see that plaintext-only regions can be styled as long as they are fully selected. The editable, plaintext-only cell should"
          text run at (0,20) width 771: "contain bold text, which should be implemented with the bold CSS property in the cell's inline style declaration, not with wrapper"
          text run at (0,40) width 122: "spans inside the cell."
      LayoutBlockFlow {DIV} at (0,76) size 784x50
        LayoutBlockFlow {DIV} at (0,0) size 784x20
          LayoutInline {B} at (0,0) size 21x19
            LayoutText {#text} at (0,0) size 21x19
              text run at (0,0) width 21: "foo"
        LayoutTable {TABLE} at (0,20) size 182x30 [border: (1px outset #808080)]
          LayoutTableSection {TBODY} at (1,1) size 180x28
            LayoutTableRow {TR} at (0,2) size 180x24
              LayoutTableCell {TD} at (2,2) size 79x24 [border: (1px inset #808080)] [r=0 c=0 rs=1 cs=1]
                LayoutText {#text} at (2,2) size 75x19
                  text run at (2,2) width 75: "non-editable"
              LayoutTableCell {TD} at (83,2) size 95x24 [border: (1px inset #808080)] [r=0 c=1 rs=1 cs=1]
                LayoutText {#text} at (2,2) size 91x19
                  text run at (2,2) width 91: "plaintext-only"
selection start: position 0 of child 0 {#text} of child 0 {B} of child 0 {DIV} of child 2 {DIV} of body
selection end:   position 1 of child 1 {TABLE} of child 2 {DIV} of body
