EDITING DELEGATE: webViewDidChangeSelection:WebViewDidChangeSelectionNotification
EDITING DELEGATE: webViewDidChangeSelection:WebViewDidChangeSelectionNotification
EDITING DELEGATE: webViewDidChangeSelection:WebViewDidChangeSelectionNotification
EDITING DELEGATE: webViewDidChangeSelection:WebViewDidChangeSelectionNotification
EDITING DELEGATE: webViewDidChangeSelection:WebViewDidChangeSelectionNotification
EDITING DELEGATE: webViewDidChangeSelection:WebViewDidChangeSelectionNotification
EDITING DELEGATE: webViewDidChangeSelection:WebViewDidChangeSelectionNotification
EDITING DELEGATE: webViewDidChangeSelection:WebViewDidChangeSelectionNotification
EDITING DELEGATE: webViewDidChange:WebViewDidChangeNotification
EDITING DELEGATE: webViewDidChangeSelection:WebViewDidChangeSelectionNotification
EDITING DELEGATE: webViewDidChange:WebViewDidChangeNotification
EDITING DELEGATE: webViewDidChangeSelection:WebViewDidChangeSelectionNotification
EDITING DELEGATE: webViewDidChange:WebViewDidChangeNotification
EDITING DELEGATE: webViewDidChangeSelection:WebViewDidChangeSelectionNotification
EDITING DELEGATE: webViewDidChange:WebViewDidChangeNotification
EDITING DELEGATE: webViewDidChangeSelection:WebViewDidChangeSelectionNotification
EDITING DELEGATE: webViewDidChange:WebViewDidChangeNotification
EDITING DELEGATE: webViewDidChangeSelection:WebViewDidChangeSelectionNotification
EDITING DELEGATE: webViewDidChange:WebViewDidChangeNotification
EDITING DELEGATE: webViewDidChangeSelection:WebViewDidChangeSelectionNotification
EDITING DELEGATE: webViewDidChangeSelection:WebViewDidChangeSelectionNotification
EDITING DELEGATE: webViewDidChangeSelection:WebViewDidChangeSelectionNotification
EDITING DELEGATE: webViewDidChangeSelection:WebViewDidChangeSelectionNotification
EDITING DELEGATE: webViewDidChangeSelection:WebViewDidChangeSelectionNotification
EDITING DELEGATE: webViewDidChange:WebViewDidChangeNotification
EDITING DELEGATE: webViewDidChangeSelection:WebViewDidChangeSelectionNotification
EDITING DELEGATE: webViewDidChange:WebViewDidChangeNotification
EDITING DELEGATE: webViewDidChangeSelection:WebViewDidChangeSelectionNotification
EDITING DELEGATE: webViewDidChange:WebViewDidChangeNotification
EDITING DELEGATE: webViewDidChangeSelection:WebViewDidChangeSelectionNotification
EDITING DELEGATE: webViewDidChange:WebViewDidChangeNotification
EDITING DELEGATE: webViewDidChangeSelection:WebViewDidChangeSelectionNotification
EDITING DELEGATE: webViewDidChange:WebViewDidChangeNotification
EDITING DELEGATE: webViewDidChangeSelection:WebViewDidChangeSelectionNotification
EDITING DELEGATE: webViewDidChange:WebViewDidChangeNotification
layer at (0,0) size 800x600
  LayoutView at (0,0) size 800x600
layer at (0,0) size 800x600
  LayoutBlockFlow {HTML} at (0,0) size 800x600
    LayoutBlockFlow {BODY} at (8,8) size 784x584
      LayoutBlockFlow {DIV} at (0,0) size 784x112 [border: (2px solid #0000FF)]
        LayoutText {#text} at (14,14) size 740x83
          text run at (14,14) width 713: "Size check should say: 24px. The first two words of the second line should"
          text run at (727,14) width 6: " "
          text run at (14,42) width 331: "appear to be 24px. The rest of the "
          text run at (345,42) width 403: "words on the second line should appear to"
          text run at (748,42) width 6: " "
          text run at (14,70) width 83: "be 30px."
      LayoutBlockFlow {DIV} at (0,136) size 784x28
        LayoutText {#text} at (0,0) size 114x27
          text run at (0,0) width 114: "Size check: "
        LayoutInline {SPAN} at (0,0) size 48x27
          LayoutText {#text} at (114,0) size 48x27
            text run at (114,0) width 48: "24px"
      LayoutBlockFlow {DIV} at (0,180) size 784x147
        LayoutBlockFlow {DIV} at (0,0) size 784x147 [border: (2px solid #FF0000)]
          LayoutBlockFlow (anonymous) at (14,14) size 756x28
            LayoutText {#text} at (0,0) size 136x27
              text run at (0,0) width 136: "There is a tide"
          LayoutBlockFlow {DIV} at (14,42) size 756x63 [border: (2px solid #FF0000)]
            LayoutInline {SPAN} at (0,0) size 56x27
              LayoutText {#text} at (14,20) size 56x27
                text run at (14,20) width 56: "In the"
            LayoutText {#text} at (70,14) size 174x34
              text run at (70,14) width 174: " affairs of men"
          LayoutBlockFlow (anonymous) at (14,105) size 756x28
            LayoutText {#text} at (0,0) size 239x27
              text run at (0,0) width 239: "Which taken at the flood"
selection start: position 0 of child 0 {#text} of child 0 {SPAN} of child 1 {DIV} of child 1 {DIV} of child 5 {DIV} of body
selection end:   position 6 of child 0 {#text} of child 0 {SPAN} of child 1 {DIV} of child 1 {DIV} of child 5 {DIV} of body
