EDITING DELEGATE: webViewDidChangeSelection:WebViewDidChangeSelectionNotification
EDITING DELEGATE: webViewDidChangeSelection:WebViewDidChangeSelectionNotification
EDITING DELEGATE: webViewDidChangeSelection:WebViewDidChangeSelectionNotification
EDITING DELEGATE: webViewDidChangeSelection:WebViewDidChangeSelectionNotification
EDITING DELEGATE: webViewDidChangeSelection:WebViewDidChangeSelectionNotification
EDITING DELEGATE: webViewDidChangeSelection:WebViewDidChangeSelectionNotification
EDITING DELEGATE: webViewDidChange:WebViewDidChangeNotification
EDITING DELEGATE: webViewDidChangeSelection:WebViewDidChangeSelectionNotification
EDITING DELEGATE: webViewDidChange:WebViewDidChangeNotification
EDITING DELEGATE: webViewDidChangeSelection:WebViewDidChangeSelectionNotification
EDITING DELEGATE: webViewDidChange:WebViewDidChangeNotification
EDITING DELEGATE: webViewDidChangeSelection:WebViewDidChangeSelectionNotification
EDITING DELEGATE: webViewDidChange:WebViewDidChangeNotification
EDITING DELEGATE: webViewDidChangeSelection:WebViewDidChangeSelectionNotification
EDITING DELEGATE: webViewDidChange:WebViewDidChangeNotification
EDITING DELEGATE: webViewDidChangeSelection:WebViewDidChangeSelectionNotification
EDITING DELEGATE: webViewDidChange:WebViewDidChangeNotification
layer at (0,0) size 800x600
  LayoutView at (0,0) size 800x600
layer at (0,0) size 800x600
  LayoutBlockFlow {HTML} at (0,0) size 800x600
    LayoutBlockFlow {BODY} at (8,8) size 784x584
      LayoutBlockFlow {DIV} at (0,0) size 784x84 [border: (2px solid #0000FF)]
        LayoutText {#text} at (14,14) size 743x55
          text run at (14,14) width 737: "Size check should say: 30px. All text on the first line, and the first two words"
          text run at (751,14) width 6: " "
          text run at (14,42) width 430: "of the second line, should appear to be 30px."
      LayoutBlockFlow {DIV} at (0,108) size 784x28
        LayoutText {#text} at (0,0) size 114x27
          text run at (0,0) width 114: "Size check: "
        LayoutInline {SPAN} at (0,0) size 48x27
          LayoutText {#text} at (114,0) size 48x27
            text run at (114,0) width 48: "30px"
      LayoutBlockFlow {DIV} at (0,152) size 784x154
        LayoutBlockFlow {DIV} at (0,0) size 784x154 [border: (2px solid #FF0000)]
          LayoutBlockFlow (anonymous) at (14,14) size 756x35
            LayoutInline {SPAN} at (0,0) size 168x34
              LayoutText {#text} at (0,0) size 168x34
                text run at (0,0) width 168: "There is a tide"
          LayoutBlockFlow {DIV} at (14,49) size 756x63 [border: (2px solid #FF0000)]
            LayoutInline {SPAN} at (0,0) size 68x34
              LayoutText {#text} at (14,14) size 68x34
                text run at (14,14) width 68: "In the"
            LayoutText {#text} at (82,20) size 140x27
              text run at (82,20) width 140: " affairs of men"
          LayoutBlockFlow (anonymous) at (14,112) size 756x28
            LayoutText {#text} at (0,0) size 239x27
              text run at (0,0) width 239: "Which taken at the flood"
selection start: position 0 of child 0 {#text} of child 0 {SPAN} of child 1 {DIV} of child 5 {DIV} of body
selection end:   position 7 of child 0 {#text} of child 0 {SPAN} of child 1 {DIV} of child 1 {DIV} of child 5 {DIV} of body
