EDITING DELEGATE: webViewDidChangeSelection:WebViewDidChangeSelectionNotification
EDITING DELEGATE: webViewDidChangeSelection:WebViewDidChangeSelectionNotification
EDITING DELEGATE: webViewDidChangeSelection:WebViewDidChangeSelectionNotification
EDITING DELEGATE: webViewDidChangeSelection:WebViewDidChangeSelectionNotification
EDITING DELEGATE: webViewDidChangeSelection:WebViewDidChangeSelectionNotification
EDITING DELEGATE: webViewDidChangeSelection:WebViewDidChangeSelectionNotification
EDITING DELEGATE: webViewDidChangeSelection:WebViewDidChangeSelectionNotification
EDITING DELEGATE: webViewDidChangeSelection:WebViewDidChangeSelectionNotification
EDITING DELEGATE: webViewDidChange:WebViewDidChangeNotification
EDITING DELEGATE: webViewDidChangeSelection:WebViewDidChangeSelectionNotification
EDITING DELEGATE: webViewDidChange:WebViewDidChangeNotification
EDITING DELEGATE: webViewDidChangeSelection:WebViewDidChangeSelectionNotification
EDITING DELEGATE: webViewDidChange:WebViewDidChangeNotification
EDITING DELEGATE: webViewDidChangeSelection:WebViewDidChangeSelectionNotification
EDITING DELEGATE: webViewDidChange:WebViewDidChangeNotification
EDITING DELEGATE: webViewDidChangeSelection:WebViewDidChangeSelectionNotification
EDITING DELEGATE: webViewDidChange:WebViewDidChangeNotification
EDITING DELEGATE: webViewDidChangeSelection:WebViewDidChangeSelectionNotification
EDITING DELEGATE: webViewDidChange:WebViewDidChangeNotification
EDITING DELEGATE: webViewDidChangeSelection:WebViewDidChangeSelectionNotification
EDITING DELEGATE: webViewDidChange:WebViewDidChangeNotification
EDITING DELEGATE: webViewDidChangeSelection:WebViewDidChangeSelectionNotification
EDITING DELEGATE: webViewDidChange:WebViewDidChangeNotification
EDITING DELEGATE: webViewDidChangeSelection:WebViewDidChangeSelectionNotification
EDITING DELEGATE: webViewDidChange:WebViewDidChangeNotification
EDITING DELEGATE: webViewDidChangeSelection:WebViewDidChangeSelectionNotification
EDITING DELEGATE: webViewDidChange:WebViewDidChangeNotification
EDITING DELEGATE: webViewDidChangeSelection:WebViewDidChangeSelectionNotification
EDITING DELEGATE: webViewDidChange:WebViewDidChangeNotification
EDITING DELEGATE: webViewDidChangeSelection:WebViewDidChangeSelectionNotification
EDITING DELEGATE: webViewDidChange:WebViewDidChangeNotification
layer at (0,0) size 800x600
  LayoutView at (0,0) size 800x600
layer at (0,0) size 800x600
  LayoutBlockFlow {HTML} at (0,0) size 800x600
    LayoutBlockFlow {BODY} at (8,8) size 784x584
      LayoutBlockFlow {DIV} at (0,0) size 784x112 [border: (2px solid #0000FF)]
        LayoutText {#text} at (14,14) size 712x83
          text run at (14,14) width 706: "Size check should say: 30px. All text in the red boxes should appear to be"
          text run at (720,14) width 6: " "
          text run at (14,42) width 678: "24px. This test checks removing font size tags when they are no longer"
          text run at (692,42) width 6: " "
          text run at (14,70) width 99: "necessary."
      LayoutBlockFlow {DIV} at (0,136) size 784x28
        LayoutText {#text} at (0,0) size 114x27
          text run at (0,0) width 114: "Size check: "
        LayoutInline {SPAN} at (0,0) size 48x27
          LayoutText {#text} at (114,0) size 48x27
            text run at (114,0) width 48: "30px"
      LayoutBlockFlow {DIV} at (0,180) size 784x140
        LayoutBlockFlow {DIV} at (0,0) size 784x140 [border: (2px solid #FF0000)]
          LayoutBlockFlow (anonymous) at (14,14) size 756x28
            LayoutText {#text} at (0,0) size 136x27
              text run at (0,0) width 136: "There is a tide"
          LayoutBlockFlow {DIV} at (14,42) size 756x56 [border: (2px solid #FF0000)]
            LayoutText {#text} at (14,14) size 196x27
              text run at (14,14) width 196: "In the affairs of men"
          LayoutBlockFlow (anonymous) at (14,98) size 756x28
            LayoutText {#text} at (0,0) size 239x27
              text run at (0,0) width 239: "Which taken at the flood"
selection start: position 0 of child 0 {#text} of child 1 {DIV} of child 1 {DIV} of child 5 {DIV} of body
selection end:   position 21 of child 0 {#text} of child 1 {DIV} of child 1 {DIV} of child 5 {DIV} of body
