EDITING DELEGATE: webViewDidChangeSelection:WebViewDidChangeSelectionNotification
EDITING DELEGATE: webViewDidChangeSelection:WebViewDidChangeSelectionNotification
EDITING DELEGATE: webViewDidChangeSelection:WebViewDidChangeSelectionNotification
EDITING DELEGATE: webViewDidChangeSelection:WebViewDidChangeSelectionNotification
EDITING DELEGATE: webViewDidChangeSelection:WebViewDidChangeSelectionNotification
EDITING DELEGATE: webViewDidChange:WebViewDidChangeNotification
EDITING DELEGATE: webViewDidChangeSelection:WebViewDidChangeSelectionNotification
EDITING DELEGATE: webViewDidChange:WebViewDidChangeNotification
EDITING DELEGATE: webViewDidChangeSelection:WebViewDidChangeSelectionNotification
EDITING DELEGATE: webViewDidChangeSelection:WebViewDidChangeSelectionNotification
EDITING DELEGATE: webViewDidChangeSelection:WebViewDidChangeSelectionNotification
EDITING DELEGATE: webViewDidChangeSelection:WebViewDidChangeSelectionNotification
EDITING DELEGATE: webViewDidChangeSelection:WebViewDidChangeSelectionNotification
EDITING DELEGATE: webViewDidChange:WebViewDidChangeNotification
layer at (0,0) size 800x600
  LayoutView at (0,0) size 800x600
layer at (0,0) size 800x600
  LayoutBlockFlow {HTML} at (0,0) size 800x600
    LayoutBlockFlow {BODY} at (8,8) size 784x584
      LayoutBlockFlow {DIV} at (0,0) size 784x182 [border: (2px solid #0000FF)]
        LayoutBlockFlow {DIV} at (14,14) size 756x83
          LayoutText {#text} at (0,0) size 64x26
            text run at (0,0) width 64: "Tests: "
          LayoutBR {BR} at (0,0) size 0x0
          LayoutText {#text} at (0,27) size 719x55
            text run at (0,27) width 719: "Pasting black (document default color) text into a block of text with a non-"
            text run at (0,55) width 127: "default color."
        LayoutBlockFlow {DIV} at (14,113) size 756x55
          LayoutText {#text} at (0,0) size 189x26
            text run at (0,0) width 189: "Expected Results: "
          LayoutBR {BR} at (189,21) size 0x0
          LayoutText {#text} at (0,27) size 436x27
            text run at (0,27) width 436: "Should see this content in the red box below: "
          LayoutInline {SPAN} at (0,0) size 76x27 [color=#FF0000]
            LayoutText {#text} at (436,27) size 23x27
              text run at (436,27) width 23: "ab"
            LayoutInline {SPAN} at (0,0) size 34x27 [color=#000000]
              LayoutText {#text} at (459,27) size 34x27
                text run at (459,27) width 34: "cde"
            LayoutText {#text} at (493,27) size 19x27
              text run at (493,27) width 19: "fg"
          LayoutText {#text} at (0,0) size 0x0
      LayoutBlockFlow {DIV} at (0,206) size 784x32
        LayoutBlockFlow {DIV} at (0,0) size 784x32 [border: (2px solid #FF0000)]
          LayoutInline {SPAN} at (0,0) size 23x27 [color=#FF0000]
            LayoutText {#text} at (2,2) size 23x27
              text run at (2,2) width 23: "ab"
          LayoutText {#text} at (25,2) size 34x27
            text run at (25,2) width 34: "cde"
          LayoutInline {SPAN} at (0,0) size 19x27 [color=#FF0000]
            LayoutText {#text} at (59,2) size 19x27
              text run at (59,2) width 19: "fg"
caret: position 3 of child 2 {#text} of child 1 {DIV} of child 3 {DIV} of body
