EDITING DELEGATE: webViewDidChangeSelection:WebViewDidChangeSelectionNotification
EDITING DELEGATE: webViewDidChangeSelection:WebViewDidChangeSelectionNotification
EDITING DELEGATE: webViewDidChangeSelection:WebViewDidChangeSelectionNotification
EDITING DELEGATE: webViewDidChangeSelection:WebViewDidChangeSelectionNotification
EDITING DELEGATE: webViewDidChangeSelection:WebViewDidChangeSelectionNotification
EDITING DELEGATE: webViewDidChange:WebViewDidChangeNotification
layer at (0,0) size 800x600
  LayoutView at (0,0) size 800x600
layer at (0,0) size 800x600
  LayoutBlockFlow {HTML} at (0,0) size 800x600
    LayoutBlockFlow {BODY} at (8,8) size 784x584
      LayoutBlockFlow {DIV} at (0,0) size 784x208 [border: (2px solid #0000FF)]
        LayoutBlockFlow {DIV} at (14,14) size 756x55
          LayoutText {#text} at (0,0) size 64x26
            text run at (0,0) width 64: "Tests: "
          LayoutBR {BR} at (0,0) size 0x0
          LayoutText {#text} at (0,27) size 594x27
            text run at (0,27) width 594: "Style checks performed on boundaries between style changes."
        LayoutBlockFlow {DIV} at (14,85) size 756x109
          LayoutBlockFlow (anonymous) at (0,0) size 756x55
            LayoutText {#text} at (0,0) size 189x26
              text run at (0,0) width 189: "Expected Results: "
            LayoutBR {BR} at (189,21) size 0x0
            LayoutText {#text} at (0,27) size 430x27
              text run at (0,27) width 430: "Should see this content in the red box below:"
            LayoutInline {B} at (0,0) size 0x0
          LayoutBlockFlow (anonymous) at (0,55) size 756x54
            LayoutBlockFlow {DIV} at (0,0) size 756x27
              LayoutText {#text} at (0,0) size 12x26
                text run at (0,0) width 12: "a"
            LayoutBlockFlow {DIV} at (0,27) size 756x27
              LayoutText {#text} at (0,0) size 13x26
                text run at (0,0) width 13: "b"
          LayoutBlockFlow (anonymous) at (0,109) size 756x0
            LayoutInline {B} at (0,0) size 0x0
            LayoutText {#text} at (0,0) size 0x0
      LayoutBlockFlow {DIV} at (0,232) size 784x58
        LayoutBlockFlow {DIV} at (0,0) size 784x58 [border: (2px solid #FF0000)]
          LayoutBlockFlow {DIV} at (2,2) size 780x27
            LayoutInline {B} at (0,0) size 12x26
              LayoutText {#text} at (0,0) size 12x26
                text run at (0,0) width 12: "a"
          LayoutBlockFlow {DIV} at (2,29) size 780x27
            LayoutInline {B} at (0,0) size 13x26
              LayoutText {#text} at (0,0) size 13x26
                text run at (0,0) width 13: "b"
selection start: position 1 of child 0 {#text} of child 0 {B} of child 0 {DIV} of child 1 {DIV} of child 3 {DIV} of body
selection end:   position 1 of child 0 {#text} of child 0 {B} of child 1 {DIV} of child 1 {DIV} of child 3 {DIV} of body
