EDITING DELEGATE: webViewDidChangeSelection:WebViewDidChangeSelectionNotification
EDITING DELEGATE: webViewDidChangeSelection:WebViewDidChangeSelectionNotification
EDITING DELEGATE: webViewDidChangeSelection:WebViewDidChangeSelectionNotification
EDITING DELEGATE: webViewDidChangeSelection:WebViewDidChangeSelectionNotification
EDITING DELEGATE: webViewDidChange:WebViewDidChangeNotification
EDITING DELEGATE: webViewDidChangeSelection:WebViewDidChangeSelectionNotification
EDITING DELEGATE: webViewDidChange:WebViewDidChangeNotification
EDITING DELEGATE: webViewDidChangeSelection:WebViewDidChangeSelectionNotification
EDITING DELEGATE: webViewDidChange:WebViewDidChangeNotification
EDITING DELEGATE: webViewDidChangeSelection:WebViewDidChangeSelectionNotification
EDITING DELEGATE: webViewDidChange:WebViewDidChangeNotification
EDITING DELEGATE: webViewDidChangeSelection:WebViewDidChangeSelectionNotification
EDITING DELEGATE: webViewDidChange:WebViewDidChangeNotification
EDITING DELEGATE: webViewDidChangeSelection:WebViewDidChangeSelectionNotification
EDITING DELEGATE: webViewDidChangeSelection:WebViewDidChangeSelectionNotification
EDITING DELEGATE: webViewDidChangeSelection:WebViewDidChangeSelectionNotification
EDITING DELEGATE: webViewDidChangeSelection:WebViewDidChangeSelectionNotification
EDITING DELEGATE: webViewDidChangeSelection:WebViewDidChangeSelectionNotification
EDITING DELEGATE: webViewDidChangeSelection:WebViewDidChangeSelectionNotification
EDITING DELEGATE: webViewDidChange:WebViewDidChangeNotification
layer at (0,0) size 800x600
  LayoutView at (0,0) size 800x600
layer at (0,0) size 800x600
  LayoutBlockFlow {HTML} at (0,0) size 800x600
    LayoutBlockFlow {BODY} at (8,8) size 784x584
      LayoutBlockFlow {DIV} at (0,0) size 784x182 [border: (2px solid #0000FF)]
        LayoutBlockFlow {DIV} at (14,14) size 756x55
          LayoutText {#text} at (0,0) size 64x26
            text run at (0,0) width 64: "Tests: "
          LayoutBR {BR} at (0,0) size 0x0
          LayoutText {#text} at (0,27) size 694x27
            text run at (0,27) width 694: "Pasting at style boundary does not crash or produce empty style span(s)."
        LayoutBlockFlow {DIV} at (14,85) size 756x83
          LayoutBlockFlow (anonymous) at (0,0) size 756x55
            LayoutText {#text} at (0,0) size 189x26
              text run at (0,0) width 189: "Expected Results: "
            LayoutBR {BR} at (189,21) size 0x0
            LayoutText {#text} at (0,27) size 436x27
              text run at (0,27) width 436: "Should see this content in the red box below: "
            LayoutBR {BR} at (436,48) size 0x0
          LayoutBlockFlow {DIV} at (0,55) size 756x28
            LayoutText {#text} at (0,0) size 138x27
              text run at (0,0) width 138: "one two three "
            LayoutInline {B} at (0,0) size 43x26
              LayoutText {#text} at (138,0) size 43x26
                text run at (138,0) width 43: "four"
            LayoutText {#text} at (181,0) size 35x27
              text run at (181,0) width 35: "one"
      LayoutBlockFlow {DIV} at (0,206) size 784x24
        LayoutBlockFlow {DIV} at (0,0) size 784x24 [border: (2px solid #FF0000)]
          LayoutText {#text} at (2,2) size 83x19
            text run at (2,2) width 83: "one two three"
          LayoutInline {B} at (0,0) size 31x19
            LayoutText {#text} at (85,2) size 31x19
              text run at (85,2) width 31: " four"
          LayoutText {#text} at (116,2) size 22x19
            text run at (116,2) width 22: "one"
caret: position 3 of child 2 {#text} of child 1 {DIV} of child 3 {DIV} of body
