EDITING DELEGATE: webViewDidChangeSelection:WebViewDidChangeSelectionNotification
EDITING DELEGATE: webViewDidChangeSelection:WebViewDidChangeSelectionNotification
EDITING DELEGATE: webViewDidChangeSelection:WebViewDidChangeSelectionNotification
EDITING DELEGATE: webViewDidChangeSelection:WebViewDidChangeSelectionNotification
EDITING DELEGATE: webViewDidChange:WebViewDidChangeNotification
layer at (0,0) size 800x600
  LayoutView at (0,0) size 800x600
layer at (0,0) size 800x600
  LayoutBlockFlow {HTML} at (0,0) size 800x600
    LayoutBlockFlow {BODY} at (8,8) size 784x584
      LayoutBlockFlow {DIV} at (0,0) size 784x154 [border: (2px solid #0000FF)]
        LayoutBlockFlow {DIV} at (14,14) size 756x55
          LayoutText {#text} at (0,0) size 64x26
            text run at (0,0) width 64: "Tests: "
          LayoutBR {BR} at (0,0) size 0x0
          LayoutText {#text} at (0,27) size 594x27
            text run at (0,27) width 594: "Style checks performed on boundaries between style changes."
        LayoutBlockFlow {DIV} at (14,85) size 756x55
          LayoutText {#text} at (0,0) size 189x26
            text run at (0,0) width 189: "Expected Results: "
          LayoutBR {BR} at (189,21) size 0x0
          LayoutText {#text} at (0,27) size 436x27
            text run at (0,27) width 436: "Should see this content in the red box below: "
          LayoutInline {B} at (0,0) size 25x26
            LayoutText {#text} at (436,27) size 25x26
              text run at (436,27) width 25: "ab"
          LayoutText {#text} at (0,0) size 0x0
      LayoutBlockFlow {DIV} at (0,178) size 784x31
        LayoutBlockFlow {DIV} at (0,0) size 784x31 [border: (2px solid #FF0000)]
          LayoutInline {B} at (0,0) size 25x26
            LayoutText {#text} at (2,2) size 12x26
              text run at (2,2) width 12: "a"
            LayoutText {#text} at (14,2) size 13x26
              text run at (14,2) width 13: "b"
selection start: position 0 of child 1 {#text} of child 0 {B} of child 1 {DIV} of child 3 {DIV} of body
selection end:   position 1 of child 1 {#text} of child 0 {B} of child 1 {DIV} of child 3 {DIV} of body
