layer at (0,0) size 800x600
  LayoutView at (0,0) size 800x600
layer at (0,0) size 800x600
  LayoutBlockFlow {HTML} at (0,0) size 800x600
    LayoutBlockFlow {BODY} at (8,8) size 784x584
      LayoutMeter {METER} at (0,1.19) size 80x16
      LayoutText {#text} at (80,0) size 4x18
        text run at (80,0) width 4: " "
      LayoutBlockFlow {METER} at (84,1.19) size 80x16
        LayoutMeter {DIV} at (0,0) size 80x16
          LayoutBlockFlow {DIV} at (0,0) size 80x16
            LayoutBlockFlow {DIV} at (0,0) size 40x16
      LayoutText {#text} at (0,0) size 0x0
      LayoutText {#text} at (0,0) size 0x0
