layer at (0,0) size 800x600
  LayoutView at (0,0) size 800x600
layer at (0,0) size 800x600
  LayoutBlockFlow {HTML} at (0,0) size 800x600
    LayoutBlockFlow {BODY} at (8,8) size 784x576
      LayoutBlockFlow {H1} at (0,0) size 784x18
        LayoutText {#text} at (0,0) size 220x18
          text run at (0,0) width 220: "Meters with various appearance"
      LayoutBlockFlow {H2} at (0,31.27) size 784x18
        LayoutText {#text} at (0,0) size 220x18
          text run at (0,0) width 220: "discrete-capacity-level-indicator"
      LayoutBlockFlow {H2} at (0,65.27) size 784x212
        LayoutBlockFlow {UL} at (0,0) size 784x212
          LayoutListItem {LI} at (40,0) size 744x18 [bgcolor=#EEEEEE]
            LayoutListMarker (anonymous) at (-17,0) size 7x18: bullet
            LayoutText {#text} at (0,0) size 88x18
              text run at (0,0) width 88: "value=10/10:"
            LayoutMeter (floating) {METER} at (664,0) size 80x18
          LayoutListItem {LI} at (40,18) size 744x18 [bgcolor=#CCCCCC]
            LayoutListMarker (anonymous) at (-17,0) size 7x18: bullet
            LayoutText {#text} at (0,0) size 80x18
              text run at (0,0) width 80: "value=8/10:"
            LayoutMeter (floating) {METER} at (664,0) size 80x18
          LayoutListItem {LI} at (40,36) size 744x18 [bgcolor=#EEEEEE]
            LayoutListMarker (anonymous) at (-17,0) size 7x18: bullet
            LayoutText {#text} at (0,0) size 80x18
              text run at (0,0) width 80: "value=5/10:"
            LayoutMeter (floating) {METER} at (664,0) size 80x18
          LayoutListItem {LI} at (40,54) size 744x18 [bgcolor=#CCCCCC]
            LayoutListMarker (anonymous) at (-17,0) size 7x18: bullet
            LayoutText {#text} at (0,0) size 80x18
              text run at (0,0) width 80: "value=2/10:"
            LayoutMeter (floating) {METER} at (664,0) size 80x18
          LayoutListItem {LI} at (40,72) size 744x18 [bgcolor=#EEEEEE]
            LayoutListMarker (anonymous) at (-17,0) size 7x18: bullet
            LayoutText {#text} at (0,0) size 80x18
              text run at (0,0) width 80: "value=0/10:"
            LayoutMeter (floating) {METER} at (664,0) size 80x18
          LayoutListItem {LI} at (40,90) size 744x18 [bgcolor=#CCCCCC]
            LayoutListMarker (anonymous) at (-17,0) size 7x18: bullet
            LayoutText {#text} at (0,0) size 38x18
              text run at (0,0) width 38: "RTL:"
            LayoutMeter (floating) {METER} at (664,0) size 80x18
          LayoutListItem {LI} at (40,108) size 744x50 [bgcolor=#EEEEEE]
            LayoutListMarker (anonymous) at (-17,0) size 7x18: bullet
            LayoutText {#text} at (0,0) size 32x18
              text run at (0,0) width 32: "Tall:"
            LayoutMeter (floating) {METER} at (664,0) size 80x50
          LayoutListItem {LI} at (40,158) size 744x18 [bgcolor=#CCCCCC]
            LayoutListMarker (anonymous) at (-17,0) size 7x18: bullet
            LayoutText {#text} at (0,0) size 44x18
              text run at (0,0) width 44: "Short:"
            LayoutMeter (floating) {METER} at (664,0) size 80x18
          LayoutListItem {LI} at (40,176) size 744x18 [bgcolor=#EEEEEE]
            LayoutListMarker (anonymous) at (-17,0) size 7x18: bullet
            LayoutText {#text} at (0,0) size 42x18
              text run at (0,0) width 42: "Wide:"
            LayoutMeter (floating) {METER} at (444,0) size 300x18
          LayoutListItem {LI} at (40,194) size 744x18 [bgcolor=#CCCCCC]
            LayoutListMarker (anonymous) at (-17,0) size 7x18: bullet
            LayoutText {#text} at (0,0) size 59x18
              text run at (0,0) width 59: "Narrow:"
            LayoutMeter (floating) {METER} at (714,0) size 30x18
      LayoutBlockFlow {H2} at (0,293.27) size 784x18
        LayoutText {#text} at (0,0) size 241x18
          text run at (0,0) width 241: "continuous-capacity-level-indicator"
      LayoutBlockFlow {H2} at (0,327.27) size 784x212
        LayoutBlockFlow {UL} at (0,0) size 784x212
          LayoutListItem {LI} at (40,0) size 744x18 [bgcolor=#EEEEEE]
            LayoutListMarker (anonymous) at (-17,0) size 7x18: bullet
            LayoutText {#text} at (0,0) size 88x18
              text run at (0,0) width 88: "value=10/10:"
            LayoutMeter (floating) {METER} at (664,0) size 80x16
          LayoutListItem {LI} at (40,18) size 744x18 [bgcolor=#CCCCCC]
            LayoutListMarker (anonymous) at (-17,0) size 7x18: bullet
            LayoutText {#text} at (0,0) size 80x18
              text run at (0,0) width 80: "value=8/10:"
            LayoutMeter (floating) {METER} at (664,0) size 80x16
          LayoutListItem {LI} at (40,36) size 744x18 [bgcolor=#EEEEEE]
            LayoutListMarker (anonymous) at (-17,0) size 7x18: bullet
            LayoutText {#text} at (0,0) size 80x18
              text run at (0,0) width 80: "value=5/10:"
            LayoutMeter (floating) {METER} at (664,0) size 80x16
          LayoutListItem {LI} at (40,54) size 744x18 [bgcolor=#CCCCCC]
            LayoutListMarker (anonymous) at (-17,0) size 7x18: bullet
            LayoutText {#text} at (0,0) size 80x18
              text run at (0,0) width 80: "value=2/10:"
            LayoutMeter (floating) {METER} at (664,0) size 80x16
          LayoutListItem {LI} at (40,72) size 744x18 [bgcolor=#EEEEEE]
            LayoutListMarker (anonymous) at (-17,0) size 7x18: bullet
            LayoutText {#text} at (0,0) size 80x18
              text run at (0,0) width 80: "value=0/10:"
            LayoutMeter (floating) {METER} at (664,0) size 80x16
          LayoutListItem {LI} at (40,90) size 744x18 [bgcolor=#CCCCCC]
            LayoutListMarker (anonymous) at (-17,0) size 7x18: bullet
            LayoutText {#text} at (0,0) size 38x18
              text run at (0,0) width 38: "RTL:"
            LayoutMeter (floating) {METER} at (664,0) size 80x16
          LayoutListItem {LI} at (40,108) size 744x50 [bgcolor=#EEEEEE]
            LayoutListMarker (anonymous) at (-17,0) size 7x18: bullet
            LayoutText {#text} at (0,0) size 32x18
              text run at (0,0) width 32: "Tall:"
            LayoutMeter (floating) {METER} at (664,0) size 80x50
          LayoutListItem {LI} at (40,158) size 744x18 [bgcolor=#CCCCCC]
            LayoutListMarker (anonymous) at (-17,0) size 7x18: bullet
            LayoutText {#text} at (0,0) size 44x18
              text run at (0,0) width 44: "Short:"
            LayoutMeter (floating) {METER} at (664,0) size 80x16
          LayoutListItem {LI} at (40,176) size 744x18 [bgcolor=#EEEEEE]
            LayoutListMarker (anonymous) at (-17,0) size 7x18: bullet
            LayoutText {#text} at (0,0) size 42x18
              text run at (0,0) width 42: "Wide:"
            LayoutMeter (floating) {METER} at (444,0) size 300x16
          LayoutListItem {LI} at (40,194) size 744x18 [bgcolor=#CCCCCC]
            LayoutListMarker (anonymous) at (-17,0) size 7x18: bullet
            LayoutText {#text} at (0,0) size 59x18
              text run at (0,0) width 59: "Narrow:"
            LayoutMeter (floating) {METER} at (714,0) size 30x16
