layer at (0,0) size 800x600
  LayoutView at (0,0) size 800x600
layer at (0,0) size 800x600
  LayoutBlockFlow {HTML} at (0,0) size 800x600
    LayoutBlockFlow {BODY} at (8,8) size 784x584
      LayoutBlockFlow {H2} at (3.19,0) size 777.63x18
        LayoutText {#text} at (0,0) size 357x18
          text run at (0,0) width 357: "Horizontal meters with the non-themed default style"
      LayoutBlockFlow {UL} at (3.19,21.19) size 777.63x62.19
        LayoutListItem {LI} at (43.19,0) size 731.25x18
          LayoutBlockFlow {METER} at (0,1.19) size 80x16
            LayoutMeter {DIV} at (0,0) size 80x16
              LayoutBlockFlow {DIV} at (0,0) size 80x16
                LayoutBlockFlow {DIV} at (0,0) size 20x16
          LayoutText {#text} at (80,0) size 4x18
            text run at (80,0) width 4: " "
          LayoutBlockFlow {METER} at (84,1.19) size 80x16
            LayoutMeter {DIV} at (0,0) size 80x16
              LayoutBlockFlow {DIV} at (0,0) size 80x16
                LayoutBlockFlow {DIV} at (0,0) size 36x16
          LayoutText {#text} at (164,0) size 4x18
            text run at (164,0) width 4: " "
          LayoutBlockFlow {METER} at (168,1.19) size 80x16
            LayoutMeter {DIV} at (0,0) size 80x16
              LayoutBlockFlow {DIV} at (0,0) size 80x16
                LayoutBlockFlow {DIV} at (0,0) size 60x16
        LayoutListItem {LI} at (43.19,21.19) size 731.25x41
          LayoutBlockFlow {METER} at (0,0.19) size 30x40
            LayoutMeter {DIV} at (0,0) size 30x40
              LayoutBlockFlow {DIV} at (0,0) size 30x40
                LayoutBlockFlow {DIV} at (0,0) size 7.50x40
          LayoutText {#text} at (30,23) size 4x18
            text run at (30,23) width 4: " "
          LayoutBlockFlow {METER} at (34,0.19) size 30x40
            LayoutMeter {DIV} at (0,0) size 30x40
              LayoutBlockFlow {DIV} at (0,0) size 30x40
                LayoutBlockFlow {DIV} at (0,0) size 13.50x40
          LayoutText {#text} at (64,23) size 4x18
            text run at (64,23) width 4: " "
          LayoutBlockFlow {METER} at (68,0.19) size 30x40
            LayoutMeter {DIV} at (0,0) size 30x40
              LayoutBlockFlow {DIV} at (0,0) size 30x40
                LayoutBlockFlow {DIV} at (0,0) size 22.50x40
      LayoutBlockFlow {H2} at (3.19,86.56) size 777.63x18
        LayoutText {#text} at (0,0) size 153x18
          text run at (0,0) width 153: "Providing meter styles"
      LayoutBlockFlow {DIV} at (0,107.75) size 784x90.56 [bgcolor=#EEEEEE]
        LayoutBlockFlow {UL} at (3.19,0) size 777.63x90.56
          LayoutListItem {LI} at (43.19,0) size 731.25x18
            LayoutBlockFlow {METER} at (0,1.19) size 80x16 [bgcolor=#AAAACC] [border: (5px solid #222244) (20px solid #222244) (5px solid #222244) (10px solid #222244)]
              LayoutMeter {DIV} at (10,5) size 50x6
                LayoutBlockFlow {DIV} at (0,0) size 50x6
                  LayoutBlockFlow {DIV} at (0,0) size 40x6
            LayoutText {#text} at (80,0) size 72x18
              text run at (80,0) width 72: " has border"
          LayoutListItem {LI} at (43.19,21.19) size 731.25x18
            LayoutBlockFlow {METER} at (0,1.19) size 80x16 [bgcolor=#AAAACC]
              LayoutMeter {DIV} at (10,5) size 50x6
                LayoutBlockFlow {DIV} at (0,0) size 50x6
                  LayoutBlockFlow {DIV} at (0,0) size 40x6
            LayoutText {#text} at (80,0) size 81x18
              text run at (80,0) width 81: " has padding"
          LayoutListItem {LI} at (43.19,42.38) size 731.25x27
            LayoutBlockFlow {METER} at (10,5.19) size 80x16 [bgcolor=#AAAACC]
              LayoutMeter {DIV} at (0,0) size 80x16
                LayoutBlockFlow {DIV} at (0,0) size 80x16
                  LayoutBlockFlow {DIV} at (0,0) size 64x16
            LayoutText {#text} at (110,9) size 75x18
              text run at (110,9) width 75: " has margin"
          LayoutListItem {LI} at (43.19,72.56) size 731.25x18
            LayoutMeter {METER} at (0,1.19) size 80x16
            LayoutText {#text} at (80,0) size 108x18
              text run at (80,0) width 108: " has box-shadow"
      LayoutBlockFlow {H2} at (3.19,201.50) size 777.63x18
        LayoutText {#text} at (0,0) size 227x18
          text run at (0,0) width 227: "Providing bar and/or value styles"
      LayoutBlockFlow {DIV} at (0,222.69) size 784x166.31 [bgcolor=#EEEEEE]
        LayoutBlockFlow {UL} at (3.19,0) size 777.63x81.56
          LayoutBlockFlow (anonymous) at (40,0) size 737.63x18
            LayoutText {#text} at (0,0) size 486x18
              text run at (0,0) width 486: "default -webkit-appearance, thus should use platform theme (only for Mac.)"
          LayoutListItem {LI} at (43.19,21.19) size 731.25x18
            LayoutMeter {METER} at (0,1.19) size 80x16
            LayoutText {#text} at (80,0) size 217x18
              text run at (80,0) width 217: " has bar style but should ignore it."
          LayoutListItem {LI} at (43.19,42.38) size 731.25x18
            LayoutMeter {METER} at (0,1.19) size 80x16
            LayoutText {#text} at (80,0) size 232x18
              text run at (80,0) width 232: " has value style but should ignore it."
          LayoutListItem {LI} at (43.19,63.56) size 731.25x18
            LayoutMeter {METER} at (0,1.19) size 80x16
            LayoutText {#text} at (80,0) size 255x18
              text run at (80,0) width 255: " has both styles but should ignore them."
        LayoutBlockFlow {UL} at (3.19,84.75) size 777.63x81.56
          LayoutBlockFlow (anonymous) at (40,0) size 737.63x18
            LayoutText {#text} at (0,0) size 470x18
              text run at (0,0) width 470: "-webkit-appearance: none, thus custom styled elements should be shown."
          LayoutListItem {LI} at (43.19,21.19) size 731.25x18
            LayoutBlockFlow {METER} at (0,1.19) size 80x16
              LayoutMeter {DIV} at (0,0) size 80x16
                LayoutBlockFlow {DIV} at (0,0) size 80x16
                  LayoutBlockFlow {DIV} at (0,0) size 64x16 [bgcolor=#008000] [border: (2px solid #77CC77)]
            LayoutText {#text} at (80,0) size 276x18
              text run at (80,0) width 276: " has bar style, should have solid value part."
          LayoutListItem {LI} at (43.19,42.38) size 731.25x18
            LayoutBlockFlow {METER} at (0,1.19) size 80x16
              LayoutMeter {DIV} at (0,0) size 80x16
                LayoutBlockFlow {DIV} at (0,0) size 80x16 [bgcolor=#808080] [border: (2px solid #222222)]
                  LayoutBlockFlow {DIV} at (2,2) size 60.80x12
            LayoutText {#text} at (80,0) size 261x18
              text run at (80,0) width 261: " has value style, should be solid bar part."
          LayoutListItem {LI} at (43.19,63.56) size 731.25x18
            LayoutBlockFlow {METER} at (0,1.19) size 80x16
              LayoutMeter {DIV} at (0,0) size 80x16
                LayoutBlockFlow {DIV} at (0,0) size 80x16 [bgcolor=#808080] [border: (2px solid #222222)]
                  LayoutBlockFlow {DIV} at (2,2) size 60.80x12 [bgcolor=#008000] [border: (2px solid #77CC77)]
            LayoutText {#text} at (80,0) size 240x18
              text run at (80,0) width 240: " should have solid bar and value part."
      LayoutBlockFlow {H2} at (3.19,392.19) size 777.63x18
        LayoutText {#text} at (0,0) size 157x18
          text run at (0,0) width 157: "Providing appearances"
      LayoutBlockFlow {DIV} at (0,413.38) size 784x39.19 [bgcolor=#EEEEEE]
        LayoutBlockFlow {UL} at (3.19,0) size 777.63x39.19
          LayoutListItem {LI} at (43.19,0) size 731.25x18
            LayoutBlockFlow {METER} at (0,1.19) size 80x16
              LayoutMeter {DIV} at (0,0) size 80x16
                LayoutBlockFlow {DIV} at (0,0) size 80x16
                  LayoutBlockFlow {DIV} at (0,0) size 64x16
            LayoutText {#text} at (80,0) size 381x18
              text run at (80,0) width 381: " has \"none\" appearance, should be styled with default style."
          LayoutListItem {LI} at (43.19,21.19) size 731.25x18
            LayoutMeter {METER} at (0,1.19) size 80x16
            LayoutText {#text} at (80,0) size 280x18
              text run at (80,0) width 280: " has \"meter\" appearance, should be themed."
      LayoutBlockFlow {H2} at (3.19,455.75) size 777.63x18
        LayoutText {#text} at (0,0) size 162x18
          text run at (0,0) width 162: "Providing bar paddings"
      LayoutBlockFlow {DIV} at (0,476.94) size 784x18 [bgcolor=#EEEEEE]
        LayoutBlockFlow {METER} at (0,1.19) size 80x16
          LayoutMeter {DIV} at (0,0) size 80x16
            LayoutBlockFlow {DIV} at (0,0) size 80x16
              LayoutBlockFlow {DIV} at (5,5) size 35x6
        LayoutText {#text} at (80,0) size 166x18
          text run at (80,0) width 166: " has \"padding\" on the bar."
