layer at (0,0) size 800x600 clip at (0,0) size 785x600 scrollHeight 1374
  LayoutView at (0,0) size 800x600
layer at (0,0) size 785x1374 backgroundClip at (0,0) size 785x600 clip at (0,0) size 785x600
  LayoutBlockFlow {HTML} at (0,0) size 785x1374.19
    LayoutBlockFlow {BODY} at (8,17.41) size 769x1348.78 [color=#00FF00] [bgcolor=#333333]
      LayoutBlockFlow {H1} at (0,0) size 769x30
        LayoutText {#text} at (0,0) size 515x30
          text run at (0,0) width 515: "CSS2 Table Backgrounds Test Suite"
      LayoutBlockFlow {H2} at (0,47.41) size 769x22
        LayoutText {#text} at (0,0) size 363x22
          text run at (0,0) width 363: "Part D: Background with Borders"
      LayoutBlockFlow {H3} at (0,85.58) size 769x17
        LayoutText {#text} at (0,0) size 279x17
          text run at (0,0) width 279: "Background on 'table-row-group'"
      LayoutBlockFlow {P} at (0,117.78) size 769x48
        LayoutText {#text} at (0,0) size 760x48
          text run at (0,0) width 744: "There should be three aqua stripes along the top of cells A, B, C, and D in the first row and"
          text run at (0,16) width 760: "three stripes along the right edge of D, the last cell in that row. The stripes should align to"
          text run at (0,32) width 336: "be just inside the padding edge of cell D."
      LayoutBlockFlow {P} at (0,178.78) size 769x64
        LayoutText {#text} at (0,0) size 768x64
          text run at (0,0) width 752: "There should be three aqua stripes along the bottom of cells J, K, and L. The stripes continue"
          text run at (0,16) width 744: "across the bottom of cell E, but are partially obscured by the border. The stripes turn up at"
          text run at (0,32) width 768: "cell E's bottom left corner to run under its border a few pixels to the right of its left border"
          text run at (0,48) width 600: "edge. The stripes will align to be just above cell K's bottom padding edge."
      LayoutBlockFlow {DL} at (0,255.78) size 769x96
        LayoutBlockFlow {DT} at (0,0) size 769x16
          LayoutText {#text} at (0,0) size 32x16
            text run at (0,0) width 32: "next"
        LayoutBlockFlow {DD} at (40,16) size 729x16
          LayoutInline {A} at (0,0) size 472x16 [color=#FFFF00]
            LayoutText {#text} at (0,0) size 472x16
              text run at (0,0) width 472: "Background with Borders: Background on 'table-column-group'"
          LayoutText {#text} at (0,0) size 0x0
        LayoutBlockFlow {DT} at (0,32) size 769x16
          LayoutText {#text} at (0,0) size 64x16
            text run at (0,0) width 64: "previous"
        LayoutBlockFlow {DD} at (40,48) size 729x16
          LayoutInline {A} at (0,0) size 368x16 [color=#FFFF00]
            LayoutText {#text} at (0,0) size 368x16
              text run at (0,0) width 368: "Background with Borders: Background on 'table'"
          LayoutText {#text} at (0,0) size 0x0
        LayoutBlockFlow {DT} at (0,64) size 769x16
          LayoutText {#text} at (0,0) size 64x16
            text run at (0,0) width 64: "contents"
        LayoutBlockFlow {DD} at (40,80) size 729x16
          LayoutInline {A} at (0,0) size 136x16 [color=#FFFF00]
            LayoutText {#text} at (0,0) size 136x16
              text run at (0,0) width 136: "Table of Contents"
          LayoutText {#text} at (0,0) size 0x0
      LayoutTable {TABLE} at (0,364.78) size 630x483 [color=#FFFFFF] [border: (3px dotted #FFFFFF)]
        LayoutBlockFlow {CAPTION} at (0,0) size 630x27
          LayoutText {#text} at (147,0) size 336x27
            text run at (147,0) width 336: "With 'border-collapse: separate'"
        LayoutTableCol {COLGROUP} at (0,0) size 0x0
          LayoutTableCol {COL} at (0,0) size 0x0
          LayoutTableCol {COL} at (0,0) size 0x0
          LayoutTableCol {COL} at (0,0) size 0x0
        LayoutTableCol {COLGROUP} at (0,0) size 0x0
          LayoutTableCol {COL} at (0,0) size 0x0
        LayoutTableSection {THEAD} at (3,30) size 624x122 [bgcolor=#000000] [border: (5px dashed #FFFFFF)]
          LayoutTableRow {TR} at (0,7) size 624x108
            LayoutTableCell {TH} at (7,48) size 130x26 [border: (1px dotted #FFFFFF)] [r=0 c=0 rs=1 cs=1]
              LayoutText {#text} at (42,2) size 46x21
                text run at (42,2) width 46: "TH A"
            LayoutTableCell {TH} at (144,36) size 220x50 [border: (13px dotted #FFFFFF)] [r=0 c=1 rs=1 cs=1]
              LayoutText {#text} at (87,14) size 46x21
                text run at (87,14) width 46: "TH B"
            LayoutTableCell {TH} at (371,48) size 118x26 [border: (1px dotted #FFFFFF)] [r=0 c=2 rs=1 cs=1]
              LayoutText {#text} at (36,2) size 46x21
                text run at (36,2) width 46: "TH C"
            LayoutTableCell {TH} at (496,44) size 121x34 [border: (5px dashed #FFFFFF)] [r=0 c=3 rs=1 cs=1]
              LayoutText {#text} at (38,6) size 45x21
                text run at (38,6) width 45: "TH D"
        LayoutTableSection {TFOOT} at (3,358) size 624x122
          LayoutTableRow {TR} at (0,0) size 624x115
            LayoutTableCell {TD} at (7,42) size 357x31 [border: (1px dotted #FFFFFF)] [r=0 c=0 rs=1 cs=2]
              LayoutText {#text} at (2,2) size 54x27
                text run at (2,2) width 54: "TD M"
            LayoutTableCell {TD} at (371,42) size 118x31 [border: (1px dotted #FFFFFF)] [r=0 c=2 rs=1 cs=1]
              LayoutText {#text} at (2,2) size 52x27
                text run at (2,2) width 52: "TD O"
            LayoutTableCell {TD} at (496,42) size 121x31 [border: (1px dotted #FFFFFF)] [r=0 c=3 rs=1 cs=1]
              LayoutText {#text} at (2,2) size 50x27
                text run at (2,2) width 50: "TD P"
        LayoutTableSection {TBODY} at (3,152) size 624x206 [bgcolor=#000000] [border: (5px dashed #FFFFFF)]
          LayoutTableRow {TR} at (0,0) size 624x108
            LayoutTableCell {TD} at (7,72) size 130x55 [border: (13px dotted #FFFFFF)] [r=0 c=0 rs=2 cs=1]
              LayoutText {#text} at (14,14) size 50x27
                text run at (14,14) width 50: "TD E"
            LayoutTableCell {TD} at (144,38) size 220x31 [border: (1px dotted #FFFFFF)] [r=0 c=1 rs=1 cs=1]
              LayoutText {#text} at (2,2) size 48x27
                text run at (2,2) width 48: "TD F"
            LayoutTableCell {TD} at (371,38) size 118x31 [border: (1px dotted #FFFFFF)] [r=0 c=2 rs=1 cs=1]
              LayoutText {#text} at (2,2) size 52x27
                text run at (2,2) width 52: "TD G"
            LayoutTableCell {TD} at (496,38) size 121x31 [border: (1px dotted #FFFFFF)] [r=0 c=3 rs=1 cs=1]
              LayoutText {#text} at (2,2) size 52x27
                text run at (2,2) width 52: "TD H"
          LayoutTableRow {TR} at (0,115) size 624x84
            LayoutTableCell {TD} at (144,141) size 220x31 [border: (1px dotted #FFFFFF)] [r=1 c=1 rs=1 cs=1]
              LayoutText {#text} at (2,2) size 48x27
                text run at (2,2) width 48: "TD J"
            LayoutTableCell {TD} at (371,137) size 118x39 [border: (5px dashed #FFFFFF)] [r=1 c=2 rs=1 cs=1]
              LayoutText {#text} at (6,6) size 52x27
                text run at (6,6) width 52: "TD K"
            LayoutTableCell {TD} at (496,141) size 121x31 [border: (1px dotted #FFFFFF)] [r=1 c=3 rs=1 cs=1]
              LayoutText {#text} at (2,2) size 48x27
                text run at (2,2) width 48: "TD L"
      LayoutTable {TABLE} at (0,847.78) size 590x449 [color=#FFFFFF] [border: (6px dotted #FFFFFF)]
        LayoutBlockFlow {CAPTION} at (0,0) size 590x27
          LayoutText {#text} at (129,0) size 332x27
            text run at (129,0) width 332: "With 'border-collapse: collapse'"
        LayoutTableCol {COLGROUP} at (0,0) size 0x0
          LayoutTableCol {COL} at (0,0) size 0x0
          LayoutTableCol {COL} at (0,0) size 0x0
          LayoutTableCol {COL} at (0,0) size 0x0
        LayoutTableCol {COLGROUP} at (0,0) size 0x0
          LayoutTableCol {COL} at (0,0) size 0x0
        LayoutTableSection {THEAD} at (2,33) size 585x103 [bgcolor=#000000] [border: (5px dashed #FFFFFF)]
          LayoutTableRow {TR} at (0,0) size 585x103
            LayoutTableCell {TH} at (0,35) size 137x33 [border: (3px dotted #FFFFFF)] [r=0 c=0 rs=1 cs=1]
              LayoutText {#text} at (44,4) size 46x21
                text run at (44,4) width 46: "TH A"
            LayoutTableCell {TH} at (137,33) size 207x37 [border: (7px dotted #FFFFFF)] [r=0 c=1 rs=1 cs=1]
              LayoutText {#text} at (81,8) size 46x21
                text run at (81,8) width 46: "TH B"
            LayoutTableCell {TH} at (344,37) size 125x29 [border: (3px dotted #FFFFFF)] [r=0 c=2 rs=1 cs=1]
              LayoutText {#text} at (42,4) size 46x21
                text run at (42,4) width 46: "TH C"
            LayoutTableCell {TH} at (469,37) size 116x29 [border: (3px dashed #FFFFFF)] [r=0 c=3 rs=1 cs=1]
              LayoutText {#text} at (36,4) size 45x21
                text run at (36,4) width 45: "TH D"
        LayoutTableSection {TFOOT} at (2,330) size 585x117
          LayoutTableRow {TR} at (0,0) size 585x117
            LayoutTableCell {TD} at (0,40) size 344x37 [border: (7px dotted #FFFFFF)] [r=0 c=0 rs=1 cs=2]
              LayoutText {#text} at (3,8) size 54x27
                text run at (3,8) width 54: "TD M"
            LayoutTableCell {TD} at (344,42) size 125x33 [border: (3px dotted #FFFFFF)] [r=0 c=2 rs=1 cs=1]
              LayoutText {#text} at (2,4) size 52x27
                text run at (2,4) width 52: "TD O"
            LayoutTableCell {TD} at (469,42) size 116x33 [border: (3px dotted #FFFFFF)] [r=0 c=3 rs=1 cs=1]
              LayoutText {#text} at (2,4) size 50x27
                text run at (2,4) width 50: "TD P"
        LayoutTableSection {TBODY} at (2,136) size 585x194 [bgcolor=#000000] [border: (5px dashed #FFFFFF)]
          LayoutTableRow {TR} at (0,0) size 585x109
            LayoutTableCell {TD} at (0,76) size 137x42 [border: (7px dotted #FFFFFF)] [r=0 c=0 rs=2 cs=1]
              LayoutText {#text} at (8,8) size 50x27
                text run at (8,8) width 50: "TD E"
            LayoutTableCell {TD} at (137,36) size 207x36 [border: (7px dotted #FFFFFF)] [r=0 c=1 rs=1 cs=1]
              LayoutText {#text} at (8,8) size 48x27
                text run at (8,8) width 48: "TD F"
            LayoutTableCell {TD} at (344,37) size 125x34 [border: (3px dotted #FFFFFF)] [r=0 c=2 rs=1 cs=1]
              LayoutText {#text} at (2,4) size 52x27
                text run at (2,4) width 52: "TD G"
            LayoutTableCell {TD} at (469,38) size 116x32 [border: (3px dotted #FFFFFF)] [r=0 c=3 rs=1 cs=1]
              LayoutText {#text} at (2,4) size 52x27
                text run at (2,4) width 52: "TD H"
          LayoutTableRow {TR} at (0,109) size 585x85
            LayoutTableCell {TD} at (137,135) size 207x32 [border: (1px dotted #FFFFFF)] [r=1 c=1 rs=1 cs=1]
              LayoutText {#text} at (8,2) size 48x27
                text run at (8,2) width 48: "TD J"
            LayoutTableCell {TD} at (344,134) size 125x34 [border: (3px dashed #FFFFFF)] [r=1 c=2 rs=1 cs=1]
              LayoutText {#text} at (4,4) size 52x27
                text run at (4,4) width 52: "TD K"
            LayoutTableCell {TD} at (469,135) size 116x32 [border: (1px dotted #FFFFFF)] [r=1 c=3 rs=1 cs=1]
              LayoutText {#text} at (4,2) size 48x27
                text run at (4,2) width 48: "TD L"
      LayoutBlockFlow {DIV} at (0,1296.78) size 769x35
        LayoutInline {A} at (0,0) size 88x16 [color=#FFFF00]
          LayoutImage {IMG} at (0,0) size 88x31
        LayoutText {#text} at (0,0) size 0x0
      LayoutBlockFlow {ADDRESS} at (0,1331.78) size 769x17
        LayoutText {#text} at (0,0) size 704x17
          text run at (0,0) width 704: "CSS2 Table Backgrounds Test Suite designed and written by fantasai <fantasai@escape.com>"
