layer at (0,0) size 800x600
  LayoutView at (0,0) size 800x600
layer at (0,0) size 800x600
  LayoutBlockFlow {HTML} at (0,0) size 800x600
    LayoutBlockFlow {BODY} at (8,8) size 784x584
      LayoutBlockFlow (anonymous) at (0,0) size 784x18
        LayoutText {#text} at (0,0) size 429x18
          text run at (0,0) width 429: "Pixel test for complex text rendering with opacity (Chromium bug "
        LayoutInline {A} at (0,0) size 33x18 [color=#0000EE]
          LayoutText {#text} at (428,0) size 33x18
            text run at (428,0) width 33: "8768"
        LayoutText {#text} at (460,0) size 10x18
          text run at (460,0) width 10: ")."
      LayoutBlockFlow {P} at (0,34) size 784x0
      LayoutBlockFlow {DIV} at (0,34) size 784x40
        LayoutInline {SPAN} at (0,0) size 44x29
          LayoutText {#text} at (0,0) size 44x29
            text run at (0,0) width 44: "\x{916}\x{94B}\x{91C}\x{947}\x{902}"
        LayoutText {#text} at (43,0) size 7x29
          text run at (43,0) width 7: " "
        LayoutText {#text} at (93,0) size 7x29
          text run at (93,0) width 7: " "
        LayoutText {#text} at (142,0) size 8x29
          text run at (142,0) width 8: " "
        LayoutText {#text} at (192,0) size 7x29
          text run at (192,0) width 7: " "
        LayoutText {#text} at (242,0) size 7x29
          text run at (242,0) width 7: " "
        LayoutText {#text} at (292,0) size 7x29
          text run at (292,0) width 7: " "
        LayoutText {#text} at (341,0) size 8x29
          text run at (341,0) width 8: " "
        LayoutText {#text} at (391,0) size 7x29
          text run at (391,0) width 7: " "
        LayoutText {#text} at (441,0) size 7x29
          text run at (441,0) width 7: " "
        LayoutText {#text} at (490,0) size 8x29
          text run at (490,0) width 8: " "
        LayoutText {#text} at (0,0) size 0x0
      LayoutBlockFlow {DIV} at (0,74) size 784x33
        LayoutInline {SPAN} at (0,0) size 51x29
          LayoutText {#text} at (562,0) size 51x29
            text run at (562,0) width 51 RTL: "\x{64A}\x{624}\x{644}\x{645}\x{646}\x{64A}"
        LayoutText {#text} at (556,0) size 7x29
          text run at (556,0) width 7 RTL: " "
        LayoutText {#text} at (499,0) size 8x29
          text run at (499,0) width 8 RTL: " "
        LayoutText {#text} at (443,0) size 7x29
          text run at (443,0) width 7 RTL: " "
        LayoutText {#text} at (387,0) size 7x29
          text run at (387,0) width 7 RTL: " "
        LayoutText {#text} at (331,0) size 7x29
          text run at (331,0) width 7 RTL: " "
        LayoutText {#text} at (274,0) size 8x29
          text run at (274,0) width 8 RTL: " "
        LayoutText {#text} at (218,0) size 7x29
          text run at (218,0) width 7 RTL: " "
        LayoutText {#text} at (162,0) size 7x29
          text run at (162,0) width 7 RTL: " "
        LayoutText {#text} at (106,0) size 7x29
          text run at (106,0) width 7 RTL: " "
        LayoutText {#text} at (49,0) size 8x29
          text run at (49,0) width 8 RTL: " "
        LayoutText {#text} at (0,0) size 0x0
layer at (8,42) size 45x29 transparent
  LayoutInline {SPAN} at (0,0) size 45x29
    LayoutText {#text} at (49,0) size 45x29
      text run at (49,0) width 45: "\x{916}\x{94B}\x{91C}\x{947}\x{902}"
layer at (8,42) size 44x29 transparent
  LayoutInline {SPAN} at (0,0) size 44x29
    LayoutText {#text} at (99,0) size 44x29
      text run at (99,0) width 44: "\x{916}\x{94B}\x{91C}\x{947}\x{902}"
layer at (8,42) size 44x29 transparent
  LayoutInline {SPAN} at (0,0) size 44x29
    LayoutText {#text} at (149,0) size 44x29
      text run at (149,0) width 44: "\x{916}\x{94B}\x{91C}\x{947}\x{902}"
layer at (8,42) size 45x29 transparent
  LayoutInline {SPAN} at (0,0) size 45x29
    LayoutText {#text} at (198,0) size 45x29
      text run at (198,0) width 45: "\x{916}\x{94B}\x{91C}\x{947}\x{902}"
layer at (8,42) size 45x29 transparent
  LayoutInline {SPAN} at (0,0) size 45x29
    LayoutText {#text} at (248,0) size 45x29
      text run at (248,0) width 45: "\x{916}\x{94B}\x{91C}\x{947}\x{902}"
layer at (8,42) size 44x29 transparent
  LayoutInline {SPAN} at (0,0) size 44x29
    LayoutText {#text} at (298,0) size 44x29
      text run at (298,0) width 44: "\x{916}\x{94B}\x{91C}\x{947}\x{902}"
layer at (8,42) size 44x29 transparent
  LayoutInline {SPAN} at (0,0) size 44x29
    LayoutText {#text} at (348,0) size 44x29
      text run at (348,0) width 44: "\x{916}\x{94B}\x{91C}\x{947}\x{902}"
layer at (8,42) size 45x29 transparent
  LayoutInline {SPAN} at (0,0) size 45x29
    LayoutText {#text} at (397,0) size 45x29
      text run at (397,0) width 45: "\x{916}\x{94B}\x{91C}\x{947}\x{902}"
layer at (8,42) size 44x29 transparent
  LayoutInline {SPAN} at (0,0) size 44x29
    LayoutText {#text} at (447,0) size 44x29
      text run at (447,0) width 44: "\x{916}\x{94B}\x{91C}\x{947}\x{902}"
layer at (8,42) size 44x29 transparent
  LayoutInline {SPAN} at (0,0) size 44x29
    LayoutText {#text} at (497,0) size 44x29
      text run at (497,0) width 44: "\x{916}\x{94B}\x{91C}\x{947}\x{902}"
layer at (8,82) size 51x29 transparent
  LayoutInline {SPAN} at (0,0) size 51x29
    LayoutText {#text} at (506,0) size 51x29
      text run at (506,0) width 51 RTL: "\x{64A}\x{624}\x{644}\x{645}\x{646}\x{64A}"
layer at (8,82) size 51x29 transparent
  LayoutInline {SPAN} at (0,0) size 51x29
    LayoutText {#text} at (449,0) size 51x29
      text run at (449,0) width 51 RTL: "\x{64A}\x{624}\x{644}\x{645}\x{646}\x{64A}"
layer at (8,82) size 51x29 transparent
  LayoutInline {SPAN} at (0,0) size 51x29
    LayoutText {#text} at (393,0) size 51x29
      text run at (393,0) width 51 RTL: "\x{64A}\x{624}\x{644}\x{645}\x{646}\x{64A}"
layer at (8,82) size 51x29 transparent
  LayoutInline {SPAN} at (0,0) size 51x29
    LayoutText {#text} at (337,0) size 51x29
      text run at (337,0) width 51 RTL: "\x{64A}\x{624}\x{644}\x{645}\x{646}\x{64A}"
layer at (8,82) size 51x29 transparent
  LayoutInline {SPAN} at (0,0) size 51x29
    LayoutText {#text} at (281,0) size 51x29
      text run at (281,0) width 51 RTL: "\x{64A}\x{624}\x{644}\x{645}\x{646}\x{64A}"
layer at (8,82) size 51x29 transparent
  LayoutInline {SPAN} at (0,0) size 51x29
    LayoutText {#text} at (224,0) size 51x29
      text run at (224,0) width 51 RTL: "\x{64A}\x{624}\x{644}\x{645}\x{646}\x{64A}"
layer at (8,82) size 51x29 transparent
  LayoutInline {SPAN} at (0,0) size 51x29
    LayoutText {#text} at (168,0) size 51x29
      text run at (168,0) width 51 RTL: "\x{64A}\x{624}\x{644}\x{645}\x{646}\x{64A}"
layer at (8,82) size 51x29 transparent
  LayoutInline {SPAN} at (0,0) size 51x29
    LayoutText {#text} at (112,0) size 51x29
      text run at (112,0) width 51 RTL: "\x{64A}\x{624}\x{644}\x{645}\x{646}\x{64A}"
layer at (8,82) size 51x29 transparent
  LayoutInline {SPAN} at (0,0) size 51x29
    LayoutText {#text} at (56,0) size 51x29
      text run at (56,0) width 51 RTL: "\x{64A}\x{624}\x{644}\x{645}\x{646}\x{64A}"
layer at (8,82) size 50x29 transparent
  LayoutInline {SPAN} at (0,0) size 50x29
    LayoutText {#text} at (0,0) size 50x29
      text run at (0,0) width 50 RTL: "\x{64A}\x{624}\x{644}\x{645}\x{646}\x{64A}"
