layer at (0,0) size 800x600
  LayoutView at (0,0) size 800x600
layer at (0,0) size 800x600
  LayoutBlockFlow {HTML} at (0,0) size 800x600
    LayoutBlockFlow {BODY} at (8,8) size 784x584
      LayoutBlockFlow {P} at (0,0) size 784x18
        LayoutText {#text} at (0,0) size 54x18
          text run at (0,0) width 54: "Test for "
        LayoutInline {I} at (0,0) size 609x18
          LayoutInline {A} at (0,0) size 305x18 [color=#0000EE]
            LayoutText {#text} at (53,0) size 305x18
              text run at (53,0) width 305: "http://bugs.webkit.org/show_bug.cgi?id=13178"
          LayoutText {#text} at (357,0) size 305x18
            text run at (357,0) width 5: " "
            text run at (361,0) width 301: "Helvetica zero-width space has non-zero width"
        LayoutText {#text} at (661,0) size 5x18
          text run at (661,0) width 5: "."
      LayoutBlockFlow {P} at (0,34) size 784x18
        LayoutText {#text} at (0,0) size 275x18
          text run at (0,0) width 275: "The following lines should all be identical."
      LayoutBlockFlow {DIV} at (0,68) size 784x41
        LayoutText {#text} at (0,0) size 387x41
          text run at (0,0) width 387: "Lor\x{E9}m\x{200B}ipsum\x{200E}dolor\x{1F}sit"
      LayoutBlockFlow {DIV} at (0,109) size 784x41
        LayoutText {#text} at (0,0) size 387x41
          text run at (0,0) width 387: "Lore\x{301}m\x{200B}ipsum\x{200E}dolor\x{1F}sit"
      LayoutBlockFlow {DIV} at (0,150) size 784x41
        LayoutText {#text} at (0,0) size 387x41
          text run at (0,0) width 387: "Lor\x{E9}mipsumdolorsit"
