layer at (0,0) size 800x600
  LayoutView at (0,0) size 800x600
layer at (0,0) size 800x600
  LayoutBlockFlow {HTML} at (0,0) size 800x600
    LayoutBlockFlow {BODY} at (8,8) size 784x584
      LayoutBlockFlow {P} at (0,0) size 784x40
        LayoutText {#text} at (0,0) size 724x39
          text run at (0,0) width 576: "This tests to make sure that a drag-selecting through a -webkit-user-select:ignore region works. "
          text run at (575,0) width 149: "The selection should end"
          text run at (0,20) width 257: "somewhere inside the word 'World' below."
      LayoutBlockFlow {DIV} at (0,56) size 784x20
        LayoutInline {SPAN} at (0,0) size 32x19
          LayoutText {#text} at (0,0) size 32x19
            text run at (0,0) width 32: "Hello"
        LayoutText {#text} at (32,0) size 4x19
          text run at (32,0) width 4: " "
        LayoutInline {SPAN} at (0,0) size 38x19
          LayoutText {#text} at (36,0) size 38x19
            text run at (36,0) width 38: "World"
selection start: position 0 of child 0 {#text} of child 0 {SPAN} of child 2 {DIV} of body
selection end:   position 2 of child 0 {#text} of child 2 {SPAN} of child 2 {DIV} of body
