layer at (0,0) size 800x600
  LayoutView at (0,0) size 800x600
layer at (0,0) size 800x600
  LayoutBlockFlow {HTML} at (0,0) size 800x600
    LayoutBlockFlow {BODY} at (8,8) size 784x584
      LayoutBlockFlow {P} at (0,0) size 784x20
        LayoutText {#text} at (0,0) size 758x19
          text run at (0,0) width 486: "This tries to select a table inside an editable region whose content is not editable. "
          text run at (486,0) width 272: "The table and its contents should be selected."
      LayoutBlockFlow {DIV} at (0,36) size 784x30
        LayoutTable {TABLE} at (0,0) size 30x30 [border: (1px outset #808080)]
          LayoutTableSection {TBODY} at (1,1) size 28x28
            LayoutTableRow {TR} at (0,2) size 28x24
              LayoutTableCell {TD} at (2,2) size 24x24 [border: (1px inset #808080)] [r=0 c=0 rs=1 cs=1]
                LayoutText {#text} at (2,2) size 20x19
                  text run at (2,2) width 20: "foo"
selection start: position 0 of child 0 {TABLE} of child 2 {DIV} of body
selection end:   position 1 of child 0 {TABLE} of child 2 {DIV} of body
