EDITING DELEGATE: webViewDidChangeSelection:WebViewDidChangeSelectionNotification
EDITING DELEGATE: webViewDidChangeSelection:WebViewDidChangeSelectionNotification
EDITING DELEGATE: webViewDidChangeSelection:WebViewDidChangeSelectionNotification
EDITING DELEGATE: webViewDidChangeSelection:WebViewDidChangeSelectionNotification
EDITING DELEGATE: webViewDidChangeSelection:WebViewDidChangeSelectionNotification
EDITING DELEGATE: webViewDidChangeSelection:WebViewDidChangeSelectionNotification
EDITING DELEGATE: webViewDidChangeSelection:WebViewDidChangeSelectionNotification
EDITING DELEGATE: webViewDidChangeSelection:WebViewDidChangeSelectionNotification
layer at (0,0) size 800x600
  LayoutView at (0,0) size 800x600
layer at (0,0) size 800x600
  LayoutBlockFlow {HTML} at (0,0) size 800x600
    LayoutBlockFlow {BODY} at (8,8) size 784x584
      LayoutBlockFlow {P} at (0,0) size 784x20
        LayoutText {#text} at (0,0) size 738x19
          text run at (0,0) width 738: "This tests for a bug moving down by a line from a line just above a ToDo, and moving up by a line from just below a ToDo."
      LayoutBlockFlow {DIV} at (0,36) size 784x70
        LayoutBlockFlow {DIV} at (0,0) size 784x20
          LayoutText {#text} at (0,0) size 261x19
            text run at (0,0) width 261: "Click anywhere in this line and move down."
        LayoutTable {TABLE} at (0,20) size 318x30 [border: (1px outset #808080)]
          LayoutTableSection {TBODY} at (1,1) size 316x28
            LayoutTableRow {TR} at (0,2) size 316x24
              LayoutTableCell {TD} at (2,2) size 312x24 [border: (1px inset #808080)] [r=0 c=0 rs=1 cs=1]
                LayoutText {#text} at (2,2) size 61x19
                  text run at (2,2) width 61: "The caret "
                LayoutInline {SPAN} at (0,0) size 39x19 [color=#0000FF]
                  LayoutText {#text} at (63,2) size 39x19
                    text run at (63,2) width 39: "should"
                LayoutText {#text} at (102,2) size 208x19
                  text run at (102,2) width 208: " always go into the editable region."
        LayoutBlockFlow {DIV} at (0,50) size 784x20
          LayoutText {#text} at (0,0) size 242x19
            text run at (0,0) width 242: "Click anywhere in this line and move up."
caret: position 6 of child 0 {#text} of child 1 {SPAN} of child 0 {TD} of child 0 {TR} of child 0 {TBODY} of child 3 {TABLE} of child 2 {DIV} of body
