layer at (0,0) size 800x600
  LayoutView at (0,0) size 800x600
layer at (0,0) size 800x600
  LayoutBlockFlow {HTML} at (0,0) size 800x600
    LayoutBlockFlow {BODY} at (8,8) size 784x576
      LayoutBlockFlow {P} at (0,0) size 784x60
        LayoutText {#text} at (0,0) size 782x59
          text run at (0,0) width 782: "This tests to see if a mouse click inside an editable, focusable node focuses that node. Normally, we focus a node on mouse down,"
          text run at (0,20) width 773: "but to make it easier to drag selections containing editable pieces we delay focus until mouse up. The editable table cell should be"
          text run at (0,40) width 335: "focused and you should see a 'Success' message below."
      LayoutBlockFlow {DIV} at (0,76) size 784x30
        LayoutTable {TABLE} at (0,0) size 138x30 [border: (1px outset #808080)]
          LayoutTableSection {TBODY} at (1,1) size 136x28
            LayoutTableRow {TR} at (0,2) size 136x24
              LayoutTableCell {TD} at (2,2) size 79x24 [border: (1px inset #808080)] [r=0 c=0 rs=1 cs=1]
                LayoutText {#text} at (2,2) size 75x19
                  text run at (2,2) width 75: "non-editable"
              LayoutTableCell {TD} at (83,2) size 51x24 [border: (1px inset #808080)] [r=0 c=1 rs=1 cs=1]
                LayoutText {#text} at (2,2) size 47x19
                  text run at (2,2) width 47: "editable"
      LayoutBlockFlow {DIV} at (0,106) size 784x20
        LayoutBR {BR} at (0,0) size 0x19
      LayoutBlockFlow {UL} at (0,142) size 784x20
        LayoutListItem {LI} at (40,0) size 744x20
          LayoutListMarker (anonymous) at (-18,0) size 7x19: bullet
          LayoutText {#text} at (0,0) size 49x19
            text run at (0,0) width 49: "Success"
caret: position 4 of child 0 {#text} of child 1 {TD} of child 0 {TR} of child 0 {TBODY} of child 0 {TABLE} of child 2 {DIV} of body
