EDITING DELEGATE: webViewDidChangeSelection:WebViewDidChangeSelectionNotification
EDITING DELEGATE: webViewDidChangeSelection:WebViewDidChangeSelectionNotification
EDITING DELEGATE: webViewDidChangeSelection:WebViewDidChangeSelectionNotification
layer at (0,0) size 800x600
  LayoutView at (0,0) size 800x600
layer at (0,0) size 800x600
  LayoutBlockFlow {HTML} at (0,0) size 800x600
    LayoutBlockFlow {BODY} at (8,8) size 784x584
      LayoutBlockFlow {P} at (0,0) size 784x20
        LayoutText {#text} at (0,0) size 390x19
          text run at (0,0) width 390: "This tests for a bug where images would act as word boundaries."
      LayoutBlockFlow {DIV} at (0,36) size 784x108
        LayoutText {#text} at (0,88) size 23x19
          text run at (0,88) width 23: "The"
        LayoutImage {IMG} at (23,0) size 76x103
        LayoutText {#text} at (99,88) size 351x19
          text run at (99,88) width 351: "caret should be just after the second word in this sentence."
caret: position 5 of child 2 {#text} of child 2 {DIV} of body
