EDITING DELEGATE: webViewDidChangeSelection:WebViewDidChangeSelectionNotification
EDITING DELEGATE: webViewDidChangeSelection:WebViewDidChangeSelectionNotification
EDITING DELEGATE: webViewDidChangeSelection:WebViewDidChangeSelectionNotification
layer at (0,0) size 800x600
  LayoutView at (0,0) size 800x600
layer at (0,0) size 800x600
  LayoutBlockFlow {HTML} at (0,0) size 800x600
    LayoutBlockFlow {BODY} at (8,8) size 784x584
      LayoutBlockFlow {P} at (0,0) size 784x20
        LayoutText {#text} at (0,0) size 410x19
          text run at (0,0) width 410: "This tests for a bug where images would act as sentence boundaries."
      LayoutBlockFlow {DIV} at (0,36) size 784x108
        LayoutText {#text} at (0,88) size 123x19
          text run at (0,88) width 123: "The caret should be "
        LayoutImage {IMG} at (123,0) size 76x103
        LayoutText {#text} at (199,88) size 193x19
          text run at (199,88) width 193: "at the beginning of this sentence."
caret: position 0 of child 0 {#text} of child 2 {DIV} of body
