EDITING DELEGATE: webViewDidChangeSelection:WebViewDidChangeSelectionNotification
EDITING DELEGATE: webViewDidChangeSelection:WebViewDidChangeSelectionNotification
EDITING DELEGATE: webViewDidChangeSelection:WebViewDidChangeSelectionNotification
EDITING DELEGATE: webViewDidChangeSelection:WebViewDidChangeSelectionNotification
EDITING DELEGATE: webViewDidChangeSelection:WebViewDidChangeSelectionNotification
EDITING DELEGATE: webViewDidChangeSelection:WebViewDidChangeSelectionNotification
EDITING DELEGATE: webViewDidChangeSelection:WebViewDidChangeSelectionNotification
EDITING DELEGATE: webViewDidChangeSelection:WebViewDidChangeSelectionNotification
layer at (0,0) size 800x600
  LayoutView at (0,0) size 800x600
layer at (0,0) size 800x600
  LayoutBlockFlow {HTML} at (0,0) size 800x600
    LayoutBlockFlow {BODY} at (8,8) size 784x584
      LayoutBlockFlow {P} at (0,0) size 784x80
        LayoutText {#text} at (0,0) size 782x79
          text run at (0,0) width 389: "This tests moveTo{Beginning, End}OfLineAndModifySelection. "
          text run at (388,0) width 330: "It should operate on line boundaries and not paragraph"
          text run at (0,20) width 74: "boundaries. "
          text run at (74,20) width 708: "To run it manually, click inside the first line of the editable region below and do Command+Shift+Left/Right Arrow, the"
          text run at (0,40) width 511: "selection should extend to the start/end of the line, not the start/end of the paragraph. "
          text run at (511,40) width 154: "Also, moveTo{Beginning,"
          text run at (0,60) width 318: "End}OfParagraphAndModifySelection should work."
      LayoutBlockFlow {DIV} at (0,96) size 200x40
        LayoutText {#text} at (0,0) size 179x39
          text run at (0,0) width 175: "The quick brown fox jumped"
          text run at (175,0) width 4: " "
          text run at (0,20) width 150: "over the lazy brown dog."
selection start: position 0 of child 0 {#text} of child 2 {DIV} of body
selection end:   position 51 of child 0 {#text} of child 2 {DIV} of body
