layer at (0,0) size 800x600
  LayoutView at (0,0) size 800x600
layer at (0,0) size 800x600
  LayoutBlockFlow {HTML} at (0,0) size 800x600
    LayoutBlockFlow {BODY} at (8,8) size 784x584
      LayoutBlockFlow {P} at (0,0) size 784x20
        LayoutText {#text} at (0,0) size 582x19
          text run at (0,0) width 582: "This tests caret painting after a table, you should see a caret after the table containing 'foo' above."
      LayoutBlockFlow {DIV} at (0,36) size 784x28
        LayoutTable {TABLE} at (0,0) size 28x28 [border: (1px solid #AAAAAA)]
          LayoutTableSection {TBODY} at (1,1) size 26x26
            LayoutTableRow {TR} at (0,2) size 26x22
              LayoutTableCell {TD} at (2,2) size 22x22 [r=0 c=0 rs=1 cs=1]
                LayoutText {#text} at (1,1) size 20x19
                  text run at (1,1) width 20: "foo"
caret: position 1 of child 0 {TABLE} of child 2 {DIV} of body
