layer at (0,0) size 800x600
  LayoutView at (0,0) size 800x600
layer at (0,0) size 800x600
  LayoutBlockFlow {HTML} at (0,0) size 800x600
    LayoutBlockFlow {BODY} at (8,8) size 784x576
      LayoutBlockFlow {P} at (0,0) size 784x60
        LayoutText {#text} at (0,0) size 780x59
          text run at (0,0) width 764: "This tests for setting the selection at a position inside the document when the document node is non-editable and the document's"
          text run at (764,0) width 4: " "
          text run at (0,20) width 169: "body element *is* editable. "
          text run at (169,20) width 607: "The expected behavior is to create a selection at [body, 0]. There should be a caret at the start of this"
          text run at (775,20) width 5: " "
          text run at (0,40) width 65: "paragraph."
caret: position 0 of child 0 {#text} of child 1 {P} of body
