ALERT: 0.1724137931034483
layer at (0,0) size 800x600
  LayoutView at (0,0) size 800x600
layer at (0,0) size 800x600
  LayoutBlockFlow {HTML} at (0,0) size 800x600
    LayoutBlockFlow {BODY} at (8,8) size 784x576
      LayoutBlockFlow {P} at (0,0) size 784x20
        LayoutText {#text} at (0,0) size 209x19
          text run at (0,0) width 209: "This tests for a drag select crasher."
      LayoutBlockFlow {DIV} at (0,36) size 784x22
        LayoutInline {SPAN} at (0,0) size 63x19
          LayoutText {#text} at (0,1) size 63x19
            text run at (0,1) width 63: "Start here."
        LayoutText {#text} at (63,1) size 4x19
          text run at (63,1) width 4: " "
        LayoutTextControl {INPUT} at (67,0) size 154x22 [bgcolor=#FFFFFF] [border: (2px inset #EEEEEE)]
      LayoutBlockFlow {UL} at (0,74) size 784x0
layer at (77,47) size 150x16
  LayoutBlockFlow {DIV} at (2,3) size 150x16
selection start: position 4 of child 0 {#text} of child 0 {SPAN} of child 2 {DIV} of body
selection end:   position 1 of child 1 {#text} of child 2 {DIV} of body
