EDITING DELEGATE: webViewDidChangeSelection:WebViewDidChangeSelectionNotification
EDITING DELEGATE: webViewDidChangeSelection:WebViewDidChangeSelectionNotification
EDITING DELEGATE: webViewDidChangeSelection:WebViewDidChangeSelectionNotification
layer at (0,0) size 800x600
  LayoutView at (0,0) size 800x600
layer at (0,0) size 800x600
  LayoutBlockFlow {HTML} at (0,0) size 800x600
    LayoutBlockFlow {BODY} at (8,8) size 784x584
      LayoutBlockFlow {P} at (0,0) size 784x40
        LayoutText {#text} at (0,0) size 780x39
          text run at (0,0) width 780: "This tests moving the caret backward through content of mixed editability. The caret should end up back at the start of the editable"
          text run at (0,20) width 119: "text inside the table."
      LayoutBlockFlow {DIV} at (0,56) size 784x70
        LayoutBlockFlow (anonymous) at (0,0) size 784x20
          LayoutText {#text} at (0,0) size 47x19
            text run at (0,0) width 47: "editable"
        LayoutTable {TABLE} at (0,20) size 88x30 [border: (1px outset #808080)]
          LayoutTableSection {TBODY} at (1,1) size 86x28
            LayoutTableRow {TR} at (0,2) size 86x24
              LayoutTableCell {TD} at (2,2) size 82x24 [border: (1px inset #808080)] [r=0 c=0 rs=1 cs=1]
                LayoutBlockFlow {DIV} at (2,2) size 78x20
                  LayoutInline {SPAN} at (0,0) size 31x19
                    LayoutText {#text} at (0,0) size 31x19
                      text run at (0,0) width 31: "static"
                  LayoutInline {SPAN} at (0,0) size 47x19
                    LayoutText {#text} at (31,0) size 47x19
                      text run at (31,0) width 47: "editable"
        LayoutBlockFlow (anonymous) at (0,50) size 784x20
          LayoutText {#text} at (0,0) size 47x19
            text run at (0,0) width 47: "editable"
caret: position 0 of child 0 {#text} of child 1 {SPAN} of child 0 {DIV} of child 0 {TD} of child 0 {TR} of child 0 {TBODY} of child 1 {TABLE} of child 2 {DIV} of body
