EDITING DELEGATE: webViewDidChangeSelection:WebViewDidChangeSelectionNotification
EDITING DELEGATE: webViewDidChangeSelection:WebViewDidChangeSelectionNotification
EDITING DELEGATE: webViewDidChangeSelection:WebViewDidChangeSelectionNotification
EDITING DELEGATE: webViewDidChangeSelection:WebViewDidChangeSelectionNotification
EDITING DELEGATE: webViewDidChangeSelection:WebViewDidChangeSelectionNotification
layer at (0,0) size 800x600
  LayoutView at (0,0) size 800x600
layer at (0,0) size 800x600
  LayoutBlockFlow {HTML} at (0,0) size 800x600
    LayoutBlockFlow {BODY} at (8,8) size 784x584
      LayoutBlockFlow {DIV} at (0,0) size 784x194 [border: (2px solid #FF0000)]
        LayoutBlockFlow {DIV} at (14,14) size 756x166
          LayoutTable {TABLE} at (0,0) size 64x166 [border: (1px outset #808080)]
            LayoutTableSection {TBODY} at (1,1) size 62x164
              LayoutTableRow {TR} at (0,2) size 62x54
                LayoutTableCell {TD} at (2,2) size 58x54 [border: (1px inset #808080)] [r=0 c=0 rs=1 cs=1]
                  LayoutText {#text} at (13,13) size 32x27
                    text run at (13,13) width 32: "foo"
              LayoutTableRow {TR} at (0,58) size 62x48
                LayoutTableCell {TD} at (2,69) size 58x26 [border: (1px inset #808080)] [r=1 c=0 rs=1 cs=1]
              LayoutTableRow {TR} at (0,108) size 62x54
                LayoutTableCell {TD} at (2,108) size 58x54 [border: (1px inset #808080)] [r=2 c=0 rs=1 cs=1]
                  LayoutText {#text} at (13,13) size 31x27
                    text run at (13,13) width 31: "bar"
caret: position 2 of child 1 {TABLE} of child 1 {DIV} of child 1 {DIV} of body
