layer at (0,0) size 800x600
  LayoutView at (0,0) size 800x600
layer at (0,0) size 800x600
  LayoutBlockFlow {HTML} at (0,0) size 800x600
    LayoutBlockFlow {BODY} at (8,8) size 784x584
      LayoutBlockFlow {P} at (0,0) size 784x40
        LayoutText {#text} at (0,0) size 528x19
          text run at (0,0) width 528: "This tests for sentence boundary when there are empty line breaks between lines of text."
        LayoutBR {BR} at (528,15) size 0x0
        LayoutText {#text} at (0,20) size 466x19
          text run at (0,20) width 466: "The result insertion point should be at the end of the sentence \"How are you?\""
      LayoutBlockFlow {DIV} at (0,56) size 784x120
        LayoutBlockFlow (anonymous) at (0,0) size 784x20
          LayoutText {#text} at (0,0) size 28x19
            text run at (0,0) width 28: "hello"
        LayoutBlockFlow {DIV} at (0,20) size 784x20
          LayoutBR {BR} at (0,0) size 0x19
        LayoutBlockFlow {DIV} at (0,40) size 784x20
          LayoutText {#text} at (0,0) size 35x19
            text run at (0,0) width 35: "world"
        LayoutBlockFlow {DIV} at (0,60) size 784x20
          LayoutBR {BR} at (0,0) size 0x19
        LayoutBlockFlow {DIV} at (0,80) size 784x20
          LayoutBR {BR} at (0,0) size 0x19
        LayoutBlockFlow {DIV} at (0,100) size 784x20
          LayoutText {#text} at (0,0) size 252x19
            text run at (0,0) width 82: "This is a test. "
            text run at (82,0) width 90: "How are you? "
            text run at (172,0) width 80: "Life is sweet!"
caret: position 30 of child 0 {#text} of child 9 {DIV} of child 2 {DIV} of body
