layer at (0,0) size 800x600
  LayoutView at (0,0) size 800x600
layer at (0,0) size 800x600
  LayoutBlockFlow {HTML} at (0,0) size 800x600
    LayoutBlockFlow {BODY} at (8,8) size 784x584
      LayoutBlockFlow {P} at (0,0) size 784x20
        LayoutText {#text} at (0,0) size 779x19
          text run at (0,0) width 779: "This test ensures selection that crosses the shadow DOM boundary of a readonly input element cannot be made by a mouse drag."
      LayoutBlockFlow {P} at (0,36) size 784x40
        LayoutText {#text} at (0,0) size 758x39
          text run at (0,0) width 758: "To manually test, select text by a mouse drag starting in \"hello\" and ending in \"world\". Selection should not extend into the input"
          text run at (0,20) width 50: "element."
      LayoutBlockFlow {DIV} at (0,92) size 784x25
        LayoutInline {SPAN} at (0,0) size 28x19
          LayoutText {#text} at (0,3) size 28x19
            text run at (0,3) width 28: "hello"
        LayoutText {#text} at (28,3) size 4x19
          text run at (28,3) width 4: " "
        LayoutTextControl {INPUT} at (32,0) size 63x25 [bgcolor=#FFFFFF] [border: (2px inset #EEEEEE)]
        LayoutText {#text} at (0,0) size 0x0
layer at (42,103) size 59x19
  LayoutBlockFlow {DIV} at (2,3) size 59x19
    LayoutText {#text} at (0,0) size 37x18
      text run at (0,0) width 37: "world"
selection start: position 2 of child 0 {#text} of child 1 {SPAN} of child 5 {DIV} of body
selection end:   position 1 of child 2 {#text} of child 5 {DIV} of body
