EDITING DELEGATE: webViewDidChangeSelection:WebViewDidChangeSelectionNotification
EDITING DELEGATE: webViewDidChangeSelection:WebViewDidChangeSelectionNotification
layer at (0,0) size 800x600 scrollWidth 820 scrollHeight 852
  LayoutView at (0,0) size 800x600
layer at (0,0) size 800x852 backgroundClip at (0,0) size 800x600 clip at (0,0) size 800x600
  LayoutBlockFlow {HTML} at (0,0) size 800x852
    LayoutBlockFlow {BODY} at (8,64) size 784x724
      LayoutBlockFlow {DIV} at (64,0) size 748x724 [border: (50px solid #FF0000)]
        LayoutBlockFlow {DIV} at (74,74) size 600x576
          LayoutText {#text} at (0,10) size 600x555
            text run at (0,10) width 550: "Four score and seven years ago our fathers brought forth,"
            text run at (550,10) width 6: " "
            text run at (0,58) width 576: "upon this continent, a new nation, conceived in Liberty, and"
            text run at (575,58) width 7: " "
            text run at (0,106) width 564: "dedicated to the proposition that all men are created equal."
            text run at (564,106) width 6: " "
            text run at (0,154) width 587: "Now we are engaged in a great civil war, testing whether that"
            text run at (586,154) width 7: " "
            text run at (0,202) width 555: "nation, or any nation, so conceived, and so dedicated, can"
            text run at (555,202) width 6: " "
            text run at (0,250) width 557: "long endure. We are met here on a great battlefield of that"
            text run at (556,250) width 7: " "
            text run at (0,298) width 600: "war. We have come to dedicate a portion of it as a final resting"
            text run at (599,298) width 1: " "
            text run at (0,346) width 600: "place for those who here gave their lives that that nation might"
            text run at (600,346) width 0: " "
            text run at (0,394) width 580: "live. It is altogether fitting and proper that we should do this."
            text run at (580,394) width 6: " "
            text run at (0,442) width 550: "Four score and seven years ago our fathers brought forth,"
            text run at (550,442) width 6: " "
            text run at (0,490) width 576: "upon this continent, a new nation, conceived in Liberty, and"
            text run at (575,490) width 7: " "
            text run at (0,538) width 564: "dedicated to the proposition that all men are created equal."
selection start: position 1 of child 0 {#text} of child 1 {DIV} of child 1 {DIV} of body
selection end:   position 737 of child 0 {#text} of child 1 {DIV} of child 1 {DIV} of body
