EDITING DELEGATE: webViewDidChangeSelection:WebViewDidChangeSelectionNotification
EDITING DELEGATE: webViewDidChangeSelection:WebViewDidChangeSelectionNotification
layer at (0,0) size 800x600 scrollWidth 820 scrollHeight 900
  LayoutView at (0,0) size 800x600
layer at (0,0) size 800x900 backgroundClip at (0,0) size 800x600 clip at (0,0) size 800x600
  LayoutBlockFlow {HTML} at (0,0) size 800x900
    LayoutBlockFlow {BODY} at (8,64) size 784x772
      LayoutBlockFlow {DIV} at (64,0) size 748x772 [border: (50px solid #FF0000)]
        LayoutBlockFlow {DIV} at (74,74) size 600x624
          LayoutText {#text} at (0,10) size 582x123
            text run at (0,10) width 550: "Four score and seven years ago our fathers brought forth,"
            text run at (550,10) width 6: " "
            text run at (0,58) width 576: "upon this continent, a new nation, conceived in Liberty, and"
            text run at (575,58) width 7: " "
            text run at (0,106) width 393: "dedicated to the proposition that all men "
          LayoutBR {BR} at (0,0) size 0x0
          LayoutText {#text} at (0,154) size 585x123
            text run at (0,154) width 568: "are created equal. Now we are engaged in a great civil war,"
            text run at (567,154) width 7: " "
            text run at (0,202) width 579: "testing whether that nation, or any nation, so conceived, and"
            text run at (579,202) width 6: " "
            text run at (0,250) width 563: "so dedicated, can long endure. We are met here on a great "
          LayoutBR {BR} at (562,271) size 1x0
          LayoutText {#text} at (0,298) size 597x171
            text run at (0,298) width 591: "battlefield of that war. We have come to dedicate a portion of"
            text run at (590,298) width 7: " "
            text run at (0,346) width 569: "it as a final resting place for those who here gave their lives"
            text run at (569,346) width 6: " "
            text run at (0,394) width 570: "that that nation might live. It is altogether fitting and proper"
            text run at (570,394) width 6: " "
            text run at (0,442) width 222: "that we should do this. "
          LayoutBR {BR} at (222,463) size 0x0
          LayoutText {#text} at (0,490) size 582x123
            text run at (0,490) width 550: "Four score and seven years ago our fathers brought forth,"
            text run at (550,490) width 6: " "
            text run at (0,538) width 576: "upon this continent, a new nation, conceived in Liberty, and"
            text run at (575,538) width 7: " "
            text run at (0,586) width 564: "dedicated to the proposition that all men are created equal."
selection start: position 1 of child 0 {#text} of child 1 {DIV} of child 1 {DIV} of body
selection end:   position 180 of child 6 {#text} of child 1 {DIV} of child 1 {DIV} of body
