layer at (0,0) size 800x600
  LayoutView at (0,0) size 800x600
layer at (0,0) size 800x600
  LayoutBlockFlow {HTML} at (0,0) size 800x600
    LayoutBlockFlow {BODY} at (8,8) size 784x584
      LayoutBlockFlow {P} at (0,0) size 784x20
        LayoutText {#text} at (0,0) size 779x19
          text run at (0,0) width 779: "This test ensures selection that crosses the shadow DOM boundary of a readonly input element cannot be made by a mouse drag."
      LayoutBlockFlow {P} at (0,36) size 784x40
        LayoutText {#text} at (0,0) size 765x39
          text run at (0,0) width 765: "To manually test, select text by a mouse drag starting in \"WebKit\" and ending in \"hello\". Selection should extend only in the input"
          text run at (0,20) width 191: "element that contains \"WebKit\"."
      LayoutBlockFlow {DIV} at (0,92) size 784x25
        LayoutTextControl {INPUT} at (0,0) size 63x25 [bgcolor=#FFFFFF] [border: (2px inset #EEEEEE)]
        LayoutText {#text} at (63,3) size 4x19
          text run at (63,3) width 4: " "
        LayoutInline {SPAN} at (0,0) size 35x19
          LayoutText {#text} at (67,3) size 35x19
            text run at (67,3) width 35: "world"
        LayoutText {#text} at (102,3) size 4x19
          text run at (102,3) width 4: " "
        LayoutTextControl {INPUT} at (106,0) size 63x25 [bgcolor=#FFFFFF] [border: (2px inset #EEEEEE)]
        LayoutText {#text} at (0,0) size 0x0
layer at (10,103) size 59x19
  LayoutBlockFlow {DIV} at (2,3) size 59x19
    LayoutText {#text} at (0,0) size 32x18
      text run at (0,0) width 32: "hello"
layer at (116,103) size 59x19
  LayoutBlockFlow {DIV} at (2,3) size 59x19
    LayoutText {#text} at (0,0) size 52x18
      text run at (0,0) width 52: "WebKit"
selection start: position 0 of child 0 {#text} of child 0 {DIV} of {#document-fragment} of child 5 {INPUT} of child 5 {DIV} of body
selection end:   position 3 of child 0 {#text} of child 0 {DIV} of {#document-fragment} of child 5 {INPUT} of child 5 {DIV} of body
