EDITING DELEGATE: webViewDidChangeSelection:WebViewDidChangeSelectionNotification
layer at (0,0) size 800x600
  LayoutView at (0,0) size 800x600
layer at (0,0) size 800x600
  LayoutBlockFlow {HTML} at (0,0) size 800x600
    LayoutBlockFlow {BODY} at (8,8) size 784x584
      LayoutText {#text} at (0,0) size 778x39
        text run at (0,0) width 711: "VisiblePositions created at [html, x] where html is non-editable should descend into an editable body, for convenience. "
        text run at (711,0) width 63: "Everything"
        text run at (774,0) width 4: " "
        text run at (0,20) width 191: "on this page should be selected."
      LayoutText {#text} at (0,0) size 0x0
selection start: position 0 of child 0 {#text} of body
selection end:   position 164 of child 0 {#text} of body
