layer at (0,0) size 800x600
  LayoutView at (0,0) size 800x600
layer at (0,0) size 800x600
  LayoutBlockFlow {HTML} at (0,0) size 800x600
    LayoutBlockFlow {BODY} at (8,8) size 784x576
      LayoutBlockFlow {UL} at (0,0) size 784x170
        LayoutListItem {LI} at (40,0) size 744x18
          LayoutListMarker (anonymous) at (-17,0) size 7x17: bullet
          LayoutText {#text} at (0,0) size 91x17
            text run at (0,0) width 91: "Default style: "
          LayoutBlockFlow {PROGRESS} at (90.64,1.19) size 160x16
            LayoutProgress {DIV} at (0,0) size 160x16
              LayoutBlockFlow {DIV} at (0,0) size 160x16 [bgcolor=#808080]
                LayoutBlockFlow {DIV} at (0,0) size 16x16 [bgcolor=#008000]
        LayoutListItem {LI} at (40,18) size 744x18
          LayoutListMarker (anonymous) at (-17,0) size 7x17: bullet
          LayoutText {#text} at (0,0) size 98x17
            text run at (0,0) width 98: "Progress style: "
          LayoutBlockFlow {PROGRESS} at (97.77,1.19) size 160x16 [bgcolor=#0000FF] [border: (3px solid #000066)]
            LayoutProgress {DIV} at (3,3) size 154x10
              LayoutBlockFlow {DIV} at (0,0) size 154x10
                LayoutBlockFlow {DIV} at (0,0) size 30.80x10 [bgcolor=#008000]
        LayoutListItem {LI} at (40,36) size 744x31
          LayoutListMarker (anonymous) at (-17,13) size 7x17: bullet
          LayoutText {#text} at (0,13) size 138x17
            text run at (0,13) width 138: "Progress style (size): "
          LayoutBlockFlow {PROGRESS} at (137.30,0.19) size 300x30
            LayoutProgress {DIV} at (0,0) size 300x30
              LayoutBlockFlow {DIV} at (0,0) size 300x30 [bgcolor=#808080]
                LayoutBlockFlow {DIV} at (0,0) size 90x30 [bgcolor=#008000]
        LayoutListItem {LI} at (40,67) size 744x18
          LayoutListMarker (anonymous) at (-17,0) size 7x17: bullet
          LayoutText {#text} at (0,0) size 66x17
            text run at (0,0) width 66: "Bar style: "
          LayoutBlockFlow {PROGRESS} at (65.77,1.19) size 160x16
            LayoutProgress {DIV} at (0,0) size 160x16
              LayoutBlockFlow {DIV} at (0,0) size 160x16 [bgcolor=#FF0000] [border: (3px solid #990000)]
                LayoutBlockFlow {DIV} at (3,3) size 61.59x10 [bgcolor=#008000]
        LayoutListItem {LI} at (40,85) size 744x18
          LayoutListMarker (anonymous) at (-17,0) size 7x17: bullet
          LayoutText {#text} at (0,0) size 80x17
            text run at (0,0) width 80: "Value style: "
          LayoutBlockFlow {PROGRESS} at (79.09,1.19) size 160x16
            LayoutProgress {DIV} at (0,0) size 160x16
              LayoutBlockFlow {DIV} at (0,0) size 160x16 [bgcolor=#808080]
                LayoutBlockFlow {DIV} at (0,0) size 80x16 [bgcolor=#FFFF00] [border: (3px solid #999900)]
        LayoutListItem {LI} at (40,103) size 744x31
          LayoutListMarker (anonymous) at (-17,13) size 7x17: bullet
          LayoutText {#text} at (0,13) size 195x17
            text run at (0,13) width 195: "Styling for all three elements: "
          LayoutBlockFlow {PROGRESS} at (194.17,0.19) size 160x30 [bgcolor=#0000FF] [border: (3px solid #000066)]
            LayoutProgress {DIV} at (3,3) size 154x24
              LayoutBlockFlow {DIV} at (0,0) size 154x24 [bgcolor=#FF0000] [border: (3px solid #990000)]
                LayoutBlockFlow {DIV} at (3,3) size 88.80x18 [bgcolor=#FFFF00] [border: (3px solid #999900)]
        LayoutListItem {LI} at (40,134) size 744x18
          LayoutListMarker (anonymous) at (-17,0) size 7x17: bullet
          LayoutText {#text} at (0,0) size 235x17
            text run at (0,0) width 235: "Removing appearance dynamically: "
          LayoutProgress {PROGRESS} at (234.13,1.19) size 160x16
            LayoutProgress {DIV} at (0,0) size 160x16
              LayoutBlockFlow {DIV} at (0,0) size 160x16 [bgcolor=#808080]
                LayoutBlockFlow {DIV} at (0,0) size 112x16 [bgcolor=#008000]
        LayoutListItem {LI} at (40,152) size 744x18
          LayoutListMarker (anonymous) at (-17,0) size 7x17: bullet
          LayoutText {#text} at (0,0) size 278x17
            text run at (0,0) width 278: "Giving progress style change dynamically: "
          LayoutBlockFlow {PROGRESS} at (277.70,1.19) size 160x16 [bgcolor=#ADD8E6]
            LayoutProgress {DIV} at (0,0) size 160x16
              LayoutBlockFlow {DIV} at (0,0) size 160x16
                LayoutBlockFlow {DIV} at (0,0) size 128x16 [bgcolor=#008000]
