layer at (0,0) size 800x600
  LayoutView at (0,0) size 800x600
layer at (0,0) size 800x600
  LayoutBlockFlow {HTML} at (0,0) size 800x600
    LayoutBlockFlow {BODY} at (8,8) size 784x584
      LayoutText {#text} at (179,22) size 254x17
        text run at (179,22) width 254: " --> This should be outside the textarea."
layer at (8,8) size 179x36 clip at (9,9) size 177x34
  LayoutTextControl {TEXTAREA} at (0,0) size 179x36 [bgcolor=#FFFFFF] [border: (1px solid #A9A9A9)]
    LayoutBlockFlow {DIV} at (3,3) size 175x16
      LayoutText {#text} at (0,0) size 40x16
        text run at (0,0) width 32: "<!--"
        text run at (32,0) width 8: " "
