layer at (0,0) size 800x600
  LayoutView at (0,0) size 800x600
layer at (0,0) size 800x188
  LayoutBlockFlow {html} at (0,0) size 800x187.88
    LayoutBlockFlow {parsererror} at (16,16) size 768x137.88 [bgcolor=#FFDDDD] [border: (2px solid #CC7777)]
      LayoutBlockFlow {h3} at (18,20.72) size 732x22
        LayoutText {#text} at (0,0) size 318x21
          text run at (0,0) width 318: "This page contains the following errors:"
      LayoutBlockFlow {div} at (18,61.44) size 732x15
        LayoutText {#text} at (0,0) size 385x15
          text run at (0,0) width 385: "error on line 4 at column 13: Entity 'fnof' not defined"
          text run at (385,0) width 0: " "
      LayoutBlockFlow {h3} at (18,95.16) size 732x22
        LayoutText {#text} at (0,0) size 419x21
          text run at (0,0) width 419: "Below is a rendering of the page up to the first error."
    LayoutBlockFlow (anonymous) at (0,169.88) size 800x18
      LayoutInline {h1} at (0,0) size 0x0
        LayoutText {#text} at (0,0) size 0x0
      LayoutText {#text} at (0,0) size 0x0
      LayoutText {#text} at (0,0) size 0x0
      LayoutInline {p} at (0,0) size 495x17
        LayoutInline {font} at (0,0) size 495x17
          LayoutText {#text} at (0,0) size 495x17
            text run at (0,0) width 268: "This should be the only line on this page. "
            text run at (267,0) width 228: "You should see a parse error above."
      LayoutText {#text} at (0,0) size 0x0
