layer at (0,0) size 800x600
  LayoutView at (0,0) size 800x600
layer at (0,0) size 800x203
  LayoutBlockFlow {HTML} at (0,0) size 800x203
    LayoutBlockFlow {BODY} at (8,16) size 784x179
      LayoutBlockFlow {P} at (0,0) size 784x40
        LayoutText {#text} at (0,0) size 101x19
          text run at (0,0) width 101: "There should be "
        LayoutInline {STRONG} at (0,0) size 143x19
          LayoutText {#text} at (101,0) size 143x19
            text run at (101,0) width 143: "5 filled green squares"
        LayoutText {#text} at (244,0) size 175x19
          text run at (244,0) width 175: " with the same width and the "
        LayoutInline {STRONG} at (0,0) size 80x19
          LayoutText {#text} at (419,0) size 80x19
            text run at (419,0) width 80: "same height"
        LayoutText {#text} at (499,0) size 228x19
          text run at (499,0) width 228: ". The 5 filled green squares should be "
        LayoutInline {STRONG} at (0,0) size 56x19
          LayoutText {#text} at (727,0) size 56x19
            text run at (727,0) width 56: "identical"
        LayoutText {#text} at (0,20) size 417x19
          text run at (0,20) width 417: "to each other. This should still remain true even after a window resize."
      LayoutBlockFlow {DIV} at (0,56) size 784x123
        LayoutImage {IMG} at (0,0) size 117.59x118
        LayoutText {#text} at (117,103) size 5x19
          text run at (117,103) width 5: " "
        LayoutImage {IMG} at (121.59,0) size 117.59x118
        LayoutText {#text} at (239,103) size 5x19
          text run at (239,103) width 5: " "
        LayoutImage {IMG} at (243.19,0) size 117.59x118
        LayoutText {#text} at (360,103) size 5x19
          text run at (360,103) width 5: " "
        LayoutImage {IMG} at (364.78,0) size 117.59x118
        LayoutText {#text} at (482,103) size 5x19
          text run at (482,103) width 5: " "
        LayoutImage {IMG} at (486.38,0) size 117.59x118
        LayoutText {#text} at (0,0) size 0x0
