layer at (0,0) size 800x600
  LayoutView at (0,0) size 800x600
layer at (0,0) size 800x600
  LayoutBlockFlow {HTML} at (0,0) size 800x600
    LayoutBlockFlow {BODY} at (8,8) size 784x576
      LayoutBlockFlow {P} at (0,0) size 784x18
        LayoutText {#text} at (0,0) size 336x17
          text run at (0,0) width 336: "This tests the rendering of invalid UTF-8 sequences."
      LayoutBlockFlow {P} at (0,34) size 784x18
        LayoutText {#text} at (0,0) size 511x17
          text run at (0,0) width 511: "The output should be: \"\x{442}??\x{442}\" (with black diamonds in place of question marks)."
      LayoutBlockFlow {HR} at (0,68) size 784x2 [border: (1px inset #EEEEEE)]
      LayoutBlockFlow {P} at (0,86) size 784x20
        LayoutText {#text} at (0,2) size 46x17
          text run at (0,2) width 46: "\x{442}\x{FFFD}\x{FFFD}\x{442}"
