layer at (0,0) size 800x600 scrollWidth 807 scrollHeight 1128
  LayoutView at (0,0) size 800x600
layer at (0,0) size 800x1128 backgroundClip at (0,0) size 800x600 clip at (0,0) size 800x600
  LayoutBlockFlow {HTML} at (0,0) size 800x1128.44
    LayoutBlockFlow {BODY} at (8,8) size 784x1107.11 [bgcolor=#EEEEEE]
      LayoutBlockFlow (anonymous) at (0,0) size 784x20
        LayoutInline {SPAN} at (0,0) size 192x16
          LayoutText {#text} at (0,0) size 0x0
          LayoutInline {SPAN} at (0,0) size 192x16
            LayoutText {#text} at (0,0) size 0x0
            LayoutTable {TABLE} at (0,0) size 192x20
              LayoutTableSection {TBODY} at (0,0) size 192x20
                LayoutTableRow {TR} at (0,0) size 192x20
                  LayoutTableCell {TD} at (0,0) size 116x20 [r=0 c=0 rs=1 cs=1]
                    LayoutText {#text} at (1,1) size 114x17
                      text run at (1,1) width 114: "Record Locator:"
                  LayoutTableCell {TD} at (116,0) size 76x20 [r=0 c=1 rs=1 cs=1]
                    LayoutInline {B} at (0,0) size 74x17
                      LayoutText {#text} at (1,1) size 74x17
                        text run at (1,1) width 74: "WHGNSO"
                    LayoutText {#text} at (0,0) size 0x0
            LayoutText {#text} at (0,0) size 0x0
          LayoutText {#text} at (0,0) size 0x0
      LayoutBlockFlow (anonymous) at (0,26.66) size 784x2
        LayoutBlockFlow {HR} at (0,0) size 784x2 [border: (1px inset #EEEEEE)]
      LayoutBlockFlow (anonymous) at (0,35.31) size 784x45
        LayoutInline {SPAN} at (0,0) size 130x43
          LayoutInline {SPAN} at (0,0) size 130x43
            LayoutText {#text} at (0,0) size 0x0
            LayoutInline {SPAN} at (0,0) size 130x17
              LayoutText {#text} at (0,0) size 0x0
              LayoutBlockFlow {IMG} at (0,0) size 72.48x22
              LayoutText {#text} at (72,1) size 58x17
                text run at (72,1) width 5: " "
                text run at (76,1) width 54: "Names"
              LayoutBR {BR} at (129,15) size 1x0
            LayoutText {#text} at (0,0) size 0x0
            LayoutInline {SPAN} at (0,0) size 102x16
              LayoutText {#text} at (0,0) size 0x0
              LayoutText {#text} at (0,0) size 0x0
            LayoutText {#text} at (0,0) size 0x0
          LayoutText {#text} at (0,0) size 0x0
      LayoutBlockFlow (anonymous) at (0,86.97) size 784x2
        LayoutBlockFlow {HR} at (0,0) size 784x2 [border: (1px inset #EEEEEE)]
      LayoutBlockFlow (anonymous) at (0,95.63) size 784x67
        LayoutInline {SPAN} at (0,0) size 582x66
          LayoutInline {SPAN} at (0,0) size 582x66
            LayoutText {#text} at (0,0) size 0x0
            LayoutBlockFlow {IMG} at (0,1) size 82x20
            LayoutText {#text} at (82,1) size 4x16
              text run at (82,1) width 4: " "
            LayoutInline {SPAN} at (0,0) size 82x17
              LayoutText {#text} at (86,0) size 82x17
                text run at (86,0) width 82: "Addresses"
              LayoutBR {BR} at (167,14) size 1x0
            LayoutText {#text} at (0,0) size 0x0
            LayoutText {#text} at (0,0) size 0x0
          LayoutText {#text} at (0,0) size 0x0
      LayoutBlockFlow (anonymous) at (0,169.28) size 784x2
        LayoutBlockFlow {HR} at (0,0) size 784x2 [border: (1px inset #EEEEEE)]
      LayoutBlockFlow (anonymous) at (0,177.94) size 784x42
        LayoutInline {SPAN} at (0,0) size 145x43
          LayoutInline {SPAN} at (0,0) size 145x43
            LayoutText {#text} at (0,0) size 0x0
            LayoutInline {SPAN} at (0,0) size 145x17
              LayoutText {#text} at (0,0) size 0x0
              LayoutBlockFlow {IMG} at (0,0) size 77.80x22
              LayoutText {#text} at (77,1) size 68x17
                text run at (77,1) width 6: " "
                text run at (82,1) width 63: "Phones "
              LayoutBR {BR} at (144,15) size 1x0
            LayoutText {#text} at (0,0) size 0x0
      LayoutBlockFlow (anonymous) at (0,279.94) size 784x0
        LayoutInline {SPAN} at (0,0) size 0x0
          LayoutInline {SPAN} at (0,0) size 0x0
            LayoutText {#text} at (0,0) size 0x0
          LayoutText {#text} at (0,0) size 0x0
      LayoutBlockFlow (anonymous) at (0,286.59) size 784x2
        LayoutBlockFlow {HR} at (0,0) size 784x2 [border: (1px inset #EEEEEE)]
      LayoutBlockFlow (anonymous) at (0,295.25) size 784x22
        LayoutInline {SPAN} at (0,0) size 151x16
          LayoutInline {SPAN} at (0,0) size 151x16
            LayoutText {#text} at (0,0) size 0x0
            LayoutInline {SPAN} at (0,0) size 151x17
              LayoutText {#text} at (0,0) size 0x0
              LayoutBlockFlow {IMG} at (0,0) size 83.14x22
              LayoutText {#text} at (83,1) size 68x17
                text run at (83,1) width 5: " "
                text run at (87,1) width 64: "Itinerary"
            LayoutText {#text} at (0,0) size 0x0
            LayoutInline {SPAN} at (0,0) size 0x0
              LayoutText {#text} at (0,0) size 0x0
              LayoutInline {SPAN} at (0,0) size 0x0
                LayoutText {#text} at (0,0) size 0x0
      LayoutBlockFlow (anonymous) at (0,317.25) size 784x60
        LayoutTable {TABLE} at (0,0) size 600x60
          LayoutTableSection {TBODY} at (0,0) size 600x60
            LayoutTableRow {TR} at (0,2) size 600x56
              LayoutTableCell {TD} at (2,29) size 2x2 [r=0 c=0 rs=1 cs=1]
              LayoutTableCell {TD} at (6,2) size 2x2 [r=0 c=1 rs=1 cs=1]
              LayoutTableCell {TD} at (10,18) size 167x24 [r=0 c=2 rs=1 cs=1]
                LayoutBlockFlow {IMG} at (1,1) size 164.94x22
                LayoutText {#text} at (0,0) size 0x0
              LayoutTableCell {TD} at (179,2) size 419x56 [r=0 c=3 rs=1 cs=1]
                LayoutText {#text} at (1,1) size 145x17
                  text run at (1,1) width 145: "TUR - Tour Package"
                LayoutBR {BR} at (145,15) size 1x0
                LayoutText {#text} at (1,19) size 229x17
                  text run at (1,19) width 229: "Date: Sunday, January 12, 2003"
                LayoutBR {BR} at (229,33) size 1x0
                LayoutText {#text} at (1,37) size 417x17
                  text run at (1,37) width 417: "Comments: -** TICKETLESS CONF CODE IS WHGNSO**"
      LayoutBlockFlow (anonymous) at (0,377.25) size 784x0
        LayoutInline {SPAN} at (0,0) size 0x0
          LayoutInline {SPAN} at (0,0) size 0x0
            LayoutInline {SPAN} at (0,0) size 0x0
              LayoutInline {SPAN} at (0,0) size 0x0
              LayoutText {#text} at (0,0) size 0x0
      LayoutBlockFlow (anonymous) at (0,383.91) size 784x2
        LayoutBlockFlow {HR} at (0,0) size 784x2 [border: (1px inset #EEEEEE)]
      LayoutBlockFlow (anonymous) at (0,392.56) size 784x0
        LayoutInline {SPAN} at (0,0) size 0x0
          LayoutInline {SPAN} at (0,0) size 0x0
            LayoutInline {SPAN} at (0,0) size 0x0
              LayoutInline {SPAN} at (0,0) size 0x0
                LayoutText {#text} at (0,0) size 0x0
      LayoutBlockFlow (anonymous) at (0,392.56) size 784x196
        LayoutTable {TABLE} at (0,0) size 735x196
          LayoutTableSection {TBODY} at (0,0) size 735x196
            LayoutTableRow {TR} at (0,2) size 735x192
              LayoutTableCell {TD} at (2,97) size 2x2 [r=0 c=0 rs=1 cs=1]
              LayoutTableCell {TD} at (6,2) size 2x2 [r=0 c=1 rs=1 cs=1]
              LayoutTableCell {TD} at (10,86) size 111x24 [r=0 c=2 rs=1 cs=1]
                LayoutBlockFlow {IMG} at (1,1) size 108.05x22
                LayoutText {#text} at (0,0) size 0x0
              LayoutTableCell {TD} at (123,2) size 610x192 [r=0 c=3 rs=1 cs=1]
                LayoutBlockFlow (anonymous) at (1,1) size 608x126
                  LayoutText {#text} at (0,0) size 24x17
                    text run at (0,0) width 24: "Air "
                  LayoutBR {BR} at (0,0) size 0x0
                  LayoutText {#text} at (0,18) size 485x17
                    text run at (0,18) width 51: "United "
                    text run at (50,18) width 84: "Flight 1187 "
                    text run at (133,18) width 123: "Booking Code:M "
                    text run at (255,18) width 230: "Date: Sunday, January 12, 2003"
                  LayoutBR {BR} at (484,32) size 1x0
                  LayoutText {#text} at (0,36) size 392x17
                    text run at (0,36) width 392: "From: San Francisco Intl Arpt, San Francisco CA - U.S."
                  LayoutBR {BR} at (391,50) size 1x0
                  LayoutText {#text} at (0,54) size 405x17
                    text run at (0,54) width 26: "To: "
                    text run at (25,54) width 380: "Burbank Glendale Pasadena Arpt, Burbank CA - U.S."
                  LayoutBR {BR} at (404,68) size 1x0
                  LayoutText {#text} at (0,72) size 248x17
                    text run at (0,72) width 129: "Departs: 6:05 PM "
                    text run at (128,72) width 120: "Arrives: 7:10 PM"
                  LayoutBR {BR} at (247,86) size 1x0
                  LayoutText {#text} at (0,90) size 50x17
                    text run at (0,90) width 50: "Status:"
                  LayoutInline {SPACE} at (0,0) size 129x35
                    LayoutText {#text} at (49,90) size 76x17
                      text run at (49,90) width 76: " confirmed"
                    LayoutInline {SPACE} at (0,0) size 129x35
                      LayoutText {#text} at (124,90) size 5x17
                        text run at (124,90) width 5: " "
                      LayoutBR {BR} at (0,0) size 0x0
                      LayoutText {#text} at (0,108) size 46x17
                        text run at (0,108) width 46: "Seats:"
                      LayoutBR {BR} at (45,122) size 1x0
                LayoutBlockFlow (anonymous) at (1,127) size 608x46
                  LayoutTable {TABLE} at (0,0) size 608x46 [border: (1px outset #808080)]
                    LayoutTableSection {TBODY} at (1,1) size 606x44
                      LayoutTableRow {TR} at (0,0) size 606x22 [bgcolor=#E0E0E0]
                        LayoutTableCell {TD} at (0,0) size 98x22 [border: (1px inset #808080)] [r=0 c=0 rs=1 cs=1]
                          LayoutText {#text} at (2,2) size 43x17
                            text run at (2,2) width 43: "Name"
                        LayoutTableCell {TD} at (98,0) size 37x22 [border: (1px inset #808080)] [r=0 c=1 rs=1 cs=1]
                          LayoutText {#text} at (2,2) size 33x17
                            text run at (2,2) width 33: "Seat"
                        LayoutTableCell {TD} at (135,0) size 79x22 [border: (1px inset #808080)] [r=0 c=2 rs=1 cs=1]
                          LayoutText {#text} at (2,2) size 46x17
                            text run at (2,2) width 46: "Status"
                        LayoutTableCell {TD} at (214,0) size 318x22 [border: (1px inset #808080)] [r=0 c=3 rs=1 cs=1]
                          LayoutText {#text} at (2,2) size 35x17
                            text run at (2,2) width 35: "Type"
                        LayoutTableCell {TD} at (532,0) size 74x22 [border: (1px inset #808080)] [r=0 c=4 rs=1 cs=1]
                          LayoutText {#text} at (2,2) size 70x17
                            text run at (2,2) width 70: "Comment"
                      LayoutTableRow {TR} at (0,22) size 606x22
                        LayoutTableCell {TD} at (0,22) size 98x22 [border: (1px inset #808080)] [r=1 c=0 rs=1 cs=1]
                          LayoutText {#text} at (2,2) size 94x17
                            text run at (2,2) width 94: "HAO,SCOTT"
                        LayoutTableCell {TD} at (98,22) size 37x22 [border: (1px inset #808080)] [r=1 c=1 rs=1 cs=1]
                          LayoutText {#text} at (2,2) size 29x17
                            text run at (2,2) width 29: "08A"
                        LayoutTableCell {TD} at (135,22) size 79x22 [border: (1px inset #808080)] [r=1 c=2 rs=1 cs=1]
                          LayoutText {#text} at (2,2) size 75x17
                            text run at (2,2) width 75: "confirmed "
                        LayoutTableCell {TD} at (214,22) size 318x22 [border: (1px inset #808080)] [r=1 c=3 rs=1 cs=1]
                          LayoutText {#text} at (2,2) size 314x17
                            text run at (2,2) width 314: "Non-Smoking, Window Seat, Preferred Seat"
                        LayoutTableCell {TD} at (532,22) size 74x22 [border: (1px inset #808080)] [r=1 c=4 rs=1 cs=1]
                          LayoutText {#text} at (2,2) size 5x17
                            text run at (2,2) width 5: " "
                LayoutBlockFlow (anonymous) at (1,173) size 608x18
                  LayoutInline {SPACE} at (0,0) size 0x17
                    LayoutInline {SPACE} at (0,0) size 0x17
                      LayoutBR {BR} at (0,0) size 0x17
      LayoutBlockFlow (anonymous) at (0,588.56) size 784x0
        LayoutInline {SPAN} at (0,0) size 0x0
          LayoutInline {SPAN} at (0,0) size 0x0
            LayoutInline {SPAN} at (0,0) size 0x0
              LayoutInline {SPAN} at (0,0) size 0x0
              LayoutText {#text} at (0,0) size 0x0
      LayoutBlockFlow (anonymous) at (0,595.22) size 784x2
        LayoutBlockFlow {HR} at (0,0) size 784x2 [border: (1px inset #EEEEEE)]
      LayoutBlockFlow (anonymous) at (0,603.88) size 784x0
        LayoutInline {SPAN} at (0,0) size 0x0
          LayoutInline {SPAN} at (0,0) size 0x0
            LayoutInline {SPAN} at (0,0) size 0x0
              LayoutInline {SPAN} at (0,0) size 0x0
                LayoutText {#text} at (0,0) size 0x0
      LayoutBlockFlow (anonymous) at (0,603.88) size 784x196
        LayoutTable {TABLE} at (0,0) size 622x196
          LayoutTableSection {TBODY} at (0,0) size 622x196
            LayoutTableRow {TR} at (0,2) size 622x192
              LayoutTableCell {TD} at (2,97) size 2x2 [r=0 c=0 rs=1 cs=1]
              LayoutTableCell {TD} at (6,2) size 2x2 [r=0 c=1 rs=1 cs=1]
              LayoutTableCell {TD} at (10,86) size 111x24 [r=0 c=2 rs=1 cs=1]
                LayoutBlockFlow {IMG} at (1,1) size 108.05x22
                LayoutText {#text} at (0,0) size 0x0
              LayoutTableCell {TD} at (123,2) size 497x192 [r=0 c=3 rs=1 cs=1]
                LayoutBlockFlow (anonymous) at (1,1) size 495x126
                  LayoutText {#text} at (0,0) size 24x17
                    text run at (0,0) width 24: "Air "
                  LayoutBR {BR} at (0,0) size 0x0
                  LayoutText {#text} at (0,18) size 466x17
                    text run at (0,18) width 51: "United "
                    text run at (50,18) width 76: "Flight 480 "
                    text run at (125,18) width 123: "Booking Code:Q "
                    text run at (247,18) width 219: "Date: Friday, January 24, 2003"
                  LayoutBR {BR} at (465,32) size 1x0
                  LayoutText {#text} at (0,36) size 426x17
                    text run at (0,36) width 426: "From: Burbank Glendale Pasadena Arpt, Burbank CA - U.S."
                  LayoutBR {BR} at (425,50) size 1x0
                  LayoutText {#text} at (0,54) size 371x17
                    text run at (0,54) width 26: "To: "
                    text run at (25,54) width 346: "San Francisco Intl Arpt, San Francisco CA - U.S."
                  LayoutBR {BR} at (370,68) size 1x0
                  LayoutText {#text} at (0,72) size 248x17
                    text run at (0,72) width 129: "Departs: 1:40 PM "
                    text run at (128,72) width 120: "Arrives: 2:50 PM"
                  LayoutBR {BR} at (247,86) size 1x0
                  LayoutText {#text} at (0,90) size 50x17
                    text run at (0,90) width 50: "Status:"
                  LayoutInline {SPACE} at (0,0) size 129x35
                    LayoutText {#text} at (49,90) size 76x17
                      text run at (49,90) width 76: " confirmed"
                    LayoutInline {SPACE} at (0,0) size 129x35
                      LayoutText {#text} at (124,90) size 5x17
                        text run at (124,90) width 5: " "
                      LayoutBR {BR} at (0,0) size 0x0
                      LayoutText {#text} at (0,108) size 46x17
                        text run at (0,108) width 46: "Seats:"
                      LayoutBR {BR} at (45,122) size 1x0
                LayoutBlockFlow (anonymous) at (1,127) size 495x46
                  LayoutTable {TABLE} at (0,0) size 495x46 [border: (1px outset #808080)]
                    LayoutTableSection {TBODY} at (1,1) size 493x44
                      LayoutTableRow {TR} at (0,0) size 493x22 [bgcolor=#E0E0E0]
                        LayoutTableCell {TD} at (0,0) size 98x22 [border: (1px inset #808080)] [r=0 c=0 rs=1 cs=1]
                          LayoutText {#text} at (2,2) size 43x17
                            text run at (2,2) width 43: "Name"
                        LayoutTableCell {TD} at (98,0) size 37x22 [border: (1px inset #808080)] [r=0 c=1 rs=1 cs=1]
                          LayoutText {#text} at (2,2) size 33x17
                            text run at (2,2) width 33: "Seat"
                        LayoutTableCell {TD} at (135,0) size 79x22 [border: (1px inset #808080)] [r=0 c=2 rs=1 cs=1]
                          LayoutText {#text} at (2,2) size 46x17
                            text run at (2,2) width 46: "Status"
                        LayoutTableCell {TD} at (214,0) size 205x22 [border: (1px inset #808080)] [r=0 c=3 rs=1 cs=1]
                          LayoutText {#text} at (2,2) size 35x17
                            text run at (2,2) width 35: "Type"
                        LayoutTableCell {TD} at (419,0) size 74x22 [border: (1px inset #808080)] [r=0 c=4 rs=1 cs=1]
                          LayoutText {#text} at (2,2) size 70x17
                            text run at (2,2) width 70: "Comment"
                      LayoutTableRow {TR} at (0,22) size 493x22
                        LayoutTableCell {TD} at (0,22) size 98x22 [border: (1px inset #808080)] [r=1 c=0 rs=1 cs=1]
                          LayoutText {#text} at (2,2) size 94x17
                            text run at (2,2) width 94: "HAO,SCOTT"
                        LayoutTableCell {TD} at (98,22) size 37x22 [border: (1px inset #808080)] [r=1 c=1 rs=1 cs=1]
                          LayoutText {#text} at (2,2) size 28x17
                            text run at (2,2) width 28: "13F"
                        LayoutTableCell {TD} at (135,22) size 79x22 [border: (1px inset #808080)] [r=1 c=2 rs=1 cs=1]
                          LayoutText {#text} at (2,2) size 75x17
                            text run at (2,2) width 75: "confirmed "
                        LayoutTableCell {TD} at (214,22) size 205x22 [border: (1px inset #808080)] [r=1 c=3 rs=1 cs=1]
                          LayoutText {#text} at (2,2) size 201x17
                            text run at (2,2) width 201: "Non-Smoking, Window Seat"
                        LayoutTableCell {TD} at (419,22) size 74x22 [border: (1px inset #808080)] [r=1 c=4 rs=1 cs=1]
                          LayoutText {#text} at (2,2) size 5x17
                            text run at (2,2) width 5: " "
                LayoutBlockFlow (anonymous) at (1,173) size 495x18
                  LayoutInline {SPACE} at (0,0) size 0x17
                    LayoutInline {SPACE} at (0,0) size 0x17
                      LayoutBR {BR} at (0,0) size 0x17
      LayoutBlockFlow (anonymous) at (0,799.88) size 784x0
        LayoutInline {SPAN} at (0,0) size 0x0
          LayoutInline {SPAN} at (0,0) size 0x0
            LayoutInline {SPAN} at (0,0) size 0x0
              LayoutInline {SPAN} at (0,0) size 0x0
              LayoutText {#text} at (0,0) size 0x0
      LayoutBlockFlow (anonymous) at (0,806.53) size 784x2
        LayoutBlockFlow {HR} at (0,0) size 784x2 [border: (1px inset #EEEEEE)]
      LayoutBlockFlow (anonymous) at (0,815.19) size 784x0
        LayoutInline {SPAN} at (0,0) size 0x0
          LayoutInline {SPAN} at (0,0) size 0x0
            LayoutInline {SPAN} at (0,0) size 0x0
              LayoutInline {SPAN} at (0,0) size 0x0
                LayoutText {#text} at (0,0) size 0x0
      LayoutBlockFlow (anonymous) at (0,815.19) size 784x114
        LayoutTable {TABLE} at (0,0) size 634x114
          LayoutTableSection {TBODY} at (0,0) size 634x114
            LayoutTableRow {TR} at (0,2) size 634x110
              LayoutTableCell {TD} at (2,56) size 2x2 [r=0 c=0 rs=1 cs=1]
              LayoutTableCell {TD} at (6,2) size 2x2 [r=0 c=1 rs=1 cs=1]
              LayoutTableCell {TD} at (10,45) size 111x24 [r=0 c=2 rs=1 cs=1]
                LayoutBlockFlow {IMG} at (1,1) size 108.05x22
                LayoutText {#text} at (0,0) size 0x0
              LayoutTableCell {TD} at (123,2) size 509x110 [r=0 c=3 rs=1 cs=1]
                LayoutText {#text} at (1,1) size 24x17
                  text run at (1,1) width 24: "Air "
                LayoutBR {BR} at (0,0) size 0x0
                LayoutText {#text} at (1,19) size 506x17
                  text run at (1,19) width 89: "UNKNOWN "
                  text run at (89,19) width 76: "Flight 123 "
                  text run at (164,19) width 121: "Booking Code:Y "
                  text run at (284,19) width 223: "Date: Tuesday, March 25, 2003"
                LayoutBR {BR} at (507,33) size 0x0
                LayoutText {#text} at (1,37) size 392x17
                  text run at (1,37) width 392: "From: San Francisco Intl Arpt, San Francisco CA - U.S."
                LayoutBR {BR} at (392,51) size 1x0
                LayoutText {#text} at (1,55) size 371x17
                  text run at (1,55) width 26: "To: "
                  text run at (26,55) width 346: "San Francisco Intl Arpt, San Francisco CA - U.S."
                LayoutBR {BR} at (371,69) size 1x0
                LayoutText {#text} at (1,73) size 173x17
                  text run at (1,73) width 92: "Departs: n/a "
                  text run at (92,73) width 82: "Arrives: n/a"
                LayoutBR {BR} at (173,87) size 1x0
                LayoutText {#text} at (1,91) size 50x17
                  text run at (1,91) width 50: "Status:"
                LayoutInline {SPACE} at (0,0) size 198x17
                  LayoutText {#text} at (50,91) size 193x17
                    text run at (50,91) width 193: " requested, await response"
                  LayoutInline {SPACE} at (0,0) size 6x17
                    LayoutText {#text} at (242,91) size 6x17
                      text run at (242,91) width 6: " "
                    LayoutBR {BR} at (247,105) size 1x0
      LayoutBlockFlow (anonymous) at (0,929.19) size 784x0
        LayoutInline {SPAN} at (0,0) size 0x0
          LayoutInline {SPAN} at (0,0) size 0x0
            LayoutInline {SPAN} at (0,0) size 0x0
              LayoutInline {SPAN} at (0,0) size 0x0
              LayoutText {#text} at (0,0) size 0x0
      LayoutBlockFlow (anonymous) at (0,935.84) size 784x2
        LayoutBlockFlow {HR} at (0,0) size 784x2 [border: (1px inset #EEEEEE)]
      LayoutBlockFlow (anonymous) at (0,944.50) size 784x52
        LayoutInline {SPAN} at (0,0) size 195x51
          LayoutInline {SPAN} at (0,0) size 0x0
            LayoutInline {SPAN} at (0,0) size 0x0
            LayoutText {#text} at (0,0) size 0x0
          LayoutText {#text} at (0,0) size 0x0
          LayoutInline {SPAN} at (0,0) size 98x17
            LayoutText {#text} at (0,0) size 0x0
            LayoutBlockFlow {IMG} at (0,0) size 20x20
            LayoutText {#text} at (20,0) size 78x17
              text run at (20,0) width 5: " "
              text run at (24,0) width 74: "Remarks:"
            LayoutBR {BR} at (97,14) size 1x0
          LayoutText {#text} at (0,0) size 0x0
          LayoutBR {BR} at (0,20) size 0x16
          LayoutInline {SPAN} at (0,0) size 195x16
            LayoutText {#text} at (0,36) size 195x16
              text run at (0,36) width 125: "SERVICE FEE MCO "
              text run at (124,36) width 71: "8103220490"
            LayoutBR {BR} at (194,49) size 1x0
          LayoutText {#text} at (0,0) size 0x0
      LayoutBlockFlow (anonymous) at (0,1003.16) size 784x2
        LayoutBlockFlow {HR} at (0,0) size 784x2 [border: (1px inset #EEEEEE)]
      LayoutBlockFlow (anonymous) at (0,1011.81) size 784x22
        LayoutInline {SPAN} at (0,0) size 203x16
          LayoutInline {SPAN} at (0,0) size 203x17
            LayoutText {#text} at (0,0) size 0x0
            LayoutBlockFlow {IMG} at (0,0) size 83.14x22
            LayoutText {#text} at (83,1) size 5x17
              text run at (83,1) width 5: " "
            LayoutInline {B} at (0,0) size 112x17
              LayoutText {#text} at (87,1) size 112x17
                text run at (87,1) width 112: "Web Bookings"
            LayoutText {#text} at (198,1) size 5x17
              text run at (198,1) width 5: " "
            LayoutInline {SPAN} at (0,0) size 1x17
              LayoutBR {BR} at (202,15) size 1x0
              LayoutInline {SPAN} at (0,0) size 0x0
            LayoutText {#text} at (0,0) size 0x0
          LayoutText {#text} at (0,0) size 0x0
      LayoutBlockFlow (anonymous) at (0,1040.47) size 784x2
        LayoutBlockFlow {HR} at (0,0) size 784x2 [border: (1px inset #EEEEEE)]
      LayoutBlockFlow (anonymous) at (0,1049.13) size 784x20
        LayoutInline {SPAN} at (0,0) size 279x16
          LayoutInline {SPAN} at (0,0) size 279x16
            LayoutText {#text} at (0,0) size 0x0
            LayoutInline {SPAN} at (0,0) size 279x17
              LayoutText {#text} at (0,0) size 0x0
              LayoutBlockFlow {IMG} at (0,0) size 20x20
              LayoutText {#text} at (20,0) size 259x17
                text run at (20,0) width 5: " "
                text run at (24,0) width 255: "Remarks and Service Information"
              LayoutBR {BR} at (278,14) size 1x0
            LayoutText {#text} at (0,0) size 0x0
            LayoutText {#text} at (0,0) size 0x0
      LayoutBlockFlow (anonymous) at (0,1075.78) size 784x31.33
        LayoutBlockFlow {HR} at (0,0) size 784x2 [border: (1px inset #EEEEEE)]
        LayoutBlockFlow {P} at (0,15.33) size 784x16
          LayoutText {#text} at (0,0) size 203x16
            text run at (0,0) width 203: "This itinerary is subject to change. "
          LayoutInline {A} at (0,0) size 162x16 [color=#0000EE]
            LayoutText {#text} at (203,0) size 162x16
              text run at (203,0) width 162: "Click here for latest updates"
          LayoutText {#text} at (0,0) size 0x0
      LayoutBlockFlow (anonymous) at (0,1120.44) size 784x0
        LayoutInline {SPAN} at (0,0) size 0x0
          LayoutInline {SPAN} at (0,0) size 0x0
          LayoutText {#text} at (0,0) size 0x0
layer at (8,43) size 72x22 clip at (9,44) size 70x20
  LayoutBlockFlow {DIV} at (0,0) size 72.48x22 [border: (1px solid #C0C0C0)]
    LayoutImage (floating) {IMG} at (2,2) size 16x16
layer at (26,45) size 52x18
  LayoutBlockFlow {DIV} at (18,2) size 52.48x18
    LayoutText {#text} at (0,0) size 53x17
      text run at (0,0) width 53: "Names"
layer at (8,105) size 82x20 clip at (9,106) size 80x18
  LayoutBlockFlow {DIV} at (0,0) size 82x20 [border: (1px solid #C0C0C0)]
    LayoutImage (floating) {IMG} at (2,2) size 16x16
layer at (26,107) size 62x16
  LayoutBlockFlow {DIV} at (18,2) size 62x16
    LayoutText {#text} at (0,0) size 62x16
      text run at (0,0) width 62: "Addresses"
layer at (8,186) size 78x22 clip at (9,187) size 76x20
  LayoutBlockFlow {DIV} at (0,0) size 77.80x22 [border: (1px solid #C0C0C0)]
    LayoutImage (floating) {IMG} at (2,2) size 16x16
layer at (26,188) size 58x18
  LayoutBlockFlow {DIV} at (18,2) size 57.80x18
    LayoutText {#text} at (0,0) size 58x17
      text run at (0,0) width 58: "Phones"
layer at (8,303) size 83x22 clip at (9,304) size 81x20
  LayoutBlockFlow {DIV} at (0,0) size 83.14x22 [border: (1px solid #C0C0C0)]
    LayoutImage (floating) {IMG} at (2,2) size 16x16
layer at (26,305) size 63x18
  LayoutBlockFlow {DIV} at (18,2) size 63.14x18
    LayoutText {#text} at (0,0) size 64x17
      text run at (0,0) width 64: "Itinerary"
layer at (19,344) size 165x22 clip at (20,345) size 163x20
  LayoutBlockFlow {DIV} at (0,0) size 164.94x22 [border: (1px solid #C0C0C0)]
    LayoutImage (floating) {IMG} at (2,2) size 16x16
layer at (37,346) size 145x18
  LayoutBlockFlow {DIV} at (18,2) size 144.94x18
    LayoutText {#text} at (0,0) size 145x17
      text run at (0,0) width 145: "TUR - Tour Package"
layer at (19,488) size 108x22 clip at (20,489) size 106x20
  LayoutBlockFlow {DIV} at (0,0) size 108.05x22 [border: (1px solid #C0C0C0)]
    LayoutImage (floating) {IMG} at (2,2) size 16x16
layer at (37,490) size 88x18
  LayoutBlockFlow {DIV} at (18,2) size 88.05x18
    LayoutText {#text} at (0,0) size 89x17
      text run at (0,0) width 89: "Air Segment"
layer at (19,699) size 108x22 backgroundClip at (0,0) size 0x0 clip at (0,0) size 0x0
  LayoutBlockFlow {DIV} at (0,0) size 108.05x22 [border: (1px solid #C0C0C0)]
    LayoutImage (floating) {IMG} at (2,2) size 16x16
layer at (37,701) size 88x18 backgroundClip at (0,0) size 0x0 clip at (0,0) size 0x0
  LayoutBlockFlow {DIV} at (18,2) size 88.05x18
    LayoutText {#text} at (0,0) size 89x17
      text run at (0,0) width 89: "Air Segment"
layer at (19,869) size 108x22 backgroundClip at (0,0) size 0x0 clip at (0,0) size 0x0
  LayoutBlockFlow {DIV} at (0,0) size 108.05x22 [border: (1px solid #C0C0C0)]
    LayoutImage (floating) {IMG} at (2,2) size 16x16
layer at (37,871) size 88x18 backgroundClip at (0,0) size 0x0 clip at (0,0) size 0x0
  LayoutBlockFlow {DIV} at (18,2) size 88.05x18
    LayoutText {#text} at (0,0) size 89x17
      text run at (0,0) width 89: "Air Segment"
layer at (8,953) size 20x20 backgroundClip at (0,0) size 0x0 clip at (0,0) size 0x0
  LayoutBlockFlow {DIV} at (0,0) size 20x20 [border: (1px solid #C0C0C0)]
    LayoutImage (floating) {IMG} at (2,2) size 16x16
layer at (26,955) size 0x0
  LayoutBlockFlow {DIV} at (18,2) size 0x0
layer at (8,1020) size 83x22 backgroundClip at (0,0) size 0x0 clip at (0,0) size 0x0
  LayoutBlockFlow {DIV} at (0,0) size 83.14x22 [border: (1px solid #C0C0C0)]
    LayoutImage (floating) {IMG} at (2,2) size 16x16
layer at (26,1022) size 63x18 backgroundClip at (0,0) size 0x0 clip at (0,0) size 0x0
  LayoutBlockFlow {DIV} at (18,2) size 63.14x18
    LayoutText {#text} at (0,0) size 64x17
      text run at (0,0) width 64: "Itinerary"
layer at (8,1057) size 20x20 backgroundClip at (0,0) size 0x0 clip at (0,0) size 0x0
  LayoutBlockFlow {DIV} at (0,0) size 20x20 [border: (1px solid #C0C0C0)]
    LayoutImage (floating) {IMG} at (2,2) size 16x16
layer at (26,1059) size 0x0
  LayoutBlockFlow {DIV} at (18,2) size 0x0
layer at (23,43) size 102x16
  LayoutInline (relative positioned) {SPAN} at (0,0) size 102x16
    LayoutText {#text} at (0,0) size 0x0
    LayoutInline {SPAN} at (0,0) size 102x16
      LayoutText {#text} at (0,0) size 0x0
      LayoutBlockFlow {IMG} at (0,22) size 20x20
      LayoutText {#text} at (20,29) size 4x16
        text run at (20,29) width 4: " "
      LayoutInline {SPAN} at (0,0) size 78x16
        LayoutText {#text} at (24,29) size 78x16
          text run at (24,29) width 78: "HAO, SCOTT"
        LayoutBR {BR} at (102,42) size 0x0
        LayoutText {#text} at (0,0) size 0x0
      LayoutText {#text} at (0,0) size 0x0
    LayoutText {#text} at (0,0) size 0x0
layer at (23,65) size 20x20 clip at (24,66) size 18x18
  LayoutBlockFlow {DIV} at (0,0) size 20x20 [border: (1px solid #C0C0C0)]
    LayoutImage (floating) {IMG} at (2,2) size 16x16
layer at (41,67) size 0x0
  LayoutBlockFlow {DIV} at (18,2) size 0x0
layer at (48,43) size 0x0
  LayoutInline (relative positioned) {SPAN} at (0,0) size 0x0
    LayoutText {#text} at (0,0) size 0x0
layer at (23,104) size 582x39
  LayoutInline (relative positioned) {SPAN} at (0,0) size 582x39
    LayoutText {#text} at (0,0) size 0x0
    LayoutBlockFlow {IMG} at (0,21) size 20x20
    LayoutText {#text} at (20,28) size 562x16
      text run at (20,28) width 4: " "
      text run at (24,28) width 56: "Address: "
      text run at (80,28) width 502: "ST. JUDE MEDICAL, 21700 OXNARD ST SUITE 800, WOODLAND HILLS CA Z/91367 "
    LayoutBR {BR} at (581,41) size 1x0
    LayoutBlockFlow {IMG} at (0,44) size 20x20
    LayoutText {#text} at (20,51) size 399x16
      text run at (20,51) width 4: " "
      text run at (24,51) width 46: "Deliver: "
      text run at (70,51) width 101: "DEBI STANGEL, "
      text run at (171,51) width 114: "119 GLEN COURT, "
      text run at (284,51) width 135: "DANVILLE CA Z/94526"
layer at (23,125) size 20x20 clip at (24,126) size 18x18
  LayoutBlockFlow {DIV} at (0,0) size 20x20 [border: (1px solid #C0C0C0)]
    LayoutImage (floating) {IMG} at (2,2) size 16x16
layer at (41,127) size 0x0
  LayoutBlockFlow {DIV} at (18,2) size 0x0
layer at (23,148) size 20x20 clip at (24,149) size 18x18
  LayoutBlockFlow {DIV} at (0,0) size 20x20 [border: (1px solid #C0C0C0)]
    LayoutImage (floating) {IMG} at (2,2) size 16x16
layer at (41,150) size 0x0
  LayoutBlockFlow {DIV} at (18,2) size 0x0
layer at (23,186) size 20x16
  LayoutInline (relative positioned) {SPAN} at (0,0) size 20x16
    LayoutText {#text} at (0,0) size 0x0
    LayoutBlockFlow {IMG} at (0,22) size 20x20
    LayoutText {#text} at (0,0) size 0x0
layer at (23,208) size 20x20 clip at (24,209) size 18x18
  LayoutBlockFlow {DIV} at (0,0) size 20x20 [border: (1px solid #C0C0C0)]
    LayoutImage (floating) {IMG} at (2,2) size 16x16
layer at (41,210) size 0x0
  LayoutBlockFlow {DIV} at (18,2) size 0x0
layer at (23,228) size 784x60 backgroundClip at (0,0) size 800x600 clip at (0,0) size 800x600
  LayoutBlockFlow (anonymous) (relative positioned) at (0,219.94) size 784x60
layer at (43,213) size 526x60
  LayoutTable (relative positioned) {TABLE} at (0,0) size 526x60 [border: (1px outset #808080)]
    LayoutTableSection {TBODY} at (1,1) size 524x58
      LayoutTableRow {TR} at (0,2) size 524x22 [bgcolor=#E0E0E0]
        LayoutTableCell {TD} at (2,2) size 95x22 [border: (1px inset #808080)] [r=0 c=0 rs=1 cs=1]
          LayoutText {#text} at (2,2) size 35x17
            text run at (2,2) width 35: "Type"
        LayoutTableCell {TD} at (99,2) size 45x22 [border: (1px inset #808080)] [r=0 c=1 rs=1 cs=1]
          LayoutText {#text} at (2,2) size 28x17
            text run at (2,2) width 28: "City"
        LayoutTableCell {TD} at (146,2) size 376x22 [border: (1px inset #808080)] [r=0 c=2 rs=1 cs=1]
          LayoutText {#text} at (2,2) size 47x17
            text run at (2,2) width 47: "Phone"
      LayoutTableRow {TR} at (0,26) size 524x0
      LayoutTableRow {TR} at (0,28) size 524x22
        LayoutTableCell {TD} at (2,28) size 95x22 [border: (1px inset #808080)] [r=2 c=0 rs=1 cs=1]
          LayoutText {#text} at (2,2) size 91x17
            text run at (2,2) width 91: "Travel Agent"
        LayoutTableCell {TD} at (99,28) size 45x22 [border: (1px inset #808080)] [r=2 c=1 rs=1 cs=1]
          LayoutText {#text} at (2,2) size 41x17
            text run at (2,2) width 41: "(LAX)"
        LayoutTableCell {TD} at (146,28) size 376x22 [border: (1px inset #808080)] [r=2 c=2 rs=1 cs=1]
          LayoutText {#text} at (2,2) size 372x17
            text run at (2,2) width 372: "RQ0/818 990-4053-PLAZA TRAVEL - 05838276-RC"
      LayoutTableRow {TR} at (0,52) size 524x0
      LayoutTableRow {TR} at (0,54) size 524x0
      LayoutTableRow {TR} at (0,56) size 524x0
layer at (23,288) size 0x0
  LayoutInline (relative positioned) {SPAN} at (0,0) size 0x0
layer at (33,1057) size 0x0
  LayoutInline (relative positioned) {SPAN} at (0,0) size 0x0
    LayoutText {#text} at (0,0) size 0x0
    LayoutInline {SPAN} at (0,0) size 0x0
      LayoutText {#text} at (0,0) size 0x0
    LayoutText {#text} at (0,0) size 0x0
