layer at (0,0) size 800x600
  LayoutView at (0,0) size 800x600
layer at (0,0) size 800x600
  LayoutBlockFlow {HTML} at (0,0) size 800x600
    LayoutBlockFlow {BODY} at (8,8) size 784x584
      LayoutBlockFlow (floating) {DIV} at (0,0) size 244.72x24 [border: (2px solid #008000)]
        LayoutText {#text} at (2,2) size 241x19
          text run at (2,2) width 241: "Words should have a negative spacing of 5px."
