layer at (0,0) size 800x600
  LayoutView at (0,0) size 800x600
layer at (0,0) size 800x146
  LayoutBlockFlow {HTML} at (0,0) size 800x146
    LayoutBlockFlow {BODY} at (8,8) size 784x130
      LayoutBlockFlow {DIV} at (0,0) size 784x40
        LayoutText {#text} at (0,0) size 95x19
          text run at (0,0) width 95: "Select this text. "
        LayoutInline {FONT} at (0,0) size 758x32
          LayoutText {#text} at (95,5) size 758x32
            text run at (95,5) width 84: "I am teeny and tiny. "
            text run at (178,5) width 297: "I am going to have lots of text but each line should retain the big height. "
            text run at (474,5) width 284: "If the lines shrink, it means that the root line box's height is not being"
            text run at (0,25) width 114: "considered and that's wrong."
        LayoutText {#text} at (0,0) size 0x0
      LayoutBlockFlow {P} at (0,56) size 784x0
      LayoutBlockFlow {DIV} at (0,56) size 784x74
        LayoutInline {FONT} at (0,0) size 764x73
          LayoutText {#text} at (0,0) size 418x36
            text run at (0,0) width 418: "This text is absolutely enormous. "
          LayoutInline {FONT} at (0,0) size 764x49
            LayoutText {#text} at (418,18) size 764x49
              text run at (418,18) width 84: "I am teeny and tiny. "
              text run at (501,18) width 263: "I am going to have lots of text but each line should retain the big"
              text run at (0,55) width 31: "height. "
              text run at (31,55) width 408: "If the lines shrink, it means that the span's line box's height is not being considered and that's wrong."
          LayoutText {#text} at (0,0) size 0x0
