layer at (0,0) size 800x600
  LayoutView at (0,0) size 800x600
layer at (0,0) size 800x600
  LayoutBlockFlow {HTML} at (0,0) size 800x600
    LayoutBlockFlow {BODY} at (8,8) size 784x576
      LayoutBlockFlow {P} at (0,0) size 784x40
        LayoutText {#text} at (0,0) size 202x19
          text run at (0,0) width 202: "This tests for a regression against "
        LayoutInline {I} at (0,0) size 751x39
          LayoutInline {A} at (0,0) size 350x19 [color=#0000EE]
            LayoutText {#text} at (202,0) size 350x19
              text run at (202,0) width 350: "http://bugzilla.opendarwin.org/show_bug.cgi?id=6418"
          LayoutText {#text} at (551,0) size 751x39
            text run at (551,0) width 5: " "
            text run at (555,0) width 196: "Incorrect scrollbar when using"
            text run at (0,20) width 282: "overflow:auto and word-wrap:break-word; "
            text run at (281,20) width 88: "in some cases"
        LayoutText {#text} at (368,20) size 5x19
          text run at (368,20) width 5: "."
      LayoutBlockFlow {HR} at (0,56) size 784x2 [border: (1px inset #EEEEEE)]
      LayoutBlockFlow {P} at (0,74) size 784x20
        LayoutText {#text} at (0,0) size 246x19
          text run at (0,0) width 246: "The first line should break after \x{201C}Lorem\x{201D}."
      LayoutBlockFlow {DIV} at (0,110) size 85x42 [border: (1px solid #00FFFF)]
        LayoutText {#text} at (1,1) size 79x19
          text run at (1,1) width 79: "Lorem ipsum"
        LayoutInline {SPAN} at (0,0) size 32x19
          LayoutText {#text} at (1,21) size 32x19
            text run at (1,21) width 32: "dolor"
        LayoutText {#text} at (0,0) size 0x0
      LayoutBlockFlow {HR} at (0,160) size 784x2 [border: (1px inset #EEEEEE)]
      LayoutBlockFlow {P} at (0,178) size 784x20
        LayoutText {#text} at (0,0) size 632x19
          text run at (0,0) width 458: "The first line should break after the letter u, so that the gray border does not "
          text run at (458,0) width 174: "extend beyond the cyan box."
      LayoutBlockFlow {DIV} at (0,214) size 87x22 [border: (1px solid #00FFFF)]
        LayoutInline {SPAN} at (0,0) size 105x19 [border: none (30px solid #C0C0C0) none]
          LayoutText {#text} at (1,1) size 75x19
            text run at (1,1) width 75: "Loremipsum"
        LayoutText {#text} at (0,0) size 0x0
      LayoutBlockFlow {HR} at (0,244) size 784x2 [border: (1px inset #EEEEEE)]
      LayoutBlockFlow {P} at (0,262) size 784x20
        LayoutText {#text} at (0,0) size 584x19
          text run at (0,0) width 410: "The first line should break after the letter p, so that the text does not "
          text run at (410,0) width 174: "extend beyond the cyan box."
      LayoutBlockFlow {DIV} at (0,298) size 87x22 [border: (1px solid #00FFFF)]
        LayoutInline {SPAN} at (0,0) size 105x19 [border: none (30px solid #C0C0C0)]
          LayoutText {#text} at (31,1) size 75x19
            text run at (31,1) width 75: "Loremipsum"
        LayoutText {#text} at (0,0) size 0x0
      LayoutBlockFlow {HR} at (0,328) size 784x2 [border: (1px inset #EEEEEE)]
      LayoutBlockFlow {P} at (0,346) size 784x20
        LayoutText {#text} at (0,0) size 239x19
          text run at (0,0) width 239: "\x{201C}Dolor\x{201D} should not break into two lines."
layer at (8,390) size 37x22
  LayoutBlockFlow (positioned) {DIV} at (8,390) size 37x22
    LayoutBlockFlow {DIV} at (0,0) size 37x22 [border: (1px solid #00FFFF)]
      LayoutText {#text} at (1,1) size 35x19
        text run at (1,1) width 35: "Dolor"
