layer at (0,0) size 800x600
  LayoutView at (0,0) size 800x600
layer at (0,0) size 800x600
  LayoutBlockFlow {HTML} at (0,0) size 800x600
    LayoutBlockFlow {BODY} at (8,8) size 784x584
      LayoutBlockFlow {H3} at (0,0) size 784x23
        LayoutText {#text} at (0,0) size 507x23
          text run at (0,0) width 507: "tt's, font-family inheriting and font-size: a bug"
      LayoutTable {TABLE} at (0,41.72) size 784x364
        LayoutTableSection {TBODY} at (0,0) size 784x364
          LayoutTableRow {TR} at (0,10) size 784x200
            LayoutTableCell {TD} at (10,10) size 764x200 [r=0 c=0 rs=1 cs=2]
              LayoutText {#text} at (1,1) size 352x18
                text run at (1,1) width 352: "The css in the head of this file is like this:"
              LayoutBR {BR} at (352,16) size 1x0
              LayoutBR {BR} at (1,19) size 0x18
              LayoutText {#text} at (1,37) size 110x18
                text run at (1,37) width 110: "html, body { "
              LayoutBR {BR} at (111,52) size 0x0
              LayoutText {#text} at (1,55) size 206x18
                text run at (1,55) width 206: "    font-family: Verdana; "
              LayoutBR {BR} at (206,70) size 1x0
              LayoutText {#text} at (1,73) size 10x18
                text run at (1,73) width 10: "}"
              LayoutBR {BR} at (11,88) size 0x0
              LayoutText {#text} at (1,91) size 81x18
                text run at (1,91) width 81: "tt, span {"
              LayoutBR {BR} at (82,106) size 0x0
              LayoutText {#text} at (1,109) size 168x18
                text run at (1,109) width 168: "    font-size: 0.8em;"
              LayoutBR {BR} at (168,124) size 1x0
              LayoutText {#text} at (1,127) size 10x18
                text run at (1,127) width 10: "}"
              LayoutBR {BR} at (11,142) size 0x0
              LayoutBR {BR} at (1,145) size 0x18
              LayoutText {#text} at (1,163) size 761x36
                text run at (1,163) width 761: "The two columns below show that inheriting the font does not correctly inherit the font-size"
                text run at (1,181) width 138: "for a <tt> block."
              LayoutBR {BR} at (139,196) size 0x0
          LayoutTableRow {TR} at (0,220) size 784x20
            LayoutTableCell {TH} at (10,220) size 376x20 [r=1 c=0 rs=1 cs=1]
              LayoutText {#text} at (168,1) size 40x18
                text run at (168,1) width 40: "<tt>"
            LayoutTableCell {TH} at (396,220) size 378x20 [r=1 c=1 rs=1 cs=1]
              LayoutText {#text} at (155,1) size 68x18
                text run at (155,1) width 68: "<span>"
          LayoutTableRow {TR} at (0,250) size 784x18
            LayoutTableCell {TD} at (10,250) size 376x18 [r=2 c=0 rs=1 cs=1]
              LayoutInline {TT} at (0,0) size 263x16
                LayoutText {#text} at (1,1) size 263x16
                  text run at (1,1) width 263: "font-family: Verdana; font-size: 0.8em;"
              LayoutText {#text} at (0,0) size 0x0
            LayoutTableCell {TD} at (396,250) size 378x18 [r=2 c=1 rs=1 cs=1]
              LayoutInline {SPAN} at (0,0) size 263x16
                LayoutText {#text} at (1,1) size 263x16
                  text run at (1,1) width 263: "font-family: Verdana; font-size: 0.8em;"
              LayoutText {#text} at (0,0) size 0x0
          LayoutTableRow {TR} at (0,278) size 784x18
            LayoutTableCell {TD} at (10,278) size 376x18 [r=3 c=0 rs=1 cs=1]
              LayoutInline {TT} at (0,0) size 321x16
                LayoutText {#text} at (1,1) size 321x16
                  text run at (1,1) width 321: "font-family: inherit (Verdana); font-size: 0.8em;"
              LayoutText {#text} at (0,0) size 0x0
            LayoutTableCell {TD} at (396,278) size 378x18 [r=3 c=1 rs=1 cs=1]
              LayoutInline {SPAN} at (0,0) size 251x16
                LayoutText {#text} at (1,1) size 251x16
                  text run at (1,1) width 251: "font-family: inherit; font-size: 0.8em;"
              LayoutText {#text} at (0,0) size 0x0
          LayoutTableRow {TR} at (0,306) size 784x20
            LayoutTableCell {TD} at (10,306) size 376x20 [r=4 c=0 rs=1 cs=1]
              LayoutInline {TT} at (0,0) size 326x18
                LayoutText {#text} at (1,1) size 326x18
                  text run at (1,1) width 326: "font-family: Verdana; font-size: 1.0em;"
              LayoutText {#text} at (0,0) size 0x0
            LayoutTableCell {TD} at (396,306) size 378x20 [r=4 c=1 rs=1 cs=1]
              LayoutInline {SPAN} at (0,0) size 326x18
                LayoutText {#text} at (1,1) size 326x18
                  text run at (1,1) width 326: "font-family: Verdana; font-size: 1.0em;"
              LayoutText {#text} at (0,0) size 0x0
          LayoutTableRow {TR} at (0,336) size 784x18
            LayoutTableCell {TD} at (10,338) size 376x14 [r=5 c=0 rs=1 cs=1]
              LayoutInline {TT} at (0,0) size 186x12
                LayoutText {#text} at (1,1) size 186x12
                  text run at (1,1) width 186: "default font; font-size: 0.8em;"
              LayoutText {#text} at (0,0) size 0x0
            LayoutTableCell {TD} at (396,336) size 378x18 [r=5 c=1 rs=1 cs=1]
              LayoutInline {SPAN} at (0,0) size 312x16
                LayoutText {#text} at (1,1) size 312x16
                  text run at (1,1) width 312: "font-family: courier; font-size: 0.8em;"
              LayoutText {#text} at (0,0) size 0x0
