layer at (0,0) size 800x600
  LayoutView at (0,0) size 800x600
layer at (0,0) size 800x317
  LayoutBlockFlow {HTML} at (0,0) size 800x317
    LayoutBlockFlow {BODY} at (8,8) size 784x293
      LayoutBlockFlow (anonymous) at (0,0) size 784x60
        LayoutText {#text} at (0,0) size 773x59
          text run at (0,0) width 501: "Tests of WebKit's intepretation of font sizes when no absolute font size is specified. "
          text run at (500,0) width 256: "Percentages and logical keywords scale to"
          text run at (0,20) width 136: "reflect the family type. "
          text run at (136,20) width 637: "Opera 9 matches this behavior as well (except it has a bug with multiple font-family mappings as in the first"
          text run at (0,40) width 59: "example)."
      LayoutBlockFlow {PRE} at (0,73) size 784x16
        LayoutInline {SPAN} at (0,0) size 120x16
          LayoutText {#text} at (0,0) size 120x16
            text run at (0,0) width 120: "Should be 13 px"
      LayoutBlockFlow {PRE} at (0,102) size 784x16
        LayoutInline {SPAN} at (0,0) size 81x15
          LayoutText {#text} at (0,0) size 81x15
            text run at (0,0) width 81: "Should be 13px"
      LayoutBlockFlow {PRE} at (0,131) size 784x16
        LayoutInline {SPAN} at (0,0) size 81x15
          LayoutText {#text} at (0,0) size 81x15
            text run at (0,0) width 81: "Should be 13px"
      LayoutBlockFlow {P} at (0,163) size 784x20
        LayoutInline {SPAN} at (0,0) size 81x15
          LayoutText {#text} at (0,3) size 81x15
            text run at (0,3) width 81: "Should be 13px"
      LayoutBlockFlow {P} at (0,199) size 784x20
        LayoutInline {TT} at (0,0) size 96x18
          LayoutInline {SPAN} at (0,0) size 96x19
            LayoutText {#text} at (0,0) size 96x19
              text run at (0,0) width 96: "Should be 16px"
      LayoutBlockFlow {P} at (0,235) size 784x20
        LayoutInline {TT} at (0,0) size 96x16
          LayoutInline {SPAN} at (0,0) size 96x19
            LayoutText {#text} at (0,0) size 96x19
              text run at (0,0) width 96: "Should be 16px"
      LayoutBlockFlow {P} at (0,271) size 784x22
        LayoutInline {TT} at (0,0) size 118x16
          LayoutInline {SPAN} at (0,0) size 118x21
            LayoutText {#text} at (0,0) size 118x21
              text run at (0,0) width 118: "Should be 19px"
