layer at (0,0) size 800x600 clip at (0,0) size 785x600 scrollHeight 1250
  LayoutView at (0,0) size 800x600
layer at (0,0) size 785x1250 backgroundClip at (0,0) size 785x600 clip at (0,0) size 785x600
  LayoutBlockFlow {HTML} at (0,0) size 785x1250
    LayoutBlockFlow {BODY} at (8,8) size 769x1234
      LayoutText {#text} at (0,0) size 262x19
        text run at (0,0) width 262: "LTR fieldset with left/center/right text-align: "
      LayoutBR {BR} at (262,15) size 0x0
      LayoutFieldset {FIELDSET} at (16,36) size 228x119.59 [border: (2px groove #C0C0C0)]
        LayoutBlockFlow {LEGEND} at (34,0) size 104x25
          LayoutBlockFlow {DIV} at (2,0) size 100x25 [bgcolor=#FFA500]
      LayoutText {#text} at (260,156) size 4x19
        text run at (260,156) width 4: " "
      LayoutFieldset {FIELDSET} at (280,36) size 228x119.59 [border: (2px groove #C0C0C0)]
        LayoutBlockFlow {LEGEND} at (110,0) size 104x25
          LayoutBlockFlow {DIV} at (2,0) size 100x25 [bgcolor=#FFA500]
      LayoutText {#text} at (0,0) size 0x0
      LayoutFieldset {FIELDSET} at (16,192) size 228x119.59 [border: (2px groove #C0C0C0)]
        LayoutBlockFlow {LEGEND} at (62,0) size 104x25
          LayoutBlockFlow {DIV} at (2,0) size 100x25 [bgcolor=#FFA500]
      LayoutText {#text} at (260,312) size 4x19
        text run at (260,312) width 4: " "
      LayoutBR {BR} at (0,0) size 0x0
      LayoutText {#text} at (0,332) size 262x19
        text run at (0,332) width 262: "RTL fieldset with left/center/right text-align: "
      LayoutBR {BR} at (262,347) size 0x0
      LayoutFieldset {FIELDSET} at (16,368) size 228x119.59 [border: (2px groove #C0C0C0)]
        LayoutBlockFlow {LEGEND} at (14,0) size 104x25
          LayoutBlockFlow {DIV} at (2,0) size 100x25 [bgcolor=#FFA500]
      LayoutText {#text} at (260,488) size 4x19
        text run at (260,488) width 4: " "
      LayoutFieldset {FIELDSET} at (280,368) size 228x119.59 [border: (2px groove #C0C0C0)]
        LayoutBlockFlow {LEGEND} at (90,0) size 104x25
          LayoutBlockFlow {DIV} at (2,0) size 100x25 [bgcolor=#FFA500]
      LayoutText {#text} at (0,0) size 0x0
      LayoutFieldset {FIELDSET} at (16,524) size 228x119.59 [border: (2px groove #C0C0C0)]
        LayoutBlockFlow {LEGEND} at (62,0) size 104x25
          LayoutBlockFlow {DIV} at (2,0) size 100x25 [bgcolor=#FFA500]
      LayoutText {#text} at (260,644) size 4x19
        text run at (260,644) width 4: " "
      LayoutBR {BR} at (0,0) size 0x0
      LayoutText {#text} at (0,664) size 313x19
        text run at (0,664) width 313: "Vertical LTR fieldset with left/center/right text-align: "
      LayoutBR {BR} at (313,679) size 0x0
      LayoutFieldset {FIELDSET} at (16,700) size 119.59x228 [border: (2px groove #C0C0C0)]
        LayoutBlockFlow {LEGEND} at (0,34) size 25x104
          LayoutBlockFlow {DIV} at (0,2) size 25x100 [bgcolor=#FFA500]
      LayoutText {#text} at (151,929) size 5x19
        text run at (151,929) width 5: " "
      LayoutFieldset {FIELDSET} at (171.59,700) size 119.59x228 [border: (2px groove #C0C0C0)]
        LayoutBlockFlow {LEGEND} at (0,110) size 25x104
          LayoutBlockFlow {DIV} at (0,2) size 25x100 [bgcolor=#FFA500]
      LayoutText {#text} at (307,929) size 5x19
        text run at (307,929) width 5: " "
      LayoutFieldset {FIELDSET} at (327.19,700) size 119.59x228 [border: (2px groove #C0C0C0)]
        LayoutBlockFlow {LEGEND} at (0,62) size 25x104
          LayoutBlockFlow {DIV} at (0,2) size 25x100 [bgcolor=#FFA500]
      LayoutText {#text} at (462,929) size 5x19
        text run at (462,929) width 5: " "
      LayoutBR {BR} at (0,0) size 0x0
      LayoutText {#text} at (0,949) size 313x19
        text run at (0,949) width 313: "Vertical RTL fieldset with left/center/right text-align: "
      LayoutBR {BR} at (313,964) size 0x0
      LayoutFieldset {FIELDSET} at (16,985) size 119.59x228 [border: (2px groove #C0C0C0)]
        LayoutBlockFlow {LEGEND} at (0,14) size 25x104
          LayoutBlockFlow {DIV} at (0,2) size 25x100 [bgcolor=#FFA500]
      LayoutText {#text} at (151,1214) size 5x19
        text run at (151,1214) width 5: " "
      LayoutFieldset {FIELDSET} at (171.59,985) size 119.59x228 [border: (2px groove #C0C0C0)]
        LayoutBlockFlow {LEGEND} at (0,90) size 25x104
          LayoutBlockFlow {DIV} at (0,2) size 25x100 [bgcolor=#FFA500]
      LayoutText {#text} at (307,1214) size 5x19
        text run at (307,1214) width 5: " "
      LayoutFieldset {FIELDSET} at (327.19,985) size 119.59x228 [border: (2px groove #C0C0C0)]
        LayoutBlockFlow {LEGEND} at (0,62) size 25x104
          LayoutBlockFlow {DIV} at (0,2) size 25x100 [bgcolor=#FFA500]
      LayoutText {#text} at (0,0) size 0x0
