layer at (0,0) size 800x600 scrollX 3645.00 scrollWidth 4445
  LayoutView at (0,0) size 800x600
layer at (-3645,0) size 4445x600 backgroundClip at (0,0) size 800x600 clip at (0,0) size 800x600
  LayoutBlockFlow {HTML} at (0,0) size 4445.34x600
    LayoutBlockFlow {BODY} at (60,48) size 4325.34x504
      LayoutBlockFlow {H1} at (0,0) size 48x504
        LayoutText {#text} at (6,0) size 36x64
          text run at (6,0) width 64: "\x{8349}\x{6795}"
      LayoutBlockFlow {H2} at (69.44,0) size 36x504
        LayoutText {#text} at (5,0) size 26x96
          text run at (5,0) width 96: "\x{590F}\x{76EE}\x{6F31}\x{77F3}"
      LayoutBlockFlow {DIV} at (125.34,0) size 4200x504
        LayoutBlockFlow (anonymous) at (0,0) size 2384x504
          LayoutBR {BR} at (0,0) size 19x0
          LayoutBR {BR} at (20,0) size 19x0
          LayoutBR {BR} at (40,0) size 19x0
          LayoutText {#text} at (60,0) size 19x144
            text run at (60,0) width 144: "\x{3000}\x{3000}\x{3000}\x{3000}\x{3000}\x{3000}\x{3000}\x{3000}\x{4E00}"
          LayoutBR {BR} at (60,144) size 19x0
          LayoutBR {BR} at (80,0) size 19x0
          LayoutText {#text} at (111,0) size 19x16
            text run at (111,0) width 16: "\x{3000}"
          LayoutRuby (inline) {RUBY} at (0,0) size 19x35
            LayoutRubyRun (anonymous) at (111,16) size 20x34.25
              LayoutRubyText {RT} at (-12,0) size 12x34.25
                LayoutText {#text} at (0,0) size 12x35
                  text run at (0,0) width 35: "\x{3084}\x{307E}\x{307F}\x{3061}"
              LayoutRubyBase (anonymous) at (0,0) size 20x34.25
                LayoutInline {RB} at (0,0) size 19x34
                  LayoutText {#text} at (0,0) size 19x34
                    text run at (0,0) width 33: "\x{5C71}\x{8DEF}"
          LayoutText {#text} at (111,50) size 19x194
            text run at (111,50) width 194: "\x{3092}\x{767B}\x{308A}\x{306A}\x{304C}\x{3089}\x{3001}\x{3053}\x{3046}\x{8003}\x{3048}\x{305F}\x{3002}"
          LayoutBR {BR} at (111,243) size 19x1
          LayoutText {#text} at (142,0) size 19x16
            text run at (142,0) width 16: "\x{3000}"
          LayoutRuby (inline) {RUBY} at (0,0) size 19x16
            LayoutRubyRun (anonymous) at (142,16) size 20x16
              LayoutRubyText {RT} at (-12,0) size 12x16
                LayoutText {#text} at (0,4) size 12x9
                  text run at (0,4) width 9: "\x{3061}"
              LayoutRubyBase (anonymous) at (0,0) size 20x16
                LayoutInline {RB} at (0,0) size 19x16
                  LayoutText {#text} at (0,0) size 19x16
                    text run at (0,0) width 16: "\x{667A}"
          LayoutText {#text} at (142,32) size 19x61
            text run at (142,32) width 61: "\x{306B}\x{50CD}\x{3051}\x{3070}"
          LayoutRuby (inline) {RUBY} at (0,0) size 19x18
            LayoutRubyRun (anonymous) at (142,92.50) size 20x17.02
              LayoutRubyText {RT} at (-12,0) size 12x17.02
                LayoutText {#text} at (0,0) size 12x18
                  text run at (0,0) width 18: "\x{304B}\x{3069}"
              LayoutRubyBase (anonymous) at (0,0) size 20x17.02
                LayoutInline {RB} at (0,0) size 19x17
                  LayoutText {#text} at (0,0) size 19x17
                    text run at (0,0) width 16: "\x{89D2}"
          LayoutText {#text} at (142,109) size 19x55
            text run at (142,109) width 55: "\x{304C}\x{7ACB}\x{3064}\x{3002}"
          LayoutRuby (inline) {RUBY} at (0,0) size 19x19
            LayoutRubyRun (anonymous) at (142,159.89) size 20x24.44
              LayoutRubyText {RT} at (-12,0) size 12x24.44
                LayoutText {#text} at (0,0) size 12x25
                  text run at (0,0) width 25: "\x{3058}\x{3087}\x{3046}"
              LayoutRubyBase (anonymous) at (0,0) size 20x24.44
                LayoutInline {RB} at (0,0) size 19x17
                  LayoutText {#text} at (0,4) size 19x17
                    text run at (0,4) width 16: "\x{60C5}"
          LayoutText {#text} at (142,181) size 19x15
            text run at (142,181) width 15: "\x{306B}"
          LayoutRuby (inline) {RUBY} at (0,0) size 19x19
            LayoutRubyRun (anonymous) at (142,195.45) size 20x17.83
              LayoutRubyText {RT} at (-12,0) size 12x17.83
                LayoutText {#text} at (0,0) size 12x19
                  text run at (0,0) width 18: "\x{3055}\x{304A}"
              LayoutRubyBase (anonymous) at (0,0) size 20x17.83
                LayoutInline {RB} at (0,0) size 19x17
                  LayoutText {#text} at (0,0) size 19x17
                    text run at (0,0) width 16: "\x{68F9}"
          LayoutText {#text} at (142,213) size 19x170
            text run at (142,213) width 170: "\x{3055}\x{305B}\x{3070}\x{6D41}\x{3055}\x{308C}\x{308B}\x{3002}\x{610F}\x{5730}\x{3092}"
          LayoutRuby (inline) {RUBY} at (0,0) size 19x19
            LayoutRubyRun (anonymous) at (142,382.78) size 20x17.23
              LayoutRubyText {RT} at (-12,0) size 12x17.23
                LayoutText {#text} at (0,0) size 12x18
                  text run at (0,0) width 18: "\x{3068}\x{304A}"
              LayoutRubyBase (anonymous) at (0,0) size 20x17.23
                LayoutInline {RB} at (0,0) size 19x17
                  LayoutText {#text} at (0,0) size 19x17
                    text run at (0,0) width 16: "\x{901A}"
          LayoutText {#text} at (142,400) size 19x31
            text run at (142,400) width 31: "\x{305B}\x{3070}"
          LayoutRuby (inline) {RUBY} at (0,0) size 19x39
            LayoutRubyRun (anonymous) at (142,428.89) size 20x41.25
              LayoutRubyText {RT} at (-12,0) size 12x41.25
                LayoutText {#text} at (0,0) size 12x42
                  text run at (0,0) width 42: "\x{304D}\x{3085}\x{3046}\x{304F}\x{3064}"
              LayoutRubyBase (anonymous) at (0,0) size 20x41.25
                LayoutInline {RB} at (0,0) size 19x37
                  LayoutText {#text} at (0,2) size 19x37
                    text run at (0,2) width 36: "\x{7AAE}\x{5C48}"
          LayoutText {#text} at (142,468) size 39x495
            text run at (142,468) width 27: "\x{3060}\x{3002}"
            text run at (162,0) width 206: "\x{3068}\x{304B}\x{304F}\x{306B}\x{4EBA}\x{306E}\x{4E16}\x{306F}\x{4F4F}\x{307F}\x{306B}\x{304F}\x{3044}\x{3002}"
          LayoutBR {BR} at (162,205) size 19x1
          LayoutText {#text} at (193,0) size 19x108
            text run at (193,0) width 108: "\x{3000}\x{4F4F}\x{307F}\x{306B}\x{304F}\x{3055}\x{304C}"
          LayoutRuby (inline) {RUBY} at (0,0) size 19x18
            LayoutRubyRun (anonymous) at (193,107.50) size 20x16.81
              LayoutRubyText {RT} at (-12,0) size 12x16.81
                LayoutText {#text} at (0,0) size 12x17
                  text run at (0,0) width 17: "\x{3053}\x{3046}"
              LayoutRubyBase (anonymous) at (0,0) size 20x16.81
                LayoutInline {RB} at (0,0) size 19x17
                  LayoutText {#text} at (0,0) size 19x17
                    text run at (0,0) width 16: "\x{9AD8}"
          LayoutText {#text} at (193,124) size 50x504
            text run at (193,124) width 380: "\x{3058}\x{308B}\x{3068}\x{3001}\x{5B89}\x{3044}\x{6240}\x{3078}\x{5F15}\x{304D}\x{8D8A}\x{3057}\x{305F}\x{304F}\x{306A}\x{308B}\x{3002}\x{3069}\x{3053}\x{3078}\x{8D8A}\x{3057}\x{3066}\x{3082}\x{4F4F}\x{307F}"
            text run at (224,0) width 58: "\x{306B}\x{304F}\x{3044}\x{3068}"
          LayoutRuby (inline) {RUBY} at (0,0) size 19x19
            LayoutRubyRun (anonymous) at (224,57.63) size 20x17.41
              LayoutRubyText {RT} at (-12,0) size 12x17.41
                LayoutText {#text} at (0,0) size 12x18
                  text run at (0,0) width 18: "\x{3055}\x{3068}"
              LayoutRubyBase (anonymous) at (0,0) size 20x17.41
                LayoutInline {RB} at (0,0) size 19x17
                  LayoutText {#text} at (0,0) size 19x17
                    text run at (0,0) width 16: "\x{609F}"
          LayoutText {#text} at (224,75) size 19x147
            text run at (224,75) width 147: "\x{3063}\x{305F}\x{6642}\x{3001}\x{8A69}\x{304C}\x{751F}\x{308C}\x{3066}\x{3001}"
          LayoutRuby (inline) {RUBY} at (0,0) size 19x17
            LayoutRubyRun (anonymous) at (224,221.84) size 20x16
              LayoutRubyText {RT} at (-12,0) size 12x16
                LayoutText {#text} at (0,4) size 12x9
                  text run at (0,4) width 9: "\x{3048}"
              LayoutRubyBase (anonymous) at (0,0) size 20x16
                LayoutInline {RB} at (0,0) size 19x16
                  LayoutText {#text} at (0,0) size 19x16
                    text run at (0,0) width 16: "\x{753B}"
          LayoutText {#text} at (224,237) size 19x75
            text run at (224,237) width 74: "\x{304C}\x{51FA}\x{6765}\x{308B}\x{3002}"
          LayoutBR {BR} at (224,311) size 19x1
          LayoutText {#text} at (244,0) size 19x16
            text run at (244,0) width 16: "\x{3000}"
          LayoutInline {STRONG} at (0,0) size 19x47
            LayoutText {#text} at (244,16) size 19x47
              text run at (244,16) width 47: "\x{4EBA}\x{306E}\x{4E16}"
          LayoutText {#text} at (244,62) size 19x410
            text run at (244,62) width 410: "\x{3092}\x{4F5C}\x{3063}\x{305F}\x{3082}\x{306E}\x{306F}\x{795E}\x{3067}\x{3082}\x{306A}\x{3051}\x{308C}\x{3070}\x{9B3C}\x{3067}\x{3082}\x{306A}\x{3044}\x{3002}\x{3084}\x{306F}\x{308A}\x{5411}\x{3046}\x{4E09}\x{8ED2}"
          LayoutRuby (inline) {RUBY} at (0,0) size 19x41
            LayoutRubyRun (anonymous) at (275,0) size 20x42.61
              LayoutRubyText {RT} at (-12,0) size 12x42.61
                LayoutText {#text} at (0,0) size 12x43
                  text run at (0,0) width 43: "\x{308A}\x{3087}\x{3046}\x{3069}\x{306A}"
              LayoutRubyBase (anonymous) at (0,0) size 20x42.61
                LayoutInline {RB} at (0,0) size 19x38
                  LayoutText {#text} at (0,2) size 19x38
                    text run at (0,2) width 37: "\x{4E21}\x{96A3}"
          LayoutText {#text} at (275,40) size 19x365
            text run at (275,40) width 365: "\x{308A}\x{306B}\x{3061}\x{3089}\x{3061}\x{3089}\x{3059}\x{308B}\x{305F}\x{3060}\x{306E}\x{4EBA}\x{3067}\x{3042}\x{308B}\x{3002}\x{305F}\x{3060}\x{306E}\x{4EBA}\x{304C}\x{4F5C}\x{3063}\x{305F}"
          LayoutInline {STRONG} at (0,0) size 19x48
            LayoutText {#text} at (275,404) size 19x48
              text run at (275,404) width 47: "\x{4EBA}\x{306E}\x{4E16}"
          LayoutText {#text} at (275,451) size 39x498
            text run at (275,451) width 46: "\x{304C}\x{4F4F}\x{307F}"
            text run at (295,0) width 296: "\x{306B}\x{304F}\x{3044}\x{304B}\x{3089}\x{3068}\x{3066}\x{3001}\x{8D8A}\x{3059}\x{56FD}\x{306F}\x{3042}\x{308B}\x{307E}\x{3044}\x{3002}\x{3042}\x{308C}\x{3070}"
          LayoutInline {STRONG} at (0,0) size 19x62
            LayoutText {#text} at (295,295) size 19x62
              text run at (295,295) width 62: "\x{4EBA}\x{3067}\x{306A}\x{3057}"
          LayoutText {#text} at (295,356) size 19x146
            text run at (295,356) width 145: "\x{306E}\x{56FD}\x{3078}\x{884C}\x{304F}\x{3070}\x{304B}\x{308A}\x{3060}\x{3002}"
          LayoutInline {STRONG} at (0,0) size 19x62
            LayoutText {#text} at (315,0) size 19x62
              text run at (315,0) width 62: "\x{4EBA}\x{3067}\x{306A}\x{3057}"
          LayoutText {#text} at (315,61) size 19x46
            text run at (315,61) width 46: "\x{306E}\x{56FD}\x{306F}"
          LayoutInline {STRONG} at (0,0) size 19x48
            LayoutText {#text} at (315,106) size 19x48
              text run at (315,106) width 47: "\x{4EBA}\x{306E}\x{4E16}"
          LayoutText {#text} at (315,153) size 19x197
            text run at (315,153) width 196: "\x{3088}\x{308A}\x{3082}\x{306A}\x{304A}\x{4F4F}\x{307F}\x{306B}\x{304F}\x{304B}\x{308D}\x{3046}\x{3002}"
          LayoutBR {BR} at (315,349) size 19x1
          LayoutText {#text} at (346,0) size 19x467
            text run at (346,0) width 467: "\x{3000}\x{8D8A}\x{3059}\x{4E8B}\x{306E}\x{306A}\x{3089}\x{306C}\x{4E16}\x{304C}\x{4F4F}\x{307F}\x{306B}\x{304F}\x{3051}\x{308C}\x{3070}\x{3001}\x{4F4F}\x{307F}\x{306B}\x{304F}\x{3044}\x{6240}\x{3092}\x{3069}\x{308C}\x{307B}\x{3069}\x{304B}\x{3001}"
          LayoutRuby (inline) {RUBY} at (0,0) size 19x34
            LayoutRubyRun (anonymous) at (346,466.13) size 20x33.30
              LayoutRubyText {RT} at (-12,0) size 12x33.30
                LayoutText {#text} at (0,0) size 12x34
                  text run at (0,0) width 34: "\x{304F}\x{3064}\x{308D}\x{3052}"
              LayoutRubyBase (anonymous) at (0,0) size 20x33.30
                LayoutInline {RB} at (0,0) size 19x33
                  LayoutText {#text} at (0,0) size 19x33
                    text run at (0,0) width 32: "\x{5BDB}\x{5BB9}"
          LayoutText {#text} at (377,0) size 19x25
            text run at (377,0) width 25: "\x{3066}\x{3001}"
          LayoutRuby (inline) {RUBY} at (0,0) size 19x17
            LayoutRubyRun (anonymous) at (377,24.44) size 20x16
              LayoutRubyText {RT} at (-12,0) size 12x16
                LayoutText {#text} at (0,0) size 12x16
                  text run at (0,0) width 16: "\x{3064}\x{304B}"
              LayoutRubyBase (anonymous) at (0,0) size 20x16
                LayoutInline {RB} at (0,0) size 19x16
                  LayoutText {#text} at (0,0) size 19x16
                    text run at (0,0) width 16: "\x{675F}"
          LayoutText {#text} at (377,40) size 19x15
            text run at (377,40) width 15: "\x{306E}"
          LayoutRuby (inline) {RUBY} at (0,0) size 19x17
            LayoutRubyRun (anonymous) at (377,54.88) size 20x16
              LayoutRubyText {RT} at (-12,0) size 12x16
                LayoutText {#text} at (0,4) size 12x9
                  text run at (0,4) width 9: "\x{307E}"
              LayoutRubyBase (anonymous) at (0,0) size 20x16
                LayoutInline {RB} at (0,0) size 19x16
                  LayoutText {#text} at (0,0) size 19x16
                    text run at (0,0) width 16: "\x{9593}"
          LayoutText {#text} at (377,70) size 50x489
            text run at (377,70) width 418: "\x{306E}\x{547D}\x{3092}\x{3001}\x{675F}\x{306E}\x{9593}\x{3067}\x{3082}\x{4F4F}\x{307F}\x{3088}\x{304F}\x{305B}\x{306D}\x{3070}\x{306A}\x{3089}\x{306C}\x{3002}\x{3053}\x{3053}\x{306B}\x{8A69}\x{4EBA}\x{3068}\x{3044}\x{3046}"
            text run at (408,0) width 269: "\x{5929}\x{8077}\x{304C}\x{51FA}\x{6765}\x{3066}\x{3001}\x{3053}\x{3053}\x{306B}\x{753B}\x{5BB6}\x{3068}\x{3044}\x{3046}\x{4F7F}\x{547D}\x{304C}"
          LayoutRuby (inline) {RUBY} at (0,0) size 19x19
            LayoutRubyRun (anonymous) at (408,268.75) size 20x17.52
              LayoutRubyText {RT} at (-12,0) size 12x17.52
                LayoutText {#text} at (0,0) size 12x18
                  text run at (0,0) width 18: "\x{304F}\x{3060}"
              LayoutRubyBase (anonymous) at (0,0) size 20x17.52
                LayoutInline {RB} at (0,0) size 19x17
                  LayoutText {#text} at (0,0) size 19x17
                    text run at (0,0) width 16: "\x{964D}"
          LayoutText {#text} at (408,286) size 50x501
            text run at (408,286) width 215: "\x{308B}\x{3002}\x{3042}\x{3089}\x{3086}\x{308B}\x{82B8}\x{8853}\x{306E}\x{58EB}\x{306F}\x{4EBA}\x{306E}\x{4E16}"
            text run at (439,0) width 16: "\x{3092}"
          LayoutRuby (inline) {RUBY} at (0,0) size 19x32
            LayoutRubyRun (anonymous) at (439,16) size 20x32
              LayoutRubyText {RT} at (-12,0) size 12x32
                LayoutText {#text} at (0,1) size 12x30
                  text run at (0,1) width 30: "\x{306E}\x{3069}\x{304B}"
              LayoutRubyBase (anonymous) at (0,0) size 20x32
                LayoutInline {RB} at (0,0) size 19x32
                  LayoutText {#text} at (0,0) size 19x32
                    text run at (0,0) width 32: "\x{9577}\x{9591}"
          LayoutText {#text} at (439,48) size 19x195
            text run at (439,48) width 195: "\x{306B}\x{3057}\x{3001}\x{4EBA}\x{306E}\x{5FC3}\x{3092}\x{8C4A}\x{304B}\x{306B}\x{3059}\x{308B}\x{304C}"
          LayoutRuby (inline) {RUBY} at (0,0) size 19x18
            LayoutRubyRun (anonymous) at (439,242.13) size 20x17.66
              LayoutRubyText {RT} at (-12,0) size 12x17.66
                LayoutText {#text} at (0,0) size 12x18
                  text run at (0,0) width 18: "\x{3086}\x{3048}"
              LayoutRubyBase (anonymous) at (0,0) size 20x17.66
                LayoutInline {RB} at (0,0) size 19x17
                  LayoutText {#text} at (0,0) size 19x17
                    text run at (0,0) width 16: "\x{6545}"
          LayoutText {#text} at (439,259) size 19x15
            text run at (439,259) width 15: "\x{306B}"
          LayoutRuby (inline) {RUBY} at (0,0) size 19x17
            LayoutRubyRun (anonymous) at (439,273.91) size 20x16
              LayoutRubyText {RT} at (-12,0) size 12x16
                LayoutText {#text} at (0,0) size 12x16
                  text run at (0,0) width 16: "\x{305F}\x{3063}"
              LayoutRubyBase (anonymous) at (0,0) size 20x16
                LayoutInline {RB} at (0,0) size 19x16
                  LayoutText {#text} at (0,0) size 19x16
                    text run at (0,0) width 16: "\x{5C0A}"
          LayoutText {#text} at (439,289) size 19x40
            text run at (439,289) width 39: "\x{3068}\x{3044}\x{3002}"
          LayoutBR {BR} at (439,328) size 19x1
          LayoutText {#text} at (470,0) size 19x227
            text run at (470,0) width 227: "\x{3000}\x{4F4F}\x{307F}\x{306B}\x{304F}\x{304D}\x{4E16}\x{304B}\x{3089}\x{3001}\x{4F4F}\x{307F}\x{306B}\x{304F}\x{304D}"
          LayoutRuby (inline) {RUBY} at (0,0) size 19x20
            LayoutRubyRun (anonymous) at (470,222.13) size 20x27
              LayoutRubyText {RT} at (-12,0) size 12x27
                LayoutText {#text} at (0,0) size 12x27
                  text run at (0,0) width 27: "\x{308F}\x{305A}\x{3089}"
              LayoutRubyBase (anonymous) at (0,0) size 20x27
                LayoutInline {RB} at (0,0) size 19x17
                  LayoutText {#text} at (0,5) size 19x17
                    text run at (0,5) width 16: "\x{7169}"
          LayoutText {#text} at (470,245) size 50x500
            text run at (470,245) width 255: "\x{3044}\x{3092}\x{5F15}\x{304D}\x{629C}\x{3044}\x{3066}\x{3001}\x{3042}\x{308A}\x{304C}\x{305F}\x{3044}\x{4E16}\x{754C}\x{3092}\x{307E}"
            text run at (501,0) width 211: "\x{306E}\x{3042}\x{305F}\x{308A}\x{306B}\x{5199}\x{3059}\x{306E}\x{304C}\x{8A69}\x{3067}\x{3042}\x{308B}\x{3001}"
          LayoutRuby (inline) {RUBY} at (0,0) size 19x17
            LayoutRubyRun (anonymous) at (501,210.63) size 20x16
              LayoutRubyText {RT} at (-12,0) size 12x16
                LayoutText {#text} at (0,4) size 12x9
                  text run at (0,4) width 9: "\x{3048}"
              LayoutRubyBase (anonymous) at (0,0) size 20x16
                LayoutInline {RB} at (0,0) size 19x16
                  LayoutText {#text} at (0,0) size 19x16
                    text run at (0,0) width 16: "\x{753B}"
          LayoutText {#text} at (501,226) size 50x497
            text run at (501,226) width 270: "\x{3067}\x{3042}\x{308B}\x{3002}\x{3042}\x{308B}\x{306F}\x{97F3}\x{697D}\x{3068}\x{5F6B}\x{523B}\x{3067}\x{3042}\x{308B}\x{3002}\x{3053}\x{307E}"
            text run at (532,0) width 29: "\x{304B}\x{306B}"
          LayoutRuby (inline) {RUBY} at (0,0) size 19x16
            LayoutRubyRun (anonymous) at (532,29) size 20x16
              LayoutRubyText {RT} at (-12,0) size 12x16
                LayoutText {#text} at (0,4) size 12x8
                  text run at (0,4) width 8: "\x{3044}"
              LayoutRubyBase (anonymous) at (0,0) size 20x16
                LayoutInline {RB} at (0,0) size 19x16
                  LayoutText {#text} at (0,0) size 19x16
                    text run at (0,0) width 16: "\x{4E91}"
          LayoutText {#text} at (532,45) size 50x480
            text run at (532,45) width 435: "\x{3048}\x{3070}\x{5199}\x{3055}\x{306A}\x{3044}\x{3067}\x{3082}\x{3088}\x{3044}\x{3002}\x{305F}\x{3060}\x{307E}\x{306E}\x{3042}\x{305F}\x{308A}\x{306B}\x{898B}\x{308C}\x{3070}\x{3001}\x{305D}\x{3053}\x{306B}\x{8A69}\x{3082}\x{751F}"
            text run at (563,0) width 59: "\x{304D}\x{3001}\x{6B4C}\x{3082}"
          LayoutRuby (inline) {RUBY} at (0,0) size 19x17
            LayoutRubyRun (anonymous) at (563,58.63) size 20x16
              LayoutRubyText {RT} at (-12,0) size 12x16
                LayoutText {#text} at (0,3) size 12x10
                  text run at (0,3) width 9: "\x{308F}"
              LayoutRubyBase (anonymous) at (0,0) size 20x16
                LayoutInline {RB} at (0,0) size 19x16
                  LayoutText {#text} at (0,0) size 19x16
                    text run at (0,0) width 16: "\x{6E67}"
          LayoutText {#text} at (563,74) size 19x183
            text run at (563,74) width 183: "\x{304F}\x{3002}\x{7740}\x{60F3}\x{3092}\x{7D19}\x{306B}\x{843D}\x{3055}\x{306C}\x{3068}\x{3082}"
          LayoutRuby (inline) {RUBY} at (0,0) size 19x40
            LayoutRubyRun (anonymous) at (563,254.81) size 20x42.97
              LayoutRubyText {RT} at (-12,0) size 12x42.97
                LayoutText {#text} at (0,0) size 12x44
                  text run at (0,0) width 43: "\x{304D}\x{3085}\x{3046}\x{305D}\x{3046}"
              LayoutRubyBase (anonymous) at (0,0) size 20x42.97
                LayoutInline {RB} at (0,0) size 19x38
                  LayoutText {#text} at (0,2) size 19x22
                    text run at (0,2) width 21: "\x{7486}"
                  LayoutText {#text} at (0,23) size 19x17
                    text run at (0,23) width 16: "\x{93D8}"
          LayoutText {#text} at (563,295) size 19x16
            text run at (563,295) width 15: "\x{306E}"
          LayoutRuby (inline) {RUBY} at (0,0) size 19x18
            LayoutRubyRun (anonymous) at (563,310.22) size 20x17.30
              LayoutRubyText {RT} at (-12,0) size 12x17.30
                LayoutText {#text} at (0,0) size 12x18
                  text run at (0,0) width 18: "\x{304A}\x{3093}"
              LayoutRubyBase (anonymous) at (0,0) size 20x17.30
                LayoutInline {RB} at (0,0) size 19x17
                  LayoutText {#text} at (0,0) size 19x17
                    text run at (0,0) width 16: "\x{97F3}"
          LayoutText {#text} at (563,327) size 19x16
            text run at (563,327) width 16: "\x{306F}"
          LayoutRuby (inline) {RUBY} at (0,0) size 19x35
            LayoutRubyRun (anonymous) at (563,342.70) size 20x33.97
              LayoutRubyText {RT} at (-12,0) size 12x33.97
                LayoutText {#text} at (0,0) size 12x35
                  text run at (0,0) width 34: "\x{304D}\x{3087}\x{3046}\x{308A}"
              LayoutRubyBase (anonymous) at (0,0) size 20x33.97
                LayoutInline {RB} at (0,0) size 19x33
                  LayoutText {#text} at (0,0) size 19x33
                    text run at (0,0) width 32: "\x{80F8}\x{88CF}"
          LayoutText {#text} at (563,376) size 19x15
            text run at (563,376) width 15: "\x{306B}"
          LayoutRuby (inline) {RUBY} at (0,0) size 19x18
            LayoutRubyRun (anonymous) at (563,390.80) size 20x16.64
              LayoutRubyText {RT} at (-12,0) size 12x16.64
                LayoutText {#text} at (0,0) size 12x17
                  text run at (0,0) width 17: "\x{304A}\x{3053}"
              LayoutRubyBase (anonymous) at (0,0) size 20x16.64
                LayoutInline {RB} at (0,0) size 19x17
                  LayoutText {#text} at (0,0) size 19x17
                    text run at (0,0) width 16: "\x{8D77}"
          LayoutText {#text} at (563,407) size 19x28
            text run at (563,407) width 27: "\x{308B}\x{3002}"
          LayoutRuby (inline) {RUBY} at (0,0) size 19x34
            LayoutRubyRun (anonymous) at (563,434.06) size 20x33.16
              LayoutRubyText {RT} at (-12,0) size 12x33.16
                LayoutText {#text} at (0,0) size 12x34
                  text run at (0,0) width 34: "\x{305F}\x{3093}\x{305B}\x{3044}"
              LayoutRubyBase (anonymous) at (0,0) size 20x33.16
                LayoutInline {RB} at (0,0) size 19x33
                  LayoutText {#text} at (0,0) size 19x33
                    text run at (0,0) width 32: "\x{4E39}\x{9752}"
          LayoutText {#text} at (563,467) size 19x16
            text run at (563,467) width 16: "\x{306F}"
          LayoutRuby (inline) {RUBY} at (0,0) size 19x32
            LayoutRubyRun (anonymous) at (594,0) size 20x32
              LayoutRubyText {RT} at (-12,0) size 12x32
                LayoutText {#text} at (0,4) size 12x24
                  text run at (0,4) width 24: "\x{304C}\x{304B}"
              LayoutRubyBase (anonymous) at (0,0) size 20x32
                LayoutInline {RB} at (0,0) size 19x32
                  LayoutText {#text} at (0,0) size 19x32
                    text run at (0,0) width 32: "\x{753B}\x{67B6}"
          LayoutText {#text} at (594,32) size 19x56
            text run at (594,32) width 56: "\x{306B}\x{5411}\x{3063}\x{3066}"
          LayoutRuby (inline) {RUBY} at (0,0) size 19x33
            LayoutRubyRun (anonymous) at (594,87.44) size 20x32
              LayoutRubyText {RT} at (-12,0) size 12x32
                LayoutText {#text} at (0,1) size 12x30
                  text run at (0,1) width 30: "\x{3068}\x{307E}\x{3064}"
              LayoutRubyBase (anonymous) at (0,0) size 20x32
                LayoutInline {RB} at (0,0) size 19x32
                  LayoutText {#text} at (0,0) size 19x32
                    text run at (0,0) width 32: "\x{5857}\x{62B9}"
          LayoutText {#text} at (594,119) size 19x61
            text run at (594,119) width 61: "\x{305B}\x{3093}\x{3067}\x{3082}"
          LayoutRuby (inline) {RUBY} at (0,0) size 19x32
            LayoutRubyRun (anonymous) at (594,180) size 20x32
              LayoutRubyText {RT} at (-12,0) size 12x32
                LayoutText {#text} at (0,1) size 12x30
                  text run at (0,1) width 30: "\x{3054}\x{3055}\x{3044}"
              LayoutRubyBase (anonymous) at (0,0) size 20x32
                LayoutInline {RB} at (0,0) size 19x32
                  LayoutText {#text} at (0,0) size 19x32
                    text run at (0,0) width 32: "\x{4E94}\x{5F69}"
          LayoutText {#text} at (594,212) size 19x15
            text run at (594,212) width 15: "\x{306E}"
          LayoutRuby (inline) {RUBY} at (0,0) size 19x35
            LayoutRubyRun (anonymous) at (594,226.44) size 20x34.14
              LayoutRubyText {RT} at (-12,0) size 12x34.14
                LayoutText {#text} at (0,0) size 12x35
                  text run at (0,0) width 35: "\x{3051}\x{3093}\x{3089}\x{3093}"
              LayoutRubyBase (anonymous) at (0,0) size 20x34.14
                LayoutInline {RB} at (0,0) size 19x34
                  LayoutText {#text} at (0,0) size 19x34
                    text run at (0,0) width 33: "\x{7D62}\x{721B}"
          LayoutText {#text} at (594,260) size 19x16
            text run at (594,260) width 16: "\x{306F}"
          LayoutRuby (inline) {RUBY} at (0,0) size 19x19
            LayoutRubyRun (anonymous) at (594,271.77) size 20x25.95
              LayoutRubyText {RT} at (-12,0) size 12x25.95
                LayoutText {#text} at (0,0) size 12x27
                  text run at (0,0) width 26: "\x{304A}\x{306E}\x{305A}"
              LayoutRubyBase (anonymous) at (0,0) size 20x25.95
                LayoutInline {RB} at (0,0) size 19x17
                  LayoutText {#text} at (0,4) size 19x17
                    text run at (0,4) width 16: "\x{81EA}"
          LayoutText {#text} at (594,293) size 19x32
            text run at (594,293) width 31: "\x{304B}\x{3089}"
          LayoutRuby (inline) {RUBY} at (0,0) size 19x35
            LayoutRubyRun (anonymous) at (594,324.59) size 20x33.80
              LayoutRubyText {RT} at (-12,0) size 12x33.80
                LayoutText {#text} at (0,0) size 12x34
                  text run at (0,0) width 34: "\x{3057}\x{3093}\x{304C}\x{3093}"
              LayoutRubyBase (anonymous) at (0,0) size 20x33.80
                LayoutInline {RB} at (0,0) size 19x33
                  LayoutText {#text} at (0,0) size 19x33
                    text run at (0,0) width 32: "\x{5FC3}\x{773C}"
          LayoutText {#text} at (594,358) size 50x492
            text run at (594,358) width 134: "\x{306B}\x{6620}\x{308B}\x{3002}\x{305F}\x{3060}\x{304A}\x{306E}\x{304C}"
            text run at (625,0) width 105: "\x{4F4F}\x{3080}\x{4E16}\x{3092}\x{3001}\x{304B}\x{304F}"
          LayoutRuby (inline) {RUBY} at (0,0) size 19x18
            LayoutRubyRun (anonymous) at (625,104.63) size 20x16.84
              LayoutRubyText {RT} at (-12,0) size 12x16.84
                LayoutText {#text} at (0,0) size 12x18
                  text run at (0,0) width 17: "\x{304B}\x{3093}"
              LayoutRubyBase (anonymous) at (0,0) size 20x16.84
                LayoutInline {RB} at (0,0) size 19x17
                  LayoutText {#text} at (0,0) size 19x17
                    text run at (0,0) width 16: "\x{89B3}"
          LayoutText {#text} at (625,121) size 19x56
            text run at (625,121) width 56: "\x{3058}\x{5F97}\x{3066}\x{3001}"
          LayoutRuby (inline) {RUBY} at (0,0) size 19x68
            LayoutRubyRun (anonymous) at (625,176.66) size 20x67.19
              LayoutRubyText {RT} at (-12,0) size 12x67.19
                LayoutText {#text} at (0,0) size 12x68
                  text run at (0,0) width 68: "\x{308C}\x{3044}\x{3060}\x{3044}\x{307B}\x{3046}\x{3059}\x{3093}"
              LayoutRubyBase (anonymous) at (0,0) size 20x67.19
                LayoutInline {RB} at (0,0) size 19x67
                  LayoutText {#text} at (0,0) size 19x67
                    text run at (0,0) width 66: "\x{970A}\x{53F0}\x{65B9}\x{5BF8}"
          LayoutText {#text} at (625,243) size 19x74
            text run at (625,243) width 73: "\x{306E}\x{30AB}\x{30E1}\x{30E9}\x{306B}"
          LayoutRuby (inline) {RUBY} at (0,0) size 19x69
            LayoutRubyRun (anonymous) at (625,316.53) size 20x67.92
              LayoutRubyText {RT} at (-12,0) size 12x67.92
                LayoutText {#text} at (0,0) size 12x68
                  text run at (0,0) width 68: "\x{304E}\x{3087}\x{3046}\x{304D}\x{3053}\x{3093}\x{3060}\x{304F}"
              LayoutRubyBase (anonymous) at (0,0) size 20x67.92
                LayoutInline {RB} at (0,0) size 19x67
                  LayoutText {#text} at (0,0) size 19x67
                    text run at (0,0) width 66: "\x{6F86}\x{5B63}\x{6EB7}\x{6FC1}"
          LayoutText {#text} at (625,384) size 50x495
            text run at (625,384) width 110: "\x{306E}\x{4FD7}\x{754C}\x{3092}\x{6E05}\x{304F}\x{3046}"
            text run at (656,0) width 93: "\x{3089}\x{3089}\x{304B}\x{306B}\x{53CE}\x{3081}"
          LayoutRuby (inline) {RUBY} at (0,0) size 19x17
            LayoutRubyRun (anonymous) at (656,92.06) size 20x16
              LayoutRubyText {RT} at (-12,0) size 12x16
                LayoutText {#text} at (0,3) size 12x10
                  text run at (0,3) width 9: "\x{3046}"
              LayoutRubyBase (anonymous) at (0,0) size 20x16
                LayoutInline {RB} at (0,0) size 19x16
                  LayoutText {#text} at (0,0) size 19x16
                    text run at (0,0) width 16: "\x{5F97}"
          LayoutText {#text} at (656,108) size 19x32
            text run at (656,108) width 32: "\x{308C}\x{3070}"
          LayoutRuby (inline) {RUBY} at (0,0) size 19x17
            LayoutRubyRun (anonymous) at (656,139.88) size 20x16
              LayoutRubyText {RT} at (-12,0) size 12x16
                LayoutText {#text} at (0,4) size 12x9
                  text run at (0,4) width 9: "\x{305F}"
              LayoutRubyBase (anonymous) at (0,0) size 20x16
                LayoutInline {RB} at (0,0) size 19x16
                  LayoutText {#text} at (0,0) size 19x16
                    text run at (0,0) width 16: "\x{8DB3}"
          LayoutText {#text} at (656,155) size 19x86
            text run at (656,155) width 86: "\x{308B}\x{3002}\x{3053}\x{306E}\x{6545}\x{306B}"
          LayoutRuby (inline) {RUBY} at (0,0) size 19x33
            LayoutRubyRun (anonymous) at (656,240.94) size 20x32
              LayoutRubyText {RT} at (-12,0) size 12x32
                LayoutText {#text} at (0,1) size 12x29
                  text run at (0,1) width 29: "\x{3080}\x{305B}\x{3044}"
              LayoutRubyBase (anonymous) at (0,0) size 20x32
                LayoutInline {RB} at (0,0) size 19x32
                  LayoutText {#text} at (0,0) size 19x32
                    text run at (0,0) width 32: "\x{7121}\x{58F0}"
          LayoutText {#text} at (656,272) size 19x151
            text run at (656,272) width 150: "\x{306E}\x{8A69}\x{4EBA}\x{306B}\x{306F}\x{4E00}\x{53E5}\x{306A}\x{304F}\x{3001}"
          LayoutRuby (inline) {RUBY} at (0,0) size 19x34
            LayoutRubyRun (anonymous) at (656,422.75) size 20x32.95
              LayoutRubyText {RT} at (-12,0) size 12x32.95
                LayoutText {#text} at (0,0) size 12x34
                  text run at (0,0) width 33: "\x{3080}\x{3057}\x{3087}\x{304F}"
              LayoutRubyBase (anonymous) at (0,0) size 20x32.95
                LayoutInline {RB} at (0,0) size 19x33
                  LayoutText {#text} at (0,0) size 19x33
                    text run at (0,0) width 32: "\x{7121}\x{8272}"
          LayoutText {#text} at (656,455) size 50x503
            text run at (656,455) width 47: "\x{306E}\x{753B}\x{5BB6}"
            text run at (687,0) width 30: "\x{306B}\x{306F}"
          LayoutRuby (inline) {RUBY} at (0,0) size 19x33
            LayoutRubyRun (anonymous) at (687,29.31) size 20x32
              LayoutRubyText {RT} at (-12,0) size 12x32
                LayoutText {#text} at (0,0) size 12x32
                  text run at (0,0) width 32: "\x{305B}\x{3063}\x{3051}\x{3093}"
              LayoutRubyBase (anonymous) at (0,0) size 20x32
                LayoutInline {RB} at (0,0) size 19x32
                  LayoutText {#text} at (0,0) size 19x32
                    text run at (0,0) width 32: "\x{5C3A}\x{7E11}"
          LayoutText {#text} at (687,61) size 19x90
            text run at (687,61) width 89: "\x{306A}\x{304D}\x{3082}\x{3001}\x{304B}\x{304F}"
          LayoutRuby (inline) {RUBY} at (0,0) size 19x33
            LayoutRubyRun (anonymous) at (687,150.25) size 20x32.63
              LayoutRubyText {RT} at (-12,0) size 12x32.63
                LayoutText {#text} at (0,0) size 12x33
                  text run at (0,0) width 33: "\x{3058}\x{3093}\x{305B}\x{3044}"
              LayoutRubyBase (anonymous) at (0,0) size 20x32.63
                LayoutInline {RB} at (0,0) size 19x33
                  LayoutText {#text} at (0,0) size 19x33
                    text run at (0,0) width 32: "\x{4EBA}\x{4E16}"
          LayoutText {#text} at (687,182) size 19x208
            text run at (687,182) width 207: "\x{3092}\x{89B3}\x{3058}\x{5F97}\x{308B}\x{306E}\x{70B9}\x{306B}\x{304A}\x{3044}\x{3066}\x{3001}\x{304B}\x{304F}"
          LayoutRuby (inline) {RUBY} at (0,0) size 19x35
            LayoutRubyRun (anonymous) at (687,389.75) size 20x34.25
              LayoutRubyText {RT} at (-12,0) size 12x34.25
                LayoutText {#text} at (0,0) size 12x35
                  text run at (0,0) width 35: "\x{307C}\x{3093}\x{306E}\x{3046}"
              LayoutRubyBase (anonymous) at (0,0) size 20x34.25
                LayoutInline {RB} at (0,0) size 19x34
                  LayoutText {#text} at (0,0) size 19x34
                    text run at (0,0) width 33: "\x{7169}\x{60A9}"
          LayoutText {#text} at (687,424) size 19x16
            text run at (687,424) width 16: "\x{3092}"
          LayoutRuby (inline) {RUBY} at (0,0) size 19x32
            LayoutRubyRun (anonymous) at (687,440) size 20x32
              LayoutRubyText {RT} at (-12,0) size 12x32
                LayoutText {#text} at (0,1) size 12x30
                  text run at (0,1) width 29: "\x{3052}\x{3060}\x{3064}"
              LayoutRubyBase (anonymous) at (0,0) size 20x32
                LayoutInline {RB} at (0,0) size 19x32
                  LayoutText {#text} at (0,0) size 19x32
                    text run at (0,0) width 32: "\x{89E3}\x{8131}"
          LayoutText {#text} at (687,472) size 50x504
            text run at (687,472) width 32: "\x{3059}\x{308B}"
            text run at (718,0) width 129: "\x{306E}\x{70B9}\x{306B}\x{304A}\x{3044}\x{3066}\x{3001}\x{304B}\x{304F}"
          LayoutRuby (inline) {RUBY} at (0,0) size 19x61
            LayoutRubyRun (anonymous) at (718,126.13) size 20x64.63
              LayoutRubyText {RT} at (-12,0) size 12x64.63
                LayoutText {#text} at (0,0) size 12x65
                  text run at (0,0) width 65: "\x{3057}\x{3087}\x{3046}\x{3058}\x{3087}\x{3046}\x{304B}\x{3044}"
              LayoutRubyBase (anonymous) at (0,0) size 20x64.63
                LayoutInline {RB} at (0,0) size 19x60
                  LayoutText {#text} at (0,2) size 19x60
                    text run at (0,2) width 59: "\x{6E05}\x{6D44}\x{754C}"
          LayoutText {#text} at (718,188) size 19x15
            text run at (718,188) width 15: "\x{306B}"
          LayoutRuby (inline) {RUBY} at (0,0) size 19x42
            LayoutRubyRun (anonymous) at (718,199.88) size 20x47.30
              LayoutRubyText {RT} at (-12,0) size 12x47.30
                LayoutText {#text} at (0,0) size 12x48
                  text run at (0,0) width 48: "\x{3057}\x{3085}\x{3064}\x{306B}\x{3085}\x{3046}"
              LayoutRubyBase (anonymous) at (0,0) size 20x47.30
                LayoutInline {RB} at (0,0) size 19x40
                  LayoutText {#text} at (0,3) size 19x40
                    text run at (0,3) width 39: "\x{51FA}\x{5165}"
          LayoutText {#text} at (718,243) size 19x205
            text run at (718,243) width 205: "\x{3057}\x{5F97}\x{308B}\x{306E}\x{70B9}\x{306B}\x{304A}\x{3044}\x{3066}\x{3001}\x{307E}\x{305F}\x{3053}\x{306E}"
          LayoutRuby (inline) {RUBY} at (0,0) size 19x64
            LayoutRubyRun (anonymous) at (749,0) size 20x64
              LayoutRubyText {RT} at (-12,0) size 12x64
                LayoutText {#text} at (0,2) size 12x60
                  text run at (0,2) width 60: "\x{3075}\x{3069}\x{3046}\x{3075}\x{3058}"
              LayoutRubyBase (anonymous) at (0,0) size 20x64
                LayoutInline {RB} at (0,0) size 19x64
                  LayoutText {#text} at (0,0) size 19x64
                    text run at (0,0) width 64: "\x{4E0D}\x{540C}\x{4E0D}\x{4E8C}"
          LayoutText {#text} at (749,64) size 19x15
            text run at (749,64) width 15: "\x{306E}"
          LayoutRuby (inline) {RUBY} at (0,0) size 19x34
            LayoutRubyRun (anonymous) at (749,78.44) size 20x32.95
              LayoutRubyText {RT} at (-12,0) size 12x32.95
                LayoutText {#text} at (0,0) size 12x34
                  text run at (0,0) width 33: "\x{3051}\x{3093}\x{3053}\x{3093}"
              LayoutRubyBase (anonymous) at (0,0) size 20x32.95
                LayoutInline {RB} at (0,0) size 19x33
                  LayoutText {#text} at (0,0) size 19x33
                    text run at (0,0) width 32: "\x{4E7E}\x{5764}"
          LayoutText {#text} at (749,111) size 19x17
            text run at (749,111) width 16: "\x{3092}"
          LayoutRuby (inline) {RUBY} at (0,0) size 19x38
            LayoutRubyRun (anonymous) at (749,125.39) size 20x41.59
              LayoutRubyText {RT} at (-12,0) size 12x41.59
                LayoutText {#text} at (0,0) size 12x42
                  text run at (0,0) width 42: "\x{3053}\x{3093}\x{308A}\x{3085}\x{3046}"
              LayoutRubyBase (anonymous) at (0,0) size 20x41.59
                LayoutInline {RB} at (0,0) size 19x37
                  LayoutText {#text} at (0,2) size 19x37
                    text run at (0,2) width 36: "\x{5EFA}\x{7ACB}"
          LayoutText {#text} at (749,164) size 19x146
            text run at (749,164) width 145: "\x{3057}\x{5F97}\x{308B}\x{306E}\x{70B9}\x{306B}\x{304A}\x{3044}\x{3066}\x{3001}"
          LayoutRuby (inline) {RUBY} at (0,0) size 19x65
            LayoutRubyRun (anonymous) at (749,309.55) size 20x64
              LayoutRubyText {RT} at (-12,0) size 12x64
                LayoutText {#text} at (0,2) size 12x60
                  text run at (0,2) width 59: "\x{304C}\x{308A}\x{3057}\x{3088}\x{304F}"
              LayoutRubyBase (anonymous) at (0,0) size 20x64
                LayoutInline {RB} at (0,0) size 19x64
                  LayoutText {#text} at (0,0) size 19x64
                    text run at (0,0) width 64: "\x{6211}\x{5229}\x{79C1}\x{617E}"
          LayoutText {#text} at (749,373) size 19x15
            text run at (749,373) width 15: "\x{306E}"
          LayoutRuby (inline) {RUBY} at (0,0) size 19x33
            LayoutRubyRun (anonymous) at (749,387.98) size 20x32
              LayoutRubyText {RT} at (-12,0) size 12x32
                LayoutText {#text} at (0,1) size 12x30
                  text run at (0,1) width 30: "\x{304D}\x{306F}\x{3093}"
              LayoutRubyBase (anonymous) at (0,0) size 20x32
                LayoutInline {RB} at (0,0) size 19x32
                  LayoutText {#text} at (0,0) size 19x32
                    text run at (0,0) width 32: "\x{898A}\x{7D46}"
          LayoutText {#text} at (749,419) size 19x17
            text run at (749,419) width 16: "\x{3092}"
          LayoutRuby (inline) {RUBY} at (0,0) size 19x36
            LayoutRubyRun (anonymous) at (749,435.98) size 20x34.88
              LayoutRubyText {RT} at (-12,0) size 12x34.88
                LayoutText {#text} at (0,0) size 12x35
                  text run at (0,0) width 35: "\x{305D}\x{3046}\x{3068}\x{3046}"
              LayoutRubyBase (anonymous) at (0,0) size 20x34.88
                LayoutInline {RB} at (0,0) size 19x34
                  LayoutText {#text} at (0,0) size 19x34
                    text run at (0,0) width 33: "\x{6383}\x{8569}"
          LayoutText {#text} at (749,470) size 50x503
            text run at (749,470) width 32: "\x{3059}\x{308B}"
            text run at (780,0) width 130: "\x{306E}\x{70B9}\x{306B}\x{304A}\x{3044}\x{3066}\x{3001}\x{2015}\x{2015}"
          LayoutRuby (inline) {RUBY} at (0,0) size 19x36
            LayoutRubyRun (anonymous) at (780,129.81) size 20x34.42
              LayoutRubyText {RT} at (-12,0) size 12x34.42
                LayoutText {#text} at (0,0) size 12x35
                  text run at (0,0) width 35: "\x{305B}\x{3093}\x{304D}\x{3093}"
              LayoutRubyBase (anonymous) at (0,0) size 20x34.42
                LayoutInline {RB} at (0,0) size 19x34
                  LayoutText {#text} at (0,0) size 19x34
                    text run at (0,0) width 33: "\x{5343}\x{91D1}"
          LayoutText {#text} at (780,164) size 19x89
            text run at (780,164) width 89: "\x{306E}\x{5B50}\x{3088}\x{308A}\x{3082}\x{3001}"
          LayoutRuby (inline) {RUBY} at (0,0) size 19x39
            LayoutRubyRun (anonymous) at (780,250.36) size 20x41.81
              LayoutRubyText {RT} at (-12,0) size 12x41.81
                LayoutText {#text} at (0,0) size 12x42
                  text run at (0,0) width 42: "\x{3070}\x{3093}\x{3058}\x{3087}\x{3046}"
              LayoutRubyBase (anonymous) at (0,0) size 20x41.81
                LayoutInline {RB} at (0,0) size 19x37
                  LayoutText {#text} at (0,2) size 19x37
                    text run at (0,2) width 36: "\x{4E07}\x{4E57}"
          LayoutText {#text} at (780,290) size 19x199
            text run at (780,290) width 199: "\x{306E}\x{541B}\x{3088}\x{308A}\x{3082}\x{3001}\x{3042}\x{3089}\x{3086}\x{308B}\x{4FD7}\x{754C}\x{306E}"
          LayoutRuby (inline) {RUBY} at (0,0) size 19x34
            LayoutRubyRun (anonymous) at (811,0) size 20x33.27
              LayoutRubyText {RT} at (-12,0) size 12x33.27
                LayoutText {#text} at (0,0) size 12x34
                  text run at (0,0) width 34: "\x{3061}\x{3087}\x{3046}\x{3058}"
              LayoutRubyBase (anonymous) at (0,0) size 20x33.27
                LayoutInline {RB} at (0,0) size 19x33
                  LayoutText {#text} at (0,0) size 19x33
                    text run at (0,0) width 32: "\x{5BF5}\x{5150}"
          LayoutText {#text} at (811,33) size 19x137
            text run at (811,33) width 137: "\x{3088}\x{308A}\x{3082}\x{5E78}\x{798F}\x{3067}\x{3042}\x{308B}\x{3002}"
          LayoutBR {BR} at (811,169) size 19x1
          LayoutText {#text} at (842,0) size 19x254
            text run at (842,0) width 254: "\x{3000}\x{4E16}\x{306B}\x{4F4F}\x{3080}\x{3053}\x{3068}\x{4E8C}\x{5341}\x{5E74}\x{306B}\x{3057}\x{3066}\x{3001}\x{4F4F}\x{3080}\x{306B}"
          LayoutRuby (inline) {RUBY} at (0,0) size 19x33
            LayoutRubyRun (anonymous) at (842,253.75) size 20x32
              LayoutRubyText {RT} at (-12,0) size 12x32
                LayoutText {#text} at (0,4) size 12x23
                  text run at (0,4) width 23: "\x{304B}\x{3044}"
              LayoutRubyBase (anonymous) at (0,0) size 20x32
                LayoutInline {RB} at (0,0) size 19x32
                  LayoutText {#text} at (0,0) size 19x32
                    text run at (0,0) width 32: "\x{7532}\x{6590}"
          LayoutText {#text} at (842,285) size 50x496
            text run at (842,285) width 210: "\x{3042}\x{308B}\x{4E16}\x{3068}\x{77E5}\x{3063}\x{305F}\x{3002}\x{4E8C}\x{5341}\x{4E94}\x{5E74}\x{306B}\x{3057}"
            text run at (873,0) width 61: "\x{3066}\x{660E}\x{6697}\x{306F}"
          LayoutRuby (inline) {RUBY} at (0,0) size 19x34
            LayoutRubyRun (anonymous) at (873,61) size 20x33.09
              LayoutRubyText {RT} at (-12,0) size 12x33.09
                LayoutText {#text} at (0,0) size 12x34
                  text run at (0,0) width 34: "\x{3072}\x{3087}\x{3046}\x{308A}"
              LayoutRubyBase (anonymous) at (0,0) size 20x33.09
                LayoutInline {RB} at (0,0) size 19x33
                  LayoutText {#text} at (0,0) size 19x33
                    text run at (0,0) width 32: "\x{8868}\x{88CF}"
          LayoutText {#text} at (873,94) size 50x495
            text run at (873,94) width 401: "\x{306E}\x{3054}\x{3068}\x{304F}\x{3001}\x{65E5}\x{306E}\x{3042}\x{305F}\x{308B}\x{6240}\x{306B}\x{306F}\x{304D}\x{3063}\x{3068}\x{5F71}\x{304C}\x{3055}\x{3059}\x{3068}\x{609F}\x{3063}\x{305F}\x{3002}\x{4E09}\x{5341}"
            text run at (904,0) width 15: "\x{306E}"
          LayoutRuby (inline) {RUBY} at (0,0) size 19x34
            LayoutRubyRun (anonymous) at (904,14.44) size 20x33.05
              LayoutRubyText {RT} at (-12,0) size 12x33.05
                LayoutText {#text} at (0,0) size 12x34
                  text run at (0,0) width 34: "\x{3053}\x{3093}\x{306B}\x{3061}"
              LayoutRubyBase (anonymous) at (0,0) size 20x33.05
                LayoutInline {RB} at (0,0) size 19x33
                  LayoutText {#text} at (0,0) size 19x33
                    text run at (0,0) width 32: "\x{4ECA}\x{65E5}"
          LayoutText {#text} at (904,47) size 19x273
            text run at (904,47) width 272: "\x{306F}\x{3053}\x{3046}\x{601D}\x{3046}\x{3066}\x{3044}\x{308B}\x{3002}\x{2015}\x{2015}\x{559C}\x{3073}\x{306E}\x{6DF1}\x{304D}\x{3068}\x{304D}"
          LayoutRuby (inline) {RUBY} at (0,0) size 19x18
            LayoutRubyRun (anonymous) at (904,315.48) size 20x25.39
              LayoutRubyText {RT} at (-12,0) size 12x25.39
                LayoutText {#text} at (0,0) size 12x26
                  text run at (0,0) width 26: "\x{3046}\x{308C}\x{3044}"
              LayoutRubyBase (anonymous) at (0,0) size 20x25.39
                LayoutInline {RB} at (0,0) size 19x17
                  LayoutText {#text} at (0,4) size 19x17
                    text run at (0,4) width 16: "\x{6182}"
          LayoutText {#text} at (904,336) size 19x100
            text run at (904,336) width 100: "\x{3044}\x{3088}\x{3044}\x{3088}\x{6DF1}\x{304F}\x{3001}"
          LayoutRuby (inline) {RUBY} at (0,0) size 19x19
            LayoutRubyRun (anonymous) at (904,431.94) size 20x25.25
              LayoutRubyText {RT} at (-12,0) size 12x25.25
                LayoutText {#text} at (0,0) size 12x26
                  text run at (0,0) width 26: "\x{305F}\x{306E}\x{3057}"
              LayoutRubyBase (anonymous) at (0,0) size 20x25.25
                LayoutInline {RB} at (0,0) size 19x17
                  LayoutText {#text} at (0,4) size 19x17
                    text run at (0,4) width 16: "\x{697D}"
          LayoutText {#text} at (904,453) size 50x499
            text run at (904,453) width 46: "\x{307F}\x{306E}\x{5927}"
            text run at (935,0) width 466: "\x{3044}\x{306A}\x{308B}\x{307B}\x{3069}\x{82E6}\x{3057}\x{307F}\x{3082}\x{5927}\x{304D}\x{3044}\x{3002}\x{3053}\x{308C}\x{3092}\x{5207}\x{308A}\x{653E}\x{305D}\x{3046}\x{3068}\x{3059}\x{308B}\x{3068}\x{8EAB}\x{304C}\x{6301}\x{3066}\x{306C}\x{3002}"
          LayoutRuby (inline) {RUBY} at (0,0) size 19x18
            LayoutRubyRun (anonymous) at (935,465.38) size 20x17.20
              LayoutRubyText {RT} at (-12,0) size 12x17.20
                LayoutText {#text} at (0,0) size 12x18
                  text run at (0,0) width 18: "\x{304B}\x{305F}"
              LayoutRubyBase (anonymous) at (0,0) size 20x17.20
                LayoutInline {RB} at (0,0) size 19x17
                  LayoutText {#text} at (0,0) size 19x17
                    text run at (0,0) width 16: "\x{7247}"
          LayoutText {#text} at (935,482) size 50x498
            text run at (935,482) width 15: "\x{3065}"
            text run at (966,0) width 381: "\x{3051}\x{3088}\x{3046}\x{3068}\x{3059}\x{308C}\x{3070}\x{4E16}\x{304C}\x{7ACB}\x{305F}\x{306C}\x{3002}\x{91D1}\x{306F}\x{5927}\x{4E8B}\x{3060}\x{3001}\x{5927}\x{4E8B}\x{306A}\x{3082}\x{306E}\x{304C}"
          LayoutRuby (inline) {RUBY} at (0,0) size 19x17
            LayoutRubyRun (anonymous) at (966,380.38) size 20x16
              LayoutRubyText {RT} at (-12,0) size 12x16
                LayoutText {#text} at (0,4) size 12x9
                  text run at (0,4) width 9: "\x{3075}"
              LayoutRubyBase (anonymous) at (0,0) size 20x16
                LayoutInline {RB} at (0,0) size 19x16
                  LayoutText {#text} at (0,0) size 19x16
                    text run at (0,0) width 16: "\x{6B96}"
          LayoutText {#text} at (966,396) size 19x48
            text run at (966,396) width 48: "\x{3048}\x{308C}\x{3070}"
          LayoutRuby (inline) {RUBY} at (0,0) size 19x17
            LayoutRubyRun (anonymous) at (966,443.56) size 20x16
              LayoutRubyText {RT} at (-12,0) size 12x16
                LayoutText {#text} at (0,4) size 12x9
                  text run at (0,4) width 9: "\x{306D}"
              LayoutRubyBase (anonymous) at (0,0) size 20x16
                LayoutInline {RB} at (0,0) size 19x16
                  LayoutText {#text} at (0,0) size 19x16
                    text run at (0,0) width 16: "\x{5BDD}"
          LayoutText {#text} at (966,459) size 19x17
            text run at (966,459) width 16: "\x{308B}"
          LayoutRuby (inline) {RUBY} at (0,0) size 19x17
            LayoutRubyRun (anonymous) at (966,475.56) size 20x16
              LayoutRubyText {RT} at (-12,0) size 12x16
                LayoutText {#text} at (0,4) size 12x9
                  text run at (0,4) width 9: "\x{307E}"
              LayoutRubyBase (anonymous) at (0,0) size 20x16
                LayoutInline {RB} at (0,0) size 19x16
                  LayoutText {#text} at (0,0) size 19x16
                    text run at (0,0) width 16: "\x{9593}"
          LayoutText {#text} at (986,0) size 50x492
            text run at (986,0) width 492: "\x{3082}\x{5FC3}\x{914D}\x{3060}\x{308D}\x{3046}\x{3002}\x{604B}\x{306F}\x{3046}\x{308C}\x{3057}\x{3044}\x{3001}\x{5B09}\x{3057}\x{3044}\x{604B}\x{304C}\x{7A4D}\x{3082}\x{308C}\x{3070}\x{3001}\x{604B}\x{3092}\x{305B}\x{306C}\x{6614}\x{304C}\x{304B}\x{3048}\x{3063}"
            text run at (1017,0) width 274: "\x{3066}\x{604B}\x{3057}\x{304B}\x{308D}\x{3002}\x{95A3}\x{50DA}\x{306E}\x{80A9}\x{306F}\x{6570}\x{767E}\x{4E07}\x{4EBA}\x{306E}\x{8DB3}\x{3092}"
          LayoutRuby (inline) {RUBY} at (0,0) size 19x17
            LayoutRubyRun (anonymous) at (1017,272.50) size 20x18
              LayoutRubyText {RT} at (-12,0) size 12x18
                LayoutText {#text} at (0,0) size 12x18
                  text run at (0,0) width 18: "\x{3055}\x{3055}"
              LayoutRubyBase (anonymous) at (0,0) size 20x18
                LayoutInline {RB} at (0,0) size 19x16
                  LayoutText {#text} at (0,1) size 19x16
                    text run at (0,1) width 16: "\x{652F}"
          LayoutText {#text} at (1017,289) size 19x70
            text run at (1017,289) width 69: "\x{3048}\x{3066}\x{3044}\x{308B}\x{3002}"
          LayoutRuby (inline) {RUBY} at (0,0) size 19x33
            LayoutRubyRun (anonymous) at (1017,358.44) size 20x32
              LayoutRubyText {RT} at (-12,0) size 12x32
                LayoutText {#text} at (0,1) size 12x29
                  text run at (0,1) width 29: "\x{305B}\x{306A}\x{304B}"
              LayoutRubyBase (anonymous) at (0,0) size 20x32
                LayoutInline {RB} at (0,0) size 19x32
                  LayoutText {#text} at (0,0) size 19x32
                    text run at (0,0) width 32: "\x{80CC}\x{4E2D}"
          LayoutText {#text} at (1017,390) size 50x497
            text run at (1017,390) width 106: "\x{306B}\x{306F}\x{91CD}\x{3044}\x{5929}\x{4E0B}\x{304C}"
            text run at (1048,0) width 384: "\x{304A}\x{3076}\x{3055}\x{3063}\x{3066}\x{3044}\x{308B}\x{3002}\x{3046}\x{307E}\x{3044}\x{7269}\x{3082}\x{98DF}\x{308F}\x{306D}\x{3070}\x{60DC}\x{3057}\x{3044}\x{3002}\x{5C11}\x{3057}\x{98DF}\x{3048}\x{3070}"
          LayoutRuby (inline) {RUBY} at (0,0) size 19x16
            LayoutRubyRun (anonymous) at (1048,384) size 20x16
              LayoutRubyText {RT} at (-12,0) size 12x16
                LayoutText {#text} at (0,3) size 12x10
                  text run at (0,3) width 9: "\x{3042}"
              LayoutRubyBase (anonymous) at (0,0) size 20x16
                LayoutInline {RB} at (0,0) size 19x16
                  LayoutText {#text} at (0,0) size 19x16
                    text run at (0,0) width 16: "\x{98FD}"
          LayoutText {#text} at (1048,400) size 19x16
            text run at (1048,400) width 16: "\x{304D}"
          LayoutRuby (inline) {RUBY} at (0,0) size 19x16
            LayoutRubyRun (anonymous) at (1048,416) size 20x16
              LayoutRubyText {RT} at (-12,0) size 12x16
                LayoutText {#text} at (0,4) size 12x9
                  text run at (0,4) width 9: "\x{305F}"
              LayoutRubyBase (anonymous) at (0,0) size 20x16
                LayoutInline {RB} at (0,0) size 19x16
                  LayoutText {#text} at (0,0) size 19x16
                    text run at (0,0) width 16: "\x{8DB3}"
          LayoutText {#text} at (1048,432) size 39x490
            text run at (1048,432) width 58: "\x{3089}\x{306C}\x{3002}\x{5B58}"
            text run at (1068,0) width 216: "\x{5206}\x{98DF}\x{3048}\x{3070}\x{3042}\x{3068}\x{304C}\x{4E0D}\x{6109}\x{5FEB}\x{3060}\x{3002}\x{2026}\x{2026}"
          LayoutBR {BR} at (1068,215) size 19x1
          LayoutText {#text} at (1099,0) size 19x16
            text run at (1099,0) width 16: "\x{3000}"
          LayoutRuby (inline) {RUBY} at (0,0) size 19x16
            LayoutRubyRun (anonymous) at (1099,16) size 20x16
              LayoutRubyText {RT} at (-12,0) size 12x16
                LayoutText {#text} at (0,4) size 12x9
                  text run at (0,4) width 9: "\x{3088}"
              LayoutRubyBase (anonymous) at (0,0) size 20x16
                LayoutInline {RB} at (0,0) size 19x16
                  LayoutText {#text} at (0,0) size 19x16
                    text run at (0,0) width 16: "\x{4F59}"
          LayoutText {#text} at (1099,32) size 19x15
            text run at (1099,32) width 15: "\x{306E}"
          LayoutRuby (inline) {RUBY} at (0,0) size 19x27
            LayoutRubyRun (anonymous) at (1099,42.44) size 20x34.03
              LayoutRubyText {RT} at (-12,0) size 12x34.03
                LayoutText {#text} at (0,0) size 12x35
                  text run at (0,0) width 35: "\x{304B}\x{3093}\x{304C}\x{3048}"
              LayoutRubyBase (anonymous) at (0,0) size 20x34.03
                LayoutInline {RB} at (0,0) size 19x17
                  LayoutText {#text} at (0,9) size 19x17
                    text run at (0,9) width 16: "\x{8003}"
          LayoutText {#text} at (1099,72) size 19x237
            text run at (1099,72) width 237: "\x{304C}\x{3053}\x{3053}\x{307E}\x{3067}\x{6F02}\x{6D41}\x{3057}\x{3066}\x{6765}\x{305F}\x{6642}\x{306B}\x{3001}\x{4F59}\x{306E}"
          LayoutRuby (inline) {RUBY} at (0,0) size 19x33
            LayoutRubyRun (anonymous) at (1099,308.97) size 20x32
              LayoutRubyText {RT} at (-12,0) size 12x32
                LayoutText {#text} at (0,1) size 12x30
                  text run at (0,1) width 30: "\x{3046}\x{305D}\x{304F}"
              LayoutRubyBase (anonymous) at (0,0) size 20x32
                LayoutInline {RB} at (0,0) size 19x32
                  LayoutText {#text} at (0,0) size 19x32
                    text run at (0,0) width 32: "\x{53F3}\x{8DB3}"
          LayoutText {#text} at (1099,340) size 19x49
            text run at (1099,340) width 48: "\x{306F}\x{7A81}\x{7136}"
          LayoutRuby (inline) {RUBY} at (0,0) size 19x17
            LayoutRubyRun (anonymous) at (1099,387.16) size 20x18
              LayoutRubyText {RT} at (-12,0) size 12x18
                LayoutText {#text} at (0,0) size 12x18
                  text run at (0,0) width 18: "\x{3059}\x{308F}"
              LayoutRubyBase (anonymous) at (0,0) size 20x18
                LayoutInline {RB} at (0,0) size 19x16
                  LayoutText {#text} at (0,1) size 19x16
                    text run at (0,1) width 16: "\x{5750}"
          LayoutText {#text} at (1099,404) size 19x76
            text run at (1099,404) width 76: "\x{308A}\x{306E}\x{308F}\x{308B}\x{3044}"
          LayoutRuby (inline) {RUBY} at (0,0) size 19x33
            LayoutRubyRun (anonymous) at (1130,0) size 20x32.73
              LayoutRubyText {RT} at (-12,0) size 12x32.73
                LayoutText {#text} at (0,0) size 12x33
                  text run at (0,0) width 33: "\x{304B}\x{304F}\x{3044}\x{3057}"
              LayoutRubyBase (anonymous) at (0,0) size 20x32.73
                LayoutInline {RB} at (0,0) size 19x33
                  LayoutText {#text} at (0,0) size 19x33
                    text run at (0,0) width 32: "\x{89D2}\x{77F3}"
          LayoutText {#text} at (1130,32) size 19x16
            text run at (1130,32) width 15: "\x{306E}"
          LayoutRuby (inline) {RUBY} at (0,0) size 19x18
            LayoutRubyRun (anonymous) at (1130,47.17) size 20x16.84
              LayoutRubyText {RT} at (-12,0) size 12x16.84
                LayoutText {#text} at (0,0) size 12x18
                  text run at (0,0) width 17: "\x{306F}\x{3057}"
              LayoutRubyBase (anonymous) at (0,0) size 20x16.84
                LayoutInline {RB} at (0,0) size 19x17
                  LayoutText {#text} at (0,0) size 19x17
                    text run at (0,0) width 16: "\x{7AEF}"
          LayoutText {#text} at (1130,64) size 19x47
            text run at (1130,64) width 47: "\x{3092}\x{8E0F}\x{307F}"
          LayoutRuby (inline) {RUBY} at (0,0) size 19x17
            LayoutRubyRun (anonymous) at (1130,110.77) size 20x16
              LayoutRubyText {RT} at (-12,0) size 12x16
                LayoutText {#text} at (0,4) size 12x9
                  text run at (0,4) width 9: "\x{305D}"
              LayoutRubyBase (anonymous) at (0,0) size 20x16
                LayoutInline {RB} at (0,0) size 19x16
                  LayoutText {#text} at (0,0) size 19x16
                    text run at (0,0) width 16: "\x{640D}"
          LayoutText {#text} at (1130,126) size 19x71
            text run at (1130,126) width 70: "\x{304F}\x{306A}\x{3063}\x{305F}\x{3002}"
          LayoutRuby (inline) {RUBY} at (0,0) size 19x33
            LayoutRubyRun (anonymous) at (1130,196.02) size 20x32
              LayoutRubyText {RT} at (-12,0) size 12x32
                LayoutText {#text} at (0,0) size 12x32
                  text run at (0,0) width 32: "\x{3078}\x{3044}\x{3053}\x{3046}"
              LayoutRubyBase (anonymous) at (0,0) size 20x32
                LayoutInline {RB} at (0,0) size 19x32
                  LayoutText {#text} at (0,0) size 19x32
                    text run at (0,0) width 32: "\x{5E73}\x{8861}"
          LayoutText {#text} at (1130,228) size 19x271
            text run at (1130,228) width 271: "\x{3092}\x{4FDD}\x{3064}\x{305F}\x{3081}\x{306B}\x{3001}\x{3059}\x{308F}\x{3084}\x{3068}\x{524D}\x{306B}\x{98DB}\x{3073}\x{51FA}\x{3057}\x{305F}"
          LayoutRuby (inline) {RUBY} at (0,0) size 19x32
            LayoutRubyRun (anonymous) at (1161,0) size 20x32
              LayoutRubyText {RT} at (-12,0) size 12x32
                LayoutText {#text} at (0,1) size 12x30
                  text run at (0,1) width 30: "\x{3055}\x{305D}\x{304F}"
              LayoutRubyBase (anonymous) at (0,0) size 20x32
                LayoutInline {RB} at (0,0) size 19x32
                  LayoutText {#text} at (0,0) size 19x32
                    text run at (0,0) width 32: "\x{5DE6}\x{8DB3}"
          LayoutText {#text} at (1161,32) size 19x26
            text run at (1161,32) width 26: "\x{304C}\x{3001}"
          LayoutRuby (inline) {RUBY} at (0,0) size 19x33
            LayoutRubyRun (anonymous) at (1161,57.81) size 20x32
              LayoutRubyText {RT} at (-12,0) size 12x32
                LayoutText {#text} at (0,1) size 12x30
                  text run at (0,1) width 30: "\x{3057}\x{305D}\x{3093}"
              LayoutRubyBase (anonymous) at (0,0) size 20x32
                LayoutInline {RB} at (0,0) size 19x32
                  LayoutText {#text} at (0,0) size 19x32
                    text run at (0,0) width 32: "\x{4ED5}\x{640D}"
          LayoutText {#text} at (1161,89) size 19x30
            text run at (1161,89) width 30: "\x{3058}\x{306E}"
          LayoutRuby (inline) {RUBY} at (0,0) size 19x16
            LayoutRubyRun (anonymous) at (1161,119) size 20x16
              LayoutRubyText {RT} at (-12,0) size 12x16
                LayoutText {#text} at (0,3) size 12x10
                  text run at (0,3) width 9: "\x{3046}"
              LayoutRubyBase (anonymous) at (0,0) size 20x16
                LayoutInline {RB} at (0,0) size 19x16
                  LayoutText {#text} at (0,0) size 19x16
                    text run at (0,0) width 16: "\x{57CB}"
          LayoutText {#text} at (1161,135) size 19x16
            text run at (1161,135) width 16: "\x{3081}"
          LayoutRuby (inline) {RUBY} at (0,0) size 19x17
            LayoutRubyRun (anonymous) at (1161,149.06) size 20x18
              LayoutRubyText {RT} at (-12,0) size 12x18
                LayoutText {#text} at (0,0) size 12x18
                  text run at (0,0) width 18: "\x{3042}\x{308F}"
              LayoutRubyBase (anonymous) at (0,0) size 20x18
                LayoutInline {RB} at (0,0) size 19x16
                  LayoutText {#text} at (0,1) size 19x16
                    text run at (0,1) width 16: "\x{5408}"
          LayoutText {#text} at (1161,166) size 19x244
            text run at (1161,166) width 244: "\x{305B}\x{3092}\x{3059}\x{308B}\x{3068}\x{5171}\x{306B}\x{3001}\x{4F59}\x{306E}\x{8170}\x{306F}\x{5177}\x{5408}\x{3088}\x{304F}"
          LayoutRuby (inline) {RUBY} at (0,0) size 19x18
            LayoutRubyRun (anonymous) at (1161,409.25) size 20x17.13
              LayoutRubyText {RT} at (-12,0) size 12x17.13
                LayoutText {#text} at (0,0) size 12x18
                  text run at (0,0) width 18: "\x{307B}\x{3046}"
              LayoutRubyBase (anonymous) at (0,0) size 20x17.13
                LayoutInline {RB} at (0,0) size 19x17
                  LayoutText {#text} at (0,0) size 19x17
                    text run at (0,0) width 16: "\x{65B9}"
          LayoutText {#text} at (1161,426) size 50x489
            text run at (1161,426) width 62: "\x{4E09}\x{5C3A}\x{307B}\x{3069}"
            text run at (1192,0) width 77: "\x{306A}\x{5CA9}\x{306E}\x{4E0A}\x{306B}"
          LayoutRuby (inline) {RUBY} at (0,0) size 19x17
            LayoutRubyRun (anonymous) at (1192,76.56) size 20x16
              LayoutRubyText {RT} at (-12,0) size 12x16
                LayoutText {#text} at (0,4) size 12x9
                  text run at (0,4) width 9: "\x{304A}"
              LayoutRubyBase (anonymous) at (0,0) size 20x16
                LayoutInline {RB} at (0,0) size 19x16
                  LayoutText {#text} at (0,0) size 19x16
                    text run at (0,0) width 16: "\x{5378}"
          LayoutText {#text} at (1192,92) size 19x196
            text run at (1192,92) width 195: "\x{308A}\x{305F}\x{3002}\x{80A9}\x{306B}\x{304B}\x{3051}\x{305F}\x{7D75}\x{306E}\x{5177}\x{7BB1}\x{304C}"
          LayoutRuby (inline) {RUBY} at (0,0) size 19x17
            LayoutRubyRun (anonymous) at (1192,286.44) size 20x18
              LayoutRubyText {RT} at (-12,0) size 12x18
                LayoutText {#text} at (0,0) size 12x18
                  text run at (0,0) width 18: "\x{308F}\x{304D}"
              LayoutRubyBase (anonymous) at (0,0) size 20x18
                LayoutInline {RB} at (0,0) size 19x16
                  LayoutText {#text} at (0,1) size 19x16
                    text run at (0,1) width 16: "\x{814B}"
          LayoutText {#text} at (1192,303) size 19x62
            text run at (1192,303) width 62: "\x{306E}\x{4E0B}\x{304B}\x{3089}"
          LayoutRuby (inline) {RUBY} at (0,0) size 19x19
            LayoutRubyRun (anonymous) at (1192,364.75) size 20x17.48
              LayoutRubyText {RT} at (-12,0) size 12x17.48
                LayoutText {#text} at (0,0) size 12x18
                  text run at (0,0) width 18: "\x{304A}\x{3069}"
              LayoutRubyBase (anonymous) at (0,0) size 20x17.48
                LayoutInline {RB} at (0,0) size 19x17
                  LayoutText {#text} at (0,0) size 19x17
                    text run at (0,0) width 16: "\x{8E8D}"
          LayoutText {#text} at (1192,382) size 50x500
            text run at (1192,382) width 118: "\x{308A}\x{51FA}\x{3057}\x{305F}\x{3060}\x{3051}\x{3067}\x{3001}"
            text run at (1223,0) width 45: "\x{5E78}\x{3044}\x{3068}"
          LayoutRuby (inline) {RUBY} at (0,0) size 19x18
            LayoutRubyRun (anonymous) at (1223,44.06) size 20x17.48
              LayoutRubyText {RT} at (-12,0) size 12x17.48
                LayoutText {#text} at (0,0) size 12x18
                  text run at (0,0) width 18: "\x{306A}\x{3093}"
              LayoutRubyBase (anonymous) at (0,0) size 20x17.48
                LayoutInline {RB} at (0,0) size 19x17
                  LayoutText {#text} at (0,0) size 19x17
                    text run at (0,0) width 16: "\x{4F55}"
          LayoutText {#text} at (1223,61) size 19x116
            text run at (1223,61) width 116: "\x{306E}\x{4E8B}\x{3082}\x{306A}\x{304B}\x{3063}\x{305F}\x{3002}"
          LayoutBR {BR} at (1223,176) size 19x1
          LayoutText {#text} at (1254,0) size 19x231
            text run at (1254,0) width 231: "\x{3000}\x{7ACB}\x{3061}\x{4E0A}\x{304C}\x{308B}\x{6642}\x{306B}\x{5411}\x{3046}\x{3092}\x{898B}\x{308B}\x{3068}\x{3001}"
          LayoutRuby (inline) {RUBY} at (0,0) size 19x18
            LayoutRubyRun (anonymous) at (1254,230.56) size 20x17.13
              LayoutRubyText {RT} at (-12,0) size 12x17.13
                LayoutText {#text} at (0,0) size 12x18
                  text run at (0,0) width 18: "\x{307F}\x{3061}"
              LayoutRubyBase (anonymous) at (0,0) size 20x17.13
                LayoutInline {RB} at (0,0) size 19x17
                  LayoutText {#text} at (0,0) size 19x17
                    text run at (0,0) width 16: "\x{8DEF}"
          LayoutText {#text} at (1254,247) size 50x492
            text run at (1254,247) width 245: "\x{304B}\x{3089}\x{5DE6}\x{306E}\x{65B9}\x{306B}\x{30D0}\x{30B1}\x{30C4}\x{3092}\x{4F0F}\x{305B}\x{305F}\x{3088}\x{3046}\x{306A}"
            text run at (1285,0) width 32: "\x{5CF0}\x{304C}"
          LayoutRuby (inline) {RUBY} at (0,0) size 19x18
            LayoutRubyRun (anonymous) at (1285,31.19) size 20x17.48
              LayoutRubyText {RT} at (-12,0) size 12x17.48
                LayoutText {#text} at (0,0) size 12x18
                  text run at (0,0) width 18: "\x{305D}\x{3073}"
              LayoutRubyBase (anonymous) at (0,0) size 20x17.48
                LayoutInline {RB} at (0,0) size 19x17
                  LayoutText {#text} at (0,0) size 19x17
                    text run at (0,0) width 16: "\x{8073}"
          LayoutText {#text} at (1285,48) size 19x101
            text run at (1285,48) width 100: "\x{3048}\x{3066}\x{3044}\x{308B}\x{3002}\x{6749}\x{304B}"
          LayoutRuby (inline) {RUBY} at (0,0) size 19x18
            LayoutRubyRun (anonymous) at (1285,144.48) size 20x25.25
              LayoutRubyText {RT} at (-12,0) size 12x25.25
                LayoutText {#text} at (0,0) size 12x26
                  text run at (0,0) width 26: "\x{3072}\x{306E}\x{304D}"
              LayoutRubyBase (anonymous) at (0,0) size 20x25.25
                LayoutInline {RB} at (0,0) size 19x17
                  LayoutText {#text} at (0,4) size 19x17
                    text run at (0,4) width 16: "\x{6A9C}"
          LayoutText {#text} at (1285,165) size 19x107
            text run at (1285,165) width 107: "\x{304B}\x{5206}\x{304B}\x{3089}\x{306A}\x{3044}\x{304C}"
          LayoutRuby (inline) {RUBY} at (0,0) size 19x33
            LayoutRubyRun (anonymous) at (1285,271.80) size 20x32
              LayoutRubyText {RT} at (-12,0) size 12x32
                LayoutText {#text} at (0,1) size 12x30
                  text run at (0,1) width 30: "\x{306D}\x{3082}\x{3068}"
              LayoutRubyBase (anonymous) at (0,0) size 20x32
                LayoutInline {RB} at (0,0) size 19x32
                  LayoutText {#text} at (0,0) size 19x32
                    text run at (0,0) width 32: "\x{6839}\x{5143}"
          LayoutText {#text} at (1285,303) size 19x32
            text run at (1285,303) width 31: "\x{304B}\x{3089}"
          LayoutRuby (inline) {RUBY} at (0,0) size 19x18
            LayoutRubyRun (anonymous) at (1285,330.67) size 20x25.03
              LayoutRubyText {RT} at (-12,0) size 12x25.03
                LayoutText {#text} at (0,0) size 12x26
                  text run at (0,0) width 26: "\x{3044}\x{305F}\x{3060}"
              LayoutRubyBase (anonymous) at (0,0) size 20x25.03
                LayoutInline {RB} at (0,0) size 19x17
                  LayoutText {#text} at (0,4) size 19x17
                    text run at (0,4) width 16: "\x{9802}"
          LayoutText {#text} at (1285,351) size 19x122
            text run at (1285,351) width 121: "\x{304D}\x{307E}\x{3067}\x{3053}\x{3068}\x{3054}\x{3068}\x{304F}"
          LayoutRuby (inline) {RUBY} at (0,0) size 19x35
            LayoutRubyRun (anonymous) at (1316,0) size 20x35.02
              LayoutRubyText {RT} at (-12,0) size 12x35.02
                LayoutText {#text} at (0,0) size 12x36
                  text run at (0,0) width 36: "\x{3042}\x{304A}\x{3050}\x{308D}"
              LayoutRubyBase (anonymous) at (0,0) size 20x35.02
                LayoutInline {RB} at (0,0) size 19x34
                  LayoutText {#text} at (0,0) size 19x34
                    text run at (0,0) width 33: "\x{84BC}\x{9ED2}"
          LayoutText {#text} at (1316,34) size 19x226
            text run at (1316,34) width 226: "\x{3044}\x{4E2D}\x{306B}\x{3001}\x{5C71}\x{685C}\x{304C}\x{8584}\x{8D64}\x{304F}\x{3060}\x{3093}\x{3060}\x{3089}\x{306B}"
          LayoutRuby (inline) {RUBY} at (0,0) size 19x33
            LayoutRubyRun (anonymous) at (1316,259.08) size 20x32
              LayoutRubyText {RT} at (-12,0) size 12x32
                LayoutText {#text} at (0,1) size 12x30
                  text run at (0,1) width 30: "\x{305F}\x{306A}\x{3073}"
              LayoutRubyBase (anonymous) at (0,0) size 20x32
                LayoutInline {RB} at (0,0) size 19x32
                  LayoutText {#text} at (0,0) size 19x32
                    text run at (0,0) width 32: "\x{68DA}\x{5F15}"
          LayoutText {#text} at (1316,291) size 19x38
            text run at (1316,291) width 38: "\x{3044}\x{3066}\x{3001}"
          LayoutRuby (inline) {RUBY} at (0,0) size 19x17
            LayoutRubyRun (anonymous) at (1316,328.64) size 20x16
              LayoutRubyText {RT} at (-12,0) size 12x16
                LayoutText {#text} at (0,4) size 12x8
                  text run at (0,4) width 8: "\x{3064}"
              LayoutRubyBase (anonymous) at (0,0) size 20x16
                LayoutInline {RB} at (0,0) size 19x16
                  LayoutText {#text} at (0,0) size 19x16
                    text run at (0,0) width 16: "\x{7D9A}"
          LayoutText {#text} at (1316,344) size 19x17
            text run at (1316,344) width 16: "\x{304E}"
          LayoutRuby (inline) {RUBY} at (0,0) size 19x17
            LayoutRubyRun (anonymous) at (1316,360.64) size 20x16
              LayoutRubyText {RT} at (-12,0) size 12x16
                LayoutText {#text} at (0,4) size 12x9
                  text run at (0,4) width 9: "\x{3081}"
              LayoutRubyBase (anonymous) at (0,0) size 20x16
                LayoutInline {RB} at (0,0) size 19x16
                  LayoutText {#text} at (0,0) size 19x16
                    text run at (0,0) width 16: "\x{76EE}"
          LayoutText {#text} at (1316,376) size 19x16
            text run at (1316,376) width 16: "\x{304C}"
          LayoutRuby (inline) {RUBY} at (0,0) size 19x18
            LayoutRubyRun (anonymous) at (1316,391.83) size 20x16.67
              LayoutRubyText {RT} at (-12,0) size 12x16.67
                LayoutText {#text} at (0,0) size 12x17
                  text run at (0,0) width 17: "\x{3057}\x{304B}"
              LayoutRubyBase (anonymous) at (0,0) size 20x16.67
                LayoutInline {RB} at (0,0) size 19x17
                  LayoutText {#text} at (0,0) size 19x17
                    text run at (0,0) width 16: "\x{78BA}"
          LayoutText {#text} at (1316,408) size 50x502
            text run at (1316,408) width 93: "\x{3068}\x{898B}\x{3048}\x{306C}\x{304F}\x{3089}"
            text run at (1347,0) width 14: "\x{3044}"
          LayoutRuby (inline) {RUBY} at (0,0) size 19x18
            LayoutRubyRun (anonymous) at (1347,13.13) size 20x17.30
              LayoutRubyText {RT} at (-12,0) size 12x17.30
                LayoutText {#text} at (0,0) size 12x18
                  text run at (0,0) width 18: "\x{3082}\x{3084}"
              LayoutRubyBase (anonymous) at (0,0) size 20x17.30
                LayoutInline {RB} at (0,0) size 19x17
                  LayoutText {#text} at (0,0) size 19x17
                    text run at (0,0) width 16: "\x{9744}"
          LayoutText {#text} at (1347,30) size 19x133
            text run at (1347,30) width 132: "\x{304C}\x{6FC3}\x{3044}\x{3002}\x{5C11}\x{3057}\x{624B}\x{524D}\x{306B}"
          LayoutRuby (inline) {RUBY} at (0,0) size 19x35
            LayoutRubyRun (anonymous) at (1347,162.23) size 20x34.56
              LayoutRubyText {RT} at (-12,0) size 12x34.56
                LayoutText {#text} at (0,0) size 12x35
                  text run at (0,0) width 35: "\x{306F}\x{3052}\x{3084}\x{307E}"
              LayoutRubyBase (anonymous) at (0,0) size 20x34.56
                LayoutInline {RB} at (0,0) size 19x34
                  LayoutText {#text} at (0,0) size 19x34
                    text run at (0,0) width 33: "\x{79BF}\x{5C71}"
          LayoutText {#text} at (1347,196) size 19x56
            text run at (1347,196) width 55: "\x{304C}\x{4E00}\x{3064}\x{3001}"
          LayoutRuby (inline) {RUBY} at (0,0) size 19x18
            LayoutRubyRun (anonymous) at (1347,251.17) size 20x17.02
              LayoutRubyText {RT} at (-12,0) size 12x17.02
                LayoutText {#text} at (0,0) size 12x18
                  text run at (0,0) width 18: "\x{3050}\x{3093}"
              LayoutRubyBase (anonymous) at (0,0) size 20x17.02
                LayoutInline {RB} at (0,0) size 19x17
                  LayoutText {#text} at (0,0) size 19x17
                    text run at (0,0) width 16: "\x{7FA4}"
          LayoutText {#text} at (1347,268) size 19x91
            text run at (1347,268) width 91: "\x{3092}\x{306C}\x{304D}\x{3093}\x{3067}\x{3066}"
          LayoutRuby (inline) {RUBY} at (0,0) size 19x19
            LayoutRubyRun (anonymous) at (1347,358.56) size 20x17.83
              LayoutRubyText {RT} at (-12,0) size 12x17.83
                LayoutText {#text} at (0,0) size 12x19
                  text run at (0,0) width 18: "\x{307E}\x{3086}"
              LayoutRubyBase (anonymous) at (0,0) size 20x17.83
                LayoutInline {RB} at (0,0) size 19x17
                  LayoutText {#text} at (0,0) size 19x17
                    text run at (0,0) width 16: "\x{7709}"
          LayoutText {#text} at (1347,376) size 19x15
            text run at (1347,376) width 15: "\x{306B}"
          LayoutRuby (inline) {RUBY} at (0,0) size 19x18
            LayoutRubyRun (anonymous) at (1347,390.52) size 20x17.30
              LayoutRubyText {RT} at (-12,0) size 12x17.30
                LayoutText {#text} at (0,0) size 12x18
                  text run at (0,0) width 18: "\x{305B}\x{307E}"
              LayoutRubyBase (anonymous) at (0,0) size 20x17.30
                LayoutInline {RB} at (0,0) size 19x17
                  LayoutText {#text} at (0,0) size 19x17
                    text run at (0,0) width 16: "\x{903C}"
          LayoutText {#text} at (1347,407) size 19x28
            text run at (1347,407) width 27: "\x{308B}\x{3002}"
          LayoutRuby (inline) {RUBY} at (0,0) size 19x17
            LayoutRubyRun (anonymous) at (1347,434.44) size 20x16
              LayoutRubyText {RT} at (-12,0) size 12x16
                LayoutText {#text} at (0,4) size 12x9
                  text run at (0,4) width 9: "\x{306F}"
              LayoutRubyBase (anonymous) at (0,0) size 20x16
                LayoutInline {RB} at (0,0) size 19x16
                  LayoutText {#text} at (0,0) size 19x16
                    text run at (0,0) width 16: "\x{79BF}"
          LayoutText {#text} at (1347,450) size 50x498
            text run at (1347,450) width 48: "\x{3052}\x{305F}\x{5074}"
            text run at (1378,0) width 78: "\x{9762}\x{306F}\x{5DE8}\x{4EBA}\x{306E}"
          LayoutRuby (inline) {RUBY} at (0,0) size 19x18
            LayoutRubyRun (anonymous) at (1378,77.63) size 20x16.95
              LayoutRubyText {RT} at (-12,0) size 12x16.95
                LayoutText {#text} at (0,0) size 12x18
                  text run at (0,0) width 17: "\x{304A}\x{306E}"
              LayoutRubyBase (anonymous) at (0,0) size 20x16.95
                LayoutInline {RB} at (0,0) size 19x17
                  LayoutText {#text} at (0,0) size 19x17
                    text run at (0,0) width 16: "\x{65A7}"
          LayoutText {#text} at (1378,94) size 19x16
            text run at (1378,94) width 15: "\x{3067}"
          LayoutRuby (inline) {RUBY} at (0,0) size 19x18
            LayoutRubyRun (anonymous) at (1378,109.02) size 20x17.20
              LayoutRubyText {RT} at (-12,0) size 12x17.20
                LayoutText {#text} at (0,0) size 12x18
                  text run at (0,0) width 18: "\x{3051}\x{305A}"
              LayoutRubyBase (anonymous) at (0,0) size 20x17.20
                LayoutInline {RB} at (0,0) size 19x17
                  LayoutText {#text} at (0,0) size 19x17
                    text run at (0,0) width 16: "\x{524A}"
          LayoutText {#text} at (1378,126) size 19x284
            text run at (1378,126) width 284: "\x{308A}\x{53BB}\x{3063}\x{305F}\x{304B}\x{3001}\x{92ED}\x{3069}\x{304D}\x{5E73}\x{9762}\x{3092}\x{3084}\x{3051}\x{306B}\x{8C37}\x{306E}\x{5E95}\x{306B}"
          LayoutRuby (inline) {RUBY} at (0,0) size 19x17
            LayoutRubyRun (anonymous) at (1378,408.97) size 20x18
              LayoutRubyText {RT} at (-12,0) size 12x18
                LayoutText {#text} at (0,0) size 12x18
                  text run at (0,0) width 18: "\x{3046}\x{305A}"
              LayoutRubyBase (anonymous) at (0,0) size 20x18
                LayoutInline {RB} at (0,0) size 19x16
                  LayoutText {#text} at (0,1) size 19x16
                    text run at (0,1) width 16: "\x{57CB}"
          LayoutText {#text} at (1378,425) size 19x70
            text run at (1378,425) width 69: "\x{3081}\x{3066}\x{3044}\x{308B}\x{3002}"
          LayoutRuby (inline) {RUBY} at (0,0) size 19x32
            LayoutRubyRun (anonymous) at (1409,0) size 20x32
              LayoutRubyText {RT} at (-12,0) size 12x32
                LayoutText {#text} at (0,0) size 12x32
                  text run at (0,0) width 31: "\x{3066}\x{3063}\x{307A}\x{3093}"
              LayoutRubyBase (anonymous) at (0,0) size 20x32
                LayoutInline {RB} at (0,0) size 19x32
                  LayoutText {#text} at (0,0) size 19x32
                    text run at (0,0) width 32: "\x{5929}\x{8FBA}"
          LayoutText {#text} at (1409,32) size 19x322
            text run at (1409,32) width 322: "\x{306B}\x{4E00}\x{672C}\x{898B}\x{3048}\x{308B}\x{306E}\x{306F}\x{8D64}\x{677E}\x{3060}\x{308D}\x{3046}\x{3002}\x{679D}\x{306E}\x{9593}\x{306E}\x{7A7A}\x{3055}\x{3048}"
          LayoutRuby (inline) {RUBY} at (0,0) size 19x33
            LayoutRubyRun (anonymous) at (1409,353.06) size 20x32.84
              LayoutRubyText {RT} at (-12,0) size 12x32.84
                LayoutText {#text} at (0,0) size 12x33
                  text run at (0,0) width 33: "\x{306F}\x{3063}\x{304D}\x{308A}"
              LayoutRubyBase (anonymous) at (0,0) size 20x32.84
                LayoutInline {RB} at (0,0) size 19x33
                  LayoutText {#text} at (0,0) size 19x33
                    text run at (0,0) width 32: "\x{5224}\x{7136}"
          LayoutText {#text} at (1409,385) size 50x502
            text run at (1409,385) width 116: "\x{3057}\x{3066}\x{3044}\x{308B}\x{3002}\x{884C}\x{304F}\x{624B}"
            text run at (1440,0) width 298: "\x{306F}\x{4E8C}\x{4E01}\x{307B}\x{3069}\x{3067}\x{5207}\x{308C}\x{3066}\x{3044}\x{308B}\x{304C}\x{3001}\x{9AD8}\x{3044}\x{6240}\x{304B}\x{3089}\x{8D64}\x{3044}"
          LayoutRuby (inline) {RUBY} at (0,0) size 19x33
            LayoutRubyRun (anonymous) at (1440,297.31) size 20x32
              LayoutRubyText {RT} at (-12,0) size 12x32
                LayoutText {#text} at (0,1) size 12x29
                  text run at (0,1) width 29: "\x{3051}\x{3063}\x{3068}"
              LayoutRubyBase (anonymous) at (0,0) size 20x32
                LayoutInline {RB} at (0,0) size 19x32
                  LayoutText {#text} at (0,0) size 19x32
                    text run at (0,0) width 32: "\x{6BDB}\x{5E03}"
          LayoutText {#text} at (1440,329) size 50x482
            text run at (1440,329) width 153: "\x{304C}\x{52D5}\x{3044}\x{3066}\x{6765}\x{308B}\x{306E}\x{3092}\x{898B}\x{308B}"
            text run at (1471,0) width 326: "\x{3068}\x{3001}\x{767B}\x{308C}\x{3070}\x{3042}\x{3059}\x{3053}\x{3078}\x{51FA}\x{308B}\x{306E}\x{3060}\x{308D}\x{3046}\x{3002}\x{8DEF}\x{306F}\x{3059}\x{3053}\x{3076}\x{308B}"
          LayoutRuby (inline) {RUBY} at (0,0) size 19x33
            LayoutRubyRun (anonymous) at (1471,325.56) size 20x32
              LayoutRubyText {RT} at (-12,0) size 12x32
                LayoutText {#text} at (0,1) size 12x30
                  text run at (0,1) width 30: "\x{306A}\x{3093}\x{304E}"
              LayoutRubyBase (anonymous) at (0,0) size 20x32
                LayoutInline {RB} at (0,0) size 19x32
                  LayoutText {#text} at (0,0) size 19x32
                    text run at (0,0) width 32: "\x{96E3}\x{7FA9}"
          LayoutText {#text} at (1471,357) size 19x27
            text run at (1471,357) width 27: "\x{3060}\x{3002}"
          LayoutBR {BR} at (1471,383) size 19x1
          LayoutText {#text} at (1502,0) size 19x205
            text run at (1502,0) width 205: "\x{3000}\x{571F}\x{3092}\x{306A}\x{3089}\x{3059}\x{3060}\x{3051}\x{306A}\x{3089}\x{3055}\x{307B}\x{3069}"
          LayoutRuby (inline) {RUBY} at (0,0) size 19x33
            LayoutRubyRun (anonymous) at (1502,204.06) size 20x32
              LayoutRubyText {RT} at (-12,0) size 12x32
                LayoutText {#text} at (0,4) size 12x24
                  text run at (0,4) width 24: "\x{3066}\x{307E}"
              LayoutRubyBase (anonymous) at (0,0) size 20x32
                LayoutInline {RB} at (0,0) size 19x32
                  LayoutText {#text} at (0,0) size 19x32
                    text run at (0,0) width 32: "\x{624B}\x{9593}"
          LayoutText {#text} at (1502,236) size 19x17
            text run at (1502,236) width 16: "\x{3082}"
          LayoutRuby (inline) {RUBY} at (0,0) size 19x17
            LayoutRubyRun (anonymous) at (1502,252.06) size 20x16
              LayoutRubyText {RT} at (-12,0) size 12x16
                LayoutText {#text} at (0,4) size 12x8
                  text run at (0,4) width 8: "\x{3044}"
              LayoutRubyBase (anonymous) at (0,0) size 20x16
                LayoutInline {RB} at (0,0) size 19x16
                  LayoutText {#text} at (0,0) size 19x16
                    text run at (0,0) width 16: "\x{5165}"
          LayoutText {#text} at (1502,268) size 50x494
            text run at (1502,268) width 226: "\x{308B}\x{307E}\x{3044}\x{304C}\x{3001}\x{571F}\x{306E}\x{4E2D}\x{306B}\x{306F}\x{5927}\x{304D}\x{306A}\x{77F3}\x{304C}"
            text run at (1533,0) width 74: "\x{3042}\x{308B}\x{3002}\x{571F}\x{306F}"
          LayoutRuby (inline) {RUBY} at (0,0) size 19x18
            LayoutRubyRun (anonymous) at (1533,73.81) size 20x16.22
              LayoutRubyText {RT} at (-12,0) size 12x16.22
                LayoutText {#text} at (0,0) size 12x17
                  text run at (0,0) width 17: "\x{305F}\x{3044}"
              LayoutRubyBase (anonymous) at (0,0) size 20x16.22
                LayoutInline {RB} at (0,0) size 19x17
                  LayoutText {#text} at (0,0) size 19x17
                    text run at (0,0) width 16: "\x{5E73}"
          LayoutText {#text} at (1533,90) size 50x496
            text run at (1533,90) width 406: "\x{3089}\x{306B}\x{3057}\x{3066}\x{3082}\x{77F3}\x{306F}\x{5E73}\x{3089}\x{306B}\x{306A}\x{3089}\x{306C}\x{3002}\x{77F3}\x{306F}\x{5207}\x{308A}\x{7815}\x{3044}\x{3066}\x{3082}\x{3001}\x{5CA9}\x{306F}\x{59CB}\x{672B}"
            text run at (1564,0) width 69: "\x{304C}\x{3064}\x{304B}\x{306C}\x{3002}"
          LayoutRuby (inline) {RUBY} at (0,0) size 19x35
            LayoutRubyRun (anonymous) at (1564,68.31) size 20x34.64
              LayoutRubyText {RT} at (-12,0) size 12x34.64
                LayoutText {#text} at (0,0) size 12x35
                  text run at (0,0) width 35: "\x{307B}\x{308A}\x{304F}\x{305A}"
              LayoutRubyBase (anonymous) at (0,0) size 20x34.64
                LayoutInline {RB} at (0,0) size 19x34
                  LayoutText {#text} at (0,0) size 19x34
                    text run at (0,0) width 33: "\x{6398}\x{5D29}"
          LayoutText {#text} at (1564,102) size 19x92
            text run at (1564,102) width 91: "\x{3057}\x{305F}\x{571F}\x{306E}\x{4E0A}\x{306B}"
          LayoutRuby (inline) {RUBY} at (0,0) size 19x36
            LayoutRubyRun (anonymous) at (1564,193.95) size 20x35.48
              LayoutRubyText {RT} at (-12,0) size 12x35.48
                LayoutText {#text} at (0,0) size 12x36
                  text run at (0,0) width 36: "\x{3086}\x{3046}\x{305C}\x{3093}"
              LayoutRubyBase (anonymous) at (0,0) size 20x35.48
                LayoutInline {RB} at (0,0) size 19x34
                  LayoutText {#text} at (0,0) size 19x34
                    text run at (0,0) width 33: "\x{60A0}\x{7136}"
          LayoutText {#text} at (1564,228) size 19x16
            text run at (1564,228) width 15: "\x{3068}"
          LayoutRuby (inline) {RUBY} at (0,0) size 19x19
            LayoutRubyRun (anonymous) at (1564,239.38) size 20x26.20
              LayoutRubyText {RT} at (-12,0) size 12x26.20
                LayoutText {#text} at (0,0) size 12x27
                  text run at (0,0) width 27: "\x{305D}\x{3070}\x{3060}"
              LayoutRubyBase (anonymous) at (0,0) size 20x26.20
                LayoutInline {RB} at (0,0) size 19x17
                  LayoutText {#text} at (0,5) size 19x17
                    text run at (0,5) width 16: "\x{5CD9}"
          LayoutText {#text} at (1564,261) size 19x192
            text run at (1564,261) width 192: "\x{3063}\x{3066}\x{3001}\x{543E}\x{3089}\x{306E}\x{305F}\x{3081}\x{306B}\x{9053}\x{3092}\x{8B72}\x{308B}"
          LayoutRuby (inline) {RUBY} at (0,0) size 19x33
            LayoutRubyRun (anonymous) at (1564,452.83) size 20x32
              LayoutRubyText {RT} at (-12,0) size 12x32
                LayoutText {#text} at (0,1) size 12x30
                  text run at (0,1) width 30: "\x{3051}\x{3057}\x{304D}"
              LayoutRubyBase (anonymous) at (0,0) size 20x32
                LayoutInline {RB} at (0,0) size 19x32
                  LayoutText {#text} at (0,0) size 19x32
                    text run at (0,0) width 32: "\x{666F}\x{8272}"
          LayoutText {#text} at (1564,484) size 50x501
            text run at (1564,484) width 16: "\x{306F}"
            text run at (1595,0) width 405: "\x{306A}\x{3044}\x{3002}\x{5411}\x{3046}\x{3067}\x{805E}\x{304B}\x{306C}\x{4E0A}\x{306F}\x{4E57}\x{308A}\x{8D8A}\x{3059}\x{304B}\x{3001}\x{5EFB}\x{3089}\x{306A}\x{3051}\x{308C}\x{3070}\x{306A}\x{3089}\x{3093}\x{3002}"
          LayoutRuby (inline) {RUBY} at (0,0) size 19x17
            LayoutRubyRun (anonymous) at (1595,404.56) size 20x16.39
              LayoutRubyText {RT} at (-12,0) size 12x16.39
                LayoutText {#text} at (0,0) size 12x17
                  text run at (0,0) width 17: "\x{3044}\x{308F}"
              LayoutRubyBase (anonymous) at (0,0) size 20x16.39
                LayoutInline {RB} at (0,0) size 19x17
                  LayoutText {#text} at (0,0) size 19x17
                    text run at (0,0) width 16: "\x{5DCC}"
          LayoutText {#text} at (1595,420) size 50x495
            text run at (1595,420) width 74: "\x{306E}\x{306A}\x{3044}\x{6240}\x{3067}"
            text run at (1626,0) width 32: "\x{3055}\x{3048}"
          LayoutRuby (inline) {RUBY} at (0,0) size 19x17
            LayoutRubyRun (anonymous) at (1626,31.38) size 20x16
              LayoutRubyText {RT} at (-12,0) size 12x16
                LayoutText {#text} at (0,3) size 12x10
                  text run at (0,3) width 9: "\x{3042}"
              LayoutRubyBase (anonymous) at (0,0) size 20x16
                LayoutInline {RB} at (0,0) size 19x16
                  LayoutText {#text} at (0,0) size 19x16
                    text run at (0,0) width 16: "\x{6B69}"
          LayoutText {#text} at (1626,47) size 19x280
            text run at (1626,47) width 280: "\x{308B}\x{304D}\x{3088}\x{304F}\x{306F}\x{306A}\x{3044}\x{3002}\x{5DE6}\x{53F3}\x{304C}\x{9AD8}\x{304F}\x{3063}\x{3066}\x{3001}\x{4E2D}\x{5FC3}\x{304C}"
          LayoutRuby (inline) {RUBY} at (0,0) size 19x19
            LayoutRubyRun (anonymous) at (1626,326.88) size 20x17.34
              LayoutRubyText {RT} at (-12,0) size 12x17.34
                LayoutText {#text} at (0,0) size 12x18
                  text run at (0,0) width 18: "\x{304F}\x{307C}"
              LayoutRubyBase (anonymous) at (0,0) size 20x17.34
                LayoutInline {RB} at (0,0) size 19x17
                  LayoutText {#text} at (0,0) size 19x17
                    text run at (0,0) width 16: "\x{7AAA}"
          LayoutText {#text} at (1626,344) size 19x119
            text run at (1626,344) width 119: "\x{3093}\x{3067}\x{3001}\x{307E}\x{308B}\x{3067}\x{4E00}\x{9593}"
          LayoutRuby (inline) {RUBY} at (0,0) size 19x18
            LayoutRubyRun (anonymous) at (1626,462.47) size 20x17.44
              LayoutRubyText {RT} at (-12,0) size 12x17.44
                LayoutText {#text} at (0,0) size 12x18
                  text run at (0,0) width 18: "\x{306F}\x{3070}"
              LayoutRubyBase (anonymous) at (0,0) size 20x17.44
                LayoutInline {RB} at (0,0) size 19x17
                  LayoutText {#text} at (0,0) size 19x17
                    text run at (0,0) width 16: "\x{5E45}"
          LayoutText {#text} at (1626,479) size 50x496
            text run at (1626,479) width 16: "\x{3092}"
            text run at (1657,0) width 47: "\x{4E09}\x{89D2}\x{306B}"
          LayoutRuby (inline) {RUBY} at (0,0) size 19x17
            LayoutRubyRun (anonymous) at (1657,46.13) size 20x16
              LayoutRubyText {RT} at (-12,0) size 12x16
                LayoutText {#text} at (0,4) size 12x9
                  text run at (0,4) width 9: "\x{304F}"
              LayoutRubyBase (anonymous) at (0,0) size 20x16
                LayoutInline {RB} at (0,0) size 19x16
                  LayoutText {#text} at (0,0) size 19x16
                    text run at (0,0) width 16: "\x{7A7F}"
          LayoutText {#text} at (1657,62) size 19x113
            text run at (1657,62) width 113: "\x{3063}\x{3066}\x{3001}\x{305D}\x{306E}\x{9802}\x{70B9}\x{304C}"
          LayoutRuby (inline) {RUBY} at (0,0) size 19x36
            LayoutRubyRun (anonymous) at (1657,174.75) size 20x34.67
              LayoutRubyText {RT} at (-12,0) size 12x34.67
                LayoutText {#text} at (0,0) size 12x35
                  text run at (0,0) width 35: "\x{307E}\x{3093}\x{306A}\x{304B}"
              LayoutRubyBase (anonymous) at (0,0) size 20x34.67
                LayoutInline {RB} at (0,0) size 19x34
                  LayoutText {#text} at (0,0) size 19x34
                    text run at (0,0) width 33: "\x{771F}\x{4E2D}"
          LayoutText {#text} at (1657,209) size 19x17
            text run at (1657,209) width 16: "\x{3092}"
          LayoutRuby (inline) {RUBY} at (0,0) size 19x18
            LayoutRubyRun (anonymous) at (1657,221.42) size 20x24.55
              LayoutRubyText {RT} at (-12,0) size 12x24.55
                LayoutText {#text} at (0,0) size 12x25
                  text run at (0,0) width 25: "\x{3064}\x{3089}\x{306C}"
              LayoutRubyBase (anonymous) at (0,0) size 20x24.55
                LayoutInline {RB} at (0,0) size 19x17
                  LayoutText {#text} at (0,4) size 19x17
                    text run at (0,4) width 16: "\x{8CAB}"
          LayoutText {#text} at (1657,242) size 50x493
            text run at (1657,242) width 250: "\x{3044}\x{3066}\x{3044}\x{308B}\x{3068}\x{8A55}\x{3057}\x{3066}\x{3082}\x{3088}\x{3044}\x{3002}\x{8DEF}\x{3092}\x{884C}\x{304F}\x{3068}"
            text run at (1688,0) width 127: "\x{4E91}\x{308F}\x{3093}\x{3088}\x{308A}\x{5DDD}\x{5E95}\x{3092}"
          LayoutRuby (inline) {RUBY} at (0,0) size 19x18
            LayoutRubyRun (anonymous) at (1688,126.13) size 20x17.83
              LayoutRubyText {RT} at (-12,0) size 12x17.83
                LayoutText {#text} at (0,0) size 12x19
                  text run at (0,0) width 18: "\x{308F}\x{305F}"
              LayoutRubyBase (anonymous) at (0,0) size 20x17.83
                LayoutInline {RB} at (0,0) size 19x17
                  LayoutText {#text} at (0,0) size 19x17
                    text run at (0,0) width 16: "\x{6E09}"
          LayoutText {#text} at (1688,143) size 19x154
            text run at (1688,143) width 153: "\x{308B}\x{3068}\x{4E91}\x{3046}\x{65B9}\x{304C}\x{9069}\x{5F53}\x{3060}\x{3002}"
          LayoutRuby (inline) {RUBY} at (0,0) size 19x18
            LayoutRubyRun (anonymous) at (1688,296.39) size 20x17.41
              LayoutRubyText {RT} at (-12,0) size 12x17.41
                LayoutText {#text} at (0,0) size 12x18
                  text run at (0,0) width 18: "\x{3082}\x{3068}"
              LayoutRubyBase (anonymous) at (0,0) size 20x17.41
                LayoutInline {RB} at (0,0) size 19x17
                  LayoutText {#text} at (0,0) size 19x17
                    text run at (0,0) width 16: "\x{56FA}"
          LayoutText {#text} at (1688,313) size 50x492
            text run at (1688,313) width 179: "\x{3088}\x{308A}\x{6025}\x{3050}\x{65C5}\x{3067}\x{306A}\x{3044}\x{304B}\x{3089}\x{3001}\x{3076}"
            text run at (1719,0) width 62: "\x{3089}\x{3076}\x{3089}\x{3068}"
          LayoutRuby (inline) {RUBY} at (0,0) size 19x36
            LayoutRubyRun (anonymous) at (1719,61.69) size 20x35.38
              LayoutRubyText {RT} at (-12,0) size 12x35.38
                LayoutText {#text} at (0,0) size 12x36
                  text run at (0,0) width 36: "\x{306A}\x{306A}\x{307E}\x{304C}"
              LayoutRubyBase (anonymous) at (0,0) size 20x35.38
                LayoutInline {RB} at (0,0) size 19x34
                  LayoutText {#text} at (0,0) size 19x34
                    text run at (0,0) width 33: "\x{4E03}\x{66F2}"
          LayoutText {#text} at (1719,96) size 19x83
            text run at (1719,96) width 83: "\x{308A}\x{3078}\x{304B}\x{304B}\x{308B}\x{3002}"
          LayoutBR {BR} at (1719,178) size 19x1
          LayoutText {#text} at (1750,0) size 19x140
            text run at (1750,0) width 140: "\x{3000}\x{305F}\x{3061}\x{307E}\x{3061}\x{8DB3}\x{306E}\x{4E0B}\x{3067}"
          LayoutRuby (inline) {RUBY} at (0,0) size 19x33
            LayoutRubyRun (anonymous) at (1750,139.63) size 20x32
              LayoutRubyText {RT} at (-12,0) size 12x32
                LayoutText {#text} at (0,1) size 12x29
                  text run at (0,1) width 29: "\x{3072}\x{3070}\x{308A}"
              LayoutRubyBase (anonymous) at (0,0) size 20x32
                LayoutInline {RB} at (0,0) size 19x32
                  LayoutText {#text} at (0,0) size 19x32
                    text run at (0,0) width 32: "\x{96F2}\x{96C0}"
          LayoutText {#text} at (1750,171) size 19x151
            text run at (1750,171) width 150: "\x{306E}\x{58F0}\x{304C}\x{3057}\x{51FA}\x{3057}\x{305F}\x{3002}\x{8C37}\x{3092}"
          LayoutRuby (inline) {RUBY} at (0,0) size 19x33
            LayoutRubyRun (anonymous) at (1750,321.06) size 20x32
              LayoutRubyText {RT} at (-12,0) size 12x32
                LayoutText {#text} at (0,1) size 12x29
                  text run at (0,1) width 29: "\x{307F}\x{304A}\x{308D}"
              LayoutRubyBase (anonymous) at (0,0) size 20x32
                LayoutInline {RB} at (0,0) size 19x32
                  LayoutText {#text} at (0,0) size 19x32
                    text run at (0,0) width 32: "\x{898B}\x{4E0B}"
          LayoutText {#text} at (1750,353) size 50x496
            text run at (1750,353) width 143: "\x{3057}\x{305F}\x{304C}\x{3001}\x{3069}\x{3053}\x{3067}\x{9CF4}\x{3044}\x{3066}"
            text run at (1781,0) width 421: "\x{308B}\x{304B}\x{5F71}\x{3082}\x{5F62}\x{3082}\x{898B}\x{3048}\x{306C}\x{3002}\x{305F}\x{3060}\x{58F0}\x{3060}\x{3051}\x{304C}\x{660E}\x{3089}\x{304B}\x{306B}\x{805E}\x{3048}\x{308B}\x{3002}\x{305B}\x{3063}\x{305B}\x{3068}"
          LayoutRuby (inline) {RUBY} at (0,0) size 19x18
            LayoutRubyRun (anonymous) at (1781,420.31) size 20x17.48
              LayoutRubyText {RT} at (-12,0) size 12x17.48
                LayoutText {#text} at (0,0) size 12x18
                  text run at (0,0) width 18: "\x{305B}\x{308F}"
              LayoutRubyBase (anonymous) at (0,0) size 20x17.48
                LayoutInline {RB} at (0,0) size 19x17
                  LayoutText {#text} at (0,0) size 19x17
                    text run at (0,0) width 16: "\x{5FD9}"
          LayoutText {#text} at (1781,437) size 19x42
            text run at (1781,437) width 41: "\x{3057}\x{304F}\x{3001}"
          LayoutRuby (inline) {RUBY} at (0,0) size 19x32
            LayoutRubyRun (anonymous) at (1812,0) size 20x32
              LayoutRubyText {RT} at (-12,0) size 12x32
                LayoutText {#text} at (0,1) size 12x30
                  text run at (0,1) width 30: "\x{305F}\x{3048}\x{307E}"
              LayoutRubyBase (anonymous) at (0,0) size 20x32
                LayoutInline {RB} at (0,0) size 19x32
                  LayoutText {#text} at (0,0) size 19x32
                    text run at (0,0) width 32: "\x{7D76}\x{9593}"
          LayoutText {#text} at (1812,32) size 19x115
            text run at (1812,32) width 115: "\x{306A}\x{304F}\x{9CF4}\x{3044}\x{3066}\x{3044}\x{308B}\x{3002}"
          LayoutRuby (inline) {RUBY} at (0,0) size 19x49
            LayoutRubyRun (anonymous) at (1812,146.13) size 20x48
              LayoutRubyText {RT} at (-12,0) size 12x48
                LayoutText {#text} at (0,0) size 12x47
                  text run at (0,0) width 46: "\x{307B}\x{3046}\x{3044}\x{304F}\x{308A}"
              LayoutRubyBase (anonymous) at (0,0) size 20x48
                LayoutInline {RB} at (0,0) size 19x48
                  LayoutText {#text} at (0,0) size 19x48
                    text run at (0,0) width 48: "\x{65B9}\x{5E7E}\x{91CC}"
          LayoutText {#text} at (1812,194) size 19x108
            text run at (1812,194) width 108: "\x{306E}\x{7A7A}\x{6C17}\x{304C}\x{4E00}\x{9762}\x{306B}"
          LayoutRuby (inline) {RUBY} at (0,0) size 19x18
            LayoutRubyRun (anonymous) at (1812,301.88) size 20x16.42
              LayoutRubyText {RT} at (-12,0) size 12x16.42
                LayoutText {#text} at (0,0) size 12x17
                  text run at (0,0) width 17: "\x{306E}\x{307F}"
              LayoutRubyBase (anonymous) at (0,0) size 20x16.42
                LayoutInline {RB} at (0,0) size 19x17
                  LayoutText {#text} at (0,0) size 19x17
                    text run at (0,0) width 16: "\x{86A4}"
          LayoutText {#text} at (1812,318) size 50x500
            text run at (1812,318) width 182: "\x{306B}\x{523A}\x{3055}\x{308C}\x{3066}\x{3044}\x{305F}\x{305F}\x{307E}\x{308C}\x{306A}\x{3044}"
            text run at (1843,0) width 214: "\x{3088}\x{3046}\x{306A}\x{6C17}\x{304C}\x{3059}\x{308B}\x{3002}\x{3042}\x{306E}\x{9CE5}\x{306E}\x{9CF4}\x{304F}"
          LayoutRuby (inline) {RUBY} at (0,0) size 19x17
            LayoutRubyRun (anonymous) at (1843,213.50) size 20x16
              LayoutRubyText {RT} at (-12,0) size 12x16
                LayoutText {#text} at (0,4) size 12x9
                  text run at (0,4) width 9: "\x{306D}"
              LayoutRubyBase (anonymous) at (0,0) size 20x16
                LayoutInline {RB} at (0,0) size 19x16
                  LayoutText {#text} at (0,0) size 19x16
                    text run at (0,0) width 16: "\x{97F3}"
          LayoutText {#text} at (1843,229) size 90x501
            text run at (1843,229) width 271: "\x{306B}\x{306F}\x{77AC}\x{6642}\x{306E}\x{4F59}\x{88D5}\x{3082}\x{306A}\x{3044}\x{3002}\x{306E}\x{3069}\x{304B}\x{306A}\x{6625}\x{306E}\x{65E5}"
            text run at (1863,0) width 492: "\x{3092}\x{9CF4}\x{304D}\x{5C3D}\x{304F}\x{3057}\x{3001}\x{9CF4}\x{304D}\x{3042}\x{304B}\x{3057}\x{3001}\x{307E}\x{305F}\x{9CF4}\x{304D}\x{66AE}\x{3089}\x{3055}\x{306A}\x{3051}\x{308C}\x{3070}\x{6C17}\x{304C}\x{6E08}\x{307E}\x{3093}\x{3068}\x{898B}\x{3048}"
            text run at (1883,0) width 492: "\x{308B}\x{3002}\x{305D}\x{306E}\x{4E0A}\x{3069}\x{3053}\x{307E}\x{3067}\x{3082}\x{767B}\x{3063}\x{3066}\x{884C}\x{304F}\x{3001}\x{3044}\x{3064}\x{307E}\x{3067}\x{3082}\x{767B}\x{3063}\x{3066}\x{884C}\x{304F}\x{3002}\x{96F2}\x{96C0}\x{306F}\x{304D}\x{3063}\x{3068}\x{96F2}"
            text run at (1914,0) width 241: "\x{306E}\x{4E2D}\x{3067}\x{6B7B}\x{306C}\x{306B}\x{76F8}\x{9055}\x{306A}\x{3044}\x{3002}\x{767B}\x{308A}\x{8A70}\x{3081}\x{305F}"
          LayoutRuby (inline) {RUBY} at (0,0) size 19x33
            LayoutRubyRun (anonymous) at (1914,240.25) size 20x32
              LayoutRubyText {RT} at (-12,0) size 12x32
                LayoutText {#text} at (0,1) size 12x30
                  text run at (0,1) width 30: "\x{3042}\x{3052}\x{304F}"
              LayoutRubyBase (anonymous) at (0,0) size 20x32
                LayoutInline {RB} at (0,0) size 19x32
                  LayoutText {#text} at (0,0) size 19x32
                    text run at (0,0) width 32: "\x{63DA}\x{53E5}"
          LayoutText {#text} at (1914,272) size 19x102
            text run at (1914,272) width 102: "\x{306F}\x{3001}\x{6D41}\x{308C}\x{3066}\x{96F2}\x{306B}"
          LayoutRuby (inline) {RUBY} at (0,0) size 19x16
            LayoutRubyRun (anonymous) at (1914,374) size 20x16
              LayoutRubyText {RT} at (-12,0) size 12x16
                LayoutText {#text} at (0,4) size 12x8
                  text run at (0,4) width 8: "\x{3044}"
              LayoutRubyBase (anonymous) at (0,0) size 20x16
                LayoutInline {RB} at (0,0) size 19x16
                  LayoutText {#text} at (0,0) size 19x16
                    text run at (0,0) width 16: "\x{5165}"
          LayoutText {#text} at (1914,390) size 19x36
            text run at (1914,390) width 36: "\x{3063}\x{3066}\x{3001}"
          LayoutRuby (inline) {RUBY} at (0,0) size 19x20
            LayoutRubyRun (anonymous) at (1914,421.94) size 20x26.30
              LayoutRubyText {RT} at (-12,0) size 12x26.30
                LayoutText {#text} at (0,0) size 12x27
                  text run at (0,0) width 27: "\x{305F}\x{3060}\x{3088}"
              LayoutRubyBase (anonymous) at (0,0) size 20x26.30
                LayoutInline {RB} at (0,0) size 19x17
                  LayoutText {#text} at (0,5) size 19x17
                    text run at (0,5) width 16: "\x{6F02}"
          LayoutText {#text} at (1914,444) size 50x504
            text run at (1914,444) width 59: "\x{3046}\x{3066}\x{3044}\x{308B}"
            text run at (1945,0) width 329: "\x{3046}\x{3061}\x{306B}\x{5F62}\x{306F}\x{6D88}\x{3048}\x{3066}\x{306A}\x{304F}\x{306A}\x{3063}\x{3066}\x{3001}\x{305F}\x{3060}\x{58F0}\x{3060}\x{3051}\x{304C}\x{7A7A}\x{306E}"
          LayoutRuby (inline) {RUBY} at (0,0) size 19x19
            LayoutRubyRun (anonymous) at (1945,328.81) size 20x17.83
              LayoutRubyText {RT} at (-12,0) size 12x17.83
                LayoutText {#text} at (0,0) size 12x19
                  text run at (0,0) width 18: "\x{3046}\x{3061}"
              LayoutRubyBase (anonymous) at (0,0) size 20x17.83
                LayoutInline {RB} at (0,0) size 19x17
                  LayoutText {#text} at (0,0) size 19x17
                    text run at (0,0) width 16: "\x{88E1}"
          LayoutText {#text} at (1945,346) size 39x487
            text run at (1945,346) width 140: "\x{306B}\x{6B8B}\x{308B}\x{306E}\x{304B}\x{3082}\x{77E5}\x{308C}\x{306A}"
            text run at (1965,0) width 24: "\x{3044}\x{3002}"
          LayoutBR {BR} at (1965,23) size 19x1
          LayoutText {#text} at (1996,0) size 19x16
            text run at (1996,0) width 16: "\x{3000}"
          LayoutRuby (inline) {RUBY} at (0,0) size 19x34
            LayoutRubyRun (anonymous) at (1996,16) size 20x33.41
              LayoutRubyText {RT} at (-12,0) size 12x33.41
                LayoutText {#text} at (0,0) size 12x34
                  text run at (0,0) width 34: "\x{3044}\x{308F}\x{304B}\x{3069}"
              LayoutRubyBase (anonymous) at (0,0) size 20x33.41
                LayoutInline {RB} at (0,0) size 19x33
                  LayoutText {#text} at (0,0) size 19x33
                    text run at (0,0) width 32: "\x{5DCC}\x{89D2}"
          LayoutText {#text} at (1996,49) size 19x116
            text run at (1996,49) width 115: "\x{3092}\x{92ED}\x{3069}\x{304F}\x{5EFB}\x{3063}\x{3066}\x{3001}"
          LayoutRuby (inline) {RUBY} at (0,0) size 19x33
            LayoutRubyRun (anonymous) at (1996,164.16) size 20x32
              LayoutRubyText {RT} at (-12,0) size 12x32
                LayoutText {#text} at (0,1) size 12x30
                  text run at (0,1) width 30: "\x{3042}\x{3093}\x{307E}"
              LayoutRubyBase (anonymous) at (0,0) size 20x32
                LayoutInline {RB} at (0,0) size 19x32
                  LayoutText {#text} at (0,0) size 19x32
                    text run at (0,0) width 32: "\x{6309}\x{6469}"
          LayoutText {#text} at (1996,196) size 19x33
            text run at (1996,196) width 32: "\x{306A}\x{3089}"
          LayoutRuby (inline) {RUBY} at (0,0) size 19x51
            LayoutRubyRun (anonymous) at (1996,228.16) size 20x50.48
              LayoutRubyText {RT} at (-12,0) size 12x50.48
                LayoutText {#text} at (0,0) size 12x51
                  text run at (0,0) width 51: "\x{307E}\x{3063}\x{3055}\x{304B}\x{3055}\x{307E}"
              LayoutRubyBase (anonymous) at (0,0) size 20x50.48
                LayoutInline {RB} at (0,0) size 19x50
                  LayoutText {#text} at (0,0) size 19x50
                    text run at (0,0) width 49: "\x{771F}\x{9006}\x{69D8}"
          LayoutText {#text} at (1996,278) size 19x131
            text run at (1996,278) width 130: "\x{306B}\x{843D}\x{3064}\x{308B}\x{3068}\x{3053}\x{308D}\x{3092}\x{3001}"
          LayoutRuby (inline) {RUBY} at (0,0) size 19x17
            LayoutRubyRun (anonymous) at (1996,407.14) size 20x18
              LayoutRubyText {RT} at (-12,0) size 12x18
                LayoutText {#text} at (0,0) size 12x18
                  text run at (0,0) width 18: "\x{304D}\x{308F}"
              LayoutRubyBase (anonymous) at (0,0) size 20x18
                LayoutInline {RB} at (0,0) size 19x16
                  LayoutText {#text} at (0,1) size 19x16
                    text run at (0,1) width 16: "\x{969B}"
          LayoutText {#text} at (1996,424) size 50x498
            text run at (1996,424) width 74: "\x{3069}\x{304F}\x{53F3}\x{3078}\x{5207}"
            text run at (2027,0) width 71: "\x{308C}\x{3066}\x{3001}\x{6A2A}\x{306B}"
          LayoutRuby (inline) {RUBY} at (0,0) size 19x33
            LayoutRubyRun (anonymous) at (2027,70.56) size 20x32
              LayoutRubyText {RT} at (-12,0) size 12x32
                LayoutText {#text} at (0,1) size 12x29
                  text run at (0,1) width 29: "\x{307F}\x{304A}\x{308D}"
              LayoutRubyBase (anonymous) at (0,0) size 20x32
                LayoutInline {RB} at (0,0) size 19x32
                  LayoutText {#text} at (0,0) size 19x32
                    text run at (0,0) width 32: "\x{898B}\x{4E0B}"
          LayoutText {#text} at (2027,102) size 19x43
            text run at (2027,102) width 42: "\x{3059}\x{3068}\x{3001}"
          LayoutRuby (inline) {RUBY} at (0,0) size 19x17
            LayoutRubyRun (anonymous) at (2027,144.13) size 20x16
              LayoutRubyText {RT} at (-12,0) size 12x16
                LayoutText {#text} at (0,3) size 12x10
                  text run at (0,3) width 9: "\x{306A}"
              LayoutRubyBase (anonymous) at (0,0) size 20x16
                LayoutInline {RB} at (0,0) size 19x16
                  LayoutText {#text} at (0,0) size 19x16
                    text run at (0,0) width 16: "\x{83DC}"
          LayoutText {#text} at (2027,160) size 50x491
            text run at (2027,160) width 331: "\x{306E}\x{82B1}\x{304C}\x{4E00}\x{9762}\x{306B}\x{898B}\x{3048}\x{308B}\x{3002}\x{96F2}\x{96C0}\x{306F}\x{3042}\x{3059}\x{3053}\x{3078}\x{843D}\x{3061}\x{308B}\x{306E}\x{304B}"
            text run at (2058,0) width 151: "\x{3068}\x{601D}\x{3063}\x{305F}\x{3002}\x{3044}\x{3044}\x{3084}\x{3001}\x{3042}\x{306E}"
          LayoutRuby (inline) {RUBY} at (0,0) size 19x33
            LayoutRubyRun (anonymous) at (2058,150.81) size 20x32
              LayoutRubyText {RT} at (-12,0) size 12x32
                LayoutText {#text} at (0,1) size 12x30
                  text run at (0,1) width 30: "\x{3053}\x{304C}\x{306D}"
              LayoutRubyBase (anonymous) at (0,0) size 20x32
                LayoutInline {RB} at (0,0) size 19x32
                  LayoutText {#text} at (0,0) size 19x32
                    text run at (0,0) width 32: "\x{9EC4}\x{91D1}"
          LayoutText {#text} at (2058,182) size 50x493
            text run at (2058,182) width 310: "\x{306E}\x{539F}\x{304B}\x{3089}\x{98DB}\x{3073}\x{4E0A}\x{304C}\x{3063}\x{3066}\x{304F}\x{308B}\x{306E}\x{304B}\x{3068}\x{601D}\x{3063}\x{305F}\x{3002}\x{6B21}\x{306B}"
            text run at (2089,0) width 121: "\x{306F}\x{843D}\x{3061}\x{308B}\x{96F2}\x{96C0}\x{3068}\x{3001}"
          LayoutRuby (inline) {RUBY} at (0,0) size 19x18
            LayoutRubyRun (anonymous) at (2089,120.44) size 20x17.55
              LayoutRubyText {RT} at (-12,0) size 12x17.55
                LayoutText {#text} at (0,0) size 12x18
                  text run at (0,0) width 18: "\x{3042}\x{304C}"
              LayoutRubyBase (anonymous) at (0,0) size 20x17.55
                LayoutInline {RB} at (0,0) size 19x17
                  LayoutText {#text} at (0,0) size 19x17
                    text run at (0,0) width 16: "\x{4E0A}"
          LayoutText {#text} at (2089,137) size 19x17
            text run at (2089,137) width 16: "\x{308B}"
          LayoutRuby (inline) {RUBY} at (0,0) size 19x33
            LayoutRubyRun (anonymous) at (2089,153.98) size 20x32
              LayoutRubyText {RT} at (-12,0) size 12x32
                LayoutText {#text} at (0,1) size 12x29
                  text run at (0,1) width 29: "\x{3072}\x{3070}\x{308A}"
              LayoutRubyBase (anonymous) at (0,0) size 20x32
                LayoutInline {RB} at (0,0) size 19x32
                  LayoutText {#text} at (0,0) size 19x32
                    text run at (0,0) width 32: "\x{96F2}\x{96C0}"
          LayoutText {#text} at (2089,185) size 50x499
            text run at (2089,185) width 313: "\x{304C}\x{5341}\x{6587}\x{5B57}\x{306B}\x{3059}\x{308C}\x{9055}\x{3046}\x{306E}\x{304B}\x{3068}\x{601D}\x{3063}\x{305F}\x{3002}\x{6700}\x{5F8C}\x{306B}\x{3001}\x{843D}"
            text run at (2120,0) width 243: "\x{3061}\x{308B}\x{6642}\x{3082}\x{3001}\x{4E0A}\x{308B}\x{6642}\x{3082}\x{3001}\x{307E}\x{305F}\x{5341}\x{6587}\x{5B57}\x{306B}"
          LayoutRuby (inline) {RUBY} at (0,0) size 19x17
            LayoutRubyRun (anonymous) at (2120,242.44) size 20x16
              LayoutRubyText {RT} at (-12,0) size 12x16
                LayoutText {#text} at (0,3) size 12x10
                  text run at (0,3) width 9: "\x{3059}"
              LayoutRubyBase (anonymous) at (0,0) size 20x16
                LayoutInline {RB} at (0,0) size 19x16
                  LayoutText {#text} at (0,0) size 19x16
                    text run at (0,0) width 16: "\x{64E6}"
          LayoutText {#text} at (2120,258) size 39x490
            text run at (2120,258) width 232: "\x{308C}\x{9055}\x{3046}\x{3068}\x{304D}\x{306B}\x{3082}\x{5143}\x{6C17}\x{3088}\x{304F}\x{9CF4}\x{304D}\x{3064}\x{3065}"
            text run at (2140,0) width 147: "\x{3051}\x{308B}\x{3060}\x{308D}\x{3046}\x{3068}\x{601D}\x{3063}\x{305F}\x{3002}"
          LayoutBR {BR} at (2140,146) size 19x1
          LayoutText {#text} at (2171,0) size 19x185
            text run at (2171,0) width 185: "\x{3000}\x{6625}\x{306F}\x{7720}\x{304F}\x{306A}\x{308B}\x{3002}\x{732B}\x{306F}\x{9F20}\x{3092}"
          LayoutRuby (inline) {RUBY} at (0,0) size 19x17
            LayoutRubyRun (anonymous) at (2171,184.44) size 20x16
              LayoutRubyText {RT} at (-12,0) size 12x16
                LayoutText {#text} at (0,4) size 12x9
                  text run at (0,4) width 9: "\x{3068}"
              LayoutRubyBase (anonymous) at (0,0) size 20x16
                LayoutInline {RB} at (0,0) size 19x16
                  LayoutText {#text} at (0,0) size 19x16
                    text run at (0,0) width 16: "\x{6355}"
          LayoutText {#text} at (2171,200) size 50x481
            text run at (2171,200) width 281: "\x{308B}\x{4E8B}\x{3092}\x{5FD8}\x{308C}\x{3001}\x{4EBA}\x{9593}\x{306F}\x{501F}\x{91D1}\x{306E}\x{3042}\x{308B}\x{4E8B}\x{3092}\x{5FD8}\x{308C}"
            text run at (2202,0) width 119: "\x{308B}\x{3002}\x{6642}\x{306B}\x{306F}\x{81EA}\x{5206}\x{306E}"
          LayoutRuby (inline) {RUBY} at (0,0) size 19x26
            LayoutRubyRun (anonymous) at (2202,114.38) size 20x33.33
              LayoutRubyText {RT} at (-12,0) size 12x33.33
                LayoutText {#text} at (0,0) size 12x34
                  text run at (0,0) width 34: "\x{305F}\x{307E}\x{3057}\x{3044}"
              LayoutRubyBase (anonymous) at (0,0) size 20x33.33
                LayoutInline {RB} at (0,0) size 19x17
                  LayoutText {#text} at (0,8) size 19x17
                    text run at (0,8) width 16: "\x{9B42}"
          LayoutText {#text} at (2202,143) size 19x16
            text run at (2202,143) width 15: "\x{306E}"
          LayoutRuby (inline) {RUBY} at (0,0) size 19x33
            LayoutRubyRun (anonymous) at (2202,158.14) size 20x32.48
              LayoutRubyText {RT} at (-12,0) size 12x32.48
                LayoutText {#text} at (0,0) size 12x33
                  text run at (0,0) width 33: "\x{3044}\x{3069}\x{3053}\x{308D}"
              LayoutRubyBase (anonymous) at (0,0) size 20x32.48
                LayoutInline {RB} at (0,0) size 19x33
                  LayoutText {#text} at (0,0) size 19x33
                    text run at (0,0) width 32: "\x{5C45}\x{6240}"
          LayoutText {#text} at (2202,190) size 50x500
            text run at (2202,190) width 309: "\x{3055}\x{3048}\x{5FD8}\x{308C}\x{3066}\x{6B63}\x{4F53}\x{306A}\x{304F}\x{306A}\x{308B}\x{3002}\x{305F}\x{3060}\x{83DC}\x{306E}\x{82B1}\x{3092}\x{9060}\x{304F}"
            text run at (2233,0) width 123: "\x{671B}\x{3093}\x{3060}\x{3068}\x{304D}\x{306B}\x{773C}\x{304C}"
          LayoutRuby (inline) {RUBY} at (0,0) size 19x16
            LayoutRubyRun (anonymous) at (2233,123) size 20x16
              LayoutRubyText {RT} at (-12,0) size 12x16
                LayoutText {#text} at (0,3) size 12x10
                  text run at (0,3) width 9: "\x{3055}"
              LayoutRubyBase (anonymous) at (0,0) size 20x16
                LayoutInline {RB} at (0,0) size 19x16
                  LayoutText {#text} at (0,0) size 19x16
                    text run at (0,0) width 16: "\x{9192}"
          LayoutText {#text} at (2233,139) size 19x303
            text run at (2233,139) width 303: "\x{3081}\x{308B}\x{3002}\x{96F2}\x{96C0}\x{306E}\x{58F0}\x{3092}\x{805E}\x{3044}\x{305F}\x{3068}\x{304D}\x{306B}\x{9B42}\x{306E}\x{3042}\x{308A}\x{304B}\x{304C}"
          LayoutRuby (inline) {RUBY} at (0,0) size 19x35
            LayoutRubyRun (anonymous) at (2233,441.19) size 20x34.50
              LayoutRubyText {RT} at (-12,0) size 12x34.50
                LayoutText {#text} at (0,0) size 12x35
                  text run at (0,0) width 35: "\x{306F}\x{3093}\x{305C}\x{3093}"
              LayoutRubyBase (anonymous) at (0,0) size 20x34.50
                LayoutInline {RB} at (0,0) size 19x34
                  LayoutText {#text} at (0,0) size 19x34
                    text run at (0,0) width 33: "\x{5224}\x{7136}"
          LayoutText {#text} at (2233,475) size 79x502
            text run at (2233,475) width 16: "\x{3059}"
            text run at (2253,0) width 493: "\x{308B}\x{3002}\x{96F2}\x{96C0}\x{306E}\x{9CF4}\x{304F}\x{306E}\x{306F}\x{53E3}\x{3067}\x{9CF4}\x{304F}\x{306E}\x{3067}\x{306F}\x{306A}\x{3044}\x{3001}\x{9B42}\x{5168}\x{4F53}\x{304C}\x{9CF4}\x{304F}\x{306E}\x{3060}\x{3002}\x{9B42}\x{306E}\x{6D3B}\x{52D5}\x{304C}"
            text run at (2273,0) width 502: "\x{58F0}\x{306B}\x{3042}\x{3089}\x{308F}\x{308C}\x{305F}\x{3082}\x{306E}\x{306E}\x{3046}\x{3061}\x{3067}\x{3001}\x{3042}\x{308C}\x{307B}\x{3069}\x{5143}\x{6C17}\x{306E}\x{3042}\x{308B}\x{3082}\x{306E}\x{306F}\x{306A}\x{3044}\x{3002}\x{3042}\x{3042}\x{6109}\x{5FEB}"
            text run at (2293,0) width 319: "\x{3060}\x{3002}\x{3053}\x{3046}\x{601D}\x{3063}\x{3066}\x{3001}\x{3053}\x{3046}\x{6109}\x{5FEB}\x{306B}\x{306A}\x{308B}\x{306E}\x{304C}\x{8A69}\x{3067}\x{3042}\x{308B}\x{3002}"
          LayoutBR {BR} at (2293,318) size 19x1
          LayoutText {#text} at (2313,0) size 50x494
            text run at (2313,0) width 494: "\x{3000}\x{305F}\x{3061}\x{307E}\x{3061}\x{30B7}\x{30A7}\x{30EC}\x{30FC}\x{306E}\x{96F2}\x{96C0}\x{306E}\x{8A69}\x{3092}\x{601D}\x{3044}\x{51FA}\x{3057}\x{3066}\x{3001}\x{53E3}\x{306E}\x{3046}\x{3061}\x{3067}\x{899A}\x{3048}\x{305F}\x{3068}\x{3053}\x{308D}\x{3060}"
            text run at (2344,0) width 15: "\x{3051}"
          LayoutRuby (inline) {RUBY} at (0,0) size 19x39
            LayoutRubyRun (anonymous) at (2344,12.56) size 20x41.91
              LayoutRubyText {RT} at (-12,0) size 12x41.91
                LayoutText {#text} at (0,0) size 12x42
                  text run at (0,0) width 42: "\x{3042}\x{3093}\x{3057}\x{3087}\x{3046}"
              LayoutRubyBase (anonymous) at (0,0) size 20x41.91
                LayoutInline {RB} at (0,0) size 19x37
                  LayoutText {#text} at (0,2) size 19x37
                    text run at (0,2) width 36: "\x{6697}\x{8AA6}"
          LayoutText {#text} at (2344,52) size 39x497
            text run at (2344,52) width 444: "\x{3057}\x{3066}\x{898B}\x{305F}\x{304C}\x{3001}\x{899A}\x{3048}\x{3066}\x{3044}\x{308B}\x{3068}\x{3053}\x{308D}\x{306F}\x{4E8C}\x{4E09}\x{53E5}\x{3057}\x{304B}\x{306A}\x{304B}\x{3063}\x{305F}\x{3002}\x{305D}\x{306E}\x{4E8C}\x{4E09}\x{53E5}"
            text run at (2364,0) width 177: "\x{306E}\x{306A}\x{304B}\x{306B}\x{3053}\x{3093}\x{306A}\x{306E}\x{304C}\x{3042}\x{308B}\x{3002}"
          LayoutBR {BR} at (2364,176) size 19x1
        LayoutBlockFlow {DIV} at (2384,32) size 100x472
          LayoutText {#text} at (0,0) size 19x185
            text run at (0,0) width 185: "\x{3000}\x{3000}We look before and after"
          LayoutBR {BR} at (0,185) size 19x0
          LayoutText {#text} at (20,0) size 19x212
            text run at (20,0) width 212: "\x{3000}\x{3000}\x{3000}\x{3000}And pine for what is not:"
          LayoutBR {BR} at (20,212) size 19x0
          LayoutText {#text} at (40,0) size 19x163
            text run at (40,0) width 163: "\x{3000}\x{3000}Our sincerest laughter"
          LayoutBR {BR} at (40,163) size 19x0
          LayoutText {#text} at (60,0) size 19x220
            text run at (60,0) width 220: "\x{3000}\x{3000}\x{3000}\x{3000}With some pain is fraught;"
          LayoutBR {BR} at (60,220) size 19x0
          LayoutText {#text} at (80,0) size 19x342
            text run at (80,0) width 342: "Our sweetest songs are those that tell of saddest thought."
          LayoutBR {BR} at (80,342) size 19x0
        LayoutBlockFlow (anonymous) at (2484,0) size 1716x504
          LayoutText {#text} at (12,0) size 19x103
            text run at (12,0) width 103: "\x{300C}\x{524D}\x{3092}\x{307F}\x{3066}\x{306F}\x{3001}"
          LayoutRuby (inline) {RUBY} at (0,0) size 19x18
            LayoutRubyRun (anonymous) at (12,102.38) size 20x17.13
              LayoutRubyText {RT} at (-12,0) size 12x17.13
                LayoutText {#text} at (0,0) size 12x18
                  text run at (0,0) width 18: "\x{3057}\x{308A}"
              LayoutRubyBase (anonymous) at (0,0) size 20x17.13
                LayoutInline {RB} at (0,0) size 19x17
                  LayoutText {#text} at (0,0) size 19x17
                    text run at (0,0) width 16: "\x{5F8C}"
          LayoutText {#text} at (12,119) size 19x88
            text run at (12,119) width 87: "\x{3048}\x{3092}\x{898B}\x{3066}\x{306F}\x{3001}"
          LayoutRuby (inline) {RUBY} at (0,0) size 19x33
            LayoutRubyRun (anonymous) at (12,206.50) size 20x32
              LayoutRubyText {RT} at (-12,0) size 12x32
                LayoutText {#text} at (0,1) size 12x30
                  text run at (0,1) width 30: "\x{3082}\x{306E}\x{307B}"
              LayoutRubyBase (anonymous) at (0,0) size 20x32
                LayoutInline {RB} at (0,0) size 19x32
                  LayoutText {#text} at (0,0) size 19x32
                    text run at (0,0) width 32: "\x{7269}\x{6B32}"
          LayoutText {#text} at (12,238) size 50x502
            text run at (12,238) width 263: "\x{3057}\x{3068}\x{3001}\x{3042}\x{3053}\x{304C}\x{308B}\x{308B}\x{304B}\x{306A}\x{308F}\x{308C}\x{3002}\x{8179}\x{304B}\x{3089}\x{306E}\x{3001}"
            text run at (43,0) width 355: "\x{7B11}\x{3068}\x{3044}\x{3048}\x{3069}\x{3001}\x{82E6}\x{3057}\x{307F}\x{306E}\x{3001}\x{305D}\x{3053}\x{306B}\x{3042}\x{308B}\x{3079}\x{3057}\x{3002}\x{3046}\x{3064}\x{304F}\x{3057}\x{304D}\x{3001}"
          LayoutRuby (inline) {RUBY} at (0,0) size 19x17
            LayoutRubyRun (anonymous) at (43,353.38) size 20x18
              LayoutRubyText {RT} at (-12,0) size 12x18
                LayoutText {#text} at (0,0) size 12x18
                  text run at (0,0) width 18: "\x{304D}\x{308F}"
              LayoutRubyBase (anonymous) at (0,0) size 20x18
                LayoutInline {RB} at (0,0) size 19x16
                  LayoutText {#text} at (0,1) size 19x16
                    text run at (0,1) width 16: "\x{6975}"
          LayoutText {#text} at (43,370) size 50x488
            text run at (43,370) width 117: "\x{307F}\x{306E}\x{6B4C}\x{306B}\x{3001}\x{60B2}\x{3057}\x{3055}"
            text run at (74,0) width 71: "\x{306E}\x{3001}\x{6975}\x{307F}\x{306E}"
          LayoutRuby (inline) {RUBY} at (0,0) size 19x18
            LayoutRubyRun (anonymous) at (74,66.25) size 20x25.22
              LayoutRubyText {RT} at (-12,0) size 12x25.22
                LayoutText {#text} at (0,0) size 12x26
                  text run at (0,0) width 26: "\x{304A}\x{3082}\x{3044}"
              LayoutRubyBase (anonymous) at (0,0) size 20x25.22
                LayoutInline {RB} at (0,0) size 19x17
                  LayoutText {#text} at (0,4) size 19x17
                    text run at (0,4) width 16: "\x{60F3}"
          LayoutText {#text} at (74,87) size 19x17
            text run at (74,87) width 16: "\x{3001}"
          LayoutRuby (inline) {RUBY} at (0,0) size 19x18
            LayoutRubyRun (anonymous) at (74,103.47) size 20x16.81
              LayoutRubyText {RT} at (-12,0) size 12x16.81
                LayoutText {#text} at (0,0) size 12x17
                  text run at (0,0) width 17: "\x{3053}\x{3082}"
              LayoutRubyBase (anonymous) at (0,0) size 20x16.81
                LayoutInline {RB} at (0,0) size 19x17
                  LayoutText {#text} at (0,0) size 19x17
                    text run at (0,0) width 16: "\x{7C60}"
          LayoutText {#text} at (74,120) size 19x88
            text run at (74,120) width 87: "\x{308B}\x{3068}\x{305E}\x{77E5}\x{308C}\x{300D}"
          LayoutBR {BR} at (74,207) size 19x1
          LayoutText {#text} at (94,0) size 50x495
            text run at (94,0) width 495: "\x{3000}\x{306A}\x{308B}\x{307B}\x{3069}\x{3044}\x{304F}\x{3089}\x{8A69}\x{4EBA}\x{304C}\x{5E78}\x{798F}\x{3067}\x{3082}\x{3001}\x{3042}\x{306E}\x{96F2}\x{96C0}\x{306E}\x{3088}\x{3046}\x{306B}\x{601D}\x{3044}\x{5207}\x{3063}\x{3066}\x{3001}\x{4E00}\x{5FC3}\x{4E0D}"
            text run at (125,0) width 272: "\x{4E71}\x{306B}\x{3001}\x{524D}\x{5F8C}\x{3092}\x{5FD8}\x{5374}\x{3057}\x{3066}\x{3001}\x{308F}\x{304C}\x{559C}\x{3073}\x{3092}\x{6B4C}\x{3046}"
          LayoutRuby (inline) {RUBY} at (0,0) size 19x18
            LayoutRubyRun (anonymous) at (125,271.13) size 20x17.20
              LayoutRubyText {RT} at (-12,0) size 12x17.20
                LayoutText {#text} at (0,0) size 12x18
                  text run at (0,0) width 18: "\x{308F}\x{3051}"
              LayoutRubyBase (anonymous) at (0,0) size 20x17.20
                LayoutInline {RB} at (0,0) size 19x17
                  LayoutText {#text} at (0,0) size 19x17
                    text run at (0,0) width 16: "\x{8A33}"
          LayoutText {#text} at (125,288) size 50x499
            text run at (125,288) width 210: "\x{306B}\x{306F}\x{884C}\x{304F}\x{307E}\x{3044}\x{3002}\x{897F}\x{6D0B}\x{306E}\x{8A69}\x{306F}\x{7121}\x{8AD6}"
            text run at (156,0) width 181: "\x{306E}\x{4E8B}\x{3001}\x{652F}\x{90A3}\x{306E}\x{8A69}\x{306B}\x{3082}\x{3001}\x{3088}\x{304F}"
          LayoutRuby (inline) {RUBY} at (0,0) size 19x35
            LayoutRubyRun (anonymous) at (156,180.44) size 20x33.86
              LayoutRubyText {RT} at (-12,0) size 12x33.86
                LayoutText {#text} at (0,0) size 12x34
                  text run at (0,0) width 34: "\x{3070}\x{3093}\x{3053}\x{304F}"
              LayoutRubyBase (anonymous) at (0,0) size 20x33.86
                LayoutInline {RB} at (0,0) size 19x33
                  LayoutText {#text} at (0,0) size 19x33
                    text run at (0,0) width 32: "\x{4E07}\x{659B}"
          LayoutText {#text} at (156,214) size 19x15
            text run at (156,214) width 15: "\x{306E}"
          LayoutRuby (inline) {RUBY} at (0,0) size 19x19
            LayoutRubyRun (anonymous) at (156,224.73) size 20x25.39
              LayoutRubyText {RT} at (-12,0) size 12x25.39
                LayoutText {#text} at (0,0) size 12x26
                  text run at (0,0) width 26: "\x{3046}\x{308C}\x{3044}"
              LayoutRubyBase (anonymous) at (0,0) size 20x25.39
                LayoutInline {RB} at (0,0) size 19x17
                  LayoutText {#text} at (0,4) size 19x17
                    text run at (0,4) width 16: "\x{6101}"
          LayoutText {#text} at (156,246) size 50x493
            text run at (156,246) width 247: "\x{306A}\x{3069}\x{3068}\x{4E91}\x{3046}\x{5B57}\x{304C}\x{3042}\x{308B}\x{3002}\x{8A69}\x{4EBA}\x{3060}\x{304B}\x{3089}\x{4E07}"
            text run at (187,0) width 31: "\x{659B}\x{3067}"
          LayoutRuby (inline) {RUBY} at (0,0) size 19x35
            LayoutRubyRun (anonymous) at (187,30.44) size 20x34.36
              LayoutRubyText {RT} at (-12,0) size 12x34.36
                LayoutText {#text} at (0,0) size 12x35
                  text run at (0,0) width 35: "\x{3057}\x{308D}\x{3046}\x{3068}"
              LayoutRubyBase (anonymous) at (0,0) size 20x34.36
                LayoutInline {RB} at (0,0) size 19x34
                  LayoutText {#text} at (0,0) size 19x34
                    text run at (0,0) width 33: "\x{7D20}\x{4EBA}"
          LayoutText {#text} at (187,64) size 19x49
            text run at (187,64) width 48: "\x{306A}\x{3089}\x{4E00}"
          LayoutRuby (inline) {RUBY} at (0,0) size 19x19
            LayoutRubyRun (anonymous) at (187,112.80) size 20x17.66
              LayoutRubyText {RT} at (-12,0) size 12x17.66
                LayoutText {#text} at (0,0) size 12x18
                  text run at (0,0) width 18: "\x{3054}\x{3046}"
              LayoutRubyBase (anonymous) at (0,0) size 20x17.66
                LayoutInline {RB} at (0,0) size 19x17
                  LayoutText {#text} at (0,0) size 19x17
                    text run at (0,0) width 16: "\x{5408}"
          LayoutText {#text} at (187,130) size 50x498
            text run at (187,130) width 367: "\x{3067}\x{6E08}\x{3080}\x{304B}\x{3082}\x{77E5}\x{308C}\x{306C}\x{3002}\x{3057}\x{3066}\x{898B}\x{308B}\x{3068}\x{8A69}\x{4EBA}\x{306F}\x{5E38}\x{306E}\x{4EBA}\x{3088}\x{308A}\x{3082}\x{82E6}"
            text run at (218,0) width 58: "\x{52B4}\x{6027}\x{3067}\x{3001}"
          LayoutRuby (inline) {RUBY} at (0,0) size 19x33
            LayoutRubyRun (anonymous) at (218,57.06) size 20x32
              LayoutRubyText {RT} at (-12,0) size 12x32
                LayoutText {#text} at (0,0) size 12x32
                  text run at (0,0) width 32: "\x{307C}\x{3093}\x{3053}\x{3064}"
              LayoutRubyBase (anonymous) at (0,0) size 20x32
                LayoutInline {RB} at (0,0) size 19x32
                  LayoutText {#text} at (0,0) size 19x32
                    text run at (0,0) width 32: "\x{51E1}\x{9AA8}"
          LayoutText {#text} at (218,89) size 50x490
            text run at (218,89) width 401: "\x{306E}\x{500D}\x{4EE5}\x{4E0A}\x{306B}\x{795E}\x{7D4C}\x{304C}\x{92ED}\x{654F}\x{306A}\x{306E}\x{304B}\x{3082}\x{77E5}\x{308C}\x{3093}\x{3002}\x{8D85}\x{4FD7}\x{306E}\x{559C}\x{3073}\x{3082}\x{3042}\x{308D}"
            text run at (249,0) width 89: "\x{3046}\x{304C}\x{3001}\x{7121}\x{91CF}\x{306E}"
          LayoutRuby (inline) {RUBY} at (0,0) size 19x27
            LayoutRubyRun (anonymous) at (249,84.25) size 20x33.97
              LayoutRubyText {RT} at (-12,0) size 12x33.97
                LayoutText {#text} at (0,0) size 12x35
                  text run at (0,0) width 34: "\x{304B}\x{306A}\x{3057}\x{307F}"
              LayoutRubyBase (anonymous) at (0,0) size 20x33.97
                LayoutInline {RB} at (0,0) size 19x17
                  LayoutText {#text} at (0,8) size 19x17
                    text run at (0,8) width 16: "\x{60B2}"
          LayoutText {#text} at (249,114) size 19x350
            text run at (249,114) width 350: "\x{3082}\x{591A}\x{304B}\x{308D}\x{3046}\x{3002}\x{305D}\x{3093}\x{306A}\x{3089}\x{3070}\x{8A69}\x{4EBA}\x{306B}\x{306A}\x{308B}\x{306E}\x{3082}\x{8003}\x{3048}\x{7269}\x{3060}\x{3002}"
          LayoutBR {BR} at (249,463) size 19x1
          LayoutText {#text} at (280,0) size 19x125
            text run at (280,0) width 125: "\x{3000}\x{3057}\x{3070}\x{3089}\x{304F}\x{306F}\x{8DEF}\x{304C}"
          LayoutRuby (inline) {RUBY} at (0,0) size 19x18
            LayoutRubyRun (anonymous) at (280,120.38) size 20x25.22
              LayoutRubyText {RT} at (-12,0) size 12x25.22
                LayoutText {#text} at (0,0) size 12x26
                  text run at (0,0) width 26: "\x{305F}\x{3044}\x{3089}"
              LayoutRubyBase (anonymous) at (0,0) size 20x25.22
                LayoutInline {RB} at (0,0) size 19x17
                  LayoutText {#text} at (0,4) size 19x17
                    text run at (0,4) width 16: "\x{5E73}"
          LayoutText {#text} at (280,141) size 19x57
            text run at (280,141) width 57: "\x{3067}\x{3001}\x{53F3}\x{306F}"
          LayoutRuby (inline) {RUBY} at (0,0) size 19x49
            LayoutRubyRun (anonymous) at (280,197.84) size 20x48
              LayoutRubyText {RT} at (-12,0) size 12x48
                LayoutText {#text} at (0,0) size 12x48
                  text run at (0,0) width 48: "\x{305E}\x{3046}\x{304D}\x{3084}\x{307E}"
              LayoutRubyBase (anonymous) at (0,0) size 20x48
                LayoutInline {RB} at (0,0) size 19x48
                  LayoutText {#text} at (0,0) size 19x48
                    text run at (0,0) width 48: "\x{96D1}\x{6728}\x{5C71}"
          LayoutText {#text} at (280,245) size 50x500
            text run at (280,245) width 254: "\x{3001}\x{5DE6}\x{306F}\x{83DC}\x{306E}\x{82B1}\x{306E}\x{898B}\x{3064}\x{3065}\x{3051}\x{3067}\x{3042}\x{308B}\x{3002}\x{8DB3}\x{306E}"
            text run at (311,0) width 63: "\x{4E0B}\x{306B}\x{6642}\x{3005}"
          LayoutRuby (inline) {RUBY} at (0,0) size 19x49
            LayoutRubyRun (anonymous) at (311,62.13) size 20x48
              LayoutRubyText {RT} at (-12,0) size 12x48
                LayoutText {#text} at (0,1) size 12x45
                  text run at (0,1) width 44: "\x{305F}\x{3093}\x{307D}\x{307D}"
              LayoutRubyBase (anonymous) at (0,0) size 20x48
                LayoutInline {RB} at (0,0) size 19x48
                  LayoutText {#text} at (0,0) size 19x48
                    text run at (0,0) width 48: "\x{84B2}\x{516C}\x{82F1}"
          LayoutText {#text} at (311,110) size 19x101
            text run at (311,110) width 101: "\x{3092}\x{8E0F}\x{307F}\x{3064}\x{3051}\x{308B}\x{3002}"
          LayoutRuby (inline) {RUBY} at (0,0) size 19x27
            LayoutRubyRun (anonymous) at (311,206.63) size 20x33.75
              LayoutRubyText {RT} at (-12,0) size 12x33.75
                LayoutText {#text} at (0,0) size 12x34
                  text run at (0,0) width 34: "\x{306E}\x{3053}\x{304E}\x{308A}"
              LayoutRubyBase (anonymous) at (0,0) size 20x33.75
                LayoutInline {RB} at (0,0) size 19x17
                  LayoutText {#text} at (0,8) size 19x17
                    text run at (0,8) width 16: "\x{92F8}"
          LayoutText {#text} at (311,236) size 50x495
            text run at (311,236) width 258: "\x{306E}\x{3088}\x{3046}\x{306A}\x{8449}\x{304C}\x{9060}\x{616E}\x{306A}\x{304F}\x{56DB}\x{65B9}\x{3078}\x{306E}\x{3057}\x{3066}\x{771F}"
            text run at (342,0) width 79: "\x{4E2D}\x{306B}\x{9EC4}\x{8272}\x{306A}"
          LayoutRuby (inline) {RUBY} at (0,0) size 19x18
            LayoutRubyRun (anonymous) at (342,78.13) size 20x17.66
              LayoutRubyText {RT} at (-12,0) size 12x17.66
                LayoutText {#text} at (0,0) size 12x18
                  text run at (0,0) width 18: "\x{305F}\x{307E}"
              LayoutRubyBase (anonymous) at (0,0) size 20x17.66
                LayoutInline {RB} at (0,0) size 19x17
                  LayoutText {#text} at (0,0) size 19x17
                    text run at (0,0) width 16: "\x{73E0}"
          LayoutText {#text} at (342,95) size 70x493
            text run at (342,95) width 385: "\x{3092}\x{64C1}\x{8B77}\x{3057}\x{3066}\x{3044}\x{308B}\x{3002}\x{83DC}\x{306E}\x{82B1}\x{306B}\x{6C17}\x{3092}\x{3068}\x{3089}\x{308C}\x{3066}\x{3001}\x{8E0F}\x{307F}\x{3064}\x{3051}\x{305F}\x{3042}\x{3068}"
            text run at (362,0) width 493: "\x{3067}\x{3001}\x{6C17}\x{306E}\x{6BD2}\x{306A}\x{4E8B}\x{3092}\x{3057}\x{305F}\x{3068}\x{3001}\x{632F}\x{308A}\x{5411}\x{3044}\x{3066}\x{898B}\x{308B}\x{3068}\x{3001}\x{9EC4}\x{8272}\x{306A}\x{73E0}\x{306F}\x{4F9D}\x{7136}\x{3068}\x{3057}\x{3066}\x{92F8}\x{306E}"
            text run at (393,0) width 45: "\x{306A}\x{304B}\x{306B}"
          LayoutRuby (inline) {RUBY} at (0,0) size 19x32
            LayoutRubyRun (anonymous) at (393,45) size 20x32
              LayoutRubyText {RT} at (-12,0) size 12x32
                LayoutText {#text} at (0,1) size 12x30
                  text run at (0,1) width 30: "\x{3061}\x{3093}\x{3056}"
              LayoutRubyBase (anonymous) at (0,0) size 20x32
                LayoutInline {RB} at (0,0) size 19x32
                  LayoutText {#text} at (0,0) size 19x32
                    text run at (0,0) width 32: "\x{93AE}\x{5EA7}"
          LayoutText {#text} at (393,77) size 19x69
            text run at (393,77) width 69: "\x{3057}\x{3066}\x{3044}\x{308B}\x{3002}"
          LayoutRuby (inline) {RUBY} at (0,0) size 19x33
            LayoutRubyRun (anonymous) at (393,145.31) size 20x32
              LayoutRubyText {RT} at (-12,0) size 12x32
                LayoutText {#text} at (0,1) size 12x30
                  text run at (0,1) width 30: "\x{306E}\x{3093}\x{304D}"
              LayoutRubyBase (anonymous) at (0,0) size 20x32
                LayoutInline {RB} at (0,0) size 19x32
                  LayoutText {#text} at (0,0) size 19x32
                    text run at (0,0) width 32: "\x{5451}\x{6C17}"
          LayoutText {#text} at (393,177) size 19x221
            text run at (393,177) width 220: "\x{306A}\x{3082}\x{306E}\x{3060}\x{3002}\x{307E}\x{305F}\x{8003}\x{3048}\x{3092}\x{3064}\x{3065}\x{3051}\x{308B}\x{3002}"
          LayoutBR {BR} at (393,397) size 19x1
          LayoutText {#text} at (424,0) size 19x63
            text run at (424,0) width 63: "\x{3000}\x{8A69}\x{4EBA}\x{306B}"
          LayoutRuby (inline) {RUBY} at (0,0) size 19x18
            LayoutRubyRun (anonymous) at (424,58.13) size 20x25.39
              LayoutRubyText {RT} at (-12,0) size 12x25.39
                LayoutText {#text} at (0,0) size 12x26
                  text run at (0,0) width 26: "\x{3046}\x{308C}\x{3044}"
              LayoutRubyBase (anonymous) at (0,0) size 20x25.39
                LayoutInline {RB} at (0,0) size 19x17
                  LayoutText {#text} at (0,4) size 19x17
                    text run at (0,4) width 16: "\x{6182}"
          LayoutText {#text} at (424,79) size 19x223
            text run at (424,79) width 223: "\x{306F}\x{3064}\x{304D}\x{3082}\x{306E}\x{304B}\x{3082}\x{77E5}\x{308C}\x{306A}\x{3044}\x{304C}\x{3001}\x{3042}\x{306E}"
          LayoutRuby (inline) {RUBY} at (0,0) size 19x33
            LayoutRubyRun (anonymous) at (424,301.95) size 20x32
              LayoutRubyText {RT} at (-12,0) size 12x32
                LayoutText {#text} at (0,1) size 12x29
                  text run at (0,1) width 29: "\x{3072}\x{3070}\x{308A}"
              LayoutRubyBase (anonymous) at (0,0) size 20x32
                LayoutInline {RB} at (0,0) size 19x32
                  LayoutText {#text} at (0,0) size 19x32
                    text run at (0,0) width 32: "\x{96F2}\x{96C0}"
          LayoutText {#text} at (424,333) size 19x143
            text run at (424,333) width 142: "\x{3092}\x{805E}\x{304F}\x{5FC3}\x{6301}\x{306B}\x{306A}\x{308C}\x{3070}"
          LayoutRuby (inline) {RUBY} at (0,0) size 19x32
            LayoutRubyRun (anonymous) at (455,0) size 20x32
              LayoutRubyText {RT} at (-12,0) size 12x32
                LayoutText {#text} at (0,1) size 12x30
                  text run at (0,1) width 30: "\x{307F}\x{3058}\x{3093}"
              LayoutRubyBase (anonymous) at (0,0) size 20x32
                LayoutInline {RB} at (0,0) size 19x32
                  LayoutText {#text} at (0,0) size 19x32
                    text run at (0,0) width 32: "\x{5FAE}\x{5875}"
          LayoutText {#text} at (455,32) size 19x15
            text run at (455,32) width 15: "\x{306E}"
          LayoutRuby (inline) {RUBY} at (0,0) size 19x17
            LayoutRubyRun (anonymous) at (455,46.44) size 20x16
              LayoutRubyText {RT} at (-12,0) size 12x16
                LayoutText {#text} at (0,4) size 12x9
                  text run at (0,4) width 9: "\x{304F}"
              LayoutRubyBase (anonymous) at (0,0) size 20x16
                LayoutInline {RB} at (0,0) size 19x16
                  LayoutText {#text} at (0,0) size 19x16
                    text run at (0,0) width 16: "\x{82E6}"
          LayoutText {#text} at (455,62) size 19x314
            text run at (455,62) width 314: "\x{3082}\x{306A}\x{3044}\x{3002}\x{83DC}\x{306E}\x{82B1}\x{3092}\x{898B}\x{3066}\x{3082}\x{3001}\x{305F}\x{3060}\x{3046}\x{308C}\x{3057}\x{304F}\x{3066}\x{80F8}\x{304C}"
          LayoutRuby (inline) {RUBY} at (0,0) size 19x19
            LayoutRubyRun (anonymous) at (455,375.63) size 20x17.48
              LayoutRubyText {RT} at (-12,0) size 12x17.48
                LayoutText {#text} at (0,0) size 12x18
                  text run at (0,0) width 18: "\x{304A}\x{3069}"
              LayoutRubyBase (anonymous) at (0,0) size 20x17.48
                LayoutInline {RB} at (0,0) size 19x17
                  LayoutText {#text} at (0,0) size 19x17
                    text run at (0,0) width 16: "\x{8E8D}"
          LayoutText {#text} at (455,393) size 70x498
            text run at (455,393) width 105: "\x{308B}\x{3070}\x{304B}\x{308A}\x{3060}\x{3002}\x{84B2}"
            text run at (475,0) width 489: "\x{516C}\x{82F1}\x{3082}\x{305D}\x{306E}\x{901A}\x{308A}\x{3001}\x{685C}\x{3082}\x{2015}\x{2015}\x{685C}\x{306F}\x{3044}\x{3064}\x{304B}\x{898B}\x{3048}\x{306A}\x{304F}\x{306A}\x{3063}\x{305F}\x{3002}\x{3053}\x{3046}\x{5C71}\x{306E}\x{4E2D}\x{3078}\x{6765}\x{3066}"
            text run at (506,0) width 47: "\x{81EA}\x{7136}\x{306E}"
          LayoutRuby (inline) {RUBY} at (0,0) size 19x33
            LayoutRubyRun (anonymous) at (506,46.44) size 20x32
              LayoutRubyText {RT} at (-12,0) size 12x32
                LayoutText {#text} at (0,0) size 12x32
                  text run at (0,0) width 31: "\x{3051}\x{3044}\x{3076}\x{3064}"
              LayoutRubyBase (anonymous) at (0,0) size 20x32
                LayoutInline {RB} at (0,0) size 19x32
                  LayoutText {#text} at (0,0) size 19x32
                    text run at (0,0) width 32: "\x{666F}\x{7269}"
          LayoutText {#text} at (506,78) size 50x501
            text run at (506,78) width 423: "\x{306B}\x{63A5}\x{3059}\x{308C}\x{3070}\x{3001}\x{898B}\x{308B}\x{3082}\x{306E}\x{3082}\x{805E}\x{304F}\x{3082}\x{306E}\x{3082}\x{9762}\x{767D}\x{3044}\x{3002}\x{9762}\x{767D}\x{3044}\x{3060}\x{3051}\x{3067}\x{5225}\x{6BB5}"
            text run at (537,0) width 260: "\x{306E}\x{82E6}\x{3057}\x{307F}\x{3082}\x{8D77}\x{3089}\x{306C}\x{3002}\x{8D77}\x{308B}\x{3068}\x{3059}\x{308C}\x{3070}\x{8DB3}\x{304C}"
          LayoutRuby (inline) {RUBY} at (0,0) size 19x33
            LayoutRubyRun (anonymous) at (537,259.56) size 20x32
              LayoutRubyText {RT} at (-12,0) size 12x32
                LayoutText {#text} at (0,1) size 12x30
                  text run at (0,1) width 30: "\x{304F}\x{305F}\x{3073}"
              LayoutRubyBase (anonymous) at (0,0) size 20x32
                LayoutInline {RB} at (0,0) size 19x32
                  LayoutText {#text} at (0,0) size 19x32
                    text run at (0,0) width 32: "\x{8349}\x{81E5}"
          LayoutText {#text} at (537,291) size 19x41
            text run at (537,291) width 41: "\x{308C}\x{3066}\x{3001}"
          LayoutRuby (inline) {RUBY} at (0,0) size 19x18
            LayoutRubyRun (anonymous) at (537,332) size 20x17.83
              LayoutRubyText {RT} at (-12,0) size 12x17.83
                LayoutText {#text} at (0,0) size 12x19
                  text run at (0,0) width 18: "\x{3046}\x{307E}"
              LayoutRubyBase (anonymous) at (0,0) size 20x17.83
                LayoutInline {RB} at (0,0) size 19x17
                  LayoutText {#text} at (0,0) size 19x17
                    text run at (0,0) width 16: "\x{65E8}"
          LayoutText {#text} at (537,349) size 39x500
            text run at (537,349) width 150: "\x{3044}\x{3082}\x{306E}\x{304C}\x{98DF}\x{3079}\x{3089}\x{308C}\x{306C}\x{304F}"
            text run at (557,0) width 118: "\x{3089}\x{3044}\x{306E}\x{4E8B}\x{3060}\x{308D}\x{3046}\x{3002}"
          LayoutBR {BR} at (557,117) size 19x1
          LayoutText {#text} at (588,0) size 19x393
            text run at (588,0) width 393: "\x{3000}\x{3057}\x{304B}\x{3057}\x{82E6}\x{3057}\x{307F}\x{306E}\x{306A}\x{3044}\x{306E}\x{306F}\x{306A}\x{305C}\x{3060}\x{308D}\x{3046}\x{3002}\x{305F}\x{3060}\x{3053}\x{306E}\x{666F}\x{8272}\x{3092}\x{4E00}"
          LayoutRuby (inline) {RUBY} at (0,0) size 19x18
            LayoutRubyRun (anonymous) at (588,392.44) size 20x17.34
              LayoutRubyText {RT} at (-12,0) size 12x17.34
                LayoutText {#text} at (0,0) size 12x18
                  text run at (0,0) width 18: "\x{3077}\x{304F}"
              LayoutRubyBase (anonymous) at (0,0) size 20x17.34
                LayoutInline {RB} at (0,0) size 19x17
                  LayoutText {#text} at (0,0) size 19x17
                    text run at (0,0) width 16: "\x{5E45}"
          LayoutText {#text} at (588,409) size 19x16
            text run at (588,409) width 15: "\x{306E}"
          LayoutRuby (inline) {RUBY} at (0,0) size 19x17
            LayoutRubyRun (anonymous) at (588,424.22) size 20x16
              LayoutRubyText {RT} at (-12,0) size 12x16
                LayoutText {#text} at (0,4) size 12x9
                  text run at (0,4) width 9: "\x{3048}"
              LayoutRubyBase (anonymous) at (0,0) size 20x16
                LayoutInline {RB} at (0,0) size 19x16
                  LayoutText {#text} at (0,0) size 19x16
                    text run at (0,0) width 16: "\x{753B}"
          LayoutText {#text} at (588,440) size 19x44
            text run at (588,440) width 44: "\x{3068}\x{3057}\x{3066}"
          LayoutRuby (inline) {RUBY} at (0,0) size 19x16
            LayoutRubyRun (anonymous) at (619,0) size 20x16
              LayoutRubyText {RT} at (-12,0) size 12x16
                LayoutText {#text} at (0,4) size 12x9
                  text run at (0,4) width 9: "\x{307F}"
              LayoutRubyBase (anonymous) at (0,0) size 20x16
                LayoutInline {RB} at (0,0) size 19x16
                  LayoutText {#text} at (0,0) size 19x16
                    text run at (0,0) width 16: "\x{89B3}"
          LayoutText {#text} at (619,16) size 19x32
            text run at (619,16) width 32: "\x{3001}\x{4E00}"
          LayoutRuby (inline) {RUBY} at (0,0) size 19x17
            LayoutRubyRun (anonymous) at (619,48) size 20x16.84
              LayoutRubyText {RT} at (-12,0) size 12x16.84
                LayoutText {#text} at (0,0) size 12x18
                  text run at (0,0) width 17: "\x{304B}\x{3093}"
              LayoutRubyBase (anonymous) at (0,0) size 20x16.84
                LayoutInline {RB} at (0,0) size 19x17
                  LayoutText {#text} at (0,0) size 19x17
                    text run at (0,0) width 16: "\x{5DFB}"
          LayoutText {#text} at (619,64) size 19x195
            text run at (619,64) width 194: "\x{306E}\x{8A69}\x{3068}\x{3057}\x{3066}\x{8AAD}\x{3080}\x{304B}\x{3089}\x{3067}\x{3042}\x{308B}\x{3002}"
          LayoutRuby (inline) {RUBY} at (0,0) size 19x17
            LayoutRubyRun (anonymous) at (619,258.41) size 20x16
              LayoutRubyText {RT} at (-12,0) size 12x16
                LayoutText {#text} at (0,4) size 12x9
                  text run at (0,4) width 9: "\x{304C}"
              LayoutRubyBase (anonymous) at (0,0) size 20x16
                LayoutInline {RB} at (0,0) size 19x16
                  LayoutText {#text} at (0,0) size 19x16
                    text run at (0,0) width 16: "\x{753B}"
          LayoutText {#text} at (619,274) size 19x157
            text run at (619,274) width 156: "\x{3067}\x{3042}\x{308A}\x{8A69}\x{3067}\x{3042}\x{308B}\x{4EE5}\x{4E0A}\x{306F}"
          LayoutRuby (inline) {RUBY} at (0,0) size 19x33
            LayoutRubyRun (anonymous) at (619,430.16) size 20x32
              LayoutRubyText {RT} at (-12,0) size 12x32
                LayoutText {#text} at (0,1) size 12x30
                  text run at (0,1) width 30: "\x{3058}\x{3081}\x{3093}"
              LayoutRubyBase (anonymous) at (0,0) size 20x32
                LayoutInline {RB} at (0,0) size 19x32
                  LayoutText {#text} at (0,0) size 19x32
                    text run at (0,0) width 32: "\x{5730}\x{9762}"
          LayoutText {#text} at (619,462) size 50x495
            text run at (619,462) width 32: "\x{3092}\x{8CB0}"
            text run at (650,0) width 312: "\x{3063}\x{3066}\x{3001}\x{958B}\x{62D3}\x{3059}\x{308B}\x{6C17}\x{306B}\x{3082}\x{306A}\x{3089}\x{306D}\x{3070}\x{3001}\x{9244}\x{9053}\x{3092}\x{304B}\x{3051}\x{3066}"
          LayoutRuby (inline) {RUBY} at (0,0) size 19x35
            LayoutRubyRun (anonymous) at (650,311.19) size 20x34.53
              LayoutRubyText {RT} at (-12,0) size 12x34.53
                LayoutText {#text} at (0,0) size 12x35
                  text run at (0,0) width 35: "\x{3072}\x{3068}\x{3082}\x{3046}"
              LayoutRubyBase (anonymous) at (0,0) size 20x34.53
                LayoutInline {RB} at (0,0) size 19x34
                  LayoutText {#text} at (0,0) size 19x34
                    text run at (0,0) width 33: "\x{4E00}\x{5132}"
          LayoutText {#text} at (650,345) size 19x48
            text run at (650,345) width 47: "\x{3051}\x{3059}\x{308B}"
          LayoutRuby (inline) {RUBY} at (0,0) size 19x38
            LayoutRubyRun (anonymous) at (650,390.28) size 20x41.63
              LayoutRubyText {RT} at (-12,0) size 12x41.63
                LayoutText {#text} at (0,0) size 12x42
                  text run at (0,0) width 42: "\x{308A}\x{3087}\x{3046}\x{3051}\x{3093}"
              LayoutRubyBase (anonymous) at (0,0) size 20x41.63
                LayoutInline {RB} at (0,0) size 19x37
                  LayoutText {#text} at (0,2) size 19x37
                    text run at (0,2) width 36: "\x{4E86}\x{898B}"
          LayoutText {#text} at (650,429) size 50x504
            text run at (650,429) width 74: "\x{3082}\x{8D77}\x{3089}\x{306C}\x{3002}"
            text run at (681,0) width 170: "\x{305F}\x{3060}\x{3053}\x{306E}\x{666F}\x{8272}\x{304C}\x{2015}\x{2015}\x{8179}\x{306E}"
          LayoutRuby (inline) {RUBY} at (0,0) size 19x17
            LayoutRubyRun (anonymous) at (681,169.31) size 20x16
              LayoutRubyText {RT} at (-12,0) size 12x16
                LayoutText {#text} at (0,4) size 12x9
                  text run at (0,4) width 9: "\x{305F}"
              LayoutRubyBase (anonymous) at (0,0) size 20x16
                LayoutInline {RB} at (0,0) size 19x16
                  LayoutText {#text} at (0,0) size 19x16
                    text run at (0,0) width 16: "\x{8DB3}"
          LayoutText {#text} at (681,185) size 50x501
            text run at (681,185) width 316: "\x{3057}\x{306B}\x{3082}\x{306A}\x{3089}\x{306C}\x{3001}\x{6708}\x{7D66}\x{306E}\x{88DC}\x{3044}\x{306B}\x{3082}\x{306A}\x{3089}\x{306C}\x{3053}\x{306E}\x{666F}\x{8272}"
            text run at (712,0) width 425: "\x{304C}\x{666F}\x{8272}\x{3068}\x{3057}\x{3066}\x{306E}\x{307F}\x{3001}\x{4F59}\x{304C}\x{5FC3}\x{3092}\x{697D}\x{307E}\x{305B}\x{3064}\x{3064}\x{3042}\x{308B}\x{304B}\x{3089}\x{82E6}\x{52B4}\x{3082}\x{5FC3}\x{914D}\x{3082}"
          LayoutRuby (inline) {RUBY} at (0,0) size 19x19
            LayoutRubyRun (anonymous) at (712,420.44) size 20x26.41
              LayoutRubyText {RT} at (-12,0) size 12x26.41
                LayoutText {#text} at (0,0) size 12x27
                  text run at (0,0) width 27: "\x{3068}\x{3082}\x{306A}"
              LayoutRubyBase (anonymous) at (0,0) size 20x26.41
                LayoutInline {RB} at (0,0) size 19x17
                  LayoutText {#text} at (0,5) size 19x17
                    text run at (0,5) width 16: "\x{4F34}"
          LayoutText {#text} at (712,442) size 50x489
            text run at (712,442) width 46: "\x{308F}\x{306C}\x{306E}"
            text run at (743,0) width 220: "\x{3060}\x{308D}\x{3046}\x{3002}\x{81EA}\x{7136}\x{306E}\x{529B}\x{306F}\x{3053}\x{3053}\x{306B}\x{304A}\x{3044}\x{3066}"
          LayoutRuby (inline) {RUBY} at (0,0) size 19x17
            LayoutRubyRun (anonymous) at (743,219.81) size 20x16
              LayoutRubyText {RT} at (-12,0) size 12x16
                LayoutText {#text} at (0,0) size 12x16
                  text run at (0,0) width 16: "\x{305F}\x{3063}"
              LayoutRubyBase (anonymous) at (0,0) size 20x16
                LayoutInline {RB} at (0,0) size 19x16
                  LayoutText {#text} at (0,0) size 19x16
                    text run at (0,0) width 16: "\x{5C0A}"
          LayoutText {#text} at (743,235) size 19x181
            text run at (743,235) width 180: "\x{3068}\x{3044}\x{3002}\x{543E}\x{4EBA}\x{306E}\x{6027}\x{60C5}\x{3092}\x{77AC}\x{523B}\x{306B}"
          LayoutRuby (inline) {RUBY} at (0,0) size 19x33
            LayoutRubyRun (anonymous) at (743,415.06) size 20x32
              LayoutRubyText {RT} at (-12,0) size 12x32
                LayoutText {#text} at (0,1) size 12x29
                  text run at (0,1) width 29: "\x{3068}\x{3046}\x{3084}"
              LayoutRubyBase (anonymous) at (0,0) size 20x32
                LayoutInline {RB} at (0,0) size 19x32
                  LayoutText {#text} at (0,0) size 19x32
                    text run at (0,0) width 32: "\x{9676}\x{51B6}"
          LayoutText {#text} at (743,447) size 19x29
            text run at (743,447) width 29: "\x{3057}\x{3066}"
          LayoutRuby (inline) {RUBY} at (0,0) size 19x33
            LayoutRubyRun (anonymous) at (774,0) size 20x32.06
              LayoutRubyText {RT} at (-12,0) size 12x32.06
                LayoutText {#text} at (0,0) size 12x33
                  text run at (0,0) width 33: "\x{3058}\x{3085}\x{3093}\x{3053}"
              LayoutRubyBase (anonymous) at (0,0) size 20x32.06
                LayoutInline {RB} at (0,0) size 19x33
                  LayoutText {#text} at (0,0) size 19x33
                    text run at (0,0) width 32: "\x{9187}\x{4E4E}"
          LayoutText {#text} at (774,32) size 19x335
            text run at (774,32) width 335: "\x{3068}\x{3057}\x{3066}\x{9187}\x{306A}\x{308B}\x{8A69}\x{5883}\x{306B}\x{5165}\x{3089}\x{3057}\x{3080}\x{308B}\x{306E}\x{306F}\x{81EA}\x{7136}\x{3067}\x{3042}\x{308B}\x{3002}"
          LayoutBR {BR} at (774,366) size 19x1
          LayoutText {#text} at (794,0) size 50x493
            text run at (794,0) width 493: "\x{3000}\x{604B}\x{306F}\x{3046}\x{3064}\x{304F}\x{3057}\x{304B}\x{308D}\x{3001}\x{5B5D}\x{3082}\x{3046}\x{3064}\x{304F}\x{3057}\x{304B}\x{308D}\x{3001}\x{5FE0}\x{541B}\x{611B}\x{56FD}\x{3082}\x{7D50}\x{69CB}\x{3060}\x{308D}\x{3046}\x{3002}\x{3057}\x{304B}\x{3057}"
            text run at (825,0) width 77: "\x{81EA}\x{8EAB}\x{304C}\x{305D}\x{306E}"
          LayoutRuby (inline) {RUBY} at (0,0) size 19x19
            LayoutRubyRun (anonymous) at (825,72.69) size 20x24.83
              LayoutRubyText {RT} at (-12,0) size 12x24.83
                LayoutText {#text} at (0,0) size 12x25
                  text run at (0,0) width 25: "\x{304D}\x{3087}\x{304F}"
              LayoutRubyBase (anonymous) at (0,0) size 20x24.83
                LayoutInline {RB} at (0,0) size 19x17
                  LayoutText {#text} at (0,4) size 19x17
                    text run at (0,4) width 16: "\x{5C40}"
          LayoutText {#text} at (825,94) size 19x109
            text run at (825,94) width 109: "\x{306B}\x{5F53}\x{308C}\x{3070}\x{5229}\x{5BB3}\x{306E}"
          LayoutRuby (inline) {RUBY} at (0,0) size 19x33
            LayoutRubyRun (anonymous) at (825,202.89) size 20x32
              LayoutRubyText {RT} at (-12,0) size 12x32
                LayoutText {#text} at (0,1) size 12x30
                  text run at (0,1) width 30: "\x{3064}\x{3080}\x{3058}"
              LayoutRubyBase (anonymous) at (0,0) size 20x32
                LayoutInline {RB} at (0,0) size 19x32
                  LayoutText {#text} at (0,0) size 19x32
                    text run at (0,0) width 32: "\x{65CB}\x{98A8}"
          LayoutText {#text} at (825,234) size 19x16
            text run at (825,234) width 15: "\x{306B}"
          LayoutRuby (inline) {RUBY} at (0,0) size 19x17
            LayoutRubyRun (anonymous) at (825,249.02) size 20x16
              LayoutRubyText {RT} at (-12,0) size 12x16
                LayoutText {#text} at (0,4) size 12x9
                  text run at (0,4) width 9: "\x{307E}"
              LayoutRubyBase (anonymous) at (0,0) size 20x16
                LayoutInline {RB} at (0,0) size 19x16
                  LayoutText {#text} at (0,0) size 19x16
                    text run at (0,0) width 16: "\x{6372}"
          LayoutText {#text} at (825,265) size 50x501
            text run at (825,265) width 236: "\x{304D}\x{8FBC}\x{307E}\x{308C}\x{3066}\x{3001}\x{3046}\x{3064}\x{304F}\x{3057}\x{304D}\x{4E8B}\x{306B}\x{3082}\x{3001}\x{7D50}"
            text run at (856,0) width 120: "\x{69CB}\x{306A}\x{4E8B}\x{306B}\x{3082}\x{3001}\x{76EE}\x{306F}"
          LayoutRuby (inline) {RUBY} at (0,0) size 19x19
            LayoutRubyRun (anonymous) at (856,119.94) size 20x17.69
              LayoutRubyText {RT} at (-12,0) size 12x17.69
                LayoutText {#text} at (0,0) size 12x18
                  text run at (0,0) width 18: "\x{304F}\x{3089}"
              LayoutRubyBase (anonymous) at (0,0) size 20x17.69
                LayoutInline {RB} at (0,0) size 19x17
                  LayoutText {#text} at (0,0) size 19x17
                    text run at (0,0) width 16: "\x{7729}"
          LayoutText {#text} at (856,137) size 19x341
            text run at (856,137) width 341: "\x{3093}\x{3067}\x{3057}\x{307E}\x{3046}\x{3002}\x{3057}\x{305F}\x{304C}\x{3063}\x{3066}\x{3069}\x{3053}\x{306B}\x{8A69}\x{304C}\x{3042}\x{308B}\x{304B}\x{81EA}\x{8EAB}\x{306B}\x{306F}"
          LayoutRuby (inline) {RUBY} at (0,0) size 19x17
            LayoutRubyRun (anonymous) at (856,477.88) size 20x16
              LayoutRubyText {RT} at (-12,0) size 12x16
                LayoutText {#text} at (0,4) size 12x9
                  text run at (0,4) width 9: "\x{3052}"
              LayoutRubyBase (anonymous) at (0,0) size 20x16
                LayoutInline {RB} at (0,0) size 19x16
                  LayoutText {#text} at (0,0) size 19x16
                    text run at (0,0) width 16: "\x{89E3}"
          LayoutText {#text} at (876,0) size 19x72
            text run at (876,0) width 72: "\x{3057}\x{304B}\x{306D}\x{308B}\x{3002}"
          LayoutBR {BR} at (876,71) size 19x1
          LayoutText {#text} at (896,0) size 50x489
            text run at (896,0) width 489: "\x{3000}\x{3053}\x{308C}\x{304C}\x{308F}\x{304B}\x{308B}\x{305F}\x{3081}\x{306B}\x{306F}\x{3001}\x{308F}\x{304B}\x{308B}\x{3060}\x{3051}\x{306E}\x{4F59}\x{88D5}\x{306E}\x{3042}\x{308B}\x{7B2C}\x{4E09}\x{8005}\x{306E}\x{5730}\x{4F4D}\x{306B}\x{7ACB}\x{305F}"
            text run at (927,0) width 304: "\x{306D}\x{3070}\x{306A}\x{3089}\x{306C}\x{3002}\x{4E09}\x{8005}\x{306E}\x{5730}\x{4F4D}\x{306B}\x{7ACB}\x{3066}\x{3070}\x{3053}\x{305D}\x{829D}\x{5C45}\x{306F}"
          LayoutRuby (inline) {RUBY} at (0,0) size 19x17
            LayoutRubyRun (anonymous) at (927,303.25) size 20x16
              LayoutRubyText {RT} at (-12,0) size 12x16
                LayoutText {#text} at (0,4) size 12x9
                  text run at (0,4) width 9: "\x{307F}"
              LayoutRubyBase (anonymous) at (0,0) size 20x16
                LayoutInline {RB} at (0,0) size 19x16
                  LayoutText {#text} at (0,0) size 19x16
                    text run at (0,0) width 16: "\x{89B3}"
          LayoutText {#text} at (927,319) size 50x499
            text run at (927,319) width 180: "\x{3066}\x{9762}\x{767D}\x{3044}\x{3002}\x{5C0F}\x{8AAC}\x{3082}\x{898B}\x{3066}\x{9762}\x{767D}"
            text run at (958,0) width 465: "\x{3044}\x{3002}\x{829D}\x{5C45}\x{3092}\x{898B}\x{3066}\x{9762}\x{767D}\x{3044}\x{4EBA}\x{3082}\x{3001}\x{5C0F}\x{8AAC}\x{3092}\x{8AAD}\x{3093}\x{3067}\x{9762}\x{767D}\x{3044}\x{4EBA}\x{3082}\x{3001}\x{81EA}\x{5DF1}\x{306E}\x{5229}\x{5BB3}\x{306F}"
          LayoutRuby (inline) {RUBY} at (0,0) size 19x19
            LayoutRubyRun (anonymous) at (958,464.19) size 20x17.83
              LayoutRubyText {RT} at (-12,0) size 12x17.83
                LayoutText {#text} at (0,0) size 12x19
                  text run at (0,0) width 18: "\x{305F}\x{306A}"
              LayoutRubyBase (anonymous) at (0,0) size 20x17.83
                LayoutInline {RB} at (0,0) size 19x17
                  LayoutText {#text} at (0,0) size 19x17
                    text run at (0,0) width 16: "\x{68DA}"
          LayoutText {#text} at (958,482) size 39x493
            text run at (958,482) width 11: "\x{3078}"
            text run at (978,0) width 378: "\x{4E0A}\x{3052}\x{3066}\x{3044}\x{308B}\x{3002}\x{898B}\x{305F}\x{308A}\x{8AAD}\x{3093}\x{3060}\x{308A}\x{3059}\x{308B}\x{9593}\x{3060}\x{3051}\x{306F}\x{8A69}\x{4EBA}\x{3067}\x{3042}\x{308B}\x{3002}"
          LayoutBR {BR} at (978,377) size 19x1
          LayoutText {#text} at (1009,0) size 19x293
            text run at (1009,0) width 293: "\x{3000}\x{305D}\x{308C}\x{3059}\x{3089}\x{3001}\x{666E}\x{901A}\x{306E}\x{829D}\x{5C45}\x{3084}\x{5C0F}\x{8AAC}\x{3067}\x{306F}\x{4EBA}\x{60C5}\x{3092}"
          LayoutRuby (inline) {RUBY} at (0,0) size 19x18
            LayoutRubyRun (anonymous) at (1009,292.50) size 20x17.30
              LayoutRubyText {RT} at (-12,0) size 12x17.30
                LayoutText {#text} at (0,0) size 12x18
                  text run at (0,0) width 18: "\x{307E}\x{306C}"
              LayoutRubyBase (anonymous) at (0,0) size 20x17.30
                LayoutInline {RB} at (0,0) size 19x17
                  LayoutText {#text} at (0,0) size 19x17
                    text run at (0,0) width 16: "\x{514D}"
          LayoutText {#text} at (1009,309) size 70x502
            text run at (1009,309) width 188: "\x{304B}\x{308C}\x{306C}\x{3002}\x{82E6}\x{3057}\x{3093}\x{3060}\x{308A}\x{3001}\x{6012}\x{3063}\x{305F}"
            text run at (1029,0) width 502: "\x{308A}\x{3001}\x{9A12}\x{3044}\x{3060}\x{308A}\x{3001}\x{6CE3}\x{3044}\x{305F}\x{308A}\x{3059}\x{308B}\x{3002}\x{898B}\x{308B}\x{3082}\x{306E}\x{3082}\x{3044}\x{3064}\x{304B}\x{305D}\x{306E}\x{4E2D}\x{306B}\x{540C}\x{5316}\x{3057}\x{3066}\x{82E6}\x{3057}\x{3093}\x{3060}"
            text run at (1060,0) width 271: "\x{308A}\x{3001}\x{6012}\x{3063}\x{305F}\x{308A}\x{3001}\x{9A12}\x{3044}\x{3060}\x{308A}\x{3001}\x{6CE3}\x{3044}\x{305F}\x{308A}\x{3059}\x{308B}\x{3002}"
          LayoutRuby (inline) {RUBY} at (0,0) size 19x33
            LayoutRubyRun (anonymous) at (1060,270.06) size 20x32
              LayoutRubyText {RT} at (-12,0) size 12x32
                LayoutText {#text} at (0,1) size 12x30
                  text run at (0,1) width 29: "\x{3068}\x{308A}\x{3048}"
              LayoutRubyBase (anonymous) at (0,0) size 20x32
                LayoutInline {RB} at (0,0) size 19x32
                  LayoutText {#text} at (0,0) size 19x32
                    text run at (0,0) width 32: "\x{53D6}\x{67C4}"
          LayoutText {#text} at (1060,302) size 19x63
            text run at (1060,302) width 63: "\x{306F}\x{5229}\x{617E}\x{304C}"
          LayoutRuby (inline) {RUBY} at (0,0) size 19x18
            LayoutRubyRun (anonymous) at (1060,364.44) size 20x17.13
              LayoutRubyText {RT} at (-12,0) size 12x17.13
                LayoutText {#text} at (0,0) size 12x18
                  text run at (0,0) width 18: "\x{307E}\x{3058}"
              LayoutRubyBase (anonymous) at (0,0) size 20x17.13
                LayoutInline {RB} at (0,0) size 19x17
                  LayoutText {#text} at (0,0) size 19x17
                    text run at (0,0) width 16: "\x{4EA4}"
          LayoutText {#text} at (1060,381) size 19x109
            text run at (1060,381) width 109: "\x{3089}\x{306C}\x{3068}\x{4E91}\x{3046}\x{70B9}\x{306B}"
          LayoutRuby (inline) {RUBY} at (0,0) size 19x17
            LayoutRubyRun (anonymous) at (1091,0) size 20x16.95
              LayoutRubyText {RT} at (-12,0) size 12x16.95
                LayoutText {#text} at (0,0) size 12x18
                  text run at (0,0) width 17: "\x{305D}\x{3093}"
              LayoutRubyBase (anonymous) at (0,0) size 20x16.95
                LayoutInline {RB} at (0,0) size 19x17
                  LayoutText {#text} at (0,0) size 19x17
                    text run at (0,0) width 16: "\x{5B58}"
          LayoutText {#text} at (1091,16) size 19x289
            text run at (1091,16) width 288: "\x{3059}\x{308B}\x{304B}\x{3082}\x{77E5}\x{308C}\x{306C}\x{304C}\x{3001}\x{4EA4}\x{3089}\x{306C}\x{3060}\x{3051}\x{306B}\x{305D}\x{306E}\x{4ED6}\x{306E}"
          LayoutRuby (inline) {RUBY} at (0,0) size 19x37
            LayoutRubyRun (anonymous) at (1091,303.08) size 20x39.88
              LayoutRubyText {RT} at (-12,0) size 12x39.88
                LayoutText {#text} at (0,0) size 12x40
                  text run at (0,0) width 40: "\x{3058}\x{3087}\x{3046}\x{3057}\x{3087}"
              LayoutRubyBase (anonymous) at (0,0) size 20x39.88
                LayoutInline {RB} at (0,0) size 19x36
                  LayoutText {#text} at (0,1) size 19x36
                    text run at (0,1) width 35: "\x{60C5}\x{7DD2}"
          LayoutText {#text} at (1091,340) size 50x497
            text run at (1091,340) width 156: "\x{306F}\x{5E38}\x{3088}\x{308A}\x{306F}\x{4F59}\x{8A08}\x{306B}\x{6D3B}\x{52D5}"
            text run at (1122,0) width 136: "\x{3059}\x{308B}\x{3060}\x{308D}\x{3046}\x{3002}\x{305D}\x{308C}\x{304C}"
          LayoutRuby (inline) {RUBY} at (0,0) size 19x17
            LayoutRubyRun (anonymous) at (1122,135.94) size 20x16
              LayoutRubyText {RT} at (-12,0) size 12x16
                LayoutText {#text} at (0,0) size 12x16
                  text run at (0,0) width 16: "\x{3044}\x{3084}"
              LayoutRubyBase (anonymous) at (0,0) size 20x16
                LayoutInline {RB} at (0,0) size 19x16
                  LayoutText {#text} at (0,0) size 19x16
                    text run at (0,0) width 16: "\x{5ACC}"
          LayoutText {#text} at (1122,151) size 19x28
            text run at (1122,151) width 27: "\x{3060}\x{3002}"
          LayoutBR {BR} at (1122,178) size 19x1
          LayoutText {#text} at (1142,0) size 50x498
            text run at (1142,0) width 498: "\x{3000}\x{82E6}\x{3057}\x{3093}\x{3060}\x{308A}\x{3001}\x{6012}\x{3063}\x{305F}\x{308A}\x{3001}\x{9A12}\x{3044}\x{3060}\x{308A}\x{3001}\x{6CE3}\x{3044}\x{305F}\x{308A}\x{306F}\x{4EBA}\x{306E}\x{4E16}\x{306B}\x{3064}\x{304D}\x{3082}\x{306E}\x{3060}\x{3002}\x{4F59}\x{3082}"
            text run at (1173,0) width 126: "\x{4E09}\x{5341}\x{5E74}\x{306E}\x{9593}\x{305D}\x{308C}\x{3092}"
          LayoutRuby (inline) {RUBY} at (0,0) size 19x33
            LayoutRubyRun (anonymous) at (1173,125.50) size 20x32
              LayoutRubyText {RT} at (-12,0) size 12x32
                LayoutText {#text} at (0,1) size 12x30
                  text run at (0,1) width 30: "\x{3057}\x{3068}\x{304A}"
              LayoutRubyBase (anonymous) at (0,0) size 20x32
                LayoutInline {RB} at (0,0) size 19x32
                  LayoutText {#text} at (0,0) size 19x32
                    text run at (0,0) width 32: "\x{4ED5}\x{901A}"
          LayoutText {#text} at (1173,157) size 19x40
            text run at (1173,157) width 40: "\x{3057}\x{3066}\x{3001}"
          LayoutRuby (inline) {RUBY} at (0,0) size 19x35
            LayoutRubyRun (anonymous) at (1173,195.69) size 20x36
              LayoutRubyText {RT} at (-12,0) size 12x36
                LayoutText {#text} at (0,0) size 12x36
                  text run at (0,0) width 36: "\x{3042}\x{304D}\x{3042}\x{304D}"
              LayoutRubyBase (anonymous) at (0,0) size 20x36
                LayoutInline {RB} at (0,0) size 19x34
                  LayoutText {#text} at (0,1) size 19x34
                    text run at (0,1) width 34: "\x{98FD}\x{3005}"
          LayoutText {#text} at (1173,230) size 19x42
            text run at (1173,230) width 42: "\x{3057}\x{305F}\x{3002}"
          LayoutRuby (inline) {RUBY} at (0,0) size 19x17
            LayoutRubyRun (anonymous) at (1173,271.75) size 20x16
              LayoutRubyText {RT} at (-12,0) size 12x16
                LayoutText {#text} at (0,3) size 12x10
                  text run at (0,3) width 9: "\x{3042}"
              LayoutRubyBase (anonymous) at (0,0) size 20x16
                LayoutInline {RB} at (0,0) size 19x16
                  LayoutText {#text} at (0,0) size 19x16
                    text run at (0,0) width 16: "\x{98FD}"
          LayoutText {#text} at (1173,287) size 39x496
            text run at (1173,287) width 202: "\x{304D}\x{98FD}\x{304D}\x{3057}\x{305F}\x{4E0A}\x{306B}\x{829D}\x{5C45}\x{3084}\x{5C0F}\x{8AAC}\x{3067}"
            text run at (1193,0) width 496: "\x{540C}\x{3058}\x{523A}\x{6FC0}\x{3092}\x{7E70}\x{308A}\x{8FD4}\x{3057}\x{3066}\x{306F}\x{5927}\x{5909}\x{3060}\x{3002}\x{4F59}\x{304C}\x{6B32}\x{3059}\x{308B}\x{8A69}\x{306F}\x{305D}\x{3093}\x{306A}\x{4E16}\x{9593}\x{7684}\x{306E}\x{4EBA}\x{60C5}\x{3092}"
          LayoutRuby (inline) {RUBY} at (0,0) size 19x32
            LayoutRubyRun (anonymous) at (1224,0) size 20x32
              LayoutRubyText {RT} at (-12,0) size 12x32
                LayoutText {#text} at (0,4) size 12x24
                  text run at (0,4) width 24: "\x{3053}\x{3076}"
              LayoutRubyBase (anonymous) at (0,0) size 20x32
                LayoutInline {RB} at (0,0) size 19x32
                  LayoutText {#text} at (0,0) size 19x32
                    text run at (0,0) width 32: "\x{9F13}\x{821E}"
          LayoutText {#text} at (1224,32) size 19x391
            text run at (1224,32) width 391: "\x{3059}\x{308B}\x{3088}\x{3046}\x{306A}\x{3082}\x{306E}\x{3067}\x{306F}\x{306A}\x{3044}\x{3002}\x{4FD7}\x{5FF5}\x{3092}\x{653E}\x{68C4}\x{3057}\x{3066}\x{3001}\x{3057}\x{3070}\x{3089}\x{304F}\x{3067}\x{3082}"
          LayoutRuby (inline) {RUBY} at (0,0) size 19x34
            LayoutRubyRun (anonymous) at (1224,422.81) size 20x32.53
              LayoutRubyText {RT} at (-12,0) size 12x32.53
                LayoutText {#text} at (0,0) size 12x33
                  text run at (0,0) width 33: "\x{3058}\x{3093}\x{304B}\x{3044}"
              LayoutRubyBase (anonymous) at (0,0) size 20x32.53
                LayoutInline {RB} at (0,0) size 19x33
                  LayoutText {#text} at (0,0) size 19x33
                    text run at (0,0) width 32: "\x{5875}\x{754C}"
          LayoutText {#text} at (1224,455) size 110x504
            text run at (1224,455) width 48: "\x{3092}\x{96E2}\x{308C}"
            text run at (1244,0) width 489: "\x{305F}\x{5FC3}\x{6301}\x{3061}\x{306B}\x{306A}\x{308C}\x{308B}\x{8A69}\x{3067}\x{3042}\x{308B}\x{3002}\x{3044}\x{304F}\x{3089}\x{5091}\x{4F5C}\x{3067}\x{3082}\x{4EBA}\x{60C5}\x{3092}\x{96E2}\x{308C}\x{305F}\x{829D}\x{5C45}\x{306F}\x{306A}\x{3044}\x{3001}"
            text run at (1264,0) width 494: "\x{7406}\x{975E}\x{3092}\x{7D76}\x{3057}\x{305F}\x{5C0F}\x{8AAC}\x{306F}\x{5C11}\x{304B}\x{308D}\x{3046}\x{3002}\x{3069}\x{3053}\x{307E}\x{3067}\x{3082}\x{4E16}\x{9593}\x{3092}\x{51FA}\x{308B}\x{4E8B}\x{304C}\x{51FA}\x{6765}\x{306C}\x{306E}\x{304C}\x{5F7C}"
            text run at (1284,0) width 498: "\x{3089}\x{306E}\x{7279}\x{8272}\x{3067}\x{3042}\x{308B}\x{3002}\x{3053}\x{3068}\x{306B}\x{897F}\x{6D0B}\x{306E}\x{8A69}\x{306B}\x{306A}\x{308B}\x{3068}\x{3001}\x{4EBA}\x{4E8B}\x{304C}\x{6839}\x{672C}\x{306B}\x{306A}\x{308B}\x{304B}\x{3089}\x{3044}\x{308F}\x{3086}"
            text run at (1315,0) width 16: "\x{308B}"
          LayoutRuby (inline) {RUBY} at (0,0) size 19x32
            LayoutRubyRun (anonymous) at (1315,16) size 20x32
              LayoutRubyText {RT} at (-12,0) size 12x32
                LayoutText {#text} at (0,1) size 12x30
                  text run at (0,1) width 30: "\x{3057}\x{3044}\x{304B}"
              LayoutRubyBase (anonymous) at (0,0) size 20x32
                LayoutInline {RB} at (0,0) size 19x32
                  LayoutText {#text} at (0,0) size 19x32
                    text run at (0,0) width 32: "\x{8A69}\x{6B4C}"
          LayoutText {#text} at (1315,48) size 19x154
            text run at (1315,48) width 154: "\x{306E}\x{7D14}\x{7C8B}\x{306A}\x{308B}\x{3082}\x{306E}\x{3082}\x{3053}\x{306E}"
          LayoutRuby (inline) {RUBY} at (0,0) size 19x18
            LayoutRubyRun (anonymous) at (1315,197.19) size 20x25.14
              LayoutRubyText {RT} at (-12,0) size 12x25.14
                LayoutText {#text} at (0,0) size 12x26
                  text run at (0,0) width 26: "\x{304D}\x{3087}\x{3046}"
              LayoutRubyBase (anonymous) at (0,0) size 20x25.14
                LayoutInline {RB} at (0,0) size 19x17
                  LayoutText {#text} at (0,4) size 19x17
                    text run at (0,4) width 16: "\x{5883}"
          LayoutText {#text} at (1315,218) size 19x17
            text run at (1315,218) width 16: "\x{3092}"
          LayoutRuby (inline) {RUBY} at (0,0) size 19x33
            LayoutRubyRun (anonymous) at (1315,234.33) size 20x32
              LayoutRubyText {RT} at (-12,0) size 12x32
                LayoutText {#text} at (0,1) size 12x30
                  text run at (0,1) width 29: "\x{3052}\x{3060}\x{3064}"
              LayoutRubyBase (anonymous) at (0,0) size 20x32
                LayoutInline {RB} at (0,0) size 19x32
                  LayoutText {#text} at (0,0) size 19x32
                    text run at (0,0) width 32: "\x{89E3}\x{8131}"
          LayoutText {#text} at (1315,266) size 50x496
            text run at (1315,266) width 230: "\x{3059}\x{308B}\x{4E8B}\x{3092}\x{77E5}\x{3089}\x{306C}\x{3002}\x{3069}\x{3053}\x{307E}\x{3067}\x{3082}\x{540C}\x{60C5}"
            text run at (1346,0) width 305: "\x{3060}\x{3068}\x{304B}\x{3001}\x{611B}\x{3060}\x{3068}\x{304B}\x{3001}\x{6B63}\x{7FA9}\x{3060}\x{3068}\x{304B}\x{3001}\x{81EA}\x{7531}\x{3060}\x{3068}\x{304B}\x{3001}"
          LayoutRuby (inline) {RUBY} at (0,0) size 19x33
            LayoutRubyRun (anonymous) at (1346,304.50) size 20x32
              LayoutRubyText {RT} at (-12,0) size 12x32
                LayoutText {#text} at (0,1) size 12x30
                  text run at (0,1) width 30: "\x{3046}\x{304D}\x{3088}"
              LayoutRubyBase (anonymous) at (0,0) size 20x32
                LayoutInline {RB} at (0,0) size 19x32
                  LayoutText {#text} at (0,0) size 19x32
                    text run at (0,0) width 32: "\x{6D6E}\x{4E16}"
          LayoutText {#text} at (1346,336) size 19x15
            text run at (1346,336) width 15: "\x{306E}"
          LayoutRuby (inline) {RUBY} at (0,0) size 19x49
            LayoutRubyRun (anonymous) at (1346,350.94) size 20x48
              LayoutRubyText {RT} at (-12,0) size 12x48
                LayoutText {#text} at (0,0) size 12x48
                  text run at (0,0) width 47: "\x{304B}\x{3093}\x{3053}\x{3046}\x{3070}"
              LayoutRubyBase (anonymous) at (0,0) size 20x48
                LayoutInline {RB} at (0,0) size 19x48
                  LayoutText {#text} at (0,0) size 19x48
                    text run at (0,0) width 48: "\x{52E7}\x{5DE5}\x{5834}"
          LayoutText {#text} at (1346,398) size 50x492
            text run at (1346,398) width 93: "\x{306B}\x{3042}\x{308B}\x{3082}\x{306E}\x{3060}"
            text run at (1377,0) width 61: "\x{3051}\x{3067}\x{7528}\x{3092}"
          LayoutRuby (inline) {RUBY} at (0,0) size 19x16
            LayoutRubyRun (anonymous) at (1377,61) size 20x16
              LayoutRubyText {RT} at (-12,0) size 12x16
                LayoutText {#text} at (0,0) size 12x16
                  text run at (0,0) width 16: "\x{3079}\x{3093}"
              LayoutRubyBase (anonymous) at (0,0) size 20x16
                LayoutInline {RB} at (0,0) size 19x16
                  LayoutText {#text} at (0,0) size 19x16
                    text run at (0,0) width 16: "\x{5F01}"
          LayoutText {#text} at (1377,77) size 19x295
            text run at (1377,77) width 295: "\x{3058}\x{3066}\x{3044}\x{308B}\x{3002}\x{3044}\x{304F}\x{3089}\x{8A69}\x{7684}\x{306B}\x{306A}\x{3063}\x{3066}\x{3082}\x{5730}\x{9762}\x{306E}\x{4E0A}\x{3092}"
          LayoutRuby (inline) {RUBY} at (0,0) size 19x17
            LayoutRubyRun (anonymous) at (1377,371.75) size 20x16
              LayoutRubyText {RT} at (-12,0) size 12x16
                LayoutText {#text} at (0,4) size 12x9
                  text run at (0,4) width 9: "\x{304B}"
              LayoutRubyBase (anonymous) at (0,0) size 20x16
                LayoutInline {RB} at (0,0) size 19x16
                  LayoutText {#text} at (0,0) size 19x16
                    text run at (0,0) width 16: "\x{99B3}"
          LayoutText {#text} at (1377,387) size 19x99
            text run at (1377,387) width 98: "\x{3051}\x{3066}\x{3042}\x{308B}\x{3044}\x{3066}\x{3001}"
          LayoutRuby (inline) {RUBY} at (0,0) size 19x18
            LayoutRubyRun (anonymous) at (1377,485.69) size 20x16.95
              LayoutRubyText {RT} at (-12,0) size 12x16.95
                LayoutText {#text} at (0,0) size 12x18
                  text run at (0,0) width 17: "\x{305C}\x{306B}"
              LayoutRubyBase (anonymous) at (0,0) size 20x16.95
                LayoutInline {RB} at (0,0) size 19x17
                  LayoutText {#text} at (0,0) size 19x17
                    text run at (0,0) width 16: "\x{92AD}"
          LayoutText {#text} at (1408,0) size 19x265
            text run at (1408,0) width 265: "\x{306E}\x{52D8}\x{5B9A}\x{3092}\x{5FD8}\x{308C}\x{308B}\x{3072}\x{307E}\x{304C}\x{306A}\x{3044}\x{3002}\x{30B7}\x{30A7}\x{30EC}\x{30FC}\x{304C}"
          LayoutRuby (inline) {RUBY} at (0,0) size 19x33
            LayoutRubyRun (anonymous) at (1408,264.94) size 20x32
              LayoutRubyText {RT} at (-12,0) size 12x32
                LayoutText {#text} at (0,1) size 12x29
                  text run at (0,1) width 29: "\x{3072}\x{3070}\x{308A}"
              LayoutRubyBase (anonymous) at (0,0) size 20x32
                LayoutInline {RB} at (0,0) size 19x32
                  LayoutText {#text} at (0,0) size 19x32
                    text run at (0,0) width 32: "\x{96F2}\x{96C0}"
          LayoutText {#text} at (1408,296) size 39x496
            text run at (1408,296) width 199: "\x{3092}\x{805E}\x{3044}\x{3066}\x{5606}\x{606F}\x{3057}\x{305F}\x{306E}\x{3082}\x{7121}\x{7406}\x{306F}"
            text run at (1428,0) width 40: "\x{306A}\x{3044}\x{3002}"
          LayoutBR {BR} at (1428,39) size 19x1
          LayoutText {#text} at (1459,0) size 19x153
            text run at (1459,0) width 153: "\x{3000}\x{3046}\x{308C}\x{3057}\x{3044}\x{4E8B}\x{306B}\x{6771}\x{6D0B}\x{306E}"
          LayoutRuby (inline) {RUBY} at (0,0) size 19x33
            LayoutRubyRun (anonymous) at (1459,152.44) size 20x32
              LayoutRubyText {RT} at (-12,0) size 12x32
                LayoutText {#text} at (0,1) size 12x30
                  text run at (0,1) width 30: "\x{3057}\x{3044}\x{304B}"
              LayoutRubyBase (anonymous) at (0,0) size 20x32
                LayoutInline {RB} at (0,0) size 19x32
                  LayoutText {#text} at (0,0) size 19x32
                    text run at (0,0) width 32: "\x{8A69}\x{6B4C}"
          LayoutText {#text} at (1459,184) size 19x61
            text run at (1459,184) width 61: "\x{306F}\x{305D}\x{3053}\x{3092}"
          LayoutRuby (inline) {RUBY} at (0,0) size 19x33
            LayoutRubyRun (anonymous) at (1459,244.56) size 20x32
              LayoutRubyText {RT} at (-12,0) size 12x32
                LayoutText {#text} at (0,1) size 12x30
                  text run at (0,1) width 29: "\x{3052}\x{3060}\x{3064}"
              LayoutRubyBase (anonymous) at (0,0) size 20x32
                LayoutInline {RB} at (0,0) size 19x32
                  LayoutText {#text} at (0,0) size 19x32
                    text run at (0,0) width 32: "\x{89E3}\x{8131}"
          LayoutText {#text} at (1459,276) size 19x104
            text run at (1459,276) width 103: "\x{3057}\x{305F}\x{306E}\x{304C}\x{3042}\x{308B}\x{3002}"
          LayoutRuby (inline) {RUBY} at (0,0) size 19x42
            LayoutRubyRun (anonymous) at (1459,376.25) size 20x44.09
              LayoutRubyText {RT} at (-12,0) size 12x44.09
                LayoutText {#text} at (0,0) size 12x45
                  text run at (0,0) width 45: "\x{304D}\x{304F}\x{3092}\x{3068}\x{308B}"
              LayoutRubyBase (anonymous) at (0,0) size 20x44.09
                LayoutInline {RB} at (0,0) size 19x39
                  LayoutText {#text} at (0,3) size 19x39
                    text run at (0,3) width 38: "\x{63A1}\x{83CA}"
          LayoutRuby (inline) {RUBY} at (0,0) size 19x53
            LayoutRubyRun (anonymous) at (1459,420.34) size 20x51.75
              LayoutRubyText {RT} at (-12,0) size 12x51.75
                LayoutText {#text} at (0,0) size 12x52
                  text run at (0,0) width 52: "\x{3068}\x{3046}\x{308A}\x{306E}\x{3082}\x{3068}"
              LayoutRubyBase (anonymous) at (0,0) size 20x51.75
                LayoutInline {RB} at (0,0) size 19x51
                  LayoutText {#text} at (0,0) size 19x51
                    text run at (0,0) width 50: "\x{6771}\x{7C6C}\x{4E0B}"
          LayoutText {#text} at (1459,472) size 19x17
            text run at (1459,472) width 16: "\x{3001}"
          LayoutRuby (inline) {RUBY} at (0,0) size 19x60
            LayoutRubyRun (anonymous) at (1490,0) size 20x59.95
              LayoutRubyText {RT} at (-12,0) size 12x59.95
                LayoutText {#text} at (0,0) size 12x60
                  text run at (0,0) width 60: "\x{3086}\x{3046}\x{305C}\x{3093}\x{3068}\x{3057}\x{3066}"
              LayoutRubyBase (anonymous) at (0,0) size 20x59.95
                LayoutInline {RB} at (0,0) size 19x46
                  LayoutText {#text} at (0,6) size 19x46
                    text run at (0,6) width 45: "\x{60A0}\x{7136}"
          LayoutRuby (inline) {RUBY} at (0,0) size 19x61
            LayoutRubyRun (anonymous) at (1490,59.95) size 20x61.25
              LayoutRubyText {RT} at (-12,0) size 12x61.25
                LayoutText {#text} at (0,0) size 12x62
                  text run at (0,0) width 62: "\x{306A}\x{3093}\x{3056}\x{3093}\x{3092}\x{307F}\x{308B}"
              LayoutRubyBase (anonymous) at (0,0) size 20x61.25
                LayoutInline {RB} at (0,0) size 19x57
                  LayoutText {#text} at (0,2) size 19x57
                    text run at (0,2) width 56: "\x{898B}\x{5357}\x{5C71}"
          LayoutText {#text} at (1490,119) size 19x125
            text run at (1490,119) width 125: "\x{3002}\x{305F}\x{3060}\x{305D}\x{308C}\x{304E}\x{308A}\x{306E}"
          LayoutRuby (inline) {RUBY} at (0,0) size 19x19
            LayoutRubyRun (anonymous) at (1490,243.77) size 20x17.83
              LayoutRubyText {RT} at (-12,0) size 12x17.83
                LayoutText {#text} at (0,0) size 12x19
                  text run at (0,0) width 18: "\x{3046}\x{3061}"
              LayoutRubyBase (anonymous) at (0,0) size 20x17.83
                LayoutInline {RB} at (0,0) size 19x17
                  LayoutText {#text} at (0,0) size 19x17
                    text run at (0,0) width 16: "\x{88CF}"
          LayoutText {#text} at (1490,261) size 50x492
            text run at (1490,261) width 231: "\x{306B}\x{6691}\x{82E6}\x{3057}\x{3044}\x{4E16}\x{306E}\x{4E2D}\x{3092}\x{307E}\x{308B}\x{3067}\x{5FD8}\x{308C}\x{305F}"
            text run at (1521,0) width 273: "\x{5149}\x{666F}\x{304C}\x{51FA}\x{3066}\x{304F}\x{308B}\x{3002}\x{57A3}\x{306E}\x{5411}\x{3046}\x{306B}\x{96A3}\x{308A}\x{306E}\x{5A18}\x{304C}"
          LayoutRuby (inline) {RUBY} at (0,0) size 19x19
            LayoutRubyRun (anonymous) at (1521,272.94) size 20x17.13
              LayoutRubyText {RT} at (-12,0) size 12x17.13
                LayoutText {#text} at (0,0) size 12x18
                  text run at (0,0) width 18: "\x{306E}\x{305E}"
              LayoutRubyBase (anonymous) at (0,0) size 20x17.13
                LayoutInline {RB} at (0,0) size 19x17
                  LayoutText {#text} at (0,0) size 19x17
                    text run at (0,0) width 16: "\x{8997}"
          LayoutText {#text} at (1521,290) size 19x163
            text run at (1521,290) width 163: "\x{3044}\x{3066}\x{308B}\x{8A33}\x{3067}\x{3082}\x{306A}\x{3051}\x{308C}\x{3070}\x{3001}"
          LayoutRuby (inline) {RUBY} at (0,0) size 19x36
            LayoutRubyRun (anonymous) at (1521,452.44) size 20x34.95
              LayoutRubyText {RT} at (-12,0) size 12x34.95
                LayoutText {#text} at (0,0) size 12x36
                  text run at (0,0) width 35: "\x{306A}\x{3093}\x{3056}\x{3093}"
              LayoutRubyBase (anonymous) at (0,0) size 20x34.95
                LayoutInline {RB} at (0,0) size 19x34
                  LayoutText {#text} at (0,0) size 19x34
                    text run at (0,0) width 33: "\x{5357}\x{5C71}"
          LayoutText {#text} at (1521,487) size 50x502
            text run at (1521,487) width 15: "\x{306B}"
            text run at (1552,0) width 286: "\x{89AA}\x{53CB}\x{304C}\x{5949}\x{8077}\x{3057}\x{3066}\x{3044}\x{308B}\x{6B21}\x{7B2C}\x{3067}\x{3082}\x{306A}\x{3044}\x{3002}\x{8D85}\x{7136}\x{3068}"
          LayoutRuby (inline) {RUBY} at (0,0) size 19x65
            LayoutRubyRun (anonymous) at (1552,286) size 20x64.17
              LayoutRubyText {RT} at (-12,0) size 12x64.17
                LayoutText {#text} at (0,0) size 12x65
                  text run at (0,0) width 65: "\x{3057}\x{3085}\x{3063}\x{305B}\x{3051}\x{3093}\x{3066}\x{304D}"
              LayoutRubyBase (anonymous) at (0,0) size 20x64.17
                LayoutInline {RB} at (0,0) size 19x65
                  LayoutText {#text} at (0,0) size 19x65
                    text run at (0,0) width 64: "\x{51FA}\x{4E16}\x{9593}\x{7684}"
          LayoutText {#text} at (1552,350) size 50x491
            text run at (1552,350) width 141: "\x{306B}\x{5229}\x{5BB3}\x{640D}\x{5F97}\x{306E}\x{6C57}\x{3092}\x{6D41}"
            text run at (1583,0) width 179: "\x{3057}\x{53BB}\x{3063}\x{305F}\x{5FC3}\x{6301}\x{3061}\x{306B}\x{306A}\x{308C}\x{308B}\x{3002}"
          LayoutRuby (inline) {RUBY} at (0,0) size 19x22
            LayoutRubyRun (anonymous) at (1583,174.38) size 20x25.36
              LayoutRubyText {RT} at (-12,0) size 12x25.36
                LayoutText {#text} at (0,0) size 12x26
                  text run at (0,0) width 26: "\x{3072}\x{3068}\x{308A}"
              LayoutRubyBase (anonymous) at (0,0) size 20x25.36
                LayoutInline {RB} at (0,0) size 19x17
                  LayoutText {#text} at (0,4) size 19x17
                    text run at (0,4) width 16: "\x{72EC}"
          LayoutRuby (inline) {RUBY} at (0,0) size 19x84
            LayoutRubyRun (anonymous) at (1583,199.73) size 20x86
              LayoutRubyText {RT} at (-12,0) size 12x86
                LayoutText {#text} at (0,0) size 12x86
                  text run at (0,0) width 86: "\x{3086}\x{3046}\x{3053}\x{3046}\x{306E}\x{3046}\x{3061}\x{306B}\x{3056}\x{3057}"
              LayoutRubyBase (anonymous) at (0,0) size 20x86
                LayoutInline {RB} at (0,0) size 19x81
                  LayoutText {#text} at (0,2) size 19x81
                    text run at (0,2) width 80: "\x{5750}\x{5E7D}\x{7BC1}\x{88CF}"
          LayoutText {#text} at (1583,282) size 19x17
            text run at (1583,282) width 16: "\x{3001}"
          LayoutRuby (inline) {RUBY} at (0,0) size 19x57
            LayoutRubyRun (anonymous) at (1583,294.73) size 20x59.84
              LayoutRubyText {RT} at (-12,0) size 12x59.84
                LayoutText {#text} at (0,0) size 12x60
                  text run at (0,0) width 60: "\x{304D}\x{3093}\x{3092}\x{3060}\x{3093}\x{3058}\x{3066}"
              LayoutRubyBase (anonymous) at (0,0) size 20x59.84
                LayoutInline {RB} at (0,0) size 19x46
                  LayoutText {#text} at (0,6) size 19x46
                    text run at (0,6) width 45: "\x{5F3E}\x{7434}"
          LayoutRuby (inline) {RUBY} at (0,0) size 19x73
            LayoutRubyRun (anonymous) at (1583,354.58) size 20x76.05
              LayoutRubyText {RT} at (-12,0) size 12x76.05
                LayoutText {#text} at (0,0) size 12x77
                  text run at (0,0) width 77: "\x{307E}\x{305F}\x{3061}\x{3087}\x{3046}\x{3057}\x{3087}\x{3046}\x{3059}"
              LayoutRubyBase (anonymous) at (0,0) size 20x76.05
                LayoutInline {RB} at (0,0) size 19x67
                  LayoutText {#text} at (0,4) size 19x67
                    text run at (0,4) width 66: "\x{5FA9}\x{9577}\x{562F}"
          LayoutText {#text} at (1583,426) size 19x17
            text run at (1583,426) width 16: "\x{3001}"
          LayoutRuby (inline) {RUBY} at (0,0) size 19x35
            LayoutRubyRun (anonymous) at (1583,442.63) size 20x34.08
              LayoutRubyText {RT} at (-12,0) size 12x34.08
                LayoutText {#text} at (0,0) size 12x35
                  text run at (0,0) width 35: "\x{3057}\x{3093}\x{308A}\x{3093}"
              LayoutRubyBase (anonymous) at (0,0) size 20x34.08
                LayoutInline {RB} at (0,0) size 19x34
                  LayoutText {#text} at (0,0) size 19x34
                    text run at (0,0) width 33: "\x{6DF1}\x{6797}"
          LayoutRuby (inline) {RUBY} at (0,0) size 19x48
            LayoutRubyRun (anonymous) at (1614,0) size 20x48
              LayoutRubyText {RT} at (-12,0) size 12x48
                LayoutText {#text} at (0,0) size 12x48
                  text run at (0,0) width 47: "\x{3072}\x{3068}\x{3057}\x{3089}\x{305A}"
              LayoutRubyBase (anonymous) at (0,0) size 20x48
                LayoutInline {RB} at (0,0) size 19x48
                  LayoutText {#text} at (0,0) size 19x48
                    text run at (0,0) width 48: "\x{4EBA}\x{4E0D}\x{77E5}"
          LayoutText {#text} at (1614,48) size 19x16
            text run at (1614,48) width 16: "\x{3001}"
          LayoutRuby (inline) {RUBY} at (0,0) size 19x64
            LayoutRubyRun (anonymous) at (1614,61) size 20x66.23
              LayoutRubyText {RT} at (-12,0) size 12x66.23
                LayoutText {#text} at (0,0) size 12x67
                  text run at (0,0) width 67: "\x{3081}\x{3044}\x{3052}\x{3064}\x{304D}\x{305F}\x{308A}\x{3066}"
              LayoutRubyBase (anonymous) at (0,0) size 20x66.23
                LayoutInline {RB} at (0,0) size 19x61
                  LayoutText {#text} at (0,3) size 19x61
                    text run at (0,3) width 60: "\x{660E}\x{6708}\x{6765}"
          LayoutRuby (inline) {RUBY} at (0,0) size 19x41
            LayoutRubyRun (anonymous) at (1614,127.23) size 20x42.16
              LayoutRubyText {RT} at (-12,0) size 12x42.16
                LayoutText {#text} at (0,0) size 12x43
                  text run at (0,0) width 43: "\x{3042}\x{3044}\x{3066}\x{3089}\x{3059}"
              LayoutRubyBase (anonymous) at (0,0) size 20x42.16
                LayoutInline {RB} at (0,0) size 19x38
                  LayoutText {#text} at (0,2) size 19x38
                    text run at (0,2) width 37: "\x{76F8}\x{7167}"
          LayoutText {#text} at (1614,167) size 19x157
            text run at (1614,167) width 156: "\x{3002}\x{305F}\x{3060}\x{4E8C}\x{5341}\x{5B57}\x{306E}\x{3046}\x{3061}\x{306B}"
          LayoutRuby (inline) {RUBY} at (0,0) size 19x17
            LayoutRubyRun (anonymous) at (1614,322.02) size 20x18
              LayoutRubyText {RT} at (-12,0) size 12x18
                LayoutText {#text} at (0,0) size 12x18
                  text run at (0,0) width 18: "\x{3086}\x{3046}"
              LayoutRubyBase (anonymous) at (0,0) size 20x18
                LayoutInline {RB} at (0,0) size 19x16
                  LayoutText {#text} at (0,1) size 19x16
                    text run at (0,1) width 16: "\x{512A}"
          LayoutText {#text} at (1614,339) size 19x15
            text run at (1614,339) width 15: "\x{306B}"
          LayoutRuby (inline) {RUBY} at (0,0) size 19x49
            LayoutRubyRun (anonymous) at (1614,353.14) size 20x48
              LayoutRubyText {RT} at (-12,0) size 12x48
                LayoutText {#text} at (0,0) size 12x48
                  text run at (0,0) width 48: "\x{3079}\x{3064}\x{3051}\x{3093}\x{3053}\x{3093}"
              LayoutRubyBase (anonymous) at (0,0) size 20x48
                LayoutInline {RB} at (0,0) size 19x48
                  LayoutText {#text} at (0,0) size 19x48
                    text run at (0,0) width 48: "\x{5225}\x{4E7E}\x{5764}"
          LayoutText {#text} at (1614,401) size 19x17
            text run at (1614,401) width 16: "\x{3092}"
          LayoutRuby (inline) {RUBY} at (0,0) size 19x38
            LayoutRubyRun (anonymous) at (1614,415.14) size 20x41.59
              LayoutRubyText {RT} at (-12,0) size 12x41.59
                LayoutText {#text} at (0,0) size 12x42
                  text run at (0,0) width 42: "\x{3053}\x{3093}\x{308A}\x{3085}\x{3046}"
              LayoutRubyBase (anonymous) at (0,0) size 20x41.59
                LayoutInline {RB} at (0,0) size 19x37
                  LayoutText {#text} at (0,2) size 19x37
                    text run at (0,2) width 36: "\x{5EFA}\x{7ACB}"
          LayoutText {#text} at (1614,454) size 50x497
            text run at (1614,454) width 42: "\x{3057}\x{3066}\x{3044}"
            text run at (1645,0) width 102: "\x{308B}\x{3002}\x{3053}\x{306E}\x{4E7E}\x{5764}\x{306E}"
          LayoutRuby (inline) {RUBY} at (0,0) size 19x33
            LayoutRubyRun (anonymous) at (1645,101.38) size 20x32
              LayoutRubyText {RT} at (-12,0) size 12x32
                LayoutText {#text} at (0,1) size 12x30
                  text run at (0,1) width 30: "\x{304F}\x{3069}\x{304F}"
              LayoutRubyBase (anonymous) at (0,0) size 20x32
                LayoutInline {RB} at (0,0) size 19x32
                  LayoutText {#text} at (0,0) size 19x32
                    text run at (0,0) width 32: "\x{529F}\x{5FB3}"
          LayoutText {#text} at (1645,133) size 19x32
            text run at (1645,133) width 32: "\x{306F}\x{300C}"
          LayoutRuby (inline) {RUBY} at (0,0) size 19x49
            LayoutRubyRun (anonymous) at (1645,164.56) size 20x48
              LayoutRubyText {RT} at (-12,0) size 12x48
                LayoutText {#text} at (0,0) size 12x47
                  text run at (0,0) width 46: "\x{307B}\x{3068}\x{3068}\x{304E}\x{3059}"
              LayoutRubyBase (anonymous) at (0,0) size 20x48
                LayoutInline {RB} at (0,0) size 19x48
                  LayoutText {#text} at (0,0) size 19x48
                    text run at (0,0) width 48: "\x{4E0D}\x{5982}\x{5E30}"
          LayoutText {#text} at (1645,212) size 19x48
            text run at (1645,212) width 47: "\x{300D}\x{3084}\x{300C}"
          LayoutRuby (inline) {RUBY} at (0,0) size 19x65
            LayoutRubyRun (anonymous) at (1645,259.31) size 20x64
              LayoutRubyText {RT} at (-12,0) size 12x64
                LayoutText {#text} at (0,0) size 12x63
                  text run at (0,0) width 63: "\x{3053}\x{3093}\x{3058}\x{304D}\x{3084}\x{3057}\x{3083}"
              LayoutRubyBase (anonymous) at (0,0) size 20x64
                LayoutInline {RB} at (0,0) size 19x64
                  LayoutText {#text} at (0,0) size 19x64
                    text run at (0,0) width 64: "\x{91D1}\x{8272}\x{591C}\x{53C9}"
          LayoutText {#text} at (1645,323) size 50x504
            text run at (1645,323) width 180: "\x{300D}\x{306E}\x{529F}\x{5FB3}\x{3067}\x{306F}\x{306A}\x{3044}\x{3002}\x{6C7D}\x{8239}\x{3001}"
            text run at (1676,0) width 316: "\x{6C7D}\x{8ECA}\x{3001}\x{6A29}\x{5229}\x{3001}\x{7FA9}\x{52D9}\x{3001}\x{9053}\x{5FB3}\x{3001}\x{793C}\x{7FA9}\x{3067}\x{75B2}\x{308C}\x{679C}\x{3066}\x{305F}"
          LayoutRuby (inline) {RUBY} at (0,0) size 19x18
            LayoutRubyRun (anonymous) at (1676,315.94) size 20x16.95
              LayoutRubyText {RT} at (-12,0) size 12x16.95
                LayoutText {#text} at (0,0) size 12x18
                  text run at (0,0) width 17: "\x{306E}\x{3061}"
              LayoutRubyBase (anonymous) at (0,0) size 20x16.95
                LayoutInline {RB} at (0,0) size 19x17
                  LayoutText {#text} at (0,0) size 19x17
                    text run at (0,0) width 16: "\x{5F8C}"
          LayoutText {#text} at (1676,332) size 39x504
            text run at (1676,332) width 171: "\x{306B}\x{3001}\x{3059}\x{3079}\x{3066}\x{3092}\x{5FD8}\x{5374}\x{3057}\x{3066}\x{3050}\x{3063}"
            text run at (1696,0) width 216: "\x{3059}\x{308A}\x{5BDD}\x{8FBC}\x{3080}\x{3088}\x{3046}\x{306A}\x{529F}\x{5FB3}\x{3067}\x{3042}\x{308B}\x{3002}"
          LayoutBR {BR} at (1696,215) size 19x1
