EDITING DELEGATE: webViewDidChangeSelection:WebViewDidChangeSelectionNotification
EDITING DELEGATE: webViewDidChangeSelection:WebViewDidChangeSelectionNotification
EDITING DELEGATE: webViewDidChange:WebViewDidChangeNotification
EDITING DELEGATE: webViewDidChangeSelection:WebViewDidChangeSelectionNotification
EDITING DELEGATE: webViewDidChangeSelection:WebViewDidChangeSelectionNotification
EDITING DELEGATE: webViewDidChange:WebViewDidChangeNotification
EDITING DELEGATE: webViewDidChangeSelection:WebViewDidChangeSelectionNotification
EDITING DELEGATE: webViewDidChange:WebViewDidChangeNotification
EDITING DELEGATE: webViewDidChangeSelection:WebViewDidChangeSelectionNotification
EDITING DELEGATE: webViewDidChange:WebViewDidChangeNotification
EDITING DELEGATE: webViewDidChangeSelection:WebViewDidChangeSelectionNotification
EDITING DELEGATE: webViewDidChange:WebViewDidChangeNotification
layer at (0,0) size 800x600
  LayoutView at (0,0) size 800x600
layer at (0,0) size 800x600
  LayoutBlockFlow {HTML} at (0,0) size 800x600
    LayoutBlockFlow {BODY} at (8,8) size 784x584
      LayoutBlockFlow {DIV} at (0,0) size 784x18
        LayoutText {#text} at (0,0) size 777x18
          text run at (0,0) width 777: "You should see 'a' on the first line below, and 'zz a' on the second line. 'zz' (and only 'zz') should be marked as misspelled."
      LayoutBlockFlow {DIV} at (0,18) size 784x84 [border: (2px solid #FF0000)]
        LayoutBlockFlow (anonymous) at (14,14) size 756x28
          LayoutInline {SPAN} at (0,0) size 11x28
            LayoutText {#text} at (0,0) size 11x28
              text run at (0,0) width 11: "a"
        LayoutBlockFlow {DIV} at (14,42) size 756x28
          LayoutInline {SPAN} at (0,0) size 38x28
            LayoutText {#text} at (0,0) size 38x28
              text run at (0,0) width 38: "zz a"
          LayoutText {#text} at (0,0) size 0x0
caret: position 3 of child 0 {#text} of child 0 {SPAN} of child 2 {DIV} of child 3 {DIV} of body
