layer at (0,0) size 800x600
  LayoutView at (0,0) size 800x600
layer at (0,0) size 800x600
  LayoutBlockFlow {HTML} at (0,0) size 800x600
    LayoutBlockFlow {BODY} at (8,8) size 784x584
      LayoutFieldset {FIELDSET} at (2,0) size 780x370.59 [border: (2px groove #C0C0C0)]
        LayoutBlockFlow {DIV} at (14,7.59) size 752x351
          LayoutInline {DIV} at (0,0) size 121x19
            LayoutInline {DIV} at (0,0) size 121x19
              LayoutText {#text} at (0,0) size 0x0
              LayoutInline {A} at (0,0) size 50x19 [color=#0000EE]
                LayoutBlockFlow {IMG} at (0,0) size 50x34
              LayoutText {#text} at (50,19) size 4x19
                text run at (50,19) width 4: " "
              LayoutBlockFlow {INPUT} at (58,21) size 13x13
              LayoutInline {LABEL} at (0,0) size 43x19
                LayoutText {#text} at (74,19) size 43x19
                  text run at (74,19) width 43: "Classic"
              LayoutText {#text} at (117,19) size 4x19
                text run at (117,19) width 4: " "
          LayoutText {#text} at (0,0) size 0x0
          LayoutInline {DIV} at (0,0) size 115x19
            LayoutInline {DIV} at (0,0) size 115x19
              LayoutText {#text} at (0,0) size 0x0
              LayoutInline {A} at (0,0) size 50x19 [color=#0000EE]
                LayoutBlockFlow {IMG} at (121,0) size 50x34
              LayoutText {#text} at (171,19) size 4x19
                text run at (171,19) width 4: " "
              LayoutBlockFlow {INPUT} at (179,21) size 13x13
              LayoutInline {LABEL} at (0,0) size 37x19
                LayoutText {#text} at (195,19) size 37x19
                  text run at (195,19) width 37: "Africa"
              LayoutText {#text} at (232,19) size 4x19
                text run at (232,19) width 4: " "
          LayoutText {#text} at (0,0) size 0x0
          LayoutInline {DIV} at (0,0) size 196x19
            LayoutInline {DIV} at (0,0) size 196x19
              LayoutText {#text} at (0,0) size 0x0
              LayoutInline {A} at (0,0) size 50x19 [color=#0000EE]
                LayoutBlockFlow {IMG} at (236,0) size 50x34
              LayoutText {#text} at (286,19) size 4x19
                text run at (286,19) width 4: " "
              LayoutBlockFlow {INPUT} at (294,21) size 13x13
              LayoutInline {LABEL} at (0,0) size 118x19
                LayoutText {#text} at (310,19) size 118x19
                  text run at (310,19) width 118: "Alexander's Empire"
              LayoutText {#text} at (428,19) size 4x19
                text run at (428,19) width 4: " "
          LayoutText {#text} at (0,0) size 0x0
          LayoutInline {DIV} at (0,0) size 172x19
            LayoutInline {DIV} at (0,0) size 172x19
              LayoutText {#text} at (0,0) size 0x0
              LayoutInline {A} at (0,0) size 50x19 [color=#0000EE]
                LayoutBlockFlow {IMG} at (432,0) size 50x34
              LayoutText {#text} at (482,19) size 4x19
                text run at (482,19) width 4: " "
              LayoutBlockFlow {INPUT} at (490,21) size 13x13
              LayoutInline {LABEL} at (0,0) size 94x19
                LayoutText {#text} at (506,19) size 94x19
                  text run at (506,19) width 94: "Ancient Greece"
              LayoutText {#text} at (600,19) size 4x19
                text run at (600,19) width 4: " "
          LayoutText {#text} at (0,0) size 0x0
          LayoutInline {DIV} at (0,0) size 117x19
            LayoutInline {DIV} at (0,0) size 117x19
              LayoutText {#text} at (0,0) size 0x0
              LayoutInline {A} at (0,0) size 50x19 [color=#0000EE]
                LayoutBlockFlow {IMG} at (604,0) size 50x34
              LayoutText {#text} at (654,19) size 4x19
                text run at (654,19) width 4: " "
              LayoutBlockFlow {INPUT} at (662,21) size 13x13
              LayoutInline {LABEL} at (0,0) size 43x19
                LayoutText {#text} at (678,19) size 43x19
                  text run at (678,19) width 43: "Classic"
              LayoutText {#text} at (0,0) size 0x0
          LayoutText {#text} at (0,0) size 0x0
          LayoutInline {DIV} at (0,0) size 115x19
            LayoutInline {DIV} at (0,0) size 115x19
              LayoutText {#text} at (0,0) size 0x0
              LayoutInline {A} at (0,0) size 50x19 [color=#0000EE]
                LayoutBlockFlow {IMG} at (0,39) size 50x34
              LayoutText {#text} at (50,58) size 4x19
                text run at (50,58) width 4: " "
              LayoutBlockFlow {INPUT} at (58,60) size 13x13
              LayoutInline {LABEL} at (0,0) size 37x19
                LayoutText {#text} at (74,58) size 37x19
                  text run at (74,58) width 37: "Africa"
              LayoutText {#text} at (111,58) size 4x19
                text run at (111,58) width 4: " "
          LayoutText {#text} at (0,0) size 0x0
          LayoutInline {DIV} at (0,0) size 196x19
            LayoutInline {DIV} at (0,0) size 196x19
              LayoutText {#text} at (0,0) size 0x0
              LayoutInline {A} at (0,0) size 50x19 [color=#0000EE]
                LayoutBlockFlow {IMG} at (115,39) size 50x34
              LayoutText {#text} at (165,58) size 4x19
                text run at (165,58) width 4: " "
              LayoutBlockFlow {INPUT} at (173,60) size 13x13
              LayoutInline {LABEL} at (0,0) size 118x19
                LayoutText {#text} at (189,58) size 118x19
                  text run at (189,58) width 118: "Alexander's Empire"
              LayoutText {#text} at (307,58) size 4x19
                text run at (307,58) width 4: " "
          LayoutText {#text} at (0,0) size 0x0
          LayoutInline {DIV} at (0,0) size 172x19
            LayoutInline {DIV} at (0,0) size 172x19
              LayoutText {#text} at (0,0) size 0x0
              LayoutInline {A} at (0,0) size 50x19 [color=#0000EE]
                LayoutBlockFlow {IMG} at (311,39) size 50x34
              LayoutText {#text} at (361,58) size 4x19
                text run at (361,58) width 4: " "
              LayoutBlockFlow {INPUT} at (369,60) size 13x13
              LayoutInline {LABEL} at (0,0) size 94x19
                LayoutText {#text} at (385,58) size 94x19
                  text run at (385,58) width 94: "Ancient Greece"
              LayoutText {#text} at (479,58) size 4x19
                text run at (479,58) width 4: " "
          LayoutText {#text} at (0,0) size 0x0
          LayoutInline {DIV} at (0,0) size 121x19
            LayoutInline {DIV} at (0,0) size 121x19
              LayoutText {#text} at (0,0) size 0x0
              LayoutInline {A} at (0,0) size 50x19 [color=#0000EE]
                LayoutBlockFlow {IMG} at (483,39) size 50x34
              LayoutText {#text} at (533,58) size 4x19
                text run at (533,58) width 4: " "
              LayoutBlockFlow {INPUT} at (541,60) size 13x13
              LayoutInline {LABEL} at (0,0) size 43x19
                LayoutText {#text} at (557,58) size 43x19
                  text run at (557,58) width 43: "Classic"
              LayoutText {#text} at (600,58) size 4x19
                text run at (600,58) width 4: " "
          LayoutText {#text} at (0,0) size 0x0
          LayoutInline {DIV} at (0,0) size 111x19
            LayoutInline {DIV} at (0,0) size 111x19
              LayoutText {#text} at (0,0) size 0x0
              LayoutInline {A} at (0,0) size 50x19 [color=#0000EE]
                LayoutBlockFlow {IMG} at (604,39) size 50x34
              LayoutText {#text} at (654,58) size 4x19
                text run at (654,58) width 4: " "
              LayoutBlockFlow {INPUT} at (662,60) size 13x13
              LayoutInline {LABEL} at (0,0) size 37x19
                LayoutText {#text} at (678,58) size 37x19
                  text run at (678,58) width 37: "Africa"
              LayoutText {#text} at (0,0) size 0x0
          LayoutText {#text} at (0,0) size 0x0
          LayoutInline {DIV} at (0,0) size 196x19
            LayoutInline {DIV} at (0,0) size 196x19
              LayoutText {#text} at (0,0) size 0x0
              LayoutInline {A} at (0,0) size 50x19 [color=#0000EE]
                LayoutBlockFlow {IMG} at (0,78) size 50x34
              LayoutText {#text} at (50,97) size 4x19
                text run at (50,97) width 4: " "
              LayoutBlockFlow {INPUT} at (58,99) size 13x13
              LayoutInline {LABEL} at (0,0) size 118x19
                LayoutText {#text} at (74,97) size 118x19
                  text run at (74,97) width 118: "Alexander's Empire"
              LayoutText {#text} at (192,97) size 4x19
                text run at (192,97) width 4: " "
          LayoutText {#text} at (0,0) size 0x0
          LayoutInline {DIV} at (0,0) size 172x19
            LayoutInline {DIV} at (0,0) size 172x19
              LayoutText {#text} at (0,0) size 0x0
              LayoutInline {A} at (0,0) size 50x19 [color=#0000EE]
                LayoutBlockFlow {IMG} at (196,78) size 50x34
              LayoutText {#text} at (246,97) size 4x19
                text run at (246,97) width 4: " "
              LayoutBlockFlow {INPUT} at (254,99) size 13x13
              LayoutInline {LABEL} at (0,0) size 94x19
                LayoutText {#text} at (270,97) size 94x19
                  text run at (270,97) width 94: "Ancient Greece"
              LayoutText {#text} at (364,97) size 4x19
                text run at (364,97) width 4: " "
          LayoutText {#text} at (0,0) size 0x0
          LayoutInline {DIV} at (0,0) size 121x19
            LayoutInline {DIV} at (0,0) size 121x19
              LayoutText {#text} at (0,0) size 0x0
              LayoutInline {A} at (0,0) size 50x19 [color=#0000EE]
                LayoutBlockFlow {IMG} at (368,78) size 50x34
              LayoutText {#text} at (418,97) size 4x19
                text run at (418,97) width 4: " "
              LayoutBlockFlow {INPUT} at (426,99) size 13x13
              LayoutInline {LABEL} at (0,0) size 43x19
                LayoutText {#text} at (442,97) size 43x19
                  text run at (442,97) width 43: "Classic"
              LayoutText {#text} at (485,97) size 4x19
                text run at (485,97) width 4: " "
          LayoutText {#text} at (0,0) size 0x0
          LayoutInline {DIV} at (0,0) size 111x19
            LayoutInline {DIV} at (0,0) size 111x19
              LayoutText {#text} at (0,0) size 0x0
              LayoutInline {A} at (0,0) size 50x19 [color=#0000EE]
                LayoutBlockFlow {IMG} at (489,78) size 50x34
              LayoutText {#text} at (539,97) size 4x19
                text run at (539,97) width 4: " "
              LayoutBlockFlow {INPUT} at (547,99) size 13x13
              LayoutInline {LABEL} at (0,0) size 37x19
                LayoutText {#text} at (563,97) size 37x19
                  text run at (563,97) width 37: "Africa"
              LayoutText {#text} at (0,0) size 0x0
          LayoutText {#text} at (0,0) size 0x0
          LayoutInline {DIV} at (0,0) size 196x19
            LayoutInline {DIV} at (0,0) size 196x19
              LayoutText {#text} at (0,0) size 0x0
              LayoutInline {A} at (0,0) size 50x19 [color=#0000EE]
                LayoutBlockFlow {IMG} at (0,117) size 50x34
              LayoutText {#text} at (50,136) size 4x19
                text run at (50,136) width 4: " "
              LayoutBlockFlow {INPUT} at (58,138) size 13x13
              LayoutInline {LABEL} at (0,0) size 118x19
                LayoutText {#text} at (74,136) size 118x19
                  text run at (74,136) width 118: "Alexander's Empire"
              LayoutText {#text} at (192,136) size 4x19
                text run at (192,136) width 4: " "
          LayoutText {#text} at (0,0) size 0x0
          LayoutInline {DIV} at (0,0) size 172x19
            LayoutInline {DIV} at (0,0) size 172x19
              LayoutText {#text} at (0,0) size 0x0
              LayoutInline {A} at (0,0) size 50x19 [color=#0000EE]
                LayoutBlockFlow {IMG} at (196,117) size 50x34
              LayoutText {#text} at (246,136) size 4x19
                text run at (246,136) width 4: " "
              LayoutBlockFlow {INPUT} at (254,138) size 13x13
              LayoutInline {LABEL} at (0,0) size 94x19
                LayoutText {#text} at (270,136) size 94x19
                  text run at (270,136) width 94: "Ancient Greece"
              LayoutText {#text} at (364,136) size 4x19
                text run at (364,136) width 4: " "
          LayoutText {#text} at (0,0) size 0x0
          LayoutInline {DIV} at (0,0) size 121x19
            LayoutInline {DIV} at (0,0) size 121x19
              LayoutText {#text} at (0,0) size 0x0
              LayoutInline {A} at (0,0) size 50x19 [color=#0000EE]
                LayoutBlockFlow {IMG} at (368,117) size 50x34
              LayoutText {#text} at (418,136) size 4x19
                text run at (418,136) width 4: " "
              LayoutBlockFlow {INPUT} at (426,138) size 13x13
              LayoutInline {LABEL} at (0,0) size 43x19
                LayoutText {#text} at (442,136) size 43x19
                  text run at (442,136) width 43: "Classic"
              LayoutText {#text} at (485,136) size 4x19
                text run at (485,136) width 4: " "
          LayoutText {#text} at (0,0) size 0x0
          LayoutInline {DIV} at (0,0) size 111x19
            LayoutInline {DIV} at (0,0) size 111x19
              LayoutText {#text} at (0,0) size 0x0
              LayoutInline {A} at (0,0) size 50x19 [color=#0000EE]
                LayoutBlockFlow {IMG} at (489,117) size 50x34
              LayoutText {#text} at (539,136) size 4x19
                text run at (539,136) width 4: " "
              LayoutBlockFlow {INPUT} at (547,138) size 13x13
              LayoutInline {LABEL} at (0,0) size 37x19
                LayoutText {#text} at (563,136) size 37x19
                  text run at (563,136) width 37: "Africa"
              LayoutText {#text} at (0,0) size 0x0
          LayoutText {#text} at (0,0) size 0x0
          LayoutInline {DIV} at (0,0) size 196x19
            LayoutInline {DIV} at (0,0) size 196x19
              LayoutText {#text} at (0,0) size 0x0
              LayoutInline {A} at (0,0) size 50x19 [color=#0000EE]
                LayoutBlockFlow {IMG} at (0,156) size 50x34
              LayoutText {#text} at (50,175) size 4x19
                text run at (50,175) width 4: " "
              LayoutBlockFlow {INPUT} at (58,177) size 13x13
              LayoutInline {LABEL} at (0,0) size 118x19
                LayoutText {#text} at (74,175) size 118x19
                  text run at (74,175) width 118: "Alexander's Empire"
              LayoutText {#text} at (192,175) size 4x19
                text run at (192,175) width 4: " "
          LayoutText {#text} at (0,0) size 0x0
          LayoutInline {DIV} at (0,0) size 172x19
            LayoutInline {DIV} at (0,0) size 172x19
              LayoutText {#text} at (0,0) size 0x0
              LayoutInline {A} at (0,0) size 50x19 [color=#0000EE]
                LayoutBlockFlow {IMG} at (196,156) size 50x34
              LayoutText {#text} at (246,175) size 4x19
                text run at (246,175) width 4: " "
              LayoutBlockFlow {INPUT} at (254,177) size 13x13
              LayoutInline {LABEL} at (0,0) size 94x19
                LayoutText {#text} at (270,175) size 94x19
                  text run at (270,175) width 94: "Ancient Greece"
              LayoutText {#text} at (364,175) size 4x19
                text run at (364,175) width 4: " "
          LayoutText {#text} at (0,0) size 0x0
          LayoutInline {DIV} at (0,0) size 121x19
            LayoutInline {DIV} at (0,0) size 121x19
              LayoutText {#text} at (0,0) size 0x0
              LayoutInline {A} at (0,0) size 50x19 [color=#0000EE]
                LayoutBlockFlow {IMG} at (368,156) size 50x34
              LayoutText {#text} at (418,175) size 4x19
                text run at (418,175) width 4: " "
              LayoutBlockFlow {INPUT} at (426,177) size 13x13
              LayoutInline {LABEL} at (0,0) size 43x19
                LayoutText {#text} at (442,175) size 43x19
                  text run at (442,175) width 43: "Classic"
              LayoutText {#text} at (485,175) size 4x19
                text run at (485,175) width 4: " "
          LayoutText {#text} at (0,0) size 0x0
          LayoutInline {DIV} at (0,0) size 111x19
            LayoutInline {DIV} at (0,0) size 111x19
              LayoutText {#text} at (0,0) size 0x0
              LayoutInline {A} at (0,0) size 50x19 [color=#0000EE]
                LayoutBlockFlow {IMG} at (489,156) size 50x34
              LayoutText {#text} at (539,175) size 4x19
                text run at (539,175) width 4: " "
              LayoutBlockFlow {INPUT} at (547,177) size 13x13
              LayoutInline {LABEL} at (0,0) size 37x19
                LayoutText {#text} at (563,175) size 37x19
                  text run at (563,175) width 37: "Africa"
              LayoutText {#text} at (0,0) size 0x0
          LayoutText {#text} at (0,0) size 0x0
          LayoutInline {DIV} at (0,0) size 196x19
            LayoutInline {DIV} at (0,0) size 196x19
              LayoutText {#text} at (0,0) size 0x0
              LayoutInline {A} at (0,0) size 50x19 [color=#0000EE]
                LayoutBlockFlow {IMG} at (0,195) size 50x34
              LayoutText {#text} at (50,214) size 4x19
                text run at (50,214) width 4: " "
              LayoutBlockFlow {INPUT} at (58,216) size 13x13
              LayoutInline {LABEL} at (0,0) size 118x19
                LayoutText {#text} at (74,214) size 118x19
                  text run at (74,214) width 118: "Alexander's Empire"
              LayoutText {#text} at (192,214) size 4x19
                text run at (192,214) width 4: " "
          LayoutText {#text} at (0,0) size 0x0
          LayoutInline {DIV} at (0,0) size 172x19
            LayoutInline {DIV} at (0,0) size 172x19
              LayoutText {#text} at (0,0) size 0x0
              LayoutInline {A} at (0,0) size 50x19 [color=#0000EE]
                LayoutBlockFlow {IMG} at (196,195) size 50x34
              LayoutText {#text} at (246,214) size 4x19
                text run at (246,214) width 4: " "
              LayoutBlockFlow {INPUT} at (254,216) size 13x13
              LayoutInline {LABEL} at (0,0) size 94x19
                LayoutText {#text} at (270,214) size 94x19
                  text run at (270,214) width 94: "Ancient Greece"
              LayoutText {#text} at (364,214) size 4x19
                text run at (364,214) width 4: " "
          LayoutText {#text} at (0,0) size 0x0
          LayoutInline {DIV} at (0,0) size 121x19
            LayoutInline {DIV} at (0,0) size 121x19
              LayoutText {#text} at (0,0) size 0x0
              LayoutInline {A} at (0,0) size 50x19 [color=#0000EE]
                LayoutBlockFlow {IMG} at (368,195) size 50x34
              LayoutText {#text} at (418,214) size 4x19
                text run at (418,214) width 4: " "
              LayoutBlockFlow {INPUT} at (426,216) size 13x13
              LayoutInline {LABEL} at (0,0) size 43x19
                LayoutText {#text} at (442,214) size 43x19
                  text run at (442,214) width 43: "Classic"
              LayoutText {#text} at (485,214) size 4x19
                text run at (485,214) width 4: " "
          LayoutText {#text} at (0,0) size 0x0
          LayoutInline {DIV} at (0,0) size 111x19
            LayoutInline {DIV} at (0,0) size 111x19
              LayoutText {#text} at (0,0) size 0x0
              LayoutInline {A} at (0,0) size 50x19 [color=#0000EE]
                LayoutBlockFlow {IMG} at (489,195) size 50x34
              LayoutText {#text} at (539,214) size 4x19
                text run at (539,214) width 4: " "
              LayoutBlockFlow {INPUT} at (547,216) size 13x13
              LayoutInline {LABEL} at (0,0) size 37x19
                LayoutText {#text} at (563,214) size 37x19
                  text run at (563,214) width 37: "Africa"
              LayoutText {#text} at (0,0) size 0x0
          LayoutText {#text} at (0,0) size 0x0
          LayoutInline {DIV} at (0,0) size 196x19
            LayoutInline {DIV} at (0,0) size 196x19
              LayoutText {#text} at (0,0) size 0x0
              LayoutInline {A} at (0,0) size 50x19 [color=#0000EE]
                LayoutBlockFlow {IMG} at (0,234) size 50x34
              LayoutText {#text} at (50,253) size 4x19
                text run at (50,253) width 4: " "
              LayoutBlockFlow {INPUT} at (58,255) size 13x13
              LayoutInline {LABEL} at (0,0) size 118x19
                LayoutText {#text} at (74,253) size 118x19
                  text run at (74,253) width 118: "Alexander's Empire"
              LayoutText {#text} at (192,253) size 4x19
                text run at (192,253) width 4: " "
          LayoutText {#text} at (0,0) size 0x0
          LayoutInline {DIV} at (0,0) size 172x19
            LayoutInline {DIV} at (0,0) size 172x19
              LayoutText {#text} at (0,0) size 0x0
              LayoutInline {A} at (0,0) size 50x19 [color=#0000EE]
                LayoutBlockFlow {IMG} at (196,234) size 50x34
              LayoutText {#text} at (246,253) size 4x19
                text run at (246,253) width 4: " "
              LayoutBlockFlow {INPUT} at (254,255) size 13x13
              LayoutInline {LABEL} at (0,0) size 94x19
                LayoutText {#text} at (270,253) size 94x19
                  text run at (270,253) width 94: "Ancient Greece"
              LayoutText {#text} at (364,253) size 4x19
                text run at (364,253) width 4: " "
          LayoutText {#text} at (0,0) size 0x0
          LayoutInline {DIV} at (0,0) size 121x19
            LayoutInline {DIV} at (0,0) size 121x19
              LayoutText {#text} at (0,0) size 0x0
              LayoutInline {A} at (0,0) size 50x19 [color=#0000EE]
                LayoutBlockFlow {IMG} at (368,234) size 50x34
              LayoutText {#text} at (418,253) size 4x19
                text run at (418,253) width 4: " "
              LayoutBlockFlow {INPUT} at (426,255) size 13x13
              LayoutInline {LABEL} at (0,0) size 43x19
                LayoutText {#text} at (442,253) size 43x19
                  text run at (442,253) width 43: "Classic"
              LayoutText {#text} at (485,253) size 4x19
                text run at (485,253) width 4: " "
          LayoutText {#text} at (0,0) size 0x0
          LayoutInline {DIV} at (0,0) size 111x19
            LayoutInline {DIV} at (0,0) size 111x19
              LayoutText {#text} at (0,0) size 0x0
              LayoutInline {A} at (0,0) size 50x19 [color=#0000EE]
                LayoutBlockFlow {IMG} at (489,234) size 50x34
              LayoutText {#text} at (539,253) size 4x19
                text run at (539,253) width 4: " "
              LayoutBlockFlow {INPUT} at (547,255) size 13x13
              LayoutInline {LABEL} at (0,0) size 37x19
                LayoutText {#text} at (563,253) size 37x19
                  text run at (563,253) width 37: "Africa"
              LayoutText {#text} at (0,0) size 0x0
          LayoutText {#text} at (0,0) size 0x0
          LayoutInline {DIV} at (0,0) size 196x19
            LayoutInline {DIV} at (0,0) size 196x19
              LayoutText {#text} at (0,0) size 0x0
              LayoutInline {A} at (0,0) size 50x19 [color=#0000EE]
                LayoutBlockFlow {IMG} at (0,273) size 50x34
              LayoutText {#text} at (50,292) size 4x19
                text run at (50,292) width 4: " "
              LayoutBlockFlow {INPUT} at (58,294) size 13x13
              LayoutInline {LABEL} at (0,0) size 118x19
                LayoutText {#text} at (74,292) size 118x19
                  text run at (74,292) width 118: "Alexander's Empire"
              LayoutText {#text} at (192,292) size 4x19
                text run at (192,292) width 4: " "
          LayoutText {#text} at (0,0) size 0x0
          LayoutInline {DIV} at (0,0) size 172x19
            LayoutInline {DIV} at (0,0) size 172x19
              LayoutText {#text} at (0,0) size 0x0
              LayoutInline {A} at (0,0) size 50x19 [color=#0000EE]
                LayoutBlockFlow {IMG} at (196,273) size 50x34
              LayoutText {#text} at (246,292) size 4x19
                text run at (246,292) width 4: " "
              LayoutBlockFlow {INPUT} at (254,294) size 13x13
              LayoutInline {LABEL} at (0,0) size 94x19
                LayoutText {#text} at (270,292) size 94x19
                  text run at (270,292) width 94: "Ancient Greece"
              LayoutText {#text} at (364,292) size 4x19
                text run at (364,292) width 4: " "
          LayoutText {#text} at (0,0) size 0x0
          LayoutInline {DIV} at (0,0) size 121x19
            LayoutInline {DIV} at (0,0) size 121x19
              LayoutText {#text} at (0,0) size 0x0
              LayoutInline {A} at (0,0) size 50x19 [color=#0000EE]
                LayoutBlockFlow {IMG} at (368,273) size 50x34
              LayoutText {#text} at (418,292) size 4x19
                text run at (418,292) width 4: " "
              LayoutBlockFlow {INPUT} at (426,294) size 13x13
              LayoutInline {LABEL} at (0,0) size 43x19
                LayoutText {#text} at (442,292) size 43x19
                  text run at (442,292) width 43: "Classic"
              LayoutText {#text} at (485,292) size 4x19
                text run at (485,292) width 4: " "
          LayoutText {#text} at (0,0) size 0x0
          LayoutInline {DIV} at (0,0) size 111x19
            LayoutInline {DIV} at (0,0) size 111x19
              LayoutText {#text} at (0,0) size 0x0
              LayoutInline {A} at (0,0) size 50x19 [color=#0000EE]
                LayoutBlockFlow {IMG} at (489,273) size 50x34
              LayoutText {#text} at (539,292) size 4x19
                text run at (539,292) width 4: " "
              LayoutBlockFlow {INPUT} at (547,294) size 13x13
              LayoutInline {LABEL} at (0,0) size 37x19
                LayoutText {#text} at (563,292) size 37x19
                  text run at (563,292) width 37: "Africa"
              LayoutText {#text} at (0,0) size 0x0
          LayoutText {#text} at (0,0) size 0x0
          LayoutInline {DIV} at (0,0) size 196x19
            LayoutInline {DIV} at (0,0) size 196x19
              LayoutText {#text} at (0,0) size 0x0
              LayoutInline {A} at (0,0) size 50x19 [color=#0000EE]
                LayoutBlockFlow {IMG} at (0,312) size 50x34
              LayoutText {#text} at (50,331) size 4x19
                text run at (50,331) width 4: " "
              LayoutBlockFlow {INPUT} at (58,333) size 13x13
              LayoutInline {LABEL} at (0,0) size 118x19
                LayoutText {#text} at (74,331) size 118x19
                  text run at (74,331) width 118: "Alexander's Empire"
              LayoutText {#text} at (192,331) size 4x19
                text run at (192,331) width 4: " "
          LayoutText {#text} at (0,0) size 0x0
          LayoutInline {DIV} at (0,0) size 168x19
            LayoutInline {DIV} at (0,0) size 168x19
              LayoutText {#text} at (0,0) size 0x0
              LayoutInline {A} at (0,0) size 50x19 [color=#0000EE]
                LayoutBlockFlow {IMG} at (196,312) size 50x34
              LayoutText {#text} at (246,331) size 4x19
                text run at (246,331) width 4: " "
              LayoutBlockFlow {INPUT} at (254,333) size 13x13
              LayoutInline {LABEL} at (0,0) size 94x19
                LayoutText {#text} at (270,331) size 94x19
                  text run at (270,331) width 94: "Ancient Greece"
              LayoutText {#text} at (0,0) size 0x0
          LayoutText {#text} at (0,0) size 0x0
layer at (24,16) size 50x34 clip at (25,17) size 48x32
  LayoutBlockFlow {DIV} at (0,0) size 50x34 [border: (1px solid #C0C0C0)]
    LayoutImage (floating) {IMG} at (2,2) size 16x16
layer at (42,18) size 30x20 scrollWidth 43
  LayoutBlockFlow {DIV} at (18,2) size 30x20
    LayoutText {#text} at (0,0) size 43x19
      text run at (0,0) width 43: "Classic"
layer at (145,16) size 50x34 clip at (146,17) size 48x32
  LayoutBlockFlow {DIV} at (0,0) size 50x34 [border: (1px solid #C0C0C0)]
    LayoutImage (floating) {IMG} at (2,2) size 16x16
layer at (163,18) size 30x20 scrollWidth 37
  LayoutBlockFlow {DIV} at (18,2) size 30x20
    LayoutText {#text} at (0,0) size 37x19
      text run at (0,0) width 37: "Africa"
layer at (260,16) size 50x34 clip at (261,17) size 48x32
  LayoutBlockFlow {DIV} at (0,0) size 50x34 [border: (1px solid #C0C0C0)]
    LayoutImage (floating) {IMG} at (2,2) size 16x16
layer at (278,18) size 30x20 scrollWidth 118
  LayoutBlockFlow {DIV} at (18,2) size 30x20
    LayoutText {#text} at (0,0) size 118x19
      text run at (0,0) width 118: "Alexander's Empire"
layer at (456,16) size 50x34 clip at (457,17) size 48x32
  LayoutBlockFlow {DIV} at (0,0) size 50x34 [border: (1px solid #C0C0C0)]
    LayoutImage (floating) {IMG} at (2,2) size 16x16
layer at (474,18) size 30x20 scrollWidth 94
  LayoutBlockFlow {DIV} at (18,2) size 30x20
    LayoutText {#text} at (0,0) size 94x19
      text run at (0,0) width 94: "Ancient Greece"
layer at (628,16) size 50x34 clip at (629,17) size 48x32
  LayoutBlockFlow {DIV} at (0,0) size 50x34 [border: (1px solid #C0C0C0)]
    LayoutImage (floating) {IMG} at (2,2) size 16x16
layer at (646,18) size 30x20 scrollWidth 43
  LayoutBlockFlow {DIV} at (18,2) size 30x20
    LayoutText {#text} at (0,0) size 43x19
      text run at (0,0) width 43: "Classic"
layer at (24,55) size 50x34 clip at (25,56) size 48x32
  LayoutBlockFlow {DIV} at (0,0) size 50x34 [border: (1px solid #C0C0C0)]
    LayoutImage (floating) {IMG} at (2,2) size 16x16
layer at (42,57) size 30x20 scrollWidth 37
  LayoutBlockFlow {DIV} at (18,2) size 30x20
    LayoutText {#text} at (0,0) size 37x19
      text run at (0,0) width 37: "Africa"
layer at (139,55) size 50x34 clip at (140,56) size 48x32
  LayoutBlockFlow {DIV} at (0,0) size 50x34 [border: (1px solid #C0C0C0)]
    LayoutImage (floating) {IMG} at (2,2) size 16x16
layer at (157,57) size 30x20 scrollWidth 118
  LayoutBlockFlow {DIV} at (18,2) size 30x20
    LayoutText {#text} at (0,0) size 118x19
      text run at (0,0) width 118: "Alexander's Empire"
layer at (335,55) size 50x34 clip at (336,56) size 48x32
  LayoutBlockFlow {DIV} at (0,0) size 50x34 [border: (1px solid #C0C0C0)]
    LayoutImage (floating) {IMG} at (2,2) size 16x16
layer at (353,57) size 30x20 scrollWidth 94
  LayoutBlockFlow {DIV} at (18,2) size 30x20
    LayoutText {#text} at (0,0) size 94x19
      text run at (0,0) width 94: "Ancient Greece"
layer at (507,55) size 50x34 clip at (508,56) size 48x32
  LayoutBlockFlow {DIV} at (0,0) size 50x34 [border: (1px solid #C0C0C0)]
    LayoutImage (floating) {IMG} at (2,2) size 16x16
layer at (525,57) size 30x20 scrollWidth 43
  LayoutBlockFlow {DIV} at (18,2) size 30x20
    LayoutText {#text} at (0,0) size 43x19
      text run at (0,0) width 43: "Classic"
layer at (628,55) size 50x34 clip at (629,56) size 48x32
  LayoutBlockFlow {DIV} at (0,0) size 50x34 [border: (1px solid #C0C0C0)]
    LayoutImage (floating) {IMG} at (2,2) size 16x16
layer at (646,57) size 30x20 scrollWidth 37
  LayoutBlockFlow {DIV} at (18,2) size 30x20
    LayoutText {#text} at (0,0) size 37x19
      text run at (0,0) width 37: "Africa"
layer at (24,94) size 50x34 clip at (25,95) size 48x32
  LayoutBlockFlow {DIV} at (0,0) size 50x34 [border: (1px solid #C0C0C0)]
    LayoutImage (floating) {IMG} at (2,2) size 16x16
layer at (42,96) size 30x20 scrollWidth 118
  LayoutBlockFlow {DIV} at (18,2) size 30x20
    LayoutText {#text} at (0,0) size 118x19
      text run at (0,0) width 118: "Alexander's Empire"
layer at (220,94) size 50x34 clip at (221,95) size 48x32
  LayoutBlockFlow {DIV} at (0,0) size 50x34 [border: (1px solid #C0C0C0)]
    LayoutImage (floating) {IMG} at (2,2) size 16x16
layer at (238,96) size 30x20 scrollWidth 94
  LayoutBlockFlow {DIV} at (18,2) size 30x20
    LayoutText {#text} at (0,0) size 94x19
      text run at (0,0) width 94: "Ancient Greece"
layer at (392,94) size 50x34 clip at (393,95) size 48x32
  LayoutBlockFlow {DIV} at (0,0) size 50x34 [border: (1px solid #C0C0C0)]
    LayoutImage (floating) {IMG} at (2,2) size 16x16
layer at (410,96) size 30x20 scrollWidth 43
  LayoutBlockFlow {DIV} at (18,2) size 30x20
    LayoutText {#text} at (0,0) size 43x19
      text run at (0,0) width 43: "Classic"
layer at (513,94) size 50x34 clip at (514,95) size 48x32
  LayoutBlockFlow {DIV} at (0,0) size 50x34 [border: (1px solid #C0C0C0)]
    LayoutImage (floating) {IMG} at (2,2) size 16x16
layer at (531,96) size 30x20 scrollWidth 37
  LayoutBlockFlow {DIV} at (18,2) size 30x20
    LayoutText {#text} at (0,0) size 37x19
      text run at (0,0) width 37: "Africa"
layer at (24,133) size 50x34 clip at (25,134) size 48x32
  LayoutBlockFlow {DIV} at (0,0) size 50x34 [border: (1px solid #C0C0C0)]
    LayoutImage (floating) {IMG} at (2,2) size 16x16
layer at (42,135) size 30x20 scrollWidth 118
  LayoutBlockFlow {DIV} at (18,2) size 30x20
    LayoutText {#text} at (0,0) size 118x19
      text run at (0,0) width 118: "Alexander's Empire"
layer at (220,133) size 50x34 clip at (221,134) size 48x32
  LayoutBlockFlow {DIV} at (0,0) size 50x34 [border: (1px solid #C0C0C0)]
    LayoutImage (floating) {IMG} at (2,2) size 16x16
layer at (238,135) size 30x20 scrollWidth 94
  LayoutBlockFlow {DIV} at (18,2) size 30x20
    LayoutText {#text} at (0,0) size 94x19
      text run at (0,0) width 94: "Ancient Greece"
layer at (392,133) size 50x34 clip at (393,134) size 48x32
  LayoutBlockFlow {DIV} at (0,0) size 50x34 [border: (1px solid #C0C0C0)]
    LayoutImage (floating) {IMG} at (2,2) size 16x16
layer at (410,135) size 30x20 scrollWidth 43
  LayoutBlockFlow {DIV} at (18,2) size 30x20
    LayoutText {#text} at (0,0) size 43x19
      text run at (0,0) width 43: "Classic"
layer at (513,133) size 50x34 clip at (514,134) size 48x32
  LayoutBlockFlow {DIV} at (0,0) size 50x34 [border: (1px solid #C0C0C0)]
    LayoutImage (floating) {IMG} at (2,2) size 16x16
layer at (531,135) size 30x20 scrollWidth 37
  LayoutBlockFlow {DIV} at (18,2) size 30x20
    LayoutText {#text} at (0,0) size 37x19
      text run at (0,0) width 37: "Africa"
layer at (24,172) size 50x34 clip at (25,173) size 48x32
  LayoutBlockFlow {DIV} at (0,0) size 50x34 [border: (1px solid #C0C0C0)]
    LayoutImage (floating) {IMG} at (2,2) size 16x16
layer at (42,174) size 30x20 scrollWidth 118
  LayoutBlockFlow {DIV} at (18,2) size 30x20
    LayoutText {#text} at (0,0) size 118x19
      text run at (0,0) width 118: "Alexander's Empire"
layer at (220,172) size 50x34 clip at (221,173) size 48x32
  LayoutBlockFlow {DIV} at (0,0) size 50x34 [border: (1px solid #C0C0C0)]
    LayoutImage (floating) {IMG} at (2,2) size 16x16
layer at (238,174) size 30x20 scrollWidth 94
  LayoutBlockFlow {DIV} at (18,2) size 30x20
    LayoutText {#text} at (0,0) size 94x19
      text run at (0,0) width 94: "Ancient Greece"
layer at (392,172) size 50x34 clip at (393,173) size 48x32
  LayoutBlockFlow {DIV} at (0,0) size 50x34 [border: (1px solid #C0C0C0)]
    LayoutImage (floating) {IMG} at (2,2) size 16x16
layer at (410,174) size 30x20 scrollWidth 43
  LayoutBlockFlow {DIV} at (18,2) size 30x20
    LayoutText {#text} at (0,0) size 43x19
      text run at (0,0) width 43: "Classic"
layer at (513,172) size 50x34 clip at (514,173) size 48x32
  LayoutBlockFlow {DIV} at (0,0) size 50x34 [border: (1px solid #C0C0C0)]
    LayoutImage (floating) {IMG} at (2,2) size 16x16
layer at (531,174) size 30x20 scrollWidth 37
  LayoutBlockFlow {DIV} at (18,2) size 30x20
    LayoutText {#text} at (0,0) size 37x19
      text run at (0,0) width 37: "Africa"
layer at (24,211) size 50x34 clip at (25,212) size 48x32
  LayoutBlockFlow {DIV} at (0,0) size 50x34 [border: (1px solid #C0C0C0)]
    LayoutImage (floating) {IMG} at (2,2) size 16x16
layer at (42,213) size 30x20 scrollWidth 118
  LayoutBlockFlow {DIV} at (18,2) size 30x20
    LayoutText {#text} at (0,0) size 118x19
      text run at (0,0) width 118: "Alexander's Empire"
layer at (220,211) size 50x34 clip at (221,212) size 48x32
  LayoutBlockFlow {DIV} at (0,0) size 50x34 [border: (1px solid #C0C0C0)]
    LayoutImage (floating) {IMG} at (2,2) size 16x16
layer at (238,213) size 30x20 scrollWidth 94
  LayoutBlockFlow {DIV} at (18,2) size 30x20
    LayoutText {#text} at (0,0) size 94x19
      text run at (0,0) width 94: "Ancient Greece"
layer at (392,211) size 50x34 clip at (393,212) size 48x32
  LayoutBlockFlow {DIV} at (0,0) size 50x34 [border: (1px solid #C0C0C0)]
    LayoutImage (floating) {IMG} at (2,2) size 16x16
layer at (410,213) size 30x20 scrollWidth 43
  LayoutBlockFlow {DIV} at (18,2) size 30x20
    LayoutText {#text} at (0,0) size 43x19
      text run at (0,0) width 43: "Classic"
layer at (513,211) size 50x34 clip at (514,212) size 48x32
  LayoutBlockFlow {DIV} at (0,0) size 50x34 [border: (1px solid #C0C0C0)]
    LayoutImage (floating) {IMG} at (2,2) size 16x16
layer at (531,213) size 30x20 scrollWidth 37
  LayoutBlockFlow {DIV} at (18,2) size 30x20
    LayoutText {#text} at (0,0) size 37x19
      text run at (0,0) width 37: "Africa"
layer at (24,250) size 50x34 clip at (25,251) size 48x32
  LayoutBlockFlow {DIV} at (0,0) size 50x34 [border: (1px solid #C0C0C0)]
    LayoutImage (floating) {IMG} at (2,2) size 16x16
layer at (42,252) size 30x20 scrollWidth 118
  LayoutBlockFlow {DIV} at (18,2) size 30x20
    LayoutText {#text} at (0,0) size 118x19
      text run at (0,0) width 118: "Alexander's Empire"
layer at (220,250) size 50x34 clip at (221,251) size 48x32
  LayoutBlockFlow {DIV} at (0,0) size 50x34 [border: (1px solid #C0C0C0)]
    LayoutImage (floating) {IMG} at (2,2) size 16x16
layer at (238,252) size 30x20 scrollWidth 94
  LayoutBlockFlow {DIV} at (18,2) size 30x20
    LayoutText {#text} at (0,0) size 94x19
      text run at (0,0) width 94: "Ancient Greece"
layer at (392,250) size 50x34 clip at (393,251) size 48x32
  LayoutBlockFlow {DIV} at (0,0) size 50x34 [border: (1px solid #C0C0C0)]
    LayoutImage (floating) {IMG} at (2,2) size 16x16
layer at (410,252) size 30x20 scrollWidth 43
  LayoutBlockFlow {DIV} at (18,2) size 30x20
    LayoutText {#text} at (0,0) size 43x19
      text run at (0,0) width 43: "Classic"
layer at (513,250) size 50x34 clip at (514,251) size 48x32
  LayoutBlockFlow {DIV} at (0,0) size 50x34 [border: (1px solid #C0C0C0)]
    LayoutImage (floating) {IMG} at (2,2) size 16x16
layer at (531,252) size 30x20 scrollWidth 37
  LayoutBlockFlow {DIV} at (18,2) size 30x20
    LayoutText {#text} at (0,0) size 37x19
      text run at (0,0) width 37: "Africa"
layer at (24,289) size 50x34 clip at (25,290) size 48x32
  LayoutBlockFlow {DIV} at (0,0) size 50x34 [border: (1px solid #C0C0C0)]
    LayoutImage (floating) {IMG} at (2,2) size 16x16
layer at (42,291) size 30x20 scrollWidth 118
  LayoutBlockFlow {DIV} at (18,2) size 30x20
    LayoutText {#text} at (0,0) size 118x19
      text run at (0,0) width 118: "Alexander's Empire"
layer at (220,289) size 50x34 clip at (221,290) size 48x32
  LayoutBlockFlow {DIV} at (0,0) size 50x34 [border: (1px solid #C0C0C0)]
    LayoutImage (floating) {IMG} at (2,2) size 16x16
layer at (238,291) size 30x20 scrollWidth 94
  LayoutBlockFlow {DIV} at (18,2) size 30x20
    LayoutText {#text} at (0,0) size 94x19
      text run at (0,0) width 94: "Ancient Greece"
layer at (392,289) size 50x34 clip at (393,290) size 48x32
  LayoutBlockFlow {DIV} at (0,0) size 50x34 [border: (1px solid #C0C0C0)]
    LayoutImage (floating) {IMG} at (2,2) size 16x16
layer at (410,291) size 30x20 scrollWidth 43
  LayoutBlockFlow {DIV} at (18,2) size 30x20
    LayoutText {#text} at (0,0) size 43x19
      text run at (0,0) width 43: "Classic"
layer at (513,289) size 50x34 clip at (514,290) size 48x32
  LayoutBlockFlow {DIV} at (0,0) size 50x34 [border: (1px solid #C0C0C0)]
    LayoutImage (floating) {IMG} at (2,2) size 16x16
layer at (531,291) size 30x20 scrollWidth 37
  LayoutBlockFlow {DIV} at (18,2) size 30x20
    LayoutText {#text} at (0,0) size 37x19
      text run at (0,0) width 37: "Africa"
layer at (24,328) size 50x34 clip at (25,329) size 48x32
  LayoutBlockFlow {DIV} at (0,0) size 50x34 [border: (1px solid #C0C0C0)]
    LayoutImage (floating) {IMG} at (2,2) size 16x16
layer at (42,330) size 30x20 scrollWidth 118
  LayoutBlockFlow {DIV} at (18,2) size 30x20
    LayoutText {#text} at (0,0) size 118x19
      text run at (0,0) width 118: "Alexander's Empire"
layer at (220,328) size 50x34 clip at (221,329) size 48x32
  LayoutBlockFlow {DIV} at (0,0) size 50x34 [border: (1px solid #C0C0C0)]
    LayoutImage (floating) {IMG} at (2,2) size 16x16
layer at (238,330) size 30x20 scrollWidth 94
  LayoutBlockFlow {DIV} at (18,2) size 30x20
    LayoutText {#text} at (0,0) size 94x19
      text run at (0,0) width 94: "Ancient Greece"
