layer at (0,0) size 800x600
  LayoutView at (0,0) size 800x600
layer at (0,0) size 800x600
  LayoutBlockFlow {HTML} at (0,0) size 800x600
    LayoutBlockFlow {BODY} at (8,8) size 784x584
      LayoutBlockFlow {P} at (0,0) size 784x40
        LayoutText {#text} at (0,0) size 51x19
          text run at (0,0) width 51: "Test for "
        LayoutInline {I} at (0,0) size 759x39
          LayoutInline {A} at (0,0) size 305x19 [color=#0000EE]
            LayoutText {#text} at (51,0) size 305x19
              text run at (51,0) width 305: "http://bugs.webkit.org/show_bug.cgi?id=13072"
          LayoutText {#text} at (356,0) size 759x39
            text run at (356,0) width 4: " "
            text run at (360,0) width 399: "REGRESSION (r15617): white-space: pre-wrap breaks off the"
            text run at (0,20) width 189: "last character of a wide word"
        LayoutText {#text} at (189,20) size 4x19
          text run at (189,20) width 4: "."
      LayoutBlockFlow {P} at (0,56) size 784x20
        LayoutText {#text} at (0,0) size 210x19
          text run at (0,0) width 210: "The following line should not wrap."
      LayoutBlockFlow {DIV} at (0,92) size 150x20 [bgcolor=#D3D3D3]
        LayoutText {#text} at (0,0) size 175x19
          text run at (0,0) width 175: "abcdefghijklmnopqrstuvwxyz"
