layer at (0,0) size 800x600
  LayoutView at (0,0) size 800x600
layer at (0,0) size 800x600
  LayoutBlockFlow {HTML} at (0,0) size 800x600
    LayoutBlockFlow {BODY} at (8,8) size 784x584
      LayoutBlockFlow {P} at (0,0) size 784x20
        LayoutText {#text} at (0,0) size 257x19
          text run at (0,0) width 257: "Tests: the TABLE.createCaption() method"
        LayoutBR {BR} at (257,15) size 0x0
      LayoutBlockFlow {P} at (0,36) size 784x60
        LayoutText {#text} at (0,0) size 68x19
          text run at (0,0) width 68: "Conditions:"
        LayoutBR {BR} at (68,15) size 0x0
        LayoutText {#text} at (0,20) size 754x39
          text run at (0,20) width 653: "If no caption exists, the method should create an empty caption, add it to the table, and return a pointer to it. "
          text run at (653,20) width 101: "If a caption does"
          text run at (0,40) width 272: "exist, the method should return a pointer to it."
      LayoutBlockFlow {P} at (0,112) size 784x40
        LayoutText {#text} at (0,0) size 307x19
          text run at (0,0) width 307: "If successful, the first table should have the caption "
        LayoutInline {B} at (0,0) size 40x19
          LayoutText {#text} at (307,0) size 40x19
            text run at (307,0) width 40: "Fruity"
        LayoutText {#text} at (347,0) size 281x19
          text run at (347,0) width 281: ", and the second table should have the caption "
        LayoutInline {B} at (0,0) size 76x19
          LayoutText {#text} at (628,0) size 76x19
            text run at (628,0) width 76: "Vegetabley"
        LayoutText {#text} at (704,0) size 746x39
          text run at (704,0) width 42: ". Upon"
          text run at (0,20) width 549: "failure, the first table will have no caption, and the second table will have the caption Things."
      LayoutBlockFlow {HR} at (0,168) size 784x2 [border: (1px inset #EEEEEE)]
      LayoutTable {TABLE} at (0,178) size 104x102 [border: (1px outset #808080)]
        LayoutBlockFlow {CAPTION} at (0,0) size 104x20
          LayoutInline {B} at (0,0) size 40x19
            LayoutText {#text} at (32,0) size 40x19
              text run at (32,0) width 40: "Fruity"
        LayoutTableSection {TBODY} at (1,21) size 102x80
          LayoutTableRow {TR} at (0,2) size 102x24
            LayoutTableCell {TH} at (2,2) size 49x24 [border: (1px inset #808080)] [r=0 c=0 rs=1 cs=1]
              LayoutText {#text} at (8,2) size 33x19
                text run at (8,2) width 33: "Fruit"
            LayoutTableCell {TH} at (53,2) size 47x24 [border: (1px inset #808080)] [r=0 c=1 rs=1 cs=1]
              LayoutText {#text} at (5,2) size 37x19
                text run at (5,2) width 37: "Color"
          LayoutTableRow {TR} at (0,28) size 102x24
            LayoutTableCell {TD} at (2,28) size 49x24 [border: (1px inset #808080)] [r=1 c=0 rs=1 cs=1]
              LayoutText {#text} at (2,2) size 45x19
                text run at (2,2) width 45: "Banana"
            LayoutTableCell {TD} at (53,28) size 47x24 [border: (1px inset #808080)] [r=1 c=1 rs=1 cs=1]
              LayoutText {#text} at (2,2) size 43x19
                text run at (2,2) width 43: "Yellow"
          LayoutTableRow {TR} at (0,54) size 102x24
            LayoutTableCell {TD} at (2,54) size 49x24 [border: (1px inset #808080)] [r=2 c=0 rs=1 cs=1]
              LayoutText {#text} at (2,2) size 38x19
                text run at (2,2) width 38: "Grape"
            LayoutTableCell {TD} at (53,54) size 47x24 [border: (1px inset #808080)] [r=2 c=1 rs=1 cs=1]
              LayoutText {#text} at (2,2) size 39x19
                text run at (2,2) width 39: "Purple"
      LayoutBlockFlow (anonymous) at (0,280) size 784x20
        LayoutBR {BR} at (0,0) size 0x19
      LayoutTable {TABLE} at (0,300) size 129x102 [border: (1px outset #808080)]
        LayoutBlockFlow {CAPTION} at (0,0) size 129x20
          LayoutInline {B} at (0,0) size 77x19
            LayoutText {#text} at (26,0) size 77x19
              text run at (26,0) width 77: "Vegetabley"
        LayoutTableSection {TBODY} at (1,21) size 127x80
          LayoutTableRow {TR} at (0,2) size 127x24
            LayoutTableCell {TH} at (2,2) size 72x24 [border: (1px inset #808080)] [r=0 c=0 rs=1 cs=1]
              LayoutText {#text} at (2,2) size 68x19
                text run at (2,2) width 68: "Vegetable"
            LayoutTableCell {TH} at (76,2) size 49x24 [border: (1px inset #808080)] [r=0 c=1 rs=1 cs=1]
              LayoutText {#text} at (6,2) size 37x19
                text run at (6,2) width 37: "Color"
          LayoutTableRow {TR} at (0,28) size 127x24
            LayoutTableCell {TD} at (2,28) size 72x24 [border: (1px inset #808080)] [r=1 c=0 rs=1 cs=1]
              LayoutText {#text} at (2,2) size 40x19
                text run at (2,2) width 40: "Carrot"
            LayoutTableCell {TD} at (76,28) size 49x24 [border: (1px inset #808080)] [r=1 c=1 rs=1 cs=1]
              LayoutText {#text} at (2,2) size 45x19
                text run at (2,2) width 45: "Orange"
          LayoutTableRow {TR} at (0,54) size 127x24
            LayoutTableCell {TD} at (2,54) size 72x24 [border: (1px inset #808080)] [r=2 c=0 rs=1 cs=1]
              LayoutText {#text} at (2,2) size 63x19
                text run at (2,2) width 63: "Cucumber"
            LayoutTableCell {TD} at (76,54) size 49x24 [border: (1px inset #808080)] [r=2 c=1 rs=1 cs=1]
              LayoutText {#text} at (2,2) size 37x19
                text run at (2,2) width 37: "Green"
