layer at (0,0) size 800x600
  LayoutView at (0,0) size 800x600
layer at (0,0) size 800x600
  LayoutBlockFlow {HTML} at (0,0) size 800x600
    LayoutBlockFlow {BODY} at (8,8) size 784x584
      LayoutBlockFlow {H1} at (0,0) size 784x37
        LayoutText {#text} at (0,0) size 273x36
          text run at (0,0) width 273: "Zooming Menu List"
      LayoutBlockFlow (anonymous) at (0,58.44) size 784x54
        LayoutMenuList {SELECT} at (0,0) size 131x54 [bgcolor=#C0C0C0] [border: (3px solid #A9A9A9)]
          LayoutBlockFlow (anonymous) at (3,3) size 125x48
            LayoutText (anonymous) at (4,1) size 74x45
              text run at (4,1) width 74: "One"
        LayoutText {#text} at (0,0) size 0x0
