layer at (0,0) size 800x600
  LayoutView at (0,0) size 800x600
layer at (0,0) size 800x197
  LayoutBlockFlow {HTML} at (0,0) size 800x197
    LayoutBlockFlow {BODY} at (8,16) size 784x173
      LayoutBlockFlow {P} at (0,0) size 784x18
        LayoutText {#text} at (0,0) size 608x17
          text run at (0,0) width 608: "The select list box should not display items (options and optgroups) with style \"display: none\"."
      LayoutBlockFlow (anonymous) at (0,34) size 784x139
        LayoutText {#text} at (56,121) size 4x17
          text run at (56,121) width 4: " "
        LayoutText {#text} at (125,121) size 4x17
          text run at (125,121) width 4: " "
        LayoutText {#text} at (194,121) size 4x17
          text run at (194,121) width 4: " "
        LayoutText {#text} at (254,121) size 4x17
          text run at (254,121) width 4: " "
        LayoutText {#text} at (314,121) size 4x17
          text run at (314,121) width 4: " "
        LayoutText {#text} at (0,0) size 0x0
        LayoutText {#text} at (0,0) size 0x0
layer at (8,67) size 56x121 clip at (9,68) size 39x119
  LayoutListBox {SELECT} at (0,17) size 56x121 [bgcolor=#FFFFFF] [border: (1px solid #A9A9A9)]
    LayoutBlockFlow {OPTION} at (1,1) size 39x17
      LayoutText {#text} at (2,0) size 24x16
        text run at (2,0) width 24: "One"
    LayoutBlockFlow {OPTION} at (1,18) size 39x17
      LayoutText {#text} at (2,0) size 23x16
        text run at (2,0) width 23: "Two"
    LayoutBlockFlow {OPTION} at (1,35) size 39x17
      LayoutText {#text} at (2,0) size 32x16
        text run at (2,0) width 32: "Three"
    LayoutBlockFlow {OPTION} at (1,52) size 39x17
      LayoutText {#text} at (2,0) size 23x16
        text run at (2,0) width 23: "Five"
    LayoutBlockFlow {OPTION} at (1,69) size 39x17
      LayoutText {#text} at (2,0) size 19x16
        text run at (2,0) width 19: "Six"
    LayoutBlockFlow {OPTION} at (1,86) size 39x17
      LayoutText {#text} at (2,0) size 35x16
        text run at (2,0) width 35: "Seven"
layer at (68,67) size 65x121 clip at (69,68) size 48x119
  LayoutListBox {SELECT} at (60,17) size 65x121 [bgcolor=#FFFFFF] [border: (1px solid #A9A9A9)]
    LayoutBlockFlow {OPTION} at (1,1) size 48x17
      LayoutText {#text} at (2,0) size 24x16
        text run at (2,0) width 24: "One"
    LayoutBlockFlow {OPTION} at (1,18) size 48x17
      LayoutText {#text} at (2,0) size 23x16
        text run at (2,0) width 23: "Two"
    LayoutBlockFlow {OPTION} at (1,35) size 48x17
      LayoutText {#text} at (2,0) size 32x16
        text run at (2,0) width 32: "Three"
    LayoutBlockFlow {OPTGROUP} at (1,52) size 48x34
      LayoutBlockFlow {DIV} at (0,0) size 48x17
        LayoutText {#text} at (2,0) size 44x16
          text run at (2,0) width 44: "***45***"
      LayoutBlockFlow {OPTION} at (0,17) size 48x17
        LayoutInline {<pseudo:before>} at (0,0) size 16x16
          LayoutTextFragment (anonymous) at (2,0) size 16x16
            text run at (2,0) width 16: "    "
        LayoutText {#text} at (18,0) size 23x16
          text run at (18,0) width 23: "Five"
    LayoutBlockFlow {OPTION} at (1,86) size 48x17
      LayoutText {#text} at (2,0) size 35x16
        text run at (2,0) width 35: "Seven"
layer at (137,67) size 65x121 clip at (138,68) size 48x119
  LayoutListBox {SELECT} at (129,17) size 65x121 [bgcolor=#FFFFFF] [border: (1px solid #A9A9A9)]
    LayoutBlockFlow {OPTION} at (1,1) size 48x17
      LayoutText {#text} at (2,0) size 24x16
        text run at (2,0) width 24: "One"
    LayoutBlockFlow {OPTION} at (1,18) size 48x17
      LayoutText {#text} at (2,0) size 23x16
        text run at (2,0) width 23: "Two"
    LayoutBlockFlow {OPTGROUP} at (1,35) size 48x34
      LayoutBlockFlow {DIV} at (0,0) size 48x17
        LayoutText {#text} at (2,0) size 44x16
          text run at (2,0) width 44: "***45***"
      LayoutBlockFlow {OPTION} at (0,17) size 48x17
        LayoutInline {<pseudo:before>} at (0,0) size 16x16
          LayoutTextFragment (anonymous) at (2,0) size 16x16
            text run at (2,0) width 16: "    "
        LayoutText {#text} at (18,0) size 26x16
          text run at (18,0) width 26: "Four"
    LayoutBlockFlow {OPTION} at (1,69) size 48x17
      LayoutText {#text} at (2,0) size 19x16
        text run at (2,0) width 19: "Six"
    LayoutBlockFlow {OPTION} at (1,86) size 48x17
      LayoutText {#text} at (2,0) size 35x16
        text run at (2,0) width 35: "Seven"
layer at (206,50) size 56x138 clip at (207,51) size 39x136
  LayoutListBox {SELECT} at (198,0) size 56x138 [bgcolor=#FFFFFF] [border: (1px solid #A9A9A9)]
    LayoutBlockFlow {OPTION} at (1,1) size 39x17
      LayoutText {#text} at (2,0) size 24x16
        text run at (2,0) width 24: "One"
    LayoutBlockFlow {OPTION} at (1,18) size 39x17
      LayoutText {#text} at (2,0) size 23x16
        text run at (2,0) width 23: "Two"
    LayoutBlockFlow {OPTION} at (1,35) size 39x17
      LayoutText {#text} at (2,0) size 32x16
        text run at (2,0) width 32: "Three"
    LayoutBlockFlow {OPTION} at (1,52) size 39x17
      LayoutText {#text} at (2,0) size 35x16
        text run at (2,0) width 35: "Seven"
layer at (266,50) size 56x138 clip at (267,51) size 39x136
  LayoutListBox {SELECT} at (258,0) size 56x138 [bgcolor=#FFFFFF] [border: (1px solid #A9A9A9)]
    LayoutBlockFlow {OPTION} at (1,1) size 39x17
      LayoutText {#text} at (2,0) size 24x16
        text run at (2,0) width 24: "One"
    LayoutBlockFlow {OPTION} at (1,18) size 39x17
      LayoutText {#text} at (2,0) size 23x16
        text run at (2,0) width 23: "Two"
    LayoutBlockFlow {OPTION} at (1,35) size 39x17
      LayoutText {#text} at (2,0) size 32x16
        text run at (2,0) width 32: "Three"
    LayoutBlockFlow {OPTION} at (1,52) size 39x17
      LayoutText {#text} at (2,0) size 35x16
        text run at (2,0) width 35: "Seven"
layer at (326,50) size 63x138 clip at (327,51) size 46x136
  LayoutListBox {SELECT} at (318,0) size 63x138 [bgcolor=#FFFFFF] [border: (1px solid #A9A9A9)]
    LayoutBlockFlow {OPTION} at (1,1) size 46x17
      LayoutText {#text} at (2,0) size 24x16
        text run at (2,0) width 24: "One"
    LayoutBlockFlow {OPTION} at (1,18) size 46x17
      LayoutText {#text} at (2,0) size 23x16
        text run at (2,0) width 23: "Two"
    LayoutBlockFlow {OPTION} at (1,35) size 46x17
      LayoutText {#text} at (2,0) size 32x16
        text run at (2,0) width 32: "Three"
    LayoutBlockFlow {OPTGROUP} at (1,52) size 46x68
      LayoutBlockFlow {DIV} at (0,0) size 46x17
        LayoutText {#text} at (2,0) size 41x16
          text run at (2,0) width 41: "**456**"
      LayoutBlockFlow {OPTION} at (0,17) size 46x17
        LayoutInline {<pseudo:before>} at (0,0) size 16x16
          LayoutTextFragment (anonymous) at (2,0) size 16x16
            text run at (2,0) width 16: "    "
        LayoutText {#text} at (18,0) size 26x16
          text run at (18,0) width 26: "Four"
      LayoutBlockFlow {OPTION} at (0,34) size 46x17
        LayoutInline {<pseudo:before>} at (0,0) size 16x16
          LayoutTextFragment (anonymous) at (2,0) size 16x16
            text run at (2,0) width 16: "    "
        LayoutText {#text} at (18,0) size 23x16
          text run at (18,0) width 23: "Five"
      LayoutBlockFlow {OPTION} at (0,51) size 46x17
        LayoutInline {<pseudo:before>} at (0,0) size 16x16
          LayoutTextFragment (anonymous) at (2,0) size 16x16
            text run at (2,0) width 16: "    "
        LayoutText {#text} at (18,0) size 19x16
          text run at (18,0) width 19: "Six"
    LayoutBlockFlow {OPTION} at (1,120) size 46x17
      LayoutText {#text} at (2,0) size 35x16
        text run at (2,0) width 35: "Seven"
