layer at (0,0) size 800x600
  LayoutView at (0,0) size 800x600
layer at (0,0) size 800x600
  LayoutBlockFlow {HTML} at (0,0) size 800x600
    LayoutBlockFlow {BODY} at (8,8) size 784x584
      LayoutTable {TABLE} at (0,0) size 784x50
        LayoutTableSection {TBODY} at (0,0) size 784x50
          LayoutTableRow {TR} at (0,2) size 784x24
            LayoutTableCell {TD} at (2,4) size 46x20 [r=0 c=0 rs=1 cs=1]
              LayoutText {#text} at (1,1) size 37x17
                text run at (1,1) width 37: "URL:"
            LayoutTableCell {TD} at (50,2) size 732x24 [r=0 c=1 rs=1 cs=1]
              LayoutTextControl {INPUT} at (1,1) size 730x22 [bgcolor=#FFFFFF] [border: (2px inset #EEEEEE)]
          LayoutTableRow {TR} at (0,28) size 784x20
            LayoutTableCell {TD} at (2,28) size 780x20 [bgcolor=#FF0000] [r=1 c=0 rs=1 cs=2]
              LayoutText {#text} at (1,1) size 257x17
                text run at (1,1) width 257: "Alongwordtogiveyouanicebigminwidth."
      LayoutTable {TABLE} at (0,50) size 100x100 [bgcolor=#FF0000] [border: (2px outset #808080)]
        LayoutTableSection {TBODY} at (2,2) size 96x96
          LayoutTableRow {TR} at (0,2) size 96x92
            LayoutTableCell {TD} at (2,46) size 92x4 [border: (1px inset #808080)] [r=0 c=0 rs=1 cs=1]
      LayoutTable {TABLE} at (0,150) size 191x120 [border: (2px outset #808080)]
        LayoutTableSection {TBODY} at (2,2) size 187x116
          LayoutTableRow {TR} at (0,2) size 187x22
            LayoutTableCell {TD} at (2,2) size 183x22 [border: (1px inset #808080)] [r=0 c=0 rs=1 cs=1]
              LayoutText {#text} at (2,2) size 32x17
                text run at (2,2) width 32: "hello"
          LayoutTableRow {TR} at (0,26) size 187x22
            LayoutTableCell {TD} at (2,26) size 183x22 [border: (1px inset #808080)] [r=1 c=0 rs=1 cs=1]
              LayoutText {#text} at (2,2) size 69x17
                text run at (2,2) width 69: "more hello"
          LayoutTableRow {TR} at (0,50) size 187x22
            LayoutTableCell {TD} at (2,50) size 183x22 [border: (1px inset #808080)] [r=2 c=0 rs=1 cs=1]
              LayoutText {#text} at (2,2) size 38x17
                text run at (2,2) width 38: "world"
          LayoutTableRow {TR} at (0,74) size 187x40
            LayoutTableCell {TD} at (2,76) size 183x36 [border: (1px inset #808080)] [r=3 c=0 rs=1 cs=1]
              LayoutText {#text} at (0,0) size 0x0
      LayoutTable {TABLE} at (0,270) size 106x78
        LayoutTableSection {TBODY} at (0,0) size 106x78
          LayoutTableRow {TR} at (0,2) size 106x74
            LayoutTableCell {TD} at (2,2) size 102x74 [r=0 c=0 rs=1 cs=1]
              LayoutText {#text} at (1,1) size 88x71
                text run at (1,1) width 88: "I should wrap"
                text run at (1,19) width 82: "and not have"
                text run at (1,37) width 56: "nowrap. "
                text run at (56,37) width 7: "I"
                text run at (1,55) width 88: "really should."
      LayoutTable {TABLE} at (0,348) size 106x78
        LayoutTableSection {TBODY} at (0,0) size 106x78
          LayoutTableRow {TR} at (0,2) size 106x74
            LayoutTableCell {TD} at (2,2) size 102x74 [r=0 c=0 rs=1 cs=1]
              LayoutBlockFlow {DIV} at (1,1) size 100x72
                LayoutText {#text} at (0,0) size 88x71
                  text run at (0,0) width 88: "I should wrap"
                  text run at (0,18) width 82: "and not have"
                  text run at (0,36) width 56: "nowrap. "
                  text run at (55,36) width 7: "I"
                  text run at (0,54) width 88: "really should."
      LayoutTable {TABLE} at (0,426) size 374x24
        LayoutTableSection {TBODY} at (0,0) size 374x24
          LayoutTableRow {TR} at (0,2) size 374x20
            LayoutTableCell {TD} at (2,2) size 370x20 [r=0 c=0 rs=1 cs=1]
              LayoutText {#text} at (1,1) size 368x17
                text run at (1,1) width 147: "I should have nowrap. "
                text run at (147,1) width 101: "I really should. "
                text run at (247,1) width 122: "Definitely. Should."
      LayoutTable {TABLE} at (0,450) size 374x24
        LayoutTableSection {TBODY} at (0,0) size 374x24
          LayoutTableRow {TR} at (0,2) size 374x20
            LayoutTableCell {TD} at (2,2) size 370x20 [r=0 c=0 rs=1 cs=1]
              LayoutBlockFlow {DIV} at (1,1) size 368x18
                LayoutText {#text} at (0,0) size 368x17
                  text run at (0,0) width 147: "I should have nowrap. "
                  text run at (146,0) width 101: "I really should. "
                  text run at (246,0) width 122: "Definitely. Should."
layer at (61,14) size 726x16
  LayoutBlockFlow {DIV} at (2,3) size 726x16
layer at (14,238) size 179x32 clip at (15,239) size 177x30
  LayoutTextControl {TEXTAREA} at (2,2) size 179x32 [bgcolor=#FFFFFF] [border: (1px solid #A9A9A9)]
    LayoutBlockFlow {DIV} at (3,3) size 175x16
