layer at (0,0) size 800x600 clip at (0,0) size 785x600 scrollHeight 1525
  LayoutView at (0,0) size 800x600
layer at (0,0) size 785x1525 backgroundClip at (0,0) size 785x600 clip at (0,0) size 785x600
  LayoutBlockFlow {HTML} at (0,0) size 785x1525
    LayoutBlockFlow {BODY} at (8,8) size 769x1509
      LayoutBlockFlow {P} at (0,0) size 769x36
        LayoutText {#text} at (0,0) size 54x17
          text run at (0,0) width 54: "Test for "
        LayoutInline {I} at (0,0) size 717x35
          LayoutInline {A} at (0,0) size 312x17 [color=#0000EE]
            LayoutText {#text} at (53,0) size 312x17
              text run at (53,0) width 312: "https://bugs.webkit.org/show_bug.cgi?id=19519"
          LayoutText {#text} at (364,0) size 717x35
            text run at (364,0) width 353: " DOM modification causes stack exhaustion (BUTTON"
            text run at (0,18) width 153: "OBJECT COLGROUP)"
        LayoutText {#text} at (152,18) size 5x17
          text run at (152,18) width 5: "."
      LayoutBlockFlow {PRE} at (0,52) size 769x16
        LayoutText {#text} at (0,0) size 248x16
          text run at (0,0) width 248: "Prepending block to table-cell:"
      LayoutBlockFlow {DIV} at (0,81) size 769x0
        LayoutBlockFlow {DIV} at (0,0) size 769x0
        LayoutTable (anonymous) at (0,0) size 0x0
          LayoutTableSection (anonymous) at (0,0) size 0x0
            LayoutTableRow (anonymous) at (0,0) size 0x0
              LayoutTableCell {DIV} at (0,0) size 0x0 [r=0 c=0 rs=1 cs=1]
      LayoutBlockFlow {DIV} at (0,81) size 769x0
        LayoutBlockFlow {DIV} at (0,0) size 769x0
        LayoutTable (anonymous) at (0,0) size 0x0
          LayoutTableSection (anonymous) at (0,0) size 0x0
            LayoutTableRow (anonymous) at (0,0) size 0x0
              LayoutTableCell {DIV} at (0,0) size 0x0 [r=0 c=0 rs=1 cs=1]
      LayoutBlockFlow {PRE} at (0,94) size 769x16
        LayoutText {#text} at (0,0) size 256x16
          text run at (0,0) width 256: "Prepending inline to table-cell:"
      LayoutBlockFlow {DIV} at (0,123) size 769x0
        LayoutBlockFlow (anonymous) at (0,0) size 769x0
          LayoutInline {DIV} at (0,0) size 0x0
        LayoutTable (anonymous) at (0,0) size 0x0
          LayoutTableSection (anonymous) at (0,0) size 0x0
            LayoutTableRow (anonymous) at (0,0) size 0x0
              LayoutTableCell {DIV} at (0,0) size 0x0 [r=0 c=0 rs=1 cs=1]
      LayoutBlockFlow {DIV} at (0,123) size 769x0
        LayoutBlockFlow (anonymous) at (0,0) size 769x0
          LayoutInline {DIV} at (0,0) size 0x0
        LayoutTable (anonymous) at (0,0) size 0x0
          LayoutTableSection (anonymous) at (0,0) size 0x0
            LayoutTableRow (anonymous) at (0,0) size 0x0
              LayoutTableCell {DIV} at (0,0) size 0x0 [r=0 c=0 rs=1 cs=1]
      LayoutBlockFlow {PRE} at (0,136) size 769x16
        LayoutText {#text} at (0,0) size 288x16
          text run at (0,0) width 288: "Prepending table-cell to table-cell:"
      LayoutBlockFlow {DIV} at (0,165) size 769x0
        LayoutTable (anonymous) at (0,0) size 0x0
          LayoutTableSection (anonymous) at (0,0) size 0x0
            LayoutTableRow (anonymous) at (0,0) size 0x0
              LayoutTableCell {DIV} at (0,0) size 0x0 [r=0 c=0 rs=1 cs=1]
              LayoutTableCell {DIV} at (0,0) size 0x0 [r=0 c=1 rs=1 cs=1]
      LayoutBlockFlow {DIV} at (0,165) size 769x0
        LayoutTable (anonymous) at (0,0) size 0x0
          LayoutTableSection (anonymous) at (0,0) size 0x0
            LayoutTableRow (anonymous) at (0,0) size 0x0
              LayoutTableCell {DIV} at (0,0) size 0x0 [r=0 c=0 rs=1 cs=1]
              LayoutTableCell {DIV} at (0,0) size 0x0 [r=0 c=1 rs=1 cs=1]
      LayoutBlockFlow {PRE} at (0,178) size 769x16
        LayoutText {#text} at (0,0) size 280x16
          text run at (0,0) width 280: "Prepending table-row to table-cell:"
      LayoutBlockFlow {DIV} at (0,207) size 769x0
        LayoutTable (anonymous) at (0,0) size 0x0
          LayoutTableSection (anonymous) at (0,0) size 0x0
            LayoutTableRow {DIV} at (0,0) size 0x0
            LayoutTableRow (anonymous) at (0,0) size 0x0
              LayoutTableCell {DIV} at (0,0) size 0x0 [r=1 c=0 rs=1 cs=1]
      LayoutBlockFlow {DIV} at (0,207) size 769x0
        LayoutTable (anonymous) at (0,0) size 0x0
          LayoutTableSection (anonymous) at (0,0) size 0x0
            LayoutTableRow {DIV} at (0,0) size 0x0
            LayoutTableRow (anonymous) at (0,0) size 0x0
              LayoutTableCell {DIV} at (0,0) size 0x0 [r=1 c=0 rs=1 cs=1]
      LayoutBlockFlow {PRE} at (0,220) size 769x16
        LayoutText {#text} at (0,0) size 328x16
          text run at (0,0) width 328: "Prepending table-row-group to table-cell:"
      LayoutBlockFlow {DIV} at (0,249) size 769x0
        LayoutTable (anonymous) at (0,0) size 0x0
          LayoutTableSection {DIV} at (0,0) size 0x0
          LayoutTableSection (anonymous) at (0,0) size 0x0
            LayoutTableRow (anonymous) at (0,0) size 0x0
              LayoutTableCell {DIV} at (0,0) size 0x0 [r=0 c=0 rs=1 cs=1]
      LayoutBlockFlow {DIV} at (0,249) size 769x0
        LayoutTable (anonymous) at (0,0) size 0x0
          LayoutTableSection {DIV} at (0,0) size 0x0
          LayoutTableSection (anonymous) at (0,0) size 0x0
            LayoutTableRow (anonymous) at (0,0) size 0x0
              LayoutTableCell {DIV} at (0,0) size 0x0 [r=0 c=0 rs=1 cs=1]
      LayoutBlockFlow {PRE} at (0,262) size 769x16
        LayoutText {#text} at (0,0) size 352x16
          text run at (0,0) width 352: "Prepending table-column-group to table-cell:"
      LayoutBlockFlow {DIV} at (0,291) size 769x0
        LayoutTable (anonymous) at (0,0) size 0x0
          LayoutTableCol {DIV} at (0,0) size 0x0
          LayoutTableSection (anonymous) at (0,0) size 0x0
            LayoutTableRow (anonymous) at (0,0) size 0x0
              LayoutTableCell {DIV} at (0,0) size 0x0 [r=0 c=0 rs=1 cs=1]
      LayoutBlockFlow {DIV} at (0,291) size 769x0
        LayoutTable (anonymous) at (0,0) size 0x0
          LayoutTableCol {DIV} at (0,0) size 0x0
          LayoutTableSection (anonymous) at (0,0) size 0x0
            LayoutTableRow (anonymous) at (0,0) size 0x0
              LayoutTableCell {DIV} at (0,0) size 0x0 [r=0 c=0 rs=1 cs=1]
      LayoutBlockFlow {PRE} at (0,304) size 769x16
        LayoutText {#text} at (0,0) size 312x16
          text run at (0,0) width 312: "Prepending table-caption to table-cell:"
      LayoutBlockFlow {DIV} at (0,333) size 769x0
        LayoutTable (anonymous) at (0,0) size 0x0
          LayoutBlockFlow {DIV} at (0,0) size 0x0
          LayoutTableSection (anonymous) at (0,0) size 0x0
            LayoutTableRow (anonymous) at (0,0) size 0x0
              LayoutTableCell {DIV} at (0,0) size 0x0 [r=0 c=0 rs=1 cs=1]
      LayoutBlockFlow {DIV} at (0,333) size 769x0
        LayoutTable (anonymous) at (0,0) size 0x0
          LayoutBlockFlow {DIV} at (0,0) size 0x0
          LayoutTableSection (anonymous) at (0,0) size 0x0
            LayoutTableRow (anonymous) at (0,0) size 0x0
              LayoutTableCell {DIV} at (0,0) size 0x0 [r=0 c=0 rs=1 cs=1]
      LayoutBlockFlow {PRE} at (0,346) size 769x16
        LayoutText {#text} at (0,0) size 240x16
          text run at (0,0) width 240: "Prepending block to table-row:"
      LayoutBlockFlow {DIV} at (0,375) size 769x0
        LayoutBlockFlow {DIV} at (0,0) size 769x0
        LayoutTable (anonymous) at (0,0) size 0x0
          LayoutTableSection (anonymous) at (0,0) size 0x0
            LayoutTableRow {DIV} at (0,0) size 0x0
      LayoutBlockFlow {DIV} at (0,375) size 769x0
        LayoutBlockFlow {DIV} at (0,0) size 769x0
        LayoutTable (anonymous) at (0,0) size 0x0
          LayoutTableSection (anonymous) at (0,0) size 0x0
            LayoutTableRow {DIV} at (0,0) size 0x0
      LayoutBlockFlow {PRE} at (0,388) size 769x16
        LayoutText {#text} at (0,0) size 248x16
          text run at (0,0) width 248: "Prepending inline to table-row:"
      LayoutBlockFlow {DIV} at (0,417) size 769x0
        LayoutBlockFlow (anonymous) at (0,0) size 769x0
          LayoutInline {DIV} at (0,0) size 0x0
        LayoutTable (anonymous) at (0,0) size 0x0
          LayoutTableSection (anonymous) at (0,0) size 0x0
            LayoutTableRow {DIV} at (0,0) size 0x0
      LayoutBlockFlow {DIV} at (0,417) size 769x0
        LayoutBlockFlow (anonymous) at (0,0) size 769x0
          LayoutInline {DIV} at (0,0) size 0x0
        LayoutTable (anonymous) at (0,0) size 0x0
          LayoutTableSection (anonymous) at (0,0) size 0x0
            LayoutTableRow {DIV} at (0,0) size 0x0
      LayoutBlockFlow {PRE} at (0,430) size 769x16
        LayoutText {#text} at (0,0) size 280x16
          text run at (0,0) width 280: "Prepending table-cell to table-row:"
      LayoutBlockFlow {DIV} at (0,459) size 769x0
        LayoutTable (anonymous) at (0,0) size 0x0
          LayoutTableSection (anonymous) at (0,0) size 0x0
            LayoutTableRow (anonymous) at (0,0) size 0x0
              LayoutTableCell {DIV} at (0,0) size 0x0 [r=0 c=0 rs=1 cs=1]
            LayoutTableRow {DIV} at (0,0) size 0x0
      LayoutBlockFlow {DIV} at (0,459) size 769x0
        LayoutTable (anonymous) at (0,0) size 0x0
          LayoutTableSection (anonymous) at (0,0) size 0x0
            LayoutTableRow (anonymous) at (0,0) size 0x0
              LayoutTableCell {DIV} at (0,0) size 0x0 [r=0 c=0 rs=1 cs=1]
            LayoutTableRow {DIV} at (0,0) size 0x0
      LayoutBlockFlow {PRE} at (0,472) size 769x16
        LayoutText {#text} at (0,0) size 272x16
          text run at (0,0) width 272: "Prepending table-row to table-row:"
      LayoutBlockFlow {DIV} at (0,501) size 769x0
        LayoutTable (anonymous) at (0,0) size 0x0
          LayoutTableSection (anonymous) at (0,0) size 0x0
            LayoutTableRow {DIV} at (0,0) size 0x0
            LayoutTableRow {DIV} at (0,0) size 0x0
      LayoutBlockFlow {DIV} at (0,501) size 769x0
        LayoutTable (anonymous) at (0,0) size 0x0
          LayoutTableSection (anonymous) at (0,0) size 0x0
            LayoutTableRow {DIV} at (0,0) size 0x0
            LayoutTableRow {DIV} at (0,0) size 0x0
      LayoutBlockFlow {PRE} at (0,514) size 769x16
        LayoutText {#text} at (0,0) size 320x16
          text run at (0,0) width 320: "Prepending table-row-group to table-row:"
      LayoutBlockFlow {DIV} at (0,543) size 769x0
        LayoutTable (anonymous) at (0,0) size 0x0
          LayoutTableSection {DIV} at (0,0) size 0x0
          LayoutTableSection (anonymous) at (0,0) size 0x0
            LayoutTableRow {DIV} at (0,0) size 0x0
      LayoutBlockFlow {DIV} at (0,543) size 769x0
        LayoutTable (anonymous) at (0,0) size 0x0
          LayoutTableSection {DIV} at (0,0) size 0x0
          LayoutTableSection (anonymous) at (0,0) size 0x0
            LayoutTableRow {DIV} at (0,0) size 0x0
      LayoutBlockFlow {PRE} at (0,556) size 769x16
        LayoutText {#text} at (0,0) size 344x16
          text run at (0,0) width 344: "Prepending table-column-group to table-row:"
      LayoutBlockFlow {DIV} at (0,585) size 769x0
        LayoutTable (anonymous) at (0,0) size 0x0
          LayoutTableCol {DIV} at (0,0) size 0x0
          LayoutTableSection (anonymous) at (0,0) size 0x0
            LayoutTableRow {DIV} at (0,0) size 0x0
      LayoutBlockFlow {DIV} at (0,585) size 769x0
        LayoutTable (anonymous) at (0,0) size 0x0
          LayoutTableCol {DIV} at (0,0) size 0x0
          LayoutTableSection (anonymous) at (0,0) size 0x0
            LayoutTableRow {DIV} at (0,0) size 0x0
      LayoutBlockFlow {PRE} at (0,598) size 769x16
        LayoutText {#text} at (0,0) size 304x16
          text run at (0,0) width 304: "Prepending table-caption to table-row:"
      LayoutBlockFlow {DIV} at (0,627) size 769x0
        LayoutTable (anonymous) at (0,0) size 0x0
          LayoutBlockFlow {DIV} at (0,0) size 0x0
          LayoutTableSection (anonymous) at (0,0) size 0x0
            LayoutTableRow {DIV} at (0,0) size 0x0
      LayoutBlockFlow {DIV} at (0,627) size 769x0
        LayoutTable (anonymous) at (0,0) size 0x0
          LayoutBlockFlow {DIV} at (0,0) size 0x0
          LayoutTableSection (anonymous) at (0,0) size 0x0
            LayoutTableRow {DIV} at (0,0) size 0x0
      LayoutBlockFlow {PRE} at (0,640) size 769x16
        LayoutText {#text} at (0,0) size 288x16
          text run at (0,0) width 288: "Prepending block to table-row-group:"
      LayoutBlockFlow {DIV} at (0,669) size 769x0
        LayoutBlockFlow {DIV} at (0,0) size 769x0
        LayoutTable (anonymous) at (0,0) size 0x0
          LayoutTableSection {DIV} at (0,0) size 0x0
      LayoutBlockFlow {DIV} at (0,669) size 769x0
        LayoutBlockFlow {DIV} at (0,0) size 769x0
        LayoutTable (anonymous) at (0,0) size 0x0
          LayoutTableSection {DIV} at (0,0) size 0x0
      LayoutBlockFlow {PRE} at (0,682) size 769x16
        LayoutText {#text} at (0,0) size 296x16
          text run at (0,0) width 296: "Prepending inline to table-row-group:"
      LayoutBlockFlow {DIV} at (0,711) size 769x0
        LayoutBlockFlow (anonymous) at (0,0) size 769x0
          LayoutInline {DIV} at (0,0) size 0x0
        LayoutTable (anonymous) at (0,0) size 0x0
          LayoutTableSection {DIV} at (0,0) size 0x0
      LayoutBlockFlow {DIV} at (0,711) size 769x0
        LayoutBlockFlow (anonymous) at (0,0) size 769x0
          LayoutInline {DIV} at (0,0) size 0x0
        LayoutTable (anonymous) at (0,0) size 0x0
          LayoutTableSection {DIV} at (0,0) size 0x0
      LayoutBlockFlow {PRE} at (0,724) size 769x16
        LayoutText {#text} at (0,0) size 328x16
          text run at (0,0) width 328: "Prepending table-cell to table-row-group:"
      LayoutBlockFlow {DIV} at (0,753) size 769x0
        LayoutTable (anonymous) at (0,0) size 0x0
          LayoutTableSection (anonymous) at (0,0) size 0x0
            LayoutTableRow (anonymous) at (0,0) size 0x0
              LayoutTableCell {DIV} at (0,0) size 0x0 [r=0 c=0 rs=1 cs=1]
          LayoutTableSection {DIV} at (0,0) size 0x0
      LayoutBlockFlow {DIV} at (0,753) size 769x0
        LayoutTable (anonymous) at (0,0) size 0x0
          LayoutTableSection (anonymous) at (0,0) size 0x0
            LayoutTableRow (anonymous) at (0,0) size 0x0
              LayoutTableCell {DIV} at (0,0) size 0x0 [r=0 c=0 rs=1 cs=1]
          LayoutTableSection {DIV} at (0,0) size 0x0
      LayoutBlockFlow {PRE} at (0,766) size 769x16
        LayoutText {#text} at (0,0) size 320x16
          text run at (0,0) width 320: "Prepending table-row to table-row-group:"
      LayoutBlockFlow {DIV} at (0,795) size 769x0
        LayoutTable (anonymous) at (0,0) size 0x0
          LayoutTableSection (anonymous) at (0,0) size 0x0
            LayoutTableRow {DIV} at (0,0) size 0x0
          LayoutTableSection {DIV} at (0,0) size 0x0
      LayoutBlockFlow {DIV} at (0,795) size 769x0
        LayoutTable (anonymous) at (0,0) size 0x0
          LayoutTableSection (anonymous) at (0,0) size 0x0
            LayoutTableRow {DIV} at (0,0) size 0x0
          LayoutTableSection {DIV} at (0,0) size 0x0
      LayoutBlockFlow {PRE} at (0,808) size 769x16
        LayoutText {#text} at (0,0) size 368x16
          text run at (0,0) width 368: "Prepending table-row-group to table-row-group:"
      LayoutBlockFlow {DIV} at (0,837) size 769x0
        LayoutTable (anonymous) at (0,0) size 0x0
          LayoutTableSection {DIV} at (0,0) size 0x0
          LayoutTableSection {DIV} at (0,0) size 0x0
      LayoutBlockFlow {DIV} at (0,837) size 769x0
        LayoutTable (anonymous) at (0,0) size 0x0
          LayoutTableSection {DIV} at (0,0) size 0x0
          LayoutTableSection {DIV} at (0,0) size 0x0
      LayoutBlockFlow {PRE} at (0,850) size 769x16
        LayoutText {#text} at (0,0) size 392x16
          text run at (0,0) width 392: "Prepending table-column-group to table-row-group:"
      LayoutBlockFlow {DIV} at (0,879) size 769x0
        LayoutTable (anonymous) at (0,0) size 0x0
          LayoutTableCol {DIV} at (0,0) size 0x0
          LayoutTableSection {DIV} at (0,0) size 0x0
      LayoutBlockFlow {DIV} at (0,879) size 769x0
        LayoutTable (anonymous) at (0,0) size 0x0
          LayoutTableCol {DIV} at (0,0) size 0x0
          LayoutTableSection {DIV} at (0,0) size 0x0
      LayoutBlockFlow {PRE} at (0,892) size 769x16
        LayoutText {#text} at (0,0) size 352x16
          text run at (0,0) width 352: "Prepending table-caption to table-row-group:"
      LayoutBlockFlow {DIV} at (0,921) size 769x0
        LayoutTable (anonymous) at (0,0) size 0x0
          LayoutBlockFlow {DIV} at (0,0) size 0x0
          LayoutTableSection {DIV} at (0,0) size 0x0
      LayoutBlockFlow {DIV} at (0,921) size 769x0
        LayoutTable (anonymous) at (0,0) size 0x0
          LayoutBlockFlow {DIV} at (0,0) size 0x0
          LayoutTableSection {DIV} at (0,0) size 0x0
      LayoutBlockFlow {PRE} at (0,934) size 769x16
        LayoutText {#text} at (0,0) size 312x16
          text run at (0,0) width 312: "Prepending block to table-column-group:"
      LayoutBlockFlow {DIV} at (0,963) size 769x0
        LayoutBlockFlow {DIV} at (0,0) size 769x0
        LayoutTable (anonymous) at (0,0) size 0x0
          LayoutTableCol {DIV} at (0,0) size 0x0
      LayoutBlockFlow {DIV} at (0,963) size 769x0
        LayoutBlockFlow {DIV} at (0,0) size 769x0
        LayoutTable (anonymous) at (0,0) size 0x0
          LayoutTableCol {DIV} at (0,0) size 0x0
      LayoutBlockFlow {PRE} at (0,976) size 769x16
        LayoutText {#text} at (0,0) size 320x16
          text run at (0,0) width 320: "Prepending inline to table-column-group:"
      LayoutBlockFlow {DIV} at (0,1005) size 769x0
        LayoutBlockFlow (anonymous) at (0,0) size 769x0
          LayoutInline {DIV} at (0,0) size 0x0
        LayoutTable (anonymous) at (0,0) size 0x0
          LayoutTableCol {DIV} at (0,0) size 0x0
      LayoutBlockFlow {DIV} at (0,1005) size 769x0
        LayoutBlockFlow (anonymous) at (0,0) size 769x0
          LayoutInline {DIV} at (0,0) size 0x0
        LayoutTable (anonymous) at (0,0) size 0x0
          LayoutTableCol {DIV} at (0,0) size 0x0
      LayoutBlockFlow {PRE} at (0,1018) size 769x16
        LayoutText {#text} at (0,0) size 352x16
          text run at (0,0) width 352: "Prepending table-cell to table-column-group:"
      LayoutBlockFlow {DIV} at (0,1047) size 769x0
        LayoutTable (anonymous) at (0,0) size 0x0
          LayoutTableSection (anonymous) at (0,0) size 0x0
            LayoutTableRow (anonymous) at (0,0) size 0x0
              LayoutTableCell {DIV} at (0,0) size 0x0 [r=0 c=0 rs=1 cs=1]
          LayoutTableCol {DIV} at (0,0) size 0x0
      LayoutBlockFlow {DIV} at (0,1047) size 769x0
        LayoutTable (anonymous) at (0,0) size 0x0
          LayoutTableSection (anonymous) at (0,0) size 0x0
            LayoutTableRow (anonymous) at (0,0) size 0x0
              LayoutTableCell {DIV} at (0,0) size 0x0 [r=0 c=0 rs=1 cs=1]
          LayoutTableCol {DIV} at (0,0) size 0x0
      LayoutBlockFlow {PRE} at (0,1060) size 769x16
        LayoutText {#text} at (0,0) size 344x16
          text run at (0,0) width 344: "Prepending table-row to table-column-group:"
      LayoutBlockFlow {DIV} at (0,1089) size 769x0
        LayoutTable (anonymous) at (0,0) size 0x0
          LayoutTableSection (anonymous) at (0,0) size 0x0
            LayoutTableRow {DIV} at (0,0) size 0x0
          LayoutTableCol {DIV} at (0,0) size 0x0
      LayoutBlockFlow {DIV} at (0,1089) size 769x0
        LayoutTable (anonymous) at (0,0) size 0x0
          LayoutTableSection (anonymous) at (0,0) size 0x0
            LayoutTableRow {DIV} at (0,0) size 0x0
          LayoutTableCol {DIV} at (0,0) size 0x0
      LayoutBlockFlow {PRE} at (0,1102) size 769x16
        LayoutText {#text} at (0,0) size 392x16
          text run at (0,0) width 392: "Prepending table-row-group to table-column-group:"
      LayoutBlockFlow {DIV} at (0,1131) size 769x0
        LayoutTable (anonymous) at (0,0) size 0x0
          LayoutTableSection {DIV} at (0,0) size 0x0
          LayoutTableCol {DIV} at (0,0) size 0x0
      LayoutBlockFlow {DIV} at (0,1131) size 769x0
        LayoutTable (anonymous) at (0,0) size 0x0
          LayoutTableSection {DIV} at (0,0) size 0x0
          LayoutTableCol {DIV} at (0,0) size 0x0
      LayoutBlockFlow {PRE} at (0,1144) size 769x16
        LayoutText {#text} at (0,0) size 416x16
          text run at (0,0) width 416: "Prepending table-column-group to table-column-group:"
      LayoutBlockFlow {DIV} at (0,1173) size 769x0
        LayoutTable (anonymous) at (0,0) size 0x0
          LayoutTableCol {DIV} at (0,0) size 0x0
          LayoutTableCol {DIV} at (0,0) size 0x0
      LayoutBlockFlow {DIV} at (0,1173) size 769x0
        LayoutTable (anonymous) at (0,0) size 0x0
          LayoutTableCol {DIV} at (0,0) size 0x0
          LayoutTableCol {DIV} at (0,0) size 0x0
      LayoutBlockFlow {PRE} at (0,1186) size 769x16
        LayoutText {#text} at (0,0) size 376x16
          text run at (0,0) width 376: "Prepending table-caption to table-column-group:"
      LayoutBlockFlow {DIV} at (0,1215) size 769x0
        LayoutTable (anonymous) at (0,0) size 0x0
          LayoutBlockFlow {DIV} at (0,0) size 0x0
          LayoutTableCol {DIV} at (0,0) size 0x0
      LayoutBlockFlow {DIV} at (0,1215) size 769x0
        LayoutTable (anonymous) at (0,0) size 0x0
          LayoutBlockFlow {DIV} at (0,0) size 0x0
          LayoutTableCol {DIV} at (0,0) size 0x0
      LayoutBlockFlow {PRE} at (0,1228) size 769x16
        LayoutText {#text} at (0,0) size 272x16
          text run at (0,0) width 272: "Prepending block to table-caption:"
      LayoutBlockFlow {DIV} at (0,1257) size 769x0
        LayoutBlockFlow {DIV} at (0,0) size 769x0
        LayoutTable (anonymous) at (0,0) size 0x0
          LayoutBlockFlow {DIV} at (0,0) size 0x0
      LayoutBlockFlow {DIV} at (0,1257) size 769x0
        LayoutBlockFlow {DIV} at (0,0) size 769x0
        LayoutTable (anonymous) at (0,0) size 0x0
          LayoutBlockFlow {DIV} at (0,0) size 0x0
      LayoutBlockFlow {PRE} at (0,1270) size 769x16
        LayoutText {#text} at (0,0) size 280x16
          text run at (0,0) width 280: "Prepending inline to table-caption:"
      LayoutBlockFlow {DIV} at (0,1299) size 769x0
        LayoutBlockFlow (anonymous) at (0,0) size 769x0
          LayoutInline {DIV} at (0,0) size 0x0
        LayoutTable (anonymous) at (0,0) size 0x0
          LayoutBlockFlow {DIV} at (0,0) size 0x0
      LayoutBlockFlow {DIV} at (0,1299) size 769x0
        LayoutBlockFlow (anonymous) at (0,0) size 769x0
          LayoutInline {DIV} at (0,0) size 0x0
        LayoutTable (anonymous) at (0,0) size 0x0
          LayoutBlockFlow {DIV} at (0,0) size 0x0
      LayoutBlockFlow {PRE} at (0,1312) size 769x16
        LayoutText {#text} at (0,0) size 312x16
          text run at (0,0) width 312: "Prepending table-cell to table-caption:"
      LayoutBlockFlow {DIV} at (0,1341) size 769x0
        LayoutTable (anonymous) at (0,0) size 0x0
          LayoutTableSection (anonymous) at (0,0) size 0x0
            LayoutTableRow (anonymous) at (0,0) size 0x0
              LayoutTableCell {DIV} at (0,0) size 0x0 [r=0 c=0 rs=1 cs=1]
          LayoutBlockFlow {DIV} at (0,0) size 0x0
      LayoutBlockFlow {DIV} at (0,1341) size 769x0
        LayoutTable (anonymous) at (0,0) size 0x0
          LayoutTableSection (anonymous) at (0,0) size 0x0
            LayoutTableRow (anonymous) at (0,0) size 0x0
              LayoutTableCell {DIV} at (0,0) size 0x0 [r=0 c=0 rs=1 cs=1]
          LayoutBlockFlow {DIV} at (0,0) size 0x0
      LayoutBlockFlow {PRE} at (0,1354) size 769x16
        LayoutText {#text} at (0,0) size 304x16
          text run at (0,0) width 304: "Prepending table-row to table-caption:"
      LayoutBlockFlow {DIV} at (0,1383) size 769x0
        LayoutTable (anonymous) at (0,0) size 0x0
          LayoutTableSection (anonymous) at (0,0) size 0x0
            LayoutTableRow {DIV} at (0,0) size 0x0
          LayoutBlockFlow {DIV} at (0,0) size 0x0
      LayoutBlockFlow {DIV} at (0,1383) size 769x0
        LayoutTable (anonymous) at (0,0) size 0x0
          LayoutTableSection (anonymous) at (0,0) size 0x0
            LayoutTableRow {DIV} at (0,0) size 0x0
          LayoutBlockFlow {DIV} at (0,0) size 0x0
      LayoutBlockFlow {PRE} at (0,1396) size 769x16
        LayoutText {#text} at (0,0) size 352x16
          text run at (0,0) width 352: "Prepending table-row-group to table-caption:"
      LayoutBlockFlow {DIV} at (0,1425) size 769x0
        LayoutTable (anonymous) at (0,0) size 0x0
          LayoutTableSection {DIV} at (0,0) size 0x0
          LayoutBlockFlow {DIV} at (0,0) size 0x0
      LayoutBlockFlow {DIV} at (0,1425) size 769x0
        LayoutTable (anonymous) at (0,0) size 0x0
          LayoutTableSection {DIV} at (0,0) size 0x0
          LayoutBlockFlow {DIV} at (0,0) size 0x0
      LayoutBlockFlow {PRE} at (0,1438) size 769x16
        LayoutText {#text} at (0,0) size 376x16
          text run at (0,0) width 376: "Prepending table-column-group to table-caption:"
      LayoutBlockFlow {DIV} at (0,1467) size 769x0
        LayoutTable (anonymous) at (0,0) size 0x0
          LayoutTableCol {DIV} at (0,0) size 0x0
          LayoutBlockFlow {DIV} at (0,0) size 0x0
      LayoutBlockFlow {DIV} at (0,1467) size 769x0
        LayoutTable (anonymous) at (0,0) size 0x0
          LayoutTableCol {DIV} at (0,0) size 0x0
          LayoutBlockFlow {DIV} at (0,0) size 0x0
      LayoutBlockFlow {PRE} at (0,1480) size 769x16
        LayoutText {#text} at (0,0) size 336x16
          text run at (0,0) width 336: "Prepending table-caption to table-caption:"
      LayoutBlockFlow {DIV} at (0,1509) size 769x0
        LayoutTable (anonymous) at (0,0) size 0x0
          LayoutBlockFlow {DIV} at (0,0) size 0x0
          LayoutBlockFlow {DIV} at (0,0) size 0x0
      LayoutBlockFlow {DIV} at (0,1509) size 769x0
        LayoutTable (anonymous) at (0,0) size 0x0
          LayoutBlockFlow {DIV} at (0,0) size 0x0
          LayoutBlockFlow {DIV} at (0,0) size 0x0
