layer at (0,0) size 800x600 clip at (0,0) size 785x600 scrollHeight 1240
  LayoutView at (0,0) size 800x600
layer at (0,0) size 785x1240 backgroundClip at (0,0) size 785x600 clip at (0,0) size 785x600
  LayoutBlockFlow {HTML} at (0,0) size 785x1240
    LayoutBlockFlow {BODY} at (8,10) size 769x1222
      LayoutTable {TABLE} at (10,0) size 92x120 [border: (1px solid #000000)]
        LayoutTableSection {THEAD} at (1,1) size 24x118
          LayoutTableRow {TR} at (0,2) size 20x118
            LayoutTableCell {TD} at (2,2) size 20x56 [r=0 c=0 rs=1 cs=1]
              LayoutText {#text} at (1,1) size 17x46
                text run at (1,1) width 46: "Head 1"
            LayoutTableCell {TD} at (2,60) size 20x56 [r=0 c=1 rs=1 cs=1]
              LayoutText {#text} at (1,1) size 17x46
                text run at (1,1) width 46: "Head 2"
        LayoutTableSection {TFOOT} at (69,1) size 22x118
          LayoutTableRow {TR} at (0,0) size 20x118
            LayoutTableCell {TD} at (0,2) size 20x56 [r=0 c=0 rs=1 cs=1]
              LayoutText {#text} at (1,1) size 17x54
                text run at (1,1) width 54: "Footer 1"
            LayoutTableCell {TD} at (0,60) size 20x56 [r=0 c=1 rs=1 cs=1]
              LayoutText {#text} at (1,1) size 17x54
                text run at (1,1) width 54: "Footer 2"
        LayoutTableSection {TBODY} at (25,1) size 44x118
          LayoutTableRow {TR} at (0,0) size 20x118
            LayoutTableCell {TD} at (0,2) size 20x56 [r=0 c=0 rs=1 cs=1]
              LayoutText {#text} at (1,1) size 17x39
                text run at (1,1) width 39: "Cell 1"
            LayoutTableCell {TD} at (0,60) size 20x56 [r=0 c=1 rs=1 cs=1]
              LayoutText {#text} at (1,1) size 17x39
                text run at (1,1) width 39: "Cell 2"
          LayoutTableRow {TR} at (0,22) size 20x118
            LayoutTableCell {TD} at (22,2) size 20x56 [r=1 c=0 rs=1 cs=1]
              LayoutText {#text} at (1,1) size 17x39
                text run at (1,1) width 39: "Cell 3"
            LayoutTableCell {TD} at (22,60) size 20x56 [r=1 c=1 rs=1 cs=1]
              LayoutText {#text} at (1,1) size 17x39
                text run at (1,1) width 39: "Cell 4"
      LayoutBlockFlow {P} at (0,136) size 769x18
        LayoutText {#text} at (0,0) size 227x17
          text run at (0,0) width 227: "Row groups have display:table-cell"
      LayoutTable {TABLE} at (10,170) size 60x236 [border: (1px solid #000000)]
        LayoutTableSection (anonymous) at (1,1) size 32x234
          LayoutTableRow (anonymous) at (0,2) size 28x234
            LayoutTableCell {THEAD} at (2,2) size 28x106 [r=0 c=0 rs=1 cs=1]
              LayoutTable (anonymous) at (0,0) size 28x106
                LayoutTableSection (anonymous) at (0,0) size 28x106
                  LayoutTableRow (anonymous) at (0,2) size 24x106
                    LayoutTableCell {TR} at (2,2) size 24x102 [r=0 c=0 rs=1 cs=1]
                      LayoutTable (anonymous) at (0,0) size 24x102
                        LayoutTableSection (anonymous) at (0,0) size 24x102
                          LayoutTableRow (anonymous) at (0,2) size 20x102
                            LayoutTableCell {TD} at (2,2) size 20x48 [r=0 c=0 rs=1 cs=1]
                              LayoutText {#text} at (1,1) size 17x46
                                text run at (1,1) width 46: "Head 1"
                            LayoutTableCell {TD} at (2,52) size 20x48 [r=0 c=1 rs=1 cs=1]
                              LayoutText {#text} at (1,1) size 17x46
                                text run at (1,1) width 46: "Head 2"
            LayoutTableCell {TFOOT} at (2,110) size 28x122 [r=0 c=1 rs=1 cs=1]
              LayoutTable (anonymous) at (0,0) size 28x122
                LayoutTableSection (anonymous) at (0,0) size 28x122
                  LayoutTableRow (anonymous) at (0,2) size 24x122
                    LayoutTableCell {TR} at (2,2) size 24x118 [r=0 c=0 rs=1 cs=1]
                      LayoutTable (anonymous) at (0,0) size 24x118
                        LayoutTableSection (anonymous) at (0,0) size 24x118
                          LayoutTableRow (anonymous) at (0,2) size 20x118
                            LayoutTableCell {TD} at (2,2) size 20x56 [r=0 c=0 rs=1 cs=1]
                              LayoutText {#text} at (1,1) size 17x54
                                text run at (1,1) width 54: "Footer 1"
                            LayoutTableCell {TD} at (2,60) size 20x56 [r=0 c=1 rs=1 cs=1]
                              LayoutText {#text} at (1,1) size 17x54
                                text run at (1,1) width 54: "Footer 2"
        LayoutTableSection {TBODY} at (33,1) size 26x234
          LayoutTableRow (anonymous) at (0,0) size 24x234
            LayoutTableCell {TR} at (0,2) size 24x106 [r=0 c=0 rs=1 cs=1]
              LayoutTable (anonymous) at (0,0) size 24x88
                LayoutTableSection (anonymous) at (0,0) size 24x88
                  LayoutTableRow (anonymous) at (0,2) size 20x88
                    LayoutTableCell {TD} at (2,2) size 20x41 [r=0 c=0 rs=1 cs=1]
                      LayoutText {#text} at (1,1) size 17x39
                        text run at (1,1) width 39: "Cell 1"
                    LayoutTableCell {TD} at (2,45) size 20x41 [r=0 c=1 rs=1 cs=1]
                      LayoutText {#text} at (1,1) size 17x39
                        text run at (1,1) width 39: "Cell 2"
            LayoutTableCell {TR} at (0,110) size 24x122 [r=0 c=1 rs=1 cs=1]
              LayoutTable (anonymous) at (0,0) size 24x88
                LayoutTableSection (anonymous) at (0,0) size 24x88
                  LayoutTableRow (anonymous) at (0,2) size 20x88
                    LayoutTableCell {TD} at (2,2) size 20x41 [r=0 c=0 rs=1 cs=1]
                      LayoutText {#text} at (1,1) size 17x39
                        text run at (1,1) width 39: "Cell 3"
                    LayoutTableCell {TD} at (2,45) size 20x41 [r=0 c=1 rs=1 cs=1]
                      LayoutText {#text} at (1,1) size 17x39
                        text run at (1,1) width 39: "Cell 4"
      LayoutBlockFlow {P} at (0,422) size 769x18
        LayoutText {#text} at (0,0) size 203x17
          text run at (0,0) width 203: "Row groups have display:block"
      LayoutTable {TABLE} at (10,456) size 104x124 [border: (1px solid #000000)]
        LayoutTableSection (anonymous) at (1,1) size 52x122
          LayoutTableRow (anonymous) at (0,2) size 48x122
            LayoutTableCell (anonymous) at (2,2) size 48x118 [r=0 c=0 rs=1 cs=1]
              LayoutBlockFlow {THEAD} at (0,0) size 24x118
                LayoutBlockFlow {TR} at (0,0) size 24x118
                  LayoutTable (anonymous) at (0,0) size 24x102
                    LayoutTableSection (anonymous) at (0,0) size 24x102
                      LayoutTableRow (anonymous) at (0,2) size 20x102
                        LayoutTableCell {TD} at (2,2) size 20x48 [r=0 c=0 rs=1 cs=1]
                          LayoutText {#text} at (1,1) size 17x46
                            text run at (1,1) width 46: "Head 1"
                        LayoutTableCell {TD} at (2,52) size 20x48 [r=0 c=1 rs=1 cs=1]
                          LayoutText {#text} at (1,1) size 17x46
                            text run at (1,1) width 46: "Head 2"
              LayoutBlockFlow {TFOOT} at (24,0) size 24x118
                LayoutBlockFlow {TR} at (0,0) size 24x118
                  LayoutTable (anonymous) at (0,0) size 24x118
                    LayoutTableSection (anonymous) at (0,0) size 24x118
                      LayoutTableRow (anonymous) at (0,2) size 20x118
                        LayoutTableCell {TD} at (2,2) size 20x56 [r=0 c=0 rs=1 cs=1]
                          LayoutText {#text} at (1,1) size 17x54
                            text run at (1,1) width 54: "Footer 1"
                        LayoutTableCell {TD} at (2,60) size 20x56 [r=0 c=1 rs=1 cs=1]
                          LayoutText {#text} at (1,1) size 17x54
                            text run at (1,1) width 54: "Footer 2"
        LayoutTableSection {TBODY} at (53,1) size 50x122
          LayoutTableRow (anonymous) at (0,0) size 48x122
            LayoutTableCell (anonymous) at (0,2) size 48x118 [r=0 c=0 rs=1 cs=1]
              LayoutBlockFlow {TR} at (0,0) size 24x118
                LayoutTable (anonymous) at (0,0) size 24x88
                  LayoutTableSection (anonymous) at (0,0) size 24x88
                    LayoutTableRow (anonymous) at (0,2) size 20x88
                      LayoutTableCell {TD} at (2,2) size 20x41 [r=0 c=0 rs=1 cs=1]
                        LayoutText {#text} at (1,1) size 17x39
                          text run at (1,1) width 39: "Cell 1"
                      LayoutTableCell {TD} at (2,45) size 20x41 [r=0 c=1 rs=1 cs=1]
                        LayoutText {#text} at (1,1) size 17x39
                          text run at (1,1) width 39: "Cell 2"
              LayoutBlockFlow {TR} at (24,0) size 24x118
                LayoutTable (anonymous) at (0,0) size 24x88
                  LayoutTableSection (anonymous) at (0,0) size 24x88
                    LayoutTableRow (anonymous) at (0,2) size 20x88
                      LayoutTableCell {TD} at (2,2) size 20x41 [r=0 c=0 rs=1 cs=1]
                        LayoutText {#text} at (1,1) size 17x39
                          text run at (1,1) width 39: "Cell 3"
                      LayoutTableCell {TD} at (2,45) size 20x41 [r=0 c=1 rs=1 cs=1]
                        LayoutText {#text} at (1,1) size 17x39
                          text run at (1,1) width 39: "Cell 4"
      LayoutTable (anonymous) at (0,590) size 102x632
        LayoutTableSection (anonymous) at (0,0) size 102x632
          LayoutTableRow (anonymous) at (0,0) size 102x632
            LayoutTableCell {P} at (0,0) size 102x632 [border: (1px solid #000000)] [r=0 c=0 rs=1 cs=1]
              LayoutText {#text} at (1,1) size 100x629
                text run at (1,1) width 86: "Lorem ipsum"
                text run at (1,19) width 92: "dolor sit amet,"
                text run at (1,37) width 73: "consectetur"
                text run at (1,55) width 99: "adipisicing elit,"
                text run at (1,73) width 100: "sed do eiusmod"
                text run at (1,91) width 46: "tempor"
                text run at (1,109) width 82: "incididunt ut"
                text run at (1,127) width 56: "labore et"
                text run at (1,145) width 88: "dolore magna"
                text run at (1,163) width 100: "aliqua. Ut enim"
                text run at (1,181) width 61: "ad minim"
                text run at (1,199) width 82: "veniam, quis"
                text run at (1,217) width 48: "nostrud"
                text run at (1,235) width 76: "exercitation"
                text run at (1,253) width 100: "ullamco laboris"
                text run at (1,271) width 88: "nisi ut aliquip"
                text run at (1,289) width 34: "ex ea"
                text run at (1,307) width 64: "commodo"
                text run at (1,325) width 68: "consequat."
                text run at (1,343) width 96: "Duis aute irure"
                text run at (1,361) width 51: "dolor in"
                text run at (1,379) width 86: "reprehenderit"
                text run at (1,397) width 76: "in voluptate"
                text run at (1,415) width 60: "velit esse"
                text run at (1,433) width 86: "cillum dolore"
                text run at (1,451) width 93: "eu fugiat nulla"
                text run at (1,469) width 53: "pariatur."
                text run at (1,487) width 92: "Excepteur sint"
                text run at (1,505) width 56: "occaecat"
                text run at (1,523) width 87: "cupidatat non"
                text run at (1,541) width 88: "proident, sunt"
                text run at (1,559) width 76: "in culpa qui"
                text run at (1,577) width 100: "officia deserunt"
                text run at (1,595) width 91: "mollit anim id"
                text run at (1,613) width 80: "est laborum."
