layer at (0,0) size 800x600
  LayoutView at (0,0) size 800x600
layer at (0,0) size 800x600
  LayoutBlockFlow {HTML} at (0,0) size 800x600
    LayoutBlockFlow {BODY} at (8,10) size 784x582
      LayoutTable {TABLE} at (10,0) size 120x92 [border: (1px solid #000000)]
        LayoutTableSection {THEAD} at (1,1) size 118x24
          LayoutTableRow {TR} at (0,2) size 118x20
            LayoutTableCell {TD} at (2,2) size 56x20 [r=0 c=0 rs=1 cs=1]
              LayoutText {#text} at (1,1) size 46x17
                text run at (1,1) width 46: "Head 1"
            LayoutTableCell {TD} at (60,2) size 56x20 [r=0 c=1 rs=1 cs=1]
              LayoutText {#text} at (1,1) size 46x17
                text run at (1,1) width 46: "Head 2"
        LayoutTableSection {TFOOT} at (1,69) size 118x22
          LayoutTableRow {TR} at (0,0) size 118x20
            LayoutTableCell {TD} at (2,0) size 56x20 [r=0 c=0 rs=1 cs=1]
              LayoutText {#text} at (1,1) size 54x17
                text run at (1,1) width 54: "Footer 1"
            LayoutTableCell {TD} at (60,0) size 56x20 [r=0 c=1 rs=1 cs=1]
              LayoutText {#text} at (1,1) size 54x17
                text run at (1,1) width 54: "Footer 2"
        LayoutTableSection {TBODY} at (1,25) size 118x44
          LayoutTableRow {TR} at (0,0) size 118x20
            LayoutTableCell {TD} at (2,0) size 56x20 [r=0 c=0 rs=1 cs=1]
              LayoutText {#text} at (1,1) size 39x17
                text run at (1,1) width 39: "Cell 1"
            LayoutTableCell {TD} at (60,0) size 56x20 [r=0 c=1 rs=1 cs=1]
              LayoutText {#text} at (1,1) size 39x17
                text run at (1,1) width 39: "Cell 2"
          LayoutTableRow {TR} at (0,22) size 118x20
            LayoutTableCell {TD} at (2,22) size 56x20 [r=1 c=0 rs=1 cs=1]
              LayoutText {#text} at (1,1) size 39x17
                text run at (1,1) width 39: "Cell 3"
            LayoutTableCell {TD} at (60,22) size 56x20 [r=1 c=1 rs=1 cs=1]
              LayoutText {#text} at (1,1) size 39x17
                text run at (1,1) width 39: "Cell 4"
      LayoutBlockFlow {P} at (0,108) size 784x18
        LayoutText {#text} at (0,0) size 227x17
          text run at (0,0) width 227: "Row groups have display:table-cell"
      LayoutTable {TABLE} at (10,142) size 236x60 [border: (1px solid #000000)]
        LayoutTableSection (anonymous) at (1,1) size 234x32
          LayoutTableRow (anonymous) at (0,2) size 234x28
            LayoutTableCell {THEAD} at (2,2) size 106x28 [r=0 c=0 rs=1 cs=1]
              LayoutTable (anonymous) at (0,0) size 106x28
                LayoutTableSection (anonymous) at (0,0) size 106x28
                  LayoutTableRow (anonymous) at (0,2) size 106x24
                    LayoutTableCell {TR} at (2,2) size 102x24 [r=0 c=0 rs=1 cs=1]
                      LayoutTable (anonymous) at (0,0) size 102x24
                        LayoutTableSection (anonymous) at (0,0) size 102x24
                          LayoutTableRow (anonymous) at (0,2) size 102x20
                            LayoutTableCell {TD} at (2,2) size 48x20 [r=0 c=0 rs=1 cs=1]
                              LayoutText {#text} at (1,1) size 46x17
                                text run at (1,1) width 46: "Head 1"
                            LayoutTableCell {TD} at (52,2) size 48x20 [r=0 c=1 rs=1 cs=1]
                              LayoutText {#text} at (1,1) size 46x17
                                text run at (1,1) width 46: "Head 2"
            LayoutTableCell {TFOOT} at (110,2) size 122x28 [r=0 c=1 rs=1 cs=1]
              LayoutTable (anonymous) at (0,0) size 122x28
                LayoutTableSection (anonymous) at (0,0) size 122x28
                  LayoutTableRow (anonymous) at (0,2) size 122x24
                    LayoutTableCell {TR} at (2,2) size 118x24 [r=0 c=0 rs=1 cs=1]
                      LayoutTable (anonymous) at (0,0) size 118x24
                        LayoutTableSection (anonymous) at (0,0) size 118x24
                          LayoutTableRow (anonymous) at (0,2) size 118x20
                            LayoutTableCell {TD} at (2,2) size 56x20 [r=0 c=0 rs=1 cs=1]
                              LayoutText {#text} at (1,1) size 54x17
                                text run at (1,1) width 54: "Footer 1"
                            LayoutTableCell {TD} at (60,2) size 56x20 [r=0 c=1 rs=1 cs=1]
                              LayoutText {#text} at (1,1) size 54x17
                                text run at (1,1) width 54: "Footer 2"
        LayoutTableSection {TBODY} at (1,33) size 234x26
          LayoutTableRow (anonymous) at (0,0) size 234x24
            LayoutTableCell {TR} at (2,0) size 106x24 [r=0 c=0 rs=1 cs=1]
              LayoutTable (anonymous) at (0,0) size 88x24
                LayoutTableSection (anonymous) at (0,0) size 88x24
                  LayoutTableRow (anonymous) at (0,2) size 88x20
                    LayoutTableCell {TD} at (2,2) size 41x20 [r=0 c=0 rs=1 cs=1]
                      LayoutText {#text} at (1,1) size 39x17
                        text run at (1,1) width 39: "Cell 1"
                    LayoutTableCell {TD} at (45,2) size 41x20 [r=0 c=1 rs=1 cs=1]
                      LayoutText {#text} at (1,1) size 39x17
                        text run at (1,1) width 39: "Cell 2"
            LayoutTableCell {TR} at (110,0) size 122x24 [r=0 c=1 rs=1 cs=1]
              LayoutTable (anonymous) at (0,0) size 88x24
                LayoutTableSection (anonymous) at (0,0) size 88x24
                  LayoutTableRow (anonymous) at (0,2) size 88x20
                    LayoutTableCell {TD} at (2,2) size 41x20 [r=0 c=0 rs=1 cs=1]
                      LayoutText {#text} at (1,1) size 39x17
                        text run at (1,1) width 39: "Cell 3"
                    LayoutTableCell {TD} at (45,2) size 41x20 [r=0 c=1 rs=1 cs=1]
                      LayoutText {#text} at (1,1) size 39x17
                        text run at (1,1) width 39: "Cell 4"
      LayoutBlockFlow {P} at (0,218) size 784x18
        LayoutText {#text} at (0,0) size 203x17
          text run at (0,0) width 203: "Row groups have display:block"
      LayoutTable {TABLE} at (10,252) size 124x104 [border: (1px solid #000000)]
        LayoutTableSection (anonymous) at (1,1) size 122x52
          LayoutTableRow (anonymous) at (0,2) size 122x48
            LayoutTableCell (anonymous) at (2,2) size 118x48 [r=0 c=0 rs=1 cs=1]
              LayoutBlockFlow {THEAD} at (0,0) size 118x24
                LayoutBlockFlow {TR} at (0,0) size 118x24
                  LayoutTable (anonymous) at (0,0) size 102x24
                    LayoutTableSection (anonymous) at (0,0) size 102x24
                      LayoutTableRow (anonymous) at (0,2) size 102x20
                        LayoutTableCell {TD} at (2,2) size 48x20 [r=0 c=0 rs=1 cs=1]
                          LayoutText {#text} at (1,1) size 46x17
                            text run at (1,1) width 46: "Head 1"
                        LayoutTableCell {TD} at (52,2) size 48x20 [r=0 c=1 rs=1 cs=1]
                          LayoutText {#text} at (1,1) size 46x17
                            text run at (1,1) width 46: "Head 2"
              LayoutBlockFlow {TFOOT} at (0,24) size 118x24
                LayoutBlockFlow {TR} at (0,0) size 118x24
                  LayoutTable (anonymous) at (0,0) size 118x24
                    LayoutTableSection (anonymous) at (0,0) size 118x24
                      LayoutTableRow (anonymous) at (0,2) size 118x20
                        LayoutTableCell {TD} at (2,2) size 56x20 [r=0 c=0 rs=1 cs=1]
                          LayoutText {#text} at (1,1) size 54x17
                            text run at (1,1) width 54: "Footer 1"
                        LayoutTableCell {TD} at (60,2) size 56x20 [r=0 c=1 rs=1 cs=1]
                          LayoutText {#text} at (1,1) size 54x17
                            text run at (1,1) width 54: "Footer 2"
        LayoutTableSection {TBODY} at (1,53) size 122x50
          LayoutTableRow (anonymous) at (0,0) size 122x48
            LayoutTableCell (anonymous) at (2,0) size 118x48 [r=0 c=0 rs=1 cs=1]
              LayoutBlockFlow {TR} at (0,0) size 118x24
                LayoutTable (anonymous) at (0,0) size 88x24
                  LayoutTableSection (anonymous) at (0,0) size 88x24
                    LayoutTableRow (anonymous) at (0,2) size 88x20
                      LayoutTableCell {TD} at (2,2) size 41x20 [r=0 c=0 rs=1 cs=1]
                        LayoutText {#text} at (1,1) size 39x17
                          text run at (1,1) width 39: "Cell 1"
                      LayoutTableCell {TD} at (45,2) size 41x20 [r=0 c=1 rs=1 cs=1]
                        LayoutText {#text} at (1,1) size 39x17
                          text run at (1,1) width 39: "Cell 2"
              LayoutBlockFlow {TR} at (0,24) size 118x24
                LayoutTable (anonymous) at (0,0) size 88x24
                  LayoutTableSection (anonymous) at (0,0) size 88x24
                    LayoutTableRow (anonymous) at (0,2) size 88x20
                      LayoutTableCell {TD} at (2,2) size 41x20 [r=0 c=0 rs=1 cs=1]
                        LayoutText {#text} at (1,1) size 39x17
                          text run at (1,1) width 39: "Cell 3"
                      LayoutTableCell {TD} at (45,2) size 41x20 [r=0 c=1 rs=1 cs=1]
                        LayoutText {#text} at (1,1) size 39x17
                          text run at (1,1) width 39: "Cell 4"
      LayoutTable (anonymous) at (0,366) size 302x200
        LayoutTableSection (anonymous) at (0,0) size 302x200
          LayoutTableRow (anonymous) at (0,0) size 302x200
            LayoutTableCell {P} at (0,0) size 302x200 [border: (1px solid #000000)] [r=0 c=0 rs=1 cs=1]
              LayoutText {#text} at (1,1) size 300x197
                text run at (1,1) width 259: "Lorem ipsum dolor sit amet, consectetur"
                text run at (1,19) width 252: "adipisicing elit, sed do eiusmod tempor"
                text run at (1,37) width 300: "incididunt ut labore et dolore magna aliqua. Ut"
                text run at (1,55) width 235: "enim ad minim veniam, quis nostrud"
                text run at (1,73) width 290: "exercitation ullamco laboris nisi ut aliquip ex"
                text run at (1,91) width 292: "ea commodo consequat. Duis aute irure dolor"
                text run at (1,109) width 290: "in reprehenderit in voluptate velit esse cillum"
                text run at (1,127) width 291: "dolore eu fugiat nulla pariatur. Excepteur sint"
                text run at (1,145) width 293: "occaecat cupidatat non proident, sunt in culpa"
                text run at (1,163) width 241: "qui officia deserunt mollit anim id est"
                text run at (1,181) width 58: "laborum."
