layer at (0,0) size 800x600
  LayoutView at (0,0) size 800x600
layer at (0,0) size 800x412
  LayoutBlockFlow {HTML} at (0,0) size 800x412
    LayoutBlockFlow {BODY} at (8,16) size 784x380
      LayoutBlockFlow {P} at (0,0) size 784x36
        LayoutText {#text} at (0,0) size 177x17
          text run at (0,0) width 177: "This is a regression test for "
        LayoutInline {I} at (0,0) size 750x35
          LayoutInline {A} at (0,0) size 354x17 [color=#0000EE]
            LayoutText {#text} at (176,0) size 354x17
              text run at (176,0) width 354: "http://bugzilla.opendarwin.org/show_bug.cgi?id=9122"
          LayoutText {#text} at (529,0) size 750x35
            text run at (529,0) width 5: " "
            text run at (533,0) width 217: "REGRESSION: Incorrect vertical"
            text run at (0,18) width 313: "position for text fields in a \"display: table\" block"
        LayoutText {#text} at (312,18) size 5x17
          text run at (312,18) width 5: "."
      LayoutBlockFlow {P} at (0,52) size 784x36
        LayoutText {#text} at (0,0) size 754x35
          text run at (0,0) width 754: "Type something in the text field. Resize the window. The text field should not jump down. Delete what you typed and"
          text run at (0,18) width 325: "resize the window. The text field should not move."
      LayoutBlockFlow {FORM} at (0,104) size 784x276
        LayoutTable {DL} at (0,0) size 198x22
          LayoutTableSection (anonymous) at (0,0) size 198x22
            LayoutTableRow {DIV} at (0,0) size 198x22
              LayoutTableCell {DT} at (0,2) size 25x18 [r=0 c=0 rs=1 cs=1]
                LayoutText {#text} at (0,0) size 25x17
                  text run at (0,0) width 25: "Foo"
              LayoutTableCell {DD} at (25,0) size 173x22 [r=0 c=1 rs=1 cs=1]
                LayoutTextControl {INPUT} at (0,0) size 173x22 [bgcolor=#FFFFFF] [border: (2px inset #EEEEEE)]
        LayoutBlockFlow {HR} at (0,38) size 784x2 [border: (1px inset #EEEEEE)]
        LayoutBlockFlow {P} at (0,56) size 784x36
          LayoutText {#text} at (0,0) size 771x35
            text run at (0,0) width 771: "And here's more. There should not be a difference in distance between the labels, nor any difference in distance between"
            text run at (0,18) width 92: "the text fields."
        LayoutTable {DL} at (0,108) size 237x168
          LayoutTableSection (anonymous) at (0,0) size 237x168
            LayoutTableRow {DIV} at (0,0) size 237x22
              LayoutTableCell {DT} at (0,2) size 25x18 [r=0 c=0 rs=1 cs=1]
                LayoutText {#text} at (0,0) size 25x17
                  text run at (0,0) width 25: "Foo"
              LayoutTableCell {DD} at (25,0) size 212x22 [r=0 c=1 rs=1 cs=1]
                LayoutTextControl {INPUT} at (0,0) size 173x22 [bgcolor=#FFFFFF] [border: (2px inset #EEEEEE)]
            LayoutTableRow {DIV} at (0,22) size 237x22
              LayoutTableCell {DT} at (0,24) size 25x18 [r=1 c=0 rs=1 cs=1]
                LayoutText {#text} at (0,0) size 25x17
                  text run at (0,0) width 25: "Foo"
              LayoutTableCell {DD} at (25,22) size 212x22 [r=1 c=1 rs=1 cs=1]
                LayoutTextControl {INPUT} at (0,0) size 173x22 [bgcolor=#FFFFFF] [border: (2px inset #EEEEEE)]
            LayoutTableRow {DIV} at (0,44) size 237x22
              LayoutTableCell {DT} at (0,46) size 25x18 [r=2 c=0 rs=1 cs=1]
                LayoutText {#text} at (0,0) size 25x17
                  text run at (0,0) width 25: "Foo"
              LayoutTableCell {DD} at (25,44) size 212x22 [r=2 c=1 rs=1 cs=1]
                LayoutTextControl {INPUT} at (0,0) size 173x22 [bgcolor=#FFFFFF] [border: (2px inset #EEEEEE)]
            LayoutTableRow {DIV} at (0,66) size 237x22
              LayoutTableCell {DT} at (0,68) size 25x18 [r=3 c=0 rs=1 cs=1]
                LayoutText {#text} at (0,0) size 25x17
                  text run at (0,0) width 25: "Foo"
              LayoutTableCell {DD} at (25,66) size 212x22 [r=3 c=1 rs=1 cs=1]
                LayoutTextControl {INPUT} at (0,0) size 173x22 [bgcolor=#FFFFFF] [border: (2px inset #EEEEEE)]
            LayoutTableRow {DIV} at (0,88) size 237x22
              LayoutTableCell {DT} at (0,90) size 25x18 [r=4 c=0 rs=1 cs=1]
                LayoutText {#text} at (0,0) size 25x17
                  text run at (0,0) width 25: "Foo"
              LayoutTableCell {DD} at (25,88) size 212x22 [r=4 c=1 rs=1 cs=1]
                LayoutTextControl {INPUT} at (0,0) size 173x22 [bgcolor=#FFFFFF] [border: (2px inset #EEEEEE)]
            LayoutTableRow {DIV} at (0,110) size 237x22
              LayoutTableCell {DT} at (0,112) size 25x18 [r=5 c=0 rs=1 cs=1]
                LayoutText {#text} at (0,0) size 25x17
                  text run at (0,0) width 25: "Foo"
              LayoutTableCell {DD} at (25,110) size 212x22 [r=5 c=1 rs=1 cs=1]
                LayoutTextControl {INPUT} at (0,0) size 173x22 [bgcolor=#FFFFFF] [border: (2px inset #EEEEEE)]
            LayoutTableRow {DIV} at (0,132) size 237x36
              LayoutTableCell {DT} at (0,150) size 25x18 [r=6 c=0 rs=1 cs=1]
                LayoutText {#text} at (0,0) size 25x17
                  text run at (0,0) width 25: "Foo"
              LayoutTableCell {DD} at (25,132) size 212x36 [r=6 c=1 rs=1 cs=1]
                LayoutBlockFlow {DIV} at (0,0) size 211.97x36
                  LayoutBR {BR} at (0,0) size 0x17
                  LayoutText {#text} at (0,18) size 212x17
                    text run at (0,18) width 212: "Bar (should be aligned with Foo)"
layer at (35,123) size 169x16
  LayoutBlockFlow {DIV} at (2,3) size 169x16
layer at (35,231) size 169x16
  LayoutBlockFlow {DIV} at (2,3) size 169x16
layer at (35,253) size 169x16
  LayoutBlockFlow {DIV} at (2,3) size 169x16
layer at (35,275) size 169x16
  LayoutBlockFlow {DIV} at (2,3) size 169x16
    LayoutText {#text} at (0,0) size 20x16
      text run at (0,0) width 20: "Bar"
layer at (35,297) size 169x16
  LayoutBlockFlow {DIV} at (2,3) size 169x16
    LayoutText {#text} at (0,0) size 20x16
      text run at (0,0) width 20: "Bar"
layer at (35,319) size 169x16
  LayoutBlockFlow {DIV} at (2,3) size 169x16
layer at (35,341) size 169x16
  LayoutBlockFlow {DIV} at (2,3) size 169x16
