layer at (0,0) size 800x600 clip at (0,0) size 785x600 scrollHeight 787
  LayoutView at (0,0) size 800x600
layer at (0,0) size 785x786 backgroundClip at (0,0) size 785x600 clip at (0,0) size 785x600
  LayoutBlockFlow {HTML} at (0,0) size 785x786.33
    LayoutBlockFlow {BODY} at (8,8) size 769x770.33 [bgcolor=#CCCCCC]
      LayoutBlockFlow {P} at (0,0) size 769x18
        LayoutText {#text} at (0,0) size 363x17
          text run at (0,0) width 363: "The style declarations which apply to the text below are:"
      LayoutBlockFlow {PRE} at (0,34) size 769x112
        LayoutText {#text} at (0,0) size 560x112
          text run at (0,0) width 208: "P.one {line-height: 200%;}"
          text run at (208,0) width 0: " "
          text run at (0,16) width 552: "SPAN.two {border-style: solid; border-width: 10px; border-color: red;"
          text run at (552,16) width 0: " "
          text run at (0,32) width 304: "          padding: 2pt; margin: 30pt;}"
          text run at (304,32) width 0: " "
          text run at (0,48) width 360: "P.three {font-size: 10pt; line-height: 12pt;}"
          text run at (360,48) width 0: " "
          text run at (0,64) width 560: "SPAN.four {border-style: solid; border-width: 12px; border-color: red;"
          text run at (560,64) width 0: " "
          text run at (0,80) width 192: "          padding: 2pt;}"
          text run at (192,80) width 0: " "
          text run at (0,96) width 0: " "
      LayoutBlockFlow {HR} at (0,159) size 769x2 [border: (1px inset #EEEEEE)]
      LayoutBlockFlow {P} at (0,177) size 769x192
        LayoutText {#text} at (0,7) size 191x17
          text run at (0,7) width 191: "This is a paragraph that has a "
        LayoutInline {SPAN} at (0,0) size 765x171 [border: (10px solid #FF0000)]
          LayoutText {#text} at (242,7) size 765x145
            text run at (242,7) width 512: "very long span in it, and the span has a 10px red border separated from the span"
            text run at (0,39) width 190: "by 2pt, and a margin of 30pt. "
            text run at (189,39) width 572: "The padding and border should be present on all sides of the span (although vertical lines"
            text run at (0,71) width 547: "should appear only at the beginning and the end of the whole span, not on each line). "
            text run at (546,71) width 211: "The padding, border, and margin"
            text run at (0,103) width 395: "should all be noticeable at the beginning and end of the span. "
            text run at (395,103) width 370: "However, the line height should not be changed by any of"
            text run at (0,135) width 597: "them, so the margin should be unnoticeable and the border should overlap text on other lines."
        LayoutText {#text} at (648,135) size 759x49
          text run at (648,135) width 5: " "
          text run at (652,135) width 107: "The line spacing"
          text run at (0,167) width 358: "in the whole paragraph should be 200% of the font size."
      LayoutBlockFlow {P} at (0,385) size 769x64
        LayoutText {#text} at (0,0) size 160x15
          text run at (0,0) width 160: "This is a paragraph that has a "
        LayoutInline {SPAN} at (0,0) size 757x93 [border: (12px solid #FF0000)]
          LayoutText {#text} at (174,0) size 757x63
            text run at (174,0) width 547: "very long span in it, and the span has a 12px red border separated from the span by 2pt of padding (the"
            text run at (0,16) width 752: "difference between the line-height and the font-size), which should overlap with the lines of text above and below the span, since the padding"
            text run at (0,32) width 237: "and border should not effect the line height. "
            text run at (236,32) width 521: "The span's border should have vertical lines only at the beginning and end of the whole span, not"
            text run at (0,48) width 67: "on each line."
        LayoutText {#text} at (81,48) size 405x15
          text run at (81,48) width 3: " "
          text run at (84,48) width 402: "The line spacing in the whole paragraph should be 12pt, with font-size 10pt."
      LayoutTable {TABLE} at (0,462.33) size 769x308 [border: (1px outset #808080)]
        LayoutTableSection {TBODY} at (1,1) size 767x306
          LayoutTableRow {TR} at (0,0) size 767x26
            LayoutTableCell {TD} at (0,0) size 767x26 [bgcolor=#C0C0C0] [border: (1px inset #808080)] [r=0 c=0 rs=1 cs=2]
              LayoutInline {STRONG} at (0,0) size 161x17
                LayoutText {#text} at (4,4) size 161x17
                  text run at (4,4) width 161: "TABLE Testing Section"
          LayoutTableRow {TR} at (0,26) size 767x280
            LayoutTableCell {TD} at (0,153) size 12x26 [bgcolor=#C0C0C0] [border: (1px inset #808080)] [r=1 c=0 rs=1 cs=1]
              LayoutText {#text} at (4,4) size 4x17
                text run at (4,4) width 4: " "
            LayoutTableCell {TD} at (12,26) size 755x280 [border: (1px inset #808080)] [r=1 c=1 rs=1 cs=1]
              LayoutBlockFlow {P} at (4,4) size 747x192
                LayoutText {#text} at (0,7) size 191x17
                  text run at (0,7) width 191: "This is a paragraph that has a "
                LayoutInline {SPAN} at (0,0) size 725x203 [border: (10px solid #FF0000)]
                  LayoutText {#text} at (242,7) size 725x177
                    text run at (242,7) width 478: "very long span in it, and the span has a 10px red border separated from the"
                    text run at (0,39) width 223: "span by 2pt, and a margin of 30pt. "
                    text run at (222,39) width 486: "The padding and border should be present on all sides of the span (although"
                    text run at (0,71) width 634: "vertical lines should appear only at the beginning and the end of the whole span, not on each line). "
                    text run at (633,71) width 85: "The padding,"
                    text run at (0,103) width 521: "border, and margin should all be noticeable at the beginning and end of the span. "
                    text run at (520,103) width 205: "However, the line height should"
                    text run at (0,135) width 724: "not be changed by any of them, so the margin should be unnoticeable and the border should overlap text on other"
                    text run at (0,167) width 35: "lines."
                LayoutText {#text} at (86,167) size 472x17
                  text run at (86,167) width 5: " "
                  text run at (90,167) width 468: "The line spacing in the whole paragraph should be 200% of the font size."
              LayoutBlockFlow {P} at (4,212) size 747x64
                LayoutText {#text} at (0,0) size 160x15
                  text run at (0,0) width 160: "This is a paragraph that has a "
                LayoutInline {SPAN} at (0,0) size 721x93 [border: (12px solid #FF0000)]
                  LayoutText {#text} at (174,0) size 721x63
                    text run at (174,0) width 547: "very long span in it, and the span has a 12px red border separated from the span by 2pt of padding (the"
                    text run at (0,16) width 705: "difference between the line-height and the font-size), which should overlap with the lines of text above and below the span, since the"
                    text run at (0,32) width 284: "padding and border should not effect the line height. "
                    text run at (283,32) width 433: "The span's border should have vertical lines only at the beginning and end of the"
                    text run at (0,48) width 155: "whole span, not on each line."
                LayoutText {#text} at (169,48) size 405x15
                  text run at (169,48) width 3: " "
                  text run at (172,48) width 402: "The line spacing in the whole paragraph should be 12pt, with font-size 10pt."
