layer at (0,0) size 800x600 clip at (0,0) size 785x600 scrollHeight 2507
  LayoutView at (0,0) size 800x600
layer at (0,0) size 785x2507 backgroundClip at (0,0) size 785x600 clip at (0,0) size 785x600
  LayoutBlockFlow {HTML} at (0,0) size 785x2506.78
    LayoutBlockFlow {BODY} at (8,8) size 769x2490.78 [bgcolor=#CCCCCC]
      LayoutBlockFlow {P} at (0,0) size 769x18
        LayoutText {#text} at (0,0) size 363x17
          text run at (0,0) width 363: "The style declarations which apply to the text below are:"
      LayoutBlockFlow {PRE} at (0,34) size 769x320
        LayoutText {#text} at (0,0) size 496x320
          text run at (0,0) width 368: "P.one {margin-bottom: 2cm; padding-bottom: 0;}"
          text run at (368,0) width 0: " "
          text run at (0,16) width 320: "P.two {margin-top: 2cm; padding-top: 0;}"
          text run at (320,16) width 0: " "
          text run at (0,32) width 320: "P.three {margin-top: 0; padding-top: 0;}"
          text run at (320,32) width 0: " "
          text run at (0,48) width 344: "P.four {margin-top: -1cm; margin-bottom: 0;"
          text run at (344,48) width 0: " "
          text run at (0,64) width 344: "        padding-top: 0; padding-bottom: 0;}"
          text run at (344,64) width 0: " "
          text run at (0,80) width 368: "DIV.five {margin-top: 1cm; margin-bottom: 1cm;"
          text run at (368,80) width 0: " "
          text run at (0,96) width 376: "          padding-top: 1cm; padding-bottom: 0;}"
          text run at (376,96) width 0: " "
          text run at (0,112) width 344: "P.six {margin-top: 1cm; margin-bottom: 1cm;"
          text run at (344,112) width 0: " "
          text run at (0,128) width 336: "       padding-top: 0; padding-bottom: 0;}"
          text run at (336,128) width 0: " "
          text run at (0,144) width 336: "P.seven {margin-top: 1cm; padding-top: 0;}"
          text run at (336,144) width 0: " "
          text run at (0,160) width 408: "P.eight {margin-bottom: -1cm; padding-bottom: 2cm;}"
          text run at (408,160) width 0: " "
          text run at (0,176) width 344: "P.nine {margin-top: -1cm; padding-top: 1cm;"
          text run at (344,176) width 0: " "
          text run at (0,192) width 376: "        padding-bottom: 0; margin-bottom: 1cm;}"
          text run at (376,192) width 0: " "
          text run at (0,208) width 304: "P.ten {margin-top: 1cm;padding-top: 0;"
          text run at (304,208) width 0: " "
          text run at (0,224) width 248: "       float: left;width: 50%;}"
          text run at (248,224) width 0: " "
          text run at (0,240) width 448: "P.eleven {margin-top: 1cm; padding-top: 0; clear: none;}"
          text run at (448,240) width 0: " "
          text run at (0,256) width 496: "P.twelve {margin-bottom: 0; padding-bottom: 1cm; clear: both;}"
          text run at (496,256) width 0: " "
          text run at (0,272) width 360: "P.thirteen {margin-top: 0; padding-top: 1cm;}"
          text run at (360,272) width 0: " "
          text run at (0,288) width 160: "TABLE {clear: both;}"
          text run at (160,288) width 0: " "
          text run at (0,304) width 0: " "
      LayoutBlockFlow {HR} at (0,367) size 769x2 [border: (1px inset #EEEEEE)]
      LayoutBlockFlow {P} at (0,385) size 769x36
        LayoutText {#text} at (0,0) size 769x35
          text run at (0,0) width 769: "There should be a two-centimeter margin between this paragraph and the next, because adjacent vertical margins should"
          text run at (0,18) width 262: "collapse to the maximum of the margins."
      LayoutBlockFlow {P} at (0,496.58) size 769x18
        LayoutText {#text} at (0,0) size 168x17
          text run at (0,0) width 168: "This is another paragraph."
      LayoutBlockFlow {P} at (0,530.58) size 769x18
        LayoutText {#text} at (0,0) size 503x17
          text run at (0,0) width 503: "There should be a two-centimeter margin between this paragraph and the next."
      LayoutBlockFlow {P} at (0,624.16) size 769x18
        LayoutText {#text} at (0,0) size 168x17
          text run at (0,0) width 168: "This is another paragraph."
      LayoutBlockFlow {P} at (0,658.16) size 769x36
        LayoutText {#text} at (0,0) size 731x35
          text run at (0,0) width 731: "There should be a one-centimeter margin between this paragraph and the next, because when there is one negative"
          text run at (0,18) width 474: "margin, the two margins should be added (the minus sign should be kept)."
      LayoutBlockFlow {P} at (0,731.95) size 769x18
        LayoutText {#text} at (0,0) size 168x17
          text run at (0,0) width 168: "This is another paragraph."
      LayoutBlockFlow {DIV} at (0,787.73) size 769x129.56
        LayoutBlockFlow {P} at (0,75.56) size 769x54
          LayoutText {#text} at (0,0) size 750x53
            text run at (0,0) width 750: "There should be three centimeters between this text and the text above, but only one centimeter between this text and"
            text run at (0,18) width 718: "the text below, because vertical margins of nested elements should collapse only if there is no border or padding"
            text run at (0,36) width 137: "between the margins."
      LayoutBlockFlow {P} at (0,955.08) size 769x18
        LayoutText {#text} at (0,0) size 112x17
          text run at (0,0) width 112: "This is more text."
      LayoutBlockFlow {P} at (0,989.08) size 769x111.58
        LayoutText {#text} at (0,0) size 738x35
          text run at (0,0) width 738: "There should be two centimeters between this paragraph and the one below, because negative margins collapse to a"
          text run at (0,18) width 467: "negative margin with the largest absolute value of the margins collapsed."
      LayoutBlockFlow {P} at (0,1062.88) size 769x73.78
        LayoutText {#text} at (0,38) size 754x35
          text run at (0,38) width 754: "This is a paragraph, which I should make very long so that you can easily see how much space there is between it and"
          text run at (0,56) width 208: "the one below it and to the right."
      LayoutBlockFlow (floating) {P} at (0,1212.22) size 384.50x54
        LayoutText {#text} at (0,0) size 362x53
          text run at (0,0) width 362: "There should be two centimeters between this paragraph"
          text run at (0,18) width 346: "and the one above it, since margins do not collapse on"
          text run at (0,36) width 115: "floating elements."
      LayoutBlockFlow {P} at (0,1174.44) size 769x54
        LayoutText {#text} at (384,0) size 382x53
          text run at (384,0) width 382: "There should be one centimeter between this paragraph and"
          text run at (384,18) width 365: "the (non-floating) one above it, since the float should not"
          text run at (384,36) width 185: "effect the paragraph spacing."
      LayoutBlockFlow {P} at (0,1282.22) size 769x73.78
        LayoutText {#text} at (0,0) size 760x35
          text run at (0,0) width 562: "There should be two centimeters of padding between this paragraph and the one below. "
          text run at (561,0) width 199: "Padding does not collapse, and"
          text run at (0,18) width 239: "there is 1cm of padding on each side."
      LayoutBlockFlow {P} at (0,1356) size 769x55.78
        LayoutText {#text} at (0,38) size 171x17
          text run at (0,38) width 171: "This is the next paragraph."
      LayoutTable {TABLE} at (0,1427.78) size 769x1063 [border: (1px outset #808080)]
        LayoutTableSection {TBODY} at (1,1) size 767x1061
          LayoutTableRow {TR} at (0,0) size 767x26
            LayoutTableCell {TD} at (0,0) size 767x26 [bgcolor=#C0C0C0] [border: (1px inset #808080)] [r=0 c=0 rs=1 cs=2]
              LayoutInline {STRONG} at (0,0) size 161x17
                LayoutText {#text} at (4,4) size 161x17
                  text run at (4,4) width 161: "TABLE Testing Section"
          LayoutTableRow {TR} at (0,26) size 767x1035
            LayoutTableCell {TD} at (0,530) size 12x26 [bgcolor=#C0C0C0] [border: (1px inset #808080)] [r=1 c=0 rs=1 cs=1]
              LayoutText {#text} at (4,4) size 4x17
                text run at (4,4) width 4: " "
            LayoutTableCell {TD} at (12,26) size 755x1034.78 [border: (1px inset #808080)] [r=1 c=1 rs=1 cs=1]
              LayoutBlockFlow {P} at (4,4) size 747x36
                LayoutText {#text} at (0,0) size 722x35
                  text run at (0,0) width 722: "There should be a two-centimeter margin between this paragraph and the next, because adjacent vertical margins"
                  text run at (0,18) width 309: "should collapse to the maximum of the margins."
              LayoutBlockFlow {P} at (4,115.58) size 747x18
                LayoutText {#text} at (0,0) size 168x17
                  text run at (0,0) width 168: "This is another paragraph."
              LayoutBlockFlow {P} at (4,149.58) size 747x18
                LayoutText {#text} at (0,0) size 503x17
                  text run at (0,0) width 503: "There should be a two-centimeter margin between this paragraph and the next."
              LayoutBlockFlow {P} at (4,243.16) size 747x18
                LayoutText {#text} at (0,0) size 168x17
                  text run at (0,0) width 168: "This is another paragraph."
              LayoutBlockFlow {P} at (4,277.16) size 747x36
                LayoutText {#text} at (0,0) size 731x35
                  text run at (0,0) width 731: "There should be a one-centimeter margin between this paragraph and the next, because when there is one negative"
                  text run at (0,18) width 474: "margin, the two margins should be added (the minus sign should be kept)."
              LayoutBlockFlow {P} at (4,350.95) size 747x18
                LayoutText {#text} at (0,0) size 168x17
                  text run at (0,0) width 168: "This is another paragraph."
              LayoutBlockFlow {DIV} at (4,406.73) size 747x129.56
                LayoutBlockFlow {P} at (0,75.56) size 747x54
                  LayoutText {#text} at (0,0) size 745x53
                    text run at (0,0) width 722: "There should be three centimeters between this text and the text above, but only one centimeter between this text"
                    text run at (0,18) width 745: "and the text below, because vertical margins of nested elements should collapse only if there is no border or padding"
                    text run at (0,36) width 137: "between the margins."
              LayoutBlockFlow {P} at (4,574.08) size 747x18
                LayoutText {#text} at (0,0) size 112x17
                  text run at (0,0) width 112: "This is more text."
              LayoutBlockFlow {P} at (4,608.08) size 747x111.58
                LayoutText {#text} at (0,0) size 738x35
                  text run at (0,0) width 738: "There should be two centimeters between this paragraph and the one below, because negative margins collapse to a"
                  text run at (0,18) width 467: "negative margin with the largest absolute value of the margins collapsed."
              LayoutBlockFlow {P} at (4,681.88) size 747x73.78
                LayoutText {#text} at (0,38) size 727x35
                  text run at (0,38) width 727: "This is a paragraph, which I should make very long so that you can easily see how much space there is between it"
                  text run at (0,56) width 236: "and the one below it and to the right."
              LayoutBlockFlow (floating) {P} at (4,831.22) size 373.50x54
                LayoutText {#text} at (0,0) size 362x53
                  text run at (0,0) width 362: "There should be two centimeters between this paragraph"
                  text run at (0,18) width 346: "and the one above it, since margins do not collapse on"
                  text run at (0,36) width 115: "floating elements."
              LayoutBlockFlow {P} at (4,793.44) size 747x54
                LayoutText {#text} at (373,0) size 368x53
                  text run at (373,0) width 355: "There should be one centimeter between this paragraph"
                  text run at (373,18) width 368: "and the (non-floating) one above it, since the float should"
                  text run at (373,36) width 210: "not effect the paragraph spacing."
              LayoutBlockFlow {P} at (4,901.22) size 747x73.78
                LayoutText {#text} at (0,0) size 733x35
                  text run at (0,0) width 562: "There should be two centimeters of padding between this paragraph and the one below. "
                  text run at (561,0) width 172: "Padding does not collapse,"
                  text run at (0,18) width 266: "and there is 1cm of padding on each side."
              LayoutBlockFlow {P} at (4,975) size 747x55.78
                LayoutText {#text} at (0,38) size 171x17
                  text run at (0,38) width 171: "This is the next paragraph."
