EDITING DELEGATE: webViewDidChangeSelection:WebViewDidChangeSelectionNotification
EDITING DELEGATE: webViewDidChangeSelection:WebViewDidChangeSelectionNotification
EDITING DELEGATE: webViewDidChangeSelection:WebViewDidChangeSelectionNotification
EDITING DELEGATE: webViewDidChangeSelection:WebViewDidChangeSelectionNotification
EDITING DELEGATE: webViewDidChangeSelection:WebViewDidChangeSelectionNotification
EDITING DELEGATE: webViewDidChangeSelection:WebViewDidChangeSelectionNotification
EDITING DELEGATE: webViewDidChangeSelection:WebViewDidChangeSelectionNotification
EDITING DELEGATE: webViewDidChange:WebViewDidChangeNotification
layer at (0,0) size 800x600
  LayoutView at (0,0) size 800x600
layer at (0,0) size 800x600
  LayoutBlockFlow {HTML} at (0,0) size 800x600
    LayoutBlockFlow {BODY} at (8,8) size 784x584
      LayoutBlockFlow {P} at (0,0) size 784x40
        LayoutText {#text} at (0,0) size 764x39
          text run at (0,0) width 329: "This tests inserting a paragraph separator after a table. "
          text run at (329,0) width 435: "There should be an empty paragraph between the table and 'bar' and the"
          text run at (0,20) width 238: "caret should be in the empty paragraph."
      LayoutBlockFlow {DIV} at (0,56) size 784x70
        LayoutTable {TABLE} at (0,0) size 30x30 [border: (1px outset #808080)]
          LayoutTableSection {TBODY} at (1,1) size 28x28
            LayoutTableRow {TR} at (0,2) size 28x24
              LayoutTableCell {TD} at (2,2) size 24x24 [border: (1px inset #808080)] [r=0 c=0 rs=1 cs=1]
                LayoutText {#text} at (2,2) size 20x19
                  text run at (2,2) width 20: "foo"
        LayoutBlockFlow (anonymous) at (0,30) size 784x40
          LayoutBR {BR} at (0,0) size 0x19
          LayoutText {#text} at (0,20) size 20x19
            text run at (0,20) width 20: "bar"
caret: position 0 of child 1 {BR} of child 2 {DIV} of body
