layer at (0,0) size 800x600
  LayoutView at (0,0) size 800x600
layer at (0,0) size 800x600
  LayoutBlockFlow {HTML} at (0,0) size 800x600
    LayoutBlockFlow {BODY} at (8,8) size 784x576 [bgcolor=#999999]
      LayoutBlockFlow {P} at (0,0) size 784x40
        LayoutText {#text} at (0,0) size 440x19
          text run at (0,0) width 401: "Problem: Tables inside a DIV get border=1 after moving the DIV. "
          text run at (401,0) width 39: "If you "
        LayoutInline {A} at (0,0) size 123x19 [color=#0000EE]
          LayoutInline {B} at (0,0) size 123x19
            LayoutText {#text} at (440,0) size 123x19
              text run at (440,0) width 123: "remove the border"
        LayoutText {#text} at (563,0) size 780x39
          text run at (563,0) width 217: " attribute from the tables, the border"
          text run at (0,20) width 102: "doesn't show up."
layer at (70,70) size 173x60
  LayoutBlockFlow (positioned) {DIV} at (70,70) size 173x60
    LayoutTable {TABLE} at (0,0) size 173x20 [bgcolor=#CC6600]
      LayoutTableSection {TBODY} at (0,0) size 173x20
        LayoutTableRow {TR} at (0,0) size 173x20
          LayoutTableCell {TD} at (0,0) size 173x20 [r=0 c=0 rs=1 cs=1]
            LayoutBlockFlow {P} at (0,0) size 173x20
              LayoutInline {B} at (0,0) size 51x19
                LayoutText {#text} at (61,0) size 51x19
                  text run at (61,0) width 51: "Testing"
    LayoutTable {TABLE} at (0,20) size 173x20
      LayoutTableSection {TBODY} at (0,0) size 173x20
        LayoutTableRow {TR} at (0,0) size 173x20
          LayoutTableCell {TD} at (0,0) size 11x20 [bgcolor=#666666] [r=0 c=0 rs=1 cs=1]
            LayoutText {#text} at (0,0) size 4x19
              text run at (0,0) width 4: " "
          LayoutTableCell {TD} at (11,0) size 150x20 [bgcolor=#FF9900] [r=0 c=1 rs=1 cs=1]
            LayoutText {#text} at (0,0) size 118x19
              text run at (0,0) width 118: "Test, test and test..."
          LayoutTableCell {TD} at (161,0) size 12x20 [bgcolor=#666666] [r=0 c=2 rs=1 cs=1]
            LayoutText {#text} at (0,0) size 4x19
              text run at (0,0) width 4: " "
    LayoutTable {TABLE} at (0,40) size 173x20 [bgcolor=#CC6600]
      LayoutTableSection {TBODY} at (0,0) size 173x20
        LayoutTableRow {TR} at (0,0) size 173x20
          LayoutTableCell {TD} at (0,0) size 57x20 [r=0 c=0 rs=1 cs=1]
            LayoutText {#text} at (0,0) size 4x19
              text run at (0,0) width 4: " "
          LayoutTableCell {TD} at (57,0) size 58x20 [r=0 c=1 rs=1 cs=1]
            LayoutText {#text} at (0,0) size 4x19
              text run at (0,0) width 4: " "
          LayoutTableCell {TD} at (115,0) size 58x20 [r=0 c=2 rs=1 cs=1]
            LayoutText {#text} at (0,0) size 4x19
              text run at (0,0) width 4: " "
