layer at (0,0) size 800x600
  LayoutView at (0,0) size 800x600
layer at (0,0) size 800x600
  LayoutBlockFlow {HTML} at (0,0) size 800x600
    LayoutBlockFlow {BODY} at (8,8) size 784x576
      LayoutBlockFlow {FORM} at (0,0) size 784x26
        LayoutTable {TABLE} at (0,0) size 671x26 [bgcolor=#FFE030] [border: (1px outset #808080)]
          LayoutTableSection {TBODY} at (1,1) size 669x24
            LayoutTableRow {TR} at (0,0) size 669x24
              LayoutTableCell {TD} at (0,0) size 669x24 [border: (1px inset #808080)] [r=0 c=0 rs=1 cs=1]
                LayoutInline {NOBR} at (0,0) size 667x19
                  LayoutTextControl {INPUT} at (1,1) size 213x22 [bgcolor=#FFFFFF] [border: (2px inset #EEEEEE)]
                  LayoutText {#text} at (214,2) size 14x19
                    text run at (214,2) width 14: " - "
                  LayoutTextControl {INPUT} at (228,1) size 213x22 [bgcolor=#FFFFFF] [border: (2px inset #EEEEEE)]
                  LayoutText {#text} at (441,2) size 14x19
                    text run at (441,2) width 14: " - "
                  LayoutTextControl {INPUT} at (455,1) size 213x22 [bgcolor=#FFFFFF] [border: (2px inset #EEEEEE)]
                LayoutText {#text} at (0,0) size 0x0
            LayoutTableRow {TR} at (0,24) size 669x0
layer at (12,13) size 209x16
  LayoutBlockFlow {DIV} at (2,3) size 209x16
layer at (239,13) size 209x16
  LayoutBlockFlow {DIV} at (2,3) size 209x16
layer at (466,13) size 209x16
  LayoutBlockFlow {DIV} at (2,3) size 209x16
