layer at (0,0) size 800x600
  LayoutView at (0,0) size 800x600
layer at (0,0) size 800x600
  LayoutBlockFlow {HTML} at (0,0) size 800x600
    LayoutBlockFlow {BODY} at (8,8) size 784x584 [bgcolor=#FFFFFF]
      LayoutTable {TABLE} at (0,0) size 705x82 [border: (1px outset #808080)]
        LayoutTableSection {TBODY} at (1,1) size 703x80
          LayoutTableRow {TR} at (0,2) size 703x24
            LayoutTableCell {TH} at (2,12) size 265x4 [border: (1px inset #808080)] [r=0 c=0 rs=1 cs=1]
            LayoutTableCell {TD} at (269,2) size 151x24 [border: (1px inset #808080)] [r=0 c=1 rs=1 cs=1]
              LayoutText {#text} at (2,2) size 65x19
                text run at (2,2) width 65: "Host name"
            LayoutTableCell {TD} at (422,2) size 171x24 [border: (1px inset #808080)] [r=0 c=2 rs=1 cs=1]
              LayoutText {#text} at (2,2) size 74x19
                text run at (2,2) width 74: "Architecture"
            LayoutTableCell {TD} at (595,2) size 106x24 [border: (1px inset #808080)] [r=0 c=3 rs=1 cs=1]
              LayoutText {#text} at (2,2) size 44x19
                text run at (2,2) width 44: "Access"
          LayoutTableRow {TR} at (0,28) size 703x24
            LayoutTableCell {TD} at (2,28) size 265x24 [border: (1px inset #808080)] [r=1 c=0 rs=1 cs=1]
              LayoutText {#text} at (2,2) size 117x19
                text run at (2,2) width 117: "debussy.debian.org"
            LayoutTableCell {TD} at (269,28) size 151x24 [border: (1px inset #808080)] [r=1 c=1 rs=1 cs=1]
              LayoutText {#text} at (2,2) size 35x19
                text run at (2,2) width 35: "ARM"
            LayoutTableCell {TD} at (422,28) size 171x24 [border: (1px inset #808080)] [r=1 c=2 rs=1 cs=1]
              LayoutText {#text} at (2,2) size 13x19
                text run at (2,2) width 13: "all"
          LayoutTableRow {TR} at (0,54) size 703x24
            LayoutTableCell {TD} at (2,54) size 265x24 [border: (1px inset #808080)] [r=2 c=0 rs=1 cs=1]
              LayoutText {#text} at (2,2) size 98x19
                text run at (2,2) width 98: "faure.debian.org"
            LayoutTableCell {TD} at (269,54) size 151x24 [border: (1px inset #808080)] [r=2 c=1 rs=1 cs=1]
              LayoutText {#text} at (2,2) size 32x19
                text run at (2,2) width 32: "alpha"
            LayoutTableCell {TD} at (422,54) size 171x24 [border: (1px inset #808080)] [r=2 c=2 rs=1 cs=1]
              LayoutText {#text} at (2,2) size 13x19
                text run at (2,2) width 13: "all"
      LayoutBlockFlow {P} at (0,98) size 784x20
        LayoutText {#text} at (0,0) size 124x19
          text run at (0,0) width 124: "Table nested in table"
      LayoutTable {TABLE} at (0,134) size 334x108
        LayoutTableSection {TBODY} at (0,0) size 334x108
          LayoutTableRow {TR} at (0,2) size 334x104
            LayoutTableCell {TD} at (2,2) size 330x104 [r=0 c=0 rs=1 cs=1]
              LayoutTable {TABLE} at (1,1) size 298x102 [border: (1px outset #808080)]
                LayoutTableSection {TBODY} at (1,1) size 296x100
                  LayoutTableRow {TR} at (0,2) size 296x44
                    LayoutTableCell {TH} at (2,22) size 121x4 [border: (1px inset #808080)] [r=0 c=0 rs=1 cs=1]
                    LayoutTableCell {TD} at (125,2) size 39x44 [border: (1px inset #808080)] [r=0 c=1 rs=1 cs=1]
                      LayoutText {#text} at (2,2) size 32x39
                        text run at (2,2) width 29: "Host"
                        text run at (2,22) width 32: "name"
                    LayoutTableCell {TD} at (166,12) size 78x24 [border: (1px inset #808080)] [r=0 c=2 rs=1 cs=1]
                      LayoutText {#text} at (2,2) size 74x19
                        text run at (2,2) width 74: "Architecture"
                    LayoutTableCell {TD} at (246,12) size 48x24 [border: (1px inset #808080)] [r=0 c=3 rs=1 cs=1]
                      LayoutText {#text} at (2,2) size 44x19
                        text run at (2,2) width 44: "Access"
                  LayoutTableRow {TR} at (0,48) size 296x24
                    LayoutTableCell {TD} at (2,48) size 121x24 [border: (1px inset #808080)] [r=1 c=0 rs=1 cs=1]
                      LayoutText {#text} at (2,2) size 117x19
                        text run at (2,2) width 117: "debussy.debian.org"
                    LayoutTableCell {TD} at (125,48) size 39x24 [border: (1px inset #808080)] [r=1 c=1 rs=1 cs=1]
                      LayoutText {#text} at (2,2) size 35x19
                        text run at (2,2) width 35: "ARM"
                    LayoutTableCell {TD} at (166,48) size 78x24 [border: (1px inset #808080)] [r=1 c=2 rs=1 cs=1]
                      LayoutText {#text} at (2,2) size 13x19
                        text run at (2,2) width 13: "all"
                  LayoutTableRow {TR} at (0,74) size 296x24
                    LayoutTableCell {TD} at (2,74) size 121x24 [border: (1px inset #808080)] [r=2 c=0 rs=1 cs=1]
                      LayoutText {#text} at (2,2) size 98x19
                        text run at (2,2) width 98: "faure.debian.org"
                    LayoutTableCell {TD} at (125,74) size 39x24 [border: (1px inset #808080)] [r=2 c=1 rs=1 cs=1]
                      LayoutText {#text} at (2,2) size 32x19
                        text run at (2,2) width 32: "alpha"
                    LayoutTableCell {TD} at (166,74) size 78x24 [border: (1px inset #808080)] [r=2 c=2 rs=1 cs=1]
                      LayoutText {#text} at (2,2) size 13x19
                        text run at (2,2) width 13: "all"
      LayoutBlockFlow (anonymous) at (0,242) size 784x20
        LayoutBR {BR} at (0,0) size 0x19
      LayoutBlockFlow {P} at (0,278) size 784x20
        LayoutText {#text} at (0,0) size 108x19
          text run at (0,0) width 108: "Table - no nesting"
      LayoutTable {TABLE} at (0,314) size 705x82 [border: (1px outset #808080)]
        LayoutTableSection {TBODY} at (1,1) size 703x80
          LayoutTableRow {TR} at (0,2) size 703x24
            LayoutTableCell {TH} at (2,12) size 265x4 [border: (1px inset #808080)] [r=0 c=0 rs=1 cs=1]
            LayoutTableCell {TD} at (269,2) size 151x24 [border: (1px inset #808080)] [r=0 c=1 rs=1 cs=1]
              LayoutText {#text} at (2,2) size 65x19
                text run at (2,2) width 65: "Host name"
            LayoutTableCell {TD} at (422,2) size 171x24 [border: (1px inset #808080)] [r=0 c=2 rs=1 cs=1]
              LayoutText {#text} at (2,2) size 74x19
                text run at (2,2) width 74: "Architecture"
            LayoutTableCell {TD} at (595,2) size 106x24 [border: (1px inset #808080)] [r=0 c=3 rs=1 cs=1]
              LayoutText {#text} at (2,2) size 44x19
                text run at (2,2) width 44: "Access"
          LayoutTableRow {TR} at (0,28) size 703x24
            LayoutTableCell {TD} at (2,28) size 265x24 [border: (1px inset #808080)] [r=1 c=0 rs=1 cs=1]
              LayoutText {#text} at (2,2) size 117x19
                text run at (2,2) width 117: "debussy.debian.org"
            LayoutTableCell {TD} at (269,28) size 151x24 [border: (1px inset #808080)] [r=1 c=1 rs=1 cs=1]
              LayoutText {#text} at (2,2) size 35x19
                text run at (2,2) width 35: "ARM"
            LayoutTableCell {TD} at (422,28) size 171x24 [border: (1px inset #808080)] [r=1 c=2 rs=1 cs=1]
              LayoutText {#text} at (2,2) size 13x19
                text run at (2,2) width 13: "all"
          LayoutTableRow {TR} at (0,54) size 703x24
            LayoutTableCell {TD} at (2,54) size 265x24 [border: (1px inset #808080)] [r=2 c=0 rs=1 cs=1]
              LayoutText {#text} at (2,2) size 98x19
                text run at (2,2) width 98: "faure.debian.org"
            LayoutTableCell {TD} at (269,54) size 151x24 [border: (1px inset #808080)] [r=2 c=1 rs=1 cs=1]
              LayoutText {#text} at (2,2) size 32x19
                text run at (2,2) width 32: "alpha"
            LayoutTableCell {TD} at (422,54) size 171x24 [border: (1px inset #808080)] [r=2 c=2 rs=1 cs=1]
              LayoutText {#text} at (2,2) size 13x19
                text run at (2,2) width 13: "all"
