layer at (0,0) size 800x600
  LayoutView at (0,0) size 800x600
layer at (0,0) size 800x600
  LayoutBlockFlow {HTML} at (0,0) size 800x600
    LayoutBlockFlow {BODY} at (8,8) size 784x584
      LayoutTable {TABLE} at (0,0) size 209x82 [border: (1px outset #808080)]
        LayoutTableSection {TBODY} at (1,1) size 207x80
          LayoutTableRow {TR} at (0,2) size 207x24
            LayoutTableCell {TD} at (2,2) size 171x24 [border: (1px inset #808080)] [r=0 c=0 rs=1 cs=1]
              LayoutText {#text} at (2,2) size 26x19
                text run at (2,2) width 26: "Test"
            LayoutTableCell {TD} at (175,28) size 30x24 [border: (1px inset #808080)] [r=0 c=1 rs=3 cs=1]
              LayoutText {#text} at (2,2) size 26x19
                text run at (2,2) width 26: "Test"
          LayoutTableRow {TR} at (0,28) size 207x50
            LayoutTableCell {TD} at (2,28) size 171x50 [border: (1px inset #808080)] [r=1 c=0 rs=1 cs=1]
              LayoutBlockFlow (anonymous) at (2,2) size 167x20
                LayoutInline {SPAN} at (0,0) size 152x19
                  LayoutText {#text} at (0,0) size 152x19
                    text run at (0,0) width 152: "This cell should be visible"
              LayoutBlockFlow (anonymous) at (2,22) size 167x26
                LayoutTable {TABLE} at (0,0) size 167x26
                  LayoutTableSection {TBODY} at (0,0) size 167x26
                    LayoutTableRow {TR} at (0,2) size 167x22
                      LayoutTableCell {TD} at (2,2) size 163x22 [r=0 c=0 rs=1 cs=1]
                        LayoutText {#text} at (1,1) size 161x19
                          text run at (1,1) width 161: "This table should be visible"
              LayoutBlockFlow (anonymous) at (2,48) size 167x0
                LayoutInline {SPAN} at (0,0) size 0x0
                LayoutText {#text} at (0,0) size 0x0
