layer at (0,0) size 800x600 scrollHeight 672
  LayoutView at (0,0) size 800x600
layer at (0,0) size 800x672 backgroundClip at (0,0) size 800x600 clip at (0,0) size 800x600
  LayoutBlockFlow {HTML} at (0,0) size 800x672.06
    LayoutBlockFlow {BODY} at (8,19.91) size 784x644.16 [bgcolor=#FFFFFF]
      LayoutBlockFlow {H2} at (0,0) size 784x27
        LayoutText {#text} at (0,0) size 66x26
          text run at (0,0) width 66: "Test A"
      LayoutBlockFlow {DIV} at (0,46.91) size 784x66 [color=#008000]
        LayoutTable {TABLE} at (0,0) size 273x66 [border: (10px solid #008000)]
          LayoutTableSection {TBODY} at (10,10) size 253x46
            LayoutTableRow {TR} at (0,2) size 253x42 [color=#0000FF]
              LayoutTableCell {TD} at (2,2) size 52x42 [border: (10px solid #0000FF)] [r=0 c=0 rs=1 cs=1]
                LayoutText {#text} at (11,11) size 30x19
                  text run at (11,11) width 30: "Field"
              LayoutTableCell {TD} at (56,2) size 195x42 [border: (10px solid #0000FF)] [r=0 c=1 rs=1 cs=1]
                LayoutText {#text} at (11,11) size 173x19
                  text run at (11,11) width 173: "Records for Cropping Years"
      LayoutBlockFlow {H2} at (0,132.81) size 784x27
        LayoutText {#text} at (0,0) size 65x26
          text run at (0,0) width 65: "Test B"
      LayoutTable {TABLE} at (0,179.72) size 273x66 [border: (10px solid #000000)]
        LayoutTableSection {TBODY} at (10,10) size 253x46
          LayoutTableRow {TR} at (0,2) size 253x42 [color=#0000FF]
            LayoutTableCell {TD} at (2,2) size 52x42 [border: (10px solid #0000FF)] [r=0 c=0 rs=1 cs=1]
              LayoutText {#text} at (11,11) size 30x19
                text run at (11,11) width 30: "Field"
            LayoutTableCell {TD} at (56,2) size 195x42 [border: (10px solid #0000FF)] [r=0 c=1 rs=1 cs=1]
              LayoutText {#text} at (11,11) size 173x19
                text run at (11,11) width 173: "Records for Cropping Years"
      LayoutBlockFlow {H2} at (0,265.63) size 784x27
        LayoutText {#text} at (0,0) size 66x26
          text run at (0,0) width 66: "Test C"
      LayoutTable {TABLE} at (0,312.53) size 273x66 [color=#0000FF] [border: (10px solid #0000FF)]
        LayoutTableSection {TBODY} at (10,10) size 253x46
          LayoutTableRow {TR} at (0,2) size 253x42
            LayoutTableCell {TD} at (2,2) size 52x42 [border: (10px solid #0000FF)] [r=0 c=0 rs=1 cs=1]
              LayoutText {#text} at (11,11) size 30x19
                text run at (11,11) width 30: "Field"
            LayoutTableCell {TD} at (56,2) size 195x42 [border: (10px solid #0000FF)] [r=0 c=1 rs=1 cs=1]
              LayoutText {#text} at (11,11) size 173x19
                text run at (11,11) width 173: "Records for Cropping Years"
      LayoutBlockFlow {H2} at (0,398.44) size 784x27
        LayoutText {#text} at (0,0) size 66x26
          text run at (0,0) width 66: "Test D"
      LayoutTable {TABLE} at (0,445.34) size 273x66 [color=#0000FF] [border: (10px solid #0000FF)]
        LayoutTableSection {TBODY} at (10,10) size 253x46
          LayoutTableRow {TR} at (0,2) size 253x42
            LayoutTableCell {TD} at (2,2) size 52x42 [border: (10px solid #0000FF)] [r=0 c=0 rs=1 cs=1]
              LayoutText {#text} at (11,11) size 30x19
                text run at (11,11) width 30: "Field"
            LayoutTableCell {TD} at (56,2) size 195x42 [border: (10px solid #0000FF)] [r=0 c=1 rs=1 cs=1]
              LayoutText {#text} at (11,11) size 173x19
                text run at (11,11) width 173: "Records for Cropping Years"
      LayoutBlockFlow {H2} at (0,531.25) size 784x27
        LayoutText {#text} at (0,0) size 65x26
          text run at (0,0) width 65: "Test E"
      LayoutTable {TABLE} at (0,578.16) size 273x66 [color=#0000FF] [border: (10px solid #0000FF)]
        LayoutTableSection {TBODY} at (10,10) size 253x46
          LayoutTableRow {TR} at (0,2) size 253x42
            LayoutTableCell {TD} at (2,2) size 52x42 [border: (10px solid #0000FF)] [r=0 c=0 rs=1 cs=1]
              LayoutText {#text} at (11,11) size 30x19
                text run at (11,11) width 30: "Field"
            LayoutTableCell {TD} at (56,2) size 195x42 [border: (10px solid #0000FF)] [r=0 c=1 rs=1 cs=1]
              LayoutText {#text} at (11,11) size 173x19
                text run at (11,11) width 173: "Records for Cropping Years"
