layer at (0,0) size 800x600
  LayoutView at (0,0) size 800x600
layer at (0,0) size 800x600
  LayoutBlockFlow {HTML} at (0,0) size 800x600
    LayoutBlockFlow {BODY} at (8,8) size 784x584
      LayoutTable {TABLE} at (0,0) size 705x26
        LayoutTableSection {TBODY} at (0,0) size 705x26
          LayoutTableRow {TR} at (0,2) size 705x22
            LayoutTableCell {TD} at (2,2) size 288x22 [r=0 c=0 rs=1 cs=1]
              LayoutText {#text} at (1,1) size 286x19
                text run at (1,1) width 286: "The quick brown fox jumped over the lazy dog."
            LayoutTableCell {TD} at (292,2) size 411x22 [r=0 c=1 rs=1 cs=1]
              LayoutText {#text} at (1,1) size 409x19
                text run at (1,1) width 409: "Now is the time for all good men to come to the aid of their country."
