layer at (0,0) size 800x600
  LayoutView at (0,0) size 800x600
layer at (0,0) size 800x600
  LayoutBlockFlow {HTML} at (0,0) size 800x600
    LayoutBlockFlow {BODY} at (8,8) size 784x584
      LayoutTable {TABLE} at (0,0) size 750x238 [border: (2px outset #808080)]
        LayoutTableSection {TBODY} at (2,2) size 746x234
          LayoutTableRow {TR} at (0,0) size 746x212
            LayoutTableCell {TD} at (0,0) size 476x212 [bgcolor=#FF0000] [border: (1px inset #808080)] [r=0 c=0 rs=1 cs=1]
              LayoutInline {A} at (0,0) size 286x19 [color=#0000EE]
                LayoutImage {IMG} at (1,1) size 286x210
            LayoutTableCell {TD} at (476,0) size 270x22 [bgcolor=#FFFF00] [border: (1px inset #808080)] [r=0 c=1 rs=2 cs=1]
              LayoutText {#text} at (1,1) size 161x19
                text run at (1,1) width 161: "ROWSPAN =2 in this cell"
          LayoutTableRow {TR} at (0,212) size 746x22
            LayoutTableCell {TD} at (0,212) size 476x22 [bgcolor=#FFFFFF] [border: (1px inset #808080)] [r=1 c=0 rs=1 cs=1]
              LayoutBlockFlow {P} at (1,1) size 474x20
                LayoutText {#text} at (0,0) size 282x19
                  text run at (0,0) width 282: "Hello, this text may appear on the image above"
