layer at (0,0) size 800x600 scrollWidth 2410
  LayoutView at (0,0) size 800x600
layer at (0,0) size 800x600
  LayoutBlockFlow {HTML} at (0,0) size 800x600
    LayoutBlockFlow {BODY} at (8,8) size 784x584
      LayoutBlockFlow (anonymous) at (0,0) size 784x20
        LayoutBR {BR} at (0,0) size 0x19
      LayoutTable {TABLE} at (0,20) size 324x44 [border: (1px outset #808080)]
        LayoutTableSection {TBODY} at (1,1) size 322x42
          LayoutTableRow {TR} at (0,0) size 322x42
            LayoutTableCell {TD} at (0,0) size 322x42 [border: (1px inset #808080)] [r=0 c=0 rs=1 cs=1]
              LayoutText {#text} at (1,1) size 309x39
                text run at (1,1) width 309: "Hotmail's Junk Mail spreading effort just got better!"
                text run at (1,21) width 289: "Now you can choose from 3 levels of junk mail!"
      LayoutBlockFlow (anonymous) at (0,64) size 784x80
        LayoutBR {BR} at (0,0) size 0x19
        LayoutBR {BR} at (0,20) size 0x19
        LayoutText {#text} at (0,40) size 415x19
          text run at (0,40) width 415: "the next table must overrun the visible part of the view (width=2400) "
        LayoutBR {BR} at (0,0) size 0x0
        LayoutBR {BR} at (0,60) size 0x19
      LayoutTable {TABLE} at (0,144) size 2402x64 [border: (1px outset #808080)]
        LayoutTableSection {TBODY} at (1,1) size 2400x62
          LayoutTableRow {TR} at (0,0) size 2400x62
            LayoutTableCell {TD} at (0,0) size 2400x62 [border: (1px inset #808080)] [r=0 c=0 rs=1 cs=1]
              LayoutText {#text} at (1,1) size 2390x59
                text run at (1,1) width 313: "Hotmail's Junk Mail spreading effort just got better! "
                text run at (314,1) width 293: "Now you can choose from 3 levels of junk mail! "
                text run at (607,1) width 313: "Hotmail's Junk Mail spreading effort just got better! "
                text run at (920,1) width 293: "Now you can choose from 3 levels of junk mail! "
                text run at (1213,1) width 313: "Hotmail's Junk Mail spreading effort just got better! "
                text run at (1526,1) width 293: "Now you can choose from 3 levels of junk mail! "
                text run at (1819,1) width 313: "Hotmail's Junk Mail spreading effort just got better! "
                text run at (2132,1) width 256: "Now you can choose from 3 levels of junk"
                text run at (1,21) width 33: "mail! "
                text run at (34,21) width 313: "Hotmail's Junk Mail spreading effort just got better! "
                text run at (347,21) width 293: "Now you can choose from 3 levels of junk mail! "
                text run at (640,21) width 313: "Hotmail's Junk Mail spreading effort just got better! "
                text run at (953,21) width 293: "Now you can choose from 3 levels of junk mail! "
                text run at (1246,21) width 313: "Hotmail's Junk Mail spreading effort just got better! "
                text run at (1559,21) width 293: "Now you can choose from 3 levels of junk mail! "
                text run at (1852,21) width 313: "Hotmail's Junk Mail spreading effort just got better! "
                text run at (2165,21) width 226: "Now you can choose from 3 levels of"
                text run at (1,41) width 63: "junk mail! "
                text run at (64,41) width 313: "Hotmail's Junk Mail spreading effort just got better! "
                text run at (377,41) width 293: "Now you can choose from 3 levels of junk mail! "
                text run at (670,41) width 313: "Hotmail's Junk Mail spreading effort just got better! "
                text run at (983,41) width 289: "Now you can choose from 3 levels of junk mail!"
