layer at (0,0) size 800x600 scrollWidth 827 scrollHeight 1781
  LayoutView at (0,0) size 800x600
layer at (0,0) size 800x1781 backgroundClip at (0,0) size 800x600 clip at (0,0) size 800x600
  LayoutBlockFlow {HTML} at (0,0) size 800x1781.33
    LayoutBlockFlow {BODY} at (8,17.41) size 784x1750.92 [color=#00FF00] [bgcolor=#333333]
      LayoutBlockFlow {H1} at (0,0) size 784x30
        LayoutText {#text} at (0,0) size 528x30
          text run at (0,0) width 528: "CSS2 Table Backgrounds Test Suite"
      LayoutBlockFlow {H2} at (0,47.41) size 784x23
        LayoutText {#text} at (0,0) size 60x23
          text run at (0,0) width 60: "Notes"
      LayoutBlockFlow {P} at (0,86.58) size 784x80
        LayoutText {#text} at (0,0) size 728x32
          text run at (0,0) width 728: "This test suite is not endorsed or approved by the W3C or anyone besides fantasai. It tests"
          text run at (0,16) width 208: "conformance to fantasai's "
        LayoutInline {A} at (0,0) size 312x16 [color=#FFFF00]
          LayoutText {#text} at (208,16) size 312x16
            text run at (208,16) width 312: "table background clarification proposal"
        LayoutText {#text} at (520,16) size 776x64
          text run at (520,16) width 184: ", not the official CSS2"
          text run at (0,32) width 704: "specification. The intent is to demonstrate the proposal's effects under various styling"
          text run at (0,48) width 776: "conditions and to clarify any ambiguity in the proposal in preparation for a better-worded errata"
          text run at (0,64) width 584: "suggestion. It's not particularly well-designed, but it is comprehensive."
      LayoutBlockFlow {P} at (0,179.58) size 784x48
        LayoutText {#text} at (0,0) size 776x48
          text run at (0,0) width 712: "This test suite (this page and all pages linked from the table of contents below) and its"
          text run at (0,16) width 776: "background images (listed below) are in the public domain by assertion of their author. No rights"
          text run at (0,32) width 72: "reserved."
      LayoutBlockFlow {P} at (0,240.58) size 784x16
        LayoutText {#text} at (0,0) size 392x16
          text run at (0,0) width 392: "The images used as backgrounds are the following:"
      LayoutBlockFlow {UL} at (0,269.58) size 784x749
        LayoutListItem {LI} at (40,0) size 744x34
          LayoutListMarker (anonymous) at (-16,18) size 6x16: bullet
          LayoutImage {IMG} at (0,0) size 80x30
          LayoutText {#text} at (0,0) size 0x0
        LayoutListItem {LI} at (40,34) size 744x84
          LayoutListMarker (anonymous) at (-16,68) size 6x16: bullet
          LayoutImage {IMG} at (0,0) size 30x80
          LayoutText {#text} at (0,0) size 0x0
        LayoutListItem {LI} at (40,118) size 744x631
          LayoutListMarker (anonymous) at (-16,0) size 6x16: bullet
          LayoutImage {IMG} at (0,16) size 779x611
          LayoutText {#text} at (0,0) size 0x0
      LayoutBlockFlow {P} at (0,1031.58) size 784x16
        LayoutText {#text} at (0,0) size 336x16
          text run at (0,0) width 336: "They are in GIF format, with transparency."
      LayoutBlockFlow {P} at (0,1060.58) size 784x32
        LayoutText {#text} at (0,0) size 784x32
          text run at (0,0) width 784: "Each color band in the rainbow backgrounds is 20 pixels wide. Each stripe within the color band is"
          text run at (0,16) width 128: "two pixels wide."
      LayoutBlockFlow {P} at (0,1105.58) size 784x16
        LayoutText {#text} at (0,0) size 728x16
          text run at (0,0) width 728: "The aqua and purple band is 10 pixels wide. Each stripe within the band is two pixels wide."
      LayoutBlockFlow {P} at (0,1134.58) size 784x16
        LayoutText {#text} at (0,0) size 744x16
          text run at (0,0) width 744: "Many image background rules in this test suite are backed up with a 'black' background color."
      LayoutBlockFlow {P} at (0,1163.58) size 784x48
        LayoutText {#text} at (0,0) size 232x16
          text run at (0,0) width 232: "This test suite assumes that "
        LayoutInline {STRONG} at (0,0) size 784x32
          LayoutText {#text} at (232,0) size 784x32
            text run at (232,0) width 552: "the border edge for a table element in a table with collapsed borders"
            text run at (0,16) width 56: "is the "
          LayoutInline {EM} at (0,0) size 48x16
            LayoutText {#text} at (56,16) size 48x16
              text run at (56,16) width 48: "middle"
          LayoutText {#text} at (104,16) size 504x16
            text run at (104,16) width 504: " of the border around the element, not the outer or inner edge."
        LayoutText {#text} at (608,16) size 768x32
          text run at (608,16) width 160: " (This also needs to"
          text run at (0,32) width 672: "be addressed by CSS2.1.) It also assumes support for proper ordering of tables with "
        LayoutInline {CODE} at (0,0) size 56x16
          LayoutText {#text} at (672,32) size 56x16
            text run at (672,32) width 56: "<tfoot>"
        LayoutText {#text} at (728,32) size 8x16
          text run at (728,32) width 8: "."
      LayoutBlockFlow {H2} at (0,1227.75) size 784x23
        LayoutText {#text} at (0,0) size 204x23
          text run at (0,0) width 204: "Table of Contents"
      LayoutBlockFlow {OL} at (0,1266.92) size 784x484
        LayoutListItem {LI} at (40,0) size 744x112
          LayoutBlockFlow (anonymous) at (0,0) size 744x16
            LayoutListMarker (anonymous) at (-24,0) size 24x16: "A"
            LayoutText {#text} at (0,0) size 120x16
              text run at (0,0) width 120: "Background Area"
          LayoutBlockFlow {OL} at (0,16) size 744x96
            LayoutListItem {LI} at (40,0) size 704x16
              LayoutListMarker (anonymous) at (-24,0) size 24x16: "1"
              LayoutInline {A} at (0,0) size 168x16 [color=#FFFF00]
                LayoutText {#text} at (0,0) size 168x16
                  text run at (0,0) width 168: "Background on 'table'"
              LayoutText {#text} at (0,0) size 0x0
            LayoutListItem {LI} at (40,16) size 704x16
              LayoutListMarker (anonymous) at (-24,0) size 24x16: "2"
              LayoutInline {A} at (0,0) size 248x16 [color=#FFFF00]
                LayoutText {#text} at (0,0) size 248x16
                  text run at (0,0) width 248: "Background on 'table-row-group'"
              LayoutText {#text} at (0,0) size 0x0
            LayoutListItem {LI} at (40,32) size 704x16
              LayoutListMarker (anonymous) at (-24,0) size 24x16: "3"
              LayoutInline {A} at (0,0) size 272x16 [color=#FFFF00]
                LayoutText {#text} at (0,0) size 272x16
                  text run at (0,0) width 272: "Background on 'table-column-group'"
              LayoutText {#text} at (0,0) size 0x0
            LayoutListItem {LI} at (40,48) size 704x16
              LayoutListMarker (anonymous) at (-24,0) size 24x16: "4"
              LayoutInline {A} at (0,0) size 200x16 [color=#FFFF00]
                LayoutText {#text} at (0,0) size 200x16
                  text run at (0,0) width 200: "Background on 'table-row'"
              LayoutText {#text} at (0,0) size 0x0
            LayoutListItem {LI} at (40,64) size 704x16
              LayoutListMarker (anonymous) at (-24,0) size 24x16: "5"
              LayoutInline {A} at (0,0) size 224x16 [color=#FFFF00]
                LayoutText {#text} at (0,0) size 224x16
                  text run at (0,0) width 224: "Background on 'table-column'"
              LayoutText {#text} at (0,0) size 0x0
            LayoutListItem {LI} at (40,80) size 704x16
              LayoutListMarker (anonymous) at (-24,0) size 24x16: "6"
              LayoutInline {A} at (0,0) size 208x16 [color=#FFFF00]
                LayoutText {#text} at (0,0) size 208x16
                  text run at (0,0) width 208: "Background on 'table-cell'"
              LayoutText {#text} at (0,0) size 0x0
        LayoutListItem {LI} at (40,112) size 744x112
          LayoutBlockFlow (anonymous) at (0,0) size 744x16
            LayoutListMarker (anonymous) at (-24,0) size 24x16: "B"
            LayoutText {#text} at (0,0) size 152x16
              text run at (0,0) width 152: "Background Position"
          LayoutBlockFlow {OL} at (0,16) size 744x96
            LayoutListItem {LI} at (40,0) size 704x16
              LayoutListMarker (anonymous) at (-24,0) size 24x16: "1"
              LayoutInline {A} at (0,0) size 168x16 [color=#FFFF00]
                LayoutText {#text} at (0,0) size 168x16
                  text run at (0,0) width 168: "Background on 'table'"
              LayoutText {#text} at (0,0) size 0x0
            LayoutListItem {LI} at (40,16) size 704x16
              LayoutListMarker (anonymous) at (-24,0) size 24x16: "2"
              LayoutInline {A} at (0,0) size 248x16 [color=#FFFF00]
                LayoutText {#text} at (0,0) size 248x16
                  text run at (0,0) width 248: "Background on 'table-row-group'"
              LayoutText {#text} at (0,0) size 0x0
            LayoutListItem {LI} at (40,32) size 704x16
              LayoutListMarker (anonymous) at (-24,0) size 24x16: "3"
              LayoutInline {A} at (0,0) size 272x16 [color=#FFFF00]
                LayoutText {#text} at (0,0) size 272x16
                  text run at (0,0) width 272: "Background on 'table-column-group'"
              LayoutText {#text} at (0,0) size 0x0
            LayoutListItem {LI} at (40,48) size 704x16
              LayoutListMarker (anonymous) at (-24,0) size 24x16: "4"
              LayoutInline {A} at (0,0) size 200x16 [color=#FFFF00]
                LayoutText {#text} at (0,0) size 200x16
                  text run at (0,0) width 200: "Background on 'table-row'"
              LayoutText {#text} at (0,0) size 0x0
            LayoutListItem {LI} at (40,64) size 704x16
              LayoutListMarker (anonymous) at (-24,0) size 24x16: "5"
              LayoutInline {A} at (0,0) size 224x16 [color=#FFFF00]
                LayoutText {#text} at (0,0) size 224x16
                  text run at (0,0) width 224: "Background on 'table-column'"
              LayoutText {#text} at (0,0) size 0x0
            LayoutListItem {LI} at (40,80) size 704x16
              LayoutListMarker (anonymous) at (-24,0) size 24x16: "6"
              LayoutInline {A} at (0,0) size 208x16 [color=#FFFF00]
                LayoutText {#text} at (0,0) size 208x16
                  text run at (0,0) width 208: "Background on 'table-cell'"
              LayoutText {#text} at (0,0) size 0x0
        LayoutListItem {LI} at (40,224) size 744x48
          LayoutBlockFlow (anonymous) at (0,0) size 744x16
            LayoutListMarker (anonymous) at (-24,0) size 24x16: "C"
            LayoutText {#text} at (0,0) size 136x16
              text run at (0,0) width 136: "Background Layers"
          LayoutBlockFlow {OL} at (0,16) size 744x32
            LayoutListItem {LI} at (40,0) size 704x16
              LayoutListMarker (anonymous) at (-24,0) size 24x16: "1"
              LayoutInline {A} at (0,0) size 136x16 [color=#FFFF00]
                LayoutText {#text} at (0,0) size 136x16
                  text run at (0,0) width 136: "empty-cells: show"
              LayoutText {#text} at (0,0) size 0x0
            LayoutListItem {LI} at (40,16) size 704x16
              LayoutListMarker (anonymous) at (-24,0) size 24x16: "2"
              LayoutInline {A} at (0,0) size 136x16 [color=#FFFF00]
                LayoutText {#text} at (0,0) size 136x16
                  text run at (0,0) width 136: "empty-cells: hide"
              LayoutText {#text} at (0,0) size 0x0
        LayoutListItem {LI} at (40,272) size 744x212
          LayoutBlockFlow (anonymous) at (0,0) size 744x16
            LayoutListMarker (anonymous) at (-24,0) size 24x16: "D"
            LayoutText {#text} at (0,0) size 184x16
              text run at (0,0) width 184: "Background with Borders"
          LayoutBlockFlow {OL} at (0,16) size 744x144
            LayoutListItem {LI} at (40,0) size 704x16
              LayoutListMarker (anonymous) at (-24,0) size 24x16: "1"
              LayoutInline {A} at (0,0) size 168x16 [color=#FFFF00]
                LayoutText {#text} at (0,0) size 168x16
                  text run at (0,0) width 168: "Background on 'table'"
              LayoutText {#text} at (0,0) size 0x0
            LayoutListItem {LI} at (40,16) size 704x16
              LayoutListMarker (anonymous) at (-24,0) size 24x16: "2"
              LayoutInline {A} at (0,0) size 248x16 [color=#FFFF00]
                LayoutText {#text} at (0,0) size 248x16
                  text run at (0,0) width 248: "Background on 'table-row-group'"
              LayoutText {#text} at (0,0) size 0x0
            LayoutListItem {LI} at (40,32) size 704x16
              LayoutListMarker (anonymous) at (-24,0) size 24x16: "3"
              LayoutInline {A} at (0,0) size 272x16 [color=#FFFF00]
                LayoutText {#text} at (0,0) size 272x16
                  text run at (0,0) width 272: "Background on 'table-column-group'"
              LayoutText {#text} at (0,0) size 0x0
            LayoutListItem {LI} at (40,48) size 704x16
              LayoutListMarker (anonymous) at (-24,0) size 24x16: "4"
              LayoutInline {A} at (0,0) size 200x16 [color=#FFFF00]
                LayoutText {#text} at (0,0) size 200x16
                  text run at (0,0) width 200: "Background on 'table-row'"
              LayoutText {#text} at (0,0) size 0x0
            LayoutListItem {LI} at (40,64) size 704x16
              LayoutListMarker (anonymous) at (-24,0) size 24x16: "5"
              LayoutInline {A} at (0,0) size 224x16 [color=#FFFF00]
                LayoutText {#text} at (0,0) size 224x16
                  text run at (0,0) width 224: "Background on 'table-column'"
              LayoutText {#text} at (0,0) size 0x0
            LayoutListItem {LI} at (40,80) size 704x16
              LayoutListMarker (anonymous) at (-24,0) size 24x16: "6"
              LayoutInline {A} at (0,0) size 208x16 [color=#FFFF00]
                LayoutText {#text} at (0,0) size 208x16
                  text run at (0,0) width 208: "Background on 'table-cell'"
              LayoutText {#text} at (0,0) size 0x0
            LayoutListItem {LI} at (40,96) size 704x48
              LayoutBlockFlow (anonymous) at (0,0) size 704x16
                LayoutListMarker (anonymous) at (-24,0) size 24x16: "7"
                LayoutText {#text} at (0,0) size 104x16
                  text run at (0,0) width 104: "Special Tests"
              LayoutBlockFlow {OL} at (0,16) size 704x32
                LayoutListItem {LI} at (40,0) size 664x16
                  LayoutListMarker (anonymous) at (-24,0) size 24x16: "1"
                  LayoutInline {A} at (0,0) size 56x16 [color=#FFFF00]
                    LayoutText {#text} at (0,0) size 56x16
                      text run at (0,0) width 56: "Opacity"
                  LayoutText {#text} at (0,0) size 0x0
                LayoutListItem {LI} at (40,16) size 664x16
                  LayoutListMarker (anonymous) at (-24,0) size 24x16: "2"
                  LayoutInline {A} at (0,0) size 136x16 [color=#FFFF00]
                    LayoutText {#text} at (0,0) size 136x16
                      text run at (0,0) width 136: "Fixed Backgrounds"
                  LayoutText {#text} at (0,0) size 0x0
          LayoutBlockFlow {DIV} at (0,160) size 744x35
            LayoutInline {A} at (0,0) size 88x16 [color=#FFFF00]
              LayoutImage {IMG} at (0,0) size 88x31
            LayoutText {#text} at (0,0) size 0x0
          LayoutBlockFlow {ADDRESS} at (0,195) size 744x17
            LayoutText {#text} at (0,0) size 704x17
              text run at (0,0) width 704: "CSS2 Table Backgrounds Test Suite designed and written by fantasai <fantasai@escape.com>"
