layer at (0,0) size 800x600
  LayoutView at (0,0) size 800x600
layer at (0,0) size 800x58
  LayoutBlockFlow {HTML} at (0,0) size 800x58
    LayoutBlockFlow {BODY} at (8,8) size 784x42
      LayoutBlockFlow {DIV} at (0,0) size 784x10
        LayoutText {#text} at (0,0) size 30x10
          text run at (0,0) width 30: "XXX"
      LayoutBlockFlow (anonymous) at (0,10) size 784x32
        LayoutBR {BR} at (0,0) size 0x10
        LayoutBR {BR} at (0,10) size 0x10
        LayoutBlockFlow {DIV} at (0,20) size 32x12 [border: (1px solid #000000)]
          LayoutText {#text} at (1,1) size 30x10
            text run at (1,1) width 30: "XXX"
        LayoutText {#text} at (32,21) size 10x10
          text run at (32,21) width 10: " "
        LayoutBlockFlow {DIV} at (42,20) size 32x12 [border: (1px solid #000000)]
          LayoutText {#text} at (1,1) size 30x10
            text run at (1,1) width 30: "XXX"
        LayoutText {#text} at (0,0) size 0x0
