layer at (0,0) size 800x600 scrollWidth 900
  LayoutView at (0,0) size 800x600
layer at (0,0) size 800x600
  LayoutBlockFlow {HTML} at (0,0) size 800x600
    LayoutBlockFlow {BODY} at (8,8) size 800x584
      LayoutBlockFlow {DIV} at (0,0) size 800x0
      LayoutBlockFlow {DIV} at (0,0) size 800x0
      LayoutBlockFlow {DIV} at (0,0) size 800x0
      LayoutBlockFlow {DIV} at (0,0) size 800x0
      LayoutBlockFlow {DIV} at (0,0) size 800x0
      LayoutBlockFlow {DIV} at (0,0) size 800x0
      LayoutBlockFlow {DIV} at (0,0) size 800x0
      LayoutBlockFlow {DIV} at (0,0) size 800x0
layer at (167,534) size 241x56
  LayoutBlockFlow (positioned) {FONT} at (167.20,534) size 240.80x56
    LayoutText {#text} at (45,0) size 151x55
      text run at (45,0) width 151: "RTL-Center-"
      text run at (74,28) width 93: "Aligned"
layer at (-84,466) size 92x84 backgroundClip at (0,0) size 800x600 clip at (0,0) size 800x600
  LayoutBlockFlow (positioned) {FONT} at (-84,466) size 92x84
    LayoutText {#text} at (0,0) size 92x83
      text run at (0,0) width 60: "RTL-"
      text run at (0,28) width 61: "Left-"
      text run at (0,56) width 92: "Aligned"
layer at (583,444) size 225x56 backgroundClip at (0,0) size 800x600 clip at (0,0) size 800x600
  LayoutBlockFlow (positioned) {FONT} at (583.20,444) size 224.80x56
    LayoutText {#text} at (91,0) size 134x55
      text run at (91,0) width 134: "RTL-Right-"
      text run at (132,28) width 93: "Aligned"
layer at (614,394) size 194x56 backgroundClip at (0,0) size 800x600 clip at (0,0) size 800x600
  LayoutBlockFlow (positioned) {FONT} at (614.20,394) size 193.80x56
    LayoutText {#text} at (91,0) size 103x55
      text run at (91,0) width 103: "RTL-No-"
      text run at (101,28) width 93: "Aligned"
layer at (408,372) size 241x28
  LayoutBlockFlow (positioned) {FONT} at (408,372) size 240.80x28
    LayoutText {#text} at (0,0) size 241x27
      text run at (0,0) width 241: "LTR-Center-Aligned"
layer at (8,322) size 212x28
  LayoutBlockFlow (positioned) {FONT} at (8,322) size 211.80x28
    LayoutText {#text} at (0,0) size 212x27
      text run at (0,0) width 212: "LTR-Left-Aligned"
layer at (808,216) size 92x84 backgroundClip at (0,0) size 800x600 clip at (0,0) size 800x600
  LayoutBlockFlow (positioned) {FONT} at (808,216) size 92x84
    LayoutText {#text} at (33,0) size 92x83
      text run at (33,0) width 59: "LTR-"
      text run at (18,28) width 74: "Right-"
      text run at (0,56) width 92: "Aligned"
layer at (8,222) size 194x28
  LayoutBlockFlow (positioned) {FONT} at (8,222) size 193.80x28
    LayoutText {#text} at (0,0) size 194x27
      text run at (0,0) width 194: "LTR-No-Aligned"
