EDITING DELEGATE: webViewDidChangeSelection:WebViewDidChangeSelectionNotification
EDITING DELEGATE: webViewDidChangeSelection:WebViewDidChangeSelectionNotification
EDITING DELEGATE: webViewDidChangeSelection:WebViewDidChangeSelectionNotification
EDITING DELEGATE: webViewDidChangeSelection:WebViewDidChangeSelectionNotification
EDITING DELEGATE: webViewDidChangeSelection:WebViewDidChangeSelectionNotification
EDITING DELEGATE: webViewDidChangeSelection:WebViewDidChangeSelectionNotification
EDITING DELEGATE: webViewDidChangeSelection:WebViewDidChangeSelectionNotification
EDITING DELEGATE: webViewDidChangeSelection:WebViewDidChangeSelectionNotification
EDITING DELEGATE: webViewDidChangeSelection:WebViewDidChangeSelectionNotification
EDITING DELEGATE: webViewDidChangeSelection:WebViewDidChangeSelectionNotification
EDITING DELEGATE: webViewDidChangeSelection:WebViewDidChangeSelectionNotification
EDITING DELEGATE: webViewDidChangeSelection:WebViewDidChangeSelectionNotification
EDITING DELEGATE: webViewDidChange:WebViewDidChangeNotification
EDITING DELEGATE: webViewDidChangeSelection:WebViewDidChangeSelectionNotification
EDITING DELEGATE: webViewDidChange:WebViewDidChangeNotification
EDITING DELEGATE: webViewDidChangeSelection:WebViewDidChangeSelectionNotification
EDITING DELEGATE: webViewDidChange:WebViewDidChangeNotification
layer at (0,0) size 800x600
  LayoutView at (0,0) size 800x600
layer at (0,0) size 800x600
  LayoutBlockFlow {HTML} at (0,0) size 800x600
    LayoutBlockFlow {BODY} at (8,8) size 784x584
      LayoutBlockFlow {DIV} at (0,0) size 784x220 [border: (4px solid #0000FF)]
        LayoutBlockFlow {DIV} at (20,20) size 744x69
          LayoutText {#text} at (0,0) size 66x26
            text run at (0,0) width 66: "Tests: "
          LayoutBR {BR} at (0,0) size 0x0
          LayoutText {#text} at (0,27) size 656x20
            text run at (0,27) width 656: "Our ability to \"edit around\" content the HTML editing code does not yet handle very well. "
          LayoutBR {BR} at (655,43) size 1x0
          LayoutInline {I} at (0,0) size 98x20
            LayoutText {#text} at (0,48) size 98x20
              text run at (0,48) width 98: "For this test: "
          LayoutText {#text} at (97,48) size 175x20
            text run at (97,48) width 175: "Test typing after a table."
        LayoutBlockFlow (anonymous) at (20,89) size 744x21
          LayoutBR {BR} at (0,0) size 0x20
        LayoutBlockFlow {DIV} at (20,110) size 744x90
          LayoutText {#text} at (0,0) size 190x26
            text run at (0,0) width 190: "Expected Results: "
          LayoutBR {BR} at (189,21) size 1x0
          LayoutText {#text} at (0,27) size 700x41
            text run at (0,27) width 700: "The content in the red box must exactly match the content in the green box (except for the border"
            text run at (0,48) width 52: "color). "
          LayoutBR {BR} at (51,64) size 1x0
          LayoutInline {I} at (0,0) size 98x20
            LayoutText {#text} at (0,69) size 98x20
              text run at (0,69) width 98: "For this test: "
          LayoutText {#text} at (97,69) size 431x20
            text run at (97,69) width 431: "Typed text should appear after (on the line below) the table."
      LayoutBlockFlow {DIV} at (0,230) size 784x107 [border: (2px solid #008000)]
        LayoutTable {TABLE} at (2,2) size 46x76 [border: (1px outset #808080)]
          LayoutTableSection {TBODY} at (1,1) size 44x74
            LayoutTableRow {TR} at (0,2) size 44x22
              LayoutTableCell {TD} at (2,2) size 12x22 [border: (1px inset #808080)] [r=0 c=0 rs=1 cs=1]
                LayoutText {#text} at (2,2) size 8x17
                  text run at (2,2) width 8: "1"
              LayoutTableCell {TD} at (16,2) size 12x22 [border: (1px inset #808080)] [r=0 c=1 rs=1 cs=1]
                LayoutText {#text} at (2,2) size 8x17
                  text run at (2,2) width 8: "2"
              LayoutTableCell {TD} at (30,2) size 12x22 [border: (1px inset #808080)] [r=0 c=2 rs=1 cs=1]
                LayoutText {#text} at (2,2) size 8x17
                  text run at (2,2) width 8: "3"
            LayoutTableRow {TR} at (0,26) size 44x22
              LayoutTableCell {TD} at (2,26) size 12x22 [border: (1px inset #808080)] [r=1 c=0 rs=1 cs=1]
                LayoutText {#text} at (2,2) size 8x17
                  text run at (2,2) width 8: "4"
              LayoutTableCell {TD} at (16,26) size 12x22 [border: (1px inset #808080)] [r=1 c=1 rs=1 cs=1]
                LayoutText {#text} at (2,2) size 8x17
                  text run at (2,2) width 8: "5"
              LayoutTableCell {TD} at (30,26) size 12x22 [border: (1px inset #808080)] [r=1 c=2 rs=1 cs=1]
                LayoutText {#text} at (2,2) size 8x17
                  text run at (2,2) width 8: "6"
            LayoutTableRow {TR} at (0,50) size 44x22
              LayoutTableCell {TD} at (2,50) size 12x22 [border: (1px inset #808080)] [r=2 c=0 rs=1 cs=1]
                LayoutText {#text} at (2,2) size 8x17
                  text run at (2,2) width 8: "7"
              LayoutTableCell {TD} at (16,50) size 12x22 [border: (1px inset #808080)] [r=2 c=1 rs=1 cs=1]
                LayoutText {#text} at (2,2) size 8x17
                  text run at (2,2) width 8: "8"
              LayoutTableCell {TD} at (30,50) size 12x22 [border: (1px inset #808080)] [r=2 c=2 rs=1 cs=1]
                LayoutText {#text} at (2,2) size 8x17
                  text run at (2,2) width 8: "9"
        LayoutBlockFlow (anonymous) at (2,78) size 780x27
          LayoutText {#text} at (0,0) size 36x26
            text run at (0,0) width 36: "xxx"
      LayoutBlockFlow {DIV} at (0,347) size 784x107
        LayoutBlockFlow {DIV} at (0,0) size 784x107 [border: (2px solid #FF0000)]
          LayoutTable {TABLE} at (2,2) size 46x76 [border: (1px outset #808080)]
            LayoutTableSection {TBODY} at (1,1) size 44x74
              LayoutTableRow {TR} at (0,2) size 44x22
                LayoutTableCell {TD} at (2,2) size 12x22 [border: (1px inset #808080)] [r=0 c=0 rs=1 cs=1]
                  LayoutText {#text} at (2,2) size 8x17
                    text run at (2,2) width 8: "1"
                LayoutTableCell {TD} at (16,2) size 12x22 [border: (1px inset #808080)] [r=0 c=1 rs=1 cs=1]
                  LayoutText {#text} at (2,2) size 8x17
                    text run at (2,2) width 8: "2"
                LayoutTableCell {TD} at (30,2) size 12x22 [border: (1px inset #808080)] [r=0 c=2 rs=1 cs=1]
                  LayoutText {#text} at (2,2) size 8x17
                    text run at (2,2) width 8: "3"
              LayoutTableRow {TR} at (0,26) size 44x22
                LayoutTableCell {TD} at (2,26) size 12x22 [border: (1px inset #808080)] [r=1 c=0 rs=1 cs=1]
                  LayoutText {#text} at (2,2) size 8x17
                    text run at (2,2) width 8: "4"
                LayoutTableCell {TD} at (16,26) size 12x22 [border: (1px inset #808080)] [r=1 c=1 rs=1 cs=1]
                  LayoutText {#text} at (2,2) size 8x17
                    text run at (2,2) width 8: "5"
                LayoutTableCell {TD} at (30,26) size 12x22 [border: (1px inset #808080)] [r=1 c=2 rs=1 cs=1]
                  LayoutText {#text} at (2,2) size 8x17
                    text run at (2,2) width 8: "6"
              LayoutTableRow {TR} at (0,50) size 44x22
                LayoutTableCell {TD} at (2,50) size 12x22 [border: (1px inset #808080)] [r=2 c=0 rs=1 cs=1]
                  LayoutText {#text} at (2,2) size 8x17
                    text run at (2,2) width 8: "7"
                LayoutTableCell {TD} at (16,50) size 12x22 [border: (1px inset #808080)] [r=2 c=1 rs=1 cs=1]
                  LayoutText {#text} at (2,2) size 8x17
                    text run at (2,2) width 8: "8"
                LayoutTableCell {TD} at (30,50) size 12x22 [border: (1px inset #808080)] [r=2 c=2 rs=1 cs=1]
                  LayoutText {#text} at (2,2) size 8x17
                    text run at (2,2) width 8: "9"
          LayoutBlockFlow (anonymous) at (2,78) size 780x27
            LayoutText {#text} at (0,0) size 36x26
              text run at (0,0) width 36: "xxx"
caret: position 3 of child 2 {#text} of child 1 {DIV} of child 5 {DIV} of body
