layer at (0,0) size 800x600
  LayoutView at (0,0) size 800x600
layer at (0,0) size 800x600
  LayoutBlockFlow {HTML} at (0,0) size 800x600
    LayoutBlockFlow {BODY} at (8,8) size 784x584
      LayoutTextControl {INPUT} at (0,0) size 133x19 [bgcolor=#FFFFFF] [border: (2px inset #EEEEEE)]
        LayoutFlexibleBox {DIV} at (4,3) size 125x13
          LayoutBlockFlow {DIV} at (0,6.50) size 5x0
          LayoutBlockFlow {DIV} at (5,0) size 108x13
      LayoutBR {BR} at (133,14) size 0x0
      LayoutTextControl {INPUT} at (0,19) size 131x19 [bgcolor=#FFFFFF] [border: (2px inset #EEEEEE)]
      LayoutBR {BR} at (131,33) size 0x0
      LayoutTextControl {INPUT} at (0,38) size 133x19 [bgcolor=#FFFFFF] [border: (2px inset #EEEEEE)]
        LayoutFlexibleBox {DIV} at (4,3) size 125x13
          LayoutBlockFlow {DIV} at (0,6.50) size 5x0
          LayoutBlockFlow {DIV} at (5,0) size 108x13
      LayoutBR {BR} at (133,52) size 0x0
      LayoutTextControl {INPUT} at (0,57) size 133x19 [bgcolor=#FFFFFF] [border: (2px inset #EEEEEE)]
        LayoutFlexibleBox {DIV} at (4,3) size 125x13
          LayoutBlockFlow {DIV} at (0,0) size 16x13
          LayoutBlockFlow {DIV} at (16,0) size 97x13
      LayoutBR {BR} at (133,71) size 0x0
      LayoutBR {BR} at (141,108) size 0x0
      LayoutTextControl {INPUT} at (0,108) size 131x33 [bgcolor=#FFFFFF] [border: (2px inset #EEEEEE)]
      LayoutBR {BR} at (131,122) size 0x0
      LayoutBR {BR} at (141,186) size 0x0
      LayoutTextControl {INPUT} at (5,191) size 178x29 [bgcolor=#FFFFFF] [border: (5px solid #000000)]
      LayoutBR {BR} at (188,211) size 0x0
      LayoutTextControl {INPUT} at (0,225) size 131x31 [bgcolor=#FFFFFF] [border: (2px inset #EEEEEE)]
      LayoutText {#text} at (131,231) size 4x18
        text run at (131,231) width 4: " "
      LayoutTextControl {INPUT} at (135,225) size 131x31 [bgcolor=#FFFFFF] [border: (2px inset #EEEEEE)]
      LayoutText {#text} at (266,231) size 4x18
        text run at (266,231) width 4: " "
      LayoutBR {BR} at (270,245) size 0x0
      LayoutTextControl {INPUT} at (0,256) size 131x19 [bgcolor=#FFFFFF] [border: (2px inset #EEEEEE)]
      LayoutText {#text} at (131,256) size 4x18
        text run at (131,256) width 4: " "
      LayoutTextControl {INPUT} at (135,256) size 131x19 [bgcolor=#FFFFFF] [border: (2px inset #EEEEEE)]
      LayoutText {#text} at (266,256) size 4x18
        text run at (266,256) width 4: " "
      LayoutTextControl {INPUT} at (270,256) size 131x19 [bgcolor=#FFFFFF] [border: (2px inset #EEEEEE)]
      LayoutText {#text} at (401,256) size 4x18
        text run at (401,256) width 4: " "
      LayoutBR {BR} at (405,270) size 0x0
      LayoutBR {BR} at (131,303) size 0x0
layer at (17,11) size 108x13
  LayoutBlockFlow {DIV} at (9,3) size 108x13 [color=#A9A9A9]
    LayoutText {#text} at (0,0) size 59x13
      text run at (0,0) width 59: "placeholder"
layer at (17,11) size 108x13
  LayoutBlockFlow {DIV} at (0,0) size 108x13
layer at (11,30) size 125x13
  LayoutBlockFlow {DIV} at (3,3) size 125x13 [color=#A9A9A9]
    LayoutText {#text} at (0,0) size 59x13
      text run at (0,0) width 59: "placeholder"
layer at (11,30) size 125x13
  LayoutBlockFlow {DIV} at (3,3) size 125x13
layer at (17,49) size 108x13
  LayoutBlockFlow {DIV} at (9,3) size 108x13 [color=#A9A9A9]
    LayoutText {#text} at (49,0) size 59x13
      text run at (49,0) width 59: "placeholder"
layer at (17,49) size 108x13
  LayoutBlockFlow {DIV} at (0,0) size 108x13
layer at (28,68) size 97x13
  LayoutBlockFlow {DIV} at (20,3) size 97x13 [color=#A9A9A9]
    LayoutText {#text} at (0,0) size 59x13
      text run at (0,0) width 59: "placeholder"
layer at (28,68) size 97x13
  LayoutBlockFlow {DIV} at (0,0) size 97x13
layer at (8,84) size 141x32 clip at (9,85) size 139x30
  LayoutTextControl {TEXTAREA} at (0,76) size 141x32 [bgcolor=#FFFFFF] [border: (1px solid #000000)]
    LayoutBlockFlow {DIV} at (3,3) size 135x13 [color=#A9A9A9]
      LayoutText {#text} at (0,0) size 59x13
        text run at (0,0) width 59: "placeholder"
    LayoutBlockFlow {DIV} at (3,3) size 135x13
layer at (11,119) size 125x13
  LayoutBlockFlow {DIV} at (3,3) size 125x13 [color=#A9A9A9]
    LayoutText {#text} at (0,0) size 59x13
      text run at (0,0) width 59: "placeholder"
layer at (11,119) size 125x13
  LayoutBlockFlow {DIV} at (3,3) size 125x13
layer at (8,149) size 141x45 clip at (9,150) size 139x43
  LayoutTextControl {TEXTAREA} at (0,141) size 141x45 [bgcolor=#FFFFFF] [border: (1px solid #000000)]
    LayoutBlockFlow {DIV} at (3,16) size 135x13 [color=#A9A9A9]
      LayoutText {#text} at (0,0) size 59x13
        text run at (0,0) width 59: "placeholder"
    LayoutBlockFlow {DIV} at (3,16) size 135x13
layer at (19,205) size 166x17
  LayoutBlockFlow {DIV} at (6,6) size 166x17 [color=#A9A9A9]
    LayoutText {#text} at (0,0) size 80x17
      text run at (0,0) width 80: "placeholder"
layer at (19,205) size 166x17
  LayoutBlockFlow {DIV} at (6,6) size 166x17
layer at (11,236) size 125x25
  LayoutBlockFlow {DIV} at (3,3) size 125x25
    LayoutText {#text} at (0,6) size 27x13
      text run at (0,6) width 27: "Value"
layer at (146,236) size 125x25
  LayoutBlockFlow {DIV} at (3,3) size 125x25 [color=#A9A9A9]
    LayoutText {#text} at (0,6) size 59x13
      text run at (0,6) width 59: "placeholder"
layer at (146,236) size 125x25
  LayoutBlockFlow {DIV} at (3,3) size 125x25
layer at (11,267) size 125x13
  LayoutBlockFlow {DIV} at (3,3) size 125x13
    LayoutText {#text} at (49,0) size 27x13
      text run at (49,0) width 27: "Value"
layer at (146,267) size 125x13
  LayoutBlockFlow {DIV} at (3,3) size 125x13 [color=#A9A9A9]
    LayoutText {#text} at (33,0) size 59x13
      text run at (33,0) width 59: "placeholder"
layer at (146,267) size 125x13
  LayoutBlockFlow {DIV} at (3,3) size 125x13
layer at (281,267) size 125x13
  LayoutBlockFlow {DIV} at (3,3) size 125x13 [color=#A9A9A9]
    LayoutText {#text} at (33,0) size 59x13
      text run at (33,0) width 59: "placeholder"
layer at (281,267) size 125x13
  LayoutBlockFlow {DIV} at (3,3) size 125x13
layer at (126,12) size 11x11 transparent
  LayoutBlockFlow {DIV} at (114,1) size 11x11
layer at (126,50) size 11x11 transparent
  LayoutBlockFlow {DIV} at (114,1) size 11x11
layer at (126,69) size 11x11 transparent
  LayoutBlockFlow {DIV} at (114,1) size 11x11
layer at (8,283) size 131x33
  LayoutTextControl {INPUT} at (0,275) size 131x33 [bgcolor=#FFFFFF] [border: (2px inset #EEEEEE)]
layer at (11,300) size 125x13
  LayoutBlockFlow {DIV} at (3,17) size 125x13 [color=#A9A9A9]
    LayoutText {#text} at (0,0) size 59x13
      text run at (0,0) width 59: "placeholder"
layer at (11,300) size 125x13
  LayoutBlockFlow {DIV} at (3,17) size 125x13
