layer at (0,0) size 800x600
  LayoutView at (0,0) size 800x600
layer at (0,0) size 800x600
  LayoutBlockFlow {HTML} at (0,0) size 800x600
    LayoutBlockFlow {BODY} at (8,8) size 784x584
      LayoutText {#text} at (0,0) size 452x18
        text run at (0,0) width 452: "This tests that a scrollbar will appear when text overflows the textarea "
      LayoutBR {BR} at (451,14) size 1x0
      LayoutText {#text} at (0,0) size 0x0
layer at (8,26) size 141x84 clip at (9,27) size 124x82 scrollHeight 121
  LayoutTextControl {TEXTAREA} at (0,18) size 141x84 [bgcolor=#FFFFFF] [border: (1px solid #000000)]
    LayoutBlockFlow {DIV} at (3,3) size 120x117
      LayoutText {#text} at (0,0) size 7x13
        text run at (0,0) width 7: "1"
      LayoutBR {BR} at (6,11) size 1x0
      LayoutText {#text} at (0,13) size 7x13
        text run at (0,13) width 7: "2"
      LayoutBR {BR} at (6,24) size 1x0
      LayoutText {#text} at (0,26) size 7x13
        text run at (0,26) width 7: "3"
      LayoutBR {BR} at (6,37) size 1x0
      LayoutText {#text} at (0,39) size 7x13
        text run at (0,39) width 7: "4"
      LayoutBR {BR} at (6,50) size 1x0
      LayoutText {#text} at (0,52) size 7x13
        text run at (0,52) width 7: "5"
      LayoutText {#text} at (6,52) size 1x13
        text run at (6,52) width 1: " "
      LayoutText {#text} at (0,65) size 7x13
        text run at (0,65) width 7: "6"
      LayoutText {#text} at (6,65) size 1x13
        text run at (6,65) width 1: " "
      LayoutText {#text} at (0,78) size 7x13
        text run at (0,78) width 7: "7"
      LayoutText {#text} at (6,78) size 1x13
        text run at (6,78) width 1: " "
      LayoutText {#text} at (0,91) size 7x13
        text run at (0,91) width 7: "8"
      LayoutText {#text} at (6,91) size 1x13
        text run at (6,91) width 1: " "
      LayoutText {#text} at (0,104) size 0x13
        text run at (0,104) width 0: " "
caret: position 0 of child 16 {#text} of child 0 {DIV} of {#document-fragment} of child 3 {TEXTAREA} of body
