layer at (0,0) size 800x600
  LayoutView at (0,0) size 800x600
layer at (0,0) size 800x600
  LayoutBlockFlow {HTML} at (0,0) size 800x600
    LayoutBlockFlow {BODY} at (8,8) size 784x584
      LayoutText {#text} at (200,186) size 4x18
        text run at (200,186) width 4: " "
      LayoutText {#text} at (204,186) size 52x18
        text run at (204,186) width 52: "183 316"
layer at (8,8) size 200x200 clip at (9,9) size 183x198 scrollHeight 316
  LayoutTextControl {TEXTAREA} at (0,0) size 200x200 [bgcolor=#FFFFFF] [border: (1px solid #000000)]
    LayoutBlockFlow {DIV} at (3,3) size 179x312
      LayoutText {#text} at (0,0) size 79x13
        text run at (0,0) width 79: "Lots of content."
      LayoutBR {BR} at (78,11) size 1x0
      LayoutText {#text} at (0,13) size 79x13
        text run at (0,13) width 79: "Lots of content."
      LayoutBR {BR} at (78,24) size 1x0
      LayoutText {#text} at (0,26) size 79x13
        text run at (0,26) width 79: "Lots of content."
      LayoutBR {BR} at (78,37) size 1x0
      LayoutText {#text} at (0,39) size 79x13
        text run at (0,39) width 79: "Lots of content."
      LayoutBR {BR} at (78,50) size 1x0
      LayoutBR {BR} at (0,52) size 0x13
      LayoutText {#text} at (0,65) size 79x13
        text run at (0,65) width 79: "Lots of content."
      LayoutBR {BR} at (78,76) size 1x0
      LayoutText {#text} at (0,78) size 79x13
        text run at (0,78) width 79: "Lots of content."
      LayoutBR {BR} at (78,89) size 1x0
      LayoutBR {BR} at (0,91) size 0x13
      LayoutText {#text} at (0,104) size 79x13
        text run at (0,104) width 79: "Lots of content."
      LayoutBR {BR} at (78,115) size 1x0
      LayoutText {#text} at (0,117) size 79x13
        text run at (0,117) width 79: "Lots of content."
      LayoutBR {BR} at (78,128) size 1x0
      LayoutBR {BR} at (0,130) size 0x13
      LayoutText {#text} at (0,143) size 79x13
        text run at (0,143) width 79: "Lots of content."
      LayoutBR {BR} at (78,154) size 1x0
      LayoutText {#text} at (0,156) size 79x13
        text run at (0,156) width 79: "Lots of content."
      LayoutBR {BR} at (78,167) size 1x0
      LayoutBR {BR} at (0,169) size 0x13
      LayoutText {#text} at (0,182) size 79x13
        text run at (0,182) width 79: "Lots of content."
      LayoutBR {BR} at (78,193) size 1x0
      LayoutText {#text} at (0,195) size 79x13
        text run at (0,195) width 79: "Lots of content."
      LayoutBR {BR} at (78,206) size 1x0
      LayoutBR {BR} at (0,208) size 0x13
      LayoutText {#text} at (0,221) size 79x13
        text run at (0,221) width 79: "Lots of content."
      LayoutBR {BR} at (78,232) size 1x0
      LayoutText {#text} at (0,234) size 79x13
        text run at (0,234) width 79: "Lots of content."
      LayoutBR {BR} at (78,245) size 1x0
      LayoutBR {BR} at (0,247) size 0x13
      LayoutText {#text} at (0,260) size 79x13
        text run at (0,260) width 79: "Lots of content."
      LayoutBR {BR} at (78,271) size 1x0
      LayoutText {#text} at (0,273) size 79x13
        text run at (0,273) width 79: "Lots of content."
      LayoutBR {BR} at (78,284) size 1x0
      LayoutBR {BR} at (0,286) size 0x13
      LayoutBR {BR} at (0,299) size 0x13
