layer at (0,0) size 800x600
  LayoutView at (0,0) size 800x600
layer at (0,0) size 800x600
  LayoutBlockFlow {HTML} at (0,0) size 800x600
    LayoutBlockFlow {BODY} at (8,8) size 784x584 [color=#008000]
      LayoutBlockFlow (anonymous) at (0,0) size 784x37
        LayoutText {#text} at (0,0) size 404x37
          text run at (0,0) width 404: "This is fixed pitch. "
        LayoutInline {FONT} at (0,0) size 51x11
          LayoutText {#text} at (403,18) size 51x11
            text run at (403,18) width 51: "This is not."
      LayoutBlockFlow (anonymous) at (0,37) size 784x30
        LayoutTable {TABLE} at (0,0) size 124x30 [border: (2px outset #808080)]
          LayoutTableSection {TBODY} at (2,2) size 120x26
            LayoutTableRow {TR} at (0,2) size 120x22
              LayoutTableCell {TD} at (2,2) size 116x22 [border: (1px inset #808080)] [r=0 c=0 rs=1 cs=1]
                LayoutText {#text} at (2,2) size 112x17
                  text run at (2,2) width 112: "This is also not."
      LayoutBlockFlow (anonymous) at (0,67) size 784x37
        LayoutInline {FONT} at (0,0) size 43x11
          LayoutText {#text} at (0,18) size 43x11
            text run at (0,18) width 43: "More text"
        LayoutText {#text} at (43,0) size 154x37
          text run at (43,0) width 154: " Ending."
