CONSOLE WARNING: Failed to decode downloaded font: NotoSansCJKjp-Regular-cid03075.otf
layer at (0,0) size 800x600
  LayoutView at (0,0) size 800x600
layer at (0,0) size 800x136
  LayoutBlockFlow {HTML} at (0,0) size 800x136
    LayoutBlockFlow {BODY} at (8,16) size 784x112
      LayoutBlockFlow {P} at (0,0) size 784x18
        LayoutText {#text} at (0,0) size 273x17
          text run at (0,0) width 273: "Editable text should be centered vertically."
      LayoutBlockFlow {DIV} at (0,34) size 784x22
        LayoutTextControl {INPUT} at (0,0) size 195x22 [bgcolor=#FFFFFF] [border: (1px solid #000000)]
      LayoutBlockFlow {DIV} at (0,56) size 784x28
        LayoutTextControl {INPUT} at (0,0) size 294x28 [bgcolor=#FFFFFF] [border: (1px solid #000000)]
      LayoutBlockFlow {DIV} at (0,84) size 784x28
        LayoutTextControl {INPUT} at (0,0) size 199x28 [bgcolor=#FFFFFF] [border: (2px inset #EEEEEE)]
layer at (9,52) size 193x18
  LayoutBlockFlow {DIV} at (1,2) size 193x18
    LayoutText {#text} at (0,0) size 74x17
      text run at (0,0) width 74: "\x{3075} ABCgjy"
layer at (9,72) size 292x28
  LayoutBlockFlow {DIV} at (1,0) size 292x28
    LayoutText {#text} at (0,0) size 81x27
      text run at (0,0) width 81: "ABCgjy"
layer at (10,105) size 195x18
  LayoutBlockFlow {DIV} at (2,5) size 195x18
    LayoutText {#text} at (0,0) size 54x17
      text run at (0,0) width 54: "ABCgjy"
