layer at (0,0) size 800x600
  LayoutView at (0,0) size 800x600
layer at (0,0) size 800x600
  LayoutBlockFlow {HTML} at (0,0) size 800x600
    LayoutBlockFlow {BODY} at (12,12) size 776x543
      LayoutBlockFlow {P} at (0,0) size 776x27
        LayoutText {#text} at (0,0) size 278x26
          text run at (0,0) width 278: "Zoomed video with controls."
layer at (57,84) size 240x180
  LayoutVideo {VIDEO} at (45,72) size 240x180
layer at (57,84) size 240x180
  LayoutFlexibleBox (relative positioned) {DIV} at (0,0) size 240x180
    LayoutBlockFlow {DIV} at (0,127.50) size 240x52.50
layer at (57,84) size 240x128
  LayoutFlexibleBox (relative positioned) {DIV} at (0,0) size 240x127.50
layer at (65,212) size 225x45 scrollWidth 328
  LayoutFlexibleBox (relative positioned) {DIV} at (7.50,0) size 225x45 [bgcolor=#141414CC]
    LayoutButton {INPUT} at (13.50,0) size 45x45
    LayoutSlider {INPUT} at (72,16.50) size 37.50x12
      LayoutFlexibleBox {DIV} at (0,0) size 37.50x12 [border: (1px solid #E6E6E659)]
        LayoutBlockFlow {DIV} at (1,-12) size 56.50x36
          LayoutBlockFlow {DIV} at (-10.50,0) size 48x36
    LayoutFlexibleBox {DIV} at (132,0) size 39.03x45 [color=#FFFFFF]
      LayoutBlockFlow (anonymous) at (0,0) size 39.03x45
        LayoutText {#text} at (0,11) size 40x22
          text run at (0,11) width 40: "0:00"
    LayoutButton {INPUT} at (184.53,0) size 52.50x45
    LayoutSlider {INPUT} at (246.03,16.50) size 22.50x12
      LayoutFlexibleBox {DIV} at (0,0) size 22.50x12 [border: (1px solid #E6E6E659)]
        LayoutBlockFlow {DIV} at (1,-12) size 41.50x36
          LayoutBlockFlow {DIV} at (-5,0) size 36x36
    LayoutButton {INPUT} at (283.53,0) size 45x45
layer at (57,309) size 240x180
  LayoutVideo {VIDEO} at (45,297) size 240x180
layer at (57,309) size 240x180
  LayoutFlexibleBox (relative positioned) {DIV} at (0,0) size 240x180
    LayoutBlockFlow {DIV} at (0,127.50) size 240x52.50
layer at (57,309) size 240x128
  LayoutFlexibleBox (relative positioned) {DIV} at (0,0) size 240x127.50
layer at (65,437) size 225x45 scrollWidth 328
  LayoutFlexibleBox (relative positioned) {DIV} at (7.50,0) size 225x45 [bgcolor=#141414CC]
    LayoutButton {INPUT} at (13.50,0) size 45x45
    LayoutSlider {INPUT} at (72,16.50) size 37.50x12
      LayoutFlexibleBox {DIV} at (0,0) size 37.50x12 [border: (1px solid #E6E6E659)]
        LayoutBlockFlow {DIV} at (1,-12) size 56.50x36
          LayoutBlockFlow {DIV} at (-10.50,0) size 48x36
    LayoutFlexibleBox {DIV} at (132,0) size 39.03x45 [color=#FFFFFF]
      LayoutBlockFlow (anonymous) at (0,0) size 39.03x45
        LayoutText {#text} at (0,11) size 40x22
          text run at (0,11) width 40: "0:00"
    LayoutButton {INPUT} at (184.53,0) size 52.50x45
    LayoutSlider {INPUT} at (246.03,16.50) size 22.50x12
      LayoutFlexibleBox {DIV} at (0,0) size 22.50x12 [border: (1px solid #E6E6E659)]
        LayoutBlockFlow {DIV} at (1,-12) size 41.50x36
          LayoutBlockFlow {DIV} at (-5,0) size 36x36
    LayoutButton {INPUT} at (283.53,0) size 45x45
