layer at (0,0) size 800x600 clip at (0,0) size 785x600 scrollHeight 778
  LayoutView at (0,0) size 800x600
layer at (0,0) size 785x546
  LayoutBlockFlow {HTML} at (0,0) size 785x546
    LayoutBlockFlow {BODY} at (8,16) size 769x522
      LayoutBlockFlow {P} at (0,0) size 769x18
        LayoutText {#text} at (0,0) size 354x17
          text run at (0,0) width 354: "Test overlay cast button rendering on dark background."
      LayoutBlockFlow {DIV} at (0,34) size 769x244
        LayoutText {#text} at (0,0) size 0x0
      LayoutBlockFlow {DIV} at (0,278) size 769x244
        LayoutText {#text} at (0,0) size 0x0
      LayoutBlockFlow {DIV} at (0,522) size 769x0
layer at (8,50) size 320x240
  LayoutVideo {VIDEO} at (0,0) size 320x240
layer at (8,294) size 320x240
  LayoutVideo {VIDEO} at (0,0) size 320x240
layer at (8,50) size 320x240
  LayoutFlexibleBox (relative positioned) {DIV} at (0,0) size 320x240
    LayoutBlockFlow {DIV} at (0,205) size 320x35
layer at (8,50) size 320x205
  LayoutFlexibleBox (relative positioned) {DIV} at (0,0) size 320x205
layer at (24,60) size 30x30
  LayoutButton (positioned) {INPUT} at (16,10.25) size 30x30
layer at (8,294) size 320x240
  LayoutFlexibleBox (relative positioned) {DIV} at (0,0) size 320x240
    LayoutBlockFlow {DIV} at (0,205) size 320x35
layer at (8,294) size 320x205
  LayoutFlexibleBox (relative positioned) {DIV} at (0,0) size 320x205
layer at (24,304) size 30x30
  LayoutButton (positioned) {INPUT} at (16,10.25) size 30x30
layer at (8,538) size 320x240 backgroundClip at (0,0) size 785x600 clip at (0,0) size 785x600
  LayoutVideo (positioned) {VIDEO} at (8,538) size 320x240
layer at (8,538) size 320x240 backgroundClip at (0,0) size 785x600 clip at (0,0) size 785x600
  LayoutFlexibleBox (relative positioned) {DIV} at (0,0) size 320x240
    LayoutBlockFlow {DIV} at (0,205) size 320x35
layer at (8,538) size 320x205 backgroundClip at (8,538) size 320x62 clip at (8,538) size 320x62
  LayoutFlexibleBox (relative positioned) {DIV} at (0,0) size 320x205
layer at (24,548) size 30x30
  LayoutButton (positioned) {INPUT} at (16,10.25) size 30x30
