layer at (0,0) size 800x600 clip at (0,0) size 785x600 scrollHeight 1449
  LayoutView at (0,0) size 800x600
layer at (0,0) size 785x1449 backgroundClip at (0,0) size 785x600 clip at (0,0) size 785x600
  LayoutBlockFlow {html} at (0,0) size 785x1449.14
    LayoutBlockFlow {body} at (8,8) size 769x0
      LayoutBlockFlow (floating) {div} at (0,0) size 769x1441.14
        LayoutBlockFlow {h1} at (0,21.44) size 769x37
          LayoutText {#text} at (0,0) size 443x36
            text run at (0,0) width 443: "SVG grid with percentage width"
        LayoutBlockFlow {h4} at (0,79.88) size 769x20
          LayoutText {#text} at (0,0) size 146x19
            text run at (0,0) width 146: "WICD Core 1.0 #20-3"
        LayoutBlockFlow {p} at (0,121.14) size 769x0
          LayoutBlockFlow (floating) {div} at (256.30,128) size 256.30x448
            LayoutBR {br} at (256,0) size 1x19
          LayoutBlockFlow (floating) {div} at (512.59,128) size 256.30x448
          LayoutBlockFlow (floating) {div} at (384.50,704) size 384.50x192
          LayoutBlockFlow (floating) {div} at (0,896) size 384.50x192
          LayoutBlockFlow (floating) {div} at (384.50,1024) size 384.50x128
        LayoutBlockFlow {p} at (0,121.14) size 769x596 [color=#FFFFFF]
          LayoutBR {br} at (769,0) size 0x19
          LayoutText {#text} at (640,576) size 9x19
            text run at (640,576) width 9: ".."
        LayoutBlockFlow {p} at (0,733.14) size 769x580
          LayoutText {#text} at (640,0) size 760x579
            text run at (640,0) width 115: "Above, you should"
            text run at (640,20) width 95: "see a grid of 17"
            text run at (640,40) width 120: "SVG child elements"
            text run at (640,60) width 113: "sticked together to"
            text run at (0,540) width 148: "build one rectangle grid. "
            text run at (148,540) width 583: "You should be able to resize your browser window and the grid rendering should adjust to it. The"
            text run at (0,560) width 327: "outcome should look like in these sample screenshots: "
          LayoutInline {a} at (0,0) size 30x19 [color=#0000EE]
            LayoutText {#text} at (327,560) size 30x19
              text run at (327,560) width 30: "small"
          LayoutText {#text} at (357,560) size 8x19
            text run at (357,560) width 8: ", "
          LayoutInline {a} at (0,0) size 37x19 [color=#0000EE]
            LayoutText {#text} at (365,560) size 37x19
              text run at (365,560) width 37: "bigger"
          LayoutText {#text} at (402,560) size 30x19
            text run at (402,560) width 30: " and "
          LayoutInline {a} at (0,0) size 18x19 [color=#0000EE]
            LayoutText {#text} at (432,560) size 18x19
              text run at (432,560) width 18: "big"
          LayoutText {#text} at (450,560) size 4x19
            text run at (450,560) width 4: "."
        LayoutBlockFlow {p} at (0,1329.14) size 769x40
          LayoutText {#text} at (0,0) size 754x39
            text run at (0,0) width 754: "The test is successful, if all SVG elements resize exacly dependend on the width of the browser window, but keep their aspect"
            text run at (0,20) width 553: "ratio and relative position. The complete grid should always show a perfect rectangle object."
        LayoutBlockFlow {p} at (0,1385.14) size 769x40
          LayoutBR {br} at (0,0) size 0x19
          LayoutInline {a} at (0,0) size 32x19 [color=#0000EE]
            LayoutText {#text} at (0,20) size 32x19
              text run at (0,20) width 32: "Back"
layer at (8,129) size 385x128
  LayoutEmbeddedObject (floating) {object} at (0,0) size 384.50x128
    layer at (0,0) size 385x128
      LayoutView at (0,0) size 385x128
    layer at (0,0) size 385x128
      LayoutSVGRoot {svg} at (0,0) size 385x128
        LayoutSVGHiddenContainer {defs} at (0,0) size 0x0
          LayoutSVGResourceLinearGradient {linearGradient} [id="surface"] [gradientUnits=objectBoundingBox] [start=(1,0)] [end=(1,1)]
            LayoutSVGGradientStop {stop} [offset=0.00] [color=#FFFFFF]
            LayoutSVGGradientStop {stop} [offset=1.00] [color=#FFEEAA]
        LayoutSVGRect {rect} at (0,0) size 385x128 [stroke={[type=SOLID] [color=#FFCC33] [stroke width=2.00]}] [fill={[type=LINEAR-GRADIENT] [id="surface"]}] [x=1.00] [y=1.00] [width=118.00] [height=38.00]
        LayoutSVGText {text} at (52,8) size 16x24 contains 1 chunk(s)
          LayoutSVGInlineText {#text} at (0,0) size 15x23
            chunk 1 (middle anchor) text run 1 at (52.97,27.00) startOffset 0 endOffset 1 width 14.06: "A"
layer at (393,129) size 384x128
  LayoutEmbeddedObject (floating) {object} at (384.50,0) size 384.50x128
    layer at (0,0) size 385x128
      LayoutView at (0,0) size 385x128
    layer at (0,0) size 385x128
      LayoutSVGRoot {svg} at (0,0) size 385x128
        LayoutSVGHiddenContainer {defs} at (0,0) size 0x0
          LayoutSVGResourceLinearGradient {linearGradient} [id="surface"] [gradientUnits=objectBoundingBox] [start=(1,0)] [end=(1,1)]
            LayoutSVGGradientStop {stop} [offset=0.00] [color=#FFFFFF]
            LayoutSVGGradientStop {stop} [offset=1.00] [color=#FFEEAA]
        LayoutSVGRect {rect} at (0,0) size 385x128 [stroke={[type=SOLID] [color=#FFCC33] [stroke width=2.00]}] [fill={[type=LINEAR-GRADIENT] [id="surface"]}] [x=1.00] [y=1.00] [width=118.00] [height=38.00]
        LayoutSVGText {text} at (54,8) size 12x24 contains 1 chunk(s)
          LayoutSVGInlineText {#text} at (0,0) size 12x23
            chunk 1 (middle anchor) text run 1 at (54.06,27.00) startOffset 0 endOffset 1 width 11.88: "L"
layer at (8,257) size 256x449 backgroundClip at (0,0) size 785x600 clip at (0,0) size 785x600
  LayoutEmbeddedObject (floating) {object} at (0,128) size 256.30x449
    layer at (0,0) size 256x449
      LayoutView at (0,0) size 256x449
    layer at (0,0) size 256x449
      LayoutSVGRoot {svg} at (0,0) size 256x449
        LayoutSVGHiddenContainer {defs} at (0,0) size 0x0
          LayoutSVGResourceLinearGradient {linearGradient} [id="surface"] [gradientUnits=objectBoundingBox] [start=(1,0)] [end=(1,1)]
            LayoutSVGGradientStop {stop} [offset=0.00] [color=#FFFFFF]
            LayoutSVGGradientStop {stop} [offset=1.00] [color=#FFEEAA]
        LayoutSVGContainer {a} at (0,0) size 128x129
          LayoutSVGRect {rect} at (0,0) size 128x129 [stroke={[type=SOLID] [color=#FFCC33] [stroke width=2.00]}] [fill={[type=LINEAR-GRADIENT] [id="surface"]}] [x=1.00] [y=1.00] [width=38.00] [height=38.00]
          LayoutSVGText {text} at (13,8) size 14x24 contains 1 chunk(s)
            LayoutSVGInlineText {#text} at (0,0) size 14x23
              chunk 1 (middle anchor) text run 1 at (13.44,27.00) startOffset 0 endOffset 1 width 13.13: "B"
        LayoutSVGContainer {a} at (128,0) size 128x129
          LayoutSVGRect {rect} at (128,0) size 128x129 [stroke={[type=SOLID] [color=#FFCC33] [stroke width=2.00]}] [fill={[type=LINEAR-GRADIENT] [id="surface"]}] [x=41.00] [y=1.00] [width=38.00] [height=38.00]
        LayoutSVGContainer {a} at (0,160) size 128x129
          LayoutSVGEllipse {circle} at (0,160) size 128x129 [stroke={[type=SOLID] [color=#FFCC33] [stroke width=2.00]}] [fill={[type=LINEAR-GRADIENT] [id="surface"]}] [cx=20.00] [cy=70.00] [r=19.00]
          LayoutSVGText {text} at (13,58) size 14x24 contains 1 chunk(s)
            LayoutSVGInlineText {#text} at (0,0) size 14x23
              chunk 1 (middle anchor) text run 1 at (13.28,77.00) startOffset 0 endOffset 1 width 13.44: "C"
        LayoutSVGContainer {a} at (128,160) size 128x129
          LayoutSVGEllipse {circle} at (128,160) size 128x129 [stroke={[type=SOLID] [color=#FFCC33] [stroke width=2.00]}] [fill={[type=LINEAR-GRADIENT] [id="surface"]}] [cx=60.00] [cy=70.00] [r=19.00]
        LayoutSVGContainer {a} at (0,320) size 128x129
          LayoutSVGEllipse {circle} at (0,320) size 128x129 [stroke={[type=SOLID] [color=#FFCC33] [stroke width=2.00]}] [fill={[type=LINEAR-GRADIENT] [id="surface"]}] [cx=20.00] [cy=120.00] [r=19.00]
          LayoutSVGText {text} at (12,108) size 16x24 contains 1 chunk(s)
            LayoutSVGInlineText {#text} at (0,0) size 15x23
              chunk 1 (middle anchor) text run 1 at (12.81,127.00) startOffset 0 endOffset 1 width 14.38: "D"
        LayoutSVGContainer {a} at (128,320) size 128x129
          LayoutSVGEllipse {circle} at (128,320) size 128x129 [stroke={[type=SOLID] [color=#FFCC33] [stroke width=2.00]}] [fill={[type=LINEAR-GRADIENT] [id="surface"]}] [cx=60.00] [cy=120.00] [r=19.00]
          LayoutSVGText {text} at (53,108) size 14x24 contains 1 chunk(s)
            LayoutSVGInlineText {#text} at (0,0) size 13x23
              chunk 1 (middle anchor) text run 1 at (53.91,127.00) startOffset 0 endOffset 1 width 12.19: "E"
layer at (264,257) size 256x256
  LayoutEmbeddedObject (floating) {object} at (0,0) size 256.30x256
    layer at (0,0) size 256x256
      LayoutView at (0,0) size 256x256
    layer at (0,0) size 256x256
      LayoutSVGRoot {svg} at (0,0) size 256x256
        LayoutSVGHiddenContainer {defs} at (0,0) size 0x0
          LayoutSVGResourceLinearGradient {linearGradient} [id="surface"] [gradientUnits=objectBoundingBox] [start=(1,0)] [end=(1,1)]
            LayoutSVGGradientStop {stop} [offset=0.00] [color=#FFFFFF]
            LayoutSVGGradientStop {stop} [offset=1.00] [color=#FFEEAA]
        LayoutSVGRect {rect} at (0,0) size 256x256 [stroke={[type=SOLID] [color=#FFCC33] [stroke width=2.00]}] [fill={[type=LINEAR-GRADIENT] [id="surface"]}] [x=1.00] [y=1.00] [width=78.00] [height=78.00]
        LayoutSVGText {text} at (32,28) size 16x24 contains 1 chunk(s)
          LayoutSVGInlineText {#text} at (0,0) size 15x23
            chunk 1 (middle anchor) text run 1 at (32.81,47.00) startOffset 0 endOffset 1 width 14.38: "K"
layer at (264,513) size 256x192 backgroundClip at (0,0) size 785x600 clip at (0,0) size 785x600
  LayoutEmbeddedObject (floating) {object} at (0,256) size 256.30x192
    layer at (0,0) size 256x192
      LayoutView at (0,0) size 256x192
    layer at (0,0) size 256x192
      LayoutSVGRoot {svg} at (0,0) size 256x192
        LayoutSVGHiddenContainer {defs} at (0,0) size 0x0
          LayoutSVGResourceLinearGradient {linearGradient} [id="surface"] [gradientUnits=objectBoundingBox] [start=(1,0)] [end=(1,1)]
            LayoutSVGGradientStop {stop} [offset=0.00] [color=#FFFFFF]
            LayoutSVGGradientStop {stop} [offset=1.00] [color=#FFEEAA]
        LayoutSVGRect {rect} at (0,0) size 256x192 [stroke={[type=SOLID] [color=#FFCC33] [stroke width=2.00]}] [fill={[type=LINEAR-GRADIENT] [id="surface"]}] [x=1.00] [y=1.00] [width=78.00] [height=58.00]
        LayoutSVGText {text} at (36,18) size 8x24 contains 1 chunk(s)
          LayoutSVGInlineText {#text} at (0,0) size 8x23
            chunk 1 (middle anchor) text run 1 at (36.09,37.00) startOffset 0 endOffset 1 width 7.81: "J"
layer at (521,257) size 256x256
  LayoutEmbeddedObject (floating) {object} at (0,0) size 256.30x256
    layer at (0,0) size 256x256
      LayoutView at (0,0) size 256x256
    layer at (0,0) size 256x256
      LayoutSVGRoot {svg} at (0,0) size 256x256
        LayoutSVGHiddenContainer {defs} at (0,0) size 0x0
          LayoutSVGResourceLinearGradient {linearGradient} [id="surface"] [gradientUnits=objectBoundingBox] [start=(1,0)] [end=(1,1)]
            LayoutSVGGradientStop {stop} [offset=0.00] [color=#FFFFFF]
            LayoutSVGGradientStop {stop} [offset=1.00] [color=#FFEEAA]
        LayoutSVGContainer {a} at (0,0) size 128x128
          LayoutSVGRect {rect} at (0,0) size 128x128 [stroke={[type=SOLID] [color=#FFCC33] [stroke width=2.00]}] [fill={[type=LINEAR-GRADIENT] [id="surface"]}] [x=1.00] [y=1.00] [width=38.00] [height=38.00]
          LayoutSVGText {text} at (11,8) size 18x24 contains 1 chunk(s)
            LayoutSVGInlineText {#text} at (0,0) size 18x23
              chunk 1 (middle anchor) text run 1 at (11.09,27.00) startOffset 0 endOffset 1 width 17.81: "M"
        LayoutSVGContainer {a} at (128,0) size 128x128
          LayoutSVGRect {rect} at (128,0) size 128x128 [stroke={[type=SOLID] [color=#FFCC33] [stroke width=2.00]}] [fill={[type=LINEAR-GRADIENT] [id="surface"]}] [x=41.00] [y=1.00] [width=38.00] [height=38.00]
          LayoutSVGText {text} at (52,8) size 16x24 contains 1 chunk(s)
            LayoutSVGInlineText {#text} at (0,0) size 15x23
              chunk 1 (middle anchor) text run 1 at (52.81,27.00) startOffset 0 endOffset 1 width 14.38: "N"
        LayoutSVGContainer {a} at (0,128) size 128x128
          LayoutSVGRect {rect} at (0,128) size 128x128 [stroke={[type=SOLID] [color=#FFCC33] [stroke width=2.00]}] [fill={[type=LINEAR-GRADIENT] [id="surface"]}] [x=1.00] [y=41.00] [width=38.00] [height=38.00]
          LayoutSVGText {text} at (14,48) size 12x24 contains 1 chunk(s)
            LayoutSVGInlineText {#text} at (0,0) size 12x23
              chunk 1 (middle anchor) text run 1 at (14.38,67.00) startOffset 0 endOffset 1 width 11.25: "P"
        LayoutSVGContainer {a} at (128,128) size 128x128
          LayoutSVGRect {rect} at (128,128) size 128x128 [stroke={[type=SOLID] [color=#FFCC33] [stroke width=2.00]}] [fill={[type=LINEAR-GRADIENT] [id="surface"]}] [x=41.00] [y=41.00] [width=38.00] [height=38.00]
          LayoutSVGText {text} at (52,48) size 16x24 contains 1 chunk(s)
            LayoutSVGInlineText {#text} at (0,0) size 15x23
              chunk 1 (middle anchor) text run 1 at (52.81,67.00) startOffset 0 endOffset 1 width 14.38: "O"
layer at (521,513) size 256x192 backgroundClip at (0,0) size 785x600 clip at (0,0) size 785x600
  LayoutEmbeddedObject (floating) {object} at (0,256) size 256.30x192
    layer at (0,0) size 256x192
      LayoutView at (0,0) size 256x192
    layer at (0,0) size 256x192
      LayoutSVGRoot {svg} at (0,0) size 256x192
        LayoutSVGHiddenContainer {defs} at (0,0) size 0x0
          LayoutSVGResourceLinearGradient {linearGradient} [id="surface"] [gradientUnits=objectBoundingBox] [start=(1,0)] [end=(1,1)]
            LayoutSVGGradientStop {stop} [offset=0.00] [color=#FFFFFF]
            LayoutSVGGradientStop {stop} [offset=1.00] [color=#FFEEAA]
        LayoutSVGEllipse {ellipse} at (0,0) size 256x192 [stroke={[type=SOLID] [color=#FFCC33] [stroke width=2.00]}] [fill={[type=LINEAR-GRADIENT] [id="surface"]}] [cx=40.00] [cy=30.00] [rx=39.00] [ry=29.00]
        LayoutSVGText {text} at (32,18) size 16x24 contains 1 chunk(s)
          LayoutSVGInlineText {#text} at (0,0) size 15x23
            chunk 1 (middle anchor) text run 1 at (32.81,37.00) startOffset 0 endOffset 1 width 14.38: "Q"
layer at (264,705) size 385x128 backgroundClip at (0,0) size 785x600 clip at (0,0) size 785x600
  LayoutEmbeddedObject (floating) {object} at (256.30,576) size 384.50x128
    layer at (0,0) size 385x128
      LayoutView at (0,0) size 385x128
    layer at (0,0) size 385x128
      LayoutSVGRoot {svg} at (0,0) size 385x128
        LayoutSVGHiddenContainer {defs} at (0,0) size 0x0
          LayoutSVGResourceLinearGradient {linearGradient} [id="surface"] [gradientUnits=objectBoundingBox] [start=(1,0)] [end=(1,1)]
            LayoutSVGGradientStop {stop} [offset=0.00] [color=#FFFFFF]
            LayoutSVGGradientStop {stop} [offset=1.00] [color=#FFEEAA]
        LayoutSVGRect {rect} at (0,0) size 385x128 [stroke={[type=SOLID] [color=#FFCC33] [stroke width=2.00]}] [fill={[type=LINEAR-GRADIENT] [id="surface"]}] [x=1.00] [y=1.00] [width=118.00] [height=38.00]
        LayoutSVGText {text} at (54,8) size 12x24 contains 1 chunk(s)
          LayoutSVGInlineText {#text} at (0,0) size 11x23
            chunk 1 (middle anchor) text run 1 at (54.53,27.00) startOffset 0 endOffset 1 width 10.94: "F"
layer at (8,833) size 385x128 backgroundClip at (0,0) size 785x600 clip at (0,0) size 785x600
  LayoutEmbeddedObject (floating) {object} at (0,704) size 384.50x128
    layer at (0,0) size 385x128
      LayoutView at (0,0) size 385x128
    layer at (0,0) size 385x128
      LayoutSVGRoot {svg} at (0,0) size 385x128
        LayoutSVGHiddenContainer {defs} at (0,0) size 0x0
          LayoutSVGResourceLinearGradient {linearGradient} [id="surface"] [gradientUnits=objectBoundingBox] [start=(1,0)] [end=(1,1)]
            LayoutSVGGradientStop {stop} [offset=0.00] [color=#FFFFFF]
            LayoutSVGGradientStop {stop} [offset=1.00] [color=#FFEEAA]
        LayoutSVGRect {rect} at (0,0) size 385x128 [stroke={[type=SOLID] [color=#FFCC33] [stroke width=2.00]}] [fill={[type=LINEAR-GRADIENT] [id="surface"]}] [x=1.00] [y=1.00] [width=118.00] [height=38.00]
        LayoutSVGText {text} at (56,8) size 8x24 contains 1 chunk(s)
          LayoutSVGInlineText {#text} at (0,0) size 7x23
            chunk 1 (middle anchor) text run 1 at (56.88,27.00) startOffset 0 endOffset 1 width 6.25: "I"
layer at (393,833) size 96x192 backgroundClip at (0,0) size 785x600 clip at (0,0) size 785x600
  LayoutEmbeddedObject (floating) {object} at (0,0) size 96.13x192
    layer at (0,0) size 96x192
      LayoutView at (0,0) size 96x192
    layer at (0,0) size 96x192
      LayoutSVGRoot {svg} at (0,0) size 96x192
        LayoutSVGHiddenContainer {defs} at (0,0) size 0x0
          LayoutSVGResourceLinearGradient {linearGradient} [id="surface"] [gradientUnits=objectBoundingBox] [start=(1,0)] [end=(1,1)]
            LayoutSVGGradientStop {stop} [offset=0.00] [color=#FFFFFF]
            LayoutSVGGradientStop {stop} [offset=1.00] [color=#FFEEAA]
        LayoutSVGRect {rect} at (0,0) size 96x192 [stroke={[type=SOLID] [color=#FFCC33] [stroke width=2.00]}] [fill={[type=LINEAR-GRADIENT] [id="surface"]}] [x=1.00] [y=1.00] [width=28.00] [height=58.00]
layer at (489,833) size 289x192 backgroundClip at (0,0) size 785x600 clip at (0,0) size 785x600
  LayoutEmbeddedObject (floating) {object} at (96.13,0) size 288.38x192
    layer at (0,0) size 288x192
      LayoutView at (0,0) size 288x192
    layer at (0,0) size 288x192
      LayoutSVGRoot {svg} at (0,0) size 288x192
        LayoutSVGHiddenContainer {defs} at (0,0) size 0x0
          LayoutSVGResourceLinearGradient {linearGradient} [id="surface"] [gradientUnits=objectBoundingBox] [start=(1,0)] [end=(1,1)]
            LayoutSVGGradientStop {stop} [offset=0.00] [color=#FFFFFF]
            LayoutSVGGradientStop {stop} [offset=1.00] [color=#FFEEAA]
        LayoutSVGRect {rect} at (0,0) size 288x192 [stroke={[type=SOLID] [color=#FFCC33] [stroke width=2.00]}] [fill={[type=LINEAR-GRADIENT] [id="surface"]}] [x=1.00] [y=1.00] [width=88.00] [height=58.00]
        LayoutSVGText {text} at (37,18) size 16x24 contains 1 chunk(s)
          LayoutSVGInlineText {#text} at (0,0) size 15x23
            chunk 1 (middle anchor) text run 1 at (37.81,37.00) startOffset 0 endOffset 1 width 14.38: "G"
layer at (8,1025) size 192x192 backgroundClip at (0,0) size 785x600 clip at (0,0) size 785x600
  LayoutEmbeddedObject (floating) {object} at (0,0) size 192.25x192
    layer at (0,0) size 192x192
      LayoutView at (0,0) size 192x192
    layer at (0,0) size 192x192
      LayoutSVGRoot {svg} at (0,0) size 192x192
        LayoutSVGHiddenContainer {defs} at (0,0) size 0x0
          LayoutSVGResourceLinearGradient {linearGradient} [id="surface"] [gradientUnits=objectBoundingBox] [start=(1,0)] [end=(1,1)]
            LayoutSVGGradientStop {stop} [offset=0.00] [color=#FFFFFF]
            LayoutSVGGradientStop {stop} [offset=1.00] [color=#FFEEAA]
        LayoutSVGEllipse {ellipse} at (0,0) size 192x192 [stroke={[type=SOLID] [color=#FFCC33] [stroke width=2.00]}] [fill={[type=LINEAR-GRADIENT] [id="surface"]}] [cx=30.00] [cy=30.00] [rx=29.00] [ry=29.00]
        LayoutSVGText {text} at (22,18) size 16x24 contains 1 chunk(s)
          LayoutSVGInlineText {#text} at (0,0) size 15x23
            chunk 1 (middle anchor) text run 1 at (22.81,37.00) startOffset 0 endOffset 1 width 14.38: "H"
layer at (200,1025) size 193x192 backgroundClip at (0,0) size 785x600 clip at (0,0) size 785x600
  LayoutEmbeddedObject (floating) {object} at (192.25,0) size 192.25x192
    layer at (0,0) size 192x192
      LayoutView at (0,0) size 192x192
    layer at (0,0) size 192x192
      LayoutSVGRoot {svg} at (0,0) size 192x192
        LayoutSVGHiddenContainer {defs} at (0,0) size 0x0
          LayoutSVGResourceLinearGradient {linearGradient} [id="surface"] [gradientUnits=objectBoundingBox] [start=(1,0)] [end=(1,1)]
            LayoutSVGGradientStop {stop} [offset=0.00] [color=#FFFFFF]
            LayoutSVGGradientStop {stop} [offset=1.00] [color=#FFEEAA]
        LayoutSVGRect {rect} at (0,0) size 192x192 [stroke={[type=SOLID] [color=#FFCC33] [stroke width=2.00]}] [fill={[type=LINEAR-GRADIENT] [id="surface"]}] [x=1.00] [y=1.00] [width=58.00] [height=58.00]
        LayoutSVGText {text} at (23,18) size 14x24 contains 1 chunk(s)
          LayoutSVGInlineText {#text} at (0,0) size 14x23
            chunk 1 (middle anchor) text run 1 at (23.28,37.00) startOffset 0 endOffset 1 width 13.44: "R"
layer at (393,1025) size 192x128 backgroundClip at (0,0) size 785x600 clip at (0,0) size 785x600
  LayoutEmbeddedObject (floating) {object} at (384.50,896) size 192.25x128
    layer at (0,0) size 192x128
      LayoutView at (0,0) size 192x128
    layer at (0,0) size 192x128
      LayoutSVGRoot {svg} at (0,0) size 192x128
        LayoutSVGHiddenContainer {defs} at (0,0) size 0x0
          LayoutSVGResourceLinearGradient {linearGradient} [id="surface"] [gradientUnits=objectBoundingBox] [start=(1,0)] [end=(1,1)]
            LayoutSVGGradientStop {stop} [offset=0.00] [color=#FFFFFF]
            LayoutSVGGradientStop {stop} [offset=1.00] [color=#FFEEAA]
        LayoutSVGEllipse {ellipse} at (0,0) size 192x128 [stroke={[type=SOLID] [color=#FFCC33] [stroke width=2.00]}] [fill={[type=LINEAR-GRADIENT] [id="surface"]}] [cx=30.00] [cy=20.00] [rx=29.00] [ry=19.00]
layer at (585,1025) size 192x128 backgroundClip at (0,0) size 785x600 clip at (0,0) size 785x600
  LayoutEmbeddedObject (floating) {object} at (576.75,896) size 192.25x128
    layer at (0,0) size 192x128
      LayoutView at (0,0) size 192x128
    layer at (0,0) size 192x128
      LayoutSVGRoot {svg} at (0,0) size 192x128
        LayoutSVGHiddenContainer {defs} at (0,0) size 0x0
          LayoutSVGResourceLinearGradient {linearGradient} [id="surface"] [gradientUnits=objectBoundingBox] [start=(1,0)] [end=(1,1)]
            LayoutSVGGradientStop {stop} [offset=0.00] [color=#FFFFFF]
            LayoutSVGGradientStop {stop} [offset=1.00] [color=#FFEEAA]
        LayoutSVGEllipse {ellipse} at (0,0) size 192x128 [stroke={[type=SOLID] [color=#FFCC33] [stroke width=2.00]}] [fill={[type=LINEAR-GRADIENT] [id="surface"]}] [cx=30.00] [cy=20.00] [rx=29.00] [ry=19.00]
layer at (393,1153) size 288x128 backgroundClip at (0,0) size 785x600 clip at (0,0) size 785x600
  LayoutEmbeddedObject (floating) {object} at (0,0) size 288.38x128
    layer at (0,0) size 288x128
      LayoutView at (0,0) size 288x128
    layer at (0,0) size 288x128
      LayoutSVGRoot {svg} at (0,0) size 288x128
        LayoutSVGHiddenContainer {defs} at (0,0) size 0x0
          LayoutSVGResourceLinearGradient {linearGradient} [id="surface"] [gradientUnits=objectBoundingBox] [start=(1,0)] [end=(1,1)]
            LayoutSVGGradientStop {stop} [offset=0.00] [color=#FFFFFF]
            LayoutSVGGradientStop {stop} [offset=1.00] [color=#FFEEAA]
        LayoutSVGRect {rect} at (0,0) size 288x128 [stroke={[type=SOLID] [color=#FFCC33] [stroke width=2.00]}] [fill={[type=LINEAR-GRADIENT] [id="surface"]}] [x=1.00] [y=1.00] [width=88.00] [height=38.00]
        LayoutSVGText {text} at (39,8) size 12x24 contains 1 chunk(s)
          LayoutSVGInlineText {#text} at (0,0) size 12x23
            chunk 1 (middle anchor) text run 1 at (39.38,27.00) startOffset 0 endOffset 1 width 11.25: "S"
layer at (681,1153) size 97x128 backgroundClip at (0,0) size 785x600 clip at (0,0) size 785x600
  LayoutEmbeddedObject (floating) {object} at (288.38,0) size 96.13x128
    layer at (0,0) size 96x128
      LayoutView at (0,0) size 96x128
    layer at (0,0) size 96x128
      LayoutSVGRoot {svg} at (0,0) size 96x128
        LayoutSVGHiddenContainer {defs} at (0,0) size 0x0
          LayoutSVGResourceLinearGradient {linearGradient} [id="surface"] [gradientUnits=objectBoundingBox] [start=(1,0)] [end=(1,1)]
            LayoutSVGGradientStop {stop} [offset=0.00] [color=#FFFFFF]
            LayoutSVGGradientStop {stop} [offset=1.00] [color=#FFEEAA]
        LayoutSVGRect {rect} at (0,0) size 96x128 [stroke={[type=SOLID] [color=#FFCC33] [stroke width=2.00]}] [fill={[type=LINEAR-GRADIENT] [id="surface"]}] [x=1.00] [y=1.00] [width=28.00] [height=38.00]
        LayoutSVGText {text} at (8,8) size 14x24 contains 1 chunk(s)
          LayoutSVGInlineText {#text} at (0,0) size 13x23
            chunk 1 (middle anchor) text run 1 at (8.75,27.00) startOffset 0 endOffset 1 width 12.50: "T"
