layer at (0,0) size 800x600 scrollHeight 812
  LayoutView at (0,0) size 800x600
layer at (0,0) size 800x810 backgroundClip at (0,0) size 800x600 clip at (0,0) size 800x600
  LayoutBlockFlow {HTML} at (0,0) size 800x810
    LayoutBlockFlow {BODY} at (0,0) size 800x810
      LayoutBlockFlow {SPAN} at (0,0) size 200x810
        LayoutBlockFlow {DIV} at (0,0) size 200x810
          LayoutText {#text} at (0,-2) size 197x814
            text run at (0,-2) width 193: "This test verifies"
            text run at (0,28) width 134: "that display"
            text run at (0,58) width 94: "changes"
            text run at (0,88) width 99: "properly"
            text run at (0,118) width 156: "invalidate the"
            text run at (0,148) width 163: "text autosizer."
            text run at (0,178) width 182: "This test passes"
            text run at (0,208) width 189: "if this text is not"
            text run at (0,238) width 197: "overlapping with"
            text run at (0,268) width 151: "itself. Lorem"
            text run at (0,298) width 175: "ipsum dolor sit"
            text run at (0,328) width 65: "amet,"
            text run at (0,358) width 134: "consectetur"
            text run at (0,388) width 175: "adipisicing elit,"
            text run at (0,418) width 184: "sed do eiusmod"
            text run at (0,448) width 84: "tempor"
            text run at (0,478) width 148: "incididunt ut"
            text run at (0,508) width 185: "labore et dolore"
            text run at (0,538) width 164: "magna aliqua."
            text run at (0,568) width 132: "Ut enim ad"
            text run at (0,598) width 176: "minim veniam,"
            text run at (0,628) width 145: "quis nostrud"
            text run at (0,658) width 136: "exercitation"
            text run at (0,688) width 179: "ullamco laboris"
            text run at (0,718) width 193: "nisi ut aliquip ex"
            text run at (0,748) width 153: "ea commodo"
            text run at (0,778) width 126: "consequat."
