layer at (0,0) size 800x600
  LayoutView at (0,0) size 800x600
layer at (0,0) size 800x600
  LayoutBlockFlow {HTML} at (0,0) size 800x600
    LayoutBlockFlow {BODY} at (8,8) size 784x576
      LayoutBlockFlow {H1} at (0,0) size 784x37
        LayoutText {#text} at (0,0) size 419x36
          text run at (0,0) width 419: "Meters with various optimums"
      LayoutBlockFlow {P} at (0,58.44) size 784x18
        LayoutText {#text} at (0,0) size 264x17
          text run at (0,0) width 264: "(min=0, max=1000, low=300, high=600)"
      LayoutBlockFlow {H2} at (0,96.34) size 784x27
        LayoutText {#text} at (0,0) size 144x26
          text run at (0,0) width 144: "optimum=450"
      LayoutBlockFlow {UL} at (0,143.25) size 784x90
        LayoutListItem {LI} at (40,0) size 744x18
          LayoutListMarker (anonymous) at (-17,0) size 7x17: bullet
          LayoutText {#text} at (0,0) size 77x17
            text run at (0,0) width 77: "value=150: "
          LayoutBlockFlow {METER} at (76.11,1.19) size 80x16
            LayoutMeter {DIV} at (0,0) size 80x16
              LayoutBlockFlow {DIV} at (0,0) size 80x16
                LayoutBlockFlow {DIV} at (0,0) size 20x16
        LayoutListItem {LI} at (40,18) size 744x18
          LayoutListMarker (anonymous) at (-17,0) size 7x17: bullet
          LayoutText {#text} at (0,0) size 77x17
            text run at (0,0) width 77: "value=450: "
          LayoutBlockFlow {METER} at (76.11,1.19) size 80x16
            LayoutMeter {DIV} at (0,0) size 80x16
              LayoutBlockFlow {DIV} at (0,0) size 80x16
                LayoutBlockFlow {DIV} at (0,0) size 36x16
        LayoutListItem {LI} at (40,36) size 744x18
          LayoutListMarker (anonymous) at (-17,0) size 7x17: bullet
          LayoutText {#text} at (0,0) size 77x17
            text run at (0,0) width 77: "value=750: "
          LayoutBlockFlow {METER} at (76.11,1.19) size 80x16
            LayoutMeter {DIV} at (0,0) size 80x16
              LayoutBlockFlow {DIV} at (0,0) size 80x16
                LayoutBlockFlow {DIV} at (0,0) size 60x16
        LayoutListItem {LI} at (40,54) size 744x18
          LayoutListMarker (anonymous) at (-17,0) size 7x17: bullet
          LayoutText {#text} at (0,0) size 61x17
            text run at (0,0) width 61: "value=0: "
          LayoutBlockFlow {METER} at (60.11,1.19) size 80x16
            LayoutMeter {DIV} at (0,0) size 80x16
              LayoutBlockFlow {DIV} at (0,0) size 80x16
                LayoutBlockFlow {DIV} at (0,0) size 0x16
        LayoutListItem {LI} at (40,72) size 744x18
          LayoutListMarker (anonymous) at (-17,0) size 7x17: bullet
          LayoutText {#text} at (0,0) size 85x17
            text run at (0,0) width 85: "value=1000: "
          LayoutBlockFlow {METER} at (84.11,1.19) size 80x16
            LayoutMeter {DIV} at (0,0) size 80x16
              LayoutBlockFlow {DIV} at (0,0) size 80x16
                LayoutBlockFlow {DIV} at (0,0) size 80x16
      LayoutBlockFlow {H2} at (0,253.16) size 784x27
        LayoutText {#text} at (0,0) size 144x26
          text run at (0,0) width 144: "optimum=150"
      LayoutBlockFlow {UL} at (0,300.06) size 784x90
        LayoutListItem {LI} at (40,0) size 744x18
          LayoutListMarker (anonymous) at (-17,0) size 7x17: bullet
          LayoutText {#text} at (0,0) size 77x17
            text run at (0,0) width 77: "value=150: "
          LayoutBlockFlow {METER} at (76.11,1.19) size 80x16
            LayoutMeter {DIV} at (0,0) size 80x16
              LayoutBlockFlow {DIV} at (0,0) size 80x16
                LayoutBlockFlow {DIV} at (0,0) size 20x16
        LayoutListItem {LI} at (40,18) size 744x18
          LayoutListMarker (anonymous) at (-17,0) size 7x17: bullet
          LayoutText {#text} at (0,0) size 77x17
            text run at (0,0) width 77: "value=450: "
          LayoutBlockFlow {METER} at (76.11,1.19) size 80x16
            LayoutMeter {DIV} at (0,0) size 80x16
              LayoutBlockFlow {DIV} at (0,0) size 80x16
                LayoutBlockFlow {DIV} at (0,0) size 36x16
        LayoutListItem {LI} at (40,36) size 744x18
          LayoutListMarker (anonymous) at (-17,0) size 7x17: bullet
          LayoutText {#text} at (0,0) size 77x17
            text run at (0,0) width 77: "value=750: "
          LayoutBlockFlow {METER} at (76.11,1.19) size 80x16
            LayoutMeter {DIV} at (0,0) size 80x16
              LayoutBlockFlow {DIV} at (0,0) size 80x16
                LayoutBlockFlow {DIV} at (0,0) size 60x16
        LayoutListItem {LI} at (40,54) size 744x18
          LayoutListMarker (anonymous) at (-17,0) size 7x17: bullet
          LayoutText {#text} at (0,0) size 61x17
            text run at (0,0) width 61: "value=0: "
          LayoutBlockFlow {METER} at (60.11,1.19) size 80x16
            LayoutMeter {DIV} at (0,0) size 80x16
              LayoutBlockFlow {DIV} at (0,0) size 80x16
                LayoutBlockFlow {DIV} at (0,0) size 0x16
        LayoutListItem {LI} at (40,72) size 744x18
          LayoutListMarker (anonymous) at (-17,0) size 7x17: bullet
          LayoutText {#text} at (0,0) size 85x17
            text run at (0,0) width 85: "value=1000: "
          LayoutBlockFlow {METER} at (84.11,1.19) size 80x16
            LayoutMeter {DIV} at (0,0) size 80x16
              LayoutBlockFlow {DIV} at (0,0) size 80x16
                LayoutBlockFlow {DIV} at (0,0) size 80x16
      LayoutBlockFlow {H2} at (0,409.97) size 784x27
        LayoutText {#text} at (0,0) size 144x26
          text run at (0,0) width 144: "optimum=750"
      LayoutBlockFlow {UL} at (0,456.88) size 784x90
        LayoutListItem {LI} at (40,0) size 744x18
          LayoutListMarker (anonymous) at (-17,0) size 7x17: bullet
          LayoutText {#text} at (0,0) size 77x17
            text run at (0,0) width 77: "value=150: "
          LayoutBlockFlow {METER} at (76.11,1.19) size 80x16
            LayoutMeter {DIV} at (0,0) size 80x16
              LayoutBlockFlow {DIV} at (0,0) size 80x16
                LayoutBlockFlow {DIV} at (0,0) size 20x16
        LayoutListItem {LI} at (40,18) size 744x18
          LayoutListMarker (anonymous) at (-17,0) size 7x17: bullet
          LayoutText {#text} at (0,0) size 77x17
            text run at (0,0) width 77: "value=450: "
          LayoutBlockFlow {METER} at (76.11,1.19) size 80x16
            LayoutMeter {DIV} at (0,0) size 80x16
              LayoutBlockFlow {DIV} at (0,0) size 80x16
                LayoutBlockFlow {DIV} at (0,0) size 36x16
        LayoutListItem {LI} at (40,36) size 744x18
          LayoutListMarker (anonymous) at (-17,0) size 7x17: bullet
          LayoutText {#text} at (0,0) size 77x17
            text run at (0,0) width 77: "value=750: "
          LayoutBlockFlow {METER} at (76.11,1.19) size 80x16
            LayoutMeter {DIV} at (0,0) size 80x16
              LayoutBlockFlow {DIV} at (0,0) size 80x16
                LayoutBlockFlow {DIV} at (0,0) size 60x16
        LayoutListItem {LI} at (40,54) size 744x18
          LayoutListMarker (anonymous) at (-17,0) size 7x17: bullet
          LayoutText {#text} at (0,0) size 61x17
            text run at (0,0) width 61: "value=0: "
          LayoutBlockFlow {METER} at (60.11,1.19) size 80x16
            LayoutMeter {DIV} at (0,0) size 80x16
              LayoutBlockFlow {DIV} at (0,0) size 80x16
                LayoutBlockFlow {DIV} at (0,0) size 0x16
        LayoutListItem {LI} at (40,72) size 744x18
          LayoutListMarker (anonymous) at (-17,0) size 7x17: bullet
          LayoutText {#text} at (0,0) size 85x17
            text run at (0,0) width 85: "value=1000: "
          LayoutBlockFlow {METER} at (84.11,1.19) size 80x16
            LayoutMeter {DIV} at (0,0) size 80x16
              LayoutBlockFlow {DIV} at (0,0) size 80x16
                LayoutBlockFlow {DIV} at (0,0) size 80x16
