layer at (0,0) size 800x600
  LayoutView at (0,0) size 800x600
layer at (0,0) size 800x600
  LayoutBlockFlow {HTML} at (0,0) size 800x600
    LayoutBlockFlow {BODY} at (8,8) size 784x584
      LayoutBlockFlow {P} at (0,0) size 784x18
        LayoutText {#text} at (0,0) size 113x17
          text run at (0,0) width 113: "Tests: the bdo tag"
      LayoutBlockFlow {P} at (0,34) size 784x18
        LayoutText {#text} at (0,0) size 336x17
          text run at (0,0) width 336: "The bdo element overrides the default text direction."
      LayoutBlockFlow {P} at (0,68) size 784x36
        LayoutText {#text} at (0,0) size 774x35
          text run at (0,0) width 739: "If successful, the first sentence would be backward, and the second sentence regular. There should then be an extra "
          text run at (738,0) width 36: "blank"
          text run at (0,18) width 706: "line, followed by a line reading only \"A,\" and finally, a sentence where only the word \"umbrella\" is backward."
      LayoutBlockFlow {HR} at (0,120) size 784x2 [border: (1px inset #EEEEEE)]
      LayoutBlockFlow (anonymous) at (0,130) size 784x108
        LayoutBR {BR} at (0,0) size 0x17
        LayoutInline {BDO} at (0,0) size 224x17
          LayoutText {#text} at (0,18) size 224x17
            text run at (0,18) width 224 RTL override: "This sentence should be backward."
        LayoutText {#text} at (223,18) size 5x17
          text run at (223,18) width 5: " "
        LayoutBR {BR} at (227,32) size 1x0
        LayoutInline {BDO} at (0,0) size 212x17
          LayoutText {#text} at (0,36) size 212x17
            text run at (0,36) width 212 LTR override: "This sentence should be forward."
        LayoutText {#text} at (211,36) size 5x17
          text run at (211,36) width 5: " "
        LayoutBR {BR} at (215,50) size 1x0
        LayoutInline {BDO} at (0,0) size 0x0
        LayoutText {#text} at (0,0) size 0x0
        LayoutBR {BR} at (0,54) size 0x17
        LayoutInline {BDO} at (0,0) size 12x17
          LayoutText {#text} at (0,72) size 12x17
            text run at (0,72) width 12 RTL override: "A"
        LayoutText {#text} at (11,72) size 5x17
          text run at (11,72) width 5: " "
        LayoutBR {BR} at (15,86) size 1x0
        LayoutInline {BDO} at (0,0) size 297x17
          LayoutText {#text} at (0,90) size 27x17
            text run at (0,90) width 27 LTR override: "My "
          LayoutInline {BDO} at (0,0) size 58x17
            LayoutText {#text} at (26,90) size 58x17
              text run at (26,90) width 58 RTL override: "umbrella"
          LayoutText {#text} at (83,90) size 214x17
            text run at (83,90) width 214 LTR override: " sure would be useful in this rain."
        LayoutText {#text} at (0,0) size 0x0
