layer at (0,0) size 800x600
  LayoutView at (0,0) size 800x600
layer at (0,0) size 800x600
  LayoutBlockFlow {HTML} at (0,0) size 800x600
    LayoutBlockFlow {BODY} at (8,8) size 784x584
      LayoutMenuList {SELECT} at (0,1) size 59x18 [bgcolor=#F8F8F8]
        LayoutBlockFlow (anonymous) at (0,0) size 59x18
          LayoutText (anonymous) at (8,2) size 28x13
            text run at (8,2) width 28: "Hello"
      LayoutText {#text} at (59,0) size 4x18
        text run at (59,0) width 4: " "
      LayoutMenuList {SELECT} at (63,1) size 79x18 [bgcolor=#F8F8F8]
        LayoutBlockFlow (anonymous) at (0,0) size 79x18
          LayoutText (anonymous) at (8,2) size 48x13
            text run at (8,2) width 48: "Goodbye"
      LayoutText {#text} at (0,0) size 0x0
