layer at (0,0) size 800x600 clip at (0,0) size 785x600 scrollHeight 1426
  LayoutView at (0,0) size 800x600
layer at (0,0) size 785x1426 backgroundClip at (0,0) size 785x600 clip at (0,0) size 785x600
  LayoutBlockFlow {HTML} at (0,0) size 785x1426
    LayoutBlockFlow {BODY} at (0,0) size 785x1426
      LayoutText {#text} at (0,0) size 0x0
layer at (0,0) size 785x742 backgroundClip at (0,0) size 785x600 clip at (0,0) size 785x600
  LayoutIFrame {IFRAME} at (0,0) size 785x742
    layer at (0,0) size 785x742
      LayoutView at (0,0) size 785x742
    layer at (0,0) size 785x717
      LayoutBlockFlow {HTML} at (0,0) size 785x717
        LayoutBlockFlow {BODY} at (0,5) size 785x712
          LayoutBlockFlow {DIV} at (0,0) size 785x18
            LayoutText {#text} at (0,0) size 196x18
              text run at (0,0) width 196: "CompatMode: CSS1Compat"
          LayoutBlockFlow (anonymous) at (0,23) size 785x689
            LayoutBlockFlow {DIV} at (0,30) size 163x51 [border: (1px solid #0000FF)]
              LayoutBlockFlow {SPAN} at (1,12) size 80x0
              LayoutBR {BR} at (81,1) size 0x14
            LayoutBlockFlow {DIV} at (163,30) size 163x51 [border: (1px solid #0000FF)]
              LayoutBlockFlow {SPAN} at (1,1) size 80x14
                LayoutText {#text} at (0,0) size 78x14
                  text run at (0,0) width 78: "disabled: \"true\","
              LayoutBR {BR} at (81,1) size 0x14
            LayoutBlockFlow {DIV} at (326,0) size 179x81 [border: (1px solid #0000FF)]
              LayoutBlockFlow {SPAN} at (1,1) size 80x28
                LayoutText {#text} at (0,0) size 79x28
                  text run at (0,0) width 26: "style:"
                  text run at (0,14) width 79: "\"padding:10px\","
              LayoutBR {BR} at (81,15) size 0x14
            LayoutBlockFlow {DIV} at (505,20) size 159x61 [border: (1px solid #0000FF)]
              LayoutBlockFlow {SPAN} at (1,1) size 80x28
                LayoutText {#text} at (0,0) size 73x28
                  text run at (0,0) width 26: "style:"
                  text run at (0,14) width 73: "\"padding:0px\","
              LayoutBR {BR} at (81,15) size 0x14
            LayoutBlockFlow {DIV} at (0,111) size 183x85 [border: (1px solid #0000FF)]
              LayoutBlockFlow {SPAN} at (1,1) size 80x28
                LayoutText {#text} at (0,0) size 74x28
                  text run at (0,0) width 26: "style:"
                  text run at (0,14) width 74: "\"margin:10px\","
              LayoutBR {BR} at (81,15) size 0x14
            LayoutBlockFlow {DIV} at (183,131) size 163x65 [border: (1px solid #0000FF)]
              LayoutBlockFlow {SPAN} at (1,1) size 80x28
                LayoutText {#text} at (0,0) size 68x28
                  text run at (0,0) width 26: "style:"
                  text run at (0,14) width 68: "\"margin:0px\","
              LayoutBR {BR} at (81,15) size 0x14
            LayoutBlockFlow {DIV} at (346,131) size 82x65 [border: (1px solid #0000FF)]
              LayoutBlockFlow {SPAN} at (1,1) size 80x28
                LayoutText {#text} at (0,0) size 68x28
                  text run at (0,0) width 26: "style:"
                  text run at (0,14) width 68: "\"width:60px\","
              LayoutBR {BR} at (81,15) size 0x14
            LayoutBlockFlow {DIV} at (428,81) size 104x115 [border: (1px solid #0000FF)]
              LayoutBlockFlow {SPAN} at (1,1) size 80x42
                LayoutText {#text} at (0,0) size 74x42
                  text run at (0,0) width 26: "style:"
                  text run at (0,14) width 63: "\"width:60px;"
                  text run at (0,28) width 74: "padding:20px\","
              LayoutBR {BR} at (81,29) size 0x14
            LayoutBlockFlow {DIV} at (532,121) size 82x75 [border: (1px solid #0000FF)]
              LayoutBlockFlow {SPAN} at (1,1) size 80x42
                LayoutText {#text} at (0,0) size 63x42
                  text run at (0,0) width 26: "style:"
                  text run at (0,14) width 63: "\"width:60px;"
                  text run at (0,28) width 56: "padding:0\","
              LayoutBR {BR} at (81,29) size 0x14
            LayoutBlockFlow {DIV} at (614,97) size 163x99 [border: (1px solid #0000FF)]
              LayoutBlockFlow {SPAN} at (1,1) size 80x28
                LayoutText {#text} at (0,0) size 71x28
                  text run at (0,0) width 26: "style:"
                  text run at (0,14) width 71: "\"height:60px\","
              LayoutBR {BR} at (81,15) size 0x14
            LayoutBlockFlow {DIV} at (0,210) size 82x113 [border: (1px solid #0000FF)]
              LayoutBlockFlow {SPAN} at (1,1) size 80x42
                LayoutText {#text} at (0,0) size 66x42
                  text run at (0,0) width 26: "style:"
                  text run at (0,14) width 63: "\"width:60px;"
                  text run at (0,28) width 66: "height:60px\","
              LayoutBR {BR} at (81,29) size 0x14
            LayoutBlockFlow {DIV} at (82,258) size 163x65 [border: (1px solid #0000FF)]
              LayoutBlockFlow {SPAN} at (1,1) size 80x28
                LayoutText {#text} at (0,0) size 92x28
                  text run at (0,0) width 26: "style:"
                  text run at (0,14) width 92: "\"overflow:hidden\","
              LayoutBR {BR} at (81,15) size 0x14
            LayoutBlockFlow {DIV} at (245,243) size 163x80 [border: (1px solid #0000FF)]
              LayoutBlockFlow {SPAN} at (1,1) size 80x28
                LayoutText {#text} at (0,0) size 86x28
                  text run at (0,0) width 26: "style:"
                  text run at (0,14) width 86: "\"overflow:scroll\","
              LayoutBR {BR} at (81,15) size 0x14
            LayoutBlockFlow {DIV} at (408,196) size 82x127 [border: (1px solid #0000FF)]
              LayoutBlockFlow {SPAN} at (1,1) size 80x56
                LayoutText {#text} at (0,0) size 87x56
                  text run at (0,0) width 26: "style:"
                  text run at (0,14) width 87: "\"overflow:hidden;"
                  text run at (0,28) width 58: "width:60px;"
                  text run at (0,42) width 66: "height:60px\","
              LayoutBR {BR} at (81,43) size 0x14
            LayoutBlockFlow {DIV} at (490,196) size 82x127 [border: (1px solid #0000FF)]
              LayoutBlockFlow {SPAN} at (1,1) size 80x56
                LayoutText {#text} at (0,0) size 81x56
                  text run at (0,0) width 26: "style:"
                  text run at (0,14) width 81: "\"overflow:scroll;"
                  text run at (0,28) width 58: "width:60px;"
                  text run at (0,42) width 66: "height:60px\","
              LayoutBR {BR} at (81,43) size 0x14
            LayoutBlockFlow {DIV} at (572,210) size 82x113 [border: (1px solid #0000FF)]
              LayoutBlockFlow {SPAN} at (1,1) size 80x42
                LayoutText {#text} at (0,0) size 74x42
                  text run at (0,0) width 74: "cols: \"5\", style:"
                  text run at (0,14) width 63: "\"width:60px;"
                  text run at (0,28) width 66: "height:60px\","
              LayoutBR {BR} at (81,29) size 0x14
            LayoutBlockFlow {DIV} at (654,210) size 82x113 [border: (1px solid #0000FF)]
              LayoutBlockFlow {SPAN} at (1,1) size 80x42
                LayoutText {#text} at (0,0) size 78x42
                  text run at (0,0) width 78: "rows: \"4\", style:"
                  text run at (0,14) width 63: "\"width:60px;"
                  text run at (0,28) width 66: "height:60px\","
              LayoutBR {BR} at (81,29) size 0x14
            LayoutBlockFlow {DIV} at (0,323) size 82x127 [border: (1px solid #0000FF)]
              LayoutBlockFlow {SPAN} at (1,1) size 80x56
                LayoutText {#text} at (0,0) size 75x56
                  text run at (0,0) width 75: "cols: \"5\", rows:"
                  text run at (0,14) width 48: "\"4\", style:"
                  text run at (0,28) width 63: "\"width:60px;"
                  text run at (0,42) width 66: "height:60px\","
              LayoutBR {BR} at (81,43) size 0x14
            LayoutBlockFlow {DIV} at (82,399) size 82x51 [border: (1px solid #0000FF)]
              LayoutBlockFlow {SPAN} at (1,1) size 80x14
                LayoutText {#text} at (0,0) size 45x14
                  text run at (0,0) width 45: "cols: \"3\","
              LayoutBR {BR} at (81,1) size 0x14
            LayoutBlockFlow {DIV} at (164,386) size 163x64 [border: (1px solid #0000FF)]
              LayoutBlockFlow {SPAN} at (1,1) size 80x14
                LayoutText {#text} at (0,0) size 49x14
                  text run at (0,0) width 49: "rows: \"3\","
              LayoutBR {BR} at (81,1) size 0x14
            LayoutBlockFlow {DIV} at (327,399) size 82x51 [border: (1px solid #0000FF)]
              LayoutBlockFlow {SPAN} at (1,1) size 80x14
                LayoutText {#text} at (0,0) size 45x14
                  text run at (0,0) width 45: "cols: \"7\","
              LayoutBR {BR} at (81,1) size 0x14
            LayoutBlockFlow {DIV} at (409,334) size 163x116 [border: (1px solid #0000FF)]
              LayoutBlockFlow {SPAN} at (1,1) size 80x14
                LayoutText {#text} at (0,0) size 49x14
                  text run at (0,0) width 49: "rows: \"7\","
              LayoutBR {BR} at (81,1) size 0x14
            LayoutBlockFlow {DIV} at (572,359) size 82x91 [border: (1px solid #0000FF)]
              LayoutBlockFlow {SPAN} at (1,1) size 80x28
                LayoutText {#text} at (0,0) size 75x28
                  text run at (0,0) width 75: "cols: \"5\", rows:"
                  text run at (0,14) width 19: "\"4\","
              LayoutBR {BR} at (81,15) size 0x14
            LayoutBlockFlow {DIV} at (0,450) size 163x66 [border: (1px solid #0000FF)]
              LayoutBlockFlow {SPAN} at (1,1) size 80x14
                LayoutText {#text} at (0,0) size 57x14
                  text run at (0,0) width 57: "wrap: \"off\","
              LayoutBR {BR} at (81,1) size 0x14
            LayoutBlockFlow {DIV} at (163,465) size 163x51 [border: (1px solid #0000FF)]
              LayoutBlockFlow {SPAN} at (1,1) size 80x14
                LayoutText {#text} at (0,0) size 65x14
                  text run at (0,0) width 65: "wrap: \"hard\","
              LayoutBR {BR} at (81,1) size 0x14
            LayoutBlockFlow {DIV} at (326,465) size 163x51 [border: (1px solid #0000FF)]
              LayoutBlockFlow {SPAN} at (1,1) size 80x14
                LayoutText {#text} at (0,0) size 62x14
                  text run at (0,0) width 62: "wrap: \"soft\","
              LayoutBR {BR} at (81,1) size 0x14
            LayoutBlockFlow {DIV} at (489,451) size 163x65 [border: (1px solid #0000FF)]
              LayoutBlockFlow {SPAN} at (1,1) size 80x28
                LayoutText {#text} at (0,0) size 72x28
                  text run at (0,0) width 65: "style: \"white-"
                  text run at (0,14) width 72: "space:normal\","
              LayoutBR {BR} at (81,15) size 0x14
            LayoutBlockFlow {DIV} at (0,516) size 163x65 [border: (1px solid #0000FF)]
              LayoutBlockFlow {SPAN} at (1,1) size 80x28
                LayoutText {#text} at (0,0) size 65x28
                  text run at (0,0) width 65: "style: \"white-"
                  text run at (0,14) width 54: "space:pre\","
              LayoutBR {BR} at (81,15) size 0x14
            LayoutBlockFlow {DIV} at (163,516) size 163x65 [border: (1px solid #0000FF)]
              LayoutBlockFlow {SPAN} at (1,1) size 80x28
                LayoutText {#text} at (0,0) size 78x28
                  text run at (0,0) width 65: "style: \"white-"
                  text run at (0,14) width 78: "space:prewrap\","
              LayoutBR {BR} at (81,15) size 0x14
            LayoutBlockFlow {DIV} at (326,516) size 163x65 [border: (1px solid #0000FF)]
              LayoutBlockFlow {SPAN} at (1,1) size 80x28
                LayoutText {#text} at (0,0) size 74x28
                  text run at (0,0) width 65: "style: \"white-"
                  text run at (0,14) width 74: "space:nowrap\","
              LayoutBR {BR} at (81,15) size 0x14
            LayoutBlockFlow {DIV} at (489,516) size 163x65 [border: (1px solid #0000FF)]
              LayoutBlockFlow {SPAN} at (1,1) size 80x28
                LayoutText {#text} at (0,0) size 76x28
                  text run at (0,0) width 65: "style: \"white-"
                  text run at (0,14) width 76: "space:pre-line\","
              LayoutBR {BR} at (81,15) size 0x14
            LayoutBlockFlow {DIV} at (0,609) size 163x80 [border: (1px solid #0000FF)]
              LayoutBlockFlow {SPAN} at (1,1) size 80x28
                LayoutText {#text} at (0,0) size 70x28
                  text run at (0,0) width 63: "style: \"word-"
                  text run at (0,14) width 70: "wrap:normal\","
              LayoutBR {BR} at (81,15) size 0x14
            LayoutBlockFlow {DIV} at (163,581) size 163x108 [border: (1px solid #0000FF)]
              LayoutBlockFlow {SPAN} at (1,1) size 80x56
                LayoutText {#text} at (0,0) size 65x56
                  text run at (0,0) width 57: "wrap: \"off\","
                  text run at (0,14) width 65: "style: \"white-"
                  text run at (0,28) width 50: "space:pre-"
                  text run at (0,42) width 32: "wrap\","
              LayoutBR {BR} at (81,43) size 0x14
    layer at (1,73) size 161x32 clip at (2,74) size 159x30
      LayoutTextControl {TEXTAREA} at (1,15) size 161x32 [bgcolor=#FFFFFF] [border: (1px solid #000000)]
        LayoutBlockFlow {DIV} at (3,3) size 155x13
          LayoutText {#text} at (0,0) size 102x13
            text run at (0,0) width 102: "Lorem ipsum dolor"
    layer at (164,73) size 161x32 clip at (165,74) size 144x30 scrollHeight 56
      LayoutTextControl {TEXTAREA} at (1,15) size 161x32 [color=#545454] [bgcolor=#FFFFFF] [border: (1px solid #545454)]
        LayoutBlockFlow {DIV} at (3,3) size 140x52
          LayoutText {#text} at (0,0) size 138x52
            text run at (0,0) width 105: "Lorem ipsum  dolor"
            text run at (104,0) width 5: " "
            text run at (0,13) width 138: "ABCDEFGHIJKLMNOPQRST"
            text run at (0,26) width 45: "UVWXYZ"
            text run at (44,26) width 5: " "
            text run at (0,39) width 130: "abcdefghijklmnopqrstuv"
    layer at (327,57) size 177x48 clip at (328,58) size 160x46 scrollHeight 72
      LayoutTextControl {TEXTAREA} at (1,29) size 177x48 [bgcolor=#FFFFFF] [border: (1px solid #000000)]
        LayoutBlockFlow {DIV} at (11,11) size 140x52
          LayoutText {#text} at (0,0) size 138x52
            text run at (0,0) width 105: "Lorem ipsum  dolor"
            text run at (104,0) width 5: " "
            text run at (0,13) width 138: "ABCDEFGHIJKLMNOPQRST"
            text run at (0,26) width 45: "UVWXYZ"
            text run at (44,26) width 5: " "
            text run at (0,39) width 130: "abcdefghijklmnopqrstuv"
    layer at (506,77) size 157x28 clip at (507,78) size 140x26 scrollHeight 52
      LayoutTextControl {TEXTAREA} at (1,29) size 157x28 [bgcolor=#FFFFFF] [border: (1px solid #000000)]
        LayoutBlockFlow {DIV} at (1,1) size 140x52
          LayoutText {#text} at (0,0) size 138x52
            text run at (0,0) width 105: "Lorem ipsum  dolor"
            text run at (104,0) width 5: " "
            text run at (0,13) width 138: "ABCDEFGHIJKLMNOPQRST"
            text run at (0,26) width 45: "UVWXYZ"
            text run at (44,26) width 5: " "
            text run at (0,39) width 130: "abcdefghijklmnopqrstuv"
    layer at (11,178) size 161x32 clip at (12,179) size 144x30 scrollHeight 56
      LayoutTextControl {TEXTAREA} at (11,39) size 161x32 [bgcolor=#FFFFFF] [border: (1px solid #000000)]
        LayoutBlockFlow {DIV} at (3,3) size 140x52
          LayoutText {#text} at (0,0) size 138x52
            text run at (0,0) width 105: "Lorem ipsum  dolor"
            text run at (104,0) width 5: " "
            text run at (0,13) width 138: "ABCDEFGHIJKLMNOPQRST"
            text run at (0,26) width 45: "UVWXYZ"
            text run at (44,26) width 5: " "
            text run at (0,39) width 130: "abcdefghijklmnopqrstuv"
    layer at (184,188) size 161x32 clip at (185,189) size 144x30 scrollHeight 56
      LayoutTextControl {TEXTAREA} at (1,29) size 161x32 [bgcolor=#FFFFFF] [border: (1px solid #000000)]
        LayoutBlockFlow {DIV} at (3,3) size 140x52
          LayoutText {#text} at (0,0) size 138x52
            text run at (0,0) width 105: "Lorem ipsum  dolor"
            text run at (104,0) width 5: " "
            text run at (0,13) width 138: "ABCDEFGHIJKLMNOPQRST"
            text run at (0,26) width 45: "UVWXYZ"
            text run at (44,26) width 5: " "
            text run at (0,39) width 130: "abcdefghijklmnopqrstuv"
    layer at (347,188) size 66x32 clip at (348,189) size 49x30 scrollHeight 160
      LayoutTextControl {TEXTAREA} at (1,29) size 66x32 [bgcolor=#FFFFFF] [border: (1px solid #000000)]
        LayoutBlockFlow {DIV} at (3,3) size 45x156
          LayoutText {#text} at (0,0) size 45x156
            text run at (0,0) width 34: "Lorem"
            text run at (33,0) width 4: " "
            text run at (0,13) width 33: "ipsum"
            text run at (32,13) width 8: "  "
            text run at (0,26) width 29: "dolor"
            text run at (28,26) width 4: " "
            text run at (0,39) width 42: "ABCDEF"
            text run at (0,52) width 36: "GHIJKL"
            text run at (0,65) width 41: "MNOPQ"
            text run at (0,78) width 45: "RSTUVW"
            text run at (0,91) width 21: "XYZ"
            text run at (20,91) width 4: " "
            text run at (0,104) width 43: "abcdefg"
            text run at (0,117) width 41: "hijklmn"
            text run at (0,130) width 42: "opqrstu"
            text run at (0,143) width 6: "v"
    layer at (429,152) size 102x68 clip at (430,153) size 85x66 scrollHeight 196
      LayoutTextControl {TEXTAREA} at (1,43) size 102x68 [bgcolor=#FFFFFF] [border: (1px solid #000000)]
        LayoutBlockFlow {DIV} at (21,21) size 45x156
          LayoutText {#text} at (0,0) size 45x156
            text run at (0,0) width 34: "Lorem"
            text run at (33,0) width 4: " "
            text run at (0,13) width 33: "ipsum"
            text run at (32,13) width 8: "  "
            text run at (0,26) width 29: "dolor"
            text run at (28,26) width 4: " "
            text run at (0,39) width 42: "ABCDEF"
            text run at (0,52) width 36: "GHIJKL"
            text run at (0,65) width 41: "MNOPQ"
            text run at (0,78) width 45: "RSTUVW"
            text run at (0,91) width 21: "XYZ"
            text run at (20,91) width 4: " "
            text run at (0,104) width 43: "abcdefg"
            text run at (0,117) width 41: "hijklmn"
            text run at (0,130) width 42: "opqrstu"
            text run at (0,143) width 6: "v"
    layer at (533,192) size 62x28 clip at (534,193) size 45x26 scrollHeight 156
      LayoutTextControl {TEXTAREA} at (1,43) size 62x28 [bgcolor=#FFFFFF] [border: (1px solid #000000)]
        LayoutBlockFlow {DIV} at (1,1) size 45x156
          LayoutText {#text} at (0,0) size 45x156
            text run at (0,0) width 34: "Lorem"
            text run at (33,0) width 4: " "
            text run at (0,13) width 33: "ipsum"
            text run at (32,13) width 8: "  "
            text run at (0,26) width 29: "dolor"
            text run at (28,26) width 4: " "
            text run at (0,39) width 42: "ABCDEF"
            text run at (0,52) width 36: "GHIJKL"
            text run at (0,65) width 41: "MNOPQ"
            text run at (0,78) width 45: "RSTUVW"
            text run at (0,91) width 21: "XYZ"
            text run at (20,91) width 4: " "
            text run at (0,104) width 43: "abcdefg"
            text run at (0,117) width 41: "hijklmn"
            text run at (0,130) width 42: "opqrstu"
            text run at (0,143) width 6: "v"
    layer at (615,154) size 161x66 clip at (616,155) size 159x64
      LayoutTextControl {TEXTAREA} at (1,29) size 161x66 [bgcolor=#FFFFFF] [border: (1px solid #000000)]
        LayoutBlockFlow {DIV} at (3,3) size 155x52
          LayoutText {#text} at (0,0) size 153x52
            text run at (0,0) width 105: "Lorem ipsum  dolor"
            text run at (104,0) width 5: " "
            text run at (0,13) width 153: "ABCDEFGHIJKLMNOPQRSTUV"
            text run at (0,26) width 30: "WXYZ"
            text run at (29,26) width 5: " "
            text run at (0,39) width 130: "abcdefghijklmnopqrstuv"
    layer at (1,281) size 66x66 clip at (2,282) size 49x64 scrollHeight 160
      LayoutTextControl {TEXTAREA} at (1,43) size 66x66 [bgcolor=#FFFFFF] [border: (1px solid #000000)]
        LayoutBlockFlow {DIV} at (3,3) size 45x156
          LayoutText {#text} at (0,0) size 45x156
            text run at (0,0) width 34: "Lorem"
            text run at (33,0) width 4: " "
            text run at (0,13) width 33: "ipsum"
            text run at (32,13) width 8: "  "
            text run at (0,26) width 29: "dolor"
            text run at (28,26) width 4: " "
            text run at (0,39) width 42: "ABCDEF"
            text run at (0,52) width 36: "GHIJKL"
            text run at (0,65) width 41: "MNOPQ"
            text run at (0,78) width 45: "RSTUVW"
            text run at (0,91) width 21: "XYZ"
            text run at (20,91) width 4: " "
            text run at (0,104) width 43: "abcdefg"
            text run at (0,117) width 41: "hijklmn"
            text run at (0,130) width 42: "opqrstu"
            text run at (0,143) width 6: "v"
    layer at (83,315) size 161x32 clip at (84,316) size 159x30 scrollHeight 56
      LayoutTextControl {TEXTAREA} at (1,29) size 161x32 [bgcolor=#FFFFFF] [border: (1px solid #000000)]
        LayoutBlockFlow {DIV} at (3,3) size 155x52
          LayoutText {#text} at (0,0) size 153x52
            text run at (0,0) width 105: "Lorem ipsum  dolor"
            text run at (104,0) width 5: " "
            text run at (0,13) width 153: "ABCDEFGHIJKLMNOPQRSTUV"
            text run at (0,26) width 30: "WXYZ"
            text run at (29,26) width 5: " "
            text run at (0,39) width 130: "abcdefghijklmnopqrstuv"
    layer at (246,300) size 161x47 clip at (247,301) size 144x30 scrollHeight 56
      LayoutTextControl {TEXTAREA} at (1,29) size 161x47 [bgcolor=#FFFFFF] [border: (1px solid #000000)]
        LayoutBlockFlow {DIV} at (3,3) size 140x52
          LayoutText {#text} at (0,0) size 138x52
            text run at (0,0) width 105: "Lorem ipsum  dolor"
            text run at (104,0) width 5: " "
            text run at (0,13) width 138: "ABCDEFGHIJKLMNOPQRST"
            text run at (0,26) width 45: "UVWXYZ"
            text run at (44,26) width 5: " "
            text run at (0,39) width 130: "abcdefghijklmnopqrstuv"
    layer at (409,281) size 66x66 clip at (410,282) size 64x64 scrollHeight 134
      LayoutTextControl {TEXTAREA} at (1,57) size 66x66 [bgcolor=#FFFFFF] [border: (1px solid #000000)]
        LayoutBlockFlow {DIV} at (3,3) size 60x130
          LayoutText {#text} at (0,0) size 60x130
            text run at (0,0) width 34: "Lorem"
            text run at (33,0) width 4: " "
            text run at (0,13) width 33: "ipsum"
            text run at (32,13) width 8: "  "
            text run at (0,26) width 29: "dolor"
            text run at (28,26) width 4: " "
            text run at (0,39) width 58: "ABCDEFGH"
            text run at (0,52) width 52: "IJKLMNOP"
            text run at (0,65) width 60: "QRSTUVWX"
            text run at (0,78) width 14: "YZ"
            text run at (13,78) width 4: " "
            text run at (0,91) width 56: "abcdefghij"
            text run at (0,104) width 58: "klmnopqrs"
            text run at (0,117) width 17: "tuv"
    layer at (491,281) size 66x66 clip at (492,282) size 49x49 scrollHeight 160
      LayoutTextControl {TEXTAREA} at (1,57) size 66x66 [bgcolor=#FFFFFF] [border: (1px solid #000000)]
        LayoutBlockFlow {DIV} at (3,3) size 45x156
          LayoutText {#text} at (0,0) size 45x156
            text run at (0,0) width 34: "Lorem"
            text run at (33,0) width 4: " "
            text run at (0,13) width 33: "ipsum"
            text run at (32,13) width 8: "  "
            text run at (0,26) width 29: "dolor"
            text run at (28,26) width 4: " "
            text run at (0,39) width 42: "ABCDEF"
            text run at (0,52) width 36: "GHIJKL"
            text run at (0,65) width 41: "MNOPQ"
            text run at (0,78) width 45: "RSTUVW"
            text run at (0,91) width 21: "XYZ"
            text run at (20,91) width 4: " "
            text run at (0,104) width 43: "abcdefg"
            text run at (0,117) width 41: "hijklmn"
            text run at (0,130) width 42: "opqrstu"
            text run at (0,143) width 6: "v"
    layer at (573,281) size 66x66 clip at (574,282) size 49x64 scrollHeight 160
      LayoutTextControl {TEXTAREA} at (1,43) size 66x66 [bgcolor=#FFFFFF] [border: (1px solid #000000)]
        LayoutBlockFlow {DIV} at (3,3) size 45x156
          LayoutText {#text} at (0,0) size 45x156
            text run at (0,0) width 34: "Lorem"
            text run at (33,0) width 4: " "
            text run at (0,13) width 33: "ipsum"
            text run at (32,13) width 8: "  "
            text run at (0,26) width 29: "dolor"
            text run at (28,26) width 4: " "
            text run at (0,39) width 42: "ABCDEF"
            text run at (0,52) width 36: "GHIJKL"
            text run at (0,65) width 41: "MNOPQ"
            text run at (0,78) width 45: "RSTUVW"
            text run at (0,91) width 21: "XYZ"
            text run at (20,91) width 4: " "
            text run at (0,104) width 43: "abcdefg"
            text run at (0,117) width 41: "hijklmn"
            text run at (0,130) width 42: "opqrstu"
            text run at (0,143) width 6: "v"
    layer at (655,281) size 66x66 clip at (656,282) size 49x64 scrollHeight 160
      LayoutTextControl {TEXTAREA} at (1,43) size 66x66 [bgcolor=#FFFFFF] [border: (1px solid #000000)]
        LayoutBlockFlow {DIV} at (3,3) size 45x156
          LayoutText {#text} at (0,0) size 45x156
            text run at (0,0) width 34: "Lorem"
            text run at (33,0) width 4: " "
            text run at (0,13) width 33: "ipsum"
            text run at (32,13) width 8: "  "
            text run at (0,26) width 29: "dolor"
            text run at (28,26) width 4: " "
            text run at (0,39) width 42: "ABCDEF"
            text run at (0,52) width 36: "GHIJKL"
            text run at (0,65) width 41: "MNOPQ"
            text run at (0,78) width 45: "RSTUVW"
            text run at (0,91) width 21: "XYZ"
            text run at (20,91) width 4: " "
            text run at (0,104) width 43: "abcdefg"
            text run at (0,117) width 41: "hijklmn"
            text run at (0,130) width 42: "opqrstu"
            text run at (0,143) width 6: "v"
    layer at (1,408) size 66x66 clip at (2,409) size 49x64 scrollHeight 160
      LayoutTextControl {TEXTAREA} at (1,57) size 66x66 [bgcolor=#FFFFFF] [border: (1px solid #000000)]
        LayoutBlockFlow {DIV} at (3,3) size 45x156
          LayoutText {#text} at (0,0) size 45x156
            text run at (0,0) width 34: "Lorem"
            text run at (33,0) width 4: " "
            text run at (0,13) width 33: "ipsum"
            text run at (32,13) width 8: "  "
            text run at (0,26) width 29: "dolor"
            text run at (28,26) width 4: " "
            text run at (0,39) width 42: "ABCDEF"
            text run at (0,52) width 36: "GHIJKL"
            text run at (0,65) width 41: "MNOPQ"
            text run at (0,78) width 45: "RSTUVW"
            text run at (0,91) width 21: "XYZ"
            text run at (20,91) width 4: " "
            text run at (0,104) width 43: "abcdefg"
            text run at (0,117) width 41: "hijklmn"
            text run at (0,130) width 42: "opqrstu"
            text run at (0,143) width 6: "v"
    layer at (83,442) size 42x32 clip at (84,443) size 25x30 scrollHeight 316
      LayoutTextControl {TEXTAREA} at (1,15) size 42x32 [bgcolor=#FFFFFF] [border: (1px solid #000000)]
        LayoutBlockFlow {DIV} at (3,3) size 21x312
          LayoutText {#text} at (0,0) size 21x312
            text run at (0,0) width 18: "Lor"
            text run at (0,13) width 17: "em"
            text run at (16,13) width 4: " "
            text run at (0,26) width 16: "ips"
            text run at (0,39) width 18: "um"
            text run at (17,39) width 4: "  "
            text run at (0,52) width 17: "dol"
            text run at (0,65) width 12: "or"
            text run at (11,65) width 4: " "
            text run at (0,78) width 14: "AB"
            text run at (0,91) width 16: "CD"
            text run at (0,104) width 20: "EFG"
            text run at (0,117) width 15: "HIJ"
            text run at (0,130) width 14: "KL"
            text run at (0,143) width 18: "MN"
            text run at (0,156) width 15: "OP"
            text run at (0,169) width 16: "QR"
            text run at (0,182) width 21: "STU"
            text run at (0,195) width 17: "VW"
            text run at (0,208) width 21: "XYZ"
            text run at (20,208) width 1: " "
            text run at (0,221) width 19: "abc"
            text run at (0,234) width 18: "def"
            text run at (0,247) width 21: "ghij"
            text run at (0,260) width 20: "klm"
            text run at (0,273) width 21: "nop"
            text run at (0,286) width 18: "qrs"
            text run at (0,299) width 17: "tuv"
    layer at (165,429) size 161x45 clip at (166,430) size 144x43 scrollHeight 56
      LayoutTextControl {TEXTAREA} at (1,15) size 161x45 [bgcolor=#FFFFFF] [border: (1px solid #000000)]
        LayoutBlockFlow {DIV} at (3,3) size 140x52
          LayoutText {#text} at (0,0) size 138x52
            text run at (0,0) width 105: "Lorem ipsum  dolor"
            text run at (104,0) width 5: " "
            text run at (0,13) width 138: "ABCDEFGHIJKLMNOPQRST"
            text run at (0,26) width 45: "UVWXYZ"
            text run at (44,26) width 5: " "
            text run at (0,39) width 130: "abcdefghijklmnopqrstuv"
    layer at (328,442) size 70x32 clip at (329,443) size 53x30 scrollHeight 147
      LayoutTextControl {TEXTAREA} at (1,15) size 70x32 [bgcolor=#FFFFFF] [border: (1px solid #000000)]
        LayoutBlockFlow {DIV} at (3,3) size 49x143
          LayoutText {#text} at (0,0) size 47x143
            text run at (0,0) width 34: "Lorem"
            text run at (33,0) width 4: " "
            text run at (0,13) width 33: "ipsum"
            text run at (32,13) width 8: "  "
            text run at (0,26) width 29: "dolor"
            text run at (28,26) width 4: " "
            text run at (0,39) width 42: "ABCDEF"
            text run at (0,52) width 46: "GHIJKLM"
            text run at (0,65) width 45: "NOPQRS"
            text run at (0,78) width 45: "TUVWXY"
            text run at (0,91) width 7: "Z"
            text run at (6,91) width 5: " "
            text run at (0,104) width 43: "abcdefg"
            text run at (0,117) width 47: "hijklmno"
            text run at (0,130) width 41: "pqrstuv"
    layer at (410,377) size 161x97 clip at (411,378) size 159x95
      LayoutTextControl {TEXTAREA} at (1,15) size 161x97 [bgcolor=#FFFFFF] [border: (1px solid #000000)]
        LayoutBlockFlow {DIV} at (3,3) size 155x52
          LayoutText {#text} at (0,0) size 153x52
            text run at (0,0) width 105: "Lorem ipsum  dolor"
            text run at (104,0) width 5: " "
            text run at (0,13) width 153: "ABCDEFGHIJKLMNOPQRSTUV"
            text run at (0,26) width 30: "WXYZ"
            text run at (29,26) width 5: " "
            text run at (0,39) width 130: "abcdefghijklmnopqrstuv"
    layer at (573,416) size 56x58 clip at (574,417) size 39x56 scrollHeight 186
      LayoutTextControl {TEXTAREA} at (1,29) size 56x58 [bgcolor=#FFFFFF] [border: (1px solid #000000)]
        LayoutBlockFlow {DIV} at (3,3) size 35x182
          LayoutText {#text} at (0,0) size 35x182
            text run at (0,0) width 34: "Lorem"
            text run at (33,0) width 2: " "
            text run at (0,13) width 33: "ipsum"
            text run at (0,26) width 7: "  "
            text run at (0,39) width 29: "dolor"
            text run at (28,39) width 4: " "
            text run at (0,52) width 30: "ABCD"
            text run at (0,65) width 35: "EFGHIJ"
            text run at (0,78) width 31: "KLMN"
            text run at (0,91) width 31: "OPQR"
            text run at (0,104) width 28: "STUV"
            text run at (0,117) width 30: "WXYZ"
            text run at (29,117) width 5: " "
            text run at (0,130) width 32: "abcde"
            text run at (0,143) width 34: "fghijkl"
            text run at (0,156) width 31: "mnop"
            text run at (0,169) width 34: "qrstuv"
    layer at (1,493) size 161x47 clip at (2,494) size 159x30 scrollWidth 426
      LayoutTextControl {TEXTAREA} at (1,15) size 161x47 [bgcolor=#FFFFFF] [border: (1px solid #000000)]
        LayoutBlockFlow {DIV} at (3,3) size 155x13
          LayoutText {#text} at (0,0) size 425x13
            text run at (0,0) width 425: "Lorem ipsum  dolor ABCDEFGHIJKLMNOPQRSTUVWXYZ abcdefghijklmnopqrstuv"
    layer at (164,508) size 161x32 clip at (165,509) size 144x30 scrollHeight 56
      LayoutTextControl {TEXTAREA} at (1,15) size 161x32 [bgcolor=#FFFFFF] [border: (1px solid #000000)]
        LayoutBlockFlow {DIV} at (3,3) size 140x52
          LayoutText {#text} at (0,0) size 138x52
            text run at (0,0) width 105: "Lorem ipsum  dolor"
            text run at (104,0) width 5: " "
            text run at (0,13) width 138: "ABCDEFGHIJKLMNOPQRST"
            text run at (0,26) width 45: "UVWXYZ"
            text run at (44,26) width 5: " "
            text run at (0,39) width 130: "abcdefghijklmnopqrstuv"
    layer at (327,508) size 161x32 clip at (328,509) size 144x30 scrollHeight 56
      LayoutTextControl {TEXTAREA} at (1,15) size 161x32 [bgcolor=#FFFFFF] [border: (1px solid #000000)]
        LayoutBlockFlow {DIV} at (3,3) size 140x52
          LayoutText {#text} at (0,0) size 138x52
            text run at (0,0) width 105: "Lorem ipsum  dolor"
            text run at (104,0) width 5: " "
            text run at (0,13) width 138: "ABCDEFGHIJKLMNOPQRST"
            text run at (0,26) width 45: "UVWXYZ"
            text run at (44,26) width 5: " "
            text run at (0,39) width 130: "abcdefghijklmnopqrstuv"
    layer at (490,508) size 161x32 clip at (491,509) size 144x30 scrollHeight 56
      LayoutTextControl {TEXTAREA} at (1,29) size 161x32 [bgcolor=#FFFFFF] [border: (1px solid #000000)]
        LayoutBlockFlow {DIV} at (3,3) size 140x52
          LayoutText {#text} at (0,0) size 138x52
            text run at (0,0) width 74: "Lorem ipsum "
            text run at (73,0) width 29: "dolor"
            text run at (0,13) width 138: "ABCDEFGHIJKLMNOPQRST"
            text run at (0,26) width 45: "UVWXYZ"
            text run at (0,39) width 130: "abcdefghijklmnopqrstuv"
    layer at (1,573) size 161x32 clip at (2,574) size 144x15 scrollWidth 426 scrollHeight 17
      LayoutTextControl {TEXTAREA} at (1,29) size 161x32 [bgcolor=#FFFFFF] [border: (1px solid #000000)]
        LayoutBlockFlow {DIV} at (3,3) size 155x13
          LayoutText {#text} at (0,0) size 425x13
            text run at (0,0) width 425: "Lorem ipsum  dolor ABCDEFGHIJKLMNOPQRSTUVWXYZ abcdefghijklmnopqrstuv"
    layer at (164,573) size 161x32 clip at (165,574) size 144x30 scrollHeight 56
      LayoutTextControl {TEXTAREA} at (1,29) size 161x32 [bgcolor=#FFFFFF] [border: (1px solid #000000)]
        LayoutBlockFlow {DIV} at (3,3) size 140x52
          LayoutText {#text} at (0,0) size 138x52
            text run at (0,0) width 105: "Lorem ipsum  dolor"
            text run at (104,0) width 5: " "
            text run at (0,13) width 138: "ABCDEFGHIJKLMNOPQRST"
            text run at (0,26) width 45: "UVWXYZ"
            text run at (44,26) width 5: " "
            text run at (0,39) width 130: "abcdefghijklmnopqrstuv"
    layer at (327,573) size 161x32 clip at (328,574) size 144x15 scrollWidth 423 scrollHeight 17
      LayoutTextControl {TEXTAREA} at (1,29) size 161x32 [bgcolor=#FFFFFF] [border: (1px solid #000000)]
        LayoutBlockFlow {DIV} at (3,3) size 155x13
          LayoutText {#text} at (0,0) size 421x13
            text run at (0,0) width 74: "Lorem ipsum "
            text run at (73,0) width 348: "dolor ABCDEFGHIJKLMNOPQRSTUVWXYZ abcdefghijklmnopqrstuv"
    layer at (490,573) size 161x32 clip at (491,574) size 144x30 scrollHeight 56
      LayoutTextControl {TEXTAREA} at (1,29) size 161x32 [bgcolor=#FFFFFF] [border: (1px solid #000000)]
        LayoutBlockFlow {DIV} at (3,3) size 140x52
          LayoutText {#text} at (0,0) size 138x52
            text run at (0,0) width 74: "Lorem ipsum "
            text run at (73,0) width 29: "dolor"
            text run at (0,13) width 138: "ABCDEFGHIJKLMNOPQRST"
            text run at (0,26) width 45: "UVWXYZ"
            text run at (0,39) width 130: "abcdefghijklmnopqrstuv"
    layer at (1,666) size 161x47 clip at (2,667) size 144x30 scrollWidth 185 scrollHeight 43
      LayoutTextControl {TEXTAREA} at (1,29) size 161x47 [bgcolor=#FFFFFF] [border: (1px solid #000000)]
        LayoutBlockFlow {DIV} at (3,3) size 155x39
          LayoutText {#text} at (0,0) size 183x39
            text run at (0,0) width 105: "Lorem ipsum  dolor"
            text run at (104,0) width 5: " "
            text run at (0,13) width 183: "ABCDEFGHIJKLMNOPQRSTUVWXYZ"
            text run at (0,26) width 134: " abcdefghijklmnopqrstuv"
    layer at (164,666) size 161x47 clip at (165,667) size 144x30 scrollWidth 185 scrollHeight 43
      LayoutTextControl {TEXTAREA} at (1,57) size 161x47 [bgcolor=#FFFFFF] [border: (1px solid #000000)]
        LayoutBlockFlow {DIV} at (3,3) size 155x39
          LayoutText {#text} at (0,0) size 183x39
            text run at (0,0) width 105: "Lorem ipsum  dolor"
            text run at (104,0) width 5: " "
            text run at (0,13) width 183: "ABCDEFGHIJKLMNOPQRSTUVWXYZ"
            text run at (0,26) width 134: " abcdefghijklmnopqrstuv"
layer at (0,742) size 785x684 backgroundClip at (0,0) size 785x600 clip at (0,0) size 785x600
  LayoutIFrame {IFRAME} at (0,742) size 785x684
    layer at (0,0) size 785x684
      LayoutView at (0,0) size 785x684
    layer at (0,0) size 785x684
      LayoutBlockFlow {HTML} at (0,0) size 785x684
        LayoutBlockFlow {BODY} at (0,5) size 785x679
          LayoutBlockFlow {DIV} at (0,0) size 785x18
            LayoutText {#text} at (0,0) size 194x18
              text run at (0,0) width 194: "CompatMode: BackCompat"
          LayoutBlockFlow (anonymous) at (0,23) size 785x656
            LayoutBlockFlow {DIV} at (0,44) size 163x34 [border: (1px solid #0000FF)]
              LayoutBlockFlow {SPAN} at (1,1) size 80x0
              LayoutBR {BR} at (81,1) size 0x0
            LayoutBlockFlow {DIV} at (163,30) size 163x48 [border: (1px solid #0000FF)]
              LayoutBlockFlow {SPAN} at (1,1) size 80x14
                LayoutText {#text} at (0,0) size 78x14
                  text run at (0,0) width 78: "disabled: \"true\","
              LayoutBR {BR} at (81,12) size 0x0
            LayoutBlockFlow {DIV} at (326,0) size 179x78 [border: (1px solid #0000FF)]
              LayoutBlockFlow {SPAN} at (1,1) size 80x28
                LayoutText {#text} at (0,0) size 79x28
                  text run at (0,0) width 26: "style:"
                  text run at (0,14) width 79: "\"padding:10px\","
              LayoutBR {BR} at (81,26) size 0x0
            LayoutBlockFlow {DIV} at (505,20) size 159x58 [border: (1px solid #0000FF)]
              LayoutBlockFlow {SPAN} at (1,1) size 80x28
                LayoutText {#text} at (0,0) size 73x28
                  text run at (0,0) width 26: "style:"
                  text run at (0,14) width 73: "\"padding:0px\","
              LayoutBR {BR} at (81,26) size 0x0
            LayoutBlockFlow {DIV} at (0,108) size 183x82 [border: (1px solid #0000FF)]
              LayoutBlockFlow {SPAN} at (1,1) size 80x28
                LayoutText {#text} at (0,0) size 74x28
                  text run at (0,0) width 26: "style:"
                  text run at (0,14) width 74: "\"margin:10px\","
              LayoutBR {BR} at (81,26) size 0x0
            LayoutBlockFlow {DIV} at (183,128) size 163x62 [border: (1px solid #0000FF)]
              LayoutBlockFlow {SPAN} at (1,1) size 80x28
                LayoutText {#text} at (0,0) size 68x28
                  text run at (0,0) width 26: "style:"
                  text run at (0,14) width 68: "\"margin:0px\","
              LayoutBR {BR} at (81,26) size 0x0
            LayoutBlockFlow {DIV} at (346,128) size 82x62 [border: (1px solid #0000FF)]
              LayoutBlockFlow {SPAN} at (1,1) size 80x28
                LayoutText {#text} at (0,0) size 68x28
                  text run at (0,0) width 26: "style:"
                  text run at (0,14) width 68: "\"width:60px\","
              LayoutBR {BR} at (81,26) size 0x0
            LayoutBlockFlow {DIV} at (428,78) size 82x112 [border: (1px solid #0000FF)]
              LayoutBlockFlow {SPAN} at (1,1) size 80x42
                LayoutText {#text} at (0,0) size 74x42
                  text run at (0,0) width 26: "style:"
                  text run at (0,14) width 63: "\"width:60px;"
                  text run at (0,28) width 74: "padding:20px\","
              LayoutBR {BR} at (81,40) size 0x0
            LayoutBlockFlow {DIV} at (510,118) size 82x72 [border: (1px solid #0000FF)]
              LayoutBlockFlow {SPAN} at (1,1) size 80x42
                LayoutText {#text} at (0,0) size 63x42
                  text run at (0,0) width 26: "style:"
                  text run at (0,14) width 63: "\"width:60px;"
                  text run at (0,28) width 56: "padding:0\","
              LayoutBR {BR} at (81,40) size 0x0
            LayoutBlockFlow {DIV} at (592,100) size 163x90 [border: (1px solid #0000FF)]
              LayoutBlockFlow {SPAN} at (1,1) size 80x28
                LayoutText {#text} at (0,0) size 71x28
                  text run at (0,0) width 26: "style:"
                  text run at (0,14) width 71: "\"height:60px\","
              LayoutBR {BR} at (81,26) size 0x0
            LayoutBlockFlow {DIV} at (0,204) size 82x104 [border: (1px solid #0000FF)]
              LayoutBlockFlow {SPAN} at (1,1) size 80x42
                LayoutText {#text} at (0,0) size 66x42
                  text run at (0,0) width 26: "style:"
                  text run at (0,14) width 63: "\"width:60px;"
                  text run at (0,28) width 66: "height:60px\","
              LayoutBR {BR} at (81,40) size 0x0
            LayoutBlockFlow {DIV} at (82,246) size 163x62 [border: (1px solid #0000FF)]
              LayoutBlockFlow {SPAN} at (1,1) size 80x28
                LayoutText {#text} at (0,0) size 92x28
                  text run at (0,0) width 26: "style:"
                  text run at (0,14) width 92: "\"overflow:hidden\","
              LayoutBR {BR} at (81,26) size 0x0
            LayoutBlockFlow {DIV} at (245,231) size 163x77 [border: (1px solid #0000FF)]
              LayoutBlockFlow {SPAN} at (1,1) size 80x28
                LayoutText {#text} at (0,0) size 86x28
                  text run at (0,0) width 26: "style:"
                  text run at (0,14) width 86: "\"overflow:scroll\","
              LayoutBR {BR} at (81,26) size 0x0
            LayoutBlockFlow {DIV} at (408,190) size 82x118 [border: (1px solid #0000FF)]
              LayoutBlockFlow {SPAN} at (1,1) size 80x56
                LayoutText {#text} at (0,0) size 87x56
                  text run at (0,0) width 26: "style:"
                  text run at (0,14) width 87: "\"overflow:hidden;"
                  text run at (0,28) width 58: "width:60px;"
                  text run at (0,42) width 66: "height:60px\","
              LayoutBR {BR} at (81,54) size 0x0
            LayoutBlockFlow {DIV} at (490,190) size 82x118 [border: (1px solid #0000FF)]
              LayoutBlockFlow {SPAN} at (1,1) size 80x56
                LayoutText {#text} at (0,0) size 81x56
                  text run at (0,0) width 26: "style:"
                  text run at (0,14) width 81: "\"overflow:scroll;"
                  text run at (0,28) width 58: "width:60px;"
                  text run at (0,42) width 66: "height:60px\","
              LayoutBR {BR} at (81,54) size 0x0
            LayoutBlockFlow {DIV} at (572,204) size 82x104 [border: (1px solid #0000FF)]
              LayoutBlockFlow {SPAN} at (1,1) size 80x42
                LayoutText {#text} at (0,0) size 74x42
                  text run at (0,0) width 74: "cols: \"5\", style:"
                  text run at (0,14) width 63: "\"width:60px;"
                  text run at (0,28) width 66: "height:60px\","
              LayoutBR {BR} at (81,40) size 0x0
            LayoutBlockFlow {DIV} at (654,204) size 82x104 [border: (1px solid #0000FF)]
              LayoutBlockFlow {SPAN} at (1,1) size 80x42
                LayoutText {#text} at (0,0) size 78x42
                  text run at (0,0) width 78: "rows: \"4\", style:"
                  text run at (0,14) width 63: "\"width:60px;"
                  text run at (0,28) width 66: "height:60px\","
              LayoutBR {BR} at (81,40) size 0x0
            LayoutBlockFlow {DIV} at (0,308) size 82x118 [border: (1px solid #0000FF)]
              LayoutBlockFlow {SPAN} at (1,1) size 80x56
                LayoutText {#text} at (0,0) size 75x56
                  text run at (0,0) width 75: "cols: \"5\", rows:"
                  text run at (0,14) width 48: "\"4\", style:"
                  text run at (0,28) width 63: "\"width:60px;"
                  text run at (0,42) width 66: "height:60px\","
              LayoutBR {BR} at (81,54) size 0x0
            LayoutBlockFlow {DIV} at (82,378) size 82x48 [border: (1px solid #0000FF)]
              LayoutBlockFlow {SPAN} at (1,1) size 80x14
                LayoutText {#text} at (0,0) size 45x14
                  text run at (0,0) width 45: "cols: \"3\","
              LayoutBR {BR} at (81,12) size 0x0
            LayoutBlockFlow {DIV} at (164,365) size 163x61 [border: (1px solid #0000FF)]
              LayoutBlockFlow {SPAN} at (1,1) size 80x14
                LayoutText {#text} at (0,0) size 49x14
                  text run at (0,0) width 49: "rows: \"3\","
              LayoutBR {BR} at (81,12) size 0x0
            LayoutBlockFlow {DIV} at (327,378) size 82x48 [border: (1px solid #0000FF)]
              LayoutBlockFlow {SPAN} at (1,1) size 80x14
                LayoutText {#text} at (0,0) size 45x14
                  text run at (0,0) width 45: "cols: \"7\","
              LayoutBR {BR} at (81,12) size 0x0
            LayoutBlockFlow {DIV} at (409,313) size 163x113 [border: (1px solid #0000FF)]
              LayoutBlockFlow {SPAN} at (1,1) size 80x14
                LayoutText {#text} at (0,0) size 49x14
                  text run at (0,0) width 49: "rows: \"7\","
              LayoutBR {BR} at (81,12) size 0x0
            LayoutBlockFlow {DIV} at (572,338) size 82x88 [border: (1px solid #0000FF)]
              LayoutBlockFlow {SPAN} at (1,1) size 80x28
                LayoutText {#text} at (0,0) size 75x28
                  text run at (0,0) width 75: "cols: \"5\", rows:"
                  text run at (0,14) width 19: "\"4\","
              LayoutBR {BR} at (81,26) size 0x0
            LayoutBlockFlow {DIV} at (0,426) size 163x63 [border: (1px solid #0000FF)]
              LayoutBlockFlow {SPAN} at (1,1) size 80x14
                LayoutText {#text} at (0,0) size 57x14
                  text run at (0,0) width 57: "wrap: \"off\","
              LayoutBR {BR} at (81,12) size 0x0
            LayoutBlockFlow {DIV} at (163,441) size 163x48 [border: (1px solid #0000FF)]
              LayoutBlockFlow {SPAN} at (1,1) size 80x14
                LayoutText {#text} at (0,0) size 65x14
                  text run at (0,0) width 65: "wrap: \"hard\","
              LayoutBR {BR} at (81,12) size 0x0
            LayoutBlockFlow {DIV} at (326,441) size 163x48 [border: (1px solid #0000FF)]
              LayoutBlockFlow {SPAN} at (1,1) size 80x14
                LayoutText {#text} at (0,0) size 62x14
                  text run at (0,0) width 62: "wrap: \"soft\","
              LayoutBR {BR} at (81,12) size 0x0
            LayoutBlockFlow {DIV} at (489,427) size 163x62 [border: (1px solid #0000FF)]
              LayoutBlockFlow {SPAN} at (1,1) size 80x28
                LayoutText {#text} at (0,0) size 72x28
                  text run at (0,0) width 65: "style: \"white-"
                  text run at (0,14) width 72: "space:normal\","
              LayoutBR {BR} at (81,26) size 0x0
            LayoutBlockFlow {DIV} at (0,489) size 163x62 [border: (1px solid #0000FF)]
              LayoutBlockFlow {SPAN} at (1,1) size 80x28
                LayoutText {#text} at (0,0) size 65x28
                  text run at (0,0) width 65: "style: \"white-"
                  text run at (0,14) width 54: "space:pre\","
              LayoutBR {BR} at (81,26) size 0x0
            LayoutBlockFlow {DIV} at (163,489) size 163x62 [border: (1px solid #0000FF)]
              LayoutBlockFlow {SPAN} at (1,1) size 80x28
                LayoutText {#text} at (0,0) size 78x28
                  text run at (0,0) width 65: "style: \"white-"
                  text run at (0,14) width 78: "space:prewrap\","
              LayoutBR {BR} at (81,26) size 0x0
            LayoutBlockFlow {DIV} at (326,489) size 163x62 [border: (1px solid #0000FF)]
              LayoutBlockFlow {SPAN} at (1,1) size 80x28
                LayoutText {#text} at (0,0) size 74x28
                  text run at (0,0) width 65: "style: \"white-"
                  text run at (0,14) width 74: "space:nowrap\","
              LayoutBR {BR} at (81,26) size 0x0
            LayoutBlockFlow {DIV} at (489,489) size 163x62 [border: (1px solid #0000FF)]
              LayoutBlockFlow {SPAN} at (1,1) size 80x28
                LayoutText {#text} at (0,0) size 76x28
                  text run at (0,0) width 65: "style: \"white-"
                  text run at (0,14) width 76: "space:pre-line\","
              LayoutBR {BR} at (81,26) size 0x0
            LayoutBlockFlow {DIV} at (0,579) size 163x77 [border: (1px solid #0000FF)]
              LayoutBlockFlow {SPAN} at (1,1) size 80x28
                LayoutText {#text} at (0,0) size 70x28
                  text run at (0,0) width 63: "style: \"word-"
                  text run at (0,14) width 70: "wrap:normal\","
              LayoutBR {BR} at (81,26) size 0x0
            LayoutBlockFlow {DIV} at (163,551) size 163x105 [border: (1px solid #0000FF)]
              LayoutBlockFlow {SPAN} at (1,1) size 80x56
                LayoutText {#text} at (0,0) size 65x56
                  text run at (0,0) width 57: "wrap: \"off\","
                  text run at (0,14) width 65: "style: \"white-"
                  text run at (0,28) width 50: "space:pre-"
                  text run at (0,42) width 32: "wrap\","
              LayoutBR {BR} at (81,54) size 0x0
    layer at (1,73) size 161x32 clip at (2,74) size 159x30
      LayoutTextControl {TEXTAREA} at (1,1) size 161x32 [bgcolor=#FFFFFF] [border: (1px solid #000000)]
        LayoutBlockFlow {DIV} at (3,3) size 155x13
          LayoutText {#text} at (0,0) size 102x13
            text run at (0,0) width 102: "Lorem ipsum dolor"
    layer at (164,73) size 161x32 clip at (165,74) size 144x30 scrollHeight 56
      LayoutTextControl {TEXTAREA} at (1,15) size 161x32 [color=#545454] [bgcolor=#FFFFFF] [border: (1px solid #545454)]
        LayoutBlockFlow {DIV} at (3,3) size 140x52
          LayoutText {#text} at (0,0) size 138x52
            text run at (0,0) width 105: "Lorem ipsum  dolor"
            text run at (104,0) width 5: " "
            text run at (0,13) width 138: "ABCDEFGHIJKLMNOPQRST"
            text run at (0,26) width 45: "UVWXYZ"
            text run at (44,26) width 5: " "
            text run at (0,39) width 130: "abcdefghijklmnopqrstuv"
    layer at (327,57) size 177x48 clip at (328,58) size 160x46 scrollHeight 72
      LayoutTextControl {TEXTAREA} at (1,29) size 177x48 [bgcolor=#FFFFFF] [border: (1px solid #000000)]
        LayoutBlockFlow {DIV} at (11,11) size 140x52
          LayoutText {#text} at (0,0) size 138x52
            text run at (0,0) width 105: "Lorem ipsum  dolor"
            text run at (104,0) width 5: " "
            text run at (0,13) width 138: "ABCDEFGHIJKLMNOPQRST"
            text run at (0,26) width 45: "UVWXYZ"
            text run at (44,26) width 5: " "
            text run at (0,39) width 130: "abcdefghijklmnopqrstuv"
    layer at (506,77) size 157x28 clip at (507,78) size 140x26 scrollHeight 52
      LayoutTextControl {TEXTAREA} at (1,29) size 157x28 [bgcolor=#FFFFFF] [border: (1px solid #000000)]
        LayoutBlockFlow {DIV} at (1,1) size 140x52
          LayoutText {#text} at (0,0) size 138x52
            text run at (0,0) width 105: "Lorem ipsum  dolor"
            text run at (104,0) width 5: " "
            text run at (0,13) width 138: "ABCDEFGHIJKLMNOPQRST"
            text run at (0,26) width 45: "UVWXYZ"
            text run at (44,26) width 5: " "
            text run at (0,39) width 130: "abcdefghijklmnopqrstuv"
    layer at (11,175) size 161x32 clip at (12,176) size 144x30 scrollHeight 56
      LayoutTextControl {TEXTAREA} at (11,39) size 161x32 [bgcolor=#FFFFFF] [border: (1px solid #000000)]
        LayoutBlockFlow {DIV} at (3,3) size 140x52
          LayoutText {#text} at (0,0) size 138x52
            text run at (0,0) width 105: "Lorem ipsum  dolor"
            text run at (104,0) width 5: " "
            text run at (0,13) width 138: "ABCDEFGHIJKLMNOPQRST"
            text run at (0,26) width 45: "UVWXYZ"
            text run at (44,26) width 5: " "
            text run at (0,39) width 130: "abcdefghijklmnopqrstuv"
    layer at (184,185) size 161x32 clip at (185,186) size 144x30 scrollHeight 56
      LayoutTextControl {TEXTAREA} at (1,29) size 161x32 [bgcolor=#FFFFFF] [border: (1px solid #000000)]
        LayoutBlockFlow {DIV} at (3,3) size 140x52
          LayoutText {#text} at (0,0) size 138x52
            text run at (0,0) width 105: "Lorem ipsum  dolor"
            text run at (104,0) width 5: " "
            text run at (0,13) width 138: "ABCDEFGHIJKLMNOPQRST"
            text run at (0,26) width 45: "UVWXYZ"
            text run at (44,26) width 5: " "
            text run at (0,39) width 130: "abcdefghijklmnopqrstuv"
    layer at (347,185) size 60x32 clip at (348,186) size 43x30 scrollHeight 160
      LayoutTextControl {TEXTAREA} at (1,29) size 60x32 [bgcolor=#FFFFFF] [border: (1px solid #000000)]
        LayoutBlockFlow {DIV} at (3,3) size 39x156
          LayoutText {#text} at (0,0) size 39x156
            text run at (0,0) width 34: "Lorem"
            text run at (33,0) width 4: " "
            text run at (0,13) width 33: "ipsum"
            text run at (32,13) width 7: "  "
            text run at (0,26) width 29: "dolor"
            text run at (28,26) width 4: " "
            text run at (0,39) width 36: "ABCDE"
            text run at (0,52) width 36: "FGHIJK"
            text run at (0,65) width 39: "LMNOP"
            text run at (0,78) width 36: "QRSTU"
            text run at (0,91) width 37: "VWXYZ"
            text run at (36,91) width 3: " "
            text run at (0,104) width 36: "abcdef"
            text run at (0,117) width 30: "ghijkl"
            text run at (0,130) width 38: "mnopq"
            text run at (0,143) width 27: "rstuv"
    layer at (429,149) size 60x68 clip at (430,150) size 43x66 scrollHeight 924
      LayoutTextControl {TEXTAREA} at (1,43) size 60x68 [bgcolor=#FFFFFF] [border: (1px solid #000000)]
        LayoutBlockFlow {DIV} at (21,21) size 3x884
          LayoutText {#text} at (0,0) size 11x884
            text run at (0,0) width 6: "L"
            text run at (0,13) width 7: "o"
            text run at (0,26) width 5: "r"
            text run at (0,39) width 7: "e"
            text run at (0,52) width 11: "m"
            text run at (0,65) width 3: " "
            text run at (0,78) width 4: "i"
            text run at (0,91) width 7: "p"
            text run at (0,104) width 6: "s"
            text run at (0,117) width 7: "u"
            text run at (0,130) width 11: "m"
            text run at (0,143) width 3: " "
            text run at (0,156) width 3: " "
            text run at (0,169) width 7: "d"
            text run at (0,182) width 7: "o"
            text run at (0,195) width 4: "l"
            text run at (0,208) width 7: "o"
            text run at (0,221) width 5: "r"
            text run at (0,234) width 3: " "
            text run at (0,247) width 8: "A"
            text run at (0,260) width 7: "B"
            text run at (0,273) width 8: "C"
            text run at (0,286) width 9: "D"
            text run at (0,299) width 6: "E"
            text run at (0,312) width 6: "F"
            text run at (0,325) width 8: "G"
            text run at (0,338) width 9: "H"
            text run at (0,351) width 4: "I"
            text run at (0,364) width 4: "J"
            text run at (0,377) width 8: "K"
            text run at (0,390) width 6: "L"
            text run at (0,403) width 10: "M"
            text run at (0,416) width 9: "N"
            text run at (0,429) width 9: "O"
            text run at (0,442) width 7: "P"
            text run at (0,455) width 9: "Q"
            text run at (0,468) width 7: "R"
            text run at (0,481) width 6: "S"
            text run at (0,494) width 7: "T"
            text run at (0,507) width 8: "U"
            text run at (0,520) width 8: "V"
            text run at (0,533) width 10: "W"
            text run at (0,546) width 7: "X"
            text run at (0,559) width 7: "Y"
            text run at (0,572) width 7: "Z"
            text run at (0,585) width 3: " "
            text run at (0,598) width 7: "a"
            text run at (0,611) width 7: "b"
            text run at (0,624) width 6: "c"
            text run at (0,637) width 7: "d"
            text run at (0,650) width 7: "e"
            text run at (0,663) width 5: "f"
            text run at (0,676) width 7: "g"
            text run at (0,689) width 7: "h"
            text run at (0,702) width 4: "i"
            text run at (0,715) width 4: "j"
            text run at (0,728) width 7: "k"
            text run at (0,741) width 4: "l"
            text run at (0,754) width 11: "m"
            text run at (0,767) width 7: "n"
            text run at (0,780) width 7: "o"
            text run at (0,793) width 7: "p"
            text run at (0,806) width 7: "q"
            text run at (0,819) width 5: "r"
            text run at (0,832) width 6: "s"
            text run at (0,845) width 5: "t"
            text run at (0,858) width 7: "u"
            text run at (0,871) width 6: "v"
    layer at (511,189) size 60x28 clip at (512,190) size 43x26 scrollHeight 156
      LayoutTextControl {TEXTAREA} at (1,43) size 60x28 [bgcolor=#FFFFFF] [border: (1px solid #000000)]
        LayoutBlockFlow {DIV} at (1,1) size 43x156
          LayoutText {#text} at (0,0) size 43x156
            text run at (0,0) width 34: "Lorem"
            text run at (33,0) width 4: " "
            text run at (0,13) width 33: "ipsum"
            text run at (32,13) width 8: "  "
            text run at (0,26) width 29: "dolor"
            text run at (28,26) width 4: " "
            text run at (0,39) width 42: "ABCDEF"
            text run at (0,52) width 36: "GHIJKL"
            text run at (0,65) width 41: "MNOPQ"
            text run at (0,78) width 35: "RSTUV"
            text run at (0,91) width 30: "WXYZ"
            text run at (29,91) width 5: " "
            text run at (0,104) width 43: "abcdefg"
            text run at (0,117) width 41: "hijklmn"
            text run at (0,130) width 42: "opqrstu"
            text run at (0,143) width 6: "v"
    layer at (593,157) size 161x60 clip at (594,158) size 159x58
      LayoutTextControl {TEXTAREA} at (1,29) size 161x60 [bgcolor=#FFFFFF] [border: (1px solid #000000)]
        LayoutBlockFlow {DIV} at (3,3) size 155x52
          LayoutText {#text} at (0,0) size 153x52
            text run at (0,0) width 105: "Lorem ipsum  dolor"
            text run at (104,0) width 5: " "
            text run at (0,13) width 153: "ABCDEFGHIJKLMNOPQRSTUV"
            text run at (0,26) width 30: "WXYZ"
            text run at (29,26) width 5: " "
            text run at (0,39) width 130: "abcdefghijklmnopqrstuv"
    layer at (1,275) size 60x60 clip at (2,276) size 43x58 scrollHeight 160
      LayoutTextControl {TEXTAREA} at (1,43) size 60x60 [bgcolor=#FFFFFF] [border: (1px solid #000000)]
        LayoutBlockFlow {DIV} at (3,3) size 39x156
          LayoutText {#text} at (0,0) size 39x156
            text run at (0,0) width 34: "Lorem"
            text run at (33,0) width 4: " "
            text run at (0,13) width 33: "ipsum"
            text run at (32,13) width 7: "  "
            text run at (0,26) width 29: "dolor"
            text run at (28,26) width 4: " "
            text run at (0,39) width 36: "ABCDE"
            text run at (0,52) width 36: "FGHIJK"
            text run at (0,65) width 39: "LMNOP"
            text run at (0,78) width 36: "QRSTU"
            text run at (0,91) width 37: "VWXYZ"
            text run at (36,91) width 3: " "
            text run at (0,104) width 36: "abcdef"
            text run at (0,117) width 30: "ghijkl"
            text run at (0,130) width 38: "mnopq"
            text run at (0,143) width 27: "rstuv"
    layer at (83,303) size 161x32 clip at (84,304) size 159x30 scrollHeight 56
      LayoutTextControl {TEXTAREA} at (1,29) size 161x32 [bgcolor=#FFFFFF] [border: (1px solid #000000)]
        LayoutBlockFlow {DIV} at (3,3) size 155x52
          LayoutText {#text} at (0,0) size 153x52
            text run at (0,0) width 105: "Lorem ipsum  dolor"
            text run at (104,0) width 5: " "
            text run at (0,13) width 153: "ABCDEFGHIJKLMNOPQRSTUV"
            text run at (0,26) width 30: "WXYZ"
            text run at (29,26) width 5: " "
            text run at (0,39) width 130: "abcdefghijklmnopqrstuv"
    layer at (246,288) size 161x47 clip at (247,289) size 144x30 scrollHeight 56
      LayoutTextControl {TEXTAREA} at (1,29) size 161x47 [bgcolor=#FFFFFF] [border: (1px solid #000000)]
        LayoutBlockFlow {DIV} at (3,3) size 140x52
          LayoutText {#text} at (0,0) size 138x52
            text run at (0,0) width 105: "Lorem ipsum  dolor"
            text run at (104,0) width 5: " "
            text run at (0,13) width 138: "ABCDEFGHIJKLMNOPQRST"
            text run at (0,26) width 45: "UVWXYZ"
            text run at (44,26) width 5: " "
            text run at (0,39) width 130: "abcdefghijklmnopqrstuv"
    layer at (409,275) size 60x60 clip at (410,276) size 58x58 scrollHeight 134
      LayoutTextControl {TEXTAREA} at (1,57) size 60x60 [bgcolor=#FFFFFF] [border: (1px solid #000000)]
        LayoutBlockFlow {DIV} at (3,3) size 54x130
          LayoutText {#text} at (0,0) size 54x130
            text run at (0,0) width 34: "Lorem"
            text run at (33,0) width 4: " "
            text run at (0,13) width 33: "ipsum"
            text run at (32,13) width 8: "  "
            text run at (0,26) width 29: "dolor"
            text run at (28,26) width 4: " "
            text run at (0,39) width 50: "ABCDEFG"
            text run at (0,52) width 54: "HIJKLMNO"
            text run at (0,65) width 50: "PQRSTUV"
            text run at (0,78) width 30: "WXYZ"
            text run at (29,78) width 5: " "
            text run at (0,91) width 53: "abcdefghi"
            text run at (0,104) width 51: "jklmnopq"
            text run at (0,117) width 27: "rstuv"
    layer at (491,275) size 60x60 clip at (492,276) size 43x43 scrollHeight 160
      LayoutTextControl {TEXTAREA} at (1,57) size 60x60 [bgcolor=#FFFFFF] [border: (1px solid #000000)]
        LayoutBlockFlow {DIV} at (3,3) size 39x156
          LayoutText {#text} at (0,0) size 39x156
            text run at (0,0) width 34: "Lorem"
            text run at (33,0) width 4: " "
            text run at (0,13) width 33: "ipsum"
            text run at (32,13) width 7: "  "
            text run at (0,26) width 29: "dolor"
            text run at (28,26) width 4: " "
            text run at (0,39) width 36: "ABCDE"
            text run at (0,52) width 36: "FGHIJK"
            text run at (0,65) width 39: "LMNOP"
            text run at (0,78) width 36: "QRSTU"
            text run at (0,91) width 37: "VWXYZ"
            text run at (36,91) width 3: " "
            text run at (0,104) width 36: "abcdef"
            text run at (0,117) width 30: "ghijkl"
            text run at (0,130) width 38: "mnopq"
            text run at (0,143) width 27: "rstuv"
    layer at (573,275) size 60x60 clip at (574,276) size 43x58 scrollHeight 160
      LayoutTextControl {TEXTAREA} at (1,43) size 60x60 [bgcolor=#FFFFFF] [border: (1px solid #000000)]
        LayoutBlockFlow {DIV} at (3,3) size 39x156
          LayoutText {#text} at (0,0) size 39x156
            text run at (0,0) width 34: "Lorem"
            text run at (33,0) width 4: " "
            text run at (0,13) width 33: "ipsum"
            text run at (32,13) width 7: "  "
            text run at (0,26) width 29: "dolor"
            text run at (28,26) width 4: " "
            text run at (0,39) width 36: "ABCDE"
            text run at (0,52) width 36: "FGHIJK"
            text run at (0,65) width 39: "LMNOP"
            text run at (0,78) width 36: "QRSTU"
            text run at (0,91) width 37: "VWXYZ"
            text run at (36,91) width 3: " "
            text run at (0,104) width 36: "abcdef"
            text run at (0,117) width 30: "ghijkl"
            text run at (0,130) width 38: "mnopq"
            text run at (0,143) width 27: "rstuv"
    layer at (655,275) size 60x60 clip at (656,276) size 43x58 scrollHeight 160
      LayoutTextControl {TEXTAREA} at (1,43) size 60x60 [bgcolor=#FFFFFF] [border: (1px solid #000000)]
        LayoutBlockFlow {DIV} at (3,3) size 39x156
          LayoutText {#text} at (0,0) size 39x156
            text run at (0,0) width 34: "Lorem"
            text run at (33,0) width 4: " "
            text run at (0,13) width 33: "ipsum"
            text run at (32,13) width 7: "  "
            text run at (0,26) width 29: "dolor"
            text run at (28,26) width 4: " "
            text run at (0,39) width 36: "ABCDE"
            text run at (0,52) width 36: "FGHIJK"
            text run at (0,65) width 39: "LMNOP"
            text run at (0,78) width 36: "QRSTU"
            text run at (0,91) width 37: "VWXYZ"
            text run at (36,91) width 3: " "
            text run at (0,104) width 36: "abcdef"
            text run at (0,117) width 30: "ghijkl"
            text run at (0,130) width 38: "mnopq"
            text run at (0,143) width 27: "rstuv"
    layer at (1,393) size 60x60 clip at (2,394) size 43x58 scrollHeight 160
      LayoutTextControl {TEXTAREA} at (1,57) size 60x60 [bgcolor=#FFFFFF] [border: (1px solid #000000)]
        LayoutBlockFlow {DIV} at (3,3) size 39x156
          LayoutText {#text} at (0,0) size 39x156
            text run at (0,0) width 34: "Lorem"
            text run at (33,0) width 4: " "
            text run at (0,13) width 33: "ipsum"
            text run at (32,13) width 7: "  "
            text run at (0,26) width 29: "dolor"
            text run at (28,26) width 4: " "
            text run at (0,39) width 36: "ABCDE"
            text run at (0,52) width 36: "FGHIJK"
            text run at (0,65) width 39: "LMNOP"
            text run at (0,78) width 36: "QRSTU"
            text run at (0,91) width 37: "VWXYZ"
            text run at (36,91) width 3: " "
            text run at (0,104) width 36: "abcdef"
            text run at (0,117) width 30: "ghijkl"
            text run at (0,130) width 38: "mnopq"
            text run at (0,143) width 27: "rstuv"
    layer at (83,421) size 42x32 clip at (84,422) size 25x30 scrollHeight 316
      LayoutTextControl {TEXTAREA} at (1,15) size 42x32 [bgcolor=#FFFFFF] [border: (1px solid #000000)]
        LayoutBlockFlow {DIV} at (3,3) size 21x312
          LayoutText {#text} at (0,0) size 21x312
            text run at (0,0) width 18: "Lor"
            text run at (0,13) width 17: "em"
            text run at (16,13) width 4: " "
            text run at (0,26) width 16: "ips"
            text run at (0,39) width 18: "um"
            text run at (17,39) width 4: "  "
            text run at (0,52) width 17: "dol"
            text run at (0,65) width 12: "or"
            text run at (11,65) width 4: " "
            text run at (0,78) width 14: "AB"
            text run at (0,91) width 16: "CD"
            text run at (0,104) width 20: "EFG"
            text run at (0,117) width 15: "HIJ"
            text run at (0,130) width 14: "KL"
            text run at (0,143) width 18: "MN"
            text run at (0,156) width 15: "OP"
            text run at (0,169) width 16: "QR"
            text run at (0,182) width 21: "STU"
            text run at (0,195) width 17: "VW"
            text run at (0,208) width 21: "XYZ"
            text run at (20,208) width 1: " "
            text run at (0,221) width 19: "abc"
            text run at (0,234) width 18: "def"
            text run at (0,247) width 21: "ghij"
            text run at (0,260) width 20: "klm"
            text run at (0,273) width 21: "nop"
            text run at (0,286) width 18: "qrs"
            text run at (0,299) width 17: "tuv"
    layer at (165,408) size 161x45 clip at (166,409) size 144x43 scrollHeight 56
      LayoutTextControl {TEXTAREA} at (1,15) size 161x45 [bgcolor=#FFFFFF] [border: (1px solid #000000)]
        LayoutBlockFlow {DIV} at (3,3) size 140x52
          LayoutText {#text} at (0,0) size 138x52
            text run at (0,0) width 105: "Lorem ipsum  dolor"
            text run at (104,0) width 5: " "
            text run at (0,13) width 138: "ABCDEFGHIJKLMNOPQRST"
            text run at (0,26) width 45: "UVWXYZ"
            text run at (44,26) width 5: " "
            text run at (0,39) width 130: "abcdefghijklmnopqrstuv"
    layer at (328,421) size 70x32 clip at (329,422) size 53x30 scrollHeight 147
      LayoutTextControl {TEXTAREA} at (1,15) size 70x32 [bgcolor=#FFFFFF] [border: (1px solid #000000)]
        LayoutBlockFlow {DIV} at (3,3) size 49x143
          LayoutText {#text} at (0,0) size 47x143
            text run at (0,0) width 34: "Lorem"
            text run at (33,0) width 4: " "
            text run at (0,13) width 33: "ipsum"
            text run at (32,13) width 8: "  "
            text run at (0,26) width 29: "dolor"
            text run at (28,26) width 4: " "
            text run at (0,39) width 42: "ABCDEF"
            text run at (0,52) width 46: "GHIJKLM"
            text run at (0,65) width 45: "NOPQRS"
            text run at (0,78) width 45: "TUVWXY"
            text run at (0,91) width 7: "Z"
            text run at (6,91) width 5: " "
            text run at (0,104) width 43: "abcdefg"
            text run at (0,117) width 47: "hijklmno"
            text run at (0,130) width 41: "pqrstuv"
    layer at (410,356) size 161x97 clip at (411,357) size 159x95
      LayoutTextControl {TEXTAREA} at (1,15) size 161x97 [bgcolor=#FFFFFF] [border: (1px solid #000000)]
        LayoutBlockFlow {DIV} at (3,3) size 155x52
          LayoutText {#text} at (0,0) size 153x52
            text run at (0,0) width 105: "Lorem ipsum  dolor"
            text run at (104,0) width 5: " "
            text run at (0,13) width 153: "ABCDEFGHIJKLMNOPQRSTUV"
            text run at (0,26) width 30: "WXYZ"
            text run at (29,26) width 5: " "
            text run at (0,39) width 130: "abcdefghijklmnopqrstuv"
    layer at (573,395) size 56x58 clip at (574,396) size 39x56 scrollHeight 186
      LayoutTextControl {TEXTAREA} at (1,29) size 56x58 [bgcolor=#FFFFFF] [border: (1px solid #000000)]
        LayoutBlockFlow {DIV} at (3,3) size 35x182
          LayoutText {#text} at (0,0) size 35x182
            text run at (0,0) width 34: "Lorem"
            text run at (33,0) width 2: " "
            text run at (0,13) width 33: "ipsum"
            text run at (0,26) width 7: "  "
            text run at (0,39) width 29: "dolor"
            text run at (28,39) width 4: " "
            text run at (0,52) width 30: "ABCD"
            text run at (0,65) width 35: "EFGHIJ"
            text run at (0,78) width 31: "KLMN"
            text run at (0,91) width 31: "OPQR"
            text run at (0,104) width 28: "STUV"
            text run at (0,117) width 30: "WXYZ"
            text run at (29,117) width 5: " "
            text run at (0,130) width 32: "abcde"
            text run at (0,143) width 34: "fghijkl"
            text run at (0,156) width 31: "mnop"
            text run at (0,169) width 34: "qrstuv"
    layer at (1,469) size 161x47 clip at (2,470) size 159x30 scrollWidth 426
      LayoutTextControl {TEXTAREA} at (1,15) size 161x47 [bgcolor=#FFFFFF] [border: (1px solid #000000)]
        LayoutBlockFlow {DIV} at (3,3) size 155x13
          LayoutText {#text} at (0,0) size 425x13
            text run at (0,0) width 425: "Lorem ipsum  dolor ABCDEFGHIJKLMNOPQRSTUVWXYZ abcdefghijklmnopqrstuv"
    layer at (164,484) size 161x32 clip at (165,485) size 144x30 scrollHeight 56
      LayoutTextControl {TEXTAREA} at (1,15) size 161x32 [bgcolor=#FFFFFF] [border: (1px solid #000000)]
        LayoutBlockFlow {DIV} at (3,3) size 140x52
          LayoutText {#text} at (0,0) size 138x52
            text run at (0,0) width 105: "Lorem ipsum  dolor"
            text run at (104,0) width 5: " "
            text run at (0,13) width 138: "ABCDEFGHIJKLMNOPQRST"
            text run at (0,26) width 45: "UVWXYZ"
            text run at (44,26) width 5: " "
            text run at (0,39) width 130: "abcdefghijklmnopqrstuv"
    layer at (327,484) size 161x32 clip at (328,485) size 144x30 scrollHeight 56
      LayoutTextControl {TEXTAREA} at (1,15) size 161x32 [bgcolor=#FFFFFF] [border: (1px solid #000000)]
        LayoutBlockFlow {DIV} at (3,3) size 140x52
          LayoutText {#text} at (0,0) size 138x52
            text run at (0,0) width 105: "Lorem ipsum  dolor"
            text run at (104,0) width 5: " "
            text run at (0,13) width 138: "ABCDEFGHIJKLMNOPQRST"
            text run at (0,26) width 45: "UVWXYZ"
            text run at (44,26) width 5: " "
            text run at (0,39) width 130: "abcdefghijklmnopqrstuv"
    layer at (490,484) size 161x32 clip at (491,485) size 144x30 scrollHeight 56
      LayoutTextControl {TEXTAREA} at (1,29) size 161x32 [bgcolor=#FFFFFF] [border: (1px solid #000000)]
        LayoutBlockFlow {DIV} at (3,3) size 140x52
          LayoutText {#text} at (0,0) size 138x52
            text run at (0,0) width 74: "Lorem ipsum "
            text run at (73,0) width 29: "dolor"
            text run at (0,13) width 138: "ABCDEFGHIJKLMNOPQRST"
            text run at (0,26) width 45: "UVWXYZ"
            text run at (0,39) width 130: "abcdefghijklmnopqrstuv"
    layer at (1,546) size 161x32 clip at (2,547) size 144x15 scrollWidth 426 scrollHeight 17
      LayoutTextControl {TEXTAREA} at (1,29) size 161x32 [bgcolor=#FFFFFF] [border: (1px solid #000000)]
        LayoutBlockFlow {DIV} at (3,3) size 155x13
          LayoutText {#text} at (0,0) size 425x13
            text run at (0,0) width 425: "Lorem ipsum  dolor ABCDEFGHIJKLMNOPQRSTUVWXYZ abcdefghijklmnopqrstuv"
    layer at (164,546) size 161x32 clip at (165,547) size 144x30 scrollHeight 56
      LayoutTextControl {TEXTAREA} at (1,29) size 161x32 [bgcolor=#FFFFFF] [border: (1px solid #000000)]
        LayoutBlockFlow {DIV} at (3,3) size 140x52
          LayoutText {#text} at (0,0) size 138x52
            text run at (0,0) width 105: "Lorem ipsum  dolor"
            text run at (104,0) width 5: " "
            text run at (0,13) width 138: "ABCDEFGHIJKLMNOPQRST"
            text run at (0,26) width 45: "UVWXYZ"
            text run at (44,26) width 5: " "
            text run at (0,39) width 130: "abcdefghijklmnopqrstuv"
    layer at (327,546) size 161x32 clip at (328,547) size 144x15 scrollWidth 423 scrollHeight 17
      LayoutTextControl {TEXTAREA} at (1,29) size 161x32 [bgcolor=#FFFFFF] [border: (1px solid #000000)]
        LayoutBlockFlow {DIV} at (3,3) size 155x13
          LayoutText {#text} at (0,0) size 421x13
            text run at (0,0) width 74: "Lorem ipsum "
            text run at (73,0) width 348: "dolor ABCDEFGHIJKLMNOPQRSTUVWXYZ abcdefghijklmnopqrstuv"
    layer at (490,546) size 161x32 clip at (491,547) size 144x30 scrollHeight 56
      LayoutTextControl {TEXTAREA} at (1,29) size 161x32 [bgcolor=#FFFFFF] [border: (1px solid #000000)]
        LayoutBlockFlow {DIV} at (3,3) size 140x52
          LayoutText {#text} at (0,0) size 138x52
            text run at (0,0) width 74: "Lorem ipsum "
            text run at (73,0) width 29: "dolor"
            text run at (0,13) width 138: "ABCDEFGHIJKLMNOPQRST"
            text run at (0,26) width 45: "UVWXYZ"
            text run at (0,39) width 130: "abcdefghijklmnopqrstuv"
    layer at (1,636) size 161x47 clip at (2,637) size 144x30 scrollWidth 185 scrollHeight 43
      LayoutTextControl {TEXTAREA} at (1,29) size 161x47 [bgcolor=#FFFFFF] [border: (1px solid #000000)]
        LayoutBlockFlow {DIV} at (3,3) size 155x39
          LayoutText {#text} at (0,0) size 183x39
            text run at (0,0) width 105: "Lorem ipsum  dolor"
            text run at (104,0) width 5: " "
            text run at (0,13) width 183: "ABCDEFGHIJKLMNOPQRSTUVWXYZ"
            text run at (0,26) width 134: " abcdefghijklmnopqrstuv"
    layer at (164,636) size 161x47 clip at (165,637) size 144x30 scrollWidth 185 scrollHeight 43
      LayoutTextControl {TEXTAREA} at (1,57) size 161x47 [bgcolor=#FFFFFF] [border: (1px solid #000000)]
        LayoutBlockFlow {DIV} at (3,3) size 155x39
          LayoutText {#text} at (0,0) size 183x39
            text run at (0,0) width 105: "Lorem ipsum  dolor"
            text run at (104,0) width 5: " "
            text run at (0,13) width 183: "ABCDEFGHIJKLMNOPQRSTUVWXYZ"
            text run at (0,26) width 134: " abcdefghijklmnopqrstuv"
