layer at (0,0) size 800x600
  LayoutView at (0,0) size 800x600
layer at (0,0) size 800x600
  LayoutBlockFlow {HTML} at (0,0) size 800x600
    LayoutBlockFlow {BODY} at (8,8) size 784x584
      LayoutText {#text} at (0,0) size 578x18
        text run at (0,0) width 578: "This tests that background color and background images can be set on the new text fields. "
      LayoutBR {BR} at (577,14) size 1x0
      LayoutTextControl {INPUT} at (0,18) size 123x19 [bgcolor=#FFC0CB] [border: (2px inset #EEEEEE)]
      LayoutText {#text} at (123,18) size 4x18
        text run at (123,18) width 4: " "
      LayoutBR {BR} at (127,32) size 0x0
      LayoutTextControl {INPUT} at (0,37) size 123x19 [bgcolor=#FFFFFF] [border: (2px inset #EEEEEE)]
      LayoutText {#text} at (0,0) size 0x0
layer at (11,29) size 117x13
  LayoutBlockFlow {DIV} at (3,3) size 117x13
    LayoutText {#text} at (0,0) size 110x13
      text run at (0,0) width 110: "This should be pink."
layer at (11,48) size 117x13
  LayoutBlockFlow {DIV} at (3,3) size 117x13
