layer at (0,0) size 800x600
  LayoutView at (0,0) size 800x600
layer at (0,0) size 800x600
  LayoutBlockFlow {HTML} at (0,0) size 800x600
    LayoutBlockFlow {BODY} at (8,8) size 784x584
      LayoutText {#text} at (0,0) size 521x18
        text run at (0,0) width 521: "This tests that the text color changes appropriately when the text field is disabled."
      LayoutBR {BR} at (520,14) size 1x0
      LayoutTextControl {INPUT} at (0,18) size 123x19 [color=#545454] [bgcolor=#FFFFFF] [border: (2px inset #EEEEEE)]
      LayoutText {#text} at (123,18) size 4x18
        text run at (123,18) width 4: " "
      LayoutTextControl {INPUT} at (127,18) size 123x19 [bgcolor=#FFFFFF] [border: (2px inset #EEEEEE)]
      LayoutBR {BR} at (250,32) size 0x0
      LayoutTextControl {INPUT} at (0,37) size 123x19 [color=#FF0000] [bgcolor=#FFFFFF] [border: (2px inset #EEEEEE)]
      LayoutText {#text} at (123,37) size 4x18
        text run at (123,37) width 4: " "
      LayoutTextControl {INPUT} at (127,37) size 123x19 [color=#FF0000] [bgcolor=#FFFFFF] [border: (2px inset #EEEEEE)]
      LayoutBR {BR} at (250,51) size 0x0
      LayoutTextControl {INPUT} at (0,56) size 123x19 [color=#545454] [bgcolor=#0000FF] [border: (2px inset #EEEEEE)]
      LayoutText {#text} at (123,56) size 4x18
        text run at (123,56) width 4: " "
      LayoutTextControl {INPUT} at (127,56) size 123x19 [bgcolor=#0000FF] [border: (2px inset #EEEEEE)]
      LayoutBR {BR} at (250,70) size 0x0
      LayoutTextControl {INPUT} at (0,75) size 123x19 [color=#FF0000] [bgcolor=#0000FF] [border: (2px inset #EEEEEE)]
      LayoutText {#text} at (123,75) size 4x18
        text run at (123,75) width 4: " "
      LayoutTextControl {INPUT} at (127,75) size 123x19 [color=#FF0000] [bgcolor=#0000FF] [border: (2px inset #EEEEEE)]
      LayoutBR {BR} at (250,89) size 0x0
      LayoutTextControl {INPUT} at (0,94) size 123x19 [color=#545454] [bgcolor=#000000] [border: (2px inset #EEEEEE)]
      LayoutText {#text} at (123,94) size 4x18
        text run at (123,94) width 4: " "
      LayoutTextControl {INPUT} at (127,94) size 123x19 [bgcolor=#000000] [border: (2px inset #EEEEEE)]
      LayoutBR {BR} at (250,108) size 0x0
      LayoutTextControl {INPUT} at (0,113) size 123x19 [color=#FFFFFF] [bgcolor=#000000] [border: (2px inset #EEEEEE)]
      LayoutText {#text} at (123,113) size 4x18
        text run at (123,113) width 4: " "
      LayoutTextControl {INPUT} at (127,113) size 123x19 [color=#FFFFFF] [bgcolor=#000000] [border: (2px inset #EEEEEE)]
      LayoutBR {BR} at (250,127) size 0x0
      LayoutTextControl {INPUT} at (0,132) size 123x19 [color=#545454] [bgcolor=#808080] [border: (2px inset #EEEEEE)]
      LayoutText {#text} at (123,132) size 4x18
        text run at (123,132) width 4: " "
      LayoutTextControl {INPUT} at (127,132) size 123x19 [bgcolor=#808080] [border: (2px inset #EEEEEE)]
      LayoutBR {BR} at (250,146) size 0x0
      LayoutTextControl {INPUT} at (0,151) size 123x19 [color=#FFFFFF] [bgcolor=#A9A9A9] [border: (2px inset #EEEEEE)]
      LayoutText {#text} at (123,151) size 4x18
        text run at (123,151) width 4: " "
      LayoutTextControl {INPUT} at (127,151) size 123x19 [color=#FFFFFF] [bgcolor=#A9A9A9] [border: (2px inset #EEEEEE)]
      LayoutBR {BR} at (250,165) size 0x0
      LayoutTextControl {INPUT} at (0,170) size 123x19 [color=#808080] [bgcolor=#000000] [border: (2px inset #EEEEEE)]
      LayoutText {#text} at (123,170) size 4x18
        text run at (123,170) width 4: " "
      LayoutTextControl {INPUT} at (127,170) size 123x19 [color=#808080] [bgcolor=#000000] [border: (2px inset #EEEEEE)]
      LayoutBR {BR} at (250,184) size 0x0
      LayoutTextControl {INPUT} at (0,189) size 123x19 [color=#FF0000] [bgcolor=#808080] [border: (2px inset #EEEEEE)]
      LayoutText {#text} at (123,189) size 4x18
        text run at (123,189) width 4: " "
      LayoutTextControl {INPUT} at (127,189) size 123x19 [color=#FF0000] [bgcolor=#808080] [border: (2px inset #EEEEEE)]
      LayoutBR {BR} at (250,203) size 0x0
      LayoutTextControl {INPUT} at (0,208) size 123x19 [color=#808080] [bgcolor=#FF0000] [border: (2px inset #EEEEEE)]
      LayoutText {#text} at (123,208) size 4x18
        text run at (123,208) width 4: " "
      LayoutTextControl {INPUT} at (127,208) size 123x19 [color=#808080] [bgcolor=#FF0000] [border: (2px inset #EEEEEE)]
      LayoutBR {BR} at (250,222) size 0x0
      LayoutTextControl {INPUT} at (0,227) size 123x19 [color=#FF0000] [bgcolor=#FFFFFF] [border: (2px inset #EEEEEE)]
      LayoutText {#text} at (123,227) size 4x18
        text run at (123,227) width 4: " "
      LayoutTextControl {INPUT} at (127,227) size 123x19 [color=#FF0000] [bgcolor=#FFFFFF] [border: (2px inset #EEEEEE)]
      LayoutBR {BR} at (250,241) size 0x0
      LayoutTextControl {INPUT} at (0,246) size 123x19 [color=#FF0000] [border: (2px inset #EEEEEE)]
      LayoutText {#text} at (123,246) size 4x18
        text run at (123,246) width 4: " "
      LayoutTextControl {INPUT} at (127,246) size 123x19 [color=#FF0000] [border: (2px inset #EEEEEE)]
      LayoutBR {BR} at (250,260) size 0x0
layer at (11,29) size 117x13 scrollWidth 354
  LayoutBlockFlow {DIV} at (3,3) size 117x13
    LayoutText {#text} at (0,0) size 354x13
      text run at (0,0) width 354: "The text in this disabled field should displayed as dimmed or grey"
layer at (138,29) size 117x13 scrollWidth 157
  LayoutBlockFlow {DIV} at (3,3) size 117x13
    LayoutText {#text} at (0,0) size 156x13
      text run at (0,0) width 156: "This text field is not disabled"
layer at (11,48) size 117x13 scrollWidth 354
  LayoutBlockFlow {DIV} at (3,3) size 117x13
    LayoutText {#text} at (0,0) size 354x13
      text run at (0,0) width 354: "The text in this disabled field should displayed as dimmed or grey"
layer at (138,48) size 117x13 scrollWidth 157
  LayoutBlockFlow {DIV} at (3,3) size 117x13
    LayoutText {#text} at (0,0) size 156x13
      text run at (0,0) width 156: "This text field is not disabled"
layer at (11,67) size 117x13 scrollWidth 354
  LayoutBlockFlow {DIV} at (3,3) size 117x13
    LayoutText {#text} at (0,0) size 354x13
      text run at (0,0) width 354: "The text in this disabled field should displayed as dimmed or grey"
layer at (138,67) size 117x13 scrollWidth 157
  LayoutBlockFlow {DIV} at (3,3) size 117x13
    LayoutText {#text} at (0,0) size 156x13
      text run at (0,0) width 156: "This text field is not disabled"
layer at (11,86) size 117x13 scrollWidth 354
  LayoutBlockFlow {DIV} at (3,3) size 117x13
    LayoutText {#text} at (0,0) size 354x13
      text run at (0,0) width 354: "The text in this disabled field should displayed as dimmed or grey"
layer at (138,86) size 117x13 scrollWidth 157
  LayoutBlockFlow {DIV} at (3,3) size 117x13
    LayoutText {#text} at (0,0) size 156x13
      text run at (0,0) width 156: "This text field is not disabled"
layer at (11,105) size 117x13 scrollWidth 354
  LayoutBlockFlow {DIV} at (3,3) size 117x13
    LayoutText {#text} at (0,0) size 354x13
      text run at (0,0) width 354: "The text in this disabled field should displayed as dimmed or grey"
layer at (138,105) size 117x13 scrollWidth 157
  LayoutBlockFlow {DIV} at (3,3) size 117x13
    LayoutText {#text} at (0,0) size 156x13
      text run at (0,0) width 156: "This text field is not disabled"
layer at (11,124) size 117x13 scrollWidth 354
  LayoutBlockFlow {DIV} at (3,3) size 117x13
    LayoutText {#text} at (0,0) size 354x13
      text run at (0,0) width 354: "The text in this disabled field should displayed as dimmed or grey"
layer at (138,124) size 117x13 scrollWidth 157
  LayoutBlockFlow {DIV} at (3,3) size 117x13
    LayoutText {#text} at (0,0) size 156x13
      text run at (0,0) width 156: "This text field is not disabled"
layer at (11,143) size 117x13 scrollWidth 354
  LayoutBlockFlow {DIV} at (3,3) size 117x13
    LayoutText {#text} at (0,0) size 354x13
      text run at (0,0) width 354: "The text in this disabled field should displayed as dimmed or grey"
layer at (138,143) size 117x13 scrollWidth 157
  LayoutBlockFlow {DIV} at (3,3) size 117x13
    LayoutText {#text} at (0,0) size 156x13
      text run at (0,0) width 156: "This text field is not disabled"
layer at (11,162) size 117x13 scrollWidth 354
  LayoutBlockFlow {DIV} at (3,3) size 117x13
    LayoutText {#text} at (0,0) size 354x13
      text run at (0,0) width 354: "The text in this disabled field should displayed as dimmed or grey"
layer at (138,162) size 117x13 scrollWidth 157
  LayoutBlockFlow {DIV} at (3,3) size 117x13
    LayoutText {#text} at (0,0) size 156x13
      text run at (0,0) width 156: "This text field is not disabled"
layer at (11,181) size 117x13 scrollWidth 354
  LayoutBlockFlow {DIV} at (3,3) size 117x13
    LayoutText {#text} at (0,0) size 354x13
      text run at (0,0) width 354: "The text in this disabled field should displayed as dimmed or grey"
layer at (138,181) size 117x13 scrollWidth 157
  LayoutBlockFlow {DIV} at (3,3) size 117x13
    LayoutText {#text} at (0,0) size 156x13
      text run at (0,0) width 156: "This text field is not disabled"
layer at (11,200) size 117x13 scrollWidth 354
  LayoutBlockFlow {DIV} at (3,3) size 117x13
    LayoutText {#text} at (0,0) size 354x13
      text run at (0,0) width 354: "The text in this disabled field should displayed as dimmed or grey"
layer at (138,200) size 117x13 scrollWidth 157
  LayoutBlockFlow {DIV} at (3,3) size 117x13
    LayoutText {#text} at (0,0) size 156x13
      text run at (0,0) width 156: "This text field is not disabled"
layer at (11,219) size 117x13 scrollWidth 354
  LayoutBlockFlow {DIV} at (3,3) size 117x13
    LayoutText {#text} at (0,0) size 354x13
      text run at (0,0) width 354: "The text in this disabled field should displayed as dimmed or grey"
layer at (138,219) size 117x13 scrollWidth 157
  LayoutBlockFlow {DIV} at (3,3) size 117x13
    LayoutText {#text} at (0,0) size 156x13
      text run at (0,0) width 156: "This text field is not disabled"
layer at (11,238) size 117x13 scrollWidth 354
  LayoutBlockFlow {DIV} at (3,3) size 117x13
    LayoutText {#text} at (0,0) size 354x13
      text run at (0,0) width 354: "The text in this disabled field should displayed as dimmed or grey"
layer at (138,238) size 117x13 scrollWidth 157
  LayoutBlockFlow {DIV} at (3,3) size 117x13
    LayoutText {#text} at (0,0) size 156x13
      text run at (0,0) width 156: "This text field is not disabled"
layer at (11,257) size 117x13 scrollWidth 354
  LayoutBlockFlow {DIV} at (3,3) size 117x13
    LayoutText {#text} at (0,0) size 354x13
      text run at (0,0) width 354: "The text in this disabled field should displayed as dimmed or grey"
layer at (138,257) size 117x13 scrollWidth 157
  LayoutBlockFlow {DIV} at (3,3) size 117x13
    LayoutText {#text} at (0,0) size 156x13
      text run at (0,0) width 156: "This text field is not disabled"
