layer at (0,0) size 800x600
  LayoutView at (0,0) size 800x600
layer at (0,0) size 800x600
  LayoutBlockFlow {HTML} at (0,0) size 800x600
    LayoutBlockFlow {BODY} at (8,8) size 784x584
      LayoutText {#text} at (0,0) size 352x18
        text run at (0,0) width 352: "This tests that the new text fields use the correct width."
      LayoutBR {BR} at (351,14) size 1x0
      LayoutTextControl {INPUT} at (0,18) size 123x19 [bgcolor=#FFFFFF] [border: (2px inset #EEEEEE)]
      LayoutBR {BR} at (123,32) size 0x0
      LayoutTextControl {INPUT} at (0,37) size 200x19 [bgcolor=#FFFFFF] [border: (2px inset #EEEEEE)]
      LayoutBR {BR} at (200,51) size 0x0
      LayoutTextControl {INPUT} at (0,56) size 273x19 [bgcolor=#FFFFFF] [border: (2px inset #EEEEEE)]
      LayoutBR {BR} at (273,70) size 0x0
      LayoutTextControl {INPUT} at (0,75) size 200x19 [bgcolor=#FFFFFF] [border: (2px inset #EEEEEE)]
      LayoutBR {BR} at (200,89) size 0x0
      LayoutTextControl {INPUT} at (0,94) size 73x19 [bgcolor=#FFFFFF] [border: (2px inset #EEEEEE)]
      LayoutBR {BR} at (73,108) size 0x0
layer at (11,29) size 117x13
  LayoutBlockFlow {DIV} at (3,3) size 117x13
layer at (11,48) size 194x13
  LayoutBlockFlow {DIV} at (3,3) size 194x13
    LayoutText {#text} at (0,0) size 103x13
      text run at (0,0) width 103: "styled width 200px"
layer at (11,67) size 267x13
  LayoutBlockFlow {DIV} at (3,3) size 267x13
    LayoutText {#text} at (0,0) size 39x13
      text run at (0,0) width 39: "size 50"
layer at (11,86) size 194x13
  LayoutBlockFlow {DIV} at (3,3) size 194x13
    LayoutText {#text} at (0,0) size 162x13
      text run at (0,0) width 162: "styled width 200px & size=10"
layer at (11,105) size 67x13
  LayoutBlockFlow {DIV} at (3,3) size 67x13
    LayoutText {#text} at (0,0) size 39x13
      text run at (0,0) width 39: "size 10"
