layer at (0,0) size 800x600
  LayoutView at (0,0) size 800x600
layer at (0,0) size 800x600
  LayoutBlockFlow {HTML} at (0,0) size 800x600
    LayoutBlockFlow {BODY} at (8,8) size 784x584
      LayoutBlockFlow {P} at (0,0) size 784x18
        LayoutText {#text} at (0,0) size 576x18
          text run at (0,0) width 576: "The following 5 inputs should be all be rendered exactly the same, aligned to the left side."
      LayoutBlockFlow (anonymous) at (0,34) size 784x76
        LayoutTextControl {INPUT} at (0,0) size 123x19 [bgcolor=#FFFFFF] [border: (2px inset #EEEEEE)]
        LayoutText {#text} at (123,0) size 4x18
          text run at (123,0) width 4: " "
        LayoutBR {BR} at (0,0) size 0x0
        LayoutTextControl {INPUT} at (0,19) size 123x19 [bgcolor=#FFFFFF] [border: (2px inset #EEEEEE)]
        LayoutText {#text} at (123,19) size 4x18
          text run at (123,19) width 4: " "
        LayoutBR {BR} at (0,0) size 0x0
        LayoutTextControl {INPUT} at (0,38) size 123x19 [bgcolor=#FFFFFF] [border: (2px inset #EEEEEE)]
        LayoutText {#text} at (123,38) size 4x18
          text run at (123,38) width 4: " "
        LayoutBR {BR} at (0,0) size 0x0
        LayoutTextControl {INPUT} at (0,57) size 123x19 [bgcolor=#FFFFFF] [border: (2px inset #EEEEEE)]
        LayoutText {#text} at (123,57) size 4x18
          text run at (123,57) width 4: " "
        LayoutBR {BR} at (0,0) size 0x0
      LayoutBlockFlow {DIV} at (0,110) size 784x19
        LayoutTextControl {INPUT} at (0,0) size 123x19 [bgcolor=#FFFFFF] [border: (2px inset #EEEEEE)]
layer at (11,45) size 117x13
  LayoutBlockFlow {DIV} at (3,3) size 117x13
    LayoutText {#text} at (0,0) size 100x13
      text run at (0,0) width 100: "The quick brown..."
layer at (11,64) size 117x13
  LayoutBlockFlow {DIV} at (3,3) size 117x13
    LayoutText {#text} at (0,0) size 100x13
      text run at (0,0) width 100: "The quick brown..."
layer at (11,83) size 117x13
  LayoutBlockFlow {DIV} at (3,3) size 117x13
    LayoutText {#text} at (0,0) size 100x13
      text run at (0,0) width 100: "The quick brown..."
layer at (11,102) size 117x13
  LayoutBlockFlow {DIV} at (3,3) size 117x13
    LayoutText {#text} at (0,0) size 100x13
      text run at (0,0) width 100: "The quick brown..."
layer at (11,121) size 117x13
  LayoutBlockFlow {DIV} at (3,3) size 117x13
    LayoutText {#text} at (0,0) size 100x13
      text run at (0,0) width 100: "The quick brown..."
