layer at (0,0) size 800x600
  LayoutView at (0,0) size 800x600
layer at (0,0) size 800x600
  LayoutBlockFlow {HTML} at (0,0) size 800x600
    LayoutBlockFlow {BODY} at (8,8) size 784x584
      LayoutMenuList {SELECT} at (0,0) size 247x15 [bgcolor=#F8F8F8]
        LayoutBlockFlow (anonymous) at (0,0) size 247x16
          LayoutText (anonymous) at (10,2) size 215x11
            text run at (10,2) width 215: "No overflow should be allowed on popup menus!"
      LayoutText {#text} at (0,0) size 0x0
