layer at (0,0) size 800x600
  LayoutView at (0,0) size 800x600
layer at (0,0) size 800x600
  LayoutBlockFlow {HTML} at (0,0) size 800x600
    LayoutBlockFlow {BODY} at (8,8) size 784x584
      LayoutBR {BR} at (161,32) size 0x0
      LayoutBR {BR} at (161,64) size 0x0
      LayoutBR {BR} at (161,96) size 0x0
layer at (8,8) size 161x32 clip at (9,9) size 159x30
  LayoutTextControl {TEXTAREA} at (0,0) size 161x32 [bgcolor=#FFFFFF] [border: (1px solid #000000)]
    LayoutBlockFlow {DIV} at (3,3) size 155x26 [color=#A9A9A9]
      LayoutText {#text} at (0,0) size 38x26
        text run at (0,0) width 25: "first \x{D}"
        text run at (24,0) width 1: " "
        text run at (0,13) width 38: "second"
    LayoutBlockFlow {DIV} at (3,3) size 155x13
layer at (8,40) size 161x32 clip at (9,41) size 159x30
  LayoutTextControl {TEXTAREA} at (0,32) size 161x32 [bgcolor=#FFFFFF] [border: (1px solid #000000)]
    LayoutBlockFlow {DIV} at (3,3) size 155x13
layer at (8,72) size 161x32 clip at (9,73) size 159x30
  LayoutTextControl {TEXTAREA} at (0,64) size 161x32 [bgcolor=#FFFFFF] [border: (1px solid #000000)]
    LayoutBlockFlow {DIV} at (3,3) size 155x13
