layer at (0,0) size 800x600
  LayoutView at (0,0) size 800x600
layer at (0,0) size 800x600
  LayoutBlockFlow {HTML} at (0,0) size 800x600
    LayoutBlockFlow {BODY} at (8,8) size 784x576
      LayoutBlockFlow {P} at (0,0) size 784x36
        LayoutText {#text} at (0,0) size 772x36
          text run at (0,0) width 431: "Test that search field text is vertically centered if the search field is "
          text run at (430,0) width 342: "taller than the text. In each of the following pairs of a"
          text run at (0,18) width 105: "search field and "
          text run at (104,18) width 366: "a text field, the vertical position of the text should be the "
          text run at (469,18) width 125: "same in both fields."
      LayoutBlockFlow {P} at (0,52) size 784x45
        LayoutTextControl {INPUT} at (0,0) size 123x45 [bgcolor=#FFFFFF] [border: (2px inset #EEEEEE)]
          LayoutFlexibleBox {DIV} at (3,3) size 117x39
            LayoutBlockFlow {DIV} at (0,13) size 16x13
            LayoutBlockFlow {DIV} at (16,13) size 89x13
        LayoutText {#text} at (123,13) size 4x18
          text run at (123,13) width 4: " "
        LayoutTextControl {INPUT} at (127,0) size 123x45 [bgcolor=#FFFFFF] [border: (2px inset #EEEEEE)]
        LayoutText {#text} at (0,0) size 0x0
      LayoutBlockFlow {P} at (0,113) size 784x18
        LayoutTextControl {INPUT} at (0,2) size 123x16 [bgcolor=#FFFFFF] [border: (2px inset #EEEEEE)]
          LayoutFlexibleBox {DIV} at (3,1.50) size 117x13
            LayoutBlockFlow {DIV} at (0,0) size 16x13
            LayoutBlockFlow {DIV} at (16,0) size 89x13
        LayoutText {#text} at (123,0) size 4x18
          text run at (123,0) width 4: " "
        LayoutTextControl {INPUT} at (127,2) size 123x16 [bgcolor=#FFFFFF] [border: (2px inset #EEEEEE)]
        LayoutText {#text} at (0,0) size 0x0
      LayoutBlockFlow {P} at (0,147) size 784x18
        LayoutTextControl {INPUT} at (0,0) size 123x12 [bgcolor=#FFFFFF] [border: (2px inset #EEEEEE)]
          LayoutFlexibleBox {DIV} at (3,0) size 117x12
            LayoutBlockFlow {DIV} at (0,0) size 16x13
            LayoutBlockFlow {DIV} at (16,3) size 89x6
        LayoutText {#text} at (123,0) size 4x18
          text run at (123,0) width 4: " "
        LayoutTextControl {INPUT} at (127,0) size 123x12 [bgcolor=#FFFFFF] [border: (2px inset #EEEEEE)]
        LayoutText {#text} at (0,0) size 0x0
layer at (27,76) size 89x13
  LayoutBlockFlow {DIV} at (0,0) size 89x13
    LayoutText {#text} at (0,0) size 24x13
      text run at (0,0) width 24: "Text"
layer at (138,76) size 117x13
  LayoutBlockFlow {DIV} at (3,16) size 117x13
    LayoutText {#text} at (0,0) size 24x13
      text run at (0,0) width 24: "Text"
layer at (27,125) size 89x13
  LayoutBlockFlow {DIV} at (0,0) size 89x13
    LayoutText {#text} at (0,0) size 24x13
      text run at (0,0) width 24: "Text"
layer at (138,125) size 117x13
  LayoutBlockFlow {DIV} at (3,1.50) size 117x13
    LayoutText {#text} at (0,0) size 24x13
      text run at (0,0) width 24: "Text"
layer at (27,158) size 89x6 scrollHeight 13
  LayoutBlockFlow {DIV} at (0,0) size 89x6
    LayoutText {#text} at (0,0) size 24x13
      text run at (0,0) width 24: "Text"
layer at (138,158) size 117x6 scrollHeight 13
  LayoutBlockFlow {DIV} at (3,3) size 117x6
    LayoutText {#text} at (0,0) size 24x13
      text run at (0,0) width 24: "Text"
layer at (117,77) size 11x11 transparent
  LayoutBlockFlow {DIV} at (106,14) size 11x11
layer at (117,126) size 11x11 transparent
  LayoutBlockFlow {DIV} at (106,1) size 11x11
layer at (117,156) size 11x11 transparent
  LayoutBlockFlow {DIV} at (106,0.50) size 11x11
