layer at (0,0) size 800x600
  LayoutView at (0,0) size 800x600
layer at (0,0) size 800x600
  LayoutBlockFlow {HTML} at (0,0) size 800x600
    LayoutBlockFlow {BODY} at (8,8) size 784x584
      LayoutText {#text} at (0,0) size 376x18
        text run at (0,0) width 376: "This tests that aqua-style search fields do not honor height."
      LayoutBR {BR} at (375,14) size 1x0
      LayoutTextControl {INPUT} at (0,23) size 100x15 [bgcolor=#FFFFFF] [border: (2px inset #EEEEEE)]
        LayoutFlexibleBox {DIV} at (3,2) size 94x11
          LayoutBlockFlow {DIV} at (0,0) size 14x11
          LayoutBlockFlow {DIV} at (14,0) size 70x11
      LayoutText {#text} at (100,20) size 4x18
        text run at (100,20) width 4: " "
      LayoutTextControl {INPUT} at (104,20) size 125x19 [bgcolor=#FFFFFF] [border: (2px inset #EEEEEE)]
        LayoutFlexibleBox {DIV} at (4,3) size 117x13
          LayoutBlockFlow {DIV} at (0,0) size 16x13
          LayoutBlockFlow {DIV} at (16,0) size 89x13
      LayoutText {#text} at (229,20) size 4x18
        text run at (229,20) width 4: " "
      LayoutTextControl {INPUT} at (233,18) size 150x22 [bgcolor=#FFFFFF] [border: (2px inset #EEEEEE)]
        LayoutFlexibleBox {DIV} at (5,3) size 140x16
          LayoutBlockFlow {DIV} at (0,1) size 15x14
          LayoutBlockFlow {DIV} at (15,0) size 110x16
      LayoutText {#text} at (0,0) size 0x0
layer at (25,33) size 70x11
  LayoutBlockFlow {DIV} at (0,0) size 70x11
    LayoutText {#text} at (0,0) size 20x11
      text run at (0,0) width 20: "mini"
layer at (132,31) size 89x13
  LayoutBlockFlow {DIV} at (0,0) size 89x13
    LayoutText {#text} at (0,0) size 29x13
      text run at (0,0) width 29: "small"
layer at (261,29) size 110x16
  LayoutBlockFlow {DIV} at (0,0) size 110x16
    LayoutText {#text} at (0,0) size 45x16
      text run at (0,0) width 45: "regular"
layer at (96,34) size 9x9 transparent
  LayoutBlockFlow {DIV} at (85,1) size 9x9
layer at (222,32) size 11x11 transparent
  LayoutBlockFlow {DIV} at (106,1) size 11x11
layer at (372,30) size 14x14 transparent
  LayoutBlockFlow {DIV} at (126,1) size 14x14
