layer at (0,0) size 800x600
  LayoutView at (0,0) size 800x600
layer at (0,0) size 800x600
  LayoutBlockFlow {HTML} at (0,0) size 800x600
    LayoutBlockFlow {BODY} at (8,8) size 784x584
      LayoutText {#text} at (0,0) size 510x18
        text run at (0,0) width 510: "This tests that the display:none style will work on a search field's cancel button."
      LayoutBR {BR} at (509,14) size 1x0
      LayoutTextControl {INPUT} at (0,18) size 125x19 [bgcolor=#FFFFFF] [border: (2px inset #EEEEEE)]
        LayoutFlexibleBox {DIV} at (4,3) size 117x13
          LayoutBlockFlow {DIV} at (0,6.50) size 5x0
          LayoutBlockFlow {DIV} at (5,0) size 112x13
      LayoutText {#text} at (0,0) size 0x0
layer at (17,29) size 112x13
  LayoutBlockFlow {DIV} at (0,0) size 112x13
    LayoutText {#text} at (0,0) size 20x13
      text run at (0,0) width 20: "test"
