layer at (0,0) size 800x600
  LayoutView at (0,0) size 800x600
layer at (0,0) size 800x600
  LayoutBlockFlow {HTML} at (0,0) size 800x600
    LayoutBlockFlow {BODY} at (8,8) size 784x584
      LayoutText {#text} at (0,0) size 454x18
        text run at (0,0) width 454: "This tests that you can tab out of a text field if an iframe comes after it."
      LayoutBR {BR} at (453,14) size 1x0
      LayoutTextControl {INPUT} at (0,156) size 123x19 [bgcolor=#FFFFFF] [border: (2px inset #EEEEEE)]
      LayoutText {#text} at (123,156) size 4x18
        text run at (123,156) width 4: " "
      LayoutText {#text} at (429,156) size 4x18
        text run at (429,156) width 4: " "
      LayoutTextControl {INPUT} at (433,156) size 123x19 [bgcolor=#FFFFFF] [border: (2px inset #EEEEEE)]
      LayoutText {#text} at (0,0) size 0x0
layer at (11,167) size 117x13
  LayoutBlockFlow {DIV} at (3,3) size 117x13
layer at (135,26) size 302x152
  LayoutIFrame {IFRAME} at (127,18) size 302x152 [border: (1px solid #000000)]
    layer at (0,0) size 300x150
      LayoutView at (0,0) size 300x150
    layer at (0,0) size 300x150
      LayoutBlockFlow {HTML} at (0,0) size 300x150
        LayoutBlockFlow {BODY} at (8,8) size 284x134
layer at (444,167) size 117x13 scrollWidth 124
  LayoutBlockFlow {DIV} at (3,3) size 117x13
    LayoutText {#text} at (0,0) size 123x13
      text run at (0,0) width 123: "This should have focus"
selection start: position 0 of child 0 {#text} of child 0 {DIV} of {#document-fragment} of child 7 {INPUT} of body
selection end:   position 22 of child 0 {#text} of child 0 {DIV} of {#document-fragment} of child 7 {INPUT} of body
