layer at (0,0) size 800x600
  LayoutView at (0,0) size 800x600
layer at (0,0) size 800x600
  LayoutBlockFlow {HTML} at (0,0) size 800x600
    LayoutBlockFlow {BODY} at (8,8) size 784x584
      LayoutTextControl {INPUT} at (0,0) size 123x19 [bgcolor=#FFFFFF] [border: (2px inset #EEEEEE)]
      LayoutText {#text} at (123,0) size 4x18
        text run at (123,0) width 4: " "
      LayoutTextControl {INPUT} at (127,0) size 123x19 [color=#FF0000] [bgcolor=#FFFFFF] [border: (2px inset #EEEEEE)]
      LayoutText {#text} at (250,0) size 4x18
        text run at (250,0) width 4: " "
      LayoutTextControl {INPUT} at (254,0) size 123x19 [bgcolor=#008000] [border: (2px inset #EEEEEE)]
      LayoutText {#text} at (377,0) size 4x18
        text run at (377,0) width 4: " "
      LayoutTextControl {INPUT} at (381,0) size 123x19 [color=#FF0000] [bgcolor=#008000] [border: (2px inset #EEEEEE)]
      LayoutText {#text} at (0,0) size 0x0
layer at (11,11) size 117x13
  LayoutBlockFlow {DIV} at (3,3) size 117x13
    LayoutText {#text} at (0,0) size 38x13
      text run at (0,0) width 38: "default"
layer at (138,11) size 117x13
  LayoutBlockFlow {DIV} at (3,3) size 117x13
    LayoutText {#text} at (0,0) size 18x13
      text run at (0,0) width 18: "red"
layer at (265,11) size 117x13
  LayoutBlockFlow {DIV} at (3,3) size 117x13
    LayoutText {#text} at (0,0) size 89x13
      text run at (0,0) width 89: "default on green"
layer at (392,11) size 117x13
  LayoutBlockFlow {DIV} at (3,3) size 117x13
    LayoutText {#text} at (0,0) size 69x13
      text run at (0,0) width 69: "red on green"
