layer at (0,0) size 800x600
  LayoutView at (0,0) size 800x600
layer at (0,0) size 800x70
  LayoutBlockFlow {HTML} at (0,0) size 800x70
    LayoutBlockFlow {BODY} at (8,8) size 784x54
      LayoutText {#text} at (0,0) size 542x18
        text run at (0,0) width 542: "Test passes if the textarea's gray background and text are masked off to a 10x10 rect."
      LayoutBR {BR} at (541,0) size 1x18
      LayoutText {#text} at (0,0) size 0x0
layer at (8,26) size 161x32 clip at (9,27) size 144x30 transparent scrollY 39.00 scrollHeight 69
  LayoutTextControl {TEXTAREA} at (0,18) size 161x32 [bgcolor=#D3D3D3] [border: (1px solid #000000)]
    LayoutBlockFlow {DIV} at (3,3) size 140x65
      LayoutText {#text} at (0,0) size 7x13
        text run at (0,0) width 7: "1"
      LayoutBR {BR} at (6,0) size 1x13
      LayoutText {#text} at (0,13) size 7x13
        text run at (0,13) width 7: "2"
      LayoutBR {BR} at (6,13) size 1x13
      LayoutText {#text} at (0,26) size 7x13
        text run at (0,26) width 7: "3"
      LayoutBR {BR} at (6,26) size 1x13
      LayoutText {#text} at (0,39) size 7x13
        text run at (0,39) width 7: "4"
      LayoutBR {BR} at (6,39) size 1x13
      LayoutBR {BR} at (0,52) size 0x13
