layer at (0,0) size 800x600
  LayoutView at (0,0) size 800x600
layer at (0,0) size 800x52
  LayoutBlockFlow {HTML} at (0,0) size 800x52
    LayoutBlockFlow {BODY} at (8,8) size 784x36
      LayoutTextControl {INPUT} at (0,0) size 102x2 [bgcolor=#FFFFFF]
      LayoutText {#text} at (0,0) size 0x0
      LayoutText {#text} at (0,0) size 0x0
layer at (9,9) size 100x0 scrollHeight 38
  LayoutBlockFlow {DIV} at (1,1) size 100x0
    LayoutText {#text} at (0,0) size 66x38
      text run at (0,0) width 66: "FAIL"
