layer at (0,0) size 800x600
  LayoutView at (0,0) size 800x600
layer at (0,0) size 800x600
  LayoutBlockFlow {HTML} at (0,0) size 800x600
    LayoutBlockFlow {BODY} at (8,8) size 784x584
      LayoutText {#text} at (200,186) size 4x18
        text run at (200,186) width 4: " "
      LayoutText {#text} at (204,186) size 52x18
        text run at (204,186) width 52: "183 316"
layer at (8,8) size 200x200 clip at (9,9) size 183x198 scrollHeight 316
  LayoutTextControl {TEXTAREA} at (0,0) size 200x200 [bgcolor=#FFFFFF] [border: (1px solid #000000)]
    LayoutBlockFlow {DIV} at (3,3) size 179x312
      LayoutText {#text} at (0,0) size 84x13
        text run at (0,0) width 84: "Lots of content."
      LayoutBR {BR} at (83,11) size 1x0
      LayoutText {#text} at (0,13) size 84x13
        text run at (0,13) width 84: "Lots of content."
      LayoutBR {BR} at (83,24) size 1x0
      LayoutText {#text} at (0,26) size 84x13
        text run at (0,26) width 84: "Lots of content."
      LayoutBR {BR} at (83,37) size 1x0
      LayoutText {#text} at (0,39) size 84x13
        text run at (0,39) width 84: "Lots of content."
      LayoutBR {BR} at (83,50) size 1x0
      LayoutBR {BR} at (0,52) size 0x13
      LayoutText {#text} at (0,65) size 84x13
        text run at (0,65) width 84: "Lots of content."
      LayoutBR {BR} at (83,76) size 1x0
      LayoutText {#text} at (0,78) size 84x13
        text run at (0,78) width 84: "Lots of content."
      LayoutBR {BR} at (83,89) size 1x0
      LayoutBR {BR} at (0,91) size 0x13
      LayoutText {#text} at (0,104) size 84x13
        text run at (0,104) width 84: "Lots of content."
      LayoutBR {BR} at (83,115) size 1x0
      LayoutText {#text} at (0,117) size 84x13
        text run at (0,117) width 84: "Lots of content."
      LayoutBR {BR} at (83,128) size 1x0
      LayoutBR {BR} at (0,130) size 0x13
      LayoutText {#text} at (0,143) size 84x13
        text run at (0,143) width 84: "Lots of content."
      LayoutBR {BR} at (83,154) size 1x0
      LayoutText {#text} at (0,156) size 84x13
        text run at (0,156) width 84: "Lots of content."
      LayoutBR {BR} at (83,167) size 1x0
      LayoutBR {BR} at (0,169) size 0x13
      LayoutText {#text} at (0,182) size 84x13
        text run at (0,182) width 84: "Lots of content."
      LayoutBR {BR} at (83,193) size 1x0
      LayoutText {#text} at (0,195) size 84x13
        text run at (0,195) width 84: "Lots of content."
      LayoutBR {BR} at (83,206) size 1x0
      LayoutBR {BR} at (0,208) size 0x13
      LayoutText {#text} at (0,221) size 84x13
        text run at (0,221) width 84: "Lots of content."
      LayoutBR {BR} at (83,232) size 1x0
      LayoutText {#text} at (0,234) size 84x13
        text run at (0,234) width 84: "Lots of content."
      LayoutBR {BR} at (83,245) size 1x0
      LayoutBR {BR} at (0,247) size 0x13
      LayoutText {#text} at (0,260) size 84x13
        text run at (0,260) width 84: "Lots of content."
      LayoutBR {BR} at (83,271) size 1x0
      LayoutText {#text} at (0,273) size 84x13
        text run at (0,273) width 84: "Lots of content."
      LayoutBR {BR} at (83,284) size 1x0
      LayoutBR {BR} at (0,286) size 0x13
      LayoutBR {BR} at (0,299) size 0x13
