layer at (0,0) size 800x600
  LayoutView at (0,0) size 800x600
layer at (0,0) size 800x600
  LayoutBlockFlow {HTML} at (0,0) size 800x600
    LayoutBlockFlow {BODY} at (8,8) size 784x584
      LayoutBlockFlow {DIV} at (0,0) size 316x304 [border: (2px solid #800000)]
        LayoutInline {SPAN} at (0,0) size 17x220 [border: (5px solid #000000) none (5px solid #000000) none]
          LayoutImage {IMG} at (5,12) size 100x200 [bgcolor=#008000]
        LayoutText {#text} at (2,222) size 17x4
          text run at (2,222) width 4: " "
        LayoutBR {BR} at (5,226) size 0x0
        LayoutInline {SPAN} at (0,0) size 17x220 [border: (5px solid #000000) none (5px solid #000000) none]
          LayoutImage {IMG} at (109,12) size 100x200 [bgcolor=#008000]
        LayoutText {#text} at (106,222) size 17x4
          text run at (106,222) width 4: " "
        LayoutBR {BR} at (109,226) size 0x0
        LayoutInline {SPAN} at (0,0) size 17x220 [border: (5px solid #000000) none (5px solid #000000) none]
          LayoutImage {IMG} at (213,12) size 100x200 [bgcolor=#008000]
        LayoutText {#text} at (0,0) size 0x0
