layer at (0,0) size 800x600 clip at (0,0) size 785x600 scrollHeight 608
  LayoutView at (0,0) size 800x600
layer at (0,0) size 785x600
  LayoutBlockFlow {HTML} at (0,0) size 785x600
    LayoutBlockFlow {BODY} at (8,8) size 727x584
      LayoutBlockFlow {DIV} at (0,0) size 144x600
        LayoutInline {SPAN} at (0,0) size 135x562 [bgcolor=#0000FF]
          LayoutText {#text} at (0,0) size 0x0
          LayoutInline {SPAN} at (0,0) size 135x562 [bgcolor=#FFFFE0] [border: (5px solid #008000)]
            LayoutText {#text} at (9,35) size 125x562
              text run at (9,35) width 527: "This sentence is too long to"
              text run at (81,0) width 359: "fit on a single line."
        LayoutText {#text} at (0,0) size 0x0
