layer at (0,0) size 800x600
  LayoutView at (0,0) size 800x600
layer at (696,0) size 104x600
  LayoutBlockFlow {HTML} at (0,0) size 104x600 [border: (10px solid #800000)]
    LayoutBlockFlow {BODY} at (18,18) size 68x564
      LayoutText {#text} at (22,0) size 45x220
        text run at (22,0) width 220: "\x{653B}\x{6BBB} \x{6A5F}\x{52D5}\x{968A} "
      LayoutRuby (inline) {RUBY} at (0,0) size 45x200
        LayoutRubyRun (anonymous) at (21,220) size 47x80
          LayoutRubyText {RT} at (-21,0) size 23x80
            LayoutText {#text} at (0,0) size 22x79
              text run at (0,0) width 79: "\x{3053}\x{3046}\x{304B}\x{304F}"
          LayoutRubyBase (anonymous) at (0,0) size 47x80
            LayoutText {#text} at (1,0) size 45x80
              text run at (1,0) width 80: "\x{653B}\x{6BBB}"
        LayoutRubyRun (anonymous) at (21,300) size 47x120
          LayoutRubyText {RT} at (-21,0) size 23x120
            LayoutText {#text} at (0,2) size 22x115
              text run at (0,2) width 115: "\x{304D}\x{3069}\x{3046}\x{305F}\x{3044}"
          LayoutRubyBase (anonymous) at (0,0) size 47x120
            LayoutText {#text} at (1,0) size 45x120
              text run at (1,0) width 120: "\x{6A5F}\x{52D5}\x{968A}"
      LayoutText {#text} at (0,0) size 0x0
