layer at (0,0) size 800x600
  LayoutView at (0,0) size 800x600
layer at (548,0) size 252x600
  LayoutBlockFlow {HTML} at (0,0) size 252x600
    LayoutBlockFlow {BODY} at (24,8) size 204x584
      LayoutBlockFlow {P} at (0,0) size 110x584
        LayoutInline {SPAN} at (0,0) size 26x102
          LayoutText {#text} at (15,0) size 26x102
            text run at (15,0) width 102: "\x{7B2C}\x{4E00}\x{6BB5}\x{843D} "
        LayoutInline {SPAN} at (0,0) size 108x459
          LayoutText {#text} at (1,102) size 53x335
            text run at (1,102) width 335: "PARAGRAPH 1 "
          LayoutBR {BR} at (1,436) size 53x1
          LayoutText {#text} at (56,0) size 53x294
            text run at (56,0) width 294: "MORE TEXT. "
          LayoutInline {SPAN} at (0,0) size 15x166
            LayoutText {#text} at (75,293) size 15x166
              text run at (75,293) width 165: "SHOULD NOT BE CENTERED."
          LayoutText {#text} at (0,0) size 0x0
      LayoutBlockFlow {P} at (134,0) size 70x584
        LayoutInline {SPAN} at (0,0) size 26x467
          LayoutText {#text} at (22,0) size 26x102
            text run at (22,0) width 102: "\x{7B2C}\x{4E8C}\x{6BB5}\x{843D} "
          LayoutInline {SPAN} at (0,0) size 53x365
            LayoutText {#text} at (8,102) size 53x335
              text run at (8,102) width 335: "PARAGRAPH 2 "
            LayoutImage {IMG} at (0,436.33) size 70x30 [bgcolor=#008000]
            LayoutText {#text} at (0,0) size 0x0
