layer at (0,0) size 800x600 clip at (0,0) size 785x600 scrollHeight 1379
  LayoutView at (0,0) size 800x600
layer at (0,0) size 785x1379 backgroundClip at (0,0) size 785x600 clip at (0,0) size 785x600
  LayoutBlockFlow {HTML} at (0,0) size 785x1379.19
    LayoutBlockFlow {BODY} at (8,17.41) size 769x1353.78 [color=#00FF00] [bgcolor=#333333]
      LayoutBlockFlow {H1} at (0,0) size 769x30
        LayoutText {#text} at (0,0) size 515x30
          text run at (0,0) width 515: "CSS2 Table Backgrounds Test Suite"
      LayoutBlockFlow {H2} at (0,47.41) size 769x22
        LayoutText {#text} at (0,0) size 270x22
          text run at (0,0) width 270: "Part A: Background Area"
      LayoutBlockFlow {H3} at (0,85.58) size 769x17
        LayoutText {#text} at (0,0) size 225x17
          text run at (0,0) width 225: "Background on 'table-row'"
      LayoutBlockFlow {P} at (0,117.78) size 769x16
        LayoutText {#text} at (0,0) size 200x16
          text run at (0,0) width 200: "All four rows are styled."
      LayoutBlockFlow {P} at (0,146.78) size 769x64
        LayoutText {#text} at (0,0) size 744x64
          text run at (0,0) width 400: "The table row background should be visible within "
          text run at (400,0) width 344: "the border edge of each cell originating in"
          text run at (0,16) width 136: "the row, and the "
          text run at (136,16) width 520: "background should be continuously tiled to fill the entire cell. "
          text run at (656,16) width 88: "Within each"
          text run at (0,32) width 424: "row, all stripes should line up as if the cells were "
          text run at (424,32) width 320: "cutouts in a stencil placed over the row"
          text run at (0,48) width 200: "background. Furthermore, "
          text run at (200,48) width 336: "vertical stripes should align across rows."
      LayoutBlockFlow {P} at (0,223.78) size 769x48
        LayoutText {#text} at (0,0) size 752x48
          text run at (0,0) width 360: "A red band should align with the left border "
          text run at (360,0) width 368: "edge of the first cells in each row. An orange"
          text run at (0,16) width 160: "stripe should align "
          text run at (160,16) width 536: "a few pixels above the bottom border of the non-row-spanning cells "
          text run at (696,16) width 56: "in each"
          text run at (0,32) width 32: "row."
      LayoutBlockFlow {DL} at (0,284.78) size 769x96
        LayoutBlockFlow {DT} at (0,0) size 769x16
          LayoutText {#text} at (0,0) size 32x16
            text run at (0,0) width 32: "next"
        LayoutBlockFlow {DD} at (40,16) size 729x16
          LayoutInline {A} at (0,0) size 360x16 [color=#FFFF00]
            LayoutText {#text} at (0,0) size 360x16
              text run at (0,0) width 360: "Background Area: Background on 'table-column'"
          LayoutText {#text} at (0,0) size 0x0
        LayoutBlockFlow {DT} at (0,32) size 769x16
          LayoutText {#text} at (0,0) size 64x16
            text run at (0,0) width 64: "previous"
        LayoutBlockFlow {DD} at (40,48) size 729x16
          LayoutInline {A} at (0,0) size 408x16 [color=#FFFF00]
            LayoutText {#text} at (0,0) size 408x16
              text run at (0,0) width 408: "Background Area: Background on 'table-column-group'"
          LayoutText {#text} at (0,0) size 0x0
        LayoutBlockFlow {DT} at (0,64) size 769x16
          LayoutText {#text} at (0,0) size 64x16
            text run at (0,0) width 64: "contents"
        LayoutBlockFlow {DD} at (40,80) size 729x16
          LayoutInline {A} at (0,0) size 136x16 [color=#FFFF00]
            LayoutText {#text} at (0,0) size 136x16
              text run at (0,0) width 136: "Table of Contents"
          LayoutText {#text} at (0,0) size 0x0
      LayoutTable {TABLE} at (0,393.78) size 618x471 [color=#FFFFFF] [border: (1px dotted #FFFFFF)]
        LayoutBlockFlow {CAPTION} at (0,0) size 618x27
          LayoutText {#text} at (142,0) size 334x27
            text run at (142,0) width 334: "With 'border-collapse: separate'"
        LayoutTableCol {COLGROUP} at (0,0) size 0x0
          LayoutTableCol {COL} at (0,0) size 0x0
          LayoutTableCol {COL} at (0,0) size 0x0
          LayoutTableCol {COL} at (0,0) size 0x0
        LayoutTableCol {COLGROUP} at (0,0) size 0x0
          LayoutTableCol {COL} at (0,0) size 0x0
        LayoutTableSection {THEAD} at (1,28) size 616x114
          LayoutTableRow {TR} at (0,7) size 616x100 [bgcolor=#000000]
            LayoutTableCell {TH} at (7,44) size 130x26 [border: (1px dotted #FFFFFF)] [r=0 c=0 rs=1 cs=1]
              LayoutText {#text} at (42,2) size 46x21
                text run at (42,2) width 46: "TH A"
            LayoutTableCell {TH} at (144,32) size 220x50 [border: (13px dotted #FFFFFF)] [r=0 c=1 rs=1 cs=1]
              LayoutText {#text} at (87,14) size 46x21
                text run at (87,14) width 46: "TH B"
            LayoutTableCell {TH} at (371,44) size 118x26 [border: (1px dotted #FFFFFF)] [r=0 c=2 rs=1 cs=1]
              LayoutText {#text} at (36,2) size 46x21
                text run at (36,2) width 46: "TH C"
            LayoutTableCell {TH} at (496,44) size 113x26 [border: (1px dotted #FFFFFF)] [r=0 c=3 rs=1 cs=1]
              LayoutText {#text} at (34,2) size 45x21
                text run at (34,2) width 45: "TH D"
        LayoutTableSection {TFOOT} at (1,348) size 616x122
          LayoutTableRow {TR} at (0,0) size 616x115 [bgcolor=#000000]
            LayoutTableCell {TD} at (7,42) size 357x31 [border: (1px dotted #FFFFFF)] [r=0 c=0 rs=1 cs=2]
              LayoutText {#text} at (2,2) size 54x27
                text run at (2,2) width 54: "TD M"
            LayoutTableCell {TD} at (371,42) size 118x31 [border: (1px dotted #FFFFFF)] [r=0 c=2 rs=1 cs=1]
              LayoutText {#text} at (2,2) size 52x27
                text run at (2,2) width 52: "TD O"
            LayoutTableCell {TD} at (496,42) size 113x31 [border: (1px dotted #FFFFFF)] [r=0 c=3 rs=1 cs=1]
              LayoutText {#text} at (2,2) size 50x27
                text run at (2,2) width 50: "TD P"
        LayoutTableSection {TBODY} at (1,142) size 616x206
          LayoutTableRow {TR} at (0,0) size 616x108 [bgcolor=#000000]
            LayoutTableCell {TD} at (7,72) size 130x55 [border: (13px dotted #FFFFFF)] [r=0 c=0 rs=2 cs=1]
              LayoutText {#text} at (14,14) size 50x27
                text run at (14,14) width 50: "TD E"
            LayoutTableCell {TD} at (144,38) size 220x31 [border: (1px dotted #FFFFFF)] [r=0 c=1 rs=1 cs=1]
              LayoutText {#text} at (2,2) size 48x27
                text run at (2,2) width 48: "TD F"
            LayoutTableCell {TD} at (371,38) size 118x31 [border: (1px dotted #FFFFFF)] [r=0 c=2 rs=1 cs=1]
              LayoutText {#text} at (2,2) size 52x27
                text run at (2,2) width 52: "TD G"
            LayoutTableCell {TD} at (496,38) size 113x31 [border: (1px dotted #FFFFFF)] [r=0 c=3 rs=1 cs=1]
              LayoutText {#text} at (2,2) size 52x27
                text run at (2,2) width 52: "TD H"
          LayoutTableRow {TR} at (0,115) size 616x84 [bgcolor=#000000]
            LayoutTableCell {TD} at (144,141) size 220x31 [border: (1px dotted #FFFFFF)] [r=1 c=1 rs=1 cs=1]
              LayoutText {#text} at (2,2) size 48x27
                text run at (2,2) width 48: "TD J"
            LayoutTableCell {TD} at (371,141) size 118x31 [border: (1px dotted #FFFFFF)] [r=1 c=2 rs=1 cs=1]
              LayoutText {#text} at (2,2) size 52x27
                text run at (2,2) width 52: "TD K"
            LayoutTableCell {TD} at (496,141) size 113x31 [border: (1px dotted #FFFFFF)] [r=1 c=3 rs=1 cs=1]
              LayoutText {#text} at (2,2) size 48x27
                text run at (2,2) width 48: "TD L"
      LayoutTable {TABLE} at (0,864.78) size 578x437 [color=#FFFFFF] [border: (6px dotted #FFFFFF)]
        LayoutBlockFlow {CAPTION} at (0,0) size 578x27
          LayoutText {#text} at (124,0) size 330x27
            text run at (124,0) width 330: "With 'border-collapse: collapse'"
        LayoutTableCol {COLGROUP} at (0,0) size 0x0
          LayoutTableCol {COL} at (0,0) size 0x0
          LayoutTableCol {COL} at (0,0) size 0x0
          LayoutTableCol {COL} at (0,0) size 0x0
        LayoutTableCol {COLGROUP} at (0,0) size 0x0
          LayoutTableCol {COL} at (0,0) size 0x0
        LayoutTableSection {THEAD} at (0,33) size 577x99
          LayoutTableRow {TR} at (0,0) size 577x99 [bgcolor=#000000]
            LayoutTableCell {TH} at (0,34) size 135x31 [border: (1px dotted #FFFFFF)] [r=0 c=0 rs=1 cs=1]
              LayoutText {#text} at (42,2) size 46x21
                text run at (42,2) width 46: "TH A"
            LayoutTableCell {TH} at (135,31) size 207x37 [border: (7px dotted #FFFFFF)] [r=0 c=1 rs=1 cs=1]
              LayoutText {#text} at (81,8) size 46x21
                text run at (81,8) width 46: "TH B"
            LayoutTableCell {TH} at (342,37) size 123x25 [border: (1px dotted #FFFFFF)] [r=0 c=2 rs=1 cs=1]
              LayoutText {#text} at (42,2) size 46x21
                text run at (42,2) width 46: "TH C"
            LayoutTableCell {TH} at (465,37) size 112x25 [border: (1px dotted #FFFFFF)] [r=0 c=3 rs=1 cs=1]
              LayoutText {#text} at (34,2) size 45x21
                text run at (34,2) width 45: "TH D"
        LayoutTableSection {TFOOT} at (0,322) size 577x114
          LayoutTableRow {TR} at (0,0) size 577x114 [bgcolor=#000000]
            LayoutTableCell {TD} at (0,39) size 342x36 [border: (7px dotted #FFFFFF)] [r=0 c=0 rs=1 cs=2]
              LayoutText {#text} at (2,8) size 54x27
                text run at (2,8) width 54: "TD M"
            LayoutTableCell {TD} at (342,42) size 123x30 [border: (1px dotted #FFFFFF)] [r=0 c=2 rs=1 cs=1]
              LayoutText {#text} at (2,2) size 52x27
                text run at (2,2) width 52: "TD O"
            LayoutTableCell {TD} at (465,42) size 112x30 [border: (1px dotted #FFFFFF)] [r=0 c=3 rs=1 cs=1]
              LayoutText {#text} at (2,2) size 50x27
                text run at (2,2) width 50: "TD P"
        LayoutTableSection {TBODY} at (0,132) size 577x190
          LayoutTableRow {TR} at (0,0) size 577x107 [bgcolor=#000000]
            LayoutTableCell {TD} at (0,74) size 135x42 [border: (7px dotted #FFFFFF)] [r=0 c=0 rs=2 cs=1]
              LayoutText {#text} at (8,8) size 50x27
                text run at (8,8) width 50: "TD E"
            LayoutTableCell {TD} at (135,35) size 207x36 [border: (7px dotted #FFFFFF)] [r=0 c=1 rs=1 cs=1]
              LayoutText {#text} at (8,8) size 48x27
                text run at (8,8) width 48: "TD F"
            LayoutTableCell {TD} at (342,38) size 123x30 [border: (1px dotted #FFFFFF)] [r=0 c=2 rs=1 cs=1]
              LayoutText {#text} at (2,2) size 52x27
                text run at (2,2) width 52: "TD G"
            LayoutTableCell {TD} at (465,38) size 112x30 [border: (1px dotted #FFFFFF)] [r=0 c=3 rs=1 cs=1]
              LayoutText {#text} at (2,2) size 52x27
                text run at (2,2) width 52: "TD H"
          LayoutTableRow {TR} at (0,107) size 577x83 [bgcolor=#000000]
            LayoutTableCell {TD} at (135,133) size 207x30 [border: (1px dotted #FFFFFF)] [r=1 c=1 rs=1 cs=1]
              LayoutText {#text} at (8,2) size 48x27
                text run at (8,2) width 48: "TD J"
            LayoutTableCell {TD} at (342,133) size 123x30 [border: (1px dotted #FFFFFF)] [r=1 c=2 rs=1 cs=1]
              LayoutText {#text} at (2,2) size 52x27
                text run at (2,2) width 52: "TD K"
            LayoutTableCell {TD} at (465,133) size 112x30 [border: (1px dotted #FFFFFF)] [r=1 c=3 rs=1 cs=1]
              LayoutText {#text} at (2,2) size 48x27
                text run at (2,2) width 48: "TD L"
      LayoutBlockFlow {DIV} at (0,1301.78) size 769x35
        LayoutInline {A} at (0,0) size 88x16 [color=#FFFF00]
          LayoutImage {IMG} at (0,0) size 88x31
        LayoutText {#text} at (0,0) size 0x0
      LayoutBlockFlow {ADDRESS} at (0,1336.78) size 769x17
        LayoutText {#text} at (0,0) size 704x17
          text run at (0,0) width 704: "CSS2 Table Backgrounds Test Suite designed and written by fantasai <fantasai@escape.com>"
