layer at (0,0) size 800x600
  LayoutView at (0,0) size 800x600
layer at (0,0) size 800x600
  LayoutBlockFlow {HTML} at (0,0) size 800x600
    LayoutBlockFlow {BODY} at (8,8) size 784x584 [bgcolor=#CCCCCC]
      LayoutBlockFlow {P} at (0,0) size 784x18
        LayoutText {#text} at (0,0) size 363x17
          text run at (0,0) width 363: "The style declarations which apply to the text below are:"
      LayoutBlockFlow {PRE} at (0,34) size 784x48
        LayoutText {#text} at (0,0) size 416x48
          text run at (0,0) width 416: ".one {border-left-width: 25px; border-style: solid;}"
          text run at (416,0) width 0: " "
          text run at (0,16) width 416: ".two {border-left-width: thin; border-style: solid;}"
          text run at (416,16) width 0: " "
          text run at (0,32) width 264: ".three {border-left-width: 25px;}"
          text run at (264,32) width 0: " "
      LayoutBlockFlow {HR} at (0,95) size 784x2 [border: (1px inset #EEEEEE)]
      LayoutBlockFlow {P} at (0,113) size 784x78 [border: (3px solid #000000) (25px solid #000000)]
        LayoutText {#text} at (25,3) size 176x17
          text run at (25,3) width 176: "This element has a class of "
        LayoutInline {TT} at (0,0) size 25x16
          LayoutText {#text} at (200,5) size 25x16
            text run at (200,5) width 25: "one"
        LayoutText {#text} at (224,3) size 165x17
          text run at (224,3) width 9: ". "
          text run at (232,3) width 157: "However, it contains an "
        LayoutInline {SPAN} at (0,0) size 176x23 [border: (3px solid #000000) (1px solid #000000)]
          LayoutText {#text} at (389,3) size 148x17
            text run at (389,3) width 148: "inline element of class "
          LayoutInline {TT} at (0,0) size 25x16
            LayoutText {#text} at (536,5) size 25x16
              text run at (536,5) width 25: "two"
        LayoutText {#text} at (563,3) size 729x35
          text run at (563,3) width 191: ", which should result in a thin"
          text run at (25,21) width 221: "solid border on the left side of the "
        LayoutInline {STRONG} at (0,0) size 29x17
          LayoutText {#text} at (245,21) size 29x17
            text run at (245,21) width 29: "first"
        LayoutText {#text} at (273,21) size 715x35
          text run at (273,21) width 467: " box in the inline element (and the UA's default border on the other three"
          text run at (25,39) width 46: "sides). "
          text run at (70,39) width 106: "There is also an "
        LayoutInline {SPAN} at (0,0) size 188x17
          LayoutText {#text} at (175,39) size 148x17
            text run at (175,39) width 148: "inline element of class "
          LayoutInline {TT} at (0,0) size 41x16
            LayoutText {#text} at (322,41) size 41x16
              text run at (322,41) width 41: "three"
        LayoutText {#text} at (362,39) size 707x35
          text run at (362,39) width 370: ", which should have no left border width or visible border"
          text run at (25,57) width 206: "because no border style was set."
      LayoutTable {TABLE} at (0,207) size 784x114 [border: (1px outset #808080)]
        LayoutTableSection {TBODY} at (1,1) size 782x112
          LayoutTableRow {TR} at (0,0) size 782x26
            LayoutTableCell {TD} at (0,0) size 782x26 [bgcolor=#C0C0C0] [border: (1px inset #808080)] [r=0 c=0 rs=1 cs=2]
              LayoutInline {STRONG} at (0,0) size 161x17
                LayoutText {#text} at (4,4) size 161x17
                  text run at (4,4) width 161: "TABLE Testing Section"
          LayoutTableRow {TR} at (0,26) size 782x86
            LayoutTableCell {TD} at (0,56) size 12x26 [bgcolor=#C0C0C0] [border: (1px inset #808080)] [r=1 c=0 rs=1 cs=1]
              LayoutText {#text} at (4,4) size 4x17
                text run at (4,4) width 4: " "
            LayoutTableCell {TD} at (12,26) size 770x86 [border: (1px inset #808080)] [r=1 c=1 rs=1 cs=1]
              LayoutBlockFlow {P} at (4,4) size 762x78 [border: (3px solid #000000) (25px solid #000000)]
                LayoutText {#text} at (25,3) size 176x17
                  text run at (25,3) width 176: "This element has a class of "
                LayoutInline {TT} at (0,0) size 25x16
                  LayoutText {#text} at (200,5) size 25x16
                    text run at (200,5) width 25: "one"
                LayoutText {#text} at (224,3) size 165x17
                  text run at (224,3) width 9: ". "
                  text run at (232,3) width 157: "However, it contains an "
                LayoutInline {SPAN} at (0,0) size 176x23 [border: (3px solid #000000) (1px solid #000000)]
                  LayoutText {#text} at (389,3) size 148x17
                    text run at (389,3) width 148: "inline element of class "
                  LayoutInline {TT} at (0,0) size 25x16
                    LayoutText {#text} at (536,5) size 25x16
                      text run at (536,5) width 25: "two"
                LayoutText {#text} at (563,3) size 729x35
                  text run at (563,3) width 191: ", which should result in a thin"
                  text run at (25,21) width 221: "solid border on the left side of the "
                LayoutInline {STRONG} at (0,0) size 29x17
                  LayoutText {#text} at (245,21) size 29x17
                    text run at (245,21) width 29: "first"
                LayoutText {#text} at (273,21) size 715x35
                  text run at (273,21) width 467: " box in the inline element (and the UA's default border on the other three"
                  text run at (25,39) width 46: "sides). "
                  text run at (70,39) width 106: "There is also an "
                LayoutInline {SPAN} at (0,0) size 188x17
                  LayoutText {#text} at (175,39) size 148x17
                    text run at (175,39) width 148: "inline element of class "
                  LayoutInline {TT} at (0,0) size 41x16
                    LayoutText {#text} at (322,41) size 41x16
                      text run at (322,41) width 41: "three"
                LayoutText {#text} at (362,39) size 707x35
                  text run at (362,39) width 370: ", which should have no left border width or visible border"
                  text run at (25,57) width 206: "because no border style was set."
