layer at (0,0) size 800x600
  LayoutView at (0,0) size 800x600
layer at (0,0) size 800x600
  LayoutBlockFlow {HTML} at (0,0) size 800x600
    LayoutBlockFlow {BODY} at (8,8) size 784x584 [bgcolor=#CCCCCC]
      LayoutBlockFlow {P} at (0,0) size 784x18
        LayoutText {#text} at (0,0) size 363x17
          text run at (0,0) width 363: "The style declarations which apply to the text below are:"
      LayoutBlockFlow {PRE} at (0,34) size 784x48
        LayoutText {#text} at (0,0) size 376x48
          text run at (0,0) width 376: ".one {border-width: 25px; border-style: solid;}"
          text run at (376,0) width 0: " "
          text run at (0,16) width 376: ".two {border-width: thin; border-style: solid;}"
          text run at (376,16) width 0: " "
          text run at (0,32) width 224: ".three {border-width: 25px;}"
          text run at (224,32) width 0: " "
      LayoutBlockFlow {HR} at (0,95) size 784x2 [border: (1px inset #EEEEEE)]
      LayoutBlockFlow {P} at (0,113) size 784x104 [border: (25px solid #000000)]
        LayoutText {#text} at (25,25) size 176x17
          text run at (25,25) width 176: "This element has a class of "
        LayoutInline {TT} at (0,0) size 25x16
          LayoutText {#text} at (200,27) size 25x16
            text run at (200,27) width 25: "one"
        LayoutText {#text} at (224,25) size 165x17
          text run at (224,25) width 9: ". "
          text run at (232,25) width 157: "However, it contains an "
        LayoutInline {SPAN} at (0,0) size 174x19 [border: (1px solid #000000)]
          LayoutText {#text} at (389,25) size 148x17
            text run at (389,25) width 148: "inline element of class "
          LayoutInline {TT} at (0,0) size 25x16
            LayoutText {#text} at (536,27) size 25x16
              text run at (536,27) width 25: "two"
        LayoutText {#text} at (561,25) size 727x35
          text run at (561,25) width 191: ", which should result in a thin"
          text run at (25,43) width 382: "solid border on each side of each box in the inline element. "
          text run at (406,43) width 106: "There is also an "
        LayoutInline {SPAN} at (0,0) size 188x17
          LayoutText {#text} at (511,43) size 148x17
            text run at (511,43) width 148: "inline element of class "
          LayoutInline {TT} at (0,0) size 40x16
            LayoutText {#text} at (659,45) size 40x16
              text run at (659,45) width 40: "three"
        LayoutText {#text} at (699,43) size 722x35
          text run at (699,43) width 48: ", which"
          text run at (25,61) width 393: "should have no border width because no border style was set."
      LayoutTable {TABLE} at (0,233) size 784x140 [border: (1px outset #808080)]
        LayoutTableSection {TBODY} at (1,1) size 782x138
          LayoutTableRow {TR} at (0,0) size 782x26
            LayoutTableCell {TD} at (0,0) size 782x26 [bgcolor=#C0C0C0] [border: (1px inset #808080)] [r=0 c=0 rs=1 cs=2]
              LayoutInline {STRONG} at (0,0) size 161x17
                LayoutText {#text} at (4,4) size 161x17
                  text run at (4,4) width 161: "TABLE Testing Section"
          LayoutTableRow {TR} at (0,26) size 782x112
            LayoutTableCell {TD} at (0,69) size 12x26 [bgcolor=#C0C0C0] [border: (1px inset #808080)] [r=1 c=0 rs=1 cs=1]
              LayoutText {#text} at (4,4) size 4x17
                text run at (4,4) width 4: " "
            LayoutTableCell {TD} at (12,26) size 770x112 [border: (1px inset #808080)] [r=1 c=1 rs=1 cs=1]
              LayoutBlockFlow {P} at (4,4) size 762x104 [border: (25px solid #000000)]
                LayoutText {#text} at (25,25) size 176x17
                  text run at (25,25) width 176: "This element has a class of "
                LayoutInline {TT} at (0,0) size 25x16
                  LayoutText {#text} at (200,27) size 25x16
                    text run at (200,27) width 25: "one"
                LayoutText {#text} at (224,25) size 165x17
                  text run at (224,25) width 9: ". "
                  text run at (232,25) width 157: "However, it contains an "
                LayoutInline {SPAN} at (0,0) size 174x19 [border: (1px solid #000000)]
                  LayoutText {#text} at (389,25) size 148x17
                    text run at (389,25) width 148: "inline element of class "
                  LayoutInline {TT} at (0,0) size 25x16
                    LayoutText {#text} at (536,27) size 25x16
                      text run at (536,27) width 25: "two"
                LayoutText {#text} at (561,25) size 698x35
                  text run at (561,25) width 162: ", which should result in a"
                  text run at (25,43) width 411: "thin solid border on each side of each box in the inline element. "
                  text run at (435,43) width 106: "There is also an "
                LayoutInline {SPAN} at (0,0) size 188x17
                  LayoutText {#text} at (540,43) size 148x17
                    text run at (540,43) width 148: "inline element of class "
                  LayoutInline {TT} at (0,0) size 41x16
                    LayoutText {#text} at (687,45) size 41x16
                      text run at (687,45) width 41: "three"
                LayoutText {#text} at (727,43) size 707x35
                  text run at (727,43) width 5: ","
                  text run at (25,61) width 436: "which should have no border width because no border style was set."
