layer at (0,0) size 800x600
  LayoutView at (0,0) size 800x600
layer at (0,0) size 800x600
  LayoutBlockFlow {HTML} at (0,0) size 800x600
    LayoutBlockFlow {BODY} at (8,8) size 784x584 [bgcolor=#CCCCCC]
      LayoutBlockFlow {P} at (0,0) size 784x18
        LayoutText {#text} at (0,0) size 363x17
          text run at (0,0) width 363: "The style declarations which apply to the text below are:"
      LayoutBlockFlow {PRE} at (0,34) size 784x48
        LayoutText {#text} at (0,0) size 728x48
          text run at (0,0) width 392: ".one {border-color: purple; border-style: solid;}"
          text run at (392,0) width 0: " "
          text run at (0,16) width 568: ".two {border-color: purple; border-width: medium; border-style: solid;}"
          text run at (568,16) width 0: " "
          text run at (0,32) width 728: ".three {border-color: purple green blue yellow; border-width: medium; border-style: solid;}"
          text run at (728,32) width 0: " "
      LayoutBlockFlow {HR} at (0,95) size 784x2 [border: (1px inset #EEEEEE)]
      LayoutBlockFlow {P} at (0,113) size 784x72 [bgcolor=#C0C0C0]
        LayoutText {#text} at (0,0) size 691x17
          text run at (0,0) width 691: "This is an unstyled element, save for the background color, and containing inline elements with a classes of "
        LayoutInline {SPAN} at (0,0) size 65x23 [border: (3px solid #800080)]
          LayoutText {#text} at (693,0) size 59x17
            text run at (693,0) width 59: "class one"
        LayoutText {#text} at (754,0) size 5x17
          text run at (754,0) width 5: ","
        LayoutInline {SPAN} at (0,0) size 66x23 [border: (3px solid #800080)]
          LayoutText {#text} at (3,18) size 60x17
            text run at (3,18) width 60: "class two"
        LayoutText {#text} at (65,18) size 36x17
          text run at (65,18) width 36: ", and "
        LayoutInline {SPAN} at (0,0) size 74x23 [border: (3px solid #800080) (3px solid #008000) (3px solid #0000FF) (3px solid #FFFF00)]
          LayoutText {#text} at (103,18) size 68x17
            text run at (103,18) width 68: "class three"
        LayoutText {#text} at (173,18) size 773x53
          text run at (173,18) width 9: ". "
          text run at (181,18) width 585: "The effect for each inline element should be to have a purple medium-width solid border in"
          text run at (0,36) width 634: "the first and second cases, and a purple-green-blue-yellow medium-width solid border in the third. "
          text run at (633,36) width 140: "The line-height of the"
          text run at (0,54) width 334: "parent element should not change at all, on any line."
      LayoutTable {TABLE} at (0,201) size 784x108 [border: (1px outset #808080)]
        LayoutTableSection {TBODY} at (1,1) size 782x106
          LayoutTableRow {TR} at (0,0) size 782x26
            LayoutTableCell {TD} at (0,0) size 782x26 [bgcolor=#C0C0C0] [border: (1px inset #808080)] [r=0 c=0 rs=1 cs=2]
              LayoutInline {STRONG} at (0,0) size 161x17
                LayoutText {#text} at (4,4) size 161x17
                  text run at (4,4) width 161: "TABLE Testing Section"
          LayoutTableRow {TR} at (0,26) size 782x80
            LayoutTableCell {TD} at (0,53) size 12x26 [bgcolor=#C0C0C0] [border: (1px inset #808080)] [r=1 c=0 rs=1 cs=1]
              LayoutText {#text} at (4,4) size 4x17
                text run at (4,4) width 4: " "
            LayoutTableCell {TD} at (12,26) size 770x80 [border: (1px inset #808080)] [r=1 c=1 rs=1 cs=1]
              LayoutBlockFlow {P} at (4,4) size 762x72 [bgcolor=#C0C0C0]
                LayoutText {#text} at (0,0) size 691x17
                  text run at (0,0) width 691: "This is an unstyled element, save for the background color, and containing inline elements with a classes of "
                LayoutInline {SPAN} at (0,0) size 65x23 [border: (3px solid #800080)]
                  LayoutText {#text} at (693,0) size 59x17
                    text run at (693,0) width 59: "class one"
                LayoutText {#text} at (754,0) size 5x17
                  text run at (754,0) width 5: ","
                LayoutInline {SPAN} at (0,0) size 66x23 [border: (3px solid #800080)]
                  LayoutText {#text} at (3,18) size 60x17
                    text run at (3,18) width 60: "class two"
                LayoutText {#text} at (65,18) size 36x17
                  text run at (65,18) width 36: ", and "
                LayoutInline {SPAN} at (0,0) size 74x23 [border: (3px solid #800080) (3px solid #008000) (3px solid #0000FF) (3px solid #FFFF00)]
                  LayoutText {#text} at (103,18) size 68x17
                    text run at (103,18) width 68: "class three"
                LayoutText {#text} at (173,18) size 749x53
                  text run at (173,18) width 9: ". "
                  text run at (181,18) width 568: "The effect for each inline element should be to have a purple medium-width solid border"
                  text run at (0,36) width 651: "in the first and second cases, and a purple-green-blue-yellow medium-width solid border in the third. "
                  text run at (650,36) width 99: "The line-height"
                  text run at (0,54) width 375: "of the parent element should not change at all, on any line."
