layer at (0,0) size 800x600
  LayoutView at (0,0) size 800x600
layer at (0,0) size 800x600
  LayoutBlockFlow {HTML} at (0,0) size 800x600
    LayoutBlockFlow {BODY} at (8,8) size 784x584 [bgcolor=#CCCCCC]
      LayoutBlockFlow {P} at (20,0) size 764x18
        LayoutText {#text} at (0,0) size 363x17
          text run at (0,0) width 363: "The style declarations which apply to the text below are:"
      LayoutBlockFlow {PRE} at (0,34) size 784x64
        LayoutText {#text} at (0,0) size 312x64
          text run at (0,0) width 176: "P {margin-left: 20px;}"
          text run at (176,0) width 0: " "
          text run at (0,16) width 312: ".one {border-left: purple double 10px;}"
          text run at (312,16) width 0: " "
          text run at (0,32) width 304: ".two {border-left: purple thin solid;}"
          text run at (304,32) width 0: " "
          text run at (0,48) width 0: " "
      LayoutBlockFlow {HR} at (0,111) size 784x2 [border: (1px inset #EEEEEE)]
      LayoutBlockFlow {P} at (20,129) size 764x54 [bgcolor=#C0C0C0]
        LayoutText {#text} at (0,0) size 760x35
          text run at (0,0) width 760: "This paragraph has a background color of silver and a 20-pixel left margin, and it contains inline elements with classes"
          text run at (0,18) width 18: "of "
        LayoutInline {SPAN} at (0,0) size 69x17 [border: none (10px double #800080)]
          LayoutText {#text} at (27,18) size 59x17
            text run at (27,18) width 59: "class one"
        LayoutText {#text} at (85,18) size 396x17
          text run at (85,18) width 396: ", which should have a 10-pixel purple double left border; and "
        LayoutInline {SPAN} at (0,0) size 62x17 [border: none (1px solid #800080)]
          LayoutText {#text} at (481,18) size 61x17
            text run at (481,18) width 61: "class two"
        LayoutText {#text} at (541,18) size 745x35
          text run at (541,18) width 204: ", which should have a thin solid"
          text run at (0,36) width 120: "purple left border. "
          text run at (119,36) width 438: "The line-height of the parent element should not change on any line."
      LayoutTable {TABLE} at (0,199) size 784x90 [border: (1px outset #808080)]
        LayoutTableSection {TBODY} at (1,1) size 782x88
          LayoutTableRow {TR} at (0,0) size 782x26
            LayoutTableCell {TD} at (0,0) size 782x26 [bgcolor=#C0C0C0] [border: (1px inset #808080)] [r=0 c=0 rs=1 cs=2]
              LayoutInline {STRONG} at (0,0) size 161x17
                LayoutText {#text} at (4,4) size 161x17
                  text run at (4,4) width 161: "TABLE Testing Section"
          LayoutTableRow {TR} at (0,26) size 782x62
            LayoutTableCell {TD} at (0,44) size 12x26 [bgcolor=#C0C0C0] [border: (1px inset #808080)] [r=1 c=0 rs=1 cs=1]
              LayoutText {#text} at (4,4) size 4x17
                text run at (4,4) width 4: " "
            LayoutTableCell {TD} at (12,26) size 770x62 [border: (1px inset #808080)] [r=1 c=1 rs=1 cs=1]
              LayoutBlockFlow {P} at (24,4) size 742x54 [bgcolor=#C0C0C0]
                LayoutText {#text} at (0,0) size 712x35
                  text run at (0,0) width 712: "This paragraph has a background color of silver and a 20-pixel left margin, and it contains inline elements with"
                  text run at (0,18) width 66: "classes of "
                LayoutInline {SPAN} at (0,0) size 69x17 [border: none (10px double #800080)]
                  LayoutText {#text} at (75,18) size 59x17
                    text run at (75,18) width 59: "class one"
                LayoutText {#text} at (133,18) size 397x17
                  text run at (133,18) width 397: ", which should have a 10-pixel purple double left border; and "
                LayoutInline {SPAN} at (0,0) size 61x17 [border: none (1px solid #800080)]
                  LayoutText {#text} at (530,18) size 60x17
                    text run at (530,18) width 60: "class two"
                LayoutText {#text} at (589,18) size 729x35
                  text run at (589,18) width 140: ", which should have a"
                  text run at (0,36) width 184: "thin solid purple left border. "
                  text run at (183,36) width 438: "The line-height of the parent element should not change on any line."
