layer at (0,0) size 800x600 clip at (0,0) size 785x600 scrollHeight 999
  LayoutView at (0,0) size 800x600
layer at (0,0) size 785x999 backgroundClip at (0,0) size 785x600 clip at (0,0) size 785x600
  LayoutBlockFlow {HTML} at (0,0) size 785x999
    LayoutBlockFlow {BODY} at (8,8) size 769x983 [bgcolor=#CCCCCC]
      LayoutBlockFlow {P} at (0,0) size 769x18
        LayoutText {#text} at (0,0) size 363x17
          text run at (0,0) width 363: "The style declarations which apply to the text below are:"
      LayoutBlockFlow {PRE} at (0,34) size 769x64
        LayoutText {#text} at (0,0) size 344x64
          text run at (0,0) width 328: ".one {border-bottom: purple double 10px;}"
          text run at (328,0) width 0: " "
          text run at (0,16) width 320: ".two {border-bottom: purple thin solid;}"
          text run at (320,16) width 0: " "
          text run at (0,32) width 344: ".three {border-bottom: black medium solid;}"
          text run at (344,32) width 0: " "
          text run at (0,48) width 288: "TD {border-bottom: green 2px solid;}"
          text run at (288,48) width 0: " "
      LayoutBlockFlow {HR} at (0,111) size 769x2 [border: (1px inset #EEEEEE)]
      LayoutBlockFlow {P} at (0,129) size 769x36
        LayoutText {#text} at (0,0) size 747x35
          text run at (0,0) width 673: "Note that all table cells on this page should have a two-pixel solid green border along their bottom sides. "
          text run at (672,0) width 75: "This border"
          text run at (0,18) width 373: "applies only to the cells, not the rows which contain them."
      LayoutBlockFlow {P} at (0,181) size 769x28 [border: none (10px double #800080) none]
        LayoutText {#text} at (0,0) size 445x17
          text run at (0,0) width 445: "This paragraph should have a purple, double, 10-pixel bottom border."
      LayoutBlockFlow {P} at (0,225) size 769x19 [border: none (1px solid #800080) none]
        LayoutText {#text} at (0,0) size 361x17
          text run at (0,0) width 361: "This paragraph should have a thin purple bottom border."
      LayoutTable {TABLE} at (0,260) size 769x110 [border: (1px outset #808080)]
        LayoutTableSection {TBODY} at (1,1) size 767x108
          LayoutTableRow {TR} at (0,5) size 767x41
            LayoutTableCell {TD} at (5,5) size 757x41 [border: (1px inset #808080) (2px solid #008000) (1px inset #808080)] [r=0 c=0 rs=1 cs=2]
              LayoutText {#text} at (2,2) size 738x35
                text run at (2,2) width 463: "Every cell in this table should have a 2-pixel solid green bottom border. "
                text run at (464,2) width 276: "This is also true of the table-testing section"
                text run at (2,20) width 219: "in the second half of the test page."
          LayoutTableRow {TR} at (0,51) size 767x52
            LayoutTableCell {TD} at (5,65) size 190x23 [border: (1px inset #808080) (2px solid #008000) (1px inset #808080)] [r=1 c=0 rs=1 cs=1]
              LayoutText {#text} at (2,2) size 54x17
                text run at (2,2) width 54: "Cell one"
            LayoutTableCell {TD} at (200,51) size 562x52 [border: (1px inset #808080) (2px solid #008000) (1px inset #808080)] [r=1 c=1 rs=1 cs=1]
              LayoutBlockFlow (anonymous) at (2,2) size 558x18
                LayoutText {#text} at (0,0) size 55x17
                  text run at (0,0) width 55: "Cell two"
              LayoutTable {TABLE} at (2,20) size 166x29 [border: (1px outset #808080)]
                LayoutTableSection {TBODY} at (1,1) size 164x27
                  LayoutTableRow {TR} at (0,2) size 164x23
                    LayoutTableCell {TD} at (2,2) size 160x23 [border: (1px inset #808080) (2px solid #008000) (1px inset #808080)] [r=0 c=0 rs=1 cs=1]
                      LayoutText {#text} at (2,2) size 156x17
                        text run at (2,2) width 156: "Nested single-cell table!"
      LayoutBlockFlow {UL} at (0,386) size 769x135
        LayoutListItem {LI} at (40,0) size 729x75 [border: none (3px solid #000000) none]
          LayoutBlockFlow (anonymous) at (0,0) size 729x18
            LayoutListMarker (anonymous) at (-17,0) size 7x17: bullet
            LayoutText {#text} at (0,0) size 123x17
              text run at (0,0) width 123: "This is a list item..."
          LayoutBlockFlow {UL} at (0,18) size 729x54
            LayoutListItem {LI} at (40,0) size 689x18
              LayoutListMarker (anonymous) at (-17,0) size 7x17: white bullet
              LayoutText {#text} at (0,0) size 75x17
                text run at (0,0) width 75: "...and this..."
            LayoutListItem {LI} at (40,18) size 689x18
              LayoutListMarker (anonymous) at (-17,0) size 7x17: white bullet
              LayoutText {#text} at (0,0) size 118x17
                text run at (0,0) width 118: "...is a second list..."
            LayoutListItem {LI} at (40,36) size 689x18
              LayoutListMarker (anonymous) at (-17,0) size 7x17: white bullet
              LayoutText {#text} at (0,0) size 182x17
                text run at (0,0) width 182: "...nested within the list item."
        LayoutListItem {LI} at (40,75) size 729x21 [border: none (3px solid #000000) none]
          LayoutListMarker (anonymous) at (-17,0) size 7x17: bullet
          LayoutText {#text} at (0,0) size 163x17
            text run at (0,0) width 163: "This is a second list item."
        LayoutListItem {LI} at (40,96) size 729x39 [border: none (3px solid #000000) none]
          LayoutListMarker (anonymous) at (-17,0) size 7x17: bullet
          LayoutText {#text} at (0,0) size 715x35
            text run at (0,0) width 715: "Each list item in this list should have a medium-width black border at its bottom, which for the first item means"
            text run at (0,18) width 135: "that it should appear "
          LayoutInline {EM} at (0,0) size 51x17
            LayoutText {#text} at (134,18) size 51x17
              text run at (134,18) width 51: "beneath"
          LayoutText {#text} at (184,18) size 401x17
            text run at (184,18) width 401: " the nested list (below the line \"...nested within the list item.\")."
      LayoutTable {TABLE} at (0,537) size 769x446 [border: (1px outset #808080)]
        LayoutTableSection {TBODY} at (1,1) size 767x444
          LayoutTableRow {TR} at (0,0) size 767x27
            LayoutTableCell {TD} at (0,0) size 767x27 [bgcolor=#C0C0C0] [border: (1px inset #808080) (2px solid #008000) (1px inset #808080)] [r=0 c=0 rs=1 cs=2]
              LayoutInline {STRONG} at (0,0) size 161x17
                LayoutText {#text} at (4,4) size 161x17
                  text run at (4,4) width 161: "TABLE Testing Section"
          LayoutTableRow {TR} at (0,27) size 767x417
            LayoutTableCell {TD} at (0,222) size 12x27 [bgcolor=#C0C0C0] [border: (1px inset #808080) (2px solid #008000) (1px inset #808080)] [r=1 c=0 rs=1 cs=1]
              LayoutText {#text} at (4,4) size 4x17
                text run at (4,4) width 4: " "
            LayoutTableCell {TD} at (12,27) size 755x417 [border: (1px inset #808080) (2px solid #008000) (1px inset #808080)] [r=1 c=1 rs=1 cs=1]
              LayoutBlockFlow {P} at (4,4) size 747x36
                LayoutText {#text} at (0,0) size 747x35
                  text run at (0,0) width 673: "Note that all table cells on this page should have a two-pixel solid green border along their bottom sides. "
                  text run at (672,0) width 75: "This border"
                  text run at (0,18) width 373: "applies only to the cells, not the rows which contain them."
              LayoutBlockFlow {P} at (4,56) size 747x28 [border: none (10px double #800080) none]
                LayoutText {#text} at (0,0) size 445x17
                  text run at (0,0) width 445: "This paragraph should have a purple, double, 10-pixel bottom border."
              LayoutBlockFlow {P} at (4,100) size 747x19 [border: none (1px solid #800080) none]
                LayoutText {#text} at (0,0) size 361x17
                  text run at (0,0) width 361: "This paragraph should have a thin purple bottom border."
              LayoutTable {TABLE} at (4,135) size 747x110 [border: (1px outset #808080)]
                LayoutTableSection {TBODY} at (1,1) size 745x108
                  LayoutTableRow {TR} at (0,5) size 745x41
                    LayoutTableCell {TD} at (5,5) size 735x41 [border: (1px inset #808080) (2px solid #008000) (1px inset #808080)] [r=0 c=0 rs=1 cs=2]
                      LayoutText {#text} at (2,2) size 688x35
                        text run at (2,2) width 463: "Every cell in this table should have a 2-pixel solid green bottom border. "
                        text run at (464,2) width 226: "This is also true of the table-testing"
                        text run at (2,20) width 268: "section in the second half of the test page."
                  LayoutTableRow {TR} at (0,51) size 745x52
                    LayoutTableCell {TD} at (5,65) size 184x23 [border: (1px inset #808080) (2px solid #008000) (1px inset #808080)] [r=1 c=0 rs=1 cs=1]
                      LayoutText {#text} at (2,2) size 54x17
                        text run at (2,2) width 54: "Cell one"
                    LayoutTableCell {TD} at (194,51) size 546x52 [border: (1px inset #808080) (2px solid #008000) (1px inset #808080)] [r=1 c=1 rs=1 cs=1]
                      LayoutBlockFlow (anonymous) at (2,2) size 542x18
                        LayoutText {#text} at (0,0) size 55x17
                          text run at (0,0) width 55: "Cell two"
                      LayoutTable {TABLE} at (2,20) size 166x29 [border: (1px outset #808080)]
                        LayoutTableSection {TBODY} at (1,1) size 164x27
                          LayoutTableRow {TR} at (0,2) size 164x23
                            LayoutTableCell {TD} at (2,2) size 160x23 [border: (1px inset #808080) (2px solid #008000) (1px inset #808080)] [r=0 c=0 rs=1 cs=1]
                              LayoutText {#text} at (2,2) size 156x17
                                text run at (2,2) width 156: "Nested single-cell table!"
              LayoutBlockFlow {UL} at (4,261) size 747x135
                LayoutListItem {LI} at (40,0) size 707x75 [border: none (3px solid #000000) none]
                  LayoutBlockFlow (anonymous) at (0,0) size 707x18
                    LayoutListMarker (anonymous) at (-17,0) size 7x17: bullet
                    LayoutText {#text} at (0,0) size 123x17
                      text run at (0,0) width 123: "This is a list item..."
                  LayoutBlockFlow {UL} at (0,18) size 707x54
                    LayoutListItem {LI} at (40,0) size 667x18
                      LayoutListMarker (anonymous) at (-17,0) size 7x17: white bullet
                      LayoutText {#text} at (0,0) size 75x17
                        text run at (0,0) width 75: "...and this..."
                    LayoutListItem {LI} at (40,18) size 667x18
                      LayoutListMarker (anonymous) at (-17,0) size 7x17: white bullet
                      LayoutText {#text} at (0,0) size 118x17
                        text run at (0,0) width 118: "...is a second list..."
                    LayoutListItem {LI} at (40,36) size 667x18
                      LayoutListMarker (anonymous) at (-17,0) size 7x17: white bullet
                      LayoutText {#text} at (0,0) size 182x17
                        text run at (0,0) width 182: "...nested within the list item."
                LayoutListItem {LI} at (40,75) size 707x21 [border: none (3px solid #000000) none]
                  LayoutListMarker (anonymous) at (-17,0) size 7x17: bullet
                  LayoutText {#text} at (0,0) size 163x17
                    text run at (0,0) width 163: "This is a second list item."
                LayoutListItem {LI} at (40,96) size 707x39 [border: none (3px solid #000000) none]
                  LayoutListMarker (anonymous) at (-17,0) size 7x17: bullet
                  LayoutText {#text} at (0,0) size 670x35
                    text run at (0,0) width 670: "Each list item in this list should have a medium-width black border at its bottom, which for the first item"
                    text run at (0,18) width 180: "means that it should appear "
                  LayoutInline {EM} at (0,0) size 51x17
                    LayoutText {#text} at (179,18) size 51x17
                      text run at (179,18) width 51: "beneath"
                  LayoutText {#text} at (229,18) size 401x17
                    text run at (229,18) width 401: " the nested list (below the line \"...nested within the list item.\")."
