layer at (0,0) size 800x600
  LayoutView at (0,0) size 800x600
layer at (0,0) size 800x600
  LayoutBlockFlow {HTML} at (0,0) size 800x600
    LayoutBlockFlow {BODY} at (8,8) size 784x584 [bgcolor=#CCCCCC]
      LayoutBlockFlow {P} at (0,0) size 784x18
        LayoutText {#text} at (0,0) size 363x17
          text run at (0,0) width 363: "The style declarations which apply to the text below are:"
      LayoutBlockFlow {PRE} at (0,34) size 784x48
        LayoutText {#text} at (0,0) size 424x48
          text run at (0,0) width 424: ".one {border-right-width: 25px; border-style: solid;}"
          text run at (424,0) width 0: " "
          text run at (0,16) width 424: ".two {border-right-width: thin; border-style: solid;}"
          text run at (424,16) width 0: " "
          text run at (0,32) width 272: ".three {border-right-width: 25px;}"
          text run at (272,32) width 0: " "
      LayoutBlockFlow {HR} at (0,95) size 784x2 [border: (1px inset #EEEEEE)]
      LayoutBlockFlow {P} at (0,113) size 784x78 [border: (3px solid #000000) (25px solid #000000) (3px solid #000000)]
        LayoutText {#text} at (3,3) size 176x17
          text run at (3,3) width 176: "This element has a class of "
        LayoutInline {TT} at (0,0) size 25x16
          LayoutText {#text} at (178,5) size 25x16
            text run at (178,5) width 25: "one"
        LayoutText {#text} at (202,3) size 165x17
          text run at (202,3) width 9: ". "
          text run at (210,3) width 157: "However, it contains an "
        LayoutInline {SPAN} at (0,0) size 176x23 [border: (3px solid #000000) (1px solid #000000) (3px solid #000000)]
          LayoutText {#text} at (369,3) size 148x17
            text run at (369,3) width 148: "inline element of class "
          LayoutInline {TT} at (0,0) size 25x16
            LayoutText {#text} at (516,5) size 25x16
              text run at (516,5) width 25: "two"
        LayoutText {#text} at (541,3) size 729x35
          text run at (541,3) width 191: ", which should result in a thin"
          text run at (3,21) width 230: "solid border on the right side of the "
        LayoutInline {STRONG} at (0,0) size 25x17
          LayoutText {#text} at (232,21) size 25x17
            text run at (232,21) width 25: "last"
        LayoutText {#text} at (256,21) size 720x35
          text run at (256,21) width 467: " box of the inline element (and the UA's default border on the other three"
          text run at (3,39) width 46: "sides). "
          text run at (48,39) width 106: "There is also an "
        LayoutInline {SPAN} at (0,0) size 188x17
          LayoutText {#text} at (153,39) size 148x17
            text run at (153,39) width 148: "inline element of class "
          LayoutInline {TT} at (0,0) size 41x16
            LayoutText {#text} at (300,41) size 41x16
              text run at (300,41) width 41: "three"
        LayoutText {#text} at (340,39) size 716x35
          text run at (340,39) width 379: ", which should have no right border width or visible border"
          text run at (3,57) width 206: "because no border style was set."
      LayoutTable {TABLE} at (0,207) size 784x114 [border: (1px outset #808080)]
        LayoutTableSection {TBODY} at (1,1) size 782x112
          LayoutTableRow {TR} at (0,0) size 782x26
            LayoutTableCell {TD} at (0,0) size 782x26 [bgcolor=#C0C0C0] [border: (1px inset #808080)] [r=0 c=0 rs=1 cs=2]
              LayoutInline {STRONG} at (0,0) size 161x17
                LayoutText {#text} at (4,4) size 161x17
                  text run at (4,4) width 161: "TABLE Testing Section"
          LayoutTableRow {TR} at (0,26) size 782x86
            LayoutTableCell {TD} at (0,56) size 12x26 [bgcolor=#C0C0C0] [border: (1px inset #808080)] [r=1 c=0 rs=1 cs=1]
              LayoutText {#text} at (4,4) size 4x17
                text run at (4,4) width 4: " "
            LayoutTableCell {TD} at (12,26) size 770x86 [border: (1px inset #808080)] [r=1 c=1 rs=1 cs=1]
              LayoutBlockFlow {P} at (4,4) size 762x78 [border: (3px solid #000000) (25px solid #000000) (3px solid #000000)]
                LayoutText {#text} at (3,3) size 176x17
                  text run at (3,3) width 176: "This element has a class of "
                LayoutInline {TT} at (0,0) size 25x16
                  LayoutText {#text} at (178,5) size 25x16
                    text run at (178,5) width 25: "one"
                LayoutText {#text} at (202,3) size 165x17
                  text run at (202,3) width 9: ". "
                  text run at (210,3) width 157: "However, it contains an "
                LayoutInline {SPAN} at (0,0) size 176x23 [border: (3px solid #000000) (1px solid #000000) (3px solid #000000)]
                  LayoutText {#text} at (369,3) size 148x17
                    text run at (369,3) width 148: "inline element of class "
                  LayoutInline {TT} at (0,0) size 25x16
                    LayoutText {#text} at (516,5) size 25x16
                      text run at (516,5) width 25: "two"
                LayoutText {#text} at (541,3) size 729x35
                  text run at (541,3) width 191: ", which should result in a thin"
                  text run at (3,21) width 230: "solid border on the right side of the "
                LayoutInline {STRONG} at (0,0) size 25x17
                  LayoutText {#text} at (232,21) size 25x17
                    text run at (232,21) width 25: "last"
                LayoutText {#text} at (256,21) size 720x35
                  text run at (256,21) width 467: " box of the inline element (and the UA's default border on the other three"
                  text run at (3,39) width 46: "sides). "
                  text run at (48,39) width 106: "There is also an "
                LayoutInline {SPAN} at (0,0) size 188x17
                  LayoutText {#text} at (153,39) size 148x17
                    text run at (153,39) width 148: "inline element of class "
                  LayoutInline {TT} at (0,0) size 41x16
                    LayoutText {#text} at (300,41) size 41x16
                      text run at (300,41) width 41: "three"
                LayoutText {#text} at (340,39) size 716x35
                  text run at (340,39) width 379: ", which should have no right border width or visible border"
                  text run at (3,57) width 206: "because no border style was set."
