layer at (0,0) size 800x600
  LayoutView at (0,0) size 800x600
layer at (0,0) size 800x600
  LayoutBlockFlow {HTML} at (0,0) size 800x600
    LayoutBlockFlow {BODY} at (8,8) size 784x584 [bgcolor=#CCCCCC]
      LayoutBlockFlow {P} at (0,0) size 784x18
        LayoutText {#text} at (0,0) size 363x17
          text run at (0,0) width 363: "The style declarations which apply to the text below are:"
      LayoutBlockFlow {PRE} at (0,34) size 784x48
        LayoutText {#text} at (0,0) size 256x48
          text run at (0,0) width 256: ".one {border: 10px teal outset;}"
          text run at (256,0) width 0: " "
          text run at (0,16) width 256: ".two {border: 10px olive inset;}"
          text run at (256,16) width 0: " "
          text run at (0,32) width 0: " "
      LayoutBlockFlow {HR} at (0,95) size 784x2 [border: (1px inset #EEEEEE)]
      LayoutBlockFlow {P} at (0,113) size 784x54 [bgcolor=#C0C0C0]
        LayoutText {#text} at (0,0) size 691x17
          text run at (0,0) width 691: "This is an unstyled element, save for the background color, and containing inline elements with a classes of "
        LayoutInline {SPAN} at (0,0) size 79x37 [border: (10px outset #008080)]
          LayoutText {#text} at (700,0) size 59x17
            text run at (700,0) width 59: "class one"
        LayoutText {#text} at (768,0) size 773x35
          text run at (768,0) width 5: ","
          text run at (0,18) width 361: "which should result in a 10-pixel outset teal border; and "
        LayoutInline {SPAN} at (0,0) size 80x37 [border: (10px inset #808000)]
          LayoutText {#text} at (370,18) size 60x17
            text run at (370,18) width 60: "class two"
        LayoutText {#text} at (439,18) size 778x35
          text run at (439,18) width 339: ", which should result in a 10-pixel inset olive border."
          text run at (0,36) width 438: "The line-height of the parent element should not change on any line."
      LayoutTable {TABLE} at (0,183) size 784x90 [border: (1px outset #808080)]
        LayoutTableSection {TBODY} at (1,1) size 782x88
          LayoutTableRow {TR} at (0,0) size 782x26
            LayoutTableCell {TD} at (0,0) size 782x26 [bgcolor=#C0C0C0] [border: (1px inset #808080)] [r=0 c=0 rs=1 cs=2]
              LayoutInline {STRONG} at (0,0) size 161x17
                LayoutText {#text} at (4,4) size 161x17
                  text run at (4,4) width 161: "TABLE Testing Section"
          LayoutTableRow {TR} at (0,26) size 782x62
            LayoutTableCell {TD} at (0,44) size 12x26 [bgcolor=#C0C0C0] [border: (1px inset #808080)] [r=1 c=0 rs=1 cs=1]
              LayoutText {#text} at (4,4) size 4x17
                text run at (4,4) width 4: " "
            LayoutTableCell {TD} at (12,26) size 770x62 [border: (1px inset #808080)] [r=1 c=1 rs=1 cs=1]
              LayoutBlockFlow {P} at (4,4) size 762x54 [bgcolor=#C0C0C0]
                LayoutText {#text} at (0,0) size 691x17
                  text run at (0,0) width 691: "This is an unstyled element, save for the background color, and containing inline elements with a classes of "
                LayoutInline {SPAN} at (0,0) size 732x55 [border: (10px outset #008080)]
                  LayoutText {#text} at (700,0) size 732x35
                    text run at (700,0) width 32: "class"
                    text run at (0,18) width 24: "one"
                LayoutText {#text} at (33,18) size 369x17
                  text run at (33,18) width 369: ", which should result in a 10-pixel outset teal border; and "
                LayoutInline {SPAN} at (0,0) size 80x37 [border: (10px inset #808000)]
                  LayoutText {#text} at (411,18) size 60x17
                    text run at (411,18) width 60: "class two"
                LayoutText {#text} at (480,18) size 734x35
                  text run at (480,18) width 254: ", which should result in a 10-pixel inset"
                  text run at (0,36) width 85: "olive border. "
                  text run at (84,36) width 439: "The line-height of the parent element should not change on any line."
