layer at (0,0) size 800x600
  LayoutView at (0,0) size 800x600
layer at (0,0) size 800x600
  LayoutBlockFlow {HTML} at (0,0) size 800x600
    LayoutBlockFlow {BODY} at (8,8) size 784x584 [bgcolor=#CCCCCC]
      LayoutBlockFlow {P} at (0,0) size 784x18
        LayoutText {#text} at (0,0) size 363x17
          text run at (0,0) width 363: "The style declarations which apply to the text below are:"
      LayoutBlockFlow {PRE} at (0,34) size 784x48
        LayoutText {#text} at (0,0) size 408x48
          text run at (0,0) width 408: ".one {border-top-width: 25px; border-style: solid;}"
          text run at (408,0) width 0: " "
          text run at (0,16) width 408: ".two {border-top-width: thin; border-style: solid;}"
          text run at (408,16) width 0: " "
          text run at (0,32) width 256: ".three {border-top-width: 25px;}"
          text run at (256,32) width 0: " "
      LayoutBlockFlow {HR} at (0,95) size 784x2 [border: (1px inset #EEEEEE)]
      LayoutBlockFlow {P} at (0,113) size 784x100 [border: (25px solid #000000) (3px solid #000000)]
        LayoutText {#text} at (3,25) size 176x17
          text run at (3,25) width 176: "This element has a class of "
        LayoutInline {TT} at (0,0) size 25x16
          LayoutText {#text} at (178,27) size 25x16
            text run at (178,27) width 25: "one"
        LayoutText {#text} at (202,25) size 165x17
          text run at (202,25) width 9: ". "
          text run at (210,25) width 157: "However, it contains an "
        LayoutInline {SPAN} at (0,0) size 178x21 [border: (1px solid #000000) (3px solid #000000)]
          LayoutText {#text} at (369,25) size 148x17
            text run at (369,25) width 148: "inline element of class "
          LayoutInline {TT} at (0,0) size 25x16
            LayoutText {#text} at (516,27) size 25x16
              text run at (516,27) width 25: "two"
        LayoutText {#text} at (543,25) size 766x53
          text run at (543,25) width 226: ", which should result in a thin solid"
          text run at (3,43) width 706: "border on the top side of each box in the inline element (and the UA's default border on the other three sides). "
          text run at (708,43) width 53: "There is"
          text run at (3,61) width 49: "also an "
        LayoutInline {SPAN} at (0,0) size 189x17
          LayoutText {#text} at (51,61) size 149x17
            text run at (51,61) width 149: "inline element of class "
          LayoutInline {TT} at (0,0) size 41x16
            LayoutText {#text} at (199,63) size 41x16
              text run at (199,63) width 41: "three"
        LayoutText {#text} at (239,61) size 760x35
          text run at (239,61) width 524: ", which should have no top border width or visible border because no border style"
          text run at (3,79) width 51: "was set."
      LayoutTable {TABLE} at (0,229) size 784x136 [border: (1px outset #808080)]
        LayoutTableSection {TBODY} at (1,1) size 782x134
          LayoutTableRow {TR} at (0,0) size 782x26
            LayoutTableCell {TD} at (0,0) size 782x26 [bgcolor=#C0C0C0] [border: (1px inset #808080)] [r=0 c=0 rs=1 cs=2]
              LayoutInline {STRONG} at (0,0) size 161x17
                LayoutText {#text} at (4,4) size 161x17
                  text run at (4,4) width 161: "TABLE Testing Section"
          LayoutTableRow {TR} at (0,26) size 782x108
            LayoutTableCell {TD} at (0,67) size 12x26 [bgcolor=#C0C0C0] [border: (1px inset #808080)] [r=1 c=0 rs=1 cs=1]
              LayoutText {#text} at (4,4) size 4x17
                text run at (4,4) width 4: " "
            LayoutTableCell {TD} at (12,26) size 770x108 [border: (1px inset #808080)] [r=1 c=1 rs=1 cs=1]
              LayoutBlockFlow {P} at (4,4) size 762x100 [border: (25px solid #000000) (3px solid #000000)]
                LayoutText {#text} at (3,25) size 176x17
                  text run at (3,25) width 176: "This element has a class of "
                LayoutInline {TT} at (0,0) size 25x16
                  LayoutText {#text} at (178,27) size 25x16
                    text run at (178,27) width 25: "one"
                LayoutText {#text} at (202,25) size 165x17
                  text run at (202,25) width 9: ". "
                  text run at (210,25) width 157: "However, it contains an "
                LayoutInline {SPAN} at (0,0) size 178x21 [border: (1px solid #000000) (3px solid #000000)]
                  LayoutText {#text} at (369,25) size 148x17
                    text run at (369,25) width 148: "inline element of class "
                  LayoutInline {TT} at (0,0) size 25x16
                    LayoutText {#text} at (516,27) size 25x16
                      text run at (516,27) width 25: "two"
                LayoutText {#text} at (543,25) size 737x53
                  text run at (543,25) width 191: ", which should result in a thin"
                  text run at (3,43) width 737: "solid border on the top side of each box in the inline element (and the UA's default border on the other three sides)."
                  text run at (3,61) width 105: "There is also an "
                LayoutInline {SPAN} at (0,0) size 189x17
                  LayoutText {#text} at (107,61) size 149x17
                    text run at (107,61) width 149: "inline element of class "
                  LayoutInline {TT} at (0,0) size 41x16
                    LayoutText {#text} at (255,63) size 41x16
                      text run at (255,63) width 41: "three"
                LayoutText {#text} at (295,61) size 736x35
                  text run at (295,61) width 444: ", which should have no top border width or visible border because no"
                  text run at (3,79) width 131: "border style was set."
