layer at (0,0) size 800x600
  LayoutView at (0,0) size 800x600
layer at (0,0) size 800x600
  LayoutBlockFlow {HTML} at (0,0) size 800x600
    LayoutBlockFlow {BODY} at (8,8) size 784x584 [bgcolor=#CCCCCC]
      LayoutBlockFlow {P} at (0,0) size 784x18
        LayoutText {#text} at (0,0) size 363x17
          text run at (0,0) width 363: "The style declarations which apply to the text below are:"
      LayoutBlockFlow {PRE} at (0,34) size 784x48
        LayoutText {#text} at (0,0) size 728x48
          text run at (0,0) width 392: ".one {border-color: purple; border-style: solid;}"
          text run at (392,0) width 0: " "
          text run at (0,16) width 568: ".two {border-color: purple; border-width: medium; border-style: solid;}"
          text run at (568,16) width 0: " "
          text run at (0,32) width 728: ".three {border-color: purple green blue yellow; border-width: medium; border-style: solid;}"
          text run at (728,32) width 0: " "
      LayoutBlockFlow {HR} at (0,95) size 784x2 [border: (1px inset #EEEEEE)]
      LayoutBlockFlow {P} at (0,113) size 784x24 [border: (3px solid #800080)]
        LayoutText {#text} at (3,3) size 364x17
          text run at (3,3) width 364: "This element should have a purple border surrounding it."
      LayoutBlockFlow {P} at (0,153) size 784x24 [border: (3px solid #800080)]
        LayoutText {#text} at (3,3) size 463x17
          text run at (3,3) width 463: "This element should have a medium-width purple border surrounding it."
      LayoutBlockFlow {P} at (0,193) size 784x42 [border: (3px solid #800080) (3px solid #008000) (3px solid #0000FF) (3px solid #FFFF00)]
        LayoutText {#text} at (3,3) size 776x35
          text run at (3,3) width 776: "This element should be surrounded by a medium width border which is purple on top, green on the right side, blue on the"
          text run at (3,21) width 227: "bottom, and yellow on the left side."
      LayoutTable {TABLE} at (0,251) size 784x158 [border: (1px outset #808080)]
        LayoutTableSection {TBODY} at (1,1) size 782x156
          LayoutTableRow {TR} at (0,0) size 782x26
            LayoutTableCell {TD} at (0,0) size 782x26 [bgcolor=#C0C0C0] [border: (1px inset #808080)] [r=0 c=0 rs=1 cs=2]
              LayoutInline {STRONG} at (0,0) size 161x17
                LayoutText {#text} at (4,4) size 161x17
                  text run at (4,4) width 161: "TABLE Testing Section"
          LayoutTableRow {TR} at (0,26) size 782x130
            LayoutTableCell {TD} at (0,78) size 12x26 [bgcolor=#C0C0C0] [border: (1px inset #808080)] [r=1 c=0 rs=1 cs=1]
              LayoutText {#text} at (4,4) size 4x17
                text run at (4,4) width 4: " "
            LayoutTableCell {TD} at (12,26) size 770x130 [border: (1px inset #808080)] [r=1 c=1 rs=1 cs=1]
              LayoutBlockFlow {P} at (4,4) size 762x24 [border: (3px solid #800080)]
                LayoutText {#text} at (3,3) size 364x17
                  text run at (3,3) width 364: "This element should have a purple border surrounding it."
              LayoutBlockFlow {P} at (4,44) size 762x24 [border: (3px solid #800080)]
                LayoutText {#text} at (3,3) size 463x17
                  text run at (3,3) width 463: "This element should have a medium-width purple border surrounding it."
              LayoutBlockFlow {P} at (4,84) size 762x42 [border: (3px solid #800080) (3px solid #008000) (3px solid #0000FF) (3px solid #FFFF00)]
                LayoutText {#text} at (3,3) size 753x35
                  text run at (3,3) width 753: "This element should be surrounded by a medium width border which is purple on top, green on the right side, blue on"
                  text run at (3,21) width 251: "the bottom, and yellow on the left side."
