layer at (0,0) size 800x600
  LayoutView at (0,0) size 800x600
layer at (0,0) size 800x600
  LayoutBlockFlow {HTML} at (0,0) size 800x600
    LayoutBlockFlow {BODY} at (8,8) size 784x584 [bgcolor=#CCCCCC]
      LayoutBlockFlow {P} at (0,0) size 784x18
        LayoutText {#text} at (0,0) size 363x17
          text run at (0,0) width 363: "The style declarations which apply to the text below are:"
      LayoutBlockFlow {PRE} at (0,34) size 784x32
        LayoutText {#text} at (0,0) size 416x32
          text run at (0,0) width 408: ".one {margin-bottom: 25px; background-color: aqua;}"
          text run at (408,0) width 0: " "
          text run at (0,16) width 416: ".two {margin-bottom: -10px; background-color: aqua;}"
          text run at (416,16) width 0: " "
      LayoutBlockFlow {HR} at (0,79) size 784x2 [border: (1px inset #EEEEEE)]
      LayoutBlockFlow {P} at (0,97) size 784x54 [bgcolor=#808080]
        LayoutText {#text} at (0,0) size 490x17
          text run at (0,0) width 400: "This element is unstyled save for a background color of gray.. "
          text run at (399,0) width 91: "It contains an "
        LayoutInline {SPAN} at (0,0) size 777x35 [bgcolor=#00FFFF]
          LayoutText {#text} at (489,0) size 148x17
            text run at (489,0) width 148: "inline element of class "
          LayoutInline {TT} at (0,0) size 25x16
            LayoutText {#text} at (636,2) size 25x16
              text run at (636,2) width 25: "one"
          LayoutText {#text} at (660,0) size 777x35
            text run at (660,0) width 117: ", giving it an aqua"
            text run at (0,18) width 249: "background and a 25px bottom margin"
        LayoutText {#text} at (248,18) size 775x35
          text run at (248,18) width 9: ". "
          text run at (256,18) width 519: "Margins on inline elements does not affect line-height calculations, so all lines in"
          text run at (0,36) width 297: "this element should have the same line-height."
      LayoutBlockFlow {P} at (0,167) size 784x54 [bgcolor=#808080]
        LayoutText {#text} at (0,0) size 490x17
          text run at (0,0) width 400: "This element is unstyled save for a background color of gray.. "
          text run at (399,0) width 91: "It contains an "
        LayoutInline {SPAN} at (0,0) size 777x35 [bgcolor=#00FFFF]
          LayoutText {#text} at (489,0) size 148x17
            text run at (489,0) width 148: "inline element of class "
          LayoutInline {TT} at (0,0) size 25x16
            LayoutText {#text} at (636,2) size 25x16
              text run at (636,2) width 25: "two"
          LayoutText {#text} at (660,0) size 777x35
            text run at (660,0) width 117: ", giving it an aqua"
            text run at (0,18) width 254: "background and a -10px bottom margin"
        LayoutText {#text} at (253,18) size 781x35
          text run at (253,18) width 9: ". "
          text run at (261,18) width 520: "Margins on inline elements does not affect line-height calculations, so all lines in"
          text run at (0,36) width 297: "this element should have the same line-height."
      LayoutTable {TABLE} at (0,237) size 784x160 [border: (1px outset #808080)]
        LayoutTableSection {TBODY} at (1,1) size 782x158
          LayoutTableRow {TR} at (0,0) size 782x26
            LayoutTableCell {TD} at (0,0) size 782x26 [bgcolor=#C0C0C0] [border: (1px inset #808080)] [r=0 c=0 rs=1 cs=2]
              LayoutInline {STRONG} at (0,0) size 161x17
                LayoutText {#text} at (4,4) size 161x17
                  text run at (4,4) width 161: "TABLE Testing Section"
          LayoutTableRow {TR} at (0,26) size 782x132
            LayoutTableCell {TD} at (0,79) size 12x26 [bgcolor=#C0C0C0] [border: (1px inset #808080)] [r=1 c=0 rs=1 cs=1]
              LayoutText {#text} at (4,4) size 4x17
                text run at (4,4) width 4: " "
            LayoutTableCell {TD} at (12,26) size 770x132 [border: (1px inset #808080)] [r=1 c=1 rs=1 cs=1]
              LayoutBlockFlow {P} at (4,4) size 762x54 [bgcolor=#808080]
                LayoutText {#text} at (0,0) size 490x17
                  text run at (0,0) width 400: "This element is unstyled save for a background color of gray.. "
                  text run at (399,0) width 91: "It contains an "
                LayoutInline {SPAN} at (0,0) size 742x35 [bgcolor=#00FFFF]
                  LayoutText {#text} at (489,0) size 148x17
                    text run at (489,0) width 148: "inline element of class "
                  LayoutInline {TT} at (0,0) size 25x16
                    LayoutText {#text} at (636,2) size 25x16
                      text run at (636,2) width 25: "one"
                  LayoutText {#text} at (660,0) size 742x35
                    text run at (660,0) width 82: ", giving it an"
                    text run at (0,18) width 283: "aqua background and a 25px bottom margin"
                LayoutText {#text} at (282,18) size 759x35
                  text run at (282,18) width 9: ". "
                  text run at (290,18) width 469: "Margins on inline elements does not affect line-height calculations, so all"
                  text run at (0,36) width 348: "lines in this element should have the same line-height."
              LayoutBlockFlow {P} at (4,74) size 762x54 [bgcolor=#808080]
                LayoutText {#text} at (0,0) size 490x17
                  text run at (0,0) width 400: "This element is unstyled save for a background color of gray.. "
                  text run at (399,0) width 91: "It contains an "
                LayoutInline {SPAN} at (0,0) size 742x35 [bgcolor=#00FFFF]
                  LayoutText {#text} at (489,0) size 148x17
                    text run at (489,0) width 148: "inline element of class "
                  LayoutInline {TT} at (0,0) size 25x16
                    LayoutText {#text} at (636,2) size 25x16
                      text run at (636,2) width 25: "two"
                  LayoutText {#text} at (660,0) size 742x35
                    text run at (660,0) width 82: ", giving it an"
                    text run at (0,18) width 288: "aqua background and a -10px bottom margin"
                LayoutText {#text} at (287,18) size 744x35
                  text run at (287,18) width 9: ". "
                  text run at (295,18) width 449: "Margins on inline elements does not affect line-height calculations, so"
                  text run at (0,36) width 368: "all lines in this element should have the same line-height."
