layer at (0,0) size 800x600 clip at (0,0) size 785x600 scrollHeight 1738
  LayoutView at (0,0) size 800x600
layer at (0,0) size 785x1738 backgroundClip at (0,0) size 785x600 clip at (0,0) size 785x600
  LayoutBlockFlow {HTML} at (0,0) size 785x1738.25
    LayoutBlockFlow {BODY} at (8,8) size 769x1722.25 [bgcolor=#CCCCCC]
      LayoutBlockFlow {P} at (0,0) size 769x18
        LayoutText {#text} at (0,0) size 363x17
          text run at (0,0) width 363: "The style declarations which apply to the text below are:"
      LayoutBlockFlow {PRE} at (0,34) size 769x144
        LayoutText {#text} at (0,0) size 416x144
          text run at (0,0) width 408: ".zero {background-color: silver; margin-bottom: 0;}"
          text run at (408,0) width 0: " "
          text run at (0,16) width 416: ".one {margin-bottom: 0.5in; background-color: aqua;}"
          text run at (416,16) width 0: " "
          text run at (0,32) width 408: ".two {margin-bottom: 25px; background-color: aqua;}"
          text run at (408,32) width 0: " "
          text run at (0,48) width 416: ".three {margin-bottom: 5em; background-color: aqua;}"
          text run at (416,48) width 0: " "
          text run at (0,64) width 408: ".four {margin-bottom: 25%; background-color: aqua;}"
          text run at (408,64) width 0: " "
          text run at (0,80) width 224: ".five {margin-bottom: 25px;}"
          text run at (224,80) width 0: " "
          text run at (0,96) width 416: ".six {margin-bottom: -10px; background-color: aqua;}"
          text run at (416,96) width 0: " "
          text run at (0,112) width 176: "P, UL {margin-top: 0;}"
          text run at (176,112) width 0: " "
          text run at (0,128) width 0: " "
      LayoutBlockFlow {HR} at (0,191) size 769x2 [border: (1px inset #EEEEEE)]
      LayoutBlockFlow {P} at (0,201) size 769x18 [bgcolor=#C0C0C0]
        LayoutText {#text} at (0,0) size 208x17
          text run at (0,0) width 208: "This element has a class of zero."
      LayoutBlockFlow {P} at (0,219) size 769x36 [bgcolor=#00FFFF]
        LayoutText {#text} at (0,0) size 756x35
          text run at (0,0) width 756: "This sentence should have a bottom margin of half an inch, which will require extra text in order to make sure that the"
          text run at (0,18) width 208: "margin isn't applied to each line."
      LayoutBlockFlow {P} at (0,303) size 769x36 [bgcolor=#00FFFF]
        LayoutText {#text} at (0,0) size 739x35
          text run at (0,0) width 739: "This sentence should have a bottom margin of 25 pixels, which will require extra text in order to make sure that the"
          text run at (0,18) width 208: "margin isn't applied to each line."
      LayoutBlockFlow {P} at (0,364) size 769x36 [bgcolor=#00FFFF]
        LayoutText {#text} at (0,0) size 761x35
          text run at (0,0) width 761: "This sentence should have a bottom margin of 5 em, which will require extra text in order to make sure that the margin"
          text run at (0,18) width 159: "isn't applied to each line."
      LayoutBlockFlow {P} at (0,480) size 769x36 [bgcolor=#00FFFF]
        LayoutText {#text} at (0,0) size 754x35
          text run at (0,0) width 754: "This element should have a bottom margin of 25%, which will require extra text in order to make sure that the margin"
          text run at (0,18) width 159: "isn't applied to each line."
      LayoutBlockFlow {P} at (0,708.25) size 769x18 [bgcolor=#C0C0C0]
        LayoutText {#text} at (0,0) size 208x17
          text run at (0,0) width 208: "This element has a class of zero."
      LayoutBlockFlow {P} at (0,726.25) size 769x18 [bgcolor=#C0C0C0]
        LayoutText {#text} at (0,0) size 238x17
          text run at (0,0) width 238: "This element also has a class of zero."
      LayoutBlockFlow {UL} at (0,744.25) size 769x97 [bgcolor=#00FFFF]
        LayoutListItem {LI} at (40,0) size 729x18
          LayoutListMarker (anonymous) at (-17,0) size 7x17: bullet
          LayoutText {#text} at (0,0) size 433x17
            text run at (0,0) width 433: "This list has a margin-bottom of 25px, and a light blue background."
        LayoutListItem {LI} at (40,18) size 729x18
          LayoutListMarker (anonymous) at (-17,0) size 7x17: bullet
          LayoutText {#text} at (0,0) size 269x17
            text run at (0,0) width 269: "Therefore, it ought to have such a margin."
        LayoutListItem {LI} at (40,36) size 729x18
          LayoutListMarker (anonymous) at (-17,0) size 7x17: bullet
          LayoutText {#text} at (0,0) size 604x17
            text run at (0,0) width 604: "This list item has a bottom margin of 25px, which should cause it to be offset in some fashion."
        LayoutListItem {LI} at (40,79) size 729x18
          LayoutListMarker (anonymous) at (-17,0) size 7x17: bullet
          LayoutText {#text} at (0,0) size 304x17
            text run at (0,0) width 304: "This list item has no special styles applied to it."
      LayoutBlockFlow {P} at (0,866.25) size 769x54 [bgcolor=#00FFFF]
        LayoutText {#text} at (0,0) size 761x53
          text run at (0,0) width 761: "This paragraph has a bottom margin of -10px, which should cause elements after it to be shifted \"upward\" on the page,"
          text run at (0,18) width 125: "and no top margin. "
          text run at (124,18) width 497: "No other styles have been applied to it besides a light blue background color. "
          text run at (620,18) width 131: "In all other respects,"
          text run at (0,36) width 194: "the element should be normal."
      LayoutBlockFlow {P} at (0,910.25) size 769x18 [bgcolor=#C0C0C0]
        LayoutText {#text} at (0,0) size 208x17
          text run at (0,0) width 208: "This element has a class of zero."
      LayoutBlockFlow {P} at (0,928.25) size 769x18 [bgcolor=#C0C0C0]
        LayoutText {#text} at (0,0) size 238x17
          text run at (0,0) width 238: "This element also has a class of zero."
      LayoutTable {TABLE} at (0,946.25) size 769x776 [border: (1px outset #808080)]
        LayoutTableSection {TBODY} at (1,1) size 767x774
          LayoutTableRow {TR} at (0,0) size 767x26
            LayoutTableCell {TD} at (0,0) size 767x26 [bgcolor=#C0C0C0] [border: (1px inset #808080)] [r=0 c=0 rs=1 cs=2]
              LayoutInline {STRONG} at (0,0) size 161x17
                LayoutText {#text} at (4,4) size 161x17
                  text run at (4,4) width 161: "TABLE Testing Section"
          LayoutTableRow {TR} at (0,26) size 767x748
            LayoutTableCell {TD} at (0,387) size 12x26 [bgcolor=#C0C0C0] [border: (1px inset #808080)] [r=1 c=0 rs=1 cs=1]
              LayoutText {#text} at (4,4) size 4x17
                text run at (4,4) width 4: " "
            LayoutTableCell {TD} at (12,26) size 755x747.75 [border: (1px inset #808080)] [r=1 c=1 rs=1 cs=1]
              LayoutBlockFlow {P} at (4,4) size 747x18 [bgcolor=#C0C0C0]
                LayoutText {#text} at (0,0) size 208x17
                  text run at (0,0) width 208: "This element has a class of zero."
              LayoutBlockFlow {P} at (4,22) size 747x36 [bgcolor=#00FFFF]
                LayoutText {#text} at (0,0) size 732x35
                  text run at (0,0) width 732: "This sentence should have a bottom margin of half an inch, which will require extra text in order to make sure that"
                  text run at (0,18) width 232: "the margin isn't applied to each line."
              LayoutBlockFlow {P} at (4,106) size 747x36 [bgcolor=#00FFFF]
                LayoutText {#text} at (0,0) size 739x35
                  text run at (0,0) width 739: "This sentence should have a bottom margin of 25 pixels, which will require extra text in order to make sure that the"
                  text run at (0,18) width 208: "margin isn't applied to each line."
              LayoutBlockFlow {P} at (4,167) size 747x36 [bgcolor=#00FFFF]
                LayoutText {#text} at (0,0) size 712x35
                  text run at (0,0) width 712: "This sentence should have a bottom margin of 5 em, which will require extra text in order to make sure that the"
                  text run at (0,18) width 208: "margin isn't applied to each line."
              LayoutBlockFlow {P} at (4,283) size 747x36 [bgcolor=#00FFFF]
                LayoutText {#text} at (0,0) size 705x35
                  text run at (0,0) width 705: "This element should have a bottom margin of 25%, which will require extra text in order to make sure that the"
                  text run at (0,18) width 208: "margin isn't applied to each line."
              LayoutBlockFlow {P} at (4,505.75) size 747x18 [bgcolor=#C0C0C0]
                LayoutText {#text} at (0,0) size 208x17
                  text run at (0,0) width 208: "This element has a class of zero."
              LayoutBlockFlow {P} at (4,523.75) size 747x18 [bgcolor=#C0C0C0]
                LayoutText {#text} at (0,0) size 238x17
                  text run at (0,0) width 238: "This element also has a class of zero."
              LayoutBlockFlow {UL} at (4,541.75) size 747x97 [bgcolor=#00FFFF]
                LayoutListItem {LI} at (40,0) size 707x18
                  LayoutListMarker (anonymous) at (-17,0) size 7x17: bullet
                  LayoutText {#text} at (0,0) size 433x17
                    text run at (0,0) width 433: "This list has a margin-bottom of 25px, and a light blue background."
                LayoutListItem {LI} at (40,18) size 707x18
                  LayoutListMarker (anonymous) at (-17,0) size 7x17: bullet
                  LayoutText {#text} at (0,0) size 269x17
                    text run at (0,0) width 269: "Therefore, it ought to have such a margin."
                LayoutListItem {LI} at (40,36) size 707x18
                  LayoutListMarker (anonymous) at (-17,0) size 7x17: bullet
                  LayoutText {#text} at (0,0) size 604x17
                    text run at (0,0) width 604: "This list item has a bottom margin of 25px, which should cause it to be offset in some fashion."
                LayoutListItem {LI} at (40,79) size 707x18
                  LayoutListMarker (anonymous) at (-17,0) size 7x17: bullet
                  LayoutText {#text} at (0,0) size 304x17
                    text run at (0,0) width 304: "This list item has no special styles applied to it."
              LayoutBlockFlow {P} at (4,663.75) size 747x54 [bgcolor=#00FFFF]
                LayoutText {#text} at (0,0) size 730x53
                  text run at (0,0) width 722: "This paragraph has a bottom margin of -10px, which should cause elements after it to be shifted \"upward\" on the"
                  text run at (0,18) width 163: "page, and no top margin. "
                  text run at (162,18) width 498: "No other styles have been applied to it besides a light blue background color. "
                  text run at (659,18) width 71: "In all other"
                  text run at (0,36) width 253: "respects, the element should be normal."
              LayoutBlockFlow {P} at (4,707.75) size 747x18 [bgcolor=#C0C0C0]
                LayoutText {#text} at (0,0) size 208x17
                  text run at (0,0) width 208: "This element has a class of zero."
              LayoutBlockFlow {P} at (4,725.75) size 747x18 [bgcolor=#C0C0C0]
                LayoutText {#text} at (0,0) size 238x17
                  text run at (0,0) width 238: "This element also has a class of zero."
