layer at (0,0) size 800x600
  LayoutView at (0,0) size 800x600
layer at (0,0) size 800x600
  LayoutBlockFlow {HTML} at (0,0) size 800x600
    LayoutBlockFlow {BODY} at (8,8) size 784x584 [bgcolor=#CCCCCC]
      LayoutBlockFlow {P} at (0,0) size 784x18
        LayoutText {#text} at (0,0) size 363x17
          text run at (0,0) width 363: "The style declarations which apply to the text below are:"
      LayoutBlockFlow {PRE} at (0,34) size 784x32
        LayoutText {#text} at (0,0) size 400x32
          text run at (0,0) width 392: ".one {margin-left: 25px; background-color: aqua;}"
          text run at (392,0) width 0: " "
          text run at (0,16) width 400: ".two {margin-left: -10px; background-color: aqua;}"
          text run at (400,16) width 0: " "
      LayoutBlockFlow {HR} at (0,79) size 784x2 [border: (1px inset #EEEEEE)]
      LayoutBlockFlow {P} at (0,97) size 784x36 [bgcolor=#808080]
        LayoutText {#text} at (0,0) size 551x17
          text run at (0,0) width 396: "This element is unstyled save for a background color of gray. "
          text run at (395,0) width 156: "However, it contains an "
        LayoutInline {SPAN} at (0,0) size 173x17 [bgcolor=#00FFFF]
          LayoutText {#text} at (575,0) size 149x17
            text run at (575,0) width 149: "inline element of class "
          LayoutInline {TT} at (0,0) size 25x16
            LayoutText {#text} at (723,2) size 25x16
              text run at (723,2) width 25: "one"
        LayoutText {#text} at (747,0) size 752x35
          text run at (747,0) width 5: ","
          text run at (0,18) width 350: "which should result in 25-pixel left margin only in the "
        LayoutInline {STRONG} at (0,0) size 30x17
          LayoutText {#text} at (349,18) size 30x17
            text run at (349,18) width 30: "first"
        LayoutText {#text} at (378,18) size 237x17
          text run at (378,18) width 237: " line in which the inline box appears."
      LayoutBlockFlow {P} at (0,149) size 784x36 [bgcolor=#808080]
        LayoutText {#text} at (0,0) size 551x17
          text run at (0,0) width 396: "This element is unstyled save for a background color of gray. "
          text run at (395,0) width 156: "However, it contains an "
        LayoutInline {SPAN} at (0,0) size 173x17 [bgcolor=#00FFFF]
          LayoutText {#text} at (540,0) size 149x17
            text run at (540,0) width 149: "inline element of class "
          LayoutInline {TT} at (0,0) size 25x16
            LayoutText {#text} at (688,2) size 25x16
              text run at (688,2) width 25: "two"
        LayoutText {#text} at (712,0) size 760x35
          text run at (712,0) width 48: ", which"
          text run at (0,18) width 291: "should result in -10px left margin only in the "
        LayoutInline {STRONG} at (0,0) size 30x17
          LayoutText {#text} at (290,18) size 30x17
            text run at (290,18) width 30: "first"
        LayoutText {#text} at (319,18) size 237x17
          text run at (319,18) width 237: " line in which the inline box appears."
      LayoutTable {TABLE} at (0,201) size 784x124 [border: (1px outset #808080)]
        LayoutTableSection {TBODY} at (1,1) size 782x122
          LayoutTableRow {TR} at (0,0) size 782x26
            LayoutTableCell {TD} at (0,0) size 782x26 [bgcolor=#C0C0C0] [border: (1px inset #808080)] [r=0 c=0 rs=1 cs=2]
              LayoutInline {STRONG} at (0,0) size 161x17
                LayoutText {#text} at (4,4) size 161x17
                  text run at (4,4) width 161: "TABLE Testing Section"
          LayoutTableRow {TR} at (0,26) size 782x96
            LayoutTableCell {TD} at (0,61) size 12x26 [bgcolor=#C0C0C0] [border: (1px inset #808080)] [r=1 c=0 rs=1 cs=1]
              LayoutText {#text} at (4,4) size 4x17
                text run at (4,4) width 4: " "
            LayoutTableCell {TD} at (12,26) size 770x96 [border: (1px inset #808080)] [r=1 c=1 rs=1 cs=1]
              LayoutBlockFlow {P} at (4,4) size 762x36 [bgcolor=#808080]
                LayoutText {#text} at (0,0) size 551x17
                  text run at (0,0) width 396: "This element is unstyled save for a background color of gray. "
                  text run at (395,0) width 156: "However, it contains an "
                LayoutInline {SPAN} at (0,0) size 173x17 [bgcolor=#00FFFF]
                  LayoutText {#text} at (575,0) size 149x17
                    text run at (575,0) width 149: "inline element of class "
                  LayoutInline {TT} at (0,0) size 25x16
                    LayoutText {#text} at (723,2) size 25x16
                      text run at (723,2) width 25: "one"
                LayoutText {#text} at (747,0) size 752x35
                  text run at (747,0) width 5: ","
                  text run at (0,18) width 350: "which should result in 25-pixel left margin only in the "
                LayoutInline {STRONG} at (0,0) size 30x17
                  LayoutText {#text} at (349,18) size 30x17
                    text run at (349,18) width 30: "first"
                LayoutText {#text} at (378,18) size 237x17
                  text run at (378,18) width 237: " line in which the inline box appears."
              LayoutBlockFlow {P} at (4,56) size 762x36 [bgcolor=#808080]
                LayoutText {#text} at (0,0) size 551x17
                  text run at (0,0) width 396: "This element is unstyled save for a background color of gray. "
                  text run at (395,0) width 156: "However, it contains an "
                LayoutInline {SPAN} at (0,0) size 173x17 [bgcolor=#00FFFF]
                  LayoutText {#text} at (540,0) size 149x17
                    text run at (540,0) width 149: "inline element of class "
                  LayoutInline {TT} at (0,0) size 25x16
                    LayoutText {#text} at (688,2) size 25x16
                      text run at (688,2) width 25: "two"
                LayoutText {#text} at (712,0) size 760x35
                  text run at (712,0) width 48: ", which"
                  text run at (0,18) width 291: "should result in -10px left margin only in the "
                LayoutInline {STRONG} at (0,0) size 30x17
                  LayoutText {#text} at (290,18) size 30x17
                    text run at (290,18) width 30: "first"
                LayoutText {#text} at (319,18) size 237x17
                  text run at (319,18) width 237: " line in which the inline box appears."
