layer at (0,0) size 800x600
  LayoutView at (0,0) size 800x600
layer at (0,0) size 800x600
  LayoutBlockFlow {HTML} at (0,0) size 800x600
    LayoutBlockFlow {BODY} at (8,8) size 784x584 [bgcolor=#CCCCCC]
      LayoutBlockFlow {P} at (0,0) size 784x18
        LayoutText {#text} at (0,0) size 363x17
          text run at (0,0) width 363: "The style declarations which apply to the text below are:"
      LayoutBlockFlow {PRE} at (0,34) size 784x48
        LayoutText {#text} at (0,0) size 400x48
          text run at (0,0) width 392: ".one {padding-top: 25px; background-color: aqua;}"
          text run at (392,0) width 0: " "
          text run at (0,16) width 400: ".two {padding-top: -10px; background-color: aqua;}"
          text run at (400,16) width 0: " "
          text run at (0,32) width 0: " "
      LayoutBlockFlow {HR} at (0,95) size 784x2 [border: (1px inset #EEEEEE)]
      LayoutBlockFlow {P} at (0,113) size 784x72 [bgcolor=#808080]
        LayoutText {#text} at (0,0) size 486x17
          text run at (0,0) width 396: "This element is unstyled save for a background color of gray. "
          text run at (395,0) width 91: "It contains an "
        LayoutInline {SPAN} at (0,0) size 773x60 [bgcolor=#00FFFF]
          LayoutText {#text} at (485,0) size 148x17
            text run at (485,0) width 148: "inline element of class "
          LayoutInline {TT} at (0,0) size 25x16
            LayoutText {#text} at (632,2) size 25x16
              text run at (632,2) width 25: "one"
          LayoutText {#text} at (656,0) size 773x35
            text run at (656,0) width 117: ", giving it an aqua"
            text run at (0,18) width 230: "background and a 25px top padding"
        LayoutText {#text} at (229,18) size 784x53
          text run at (229,18) width 9: ". "
          text run at (237,18) width 547: "Padding on inline elements does not affect line-height calculations, so all lines in this"
          text run at (0,36) width 274: "element should have the same line-height. "
          text run at (273,36) width 500: "There may be implementation-specific limits on how much of the padding the"
          text run at (0,54) width 181: "user agent is able to display."
      LayoutBlockFlow {P} at (0,201) size 784x54 [bgcolor=#808080]
        LayoutText {#text} at (0,0) size 486x17
          text run at (0,0) width 396: "This element is unstyled save for a background color of gray. "
          text run at (395,0) width 91: "It contains an "
        LayoutInline {SPAN} at (0,0) size 773x35 [bgcolor=#00FFFF]
          LayoutText {#text} at (485,0) size 148x17
            text run at (485,0) width 148: "inline element of class "
          LayoutInline {TT} at (0,0) size 25x16
            LayoutText {#text} at (632,2) size 25x16
              text run at (632,2) width 25: "two"
          LayoutText {#text} at (656,0) size 773x35
            text run at (656,0) width 117: ", giving it an aqua"
            text run at (0,18) width 505: "background and no top padding, since negative padding values are not allowed"
        LayoutText {#text} at (504,18) size 745x35
          text run at (504,18) width 9: ". "
          text run at (512,18) width 233: "Padding on inline elements does not"
          text run at (0,36) width 584: "affect line-height calculations, so all lines in this element should have the same line-height."
      LayoutTable {TABLE} at (0,271) size 784x178 [border: (1px outset #808080)]
        LayoutTableSection {TBODY} at (1,1) size 782x176
          LayoutTableRow {TR} at (0,0) size 782x26
            LayoutTableCell {TD} at (0,0) size 782x26 [bgcolor=#C0C0C0] [border: (1px inset #808080)] [r=0 c=0 rs=1 cs=2]
              LayoutInline {STRONG} at (0,0) size 161x17
                LayoutText {#text} at (4,4) size 161x17
                  text run at (4,4) width 161: "TABLE Testing Section"
          LayoutTableRow {TR} at (0,26) size 782x150
            LayoutTableCell {TD} at (0,88) size 12x26 [bgcolor=#C0C0C0] [border: (1px inset #808080)] [r=1 c=0 rs=1 cs=1]
              LayoutText {#text} at (4,4) size 4x17
                text run at (4,4) width 4: " "
            LayoutTableCell {TD} at (12,26) size 770x150 [border: (1px inset #808080)] [r=1 c=1 rs=1 cs=1]
              LayoutBlockFlow {P} at (4,4) size 762x72 [bgcolor=#808080]
                LayoutText {#text} at (0,0) size 486x17
                  text run at (0,0) width 396: "This element is unstyled save for a background color of gray. "
                  text run at (395,0) width 91: "It contains an "
                LayoutInline {SPAN} at (0,0) size 738x60 [bgcolor=#00FFFF]
                  LayoutText {#text} at (485,0) size 148x17
                    text run at (485,0) width 148: "inline element of class "
                  LayoutInline {TT} at (0,0) size 25x16
                    LayoutText {#text} at (632,2) size 25x16
                      text run at (632,2) width 25: "one"
                  LayoutText {#text} at (656,0) size 738x35
                    text run at (656,0) width 82: ", giving it an"
                    text run at (0,18) width 264: "aqua background and a 25px top padding"
                LayoutText {#text} at (263,18) size 748x53
                  text run at (263,18) width 9: ". "
                  text run at (271,18) width 469: "Padding on inline elements does not affect line-height calculations, so all"
                  text run at (0,36) width 352: "lines in this element should have the same line-height. "
                  text run at (351,36) width 397: "There may be implementation-specific limits on how much of"
                  text run at (0,54) width 283: "the padding the user agent is able to display."
              LayoutBlockFlow {P} at (4,92) size 762x54 [bgcolor=#808080]
                LayoutText {#text} at (0,0) size 486x17
                  text run at (0,0) width 396: "This element is unstyled save for a background color of gray. "
                  text run at (395,0) width 91: "It contains an "
                LayoutInline {SPAN} at (0,0) size 738x35 [bgcolor=#00FFFF]
                  LayoutText {#text} at (485,0) size 148x17
                    text run at (485,0) width 148: "inline element of class "
                  LayoutInline {TT} at (0,0) size 25x16
                    LayoutText {#text} at (632,2) size 25x16
                      text run at (632,2) width 25: "two"
                  LayoutText {#text} at (656,0) size 738x35
                    text run at (656,0) width 82: ", giving it an"
                    text run at (0,18) width 539: "aqua background and no top padding, since negative padding values are not allowed"
                LayoutText {#text} at (538,18) size 755x35
                  text run at (538,18) width 9: ". "
                  text run at (546,18) width 209: "Padding on inline elements does"
                  text run at (0,36) width 608: "not affect line-height calculations, so all lines in this element should have the same line-height."
