layer at (0,0) size 800x600 clip at (0,0) size 785x600 scrollHeight 1556
  LayoutView at (0,0) size 800x600
layer at (0,0) size 785x1556 backgroundClip at (0,0) size 785x600 clip at (0,0) size 785x600
  LayoutBlockFlow {HTML} at (0,0) size 785x1556.25
    LayoutBlockFlow {BODY} at (8,8) size 769x1540.25 [bgcolor=#CCCCCC]
      LayoutBlockFlow {P} at (0,0) size 769x18
        LayoutText {#text} at (0,0) size 363x17
          text run at (0,0) width 363: "The style declarations which apply to the text below are:"
      LayoutBlockFlow {PRE} at (0,34) size 769x96
        LayoutText {#text} at (0,0) size 432x96
          text run at (0,0) width 416: ".zero {background-color: silver; padding-bottom: 0;}"
          text run at (416,0) width 0: " "
          text run at (0,16) width 424: ".one {padding-bottom: 0.5in; background-color: aqua;}"
          text run at (424,16) width 0: " "
          text run at (0,32) width 416: ".two {padding-bottom: 25px; background-color: aqua;}"
          text run at (416,32) width 0: " "
          text run at (0,48) width 424: ".three {padding-bottom: 5em; background-color: aqua;}"
          text run at (424,48) width 0: " "
          text run at (0,64) width 416: ".four {padding-bottom: 25%; background-color: aqua;}"
          text run at (416,64) width 0: " "
          text run at (0,80) width 432: ".five {padding-bottom: -20px; background-color: aqua;}"
          text run at (432,80) width 0: " "
      LayoutBlockFlow {HR} at (0,143) size 769x2 [border: (1px inset #EEEEEE)]
      LayoutBlockFlow {P} at (0,161) size 769x18 [bgcolor=#C0C0C0]
        LayoutText {#text} at (0,0) size 208x17
          text run at (0,0) width 208: "This element has a class of zero."
      LayoutBlockFlow {P} at (0,195) size 769x84 [bgcolor=#00FFFF]
        LayoutText {#text} at (0,0) size 726x35
          text run at (0,0) width 671: "This element should have a bottom padding of half an inch, which will require extra text in order to test. "
          text run at (670,0) width 56: "Both the"
          text run at (0,18) width 413: "content background and the padding should be aqua (light blue)."
      LayoutBlockFlow {P} at (0,295) size 769x61 [bgcolor=#00FFFF]
        LayoutText {#text} at (0,0) size 760x35
          text run at (0,0) width 654: "This element should have a bottom padding of 25 pixels, which will require extra text in order to test. "
          text run at (653,0) width 107: "Both the content"
          text run at (0,18) width 362: "background and the padding should be aqua (light blue)."
      LayoutBlockFlow {P} at (0,372) size 769x116 [bgcolor=#00FFFF]
        LayoutText {#text} at (0,0) size 733x35
          text run at (0,0) width 627: "This element should have a bottom padding of 5 em, which will require extra text in order to test. "
          text run at (626,0) width 107: "Both the content"
          text run at (0,18) width 362: "background and the padding should be aqua (light blue)."
      LayoutBlockFlow {P} at (0,504) size 769x228.25 [bgcolor=#00FFFF]
        LayoutText {#text} at (0,0) size 767x35
          text run at (0,0) width 767: "This element should have a bottom padding of 25%, which is calculated with respect to the width of the parent element."
          text run at (0,18) width 276: "This will require extra text in order to test. "
          text run at (275,18) width 472: "Both the content background and the padding should be aqua (light blue)."
      LayoutBlockFlow {P} at (0,748.25) size 769x18 [bgcolor=#C0C0C0]
        LayoutText {#text} at (0,0) size 208x17
          text run at (0,0) width 208: "This element has a class of zero."
      LayoutBlockFlow {P} at (0,782.25) size 769x36 [bgcolor=#00FFFF]
        LayoutText {#text} at (0,0) size 705x35
          text run at (0,0) width 599: "This element should have no bottom padding, since negative padding values are not allowed. "
          text run at (598,0) width 107: "Both the content"
          text run at (0,18) width 411: "background and the normal padding should be aqua (light blue)."
      LayoutTable {TABLE} at (0,834.25) size 769x706 [border: (1px outset #808080)]
        LayoutTableSection {TBODY} at (1,1) size 767x704
          LayoutTableRow {TR} at (0,0) size 767x26
            LayoutTableCell {TD} at (0,0) size 767x26 [bgcolor=#C0C0C0] [border: (1px inset #808080)] [r=0 c=0 rs=1 cs=2]
              LayoutInline {STRONG} at (0,0) size 161x17
                LayoutText {#text} at (4,4) size 161x17
                  text run at (4,4) width 161: "TABLE Testing Section"
          LayoutTableRow {TR} at (0,26) size 767x678
            LayoutTableCell {TD} at (0,352) size 12x26 [bgcolor=#C0C0C0] [border: (1px inset #808080)] [r=1 c=0 rs=1 cs=1]
              LayoutText {#text} at (4,4) size 4x17
                text run at (4,4) width 4: " "
            LayoutTableCell {TD} at (12,26) size 755x677.75 [border: (1px inset #808080)] [r=1 c=1 rs=1 cs=1]
              LayoutBlockFlow {P} at (4,4) size 747x18 [bgcolor=#C0C0C0]
                LayoutText {#text} at (0,0) size 208x17
                  text run at (0,0) width 208: "This element has a class of zero."
              LayoutBlockFlow {P} at (4,38) size 747x84 [bgcolor=#00FFFF]
                LayoutText {#text} at (0,0) size 726x35
                  text run at (0,0) width 671: "This element should have a bottom padding of half an inch, which will require extra text in order to test. "
                  text run at (670,0) width 56: "Both the"
                  text run at (0,18) width 413: "content background and the padding should be aqua (light blue)."
              LayoutBlockFlow {P} at (4,138) size 747x61 [bgcolor=#00FFFF]
                LayoutText {#text} at (0,0) size 709x35
                  text run at (0,0) width 654: "This element should have a bottom padding of 25 pixels, which will require extra text in order to test. "
                  text run at (653,0) width 56: "Both the"
                  text run at (0,18) width 413: "content background and the padding should be aqua (light blue)."
              LayoutBlockFlow {P} at (4,215) size 747x116 [bgcolor=#00FFFF]
                LayoutText {#text} at (0,0) size 733x35
                  text run at (0,0) width 627: "This element should have a bottom padding of 5 em, which will require extra text in order to test. "
                  text run at (626,0) width 107: "Both the content"
                  text run at (0,18) width 362: "background and the padding should be aqua (light blue)."
              LayoutBlockFlow {P} at (4,347) size 747x240.75 [bgcolor=#00FFFF]
                LayoutText {#text} at (0,0) size 726x53
                  text run at (0,0) width 709: "This element should have a bottom padding of 25%, which is calculated with respect to the width of the parent"
                  text run at (0,18) width 59: "element. "
                  text run at (58,18) width 277: "This will require extra text in order to test. "
                  text run at (334,18) width 392: "Both the content background and the padding should be aqua"
                  text run at (0,36) width 76: "(light blue)."
              LayoutBlockFlow {P} at (4,603.75) size 747x18 [bgcolor=#C0C0C0]
                LayoutText {#text} at (0,0) size 208x17
                  text run at (0,0) width 208: "This element has a class of zero."
              LayoutBlockFlow {P} at (4,637.75) size 747x36 [bgcolor=#00FFFF]
                LayoutText {#text} at (0,0) size 705x35
                  text run at (0,0) width 599: "This element should have no bottom padding, since negative padding values are not allowed. "
                  text run at (598,0) width 107: "Both the content"
                  text run at (0,18) width 411: "background and the normal padding should be aqua (light blue)."
