layer at (0,0) size 800x600
  LayoutView at (0,0) size 800x600
layer at (0,0) size 800x600
  LayoutBlockFlow {HTML} at (0,0) size 800x600
    LayoutBlockFlow {BODY} at (8,8) size 784x584 [bgcolor=#CCCCCC]
      LayoutBlockFlow {P} at (0,0) size 784x18
        LayoutText {#text} at (0,0) size 363x17
          text run at (0,0) width 363: "The style declarations which apply to the text below are:"
      LayoutBlockFlow {PRE} at (0,34) size 784x48
        LayoutText {#text} at (0,0) size 424x48
          text run at (0,0) width 416: ".one {padding-bottom: 25px; background-color: aqua;}"
          text run at (416,0) width 0: " "
          text run at (0,16) width 424: ".two {padding-bottom: -10px; background-color: aqua;}"
          text run at (424,16) width 0: " "
          text run at (0,32) width 0: " "
      LayoutBlockFlow {HR} at (0,95) size 784x2 [border: (1px inset #EEEEEE)]
      LayoutBlockFlow {P} at (0,113) size 784x72 [bgcolor=#808080]
        LayoutText {#text} at (0,0) size 486x17
          text run at (0,0) width 396: "This element is unstyled save for a background color of gray. "
          text run at (395,0) width 91: "It contains an "
        LayoutInline {SPAN} at (0,0) size 773x60 [bgcolor=#00FFFF]
          LayoutText {#text} at (485,0) size 148x17
            text run at (485,0) width 148: "inline element of class "
          LayoutInline {TT} at (0,0) size 25x16
            LayoutText {#text} at (632,2) size 25x16
              text run at (632,2) width 25: "one"
          LayoutText {#text} at (656,0) size 773x35
            text run at (656,0) width 117: ", giving it an aqua"
            text run at (0,18) width 255: "background and a 25px bottom padding"
        LayoutText {#text} at (254,18) size 781x53
          text run at (254,18) width 9: ". "
          text run at (262,18) width 519: "Padding on inline elements does not affect line-height calculations, so all lines in"
          text run at (0,36) width 301: "this element should have the same line-height. "
          text run at (300,36) width 476: "There may be implementation-specific limits on how much of the padding"
          text run at (0,54) width 204: "the user agent is able to display."
      LayoutBlockFlow {P} at (0,201) size 784x54 [bgcolor=#808080]
        LayoutText {#text} at (0,0) size 486x17
          text run at (0,0) width 396: "This element is unstyled save for a background color of gray. "
          text run at (395,0) width 91: "It contains an "
        LayoutInline {SPAN} at (0,0) size 773x35 [bgcolor=#00FFFF]
          LayoutText {#text} at (485,0) size 148x17
            text run at (485,0) width 148: "inline element of class "
          LayoutInline {TT} at (0,0) size 25x16
            LayoutText {#text} at (632,2) size 25x16
              text run at (632,2) width 25: "two"
          LayoutText {#text} at (656,0) size 773x35
            text run at (656,0) width 117: ", giving it an aqua"
            text run at (0,18) width 530: "background and no bottom padding, since negative padding values are not allowed"
        LayoutText {#text} at (529,18) size 770x35
          text run at (529,18) width 9: ". "
          text run at (537,18) width 233: "Padding on inline elements does not"
          text run at (0,36) width 584: "affect line-height calculations, so all lines in this element should have the same line-height."
      LayoutTable {TABLE} at (0,271) size 784x178 [border: (1px outset #808080)]
        LayoutTableSection {TBODY} at (1,1) size 782x176
          LayoutTableRow {TR} at (0,0) size 782x26
            LayoutTableCell {TD} at (0,0) size 782x26 [bgcolor=#C0C0C0] [border: (1px inset #808080)] [r=0 c=0 rs=1 cs=2]
              LayoutInline {STRONG} at (0,0) size 161x17
                LayoutText {#text} at (4,4) size 161x17
                  text run at (4,4) width 161: "TABLE Testing Section"
          LayoutTableRow {TR} at (0,26) size 782x150
            LayoutTableCell {TD} at (0,88) size 12x26 [bgcolor=#C0C0C0] [border: (1px inset #808080)] [r=1 c=0 rs=1 cs=1]
              LayoutText {#text} at (4,4) size 4x17
                text run at (4,4) width 4: " "
            LayoutTableCell {TD} at (12,26) size 770x150 [border: (1px inset #808080)] [r=1 c=1 rs=1 cs=1]
              LayoutBlockFlow {P} at (4,4) size 762x72 [bgcolor=#808080]
                LayoutText {#text} at (0,0) size 486x17
                  text run at (0,0) width 396: "This element is unstyled save for a background color of gray. "
                  text run at (395,0) width 91: "It contains an "
                LayoutInline {SPAN} at (0,0) size 738x60 [bgcolor=#00FFFF]
                  LayoutText {#text} at (485,0) size 148x17
                    text run at (485,0) width 148: "inline element of class "
                  LayoutInline {TT} at (0,0) size 25x16
                    LayoutText {#text} at (632,2) size 25x16
                      text run at (632,2) width 25: "one"
                  LayoutText {#text} at (656,0) size 738x35
                    text run at (656,0) width 82: ", giving it an"
                    text run at (0,18) width 289: "aqua background and a 25px bottom padding"
                LayoutText {#text} at (288,18) size 751x53
                  text run at (288,18) width 9: ". "
                  text run at (296,18) width 449: "Padding on inline elements does not affect line-height calculations, so"
                  text run at (0,36) width 372: "all lines in this element should have the same line-height. "
                  text run at (371,36) width 380: "There may be implementation-specific limits on how much"
                  text run at (0,54) width 301: "of the padding the user agent is able to display."
              LayoutBlockFlow {P} at (4,92) size 762x54 [bgcolor=#808080]
                LayoutText {#text} at (0,0) size 486x17
                  text run at (0,0) width 396: "This element is unstyled save for a background color of gray. "
                  text run at (395,0) width 91: "It contains an "
                LayoutInline {SPAN} at (0,0) size 738x35 [bgcolor=#00FFFF]
                  LayoutText {#text} at (485,0) size 148x17
                    text run at (485,0) width 148: "inline element of class "
                  LayoutInline {TT} at (0,0) size 25x16
                    LayoutText {#text} at (632,2) size 25x16
                      text run at (632,2) width 25: "two"
                  LayoutText {#text} at (656,0) size 738x35
                    text run at (656,0) width 82: ", giving it an"
                    text run at (0,18) width 564: "aqua background and no bottom padding, since negative padding values are not allowed"
                LayoutText {#text} at (563,18) size 746x35
                  text run at (563,18) width 9: ". "
                  text run at (571,18) width 175: "Padding on inline elements"
                  text run at (0,36) width 641: "does not affect line-height calculations, so all lines in this element should have the same line-height."
