layer at (0,0) size 800x600
  LayoutView at (0,0) size 800x600
layer at (0,0) size 800x600
  LayoutBlockFlow {HTML} at (0,0) size 800x600
    LayoutBlockFlow {BODY} at (8,8) size 784x584 [bgcolor=#CCCCCC]
      LayoutBlockFlow {P} at (0,0) size 784x18
        LayoutText {#text} at (0,0) size 363x17
          text run at (0,0) width 363: "The style declarations which apply to the text below are:"
      LayoutBlockFlow {PRE} at (0,34) size 784x48
        LayoutText {#text} at (0,0) size 568x48
          text run at (0,0) width 560: ".one {padding-right: 25px; text-align: right; background-color: aqua;}"
          text run at (560,0) width 0: " "
          text run at (0,16) width 568: ".two {padding-right: -10px; text-align: right; background-color: aqua;}"
          text run at (568,16) width 0: " "
          text run at (0,32) width 0: " "
      LayoutBlockFlow {HR} at (0,95) size 784x2 [border: (1px inset #EEEEEE)]
      LayoutBlockFlow {P} at (0,113) size 784x54 [bgcolor=#808080]
        LayoutText {#text} at (0,0) size 551x17
          text run at (0,0) width 396: "This element is unstyled save for a background color of gray. "
          text run at (395,0) width 156: "However, it contains an "
        LayoutInline {SPAN} at (0,0) size 198x17 [bgcolor=#00FFFF]
          LayoutText {#text} at (550,0) size 149x17
            text run at (550,0) width 149: "inline element of class "
          LayoutInline {TT} at (0,0) size 25x16
            LayoutText {#text} at (698,2) size 25x16
              text run at (698,2) width 25: "one"
        LayoutText {#text} at (747,0) size 752x35
          text run at (747,0) width 5: ","
          text run at (0,18) width 580: "which should result in 25-pixel right padding (which should also be light blue) only in the "
        LayoutInline {STRONG} at (0,0) size 25x17
          LayoutText {#text} at (579,18) size 25x17
            text run at (579,18) width 25: "last"
        LayoutText {#text} at (603,18) size 783x35
          text run at (603,18) width 180: " line in which the inline box"
          text run at (0,36) width 53: "appears."
      LayoutBlockFlow {P} at (0,183) size 784x54 [bgcolor=#808080]
        LayoutText {#text} at (0,0) size 551x17
          text run at (0,0) width 396: "This element is unstyled save for a background color of gray. "
          text run at (395,0) width 156: "However, it contains an "
        LayoutInline {SPAN} at (0,0) size 173x17 [bgcolor=#00FFFF]
          LayoutText {#text} at (550,0) size 149x17
            text run at (550,0) width 149: "inline element of class "
          LayoutInline {TT} at (0,0) size 25x16
            LayoutText {#text} at (698,2) size 25x16
              text run at (698,2) width 25: "two"
        LayoutText {#text} at (722,0) size 770x35
          text run at (722,0) width 48: ", which"
          text run at (0,18) width 559: "should result in no right padding, since negative padding values are not allowed, in the "
        LayoutInline {STRONG} at (0,0) size 25x17
          LayoutText {#text} at (558,18) size 25x17
            text run at (558,18) width 25: "last"
        LayoutText {#text} at (582,18) size 763x35
          text run at (582,18) width 181: " line in which the inline box"
          text run at (0,36) width 53: "appears."
      LayoutTable {TABLE} at (0,253) size 784x160 [border: (1px outset #808080)]
        LayoutTableSection {TBODY} at (1,1) size 782x158
          LayoutTableRow {TR} at (0,0) size 782x26
            LayoutTableCell {TD} at (0,0) size 782x26 [bgcolor=#C0C0C0] [border: (1px inset #808080)] [r=0 c=0 rs=1 cs=2]
              LayoutInline {STRONG} at (0,0) size 161x17
                LayoutText {#text} at (4,4) size 161x17
                  text run at (4,4) width 161: "TABLE Testing Section"
          LayoutTableRow {TR} at (0,26) size 782x132
            LayoutTableCell {TD} at (0,79) size 12x26 [bgcolor=#C0C0C0] [border: (1px inset #808080)] [r=1 c=0 rs=1 cs=1]
              LayoutText {#text} at (4,4) size 4x17
                text run at (4,4) width 4: " "
            LayoutTableCell {TD} at (12,26) size 770x132 [border: (1px inset #808080)] [r=1 c=1 rs=1 cs=1]
              LayoutBlockFlow {P} at (4,4) size 762x54 [bgcolor=#808080]
                LayoutText {#text} at (0,0) size 551x17
                  text run at (0,0) width 396: "This element is unstyled save for a background color of gray. "
                  text run at (395,0) width 156: "However, it contains an "
                LayoutInline {SPAN} at (0,0) size 198x17 [bgcolor=#00FFFF]
                  LayoutText {#text} at (550,0) size 149x17
                    text run at (550,0) width 149: "inline element of class "
                  LayoutInline {TT} at (0,0) size 25x16
                    LayoutText {#text} at (698,2) size 25x16
                      text run at (698,2) width 25: "one"
                LayoutText {#text} at (747,0) size 752x35
                  text run at (747,0) width 5: ","
                  text run at (0,18) width 580: "which should result in 25-pixel right padding (which should also be light blue) only in the "
                LayoutInline {STRONG} at (0,0) size 25x17
                  LayoutText {#text} at (579,18) size 25x17
                    text run at (579,18) width 25: "last"
                LayoutText {#text} at (603,18) size 755x35
                  text run at (603,18) width 152: " line in which the inline"
                  text run at (0,36) width 81: "box appears."
              LayoutBlockFlow {P} at (4,74) size 762x54 [bgcolor=#808080]
                LayoutText {#text} at (0,0) size 551x17
                  text run at (0,0) width 396: "This element is unstyled save for a background color of gray. "
                  text run at (395,0) width 156: "However, it contains an "
                LayoutInline {SPAN} at (0,0) size 173x17 [bgcolor=#00FFFF]
                  LayoutText {#text} at (550,0) size 149x17
                    text run at (550,0) width 149: "inline element of class "
                  LayoutInline {TT} at (0,0) size 25x16
                    LayoutText {#text} at (698,2) size 25x16
                      text run at (698,2) width 25: "two"
                LayoutText {#text} at (722,0) size 727x35
                  text run at (722,0) width 5: ","
                  text run at (0,18) width 602: "which should result in no right padding, since negative padding values are not allowed, in the "
                LayoutInline {STRONG} at (0,0) size 25x17
                  LayoutText {#text} at (601,18) size 25x17
                    text run at (601,18) width 25: "last"
                LayoutText {#text} at (625,18) size 737x35
                  text run at (625,18) width 112: " line in which the"
                  text run at (0,36) width 122: "inline box appears."
