layer at (0,0) size 800x600 clip at (0,0) size 785x600 scrollHeight 2228
  LayoutView at (0,0) size 800x600
layer at (0,0) size 785x2228 backgroundClip at (0,0) size 785x600 clip at (0,0) size 785x600
  LayoutBlockFlow {HTML} at (0,0) size 785x2227.50
    LayoutBlockFlow {BODY} at (8,8) size 769x2211.50 [bgcolor=#CCCCCC]
      LayoutBlockFlow {P} at (0,0) size 769x18
        LayoutText {#text} at (0,0) size 363x17
          text run at (0,0) width 363: "The style declarations which apply to the text below are:"
      LayoutBlockFlow {PRE} at (0,34) size 769x96
        LayoutText {#text} at (0,0) size 376x96
          text run at (0,0) width 360: ".zero {background-color: silver; padding: 0;}"
          text run at (360,0) width 0: " "
          text run at (0,16) width 368: ".one {padding: 0.5in; background-color: aqua;}"
          text run at (368,16) width 0: " "
          text run at (0,32) width 360: ".two {padding: 25px; background-color: aqua;}"
          text run at (360,32) width 0: " "
          text run at (0,48) width 368: ".three {padding: 5em; background-color: aqua;}"
          text run at (368,48) width 0: " "
          text run at (0,64) width 360: ".four {padding: 25%; background-color: aqua;}"
          text run at (360,64) width 0: " "
          text run at (0,80) width 376: ".five {padding: -20px; background-color: aqua;}"
          text run at (376,80) width 0: " "
      LayoutBlockFlow {HR} at (0,143) size 769x2 [border: (1px inset #EEEEEE)]
      LayoutBlockFlow {P} at (0,161) size 769x18 [bgcolor=#C0C0C0]
        LayoutText {#text} at (0,0) size 208x17
          text run at (0,0) width 208: "This element has a class of zero."
      LayoutBlockFlow {P} at (0,195) size 769x132 [bgcolor=#00FFFF]
        LayoutText {#text} at (48,48) size 644x35
          text run at (48,48) width 644: "This element should have an overall padding of half an inch, which will require extra text in order to"
          text run at (48,66) width 31: "test. "
          text run at (78,66) width 472: "Both the content background and the padding should be aqua (light blue)."
      LayoutBlockFlow {P} at (0,343) size 769x86 [bgcolor=#00FFFF]
        LayoutText {#text} at (25,25) size 716x35
          text run at (25,25) width 661: "This element should have an overall padding of 25 pixels, which will require extra text in order to test. "
          text run at (685,25) width 56: "Both the"
          text run at (25,43) width 413: "content background and the padding should be aqua (light blue)."
      LayoutBlockFlow {P} at (0,445) size 769x196 [bgcolor=#00FFFF]
        LayoutText {#text} at (80,80) size 600x35
          text run at (80,80) width 600: "This element should have an overall padding of 5 em, which will require extra text in order to"
          text run at (80,98) width 31: "test. "
          text run at (110,98) width 472: "Both the content background and the padding should be aqua (light blue)."
      LayoutBlockFlow {P} at (0,657) size 769x456.50 [bgcolor=#00FFFF]
        LayoutText {#text} at (192,192) size 370x71
          text run at (192,192) width 342: "This element should have an overall padding of 25%,"
          text run at (192,210) width 370: "which is calculated with respect to the width of the parent"
          text run at (192,228) width 59: "element. "
          text run at (250,228) width 293: "Both the content background and the padding"
          text run at (192,246) width 176: "should be aqua (light blue)."
      LayoutBlockFlow {P} at (0,1129.50) size 769x36 [bgcolor=#00FFFF]
        LayoutText {#text} at (0,0) size 763x35
          text run at (0,0) width 550: "This element should have no padding, since negative padding values are not allowed. "
          text run at (549,0) width 214: "Both the content background and"
          text run at (0,18) width 304: "the normal padding should be aqua (light blue)."
      LayoutTable {TABLE} at (0,1181.50) size 769x1030 [border: (1px outset #808080)]
        LayoutTableSection {TBODY} at (1,1) size 767x1028
          LayoutTableRow {TR} at (0,0) size 767x26
            LayoutTableCell {TD} at (0,0) size 767x26 [bgcolor=#C0C0C0] [border: (1px inset #808080)] [r=0 c=0 rs=1 cs=2]
              LayoutInline {STRONG} at (0,0) size 161x17
                LayoutText {#text} at (4,4) size 161x17
                  text run at (4,4) width 161: "TABLE Testing Section"
          LayoutTableRow {TR} at (0,26) size 767x1002
            LayoutTableCell {TD} at (0,514) size 12x26 [bgcolor=#C0C0C0] [border: (1px inset #808080)] [r=1 c=0 rs=1 cs=1]
              LayoutText {#text} at (4,4) size 4x17
                text run at (4,4) width 4: " "
            LayoutTableCell {TD} at (12,26) size 755x1001.50 [border: (1px inset #808080)] [r=1 c=1 rs=1 cs=1]
              LayoutBlockFlow {P} at (4,4) size 747x18 [bgcolor=#C0C0C0]
                LayoutText {#text} at (0,0) size 208x17
                  text run at (0,0) width 208: "This element has a class of zero."
              LayoutBlockFlow {P} at (4,38) size 747x132 [bgcolor=#00FFFF]
                LayoutText {#text} at (48,48) size 644x35
                  text run at (48,48) width 644: "This element should have an overall padding of half an inch, which will require extra text in order to"
                  text run at (48,66) width 31: "test. "
                  text run at (78,66) width 472: "Both the content background and the padding should be aqua (light blue)."
              LayoutBlockFlow {P} at (4,186) size 747x86 [bgcolor=#00FFFF]
                LayoutText {#text} at (25,25) size 692x35
                  text run at (25,25) width 661: "This element should have an overall padding of 25 pixels, which will require extra text in order to test. "
                  text run at (685,25) width 32: "Both"
                  text run at (25,43) width 436: "the content background and the padding should be aqua (light blue)."
              LayoutBlockFlow {P} at (4,288) size 747x196 [bgcolor=#00FFFF]
                LayoutText {#text} at (80,80) size 584x35
                  text run at (80,80) width 584: "This element should have an overall padding of 5 em, which will require extra text in order"
                  text run at (80,98) width 47: "to test. "
                  text run at (126,98) width 472: "Both the content background and the padding should be aqua (light blue)."
              LayoutBlockFlow {P} at (4,500) size 747x445.50 [bgcolor=#00FFFF]
                LayoutText {#text} at (186,187) size 371x71
                  text run at (186,187) width 343: "This element should have an overall padding of 25%,"
                  text run at (186,205) width 371: "which is calculated with respect to the width of the parent"
                  text run at (186,223) width 60: "element. "
                  text run at (245,223) width 292: "Both the content background and the padding"
                  text run at (186,241) width 177: "should be aqua (light blue)."
              LayoutBlockFlow {P} at (4,961.50) size 747x36 [bgcolor=#00FFFF]
                LayoutText {#text} at (0,0) size 735x35
                  text run at (0,0) width 550: "This element should have no padding, since negative padding values are not allowed. "
                  text run at (549,0) width 186: "Both the content background"
                  text run at (0,18) width 332: "and the normal padding should be aqua (light blue)."
