layer at (0,0) size 800x600 clip at (0,0) size 785x600 scrollHeight 1177
  LayoutView at (0,0) size 800x600
layer at (0,0) size 785x1177 backgroundClip at (0,0) size 785x600 clip at (0,0) size 785x600
  LayoutBlockFlow {HTML} at (0,0) size 785x1177
    LayoutBlockFlow {BODY} at (8,8) size 769x1161 [bgcolor=#CCCCCC]
      LayoutBlockFlow {P} at (0,0) size 769x18
        LayoutText {#text} at (0,0) size 363x17
          text run at (0,0) width 363: "The style declarations which apply to the text below are:"
      LayoutBlockFlow {PRE} at (0,34) size 769x96
        LayoutText {#text} at (0,0) size 576x96
          text run at (0,0) width 408: ".zero {background-color: silver; padding-right: 0;}"
          text run at (408,0) width 0: " "
          text run at (0,16) width 568: ".one {padding-right: 0.5in; text-align: right; background-color: aqua;}"
          text run at (568,16) width 0: " "
          text run at (0,32) width 560: ".two {padding-right: 25px; text-align: right; background-color: aqua;}"
          text run at (560,32) width 0: " "
          text run at (0,48) width 568: ".three {padding-right: 5em; text-align: right; background-color: aqua;}"
          text run at (568,48) width 0: " "
          text run at (0,64) width 560: ".four {padding-right: 25%; text-align: right; background-color: aqua;}"
          text run at (560,64) width 0: " "
          text run at (0,80) width 576: ".five {padding-right: -20px; text-align: right; background-color: aqua;}"
          text run at (576,80) width 0: " "
      LayoutBlockFlow {HR} at (0,143) size 769x2 [border: (1px inset #EEEEEE)]
      LayoutBlockFlow {P} at (0,161) size 769x18 [bgcolor=#C0C0C0]
        LayoutText {#text} at (0,0) size 208x17
          text run at (0,0) width 208: "This element has a class of zero."
      LayoutBlockFlow {P} at (0,195) size 769x54 [bgcolor=#00FFFF]
        LayoutText {#text} at (10,0) size 711x53
          text run at (10,0) width 657: "This element should have a right padding of half an inch, which will require extra text in order to test. "
          text run at (666,0) width 55: "Both the"
          text run at (34,18) width 418: "content background and the padding should be aqua (light blue). "
          text run at (451,18) width 270: "The text has been right-aligned in order to"
          text run at (486,36) width 235: "make the right padding easier to see."
      LayoutBlockFlow {P} at (0,265) size 769x54 [bgcolor=#00FFFF]
        LayoutText {#text} at (50,0) size 725x53
          text run at (50,0) width 640: "This element should have a right padding of 25 pixels, which will require extra text in order to test. "
          text run at (689,0) width 55: "Both the"
          text run at (19,18) width 417: "content background and the padding should be aqua (light blue). "
          text run at (435,18) width 309: "The text has been right-aligned in order to make"
          text run at (548,36) width 196: "the right padding easier to see."
      LayoutBlockFlow {P} at (0,335) size 769x54 [bgcolor=#00FFFF]
        LayoutText {#text} at (22,0) size 687x53
          text run at (22,0) width 613: "This element should have a right padding of 5 em, which will require extra text in order to test. "
          text run at (634,0) width 55: "Both the"
          text run at (2,18) width 418: "content background and the padding should be aqua (light blue). "
          text run at (419,18) width 270: "The text has been right-aligned in order to"
          text run at (454,36) width 235: "make the right padding easier to see."
      LayoutBlockFlow {P} at (0,405) size 769x72 [bgcolor=#00FFFF]
        LayoutText {#text} at (8,0) size 576x71
          text run at (8,0) width 569: "This element should have a right padding of 25%, which is calculated with respect to the"
          text run at (1,18) width 185: "width of the parent element. "
          text run at (185,18) width 392: "Both the content background and the padding should be aqua"
          text run at (17,36) width 81: "(light blue). "
          text run at (97,36) width 480: "The text has been right-aligned in order to make the right padding easier to"
          text run at (552,54) width 25: "see."
      LayoutBlockFlow {UL} at (0,493) size 769x72 [bgcolor=#808080]
        LayoutListItem {LI} at (40,0) size 704x36
          LayoutListMarker (anonymous) at (-17,0) size 7x17: bullet
          LayoutText {#text} at (8,0) size 696x35
            text run at (8,0) width 696: "The right padding on this unordered list has been set to 25 pixels, which will require some extra text in order"
            text run at (661,18) width 43: "to test."
        LayoutListItem {LI} at (40,36) size 704x36 [bgcolor=#FFFFFF]
          LayoutListMarker (anonymous) at (-17,0) size 7x17: bullet
          LayoutText {#text} at (5,0) size 674x35
            text run at (5,0) width 674: "This list item has a right padding of 25 pixels, which will appear to the left of the gray padding of the UL"
            text run at (624,18) width 55: "element."
      LayoutBlockFlow {P} at (0,581) size 769x54 [bgcolor=#00FFFF]
        LayoutText {#text} at (79,0) size 747x53
          text run at (79,0) width 585: "This element should have no right padding, since negative padding values are not allowed. "
          text run at (663,0) width 106: "Both the content"
          text run at (22,18) width 416: "background and the normal padding should be aqua (light blue). "
          text run at (437,18) width 332: "The text has been right-aligned in order to make the"
          text run at (549,36) width 220: "lack of right padding easier to see."
      LayoutTable {TABLE} at (0,651) size 769x510 [border: (1px outset #808080)]
        LayoutTableSection {TBODY} at (1,1) size 767x508
          LayoutTableRow {TR} at (0,0) size 767x26
            LayoutTableCell {TD} at (0,0) size 767x26 [bgcolor=#C0C0C0] [border: (1px inset #808080)] [r=0 c=0 rs=1 cs=2]
              LayoutInline {STRONG} at (0,0) size 161x17
                LayoutText {#text} at (4,4) size 161x17
                  text run at (4,4) width 161: "TABLE Testing Section"
          LayoutTableRow {TR} at (0,26) size 767x482
            LayoutTableCell {TD} at (0,254) size 12x26 [bgcolor=#C0C0C0] [border: (1px inset #808080)] [r=1 c=0 rs=1 cs=1]
              LayoutText {#text} at (4,4) size 4x17
                text run at (4,4) width 4: " "
            LayoutTableCell {TD} at (12,26) size 755x482 [border: (1px inset #808080)] [r=1 c=1 rs=1 cs=1]
              LayoutBlockFlow {P} at (4,4) size 747x18 [bgcolor=#C0C0C0]
                LayoutText {#text} at (0,0) size 208x17
                  text run at (0,0) width 208: "This element has a class of zero."
              LayoutBlockFlow {P} at (4,38) size 747x54 [bgcolor=#00FFFF]
                LayoutText {#text} at (12,0) size 694x53
                  text run at (12,0) width 656: "This element should have a right padding of half an inch, which will require extra text in order to test. "
                  text run at (667,0) width 32: "Both"
                  text run at (5,18) width 441: "the content background and the padding should be aqua (light blue). "
                  text run at (445,18) width 254: "The text has been right-aligned in order"
                  text run at (448,36) width 251: "to make the right padding easier to see."
              LayoutBlockFlow {P} at (4,108) size 747x54 [bgcolor=#00FFFF]
                LayoutText {#text} at (28,0) size 694x53
                  text run at (28,0) width 640: "This element should have a right padding of 25 pixels, which will require extra text in order to test. "
                  text run at (667,0) width 55: "Both the"
                  text run at (35,18) width 418: "content background and the padding should be aqua (light blue). "
                  text run at (452,18) width 270: "The text has been right-aligned in order to"
                  text run at (487,36) width 235: "make the right padding easier to see."
              LayoutBlockFlow {P} at (4,178) size 747x54 [bgcolor=#00FFFF]
                LayoutText {#text} at (0,0) size 667x53
                  text run at (0,0) width 613: "This element should have a right padding of 5 em, which will require extra text in order to test. "
                  text run at (612,0) width 55: "Both the"
                  text run at (35,18) width 417: "content background and the padding should be aqua (light blue). "
                  text run at (451,18) width 216: "The text has been right-aligned in"
                  text run at (378,36) width 289: "order to make the right padding easier to see."
              LayoutBlockFlow {P} at (4,248) size 747x72 [bgcolor=#00FFFF]
                LayoutText {#text} at (15,0) size 556x71
                  text run at (15,0) width 546: "This element should have a right padding of 25%, which is calculated with respect to"
                  text run at (14,18) width 209: "the width of the parent element. "
                  text run at (222,18) width 339: "Both the content background and the padding should"
                  text run at (5,36) width 134: "be aqua (light blue). "
                  text run at (138,36) width 423: "The text has been right-aligned in order to make the right padding"
                  text run at (478,54) width 83: "easier to see."
              LayoutBlockFlow {UL} at (4,336) size 747x72 [bgcolor=#808080]
                LayoutListItem {LI} at (40,0) size 682x36
                  LayoutListMarker (anonymous) at (-17,0) size 7x17: bullet
                  LayoutText {#text} at (24,0) size 658x35
                    text run at (24,0) width 658: "The right padding on this unordered list has been set to 25 pixels, which will require some extra text in"
                    text run at (601,18) width 81: "order to test."
                LayoutListItem {LI} at (40,36) size 682x36 [bgcolor=#FFFFFF]
                  LayoutListMarker (anonymous) at (-17,0) size 7x17: bullet
                  LayoutText {#text} at (9,0) size 648x35
                    text run at (9,0) width 648: "This list item has a right padding of 25 pixels, which will appear to the left of the gray padding of the"
                    text run at (577,18) width 80: "UL element."
              LayoutBlockFlow {P} at (4,424) size 747x54 [bgcolor=#00FFFF]
                LayoutText {#text} at (57,0) size 747x53
                  text run at (57,0) width 585: "This element should have no right padding, since negative padding values are not allowed. "
                  text run at (641,0) width 106: "Both the content"
                  text run at (0,18) width 416: "background and the normal padding should be aqua (light blue). "
                  text run at (415,18) width 332: "The text has been right-aligned in order to make the"
                  text run at (527,36) width 220: "lack of right padding easier to see."
