layer at (0,0) size 800x600
  LayoutView at (0,0) size 800x600
layer at (0,0) size 800x600
  LayoutBlockFlow {HTML} at (0,0) size 800x600
    LayoutBlockFlow {BODY} at (8,8) size 784x568
      LayoutBlockFlow {H1} at (0,0) size 784x55
        LayoutText {#text} at (0,1) size 776x53
          text run at (0,1) width 776: "Inheritance bug for floated first-letter"
      LayoutBlockFlow {P} at (0,87.16) size 784x192 [bgcolor=#EEEEEE] [border: (1px solid #000000)]
        LayoutInline {<pseudo:first-letter>} at (0,0) size 54x82 [color=#008000] [border: (1px dashed #008000)]
          LayoutTextFragment (anonymous) at (2,2) size 52x80
            text run at (2,2) width 52: "H"
        LayoutTextFragment {#text} at (54,45) size 756x145
          text run at (54,45) width 703: "ere is the first paragraph. Here the CSS :first-line rule sets the text"
          text run at (1,83) width 256: "to a green, sans-serif font. "
          text run at (256,83) width 482: "Then, the CSS :first-letter rule sets the font size to"
          text run at (1,110) width 687: "3em, and makes the text bold. And here's some more text to pad out the"
          text run at (1,137) width 709: "paragraph and make things look nice (or, at least, to illustrate the problem"
          text run at (1,164) width 100: "correctly)."
      LayoutBlockFlow {P} at (0,303.16) size 784x138 [bgcolor=#EEEEEE] [border: (1px solid #000000)]
        LayoutBlockFlow (floating) {<pseudo:first-letter>} at (1,1) size 54x84 [color=#008000] [border: (1px dashed #008000)]
          LayoutTextFragment (anonymous) at (1,2) size 52x80
            text run at (1,2) width 52: "H"
        LayoutTextFragment {#text} at (55,1) size 780x135
          text run at (55,1) width 718: "ere is the second paragraph. This is just like the first except that the"
          text run at (55,29) width 376: "rule p.floated:first-letter floats the first "
          text run at (430,29) width 161: "letter to the left. "
          text run at (590,29) width 134: "However, this"
          text run at (55,56) width 726: "floated element should still inherit the font properties (green and sans-serif)"
          text run at (55,83) width 726: "from the first-line: selector. It does not -- instead, the font is black, and uses"
          text run at (1,110) width 451: "the serif font. .... And here's some more text ...."
