layer at (0,0) size 800x600
  LayoutView at (0,0) size 800x600
layer at (0,0) size 800x600
  LayoutBlockFlow {HTML} at (0,0) size 800x600
    LayoutBlockFlow {BODY} at (8,8) size 784x584
      LayoutBlockFlow {P} at (0,0) size 784x36
        LayoutText {#text} at (0,0) size 54x17
          text run at (0,0) width 54: "Test for "
        LayoutInline {I} at (0,0) size 661x35
          LayoutInline {A} at (0,0) size 305x17 [color=#0000EE]
            LayoutText {#text} at (53,0) size 305x17
              text run at (53,0) width 305: "http://bugs.webkit.org/show_bug.cgi?id=14221"
          LayoutText {#text} at (357,0) size 661x35
            text run at (357,0) width 5: " "
            text run at (361,0) width 300: "Repro crash (ASSERTION FAILED: oldText in"
            text run at (0,18) width 608: "LayoutBlockFlow::updateFirstLetter() during relayout of :before content with first-letter style)"
        LayoutText {#text} at (607,18) size 5x17
          text run at (607,18) width 5: "."
      LayoutBlockFlow {DIV} at (0,52) size 784x33
        LayoutInline {<pseudo:before>} at (0,0) size 47x26
          LayoutInline {<pseudo:first-letter>} at (0,0) size 18x32 [color=#008000]
            LayoutTextFragment (anonymous) at (0,0) size 18x32
              text run at (0,0) width 18: "T"
          LayoutTextFragment (anonymous) at (17,5) size 30x26
            text run at (17,5) width 30: "he "
        LayoutText {#text} at (46,5) size 407x26
          text run at (46,5) width 407: "first letter is green and larger than the rest."
