layer at (0,0) size 800x600
  LayoutView at (0,0) size 800x600
layer at (0,0) size 800x600
  LayoutBlockFlow {HTML} at (0,0) size 800x600
    LayoutBlockFlow {BODY} at (8,8) size 784x584
      LayoutBlockFlow {P} at (0,0) size 784x36
        LayoutText {#text} at (0,0) size 770x36
          text run at (0,0) width 770: "This tests that calling dataTransfer.setData('URL', aFileURL) sets NSFilenamesPboardType type data on the pasteboard if"
          text run at (0,18) width 225: "and only if this page is a local page."
      LayoutBlockFlow {P} at (0,52) size 784x36
        LayoutText {#text} at (0,0) size 751x36
          text run at (0,0) width 751: "This test cannot be run manually, as it is not possible to tell whether or not NSFilenamesPboardType type data is on the"
          text run at (0,18) width 267: "pasteboard, without Objective-C bindings."
      LayoutBlockFlow (anonymous) at (0,104) size 784x103
        LayoutImage {IMG} at (0,0) size 76x103
        LayoutText {#text} at (0,0) size 0x0
