EDITING DELEGATE: webViewDidChangeSelection:WebViewDidChangeSelectionNotification
EDITING DELEGATE: webViewDidChangeSelection:WebViewDidChangeSelectionNotification
EDITING DELEGATE: webViewDidChangeSelection:WebViewDidChangeSelectionNotification
EDITING DELEGATE: webViewDidChangeSelection:WebViewDidChangeSelectionNotification
EDITING DELEGATE: webViewDidChange:WebViewDidChangeNotification
EDITING DELEGATE: webViewDidChangeSelection:WebViewDidChangeSelectionNotification
EDITING DELEGATE: webViewDidChangeSelection:WebViewDidChangeSelectionNotification
EDITING DELEGATE: webViewDidChangeSelection:WebViewDidChangeSelectionNotification
EDITING DELEGATE: webViewDidChange:WebViewDidChangeNotification
layer at (0,0) size 800x600
  LayoutView at (0,0) size 800x600
layer at (0,0) size 800x600
  LayoutBlockFlow {HTML} at (0,0) size 800x600
    LayoutBlockFlow {BODY} at (8,8) size 784x584
      LayoutBlockFlow {DIV} at (0,0) size 784x184 [border: (2px solid #0000FF)]
        LayoutBlockFlow {DIV} at (14,14) size 756x56
          LayoutText {#text} at (0,0) size 67x28
            text run at (0,0) width 67: "Tests: "
          LayoutBR {BR} at (0,0) size 0x0
          LayoutText {#text} at (0,28) size 223x28
            text run at (0,28) width 223: "ctrl-a, ctrl-k, and ctrl-y"
        LayoutBlockFlow {DIV} at (14,86) size 756x84
          LayoutText {#text} at (0,0) size 189x28
            text run at (0,0) width 189: "Expected Results: "
          LayoutBR {BR} at (189,22) size 0x0
          LayoutBR {BR} at (0,28) size 0x28
          LayoutText {#text} at (0,56) size 222x28
            text run at (0,56) width 222: "one two three four five"
      LayoutBlockFlow {DIV} at (0,208) size 784x32
        LayoutBlockFlow {DIV} at (0,0) size 784x32 [border: (2px solid #FF0000)]
          LayoutText {#text} at (2,2) size 222x28
            text run at (2,2) width 222: "one two three four five"
caret: position 18 of child 0 {#text} of child 1 {DIV} of child 3 {DIV} of body
