layer at (0,0) size 800x600
  LayoutView at (0,0) size 800x600
layer at (0,0) size 800x272
  LayoutBlockFlow {html} at (0,0) size 800x272
    LayoutBlockFlow {body} at (8,16) size 784x248
      LayoutBlockFlow {p} at (0,0) size 784x18
        LayoutText {#text} at (0,0) size 172x17
          text run at (0,0) width 172: "COL VALIGN=BOTTOM"
      LayoutTable {table} at (0,34) size 784x214 [border: (1px outset #808080)]
        LayoutTableCol {colgroup} at (0,0) size 0x0
          LayoutTableCol {col} at (0,0) size 0x0
          LayoutTableCol {col} at (0,0) size 0x0
        LayoutTableSection (anonymous) at (1,1) size 782x212
          LayoutTableRow {tr} at (0,2) size 782x208
            LayoutTableCell {td} at (2,2) size 204x208 [border: (1px inset #808080)] [r=0 c=0 rs=1 cs=1]
              LayoutImage {img} at (2,2) size 200x200
            LayoutTableCell {td} at (208,77) size 572x58 [border: (1px inset #808080)] [r=0 c=1 rs=1 cs=1]
              LayoutText {#text} at (2,2) size 559x53
                text run at (2,2) width 372: "The bottom of this text should be vertically aligned to the "
                text run at (373,2) width 188: "bottom of the image. x-fill x-"
                text run at (2,20) width 167: "fill x-fill x-fill x-fill x-fill "
                text run at (168,20) width 325: "x-fill x-fill x-fill x-fill x-fill x-fill x-fill x-fill x-fill "
                text run at (492,20) width 69: "x-fill x-fill"
                text run at (2,38) width 252: "x-fill x-fill x-fill x-fill x-fill x-fill x-fill "
                text run at (253,38) width 141: "x-fill x-fill x-fill x-fill"
