layer at (0,0) size 800x600
  LayoutView at (0,0) size 800x600
layer at (0,0) size 800x487
  LayoutBlockFlow {html} at (0,0) size 800x487.06
    LayoutBlockFlow {body} at (8,23.03) size 784x456.03
      LayoutBlockFlow {p} at (0,0) size 784x27 [color=#000080]
        LayoutText {#text} at (0,0) size 589x26
          text run at (0,0) width 589: "There should be a blue circle with the word \"TEST\" in it below."
      LayoutBlockFlow (anonymous) at (0,50.03) size 784x406
        LayoutSVGRoot {svg} at (8,73) size 400x401
          LayoutSVGRect {rect} at (8,73) size 400x401 [fill={[type=SOLID] [color=#0000FF]}] [x=0.00] [y=0.00] [width=400.00] [height=400.00]
          LayoutSVGEllipse {circle} at (8,73) size 400x401 [fill={[type=SOLID] [color=#000080]}] [cx=200.00] [cy=200.00] [r=200.00]
          LayoutSVGForeignObject {foreignObject} at (0,175) size 400x50 [color=#FFFFFF]
            LayoutBlockFlow {div} at (0,0) size 400x83
              LayoutText {#text} at (114,1) size 172x80
                text run at (114,1) width 172: "TEST"
        LayoutText {#text} at (0,0) size 0x0
        LayoutText {#text} at (0,0) size 0x0
        LayoutText {#text} at (0,0) size 0x0
        LayoutText {#text} at (0,0) size 0x0
