layer at (0,0) size 800x600 clip at (0,0) size 785x600 scrollHeight 630
  LayoutView at (0,0) size 800x600
layer at (0,0) size 785x630 backgroundClip at (0,0) size 785x600 clip at (0,0) size 785x600
  LayoutBlockFlow {html} at (0,0) size 785x630.19
    LayoutBlockFlow {body} at (8,8) size 769x599.16
      LayoutBlockFlow (anonymous) at (0,0) size 769x54
        LayoutText {#text} at (0,0) size 749x53
          text run at (0,0) width 353: "The two blocks should look identical. "
          text run at (352,0) width 397: "One uses an SVG, and the other just uses a"
          text run at (0,27) width 176: "normal HTML div."
      LayoutBlockFlow {p} at (0,77.03) size 769x27
        LayoutText {#text} at (0,0) size 518x26
          text run at (0,0) width 518: "There should be a red, white and blue pattern below this"
      LayoutSVGRoot (floating) {svg} at (18,145) size 140x141
        LayoutSVGRect {rect} at (38,165) size 100x101 [fill={[type=SOLID] [color=#0000FF]}] [x=0.00] [y=0.00] [width=100.00] [height=100.00]
      LayoutBlockFlow {p} at (0,287.06) size 769x27
        LayoutText {#text} at (0,0) size 517x26
          text run at (0,0) width 517: "There should be a red, white and blue pattern above this"
      LayoutBlockFlow {hr} at (0,337.09) size 769x2 [border: (1px inset #EEEEEE)]
      LayoutBlockFlow {p} at (0,362.13) size 769x27
        LayoutText {#text} at (0,0) size 518x26
          text run at (0,0) width 518: "There should be a red, white and blue pattern below this"
      LayoutBlockFlow (floating) {div} at (10,422.16) size 140x140 [border: (10px solid #FF0000)]
        LayoutBlockFlow {div} at (20,20) size 100x100 [bgcolor=#0000FF]
      LayoutBlockFlow {p} at (0,572.16) size 769x27
        LayoutText {#text} at (0,0) size 517x26
          text run at (0,0) width 517: "There should be a red, white and blue pattern above this"
