layer at (0,0) size 800x600
  LayoutView at (0,0) size 800x600
layer at (0,0) size 800x164
  LayoutBlockFlow {html} at (0,0) size 800x164
    LayoutBlockFlow {body} at (8,16) size 784x132
      LayoutBlockFlow {p} at (0,0) size 784x132
        LayoutText {#text} at (0,32) size 210x19
          text run at (0,32) width 210: "The alphabet A through M is here: "
        LayoutSVGRoot {svg} at (218,18) size 500x45
          LayoutSVGContainer {g} at (218,18) size 500x45 [transform={m=((1.00,0.00)(0.00,1.00)) t=(0.00,47.00)}]
            LayoutSVGText {text} at (0,-45) size 35x57 contains 1 chunk(s)
              LayoutSVGInlineText {#text} at (0,0) size 35x57
                chunk 1 text run 1 at (0.00,0.00) startOffset 0 endOffset 1 width 35.00: "A"
            LayoutSVGText {text} at (0,-45) size 33x57 contains 1 chunk(s)
              LayoutSVGInlineText {#text} at (0,0) size 33x57
                chunk 1 text run 1 at (0.00,0.00) startOffset 0 endOffset 1 width 33.00: "B"
            LayoutSVGText {text} at (0,-45) size 33x57 contains 1 chunk(s)
              LayoutSVGInlineText {#text} at (0,0) size 33x57
                chunk 1 text run 1 at (0.00,0.00) startOffset 0 endOffset 1 width 33.00: "C"
            LayoutSVGText {text} at (0,-45) size 36x57 contains 1 chunk(s)
              LayoutSVGInlineText {#text} at (0,0) size 36x57
                chunk 1 text run 1 at (0.00,0.00) startOffset 0 endOffset 1 width 36.00: "D"
            LayoutSVGText {text} at (0,-45) size 31x57 contains 1 chunk(s)
              LayoutSVGInlineText {#text} at (0,0) size 31x57
                chunk 1 text run 1 at (0.00,0.00) startOffset 0 endOffset 1 width 31.00: "E"
            LayoutSVGText {text} at (0,-45) size 27x57 contains 1 chunk(s)
              LayoutSVGInlineText {#text} at (0,0) size 27x57
                chunk 1 text run 1 at (0.00,0.00) startOffset 0 endOffset 1 width 27.00: "F"
            LayoutSVGText {text} at (0,-45) size 36x57 contains 1 chunk(s)
              LayoutSVGInlineText {#text} at (0,0) size 36x57
                chunk 1 text run 1 at (0.00,0.00) startOffset 0 endOffset 1 width 36.00: "G"
            LayoutSVGText {text} at (0,-45) size 36x57 contains 1 chunk(s)
              LayoutSVGInlineText {#text} at (0,0) size 36x57
                chunk 1 text run 1 at (0.00,0.00) startOffset 0 endOffset 1 width 36.00: "H"
            LayoutSVGText {text} at (0,-45) size 17x57 contains 1 chunk(s)
              LayoutSVGInlineText {#text} at (0,0) size 17x57
                chunk 1 text run 1 at (0.00,0.00) startOffset 0 endOffset 1 width 17.00: "I"
            LayoutSVGText {text} at (0,-45) size 19x57 contains 1 chunk(s)
              LayoutSVGInlineText {#text} at (0,0) size 19x57
                chunk 1 text run 1 at (0.00,0.00) startOffset 0 endOffset 1 width 19.00: "J"
            LayoutSVGText {text} at (0,-45) size 35x57 contains 1 chunk(s)
              LayoutSVGInlineText {#text} at (0,0) size 35x57
                chunk 1 text run 1 at (0.00,0.00) startOffset 0 endOffset 1 width 35.00: "K"
            LayoutSVGText {text} at (0,-45) size 30x57 contains 1 chunk(s)
              LayoutSVGInlineText {#text} at (0,0) size 30x57
                chunk 1 text run 1 at (0.00,0.00) startOffset 0 endOffset 1 width 30.00: "L"
            LayoutSVGText {text} at (0,-45) size 44x57 contains 1 chunk(s)
              LayoutSVGInlineText {#text} at (0,0) size 44x57
                chunk 1 text run 1 at (0.00,0.00) startOffset 0 endOffset 1 width 44.00: "M"
        LayoutText {#text} at (710,32) size 784x99
          text run at (710,32) width 4: " "
          text run at (714,32) width 45: "this test"
          text run at (0,52) width 773: "case is specially constructed so that when the view is sized to 800x600 (the default for DumpRenderTree) the text wraps and not"
          text run at (0,72) width 267: "all of the text in the SVG is drawn correctly. "
          text run at (266,72) width 300: "You should see all of A-L (and half of M) above. "
          text run at (565,72) width 219: "The code was incorrectly calculating"
          text run at (0,92) width 777: "the PaintInfo::rect (damage rect) when passing it through LayoutBlockFlow and render block was (correctly) clipping out some of"
          text run at (0,112) width 156: "the lineboxes during paint."
