layer at (0,0) size 800x600
  LayoutView at (0,0) size 800x600
layer at (0,0) size 800x600
  LayoutBlockFlow {HTML} at (0,0) size 800x600
    LayoutBlockFlow {BODY} at (8,8) size 784x584 [bgcolor=#CCCCCC]
      LayoutBlockFlow {P} at (0,0) size 784x18 [bgcolor=#008000]
        LayoutText {#text} at (0,0) size 363x17
          text run at (0,0) width 363: "The style declarations which apply to the text below are:"
      LayoutBlockFlow {PRE} at (0,34) size 784x64
        LayoutText {#text} at (0,0) size 296x64
          text run at (0,0) width 224: "P {background-color: green;}"
          text run at (224,0) width 0: " "
          text run at (0,16) width 240: ".one {background-color: lime;}"
          text run at (240,16) width 0: " "
          text run at (0,32) width 296: ".two {background-color: transparent;}"
          text run at (296,32) width 0: " "
          text run at (0,48) width 0: " "
      LayoutBlockFlow {HR} at (0,111) size 784x2 [border: (1px inset #EEEEEE)]
      LayoutBlockFlow {P} at (0,129) size 784x18 [bgcolor=#008000]
        LayoutText {#text} at (0,0) size 282x17
          text run at (0,0) width 282: "This element's background should be green."
      LayoutBlockFlow {P} at (0,163) size 784x18 [bgcolor=#00FF00]
        LayoutText {#text} at (0,0) size 358x17
          text run at (0,0) width 358: "This element's background should be lime (light green)."
      LayoutBlockFlow {P} at (0,197) size 784x54 [bgcolor=#008000]
        LayoutText {#text} at (0,0) size 663x17
          text run at (0,0) width 663: "This element's background should be green, and the last word in this sentence should also have a green "
        LayoutInline {SPAN} at (0,0) size 77x17
          LayoutText {#text} at (662,0) size 77x17
            text run at (662,0) width 77: "background"
        LayoutText {#text} at (738,0) size 775x53
          text run at (738,0) width 9: ". "
          text run at (746,0) width 29: "This"
          text run at (0,18) width 726: "is because the background color of the parent element (the paragraph) should \"shine through\" the SPANned word"
          text run at (0,36) width 187: "\"sentence,\" which was set to "
        LayoutInline {CODE} at (0,0) size 89x16
          LayoutText {#text} at (186,38) size 89x16
            text run at (186,38) width 89: "transparent"
        LayoutText {#text} at (274,36) size 403x17
          text run at (274,36) width 9: ". "
          text run at (282,36) width 395: "If the document background is visible, the browser is in error."
      LayoutBlockFlow {P} at (0,267) size 784x18
        LayoutText {#text} at (0,0) size 754x17
          text run at (0,0) width 469: "This element should allow the document background to \"shine through.\" "
          text run at (468,0) width 286: "There should be no green backgrounds here!"
      LayoutTable {TABLE} at (0,301) size 784x192 [border: (1px outset #808080)]
        LayoutTableSection {TBODY} at (1,1) size 782x190
          LayoutTableRow {TR} at (0,0) size 782x26
            LayoutTableCell {TD} at (0,0) size 782x26 [bgcolor=#C0C0C0] [border: (1px inset #808080)] [r=0 c=0 rs=1 cs=2]
              LayoutInline {STRONG} at (0,0) size 161x17
                LayoutText {#text} at (4,4) size 161x17
                  text run at (4,4) width 161: "TABLE Testing Section"
          LayoutTableRow {TR} at (0,26) size 782x164
            LayoutTableCell {TD} at (0,95) size 12x26 [bgcolor=#C0C0C0] [border: (1px inset #808080)] [r=1 c=0 rs=1 cs=1]
              LayoutText {#text} at (4,4) size 4x17
                text run at (4,4) width 4: " "
            LayoutTableCell {TD} at (12,26) size 770x164 [border: (1px inset #808080)] [r=1 c=1 rs=1 cs=1]
              LayoutBlockFlow {P} at (4,4) size 762x18 [bgcolor=#008000]
                LayoutText {#text} at (0,0) size 282x17
                  text run at (0,0) width 282: "This element's background should be green."
              LayoutBlockFlow {P} at (4,38) size 762x18 [bgcolor=#00FF00]
                LayoutText {#text} at (0,0) size 358x17
                  text run at (0,0) width 358: "This element's background should be lime (light green)."
              LayoutBlockFlow {P} at (4,72) size 762x54 [bgcolor=#008000]
                LayoutText {#text} at (0,0) size 663x17
                  text run at (0,0) width 663: "This element's background should be green, and the last word in this sentence should also have a green "
                LayoutInline {SPAN} at (0,0) size 77x17
                  LayoutText {#text} at (662,0) size 77x17
                    text run at (662,0) width 77: "background"
                LayoutText {#text} at (738,0) size 758x53
                  text run at (738,0) width 5: "."
                  text run at (0,18) width 758: "This is because the background color of the parent element (the paragraph) should \"shine through\" the SPANned word"
                  text run at (0,36) width 187: "\"sentence,\" which was set to "
                LayoutInline {CODE} at (0,0) size 89x16
                  LayoutText {#text} at (186,38) size 89x16
                    text run at (186,38) width 89: "transparent"
                LayoutText {#text} at (274,36) size 403x17
                  text run at (274,36) width 9: ". "
                  text run at (282,36) width 395: "If the document background is visible, the browser is in error."
              LayoutBlockFlow {P} at (4,142) size 762x18
                LayoutText {#text} at (0,0) size 754x17
                  text run at (0,0) width 469: "This element should allow the document background to \"shine through.\" "
                  text run at (468,0) width 286: "There should be no green backgrounds here!"
