layer at (0,0) size 800x600 scrollWidth 888 scrollHeight 1853
  LayoutView at (0,0) size 800x600
layer at (0,0) size 800x1853 backgroundClip at (0,0) size 800x600 clip at (0,0) size 800x600
  LayoutBlockFlow {HTML} at (0,0) size 800x1853
    LayoutBlockFlow {BODY} at (8,8) size 784x1837 [bgcolor=#CCCCCC]
      LayoutBlockFlow {P} at (0,0) size 784x18
        LayoutText {#text} at (0,0) size 363x17
          text run at (0,0) width 363: "The style declarations which apply to the text below are:"
      LayoutBlockFlow {PRE} at (0,34) size 784x240
        LayoutText {#text} at (0,0) size 880x240
          text run at (0,0) width 672: ".one {background-image: url(../resources/oransqr.gif); background-repeat: repeat-y;}"
          text run at (672,0) width 0: " "
          text run at (0,16) width 672: ".two {background-image: url(../resources/oransqr.gif); background-repeat: repeat-x;}"
          text run at (672,16) width 0: " "
          text run at (0,32) width 696: ".three {background-image: url(../resources/oransqr.gif); background-repeat: no-repeat;}"
          text run at (696,32) width 0: " "
          text run at (0,48) width 880: ".four {background-image: url(../resources/bg.gif); background-position: 50% 50%; background-repeat: repeat-y;}"
          text run at (880,48) width 0: " "
          text run at (0,64) width 704: ".five {background-image: url(../resources/crosshair2.gif); background-position: 50% 50%;"
          text run at (704,64) width 0: " "
          text run at (0,80) width 240: "       background-color: red;}"
          text run at (240,80) width 0: " "
          text run at (0,96) width 720: ".six {background-image: url(../resources/crosshair2.gif); background-position: center top;"
          text run at (720,96) width 0: " "
          text run at (0,112) width 232: "      background-color: red;}"
          text run at (232,112) width 0: " "
          text run at (0,128) width 720: ".seven {background-image: url(../resources/crosshair2.gif); background-position: top left;"
          text run at (720,128) width 0: " "
          text run at (0,144) width 248: "        background-color: red;}"
          text run at (248,144) width 0: " "
          text run at (0,160) width 752: ".eight {background-image: url(../resources/crosshair2.gif); background-position: bottom right;"
          text run at (752,160) width 0: " "
          text run at (0,176) width 248: "        background-color: red;}"
          text run at (248,176) width 0: " "
          text run at (0,192) width 704: ".nine {background-image: url(../resources/crosshair2.gif); background-position: 50% 50%;"
          text run at (704,192) width 0: " "
          text run at (0,208) width 240: "       background-color: red;}"
          text run at (240,208) width 0: " "
          text run at (0,224) width 0: " "
      LayoutBlockFlow {HR} at (0,287) size 784x2 [border: (1px inset #EEEEEE)]
      LayoutBlockFlow {P} at (0,305) size 784x54
        LayoutText {#text} at (0,0) size 779x35
          text run at (0,0) width 779: "This sentence should have an orange stripe repeated in the \"y\" direction, starting at the upper left corner (since the default"
          text run at (0,18) width 23: "for "
        LayoutInline {CODE} at (0,0) size 153x16
          LayoutText {#text} at (22,20) size 153x16
            text run at (22,20) width 153: "background-position"
        LayoutText {#text} at (174,18) size 744x35
          text run at (174,18) width 328: " is '0% 0%' and that property is not declared here). "
          text run at (501,18) width 243: "This is extra text included for the sole"
          text run at (0,36) width 264: "purpose of making the paragraph longer. "
          text run at (263,36) width 224: "Thank you for your understanding."
      LayoutBlockFlow {P} at (0,375) size 784x54
        LayoutText {#text} at (0,0) size 779x35
          text run at (0,0) width 779: "This sentence should have an orange stripe repeated in the \"x\" direction, starting at the upper left corner (since the default"
          text run at (0,18) width 23: "for "
        LayoutInline {CODE} at (0,0) size 153x16
          LayoutText {#text} at (22,20) size 153x16
            text run at (22,20) width 153: "background-position"
        LayoutText {#text} at (174,18) size 744x35
          text run at (174,18) width 328: " is '0% 0%' and that property is not declared here). "
          text run at (501,18) width 243: "This is extra text included for the sole"
          text run at (0,36) width 264: "purpose of making the paragraph longer. "
          text run at (263,36) width 224: "Thank you for your understanding."
      LayoutBlockFlow {P} at (0,445) size 784x54
        LayoutText {#text} at (0,0) size 712x17
          text run at (0,0) width 712: "This sentence should have a single orange square behind it, placed at the upper left corner (since the default for"
        LayoutInline {CODE} at (0,0) size 152x16
          LayoutText {#text} at (0,20) size 152x16
            text run at (0,20) width 152: "background-position"
        LayoutText {#text} at (152,18) size 776x35
          text run at (152,18) width 327: " is '0% 0%' and that property is not declared here). "
          text run at (478,18) width 298: "This is extra text included for the sole purpose"
          text run at (0,36) width 209: "of making the paragraph longer. "
          text run at (208,36) width 225: "Thank you for your understanding."
      LayoutBlockFlow {P} at (0,515) size 784x72
        LayoutText {#text} at (0,0) size 778x35
          text run at (0,0) width 778: "This sentence should have a green-hatch stripe running vertically down the center of the paragraph, with the origin image"
          text run at (0,18) width 221: "exactly centered in the paragraph. "
          text run at (220,18) width 103: "This is because "
        LayoutInline {CODE} at (0,0) size 65x16
          LayoutText {#text} at (322,20) size 65x16
            text run at (322,20) width 65: "repeat-y"
        LayoutText {#text} at (386,18) size 119x17
          text run at (386,18) width 119: " specifies tiling in "
        LayoutInline {EM} at (0,0) size 29x17
          LayoutText {#text} at (504,18) size 29x17
            text run at (504,18) width 29: "both"
        LayoutText {#text} at (532,18) size 781x35
          text run at (532,18) width 163: " directions on the y-axis. "
          text run at (694,18) width 87: "Note that this"
          text run at (0,36) width 275: "test is only valid if the user agent supports "
        LayoutInline {CODE} at (0,0) size 153x16
          LayoutText {#text} at (274,38) size 153x16
            text run at (274,38) width 153: "background-position"
        LayoutText {#text} at (426,36) size 34x17
          text run at (426,36) width 34: " (see "
        LayoutInline {A} at (0,0) size 60x17 [color=#0000FF]
          LayoutText {#text} at (459,36) size 60x17
            text run at (459,36) width 60: "test 5.3.6"
        LayoutText {#text} at (518,36) size 776x35
          text run at (518,36) width 14: "). "
          text run at (531,36) width 245: "I'll fill the paragraph with extra text to"
          text run at (0,54) width 350: "make the conformance (or lack thereof) more obvious."
      LayoutBlockFlow {P} at (0,603) size 784x90 [bgcolor=#FF0000]
        LayoutText {#text} at (0,0) size 768x17
          text run at (0,0) width 670: "This paragraph should have a tiled background, with the origin image exactly centered in the paragraph. "
          text run at (669,0) width 99: "This is because"
        LayoutInline {CODE} at (0,0) size 136x16
          LayoutText {#text} at (0,20) size 136x16
            text run at (0,20) width 136: "background-repeat"
        LayoutText {#text} at (136,18) size 119x17
          text run at (136,18) width 119: " specifies tiling in "
        LayoutInline {EM} at (0,0) size 18x17
          LayoutText {#text} at (254,18) size 18x17
            text run at (254,18) width 18: "all"
        LayoutText {#text} at (271,18) size 769x35
          text run at (271,18) width 371: " directions, regardless of the position of the origin image. "
          text run at (641,18) width 128: "Note that this test is"
          text run at (0,36) width 234: "only valid if the user agent supports "
        LayoutInline {CODE} at (0,0) size 153x16
          LayoutText {#text} at (233,38) size 153x16
            text run at (233,38) width 153: "background-position"
        LayoutText {#text} at (385,36) size 35x17
          text run at (385,36) width 35: " (see "
        LayoutInline {A} at (0,0) size 59x17 [color=#0000FF]
          LayoutText {#text} at (419,36) size 59x17
            text run at (419,36) width 59: "test 5.3.6"
        LayoutText {#text} at (477,36) size 783x53
          text run at (477,36) width 14: "). "
          text run at (490,36) width 284: "I'll fill the paragraph with extra text to make"
          text run at (0,54) width 315: "the conformance (or lack thereof) more obvious. "
          text run at (314,54) width 469: "A background color is present, although if it is visible then the image has"
          text run at (0,72) width 144: "not bee correctly tiled."
      LayoutBlockFlow {P} at (0,709) size 784x54 [bgcolor=#FF0000]
        LayoutText {#text} at (0,0) size 781x53
          text run at (0,0) width 781: "This sentence should have a fully tiled background which starts at its center top; that is, the background's origin should be"
          text run at (0,18) width 283: "the exact center of the top of the paragraph. "
          text run at (282,18) width 461: "I'll fill it with extra text to make the conformance (or lack thereof) more"
          text run at (0,36) width 59: "obvious. "
          text run at (58,36) width 669: "A background color is present, although if it is visible, then the image may not have been tiled correctly."
      LayoutBlockFlow {P} at (0,779) size 784x54 [bgcolor=#FF0000]
        LayoutText {#text} at (0,0) size 770x53
          text run at (0,0) width 499: "This sentence should have a fully tiled background which starts at its top left. "
          text run at (498,0) width 229: "I'll fill it with extra text to make the"
          text run at (0,18) width 291: "conformance (or lack thereof) more obvious. "
          text run at (290,18) width 480: "A background color is present, although if it is visible, then the image may"
          text run at (0,36) width 186: "not have been tiled correctly."
      LayoutBlockFlow {P} at (0,849) size 784x72 [bgcolor=#FF0000]
        LayoutText {#text} at (0,0) size 778x71
          text run at (0,0) width 778: "This sentence should have a fully tiled background which starts at its bottom right; in other words, a complete instance of"
          text run at (0,18) width 702: "the image should be anchored in the bottom right corner, with the tiled background extending out from there. "
          text run at (701,18) width 54: "I'll fill it"
          text run at (0,36) width 467: "with extra text to make the conformance (or lack thereof) more obvious. "
          text run at (466,36) width 299: "A background color is present, although if it is"
          text run at (0,54) width 366: "visible, then the image may not have been tiled correctly."
      LayoutBlockFlow {P} at (0,937) size 784x108 [bgcolor=#FF0000]
        LayoutText {#text} at (0,0) size 783x107
          text run at (0,0) width 737: "This sentence should have a fully tiled background which starts at its center and is tiled in all directions; that is, the"
          text run at (0,18) width 414: "background's origin should be the exact center of the paragraph. "
          text run at (413,18) width 370: "I'll fill it with extra text to make the conformance (or lack"
          text run at (0,36) width 151: "thereof) more obvious. "
          text run at (150,36) width 454: "In fact, a lot of extra text will be necessary to make this at all obvious. "
          text run at (603,36) width 160: "This is true because I am"
          text run at (0,54) width 765: "not able to increase the text size without resorting to either headings or other CSS properties, neither of which I want to"
          text run at (0,72) width 162: "use in this circumstance. "
          text run at (161,72) width 245: "This ought to be enough text, though. "
          text run at (405,72) width 350: "A background color is present, although if it is visible,"
          text run at (0,90) width 315: "then the image may not have been tiled correctly."
      LayoutTable {TABLE} at (0,1061) size 784x776 [border: (1px outset #808080)]
        LayoutTableSection {TBODY} at (1,1) size 782x774
          LayoutTableRow {TR} at (0,0) size 782x26
            LayoutTableCell {TD} at (0,0) size 782x26 [bgcolor=#C0C0C0] [border: (1px inset #808080)] [r=0 c=0 rs=1 cs=2]
              LayoutInline {STRONG} at (0,0) size 161x17
                LayoutText {#text} at (4,4) size 161x17
                  text run at (4,4) width 161: "TABLE Testing Section"
          LayoutTableRow {TR} at (0,26) size 782x748
            LayoutTableCell {TD} at (0,387) size 12x26 [bgcolor=#C0C0C0] [border: (1px inset #808080)] [r=1 c=0 rs=1 cs=1]
              LayoutText {#text} at (4,4) size 4x17
                text run at (4,4) width 4: " "
            LayoutTableCell {TD} at (12,26) size 770x748 [border: (1px inset #808080)] [r=1 c=1 rs=1 cs=1]
              LayoutBlockFlow {P} at (4,4) size 762x54
                LayoutText {#text} at (0,0) size 731x35
                  text run at (0,0) width 731: "This sentence should have an orange stripe repeated in the \"y\" direction, starting at the upper left corner (since the"
                  text run at (0,18) width 72: "default for "
                LayoutInline {CODE} at (0,0) size 153x16
                  LayoutText {#text} at (71,20) size 153x16
                    text run at (71,20) width 153: "background-position"
                LayoutText {#text} at (223,18) size 762x35
                  text run at (223,18) width 327: " is '0% 0%' and that property is not declared here). "
                  text run at (549,18) width 213: "This is extra text included for the"
                  text run at (0,36) width 294: "sole purpose of making the paragraph longer. "
                  text run at (293,36) width 224: "Thank you for your understanding."
              LayoutBlockFlow {P} at (4,74) size 762x54
                LayoutText {#text} at (0,0) size 731x35
                  text run at (0,0) width 731: "This sentence should have an orange stripe repeated in the \"x\" direction, starting at the upper left corner (since the"
                  text run at (0,18) width 72: "default for "
                LayoutInline {CODE} at (0,0) size 153x16
                  LayoutText {#text} at (71,20) size 153x16
                    text run at (71,20) width 153: "background-position"
                LayoutText {#text} at (223,18) size 762x35
                  text run at (223,18) width 327: " is '0% 0%' and that property is not declared here). "
                  text run at (549,18) width 213: "This is extra text included for the"
                  text run at (0,36) width 294: "sole purpose of making the paragraph longer. "
                  text run at (293,36) width 224: "Thank you for your understanding."
              LayoutBlockFlow {P} at (4,144) size 762x54
                LayoutText {#text} at (0,0) size 712x17
                  text run at (0,0) width 712: "This sentence should have a single orange square behind it, placed at the upper left corner (since the default for"
                LayoutInline {CODE} at (0,0) size 152x16
                  LayoutText {#text} at (0,20) size 152x16
                    text run at (0,20) width 152: "background-position"
                LayoutText {#text} at (152,18) size 721x35
                  text run at (152,18) width 327: " is '0% 0%' and that property is not declared here). "
                  text run at (478,18) width 243: "This is extra text included for the sole"
                  text run at (0,36) width 264: "purpose of making the paragraph longer. "
                  text run at (263,36) width 224: "Thank you for your understanding."
              LayoutBlockFlow {P} at (4,214) size 762x72
                LayoutText {#text} at (0,0) size 734x35
                  text run at (0,0) width 734: "This sentence should have a green-hatch stripe running vertically down the center of the paragraph, with the origin"
                  text run at (0,18) width 264: "image exactly centered in the paragraph. "
                  text run at (263,18) width 103: "This is because "
                LayoutInline {CODE} at (0,0) size 65x16
                  LayoutText {#text} at (365,20) size 65x16
                    text run at (365,20) width 65: "repeat-y"
                LayoutText {#text} at (429,18) size 119x17
                  text run at (429,18) width 119: " specifies tiling in "
                LayoutInline {EM} at (0,0) size 29x17
                  LayoutText {#text} at (547,18) size 29x17
                    text run at (547,18) width 29: "both"
                LayoutText {#text} at (575,18) size 734x35
                  text run at (575,18) width 159: " directions on the y-axis."
                  text run at (0,36) width 365: "Note that this test is only valid if the user agent supports "
                LayoutInline {CODE} at (0,0) size 153x16
                  LayoutText {#text} at (364,38) size 153x16
                    text run at (364,38) width 153: "background-position"
                LayoutText {#text} at (516,36) size 35x17
                  text run at (516,36) width 35: " (see "
                LayoutInline {A} at (0,0) size 59x17 [color=#0000FF]
                  LayoutText {#text} at (550,36) size 59x17
                    text run at (550,36) width 59: "test 5.3.6"
                LayoutText {#text} at (608,36) size 753x35
                  text run at (608,36) width 14: "). "
                  text run at (621,36) width 132: "I'll fill the paragraph"
                  text run at (0,54) width 463: "with extra text to make the conformance (or lack thereof) more obvious."
              LayoutBlockFlow {P} at (4,302) size 762x90 [bgcolor=#FF0000]
                LayoutText {#text} at (0,0) size 714x35
                  text run at (0,0) width 670: "This paragraph should have a tiled background, with the origin image exactly centered in the paragraph. "
                  text run at (669,0) width 45: "This is"
                  text run at (0,18) width 55: "because "
                LayoutInline {CODE} at (0,0) size 137x16
                  LayoutText {#text} at (54,20) size 137x16
                    text run at (54,20) width 137: "background-repeat"
                LayoutText {#text} at (190,18) size 119x17
                  text run at (190,18) width 119: " specifies tiling in "
                LayoutInline {EM} at (0,0) size 18x17
                  LayoutText {#text} at (308,18) size 18x17
                    text run at (308,18) width 18: "all"
                LayoutText {#text} at (325,18) size 756x35
                  text run at (325,18) width 372: " directions, regardless of the position of the origin image. "
                  text run at (696,18) width 60: "Note that"
                  text run at (0,36) width 302: "this test is only valid if the user agent supports "
                LayoutInline {CODE} at (0,0) size 153x16
                  LayoutText {#text} at (301,38) size 153x16
                    text run at (301,38) width 153: "background-position"
                LayoutText {#text} at (453,36) size 35x17
                  text run at (453,36) width 35: " (see "
                LayoutInline {A} at (0,0) size 59x17 [color=#0000FF]
                  LayoutText {#text} at (487,36) size 59x17
                    text run at (487,36) width 59: "test 5.3.6"
                LayoutText {#text} at (545,36) size 759x53
                  text run at (545,36) width 14: "). "
                  text run at (558,36) width 201: "I'll fill the paragraph with extra"
                  text run at (0,54) width 398: "text to make the conformance (or lack thereof) more obvious. "
                  text run at (397,54) width 346: "A background color is present, although if it is visible"
                  text run at (0,72) width 268: "then the image has not bee correctly tiled."
              LayoutBlockFlow {P} at (4,408) size 762x54 [bgcolor=#FF0000]
                LayoutText {#text} at (0,0) size 762x53
                  text run at (0,0) width 761: "This sentence should have a fully tiled background which starts at its center top; that is, the background's origin should"
                  text run at (0,18) width 302: "be the exact center of the top of the paragraph. "
                  text run at (301,18) width 461: "I'll fill it with extra text to make the conformance (or lack thereof) more"
                  text run at (0,36) width 59: "obvious. "
                  text run at (58,36) width 669: "A background color is present, although if it is visible, then the image may not have been tiled correctly."
              LayoutBlockFlow {P} at (4,478) size 762x54 [bgcolor=#FF0000]
                LayoutText {#text} at (0,0) size 738x53
                  text run at (0,0) width 499: "This sentence should have a fully tiled background which starts at its top left. "
                  text run at (498,0) width 229: "I'll fill it with extra text to make the"
                  text run at (0,18) width 291: "conformance (or lack thereof) more obvious. "
                  text run at (290,18) width 448: "A background color is present, although if it is visible, then the image"
                  text run at (0,36) width 217: "may not have been tiled correctly."
              LayoutBlockFlow {P} at (4,548) size 762x72 [bgcolor=#FF0000]
                LayoutText {#text} at (0,0) size 760x71
                  text run at (0,0) width 760: "This sentence should have a fully tiled background which starts at its bottom right; in other words, a complete instance"
                  text run at (0,18) width 719: "of the image should be anchored in the bottom right corner, with the tiled background extending out from there. "
                  text run at (718,18) width 41: "I'll fill"
                  text run at (0,36) width 479: "it with extra text to make the conformance (or lack thereof) more obvious. "
                  text run at (478,36) width 272: "A background color is present, although if"
                  text run at (0,54) width 394: "it is visible, then the image may not have been tiled correctly."
              LayoutBlockFlow {P} at (4,636) size 762x108 [bgcolor=#FF0000]
                LayoutText {#text} at (0,0) size 761x107
                  text run at (0,0) width 737: "This sentence should have a fully tiled background which starts at its center and is tiled in all directions; that is, the"
                  text run at (0,18) width 414: "background's origin should be the exact center of the paragraph. "
                  text run at (413,18) width 339: "I'll fill it with extra text to make the conformance (or"
                  text run at (0,36) width 181: "lack thereof) more obvious. "
                  text run at (180,36) width 455: "In fact, a lot of extra text will be necessary to make this at all obvious. "
                  text run at (634,36) width 127: "This is true because"
                  text run at (0,54) width 746: "I am not able to increase the text size without resorting to either headings or other CSS properties, neither of which I"
                  text run at (0,72) width 213: "want to use in this circumstance. "
                  text run at (212,72) width 245: "This ought to be enough text, though. "
                  text run at (456,72) width 299: "A background color is present, although if it is"
                  text run at (0,90) width 366: "visible, then the image may not have been tiled correctly."
