layer at (0,0) size 800x600
  LayoutView at (0,0) size 800x600
layer at (0,0) size 800x600
  LayoutBlockFlow {HTML} at (0,0) size 800x600
    LayoutBlockFlow {BODY} at (8,8) size 784x584 [bgcolor=#CCCCCC]
      LayoutBlockFlow {P} at (0,0) size 784x18
        LayoutText {#text} at (0,0) size 363x17
          text run at (0,0) width 363: "The style declarations which apply to the text below are:"
      LayoutBlockFlow {PRE} at (0,34) size 784x32
        LayoutText {#text} at (0,0) size 160x32
          text run at (0,0) width 160: ".one {color: green;}"
          text run at (160,0) width 0: " "
          text run at (0,16) width 0: " "
      LayoutBlockFlow {HR} at (0,79) size 784x2 [border: (1px inset #EEEEEE)]
      LayoutBlockFlow {P} at (0,97) size 784x18 [color=#008000]
        LayoutText {#text} at (0,0) size 197x17
          text run at (0,0) width 197: "This sentence should be green."
      LayoutBlockFlow {P} at (0,131) size 784x18 [color=#008000]
        LayoutText {#text} at (0,0) size 197x17
          text run at (0,0) width 197: "This sentence should be green."
      LayoutTable {TABLE} at (0,165) size 219x88 [border: (1px outset #808080)]
        LayoutTableSection {TBODY} at (1,1) size 217x86
          LayoutTableRow {TR} at (0,0) size 217x26
            LayoutTableCell {TD} at (0,0) size 217x26 [bgcolor=#C0C0C0] [border: (1px inset #808080)] [r=0 c=0 rs=1 cs=2]
              LayoutInline {STRONG} at (0,0) size 161x17
                LayoutText {#text} at (4,4) size 161x17
                  text run at (4,4) width 161: "TABLE Testing Section"
          LayoutTableRow {TR} at (0,26) size 217x60
            LayoutTableCell {TD} at (0,43) size 12x26 [bgcolor=#C0C0C0] [border: (1px inset #808080)] [r=1 c=0 rs=1 cs=1]
              LayoutText {#text} at (4,4) size 4x17
                text run at (4,4) width 4: " "
            LayoutTableCell {TD} at (12,26) size 205x60 [border: (1px inset #808080)] [r=1 c=1 rs=1 cs=1]
              LayoutBlockFlow {P} at (4,4) size 197x18 [color=#008000]
                LayoutText {#text} at (0,0) size 197x17
                  text run at (0,0) width 197: "This sentence should be green."
              LayoutBlockFlow {P} at (4,38) size 197x18 [color=#008000]
                LayoutText {#text} at (0,0) size 197x17
                  text run at (0,0) width 197: "This sentence should be green."
