layer at (0,0) size 800x600
  LayoutView at (0,0) size 800x600
layer at (0,0) size 800x446
  LayoutBlockFlow {HTML} at (0,0) size 800x446
    LayoutBlockFlow {BODY} at (8,16) size 784x18
      LayoutBlockFlow {P} at (0,0) size 784x18
        LayoutText {#text} at (0,0) size 519x17
          text run at (0,0) width 506: "The following two blocks should be identical, including overflow. (Force bidi: "
          text run at (505,0) width 9 RTL: "\x{5D0}"
          text run at (513,0) width 6: ")"
      LayoutBlockFlow {DIV} at (0,34) size 784x0
        LayoutBlockFlow (floating) {P} at (16,16) size 179.67x166 [bgcolor=#FFFFCC] [border: (3px solid #000000)]
          LayoutInline {SPAN} at (0,0) size 151x37 [color=#000080] [border: (3px solid #000080) none (3px solid #000080)]
            LayoutText {#text} at (30,26) size 132x17
              text run at (30,26) width 132: "aaa bbb ccc  ddd eee"
          LayoutBR {BR} at (161,26) size 1x17
          LayoutInline {SPAN} at (0,0) size 39x37 [color=#000080] [border: (3px solid #000080) none]
            LayoutText {#text} at (11,74) size 20x17
              text run at (11,74) width 20: "fff "
          LayoutText {#text} at (49,74) size 74x17
            text run at (49,74) width 74: "ggg hhh iii "
          LayoutInline {SPAN} at (0,0) size 34x37 [color=#FFA500] [border: (3px solid #FFA500) none (3px solid #FFA500)]
            LayoutText {#text} at (141,74) size 15x17
              text run at (141,74) width 15: "jjj"
          LayoutBR {BR} at (155,74) size 1x17
          LayoutInline {SPAN} at (0,0) size 158x37 [color=#FFA500] [border: (3px solid #FFA500) none]
            LayoutText {#text} at (11,122) size 139x17
              text run at (11,122) width 139: "kkk lll mmm nnn ooo"
          LayoutText {#text} at (0,0) size 0x0
        LayoutBlockFlow (floating) {P} at (16,214) size 183.67x166 [bgcolor=#FFFFCC] [border: (3px solid #000000)]
          LayoutInline {SPAN} at (0,0) size 155x85 [color=#000080] [border: (3px solid #000080)]
            LayoutText {#text} at (30,26) size 136x17
              text run at (30,26) width 26: "aaa "
              text run at (55,26) width 29: "bbb "
              text run at (83,26) width 26: "ccc "
              text run at (108,26) width 29 RTL override: "ddd "
              text run at (136,26) width 30 RTL override: "\x{202E} eee "
            LayoutBR {BR} at (0,0) size 0x0
            LayoutText {#text} at (11,74) size 20x17
              text run at (11,74) width 20: "fff "
          LayoutText {#text} at (49,74) size 74x17
            text run at (49,74) width 29: "ggg "
            text run at (77,74) width 29: "hhh "
            text run at (105,74) width 18: "iii "
          LayoutInline {SPAN} at (0,0) size 162x85 [color=#FFA500] [border: (3px solid #FFA500)]
            LayoutText {#text} at (141,74) size 19x17
              text run at (141,74) width 19: "jjj "
            LayoutBR {BR} at (0,0) size 0x0
            LayoutText {#text} at (11,122) size 143x17
              text run at (11,122) width 28: "kkk "
              text run at (39,122) width 63: "lll \x{202C} mmm "
              text run at (101,122) width 29: "nnn "
              text run at (129,122) width 25: "ooo"
          LayoutText {#text} at (0,0) size 0x0
