layer at (0,0) size 800x600
  LayoutView at (0,0) size 800x600
layer at (0,0) size 800x220
  LayoutBlockFlow {HTML} at (0,0) size 800x220
    LayoutBlockFlow {BODY} at (8,16) size 784x196
      LayoutBlockFlow {P} at (0,0) size 784x18
        LayoutText {#text} at (0,0) size 339x17
          text run at (0,0) width 339: "Tests border-radius and box-shadow on a split inline."
      LayoutBlockFlow {DIV} at (0,34) size 200x162
        LayoutInline {SPAN} at (0,0) size 200x148 [border: (2px solid #008000)]
          LayoutText {#text} at (2,9) size 198x144
            text run at (2,9) width 147: "I am a span"
            text run at (0,63) width 171: "which is split"
            text run at (0,117) width 198: "over three lines"
        LayoutText {#text} at (0,0) size 0x0
