layer at (0,0) size 800x600
  LayoutView at (0,0) size 800x600
layer at (0,0) size 800x600
  LayoutBlockFlow {HTML} at (0,0) size 800x600
    LayoutBlockFlow {BODY} at (8,8) size 784x584
      LayoutText {#text} at (0,0) size 0x0
layer at (8,8) size 373x118 transparent
  LayoutInline {SPAN} at (0,0) size 373x118 [bgcolor=#808080]
    LayoutText {#text} at (75,23) size 298x26
      text run at (75,23) width 298: "This content should be masked"
    LayoutBR {BR} at (372,44) size 1x0
    LayoutText {#text} at (0,95) size 160x26
      text run at (0,95) width 160: "with a soft glow."
