layer at (0,0) size 800x600
  LayoutView at (0,0) size 800x600
layer at (0,0) size 800x522
  LayoutBlockFlow {HTML} at (0,0) size 800x522
    LayoutBlockFlow {BODY} at (8,16) size 784x498
      LayoutBlockFlow {P} at (0,0) size 784x18
        LayoutText {#text} at (0,0) size 709x17
          text run at (0,0) width 497: "Verify that the alignment and writing direction of each selected item matches "
          text run at (496,0) width 213: "the one below the pop-up button."
      LayoutBlockFlow {DIV} at (0,34) size 784x232
        LayoutMenuList {SELECT} at (0,0) size 500x22 [bgcolor=#FFFFFF] [border: (1px solid #A9A9A9)]
          LayoutBlockFlow (anonymous) at (1,1) size 498x20
            LayoutText (anonymous) at (4,1) size 177x17
              text run at (4,1) width 36: "First "
              text run at (39,1) width 54 RTL: ") \x{5E8}\x{5D1}\x{5D9}\x{5E2}\x{5D9}\x{5EA}"
              text run at (92,1) width 19: "03"
              text run at (110,1) width 41 RTL: "\x{5E9}\x{5E0}\x{5D9}\x{5D4} ("
              text run at (150,1) width 31: " fifth"
        LayoutBlockFlow {DIV} at (0,22) size 470x36
          LayoutText {#text} at (10,10) size 133x15
            text run at (10,10) width 27: "First "
            text run at (37,10) width 38 RTL: ") \x{5E8}\x{5D1}\x{5D9}\x{5E2}\x{5D9}\x{5EA}"
            text run at (75,10) width 14: "03"
            text run at (89,10) width 28 RTL: "\x{5E9}\x{5E0}\x{5D9}\x{5D4} ("
            text run at (117,10) width 26: " fifth"
        LayoutMenuList {SELECT} at (0,58) size 500x22 [bgcolor=#FFFFFF] [border: (1px solid #A9A9A9)]
          LayoutBlockFlow (anonymous) at (1,1) size 498x20
            LayoutText (anonymous) at (4,1) size 177x17
              text run at (4,1) width 26: "fifth"
              text run at (29,1) width 59 RTL: ") \x{5E8}\x{5D1}\x{5D9}\x{5E2}\x{5D9}\x{5EA} "
              text run at (87,1) width 19: "03"
              text run at (105,1) width 45 RTL: " \x{5E9}\x{5E0}\x{5D9}\x{5D4} ("
              text run at (149,1) width 32: "First"
        LayoutBlockFlow {DIV} at (0,80) size 470x36
          LayoutText {#text} at (10,10) size 133x15
            text run at (10,10) width 23: "fifth"
            text run at (33,10) width 41 RTL: ") \x{5E8}\x{5D1}\x{5D9}\x{5E2}\x{5D9}\x{5EA} "
            text run at (74,10) width 14: "03"
            text run at (88,10) width 31 RTL: " \x{5E9}\x{5E0}\x{5D9}\x{5D4} ("
            text run at (119,10) width 24: "First"
        LayoutMenuList {SELECT} at (0,116) size 500x22 [bgcolor=#FFFFFF] [border: (1px solid #A9A9A9)]
          LayoutBlockFlow (anonymous) at (1,1) size 498x20
            LayoutText (anonymous) at (4,1) size 177x17
              text run at (4,1) width 177 LTR override: "First \x{5E9}\x{5E0}\x{5D9}\x{5D4} (03) \x{5E8}\x{5D1}\x{5D9}\x{5E2}\x{5D9}\x{5EA} fifth"
        LayoutBlockFlow {DIV} at (0,138) size 470x36
          LayoutText {#text} at (10,10) size 133x15
            text run at (10,10) width 133 LTR override: "First \x{5E9}\x{5E0}\x{5D9}\x{5D4} (03) \x{5E8}\x{5D1}\x{5D9}\x{5E2}\x{5D9}\x{5EA} fifth"
        LayoutMenuList {SELECT} at (0,174) size 500x22 [bgcolor=#FFFFFF] [border: (1px solid #A9A9A9)]
          LayoutBlockFlow (anonymous) at (1,1) size 498x20
            LayoutText (anonymous) at (4,1) size 177x17
              text run at (4,1) width 177 RTL override: "First \x{5E9}\x{5E0}\x{5D9}\x{5D4} (03) \x{5E8}\x{5D1}\x{5D9}\x{5E2}\x{5D9}\x{5EA} fifth"
        LayoutBlockFlow {DIV} at (0,196) size 470x36
          LayoutText {#text} at (10,10) size 133x15
            text run at (10,10) width 133 RTL override: "First \x{5E9}\x{5E0}\x{5D9}\x{5D4} (03) \x{5E8}\x{5D1}\x{5D9}\x{5E2}\x{5D9}\x{5EA} fifth"
      LayoutBlockFlow {DIV} at (0,266) size 784x232
        LayoutMenuList {SELECT} at (0,0) size 500x22 [bgcolor=#FFFFFF] [border: (1px solid #A9A9A9)]
          LayoutBlockFlow (anonymous) at (1,1) size 498x20
            LayoutText (anonymous) at (317,1) size 177x17
              text run at (317,1) width 36: "First "
              text run at (352,1) width 54 RTL: ") \x{5E8}\x{5D1}\x{5D9}\x{5E2}\x{5D9}\x{5EA}"
              text run at (405,1) width 19: "03"
              text run at (423,1) width 41 RTL: "\x{5E9}\x{5E0}\x{5D9}\x{5D4} ("
              text run at (463,1) width 31: " fifth"
        LayoutBlockFlow {DIV} at (0,22) size 470x36
          LayoutText {#text} at (327,10) size 133x15
            text run at (327,10) width 27: "First "
            text run at (354,10) width 38 RTL: ") \x{5E8}\x{5D1}\x{5D9}\x{5E2}\x{5D9}\x{5EA}"
            text run at (392,10) width 14: "03"
            text run at (406,10) width 28 RTL: "\x{5E9}\x{5E0}\x{5D9}\x{5D4} ("
            text run at (434,10) width 26: " fifth"
        LayoutMenuList {SELECT} at (0,58) size 500x22 [bgcolor=#FFFFFF] [border: (1px solid #A9A9A9)]
          LayoutBlockFlow (anonymous) at (1,1) size 498x20
            LayoutText (anonymous) at (317,1) size 177x17
              text run at (317,1) width 26: "fifth"
              text run at (342,1) width 59 RTL: ") \x{5E8}\x{5D1}\x{5D9}\x{5E2}\x{5D9}\x{5EA} "
              text run at (400,1) width 19: "03"
              text run at (418,1) width 45 RTL: " \x{5E9}\x{5E0}\x{5D9}\x{5D4} ("
              text run at (462,1) width 32: "First"
        LayoutBlockFlow {DIV} at (0,80) size 470x36
          LayoutText {#text} at (327,10) size 133x15
            text run at (327,10) width 23: "fifth"
            text run at (350,10) width 41 RTL: ") \x{5E8}\x{5D1}\x{5D9}\x{5E2}\x{5D9}\x{5EA} "
            text run at (391,10) width 14: "03"
            text run at (405,10) width 31 RTL: " \x{5E9}\x{5E0}\x{5D9}\x{5D4} ("
            text run at (436,10) width 24: "First"
        LayoutMenuList {SELECT} at (0,116) size 500x22 [bgcolor=#FFFFFF] [border: (1px solid #A9A9A9)]
          LayoutBlockFlow (anonymous) at (1,1) size 498x20
            LayoutText (anonymous) at (317,1) size 177x17
              text run at (317,1) width 177 LTR override: "First \x{5E9}\x{5E0}\x{5D9}\x{5D4} (03) \x{5E8}\x{5D1}\x{5D9}\x{5E2}\x{5D9}\x{5EA} fifth"
        LayoutBlockFlow {DIV} at (0,138) size 470x36
          LayoutText {#text} at (327,10) size 133x15
            text run at (327,10) width 133 LTR override: "First \x{5E9}\x{5E0}\x{5D9}\x{5D4} (03) \x{5E8}\x{5D1}\x{5D9}\x{5E2}\x{5D9}\x{5EA} fifth"
        LayoutMenuList {SELECT} at (0,174) size 500x22 [bgcolor=#FFFFFF] [border: (1px solid #A9A9A9)]
          LayoutBlockFlow (anonymous) at (1,1) size 498x20
            LayoutText (anonymous) at (317,1) size 177x17
              text run at (317,1) width 177 RTL override: "First \x{5E9}\x{5E0}\x{5D9}\x{5D4} (03) \x{5E8}\x{5D1}\x{5D9}\x{5E2}\x{5D9}\x{5EA} fifth"
        LayoutBlockFlow {DIV} at (0,196) size 470x36
          LayoutText {#text} at (327,10) size 133x15
            text run at (327,10) width 133 RTL override: "First \x{5E9}\x{5E0}\x{5D9}\x{5D4} (03) \x{5E8}\x{5D1}\x{5D9}\x{5E2}\x{5D9}\x{5EA} fifth"
