layer at (0,0) size 800x600
  LayoutView at (0,0) size 800x600
layer at (0,0) size 800x594
  LayoutBlockFlow {HTML} at (0,0) size 800x593.97
    LayoutBlockFlow {BODY} at (8,21.33) size 784x564.64
      LayoutBlockFlow {P} at (0,0) size 784x25
        LayoutText {#text} at (0,0) size 140x24
          text run at (0,0) width 140: "Simple text path"
      LayoutBlockFlow (anonymous) at (0,46.33) size 784x219
        LayoutBlockFlow {SPAN} at (0,0) size 25x213.23
          LayoutText {#text} at (0,0) size 24x214
            text run at (0,0) width 214: "string\x{300C}\x{3042}\x{3001}\x{5909}\x{3063}\x{FF01}\x{300D}\x{3002}"
        LayoutText {#text} at (0,0) size 0x0
      LayoutBlockFlow {HR} at (0,275.98) size 784x2 [border: (1px inset #EEEEEE)]
      LayoutBlockFlow {P} at (0,299.31) size 784x25
        LayoutText {#text} at (0,0) size 158x24
          text run at (0,0) width 158: "Complex text path"
      LayoutBlockFlow (anonymous) at (0,345.64) size 784x219
        LayoutBlockFlow {SPAN} at (0,0) size 25x213.23
          LayoutText {#text} at (0,0) size 24x214
            text run at (0,0) width 214: "string\x{300C}\x{3042}\x{3001}\x{5909}\x{3063}\x{FF01}\x{300D}\x{3002}"
        LayoutText {#text} at (0,0) size 0x0
