layer at (0,0) size 800x600
  LayoutView at (0,0) size 800x600
layer at (0,0) size 800x331
  LayoutBlockFlow {HTML} at (0,0) size 800x331.09
    LayoutBlockFlow {BODY} at (5.55,5.55) size 788.91x320
      LayoutTable {TABLE} at (0,0) size 467x320
        LayoutTableSection {TBODY} at (0,0) size 467x320
          LayoutTableRow {TR} at (0,1) size 467x14
            LayoutTableCell {TH} at (1,1) size 64x14 [bgcolor=#DDDD99] [r=0 c=0 rs=1 cs=1]
              LayoutText {#text} at (5,0) size 54x14
                text run at (5,0) width 54: "viewBox?"
            LayoutTableCell {TH} at (66,1) size 118x14 [bgcolor=#DDDD99] [r=0 c=1 rs=1 cs=1]
              LayoutText {#text} at (0,0) size 118x14
                text run at (0,0) width 118: "preserve\x{AD}Aspect\x{AD}Ratio"
            LayoutTableCell {TH} at (185,1) size 140x14 [bgcolor=#DDDD99] [r=0 c=2 rs=1 cs=1]
              LayoutText {#text} at (53,0) size 34x14
                text run at (53,0) width 34: "<img>"
            LayoutTableCell {TH} at (326,1) size 140x14 [bgcolor=#DDDD99] [r=0 c=3 rs=1 cs=1]
              LayoutText {#text} at (47,0) size 46x14
                text run at (47,0) width 46: "<object>"
          LayoutTableRow {TR} at (0,16) size 467x37
            LayoutTableCell {TH} at (1,84) size 64x14 [bgcolor=#DDDD99] [r=1 c=0 rs=4 cs=1]
              LayoutText {#text} at (0,0) size 64x14
                text run at (0,0) width 64: "No viewBox"
            LayoutTableCell {TH} at (66,34) size 118x0 [bgcolor=#DDDD99] [r=1 c=1 rs=1 cs=1]
            LayoutTableCell {TD} at (185,16) size 140x37 [r=1 c=2 rs=1 cs=1]
              LayoutImage {IMG} at (0,0) size 138.88x34.72 [border: (1px dashed #800000)]
              LayoutText {#text} at (0,0) size 0x0
            LayoutTableCell {TD} at (326,16) size 140x37 [r=1 c=3 rs=1 cs=1]
              LayoutText {#text} at (0,0) size 0x0
          LayoutTableRow {TR} at (0,54) size 467x37
            LayoutTableCell {TH} at (66,65) size 118x14 [bgcolor=#DDDD99] [r=2 c=1 rs=1 cs=1]
              LayoutText {#text} at (45,0) size 28x14
                text run at (45,0) width 28: "none"
            LayoutTableCell {TD} at (185,54) size 140x37 [r=2 c=2 rs=1 cs=1]
              LayoutImage {IMG} at (0,0) size 138.88x34.72 [border: (1px dashed #800000)]
              LayoutText {#text} at (0,0) size 0x0
            LayoutTableCell {TD} at (326,54) size 140x37 [r=2 c=3 rs=1 cs=1]
              LayoutText {#text} at (0,0) size 0x0
          LayoutTableRow {TR} at (0,92) size 467x37
            LayoutTableCell {TH} at (66,103) size 118x14 [bgcolor=#DDDD99] [r=3 c=1 rs=1 cs=1]
              LayoutText {#text} at (44,0) size 30x14
                text run at (44,0) width 30: "meet"
            LayoutTableCell {TD} at (185,92) size 140x37 [r=3 c=2 rs=1 cs=1]
              LayoutImage {IMG} at (0,0) size 138.88x34.72 [border: (1px dashed #800000)]
              LayoutText {#text} at (0,0) size 0x0
            LayoutTableCell {TD} at (326,92) size 140x37 [r=3 c=3 rs=1 cs=1]
              LayoutText {#text} at (0,0) size 0x0
          LayoutTableRow {TR} at (0,130) size 467x37
            LayoutTableCell {TH} at (66,141) size 118x14 [bgcolor=#DDDD99] [r=4 c=1 rs=1 cs=1]
              LayoutText {#text} at (46,0) size 26x14
                text run at (46,0) width 26: "slice"
            LayoutTableCell {TD} at (185,130) size 140x37 [r=4 c=2 rs=1 cs=1]
              LayoutImage {IMG} at (0,0) size 138.88x34.72 [border: (1px dashed #800000)]
              LayoutText {#text} at (0,0) size 0x0
            LayoutTableCell {TD} at (326,130) size 140x37 [r=4 c=3 rs=1 cs=1]
              LayoutText {#text} at (0,0) size 0x0
          LayoutTableRow {TR} at (0,168) size 467x37
            LayoutTableCell {TH} at (1,236) size 64x14 [bgcolor=#DDDD99] [r=5 c=0 rs=4 cs=1]
              LayoutText {#text} at (9,0) size 46x14
                text run at (9,0) width 46: "viewBox"
            LayoutTableCell {TH} at (66,186) size 118x0 [bgcolor=#DDDD99] [r=5 c=1 rs=1 cs=1]
            LayoutTableCell {TD} at (185,168) size 140x37 [r=5 c=2 rs=1 cs=1]
              LayoutImage {IMG} at (0,0) size 138.88x34.72 [border: (1px dashed #800000)]
              LayoutText {#text} at (0,0) size 0x0
            LayoutTableCell {TD} at (326,168) size 140x37 [r=5 c=3 rs=1 cs=1]
              LayoutText {#text} at (0,0) size 0x0
          LayoutTableRow {TR} at (0,206) size 467x37
            LayoutTableCell {TH} at (66,217) size 118x14 [bgcolor=#DDDD99] [r=6 c=1 rs=1 cs=1]
              LayoutText {#text} at (45,0) size 28x14
                text run at (45,0) width 28: "none"
            LayoutTableCell {TD} at (185,206) size 140x37 [r=6 c=2 rs=1 cs=1]
              LayoutImage {IMG} at (0,0) size 138.88x34.72 [border: (1px dashed #800000)]
              LayoutText {#text} at (0,0) size 0x0
            LayoutTableCell {TD} at (326,206) size 140x37 [r=6 c=3 rs=1 cs=1]
              LayoutText {#text} at (0,0) size 0x0
          LayoutTableRow {TR} at (0,244) size 467x37
            LayoutTableCell {TH} at (66,255) size 118x14 [bgcolor=#DDDD99] [r=7 c=1 rs=1 cs=1]
              LayoutText {#text} at (44,0) size 30x14
                text run at (44,0) width 30: "meet"
            LayoutTableCell {TD} at (185,244) size 140x37 [r=7 c=2 rs=1 cs=1]
              LayoutImage {IMG} at (0,0) size 138.88x34.72 [border: (1px dashed #800000)]
              LayoutText {#text} at (0,0) size 0x0
            LayoutTableCell {TD} at (326,244) size 140x37 [r=7 c=3 rs=1 cs=1]
              LayoutText {#text} at (0,0) size 0x0
          LayoutTableRow {TR} at (0,282) size 467x37
            LayoutTableCell {TH} at (66,293) size 118x14 [bgcolor=#DDDD99] [r=8 c=1 rs=1 cs=1]
              LayoutText {#text} at (46,0) size 26x14
                text run at (46,0) width 26: "slice"
            LayoutTableCell {TD} at (185,282) size 140x37 [r=8 c=2 rs=1 cs=1]
              LayoutImage {IMG} at (0,0) size 138.88x34.72 [border: (1px dashed #800000)]
              LayoutText {#text} at (0,0) size 0x0
            LayoutTableCell {TD} at (326,282) size 140x37 [r=8 c=3 rs=1 cs=1]
              LayoutText {#text} at (0,0) size 0x0
layer at (332,22) size 139x35
  LayoutEmbeddedObject {OBJECT} at (0,0) size 138.88x34.72 [border: (1px dashed #008000)]
    layer at (0,0) size 133x29
      LayoutView at (0,0) size 133x29
    layer at (0,0) size 133x29
      LayoutSVGRoot {svg} at (0,0) size 133x29
        LayoutSVGEllipse {circle} at (0,0) size 133x29 [stroke={[type=SOLID] [color=#000000]}] [fill={[type=SOLID] [color=#D9BB7A] [fill rule=EVEN-ODD]}] [cx=110.00] [cy=110.00] [r=110.00]
layer at (332,60) size 139x35
  LayoutEmbeddedObject {OBJECT} at (0,0) size 138.88x34.72 [border: (1px dashed #008000)]
    layer at (0,0) size 133x29
      LayoutView at (0,0) size 133x29
    layer at (0,0) size 133x29
      LayoutSVGRoot {svg} at (0,0) size 133x29
        LayoutSVGHiddenContainer {defs} at (0,0) size 0x0
        LayoutSVGContainer {g} at (0,0) size 133x29 [transform={m=((1.00,0.00)(0.00,1.00)) t=(-162.36,-403.29)}]
          LayoutSVGPath {path} at (0,0) size 133x29 [stroke={[type=SOLID] [color=#000000]}] [fill={[type=SOLID] [color=#D9BB7A] [fill rule=EVEN-ODD]}] [data="M 525.714 585.219 C 525.714 685.419 444.486 766.648 344.286 766.648 C 244.085 766.648 162.857 685.419 162.857 585.219 C 162.857 485.019 244.085 403.791 344.286 403.791 C 444.486 403.791 525.714 485.019 525.714 585.219 Z"]
layer at (332,98) size 139x35
  LayoutEmbeddedObject {OBJECT} at (0,0) size 138.88x34.72 [border: (1px dashed #008000)]
    layer at (0,0) size 133x29
      LayoutView at (0,0) size 133x29
    layer at (0,0) size 133x29
      LayoutSVGRoot {svg} at (0,0) size 133x29
        LayoutSVGHiddenContainer {defs} at (0,0) size 0x0
        LayoutSVGContainer {g} at (0,0) size 133x29 [transform={m=((1.00,0.00)(0.00,1.00)) t=(-162.36,-403.29)}]
          LayoutSVGPath {path} at (0,0) size 133x29 [stroke={[type=SOLID] [color=#000000]}] [fill={[type=SOLID] [color=#D9BB7A] [fill rule=EVEN-ODD]}] [data="M 525.714 585.219 C 525.714 685.419 444.486 766.648 344.286 766.648 C 244.085 766.648 162.857 685.419 162.857 585.219 C 162.857 485.019 244.085 403.791 344.286 403.791 C 444.486 403.791 525.714 485.019 525.714 585.219 Z"]
layer at (332,136) size 139x35
  LayoutEmbeddedObject {OBJECT} at (0,0) size 138.88x34.72 [border: (1px dashed #008000)]
    layer at (0,0) size 133x29
      LayoutView at (0,0) size 133x29
    layer at (0,0) size 133x29
      LayoutSVGRoot {svg} at (0,0) size 133x29
        LayoutSVGHiddenContainer {defs} at (0,0) size 0x0
        LayoutSVGContainer {g} at (0,0) size 133x29 [transform={m=((1.00,0.00)(0.00,1.00)) t=(-162.36,-403.29)}]
          LayoutSVGPath {path} at (0,0) size 133x29 [stroke={[type=SOLID] [color=#000000]}] [fill={[type=SOLID] [color=#D9BB7A] [fill rule=EVEN-ODD]}] [data="M 525.714 585.219 C 525.714 685.419 444.486 766.648 344.286 766.648 C 244.085 766.648 162.857 685.419 162.857 585.219 C 162.857 485.019 244.085 403.791 344.286 403.791 C 444.486 403.791 525.714 485.019 525.714 585.219 Z"]
layer at (332,174) size 139x35
  LayoutEmbeddedObject {OBJECT} at (0,0) size 138.88x34.72 [border: (1px dashed #008000)]
    layer at (0,0) size 133x29
      LayoutView at (0,0) size 133x29
    layer at (0,0) size 133x29
      LayoutSVGRoot {svg} at (51,0) size 23x22
        LayoutSVGHiddenContainer {defs} at (0,0) size 0x0
        LayoutSVGContainer {g} at (51,0) size 23x22 [transform={m=((1.00,0.00)(0.00,1.00)) t=(-162.36,-403.29)}]
          LayoutSVGPath {path} at (51,0) size 23x22 [stroke={[type=SOLID] [color=#000000]}] [fill={[type=SOLID] [color=#D9BB7A] [fill rule=EVEN-ODD]}] [data="M 525.714 585.219 C 525.714 685.419 444.486 766.648 344.286 766.648 C 244.085 766.648 162.857 685.419 162.857 585.219 C 162.857 485.019 244.085 403.791 344.286 403.791 C 444.486 403.791 525.714 485.019 525.714 585.219 Z"]
layer at (332,212) size 139x35
  LayoutEmbeddedObject {OBJECT} at (0,0) size 138.88x34.72 [border: (1px dashed #008000)]
    layer at (0,0) size 133x29
      LayoutView at (0,0) size 133x29
    layer at (0,0) size 133x29
      LayoutSVGRoot {svg} at (0,0) size 97x22
        LayoutSVGHiddenContainer {defs} at (0,0) size 0x0
        LayoutSVGContainer {g} at (0,0) size 97x22 [transform={m=((1.00,0.00)(0.00,1.00)) t=(-162.36,-403.29)}]
          LayoutSVGPath {path} at (0,0) size 98x22 [stroke={[type=SOLID] [color=#000000]}] [fill={[type=SOLID] [color=#D9BB7A] [fill rule=EVEN-ODD]}] [data="M 525.714 585.219 C 525.714 685.419 444.486 766.648 344.286 766.648 C 244.085 766.648 162.857 685.419 162.857 585.219 C 162.857 485.019 244.085 403.791 344.286 403.791 C 444.486 403.791 525.714 485.019 525.714 585.219 Z"]
layer at (332,250) size 139x35
  LayoutEmbeddedObject {OBJECT} at (0,0) size 138.88x34.72 [border: (1px dashed #008000)]
    layer at (0,0) size 133x29
      LayoutView at (0,0) size 133x29
    layer at (0,0) size 133x29
      LayoutSVGRoot {svg} at (51,0) size 23x22
        LayoutSVGHiddenContainer {defs} at (0,0) size 0x0
        LayoutSVGContainer {g} at (51,0) size 23x22 [transform={m=((1.00,0.00)(0.00,1.00)) t=(-162.36,-403.29)}]
          LayoutSVGPath {path} at (51,0) size 23x22 [stroke={[type=SOLID] [color=#000000]}] [fill={[type=SOLID] [color=#D9BB7A] [fill rule=EVEN-ODD]}] [data="M 525.714 585.219 C 525.714 685.419 444.486 766.648 344.286 766.648 C 244.085 766.648 162.857 685.419 162.857 585.219 C 162.857 485.019 244.085 403.791 344.286 403.791 C 444.486 403.791 525.714 485.019 525.714 585.219 Z"]
layer at (332,288) size 139x35
  LayoutEmbeddedObject {OBJECT} at (0,0) size 138.88x34.72 [border: (1px dashed #008000)]
    layer at (0,0) size 133x29
      LayoutView at (0,0) size 133x29
    layer at (0,0) size 133x29
      LayoutSVGRoot {svg} at (0,0) size 97x29
        LayoutSVGHiddenContainer {defs} at (0,0) size 0x0
        LayoutSVGContainer {g} at (0,0) size 97x29 [transform={m=((1.00,0.00)(0.00,1.00)) t=(-162.36,-403.29)}]
          LayoutSVGPath {path} at (0,0) size 98x29 [stroke={[type=SOLID] [color=#000000]}] [fill={[type=SOLID] [color=#D9BB7A] [fill rule=EVEN-ODD]}] [data="M 525.714 585.219 C 525.714 685.419 444.486 766.648 344.286 766.648 C 244.085 766.648 162.857 685.419 162.857 585.219 C 162.857 485.019 244.085 403.791 344.286 403.791 C 444.486 403.791 525.714 485.019 525.714 585.219 Z"]
