layer at (0,0) size 800x600
  LayoutView at (0,0) size 800x600
layer at (0,0) size 800x56
  LayoutBlockFlow {HTML} at (0,0) size 800x56
    LayoutBlockFlow {BODY} at (8,8) size 784x40 [color=#008000]
      LayoutListItem {LI} at (0,0) size 784x40
        LayoutBlockFlow (anonymous) at (0,0) size 784x40
          LayoutListMarker (anonymous) at (-1,0) size 13x40: bullet
          LayoutInline {<pseudo:before>} at (0,0) size 80x40
            LayoutTextFragment (anonymous) at (32,0) size 80x40
              text run at (32,0) width 80: "PA"
          LayoutText {#text} at (112,0) size 80x40
            text run at (112,0) width 80: "SS"
        LayoutBlockFlow {DIV} at (0,40) size 784x0
