layer at (0,0) size 800x600
  LayoutView at (0,0) size 800x600
layer at (0,0) size 800x160
  LayoutBlockFlow {HTML} at (0,0) size 800x160
    LayoutBlockFlow {BODY} at (8,32) size 784x96
      LayoutBlockFlow {UL} at (0,0) size 784x96
        LayoutListItem {LI} at (40,0) size 744x96 [color=#008000]
          LayoutBlockFlow (anonymous) at (0,0) size 744x32
            LayoutListMarker (anonymous) at (-25,0) size 11x32: bullet
          LayoutTable (anonymous) at (0,32) size 128x32
            LayoutTableSection (anonymous) at (0,0) size 128x32
              LayoutTableRow {<pseudo:before>} at (0,0) size 128x32 [color=#0000FF]
                LayoutTableCell (anonymous) at (0,0) size 128x32 [r=0 c=0 rs=1 cs=1]
                  LayoutTextFragment (anonymous) at (0,0) size 128x32
                    text run at (0,0) width 128: "ABCD"
          LayoutBlockFlow (anonymous) at (0,64) size 744x32
            LayoutText {#text} at (0,0) size 128x32
              text run at (0,0) width 128: "EFGH"
