layer at (0,0) size 800x600 clip at (0,0) size 785x600 scrollHeight 5467
  LayoutView at (0,0) size 800x600
layer at (0,0) size 785x5467 backgroundClip at (0,0) size 785x600 clip at (0,0) size 785x600
  LayoutBlockFlow {HTML} at (0,0) size 785x5467
    LayoutBlockFlow {BODY} at (8,8) size 769x5443
      LayoutBlockFlow (anonymous) at (0,0) size 769x18
        LayoutText {#text} at (0,0) size 352x17
          text run at (0,0) width 352: "This tests font choices and metrics for the fantasy font."
      LayoutBlockFlow {P} at (0,34) size 769x1805
        LayoutInline {FONT} at (0,0) size 53x1805
          LayoutText {#text} at (0,0) size 49x19
            text run at (0,0) width 49: "fantasy"
          LayoutBR {BR} at (48,16) size 1x0
          LayoutText {#text} at (0,19) size 12x19
            text run at (0,19) width 12: "    "
          LayoutBR {BR} at (11,35) size 1x0
          LayoutText {#text} at (0,38) size 18x19
            text run at (0,38) width 18: "!!!!"
          LayoutBR {BR} at (17,54) size 1x0
          LayoutText {#text} at (0,57) size 24x19
            text run at (0,57) width 24: "\"\"\"\""
          LayoutBR {BR} at (23,73) size 1x0
          LayoutText {#text} at (0,76) size 41x19
            text run at (0,76) width 41: "####"
          LayoutBR {BR} at (40,92) size 1x0
          LayoutText {#text} at (0,95) size 36x19
            text run at (0,95) width 36: "$$$$"
          LayoutBR {BR} at (35,111) size 1x0
          LayoutText {#text} at (0,114) size 45x19
            text run at (0,114) width 45: "%%%%"
          LayoutBR {BR} at (44,130) size 1x0
          LayoutText {#text} at (0,133) size 37x19
            text run at (0,133) width 37: "&&&&"
          LayoutBR {BR} at (36,149) size 1x0
          LayoutText {#text} at (0,152) size 12x19
            text run at (0,152) width 12: "''''"
          LayoutBR {BR} at (11,168) size 1x0
          LayoutText {#text} at (0,171) size 21x19
            text run at (0,171) width 21: "(((("
          LayoutBR {BR} at (20,187) size 1x0
          LayoutText {#text} at (0,190) size 21x19
            text run at (0,190) width 21: "))))"
          LayoutBR {BR} at (20,206) size 1x0
          LayoutText {#text} at (0,209) size 18x19
            text run at (0,209) width 18: "****"
          LayoutBR {BR} at (17,225) size 1x0
          LayoutText {#text} at (0,228) size 35x19
            text run at (0,228) width 35: "++++"
          LayoutBR {BR} at (34,244) size 1x0
          LayoutText {#text} at (0,247) size 11x19
            text run at (0,247) width 11: ",,,,"
          LayoutBR {BR} at (10,263) size 1x0
          LayoutText {#text} at (0,266) size 19x19
            text run at (0,266) width 19: "----"
          LayoutBR {BR} at (18,282) size 1x0
          LayoutText {#text} at (0,285) size 12x19
            text run at (0,285) width 12: "...."
          LayoutBR {BR} at (11,301) size 1x0
          LayoutText {#text} at (0,304) size 26x19
            text run at (0,304) width 26: "////"
          LayoutBR {BR} at (25,320) size 1x0
          LayoutText {#text} at (0,323) size 35x19
            text run at (0,323) width 35: "0000"
          LayoutBR {BR} at (34,339) size 1x0
          LayoutText {#text} at (0,342) size 25x19
            text run at (0,342) width 25: "1111"
          LayoutBR {BR} at (24,358) size 1x0
          LayoutText {#text} at (0,361) size 33x19
            text run at (0,361) width 33: "2222"
          LayoutBR {BR} at (32,377) size 1x0
          LayoutText {#text} at (0,380) size 34x19
            text run at (0,380) width 34: "3333"
          LayoutBR {BR} at (33,396) size 1x0
          LayoutText {#text} at (0,399) size 32x19
            text run at (0,399) width 32: "4444"
          LayoutBR {BR} at (31,415) size 1x0
          LayoutText {#text} at (0,418) size 35x19
            text run at (0,418) width 35: "5555"
          LayoutBR {BR} at (34,434) size 1x0
          LayoutText {#text} at (0,437) size 35x19
            text run at (0,437) width 35: "6666"
          LayoutBR {BR} at (34,453) size 1x0
          LayoutText {#text} at (0,456) size 26x19
            text run at (0,456) width 26: "7777"
          LayoutBR {BR} at (25,472) size 1x0
          LayoutText {#text} at (0,475) size 35x19
            text run at (0,475) width 35: "8888"
          LayoutBR {BR} at (34,491) size 1x0
          LayoutText {#text} at (0,494) size 35x19
            text run at (0,494) width 35: "9999"
          LayoutBR {BR} at (34,510) size 1x0
          LayoutText {#text} at (0,513) size 13x19
            text run at (0,513) width 13: "::::"
          LayoutBR {BR} at (12,529) size 1x0
          LayoutText {#text} at (0,532) size 13x19
            text run at (0,532) width 13: ";;;;"
          LayoutBR {BR} at (12,548) size 1x0
          LayoutText {#text} at (0,551) size 35x19
            text run at (0,551) width 35: "<<<<"
          LayoutBR {BR} at (34,567) size 1x0
          LayoutText {#text} at (0,570) size 35x19
            text run at (0,570) width 35: "===="
          LayoutBR {BR} at (34,586) size 1x0
          LayoutText {#text} at (0,589) size 35x19
            text run at (0,589) width 35: ">>>>"
          LayoutBR {BR} at (34,605) size 1x0
          LayoutText {#text} at (0,608) size 34x19
            text run at (0,608) width 34: "????"
          LayoutBR {BR} at (33,624) size 1x0
          LayoutText {#text} at (0,627) size 50x19
            text run at (0,627) width 50: "@@@@"
          LayoutBR {BR} at (49,643) size 1x0
          LayoutText {#text} at (0,646) size 33x19
            text run at (0,646) width 33: "AAAA"
          LayoutBR {BR} at (32,662) size 1x0
          LayoutText {#text} at (0,665) size 36x19
            text run at (0,665) width 36: "BBBB"
          LayoutBR {BR} at (35,681) size 1x0
          LayoutText {#text} at (0,684) size 36x19
            text run at (0,684) width 36: "CCCC"
          LayoutBR {BR} at (35,700) size 1x0
          LayoutText {#text} at (0,703) size 36x19
            text run at (0,703) width 36: "DDDD"
          LayoutBR {BR} at (35,719) size 1x0
          LayoutText {#text} at (0,722) size 27x19
            text run at (0,722) width 27: "EEEE"
          LayoutBR {BR} at (26,738) size 1x0
          LayoutText {#text} at (0,741) size 26x19
            text run at (0,741) width 26: "FFFF"
          LayoutBR {BR} at (25,757) size 1x0
          LayoutText {#text} at (0,760) size 36x19
            text run at (0,760) width 36: "GGGG"
          LayoutBR {BR} at (35,776) size 1x0
          LayoutText {#text} at (0,779) size 36x19
            text run at (0,779) width 36: "HHHH"
          LayoutBR {BR} at (35,795) size 1x0
          LayoutText {#text} at (0,798) size 19x19
            text run at (0,798) width 19: "IIII"
          LayoutBR {BR} at (18,814) size 1x0
          LayoutText {#text} at (0,817) size 22x19
            text run at (0,817) width 22: "JJJJ"
          LayoutBR {BR} at (21,833) size 1x0
          LayoutText {#text} at (0,836) size 35x19
            text run at (0,836) width 35: "KKKK"
          LayoutBR {BR} at (34,852) size 1x0
          LayoutText {#text} at (0,855) size 25x19
            text run at (0,855) width 25: "LLLL"
          LayoutBR {BR} at (24,871) size 1x0
          LayoutText {#text} at (0,874) size 46x19
            text run at (0,874) width 46: "MMMM"
          LayoutBR {BR} at (45,890) size 1x0
          LayoutText {#text} at (0,893) size 35x19
            text run at (0,893) width 35: "NNNN"
          LayoutBR {BR} at (34,909) size 1x0
          LayoutText {#text} at (0,912) size 35x19
            text run at (0,912) width 35: "OOOO"
          LayoutBR {BR} at (34,928) size 1x0
          LayoutText {#text} at (0,931) size 33x19
            text run at (0,931) width 33: "PPPP"
          LayoutBR {BR} at (32,947) size 1x0
          LayoutText {#text} at (0,950) size 35x19
            text run at (0,950) width 35: "QQQQ"
          LayoutBR {BR} at (34,966) size 1x0
          LayoutText {#text} at (0,969) size 35x19
            text run at (0,969) width 35: "RRRR"
          LayoutBR {BR} at (34,985) size 1x0
          LayoutText {#text} at (0,988) size 34x19
            text run at (0,988) width 34: "SSSS"
          LayoutBR {BR} at (33,1004) size 1x0
          LayoutText {#text} at (0,1007) size 30x19
            text run at (0,1007) width 30: "TTTT"
          LayoutBR {BR} at (29,1023) size 1x0
          LayoutText {#text} at (0,1026) size 35x19
            text run at (0,1026) width 35: "UUUU"
          LayoutBR {BR} at (35,1042) size 0x0
          LayoutText {#text} at (0,1045) size 34x19
            text run at (0,1045) width 34: "VVVV"
          LayoutBR {BR} at (33,1061) size 1x0
          LayoutText {#text} at (0,1064) size 53x19
            text run at (0,1064) width 53: "WWWW"
          LayoutBR {BR} at (52,1080) size 1x0
          LayoutText {#text} at (0,1083) size 31x19
            text run at (0,1083) width 31: "XXXX"
          LayoutBR {BR} at (30,1099) size 1x0
          LayoutText {#text} at (0,1102) size 31x19
            text run at (0,1102) width 31: "YYYY"
          LayoutBR {BR} at (30,1118) size 1x0
          LayoutText {#text} at (0,1121) size 26x19
            text run at (0,1121) width 26: "ZZZZ"
          LayoutBR {BR} at (25,1137) size 1x0
          LayoutText {#text} at (0,1140) size 19x19
            text run at (0,1140) width 19: "[[[["
          LayoutBR {BR} at (18,1156) size 1x0
          LayoutText {#text} at (0,1159) size 26x19
            text run at (0,1159) width 26: "\\\\\\\\"
          LayoutBR {BR} at (25,1175) size 1x0
          LayoutText {#text} at (0,1178) size 19x19
            text run at (0,1178) width 19: "]]]]"
          LayoutBR {BR} at (18,1194) size 1x0
          LayoutText {#text} at (0,1197) size 31x19
            text run at (0,1197) width 31: "^^^^"
          LayoutBR {BR} at (30,1213) size 1x0
          LayoutText {#text} at (0,1216) size 36x19
            text run at (0,1216) width 36: "____"
          LayoutBR {BR} at (35,1232) size 1x0
          LayoutText {#text} at (0,1235) size 22x19
            text run at (0,1235) width 22: "````"
          LayoutBR {BR} at (21,1251) size 1x0
          LayoutText {#text} at (0,1254) size 33x19
            text run at (0,1254) width 33: "aaaa"
          LayoutBR {BR} at (32,1270) size 1x0
          LayoutText {#text} at (0,1273) size 34x19
            text run at (0,1273) width 34: "bbbb"
          LayoutBR {BR} at (33,1289) size 1x0
          LayoutText {#text} at (0,1292) size 32x19
            text run at (0,1292) width 32: "cccc"
          LayoutBR {BR} at (31,1308) size 1x0
          LayoutText {#text} at (0,1311) size 34x19
            text run at (0,1311) width 34: "dddd"
          LayoutBR {BR} at (33,1327) size 1x0
          LayoutText {#text} at (0,1330) size 33x19
            text run at (0,1330) width 33: "eeee"
          LayoutBR {BR} at (32,1346) size 1x0
          LayoutText {#text} at (0,1349) size 19x19
            text run at (0,1349) width 19: "ffff"
          LayoutBR {BR} at (18,1365) size 1x0
          LayoutText {#text} at (0,1368) size 34x19
            text run at (0,1368) width 34: "gggg"
          LayoutBR {BR} at (33,1384) size 1x0
          LayoutText {#text} at (0,1387) size 34x19
            text run at (0,1387) width 34: "hhhh"
          LayoutBR {BR} at (33,1403) size 1x0
          LayoutText {#text} at (0,1406) size 18x19
            text run at (0,1406) width 18: "iiii"
          LayoutBR {BR} at (17,1422) size 1x0
          LayoutText {#text} at (0,1425) size 18x19
            text run at (0,1425) width 18: "jjjj"
          LayoutBR {BR} at (17,1441) size 1x0
          LayoutText {#text} at (0,1444) size 31x19
            text run at (0,1444) width 31: "kkkk"
          LayoutBR {BR} at (30,1460) size 1x0
          LayoutText {#text} at (0,1463) size 18x19
            text run at (0,1463) width 18: "llll"
          LayoutBR {BR} at (17,1479) size 1x0
          LayoutText {#text} at (0,1482) size 50x19
            text run at (0,1482) width 50: "mmmm"
          LayoutBR {BR} at (49,1498) size 1x0
          LayoutText {#text} at (0,1501) size 34x19
            text run at (0,1501) width 34: "nnnn"
          LayoutBR {BR} at (33,1517) size 1x0
          LayoutText {#text} at (0,1520) size 33x19
            text run at (0,1520) width 33: "oooo"
          LayoutBR {BR} at (32,1536) size 1x0
          LayoutText {#text} at (0,1539) size 34x19
            text run at (0,1539) width 34: "pppp"
          LayoutBR {BR} at (33,1555) size 1x0
          LayoutText {#text} at (0,1558) size 34x19
            text run at (0,1558) width 34: "qqqq"
          LayoutBR {BR} at (33,1574) size 1x0
          LayoutText {#text} at (0,1577) size 23x19
            text run at (0,1577) width 23: "rrrr"
          LayoutBR {BR} at (22,1593) size 1x0
          LayoutText {#text} at (0,1596) size 31x19
            text run at (0,1596) width 31: "ssss"
          LayoutBR {BR} at (30,1612) size 1x0
          LayoutText {#text} at (0,1615) size 20x19
            text run at (0,1615) width 20: "tttt"
          LayoutBR {BR} at (19,1631) size 1x0
          LayoutText {#text} at (0,1634) size 34x19
            text run at (0,1634) width 34: "uuuu"
          LayoutBR {BR} at (33,1650) size 1x0
          LayoutText {#text} at (0,1653) size 28x19
            text run at (0,1653) width 28: "vvvv"
          LayoutBR {BR} at (27,1669) size 1x0
          LayoutText {#text} at (0,1672) size 43x19
            text run at (0,1672) width 43: "wwww"
          LayoutBR {BR} at (42,1688) size 1x0
          LayoutText {#text} at (0,1691) size 28x19
            text run at (0,1691) width 28: "xxxx"
          LayoutBR {BR} at (27,1707) size 1x0
          LayoutText {#text} at (0,1710) size 29x19
            text run at (0,1710) width 29: "yyyy"
          LayoutBR {BR} at (28,1726) size 1x0
          LayoutText {#text} at (0,1729) size 23x19
            text run at (0,1729) width 23: "zzzz"
          LayoutBR {BR} at (22,1745) size 1x0
          LayoutText {#text} at (0,1748) size 24x19
            text run at (0,1748) width 24: "{{{{"
          LayoutBR {BR} at (23,1764) size 1x0
          LayoutText {#text} at (0,1767) size 18x19
            text run at (0,1767) width 18: "||||"
          LayoutBR {BR} at (17,1783) size 1x0
          LayoutText {#text} at (0,1786) size 24x19
            text run at (0,1786) width 24: "}}}}"
          LayoutBR {BR} at (23,1802) size 1x0
      LayoutBlockFlow {P} at (0,1855) size 769x1786
        LayoutInline {FONT} at (0,0) size 54x1786
          LayoutText {#text} at (0,0) size 0x0
          LayoutInline {B} at (0,0) size 54x1786
            LayoutText {#text} at (0,0) size 12x19
              text run at (0,0) width 12: "    "
            LayoutBR {BR} at (11,16) size 1x0
            LayoutText {#text} at (0,19) size 19x19
              text run at (0,19) width 19: "!!!!"
            LayoutBR {BR} at (18,35) size 1x0
            LayoutText {#text} at (0,38) size 25x19
              text run at (0,38) width 25: "\"\"\"\""
            LayoutBR {BR} at (24,54) size 1x0
            LayoutText {#text} at (0,57) size 42x19
              text run at (0,57) width 42: "####"
            LayoutBR {BR} at (41,73) size 1x0
            LayoutText {#text} at (0,76) size 37x19
              text run at (0,76) width 37: "$$$$"
            LayoutBR {BR} at (36,92) size 1x0
            LayoutText {#text} at (0,95) size 46x19
              text run at (0,95) width 46: "%%%%"
            LayoutBR {BR} at (45,111) size 1x0
            LayoutText {#text} at (0,114) size 39x19
              text run at (0,114) width 39: "&&&&"
            LayoutBR {BR} at (38,130) size 1x0
            LayoutText {#text} at (0,133) size 14x19
              text run at (0,133) width 14: "''''"
            LayoutBR {BR} at (13,149) size 1x0
            LayoutText {#text} at (0,152) size 22x19
              text run at (0,152) width 22: "(((("
            LayoutBR {BR} at (21,168) size 1x0
            LayoutText {#text} at (0,171) size 22x19
              text run at (0,171) width 22: "))))"
            LayoutBR {BR} at (21,187) size 1x0
            LayoutText {#text} at (0,190) size 20x19
              text run at (0,190) width 20: "****"
            LayoutBR {BR} at (19,206) size 1x0
            LayoutText {#text} at (0,209) size 36x19
              text run at (0,209) width 36: "++++"
            LayoutBR {BR} at (35,225) size 1x0
            LayoutText {#text} at (0,228) size 13x19
              text run at (0,228) width 13: ",,,,"
            LayoutBR {BR} at (12,244) size 1x0
            LayoutText {#text} at (0,247) size 21x19
              text run at (0,247) width 21: "----"
            LayoutBR {BR} at (20,263) size 1x0
            LayoutText {#text} at (0,266) size 14x19
              text run at (0,266) width 14: "...."
            LayoutBR {BR} at (13,282) size 1x0
            LayoutText {#text} at (0,285) size 27x19
              text run at (0,285) width 27: "////"
            LayoutBR {BR} at (26,301) size 1x0
            LayoutText {#text} at (0,304) size 36x19
              text run at (0,304) width 36: "0000"
            LayoutBR {BR} at (35,320) size 1x0
            LayoutText {#text} at (0,323) size 26x19
              text run at (0,323) width 26: "1111"
            LayoutBR {BR} at (25,339) size 1x0
            LayoutText {#text} at (0,342) size 34x19
              text run at (0,342) width 34: "2222"
            LayoutBR {BR} at (33,358) size 1x0
            LayoutText {#text} at (0,361) size 36x19
              text run at (0,361) width 36: "3333"
            LayoutBR {BR} at (35,377) size 1x0
            LayoutText {#text} at (0,380) size 34x19
              text run at (0,380) width 34: "4444"
            LayoutBR {BR} at (33,396) size 1x0
            LayoutText {#text} at (0,399) size 36x19
              text run at (0,399) width 36: "5555"
            LayoutBR {BR} at (35,415) size 1x0
            LayoutText {#text} at (0,418) size 36x19
              text run at (0,418) width 36: "6666"
            LayoutBR {BR} at (35,434) size 1x0
            LayoutText {#text} at (0,437) size 27x19
              text run at (0,437) width 27: "7777"
            LayoutBR {BR} at (26,453) size 1x0
            LayoutText {#text} at (0,456) size 36x19
              text run at (0,456) width 36: "8888"
            LayoutBR {BR} at (35,472) size 1x0
            LayoutText {#text} at (0,475) size 36x19
              text run at (0,475) width 36: "9999"
            LayoutBR {BR} at (35,491) size 1x0
            LayoutText {#text} at (0,494) size 15x19
              text run at (0,494) width 15: "::::"
            LayoutBR {BR} at (14,510) size 1x0
            LayoutText {#text} at (0,513) size 15x19
              text run at (0,513) width 15: ";;;;"
            LayoutBR {BR} at (14,529) size 1x0
            LayoutText {#text} at (0,532) size 36x19
              text run at (0,532) width 36: "<<<<"
            LayoutBR {BR} at (35,548) size 1x0
            LayoutText {#text} at (0,551) size 36x19
              text run at (0,551) width 36: "===="
            LayoutBR {BR} at (35,567) size 1x0
            LayoutText {#text} at (0,570) size 36x19
              text run at (0,570) width 36: ">>>>"
            LayoutBR {BR} at (35,586) size 1x0
            LayoutText {#text} at (0,589) size 35x19
              text run at (0,589) width 35: "????"
            LayoutBR {BR} at (34,605) size 1x0
            LayoutText {#text} at (0,608) size 51x19
              text run at (0,608) width 51: "@@@@"
            LayoutBR {BR} at (50,624) size 1x0
            LayoutText {#text} at (0,627) size 34x19
              text run at (0,627) width 34: "AAAA"
            LayoutBR {BR} at (33,643) size 1x0
            LayoutText {#text} at (0,646) size 37x19
              text run at (0,646) width 37: "BBBB"
            LayoutBR {BR} at (36,662) size 1x0
            LayoutText {#text} at (0,665) size 37x19
              text run at (0,665) width 37: "CCCC"
            LayoutBR {BR} at (36,681) size 1x0
            LayoutText {#text} at (0,684) size 37x19
              text run at (0,684) width 37: "DDDD"
            LayoutBR {BR} at (36,700) size 1x0
            LayoutText {#text} at (0,703) size 28x19
              text run at (0,703) width 28: "EEEE"
            LayoutBR {BR} at (27,719) size 1x0
            LayoutText {#text} at (0,722) size 27x19
              text run at (0,722) width 27: "FFFF"
            LayoutBR {BR} at (26,738) size 1x0
            LayoutText {#text} at (0,741) size 37x19
              text run at (0,741) width 37: "GGGG"
            LayoutBR {BR} at (36,757) size 1x0
            LayoutText {#text} at (0,760) size 37x19
              text run at (0,760) width 37: "HHHH"
            LayoutBR {BR} at (36,776) size 1x0
            LayoutText {#text} at (0,779) size 20x19
              text run at (0,779) width 20: "IIII"
            LayoutBR {BR} at (19,795) size 1x0
            LayoutText {#text} at (0,798) size 23x19
              text run at (0,798) width 23: "JJJJ"
            LayoutBR {BR} at (22,814) size 1x0
            LayoutText {#text} at (0,817) size 36x19
              text run at (0,817) width 36: "KKKK"
            LayoutBR {BR} at (35,833) size 1x0
            LayoutText {#text} at (0,836) size 26x19
              text run at (0,836) width 26: "LLLL"
            LayoutBR {BR} at (25,852) size 1x0
            LayoutText {#text} at (0,855) size 48x19
              text run at (0,855) width 48: "MMMM"
            LayoutBR {BR} at (47,871) size 1x0
            LayoutText {#text} at (0,874) size 36x19
              text run at (0,874) width 36: "NNNN"
            LayoutBR {BR} at (35,890) size 1x0
            LayoutText {#text} at (0,893) size 37x19
              text run at (0,893) width 37: "OOOO"
            LayoutBR {BR} at (36,909) size 1x0
            LayoutText {#text} at (0,912) size 34x19
              text run at (0,912) width 34: "PPPP"
            LayoutBR {BR} at (33,928) size 1x0
            LayoutText {#text} at (0,931) size 37x19
              text run at (0,931) width 37: "QQQQ"
            LayoutBR {BR} at (36,947) size 1x0
            LayoutText {#text} at (0,950) size 36x19
              text run at (0,950) width 36: "RRRR"
            LayoutBR {BR} at (35,966) size 1x0
            LayoutText {#text} at (0,969) size 35x19
              text run at (0,969) width 35: "SSSS"
            LayoutBR {BR} at (34,985) size 1x0
            LayoutText {#text} at (0,988) size 31x19
              text run at (0,988) width 31: "TTTT"
            LayoutBR {BR} at (30,1004) size 1x0
            LayoutText {#text} at (0,1007) size 37x19
              text run at (0,1007) width 37: "UUUU"
            LayoutBR {BR} at (36,1023) size 1x0
            LayoutText {#text} at (0,1026) size 35x19
              text run at (0,1026) width 35: "VVVV"
            LayoutBR {BR} at (34,1042) size 1x0
            LayoutText {#text} at (0,1045) size 54x19
              text run at (0,1045) width 54: "WWWW"
            LayoutBR {BR} at (53,1061) size 1x0
            LayoutText {#text} at (0,1064) size 33x19
              text run at (0,1064) width 33: "XXXX"
            LayoutBR {BR} at (32,1080) size 1x0
            LayoutText {#text} at (0,1083) size 32x19
              text run at (0,1083) width 32: "YYYY"
            LayoutBR {BR} at (31,1099) size 1x0
            LayoutText {#text} at (0,1102) size 27x19
              text run at (0,1102) width 27: "ZZZZ"
            LayoutBR {BR} at (26,1118) size 1x0
            LayoutText {#text} at (0,1121) size 20x19
              text run at (0,1121) width 20: "[[[["
            LayoutBR {BR} at (19,1137) size 1x0
            LayoutText {#text} at (0,1140) size 27x19
              text run at (0,1140) width 27: "\\\\\\\\"
            LayoutBR {BR} at (26,1156) size 1x0
            LayoutText {#text} at (0,1159) size 20x19
              text run at (0,1159) width 20: "]]]]"
            LayoutBR {BR} at (19,1175) size 1x0
            LayoutText {#text} at (0,1178) size 33x19
              text run at (0,1178) width 33: "^^^^"
            LayoutBR {BR} at (32,1194) size 1x0
            LayoutText {#text} at (0,1197) size 37x19
              text run at (0,1197) width 37: "____"
            LayoutBR {BR} at (36,1213) size 1x0
            LayoutText {#text} at (0,1216) size 23x19
              text run at (0,1216) width 23: "````"
            LayoutBR {BR} at (22,1232) size 1x0
            LayoutText {#text} at (0,1235) size 34x19
              text run at (0,1235) width 34: "aaaa"
            LayoutBR {BR} at (33,1251) size 1x0
            LayoutText {#text} at (0,1254) size 35x19
              text run at (0,1254) width 35: "bbbb"
            LayoutBR {BR} at (34,1270) size 1x0
            LayoutText {#text} at (0,1273) size 33x19
              text run at (0,1273) width 33: "cccc"
            LayoutBR {BR} at (32,1289) size 1x0
            LayoutText {#text} at (0,1292) size 35x19
              text run at (0,1292) width 35: "dddd"
            LayoutBR {BR} at (34,1308) size 1x0
            LayoutText {#text} at (0,1311) size 34x19
              text run at (0,1311) width 34: "eeee"
            LayoutBR {BR} at (34,1327) size 0x0
            LayoutText {#text} at (0,1330) size 20x19
              text run at (0,1330) width 20: "ffff"
            LayoutBR {BR} at (19,1346) size 1x0
            LayoutText {#text} at (0,1349) size 35x19
              text run at (0,1349) width 35: "gggg"
            LayoutBR {BR} at (34,1365) size 1x0
            LayoutText {#text} at (0,1368) size 35x19
              text run at (0,1368) width 35: "hhhh"
            LayoutBR {BR} at (34,1384) size 1x0
            LayoutText {#text} at (0,1387) size 19x19
              text run at (0,1387) width 19: "iiii"
            LayoutBR {BR} at (18,1403) size 1x0
            LayoutText {#text} at (0,1406) size 20x19
              text run at (0,1406) width 20: "jjjj"
            LayoutBR {BR} at (19,1422) size 1x0
            LayoutText {#text} at (0,1425) size 32x19
              text run at (0,1425) width 32: "kkkk"
            LayoutBR {BR} at (31,1441) size 1x0
            LayoutText {#text} at (0,1444) size 19x19
              text run at (0,1444) width 19: "llll"
            LayoutBR {BR} at (18,1460) size 1x0
            LayoutText {#text} at (0,1463) size 51x19
              text run at (0,1463) width 51: "mmmm"
            LayoutBR {BR} at (50,1479) size 1x0
            LayoutText {#text} at (0,1482) size 35x19
              text run at (0,1482) width 35: "nnnn"
            LayoutBR {BR} at (34,1498) size 1x0
            LayoutText {#text} at (0,1501) size 34x19
              text run at (0,1501) width 34: "oooo"
            LayoutBR {BR} at (34,1517) size 0x0
            LayoutText {#text} at (0,1520) size 35x19
              text run at (0,1520) width 35: "pppp"
            LayoutBR {BR} at (34,1536) size 1x0
            LayoutText {#text} at (0,1539) size 35x19
              text run at (0,1539) width 35: "qqqq"
            LayoutBR {BR} at (34,1555) size 1x0
            LayoutText {#text} at (0,1558) size 25x19
              text run at (0,1558) width 25: "rrrr"
            LayoutBR {BR} at (24,1574) size 1x0
            LayoutText {#text} at (0,1577) size 32x19
              text run at (0,1577) width 32: "ssss"
            LayoutBR {BR} at (31,1593) size 1x0
            LayoutText {#text} at (0,1596) size 21x19
              text run at (0,1596) width 21: "tttt"
            LayoutBR {BR} at (20,1612) size 1x0
            LayoutText {#text} at (0,1615) size 35x19
              text run at (0,1615) width 35: "uuuu"
            LayoutBR {BR} at (34,1631) size 1x0
            LayoutText {#text} at (0,1634) size 30x19
              text run at (0,1634) width 30: "vvvv"
            LayoutBR {BR} at (29,1650) size 1x0
            LayoutText {#text} at (0,1653) size 45x19
              text run at (0,1653) width 45: "wwww"
            LayoutBR {BR} at (44,1669) size 1x0
            LayoutText {#text} at (0,1672) size 30x19
              text run at (0,1672) width 30: "xxxx"
            LayoutBR {BR} at (29,1688) size 1x0
            LayoutText {#text} at (0,1691) size 30x19
              text run at (0,1691) width 30: "yyyy"
            LayoutBR {BR} at (29,1707) size 1x0
            LayoutText {#text} at (0,1710) size 24x19
              text run at (0,1710) width 24: "zzzz"
            LayoutBR {BR} at (23,1726) size 1x0
            LayoutText {#text} at (0,1729) size 25x19
              text run at (0,1729) width 25: "{{{{"
            LayoutBR {BR} at (24,1745) size 1x0
            LayoutText {#text} at (0,1748) size 19x19
              text run at (0,1748) width 19: "||||"
            LayoutBR {BR} at (18,1764) size 1x0
            LayoutText {#text} at (0,1767) size 25x19
              text run at (0,1767) width 25: "}}}}"
            LayoutBR {BR} at (24,1783) size 1x0
          LayoutText {#text} at (0,0) size 0x0
      LayoutBlockFlow {P} at (0,3657) size 769x1786
        LayoutInline {FONT} at (0,0) size 53x1786
          LayoutText {#text} at (0,0) size 0x0
          LayoutInline {I} at (0,0) size 53x1786
            LayoutText {#text} at (0,0) size 12x19
              text run at (0,0) width 12: "    "
            LayoutBR {BR} at (11,16) size 1x0
            LayoutText {#text} at (0,19) size 18x19
              text run at (0,19) width 18: "!!!!"
            LayoutBR {BR} at (17,35) size 1x0
            LayoutText {#text} at (0,38) size 24x19
              text run at (0,38) width 24: "\"\"\"\""
            LayoutBR {BR} at (23,54) size 1x0
            LayoutText {#text} at (0,57) size 41x19
              text run at (0,57) width 41: "####"
            LayoutBR {BR} at (40,73) size 1x0
            LayoutText {#text} at (0,76) size 36x19
              text run at (0,76) width 36: "$$$$"
            LayoutBR {BR} at (35,92) size 1x0
            LayoutText {#text} at (0,95) size 45x19
              text run at (0,95) width 45: "%%%%"
            LayoutBR {BR} at (44,111) size 1x0
            LayoutText {#text} at (0,114) size 37x19
              text run at (0,114) width 37: "&&&&"
            LayoutBR {BR} at (36,130) size 1x0
            LayoutText {#text} at (0,133) size 12x19
              text run at (0,133) width 12: "''''"
            LayoutBR {BR} at (11,149) size 1x0
            LayoutText {#text} at (0,152) size 21x19
              text run at (0,152) width 21: "(((("
            LayoutBR {BR} at (20,168) size 1x0
            LayoutText {#text} at (0,171) size 21x19
              text run at (0,171) width 21: "))))"
            LayoutBR {BR} at (20,187) size 1x0
            LayoutText {#text} at (0,190) size 18x19
              text run at (0,190) width 18: "****"
            LayoutBR {BR} at (17,206) size 1x0
            LayoutText {#text} at (0,209) size 35x19
              text run at (0,209) width 35: "++++"
            LayoutBR {BR} at (34,225) size 1x0
            LayoutText {#text} at (0,228) size 11x19
              text run at (0,228) width 11: ",,,,"
            LayoutBR {BR} at (10,244) size 1x0
            LayoutText {#text} at (0,247) size 19x19
              text run at (0,247) width 19: "----"
            LayoutBR {BR} at (18,263) size 1x0
            LayoutText {#text} at (0,266) size 12x19
              text run at (0,266) width 12: "...."
            LayoutBR {BR} at (11,282) size 1x0
            LayoutText {#text} at (0,285) size 26x19
              text run at (0,285) width 26: "////"
            LayoutBR {BR} at (25,301) size 1x0
            LayoutText {#text} at (0,304) size 35x19
              text run at (0,304) width 35: "0000"
            LayoutBR {BR} at (34,320) size 1x0
            LayoutText {#text} at (0,323) size 25x19
              text run at (0,323) width 25: "1111"
            LayoutBR {BR} at (24,339) size 1x0
            LayoutText {#text} at (0,342) size 33x19
              text run at (0,342) width 33: "2222"
            LayoutBR {BR} at (32,358) size 1x0
            LayoutText {#text} at (0,361) size 34x19
              text run at (0,361) width 34: "3333"
            LayoutBR {BR} at (33,377) size 1x0
            LayoutText {#text} at (0,380) size 32x19
              text run at (0,380) width 32: "4444"
            LayoutBR {BR} at (31,396) size 1x0
            LayoutText {#text} at (0,399) size 35x19
              text run at (0,399) width 35: "5555"
            LayoutBR {BR} at (34,415) size 1x0
            LayoutText {#text} at (0,418) size 35x19
              text run at (0,418) width 35: "6666"
            LayoutBR {BR} at (34,434) size 1x0
            LayoutText {#text} at (0,437) size 26x19
              text run at (0,437) width 26: "7777"
            LayoutBR {BR} at (25,453) size 1x0
            LayoutText {#text} at (0,456) size 35x19
              text run at (0,456) width 35: "8888"
            LayoutBR {BR} at (34,472) size 1x0
            LayoutText {#text} at (0,475) size 35x19
              text run at (0,475) width 35: "9999"
            LayoutBR {BR} at (34,491) size 1x0
            LayoutText {#text} at (0,494) size 13x19
              text run at (0,494) width 13: "::::"
            LayoutBR {BR} at (12,510) size 1x0
            LayoutText {#text} at (0,513) size 13x19
              text run at (0,513) width 13: ";;;;"
            LayoutBR {BR} at (12,529) size 1x0
            LayoutText {#text} at (0,532) size 35x19
              text run at (0,532) width 35: "<<<<"
            LayoutBR {BR} at (34,548) size 1x0
            LayoutText {#text} at (0,551) size 35x19
              text run at (0,551) width 35: "===="
            LayoutBR {BR} at (34,567) size 1x0
            LayoutText {#text} at (0,570) size 35x19
              text run at (0,570) width 35: ">>>>"
            LayoutBR {BR} at (34,586) size 1x0
            LayoutText {#text} at (0,589) size 34x19
              text run at (0,589) width 34: "????"
            LayoutBR {BR} at (33,605) size 1x0
            LayoutText {#text} at (0,608) size 50x19
              text run at (0,608) width 50: "@@@@"
            LayoutBR {BR} at (49,624) size 1x0
            LayoutText {#text} at (0,627) size 33x19
              text run at (0,627) width 33: "AAAA"
            LayoutBR {BR} at (32,643) size 1x0
            LayoutText {#text} at (0,646) size 36x19
              text run at (0,646) width 36: "BBBB"
            LayoutBR {BR} at (35,662) size 1x0
            LayoutText {#text} at (0,665) size 36x19
              text run at (0,665) width 36: "CCCC"
            LayoutBR {BR} at (35,681) size 1x0
            LayoutText {#text} at (0,684) size 36x19
              text run at (0,684) width 36: "DDDD"
            LayoutBR {BR} at (35,700) size 1x0
            LayoutText {#text} at (0,703) size 27x19
              text run at (0,703) width 27: "EEEE"
            LayoutBR {BR} at (26,719) size 1x0
            LayoutText {#text} at (0,722) size 26x19
              text run at (0,722) width 26: "FFFF"
            LayoutBR {BR} at (25,738) size 1x0
            LayoutText {#text} at (0,741) size 36x19
              text run at (0,741) width 36: "GGGG"
            LayoutBR {BR} at (35,757) size 1x0
            LayoutText {#text} at (0,760) size 36x19
              text run at (0,760) width 36: "HHHH"
            LayoutBR {BR} at (35,776) size 1x0
            LayoutText {#text} at (0,779) size 19x19
              text run at (0,779) width 19: "IIII"
            LayoutBR {BR} at (18,795) size 1x0
            LayoutText {#text} at (0,798) size 22x19
              text run at (0,798) width 22: "JJJJ"
            LayoutBR {BR} at (21,814) size 1x0
            LayoutText {#text} at (0,817) size 35x19
              text run at (0,817) width 35: "KKKK"
            LayoutBR {BR} at (34,833) size 1x0
            LayoutText {#text} at (0,836) size 25x19
              text run at (0,836) width 25: "LLLL"
            LayoutBR {BR} at (24,852) size 1x0
            LayoutText {#text} at (0,855) size 46x19
              text run at (0,855) width 46: "MMMM"
            LayoutBR {BR} at (45,871) size 1x0
            LayoutText {#text} at (0,874) size 35x19
              text run at (0,874) width 35: "NNNN"
            LayoutBR {BR} at (34,890) size 1x0
            LayoutText {#text} at (0,893) size 35x19
              text run at (0,893) width 35: "OOOO"
            LayoutBR {BR} at (34,909) size 1x0
            LayoutText {#text} at (0,912) size 33x19
              text run at (0,912) width 33: "PPPP"
            LayoutBR {BR} at (32,928) size 1x0
            LayoutText {#text} at (0,931) size 35x19
              text run at (0,931) width 35: "QQQQ"
            LayoutBR {BR} at (34,947) size 1x0
            LayoutText {#text} at (0,950) size 35x19
              text run at (0,950) width 35: "RRRR"
            LayoutBR {BR} at (34,966) size 1x0
            LayoutText {#text} at (0,969) size 34x19
              text run at (0,969) width 34: "SSSS"
            LayoutBR {BR} at (33,985) size 1x0
            LayoutText {#text} at (0,988) size 30x19
              text run at (0,988) width 30: "TTTT"
            LayoutBR {BR} at (29,1004) size 1x0
            LayoutText {#text} at (0,1007) size 35x19
              text run at (0,1007) width 35: "UUUU"
            LayoutBR {BR} at (35,1023) size 0x0
            LayoutText {#text} at (0,1026) size 34x19
              text run at (0,1026) width 34: "VVVV"
            LayoutBR {BR} at (33,1042) size 1x0
            LayoutText {#text} at (0,1045) size 53x19
              text run at (0,1045) width 53: "WWWW"
            LayoutBR {BR} at (52,1061) size 1x0
            LayoutText {#text} at (0,1064) size 31x19
              text run at (0,1064) width 31: "XXXX"
            LayoutBR {BR} at (30,1080) size 1x0
            LayoutText {#text} at (0,1083) size 31x19
              text run at (0,1083) width 31: "YYYY"
            LayoutBR {BR} at (30,1099) size 1x0
            LayoutText {#text} at (0,1102) size 26x19
              text run at (0,1102) width 26: "ZZZZ"
            LayoutBR {BR} at (25,1118) size 1x0
            LayoutText {#text} at (0,1121) size 19x19
              text run at (0,1121) width 19: "[[[["
            LayoutBR {BR} at (18,1137) size 1x0
            LayoutText {#text} at (0,1140) size 26x19
              text run at (0,1140) width 26: "\\\\\\\\"
            LayoutBR {BR} at (25,1156) size 1x0
            LayoutText {#text} at (0,1159) size 19x19
              text run at (0,1159) width 19: "]]]]"
            LayoutBR {BR} at (18,1175) size 1x0
            LayoutText {#text} at (0,1178) size 31x19
              text run at (0,1178) width 31: "^^^^"
            LayoutBR {BR} at (30,1194) size 1x0
            LayoutText {#text} at (0,1197) size 36x19
              text run at (0,1197) width 36: "____"
            LayoutBR {BR} at (35,1213) size 1x0
            LayoutText {#text} at (0,1216) size 22x19
              text run at (0,1216) width 22: "````"
            LayoutBR {BR} at (21,1232) size 1x0
            LayoutText {#text} at (0,1235) size 33x19
              text run at (0,1235) width 33: "aaaa"
            LayoutBR {BR} at (32,1251) size 1x0
            LayoutText {#text} at (0,1254) size 34x19
              text run at (0,1254) width 34: "bbbb"
            LayoutBR {BR} at (33,1270) size 1x0
            LayoutText {#text} at (0,1273) size 32x19
              text run at (0,1273) width 32: "cccc"
            LayoutBR {BR} at (31,1289) size 1x0
            LayoutText {#text} at (0,1292) size 34x19
              text run at (0,1292) width 34: "dddd"
            LayoutBR {BR} at (33,1308) size 1x0
            LayoutText {#text} at (0,1311) size 33x19
              text run at (0,1311) width 33: "eeee"
            LayoutBR {BR} at (32,1327) size 1x0
            LayoutText {#text} at (0,1330) size 19x19
              text run at (0,1330) width 19: "ffff"
            LayoutBR {BR} at (18,1346) size 1x0
            LayoutText {#text} at (0,1349) size 34x19
              text run at (0,1349) width 34: "gggg"
            LayoutBR {BR} at (33,1365) size 1x0
            LayoutText {#text} at (0,1368) size 34x19
              text run at (0,1368) width 34: "hhhh"
            LayoutBR {BR} at (33,1384) size 1x0
            LayoutText {#text} at (0,1387) size 18x19
              text run at (0,1387) width 18: "iiii"
            LayoutBR {BR} at (17,1403) size 1x0
            LayoutText {#text} at (0,1406) size 18x19
              text run at (0,1406) width 18: "jjjj"
            LayoutBR {BR} at (17,1422) size 1x0
            LayoutText {#text} at (0,1425) size 31x19
              text run at (0,1425) width 31: "kkkk"
            LayoutBR {BR} at (30,1441) size 1x0
            LayoutText {#text} at (0,1444) size 18x19
              text run at (0,1444) width 18: "llll"
            LayoutBR {BR} at (17,1460) size 1x0
            LayoutText {#text} at (0,1463) size 50x19
              text run at (0,1463) width 50: "mmmm"
            LayoutBR {BR} at (49,1479) size 1x0
            LayoutText {#text} at (0,1482) size 34x19
              text run at (0,1482) width 34: "nnnn"
            LayoutBR {BR} at (33,1498) size 1x0
            LayoutText {#text} at (0,1501) size 33x19
              text run at (0,1501) width 33: "oooo"
            LayoutBR {BR} at (32,1517) size 1x0
            LayoutText {#text} at (0,1520) size 34x19
              text run at (0,1520) width 34: "pppp"
            LayoutBR {BR} at (33,1536) size 1x0
            LayoutText {#text} at (0,1539) size 34x19
              text run at (0,1539) width 34: "qqqq"
            LayoutBR {BR} at (33,1555) size 1x0
            LayoutText {#text} at (0,1558) size 23x19
              text run at (0,1558) width 23: "rrrr"
            LayoutBR {BR} at (22,1574) size 1x0
            LayoutText {#text} at (0,1577) size 31x19
              text run at (0,1577) width 31: "ssss"
            LayoutBR {BR} at (30,1593) size 1x0
            LayoutText {#text} at (0,1596) size 20x19
              text run at (0,1596) width 20: "tttt"
            LayoutBR {BR} at (19,1612) size 1x0
            LayoutText {#text} at (0,1615) size 34x19
              text run at (0,1615) width 34: "uuuu"
            LayoutBR {BR} at (33,1631) size 1x0
            LayoutText {#text} at (0,1634) size 28x19
              text run at (0,1634) width 28: "vvvv"
            LayoutBR {BR} at (27,1650) size 1x0
            LayoutText {#text} at (0,1653) size 43x19
              text run at (0,1653) width 43: "wwww"
            LayoutBR {BR} at (42,1669) size 1x0
            LayoutText {#text} at (0,1672) size 28x19
              text run at (0,1672) width 28: "xxxx"
            LayoutBR {BR} at (27,1688) size 1x0
            LayoutText {#text} at (0,1691) size 29x19
              text run at (0,1691) width 29: "yyyy"
            LayoutBR {BR} at (28,1707) size 1x0
            LayoutText {#text} at (0,1710) size 23x19
              text run at (0,1710) width 23: "zzzz"
            LayoutBR {BR} at (22,1726) size 1x0
            LayoutText {#text} at (0,1729) size 24x19
              text run at (0,1729) width 24: "{{{{"
            LayoutBR {BR} at (23,1745) size 1x0
            LayoutText {#text} at (0,1748) size 18x19
              text run at (0,1748) width 18: "||||"
            LayoutBR {BR} at (17,1764) size 1x0
            LayoutText {#text} at (0,1767) size 24x19
              text run at (0,1767) width 24: "}}}}"
            LayoutBR {BR} at (23,1783) size 1x0
          LayoutText {#text} at (0,0) size 0x0
        LayoutText {#text} at (0,0) size 0x0
