layer at (0,0) size 800x600
  LayoutView at (0,0) size 800x600
layer at (0,0) size 800x600
  LayoutBlockFlow {HTML} at (0,0) size 800x600
    LayoutBlockFlow {BODY} at (8,8) size 784x576
      LayoutBlockFlow {DIV} at (0,0) size 396x208 [border: (2px solid #FF0000)]
        LayoutBlockFlow {P} at (2,18) size 392x40
          LayoutText {#text} at (0,0) size 378x39
            text run at (0,0) width 378: "I\x{2019}m told this is the longest word in the English language: anti\x{AD}dis\x{AD}" + hyphen string "-"
            text run at (0,20) width 133: "est\x{AD}ab\x{AD}lish\x{AD}ment\x{AD}arian\x{AD}ism."
        LayoutBlockFlow {P} at (2,74) size 392x40
          LayoutText {#text} at (0,0) size 378x39
            text run at (0,0) width 378: "I\x{2019}m told this is the longest word in the English language: anti\x{AD}dis\x{AD}" + hyphen string "-"
            text run at (0,20) width 133: "est\x{AD}ab\x{AD}lish\x{AD}ment\x{AD}arian\x{AD}ism."
        LayoutBlockFlow {P} at (2,130) size 392x60
          LayoutText {#text} at (0,0) size 378x39
            text run at (0,0) width 378: "I\x{2019}m told this is the longest word in the English language: anti\x{AD}dis\x{AD}" + hyphen string "-"
            text run at (0,20) width 32: "est\x{AD}ab\x{AD}"
          LayoutBR {BR} at (32,35) size 0x0
          LayoutText {#text} at (0,40) size 101x19
            text run at (0,40) width 101: "lish\x{AD}ment\x{AD}arian\x{AD}ism."
      LayoutBlockFlow {P} at (0,224) size 784x0
      LayoutBlockFlow (floating) {DIV} at (0,224) size 509x148 [border: (2px solid #FF0000)]
        LayoutBlockFlow {P} at (2,18) size 505x20
          LayoutText {#text} at (0,0) size 505x19
            text run at (0,0) width 505: "I\x{2019}m told this is the longest word in the English language: anti\x{AD}dis\x{AD}est\x{AD}ab\x{AD}lish\x{AD}ment\x{AD}arian\x{AD}ism."
        LayoutBlockFlow {P} at (2,54) size 505x20
          LayoutText {#text} at (0,0) size 505x19
            text run at (0,0) width 505: "I\x{2019}m told this is the longest word in the English language: anti\x{AD}dis\x{AD}est\x{AD}ab\x{AD}lish\x{AD}ment\x{AD}arian\x{AD}ism."
        LayoutBlockFlow {P} at (2,90) size 505x40
          LayoutText {#text} at (0,0) size 404x19
            text run at (0,0) width 404: "I\x{2019}m told this is the longest word in the English language: anti\x{AD}dis\x{AD}est\x{AD}ab\x{AD}"
          LayoutBR {BR} at (404,15) size 0x0
          LayoutText {#text} at (0,20) size 101x19
            text run at (0,20) width 101: "lish\x{AD}ment\x{AD}arian\x{AD}ism."
