layer at (0,0) size 800x600
  LayoutView at (0,0) size 800x600
layer at (0,0) size 800x600
  LayoutBlockFlow {HTML} at (0,0) size 800x600
    LayoutBlockFlow {BODY} at (8,8) size 784x584
      LayoutBlockFlow {P} at (0,0) size 784x18
        LayoutText {#text} at (0,0) size 285x18
          text run at (0,0) width 285: "This tests GraphicsContext::drawBidiText()."
layer at (8,42) size 345x205 clip at (9,43) size 332x203 scrollHeight 206
  LayoutListBox {SELECT} at (0,34) size 344.80x205.34 [bgcolor=#FFFFFF] [border: (1px solid #999999)]
    LayoutBlockFlow {OPTION} at (1,1) size 331.80x22.59
      LayoutText {#text} at (2,0) size 225x21
        text run at (2,0) width 44: "First "
        text run at (45,0) width 67 RTL: ") \x{5E8}\x{5D1}\x{5D9}\x{5E2}\x{5D9}\x{5EA}"
        text run at (111,0) width 24: "03"
        text run at (134,0) width 51 RTL: "\x{5E9}\x{5E0}\x{5D9}\x{5D4} ("
        text run at (184,0) width 43: " fifth"
    LayoutBlockFlow {OPTION} at (1,23.59) size 331.80x22.59
      LayoutText {#text} at (105,0) size 225x21
        text run at (105,0) width 37: "fifth"
        text run at (141,0) width 72 RTL: ") \x{5E8}\x{5D1}\x{5D9}\x{5E2}\x{5D9}\x{5EA} "
        text run at (212,0) width 24: "03"
        text run at (235,0) width 57 RTL: " \x{5E9}\x{5E0}\x{5D9}\x{5D4} ("
        text run at (291,0) width 39: "First"
    LayoutBlockFlow {OPTION} at (1,46.19) size 331.80x22.59
      LayoutText {#text} at (2,0) size 225x21
        text run at (2,0) width 225 LTR override: "First \x{5E9}\x{5E0}\x{5D9}\x{5D4} (03) \x{5E8}\x{5D1}\x{5D9}\x{5E2}\x{5D9}\x{5EA} fifth"
    LayoutBlockFlow {OPTION} at (1,68.78) size 331.80x22.59
      LayoutText {#text} at (105,0) size 225x21
        text run at (105,0) width 225 RTL override: "First \x{5E9}\x{5E0}\x{5D9}\x{5D4} (03) \x{5E8}\x{5D1}\x{5D9}\x{5E2}\x{5D9}\x{5EA} fifth"
    LayoutBlockFlow {OPTION} at (1,91.38) size 331.80x22.59
      LayoutText {#text} at (2,0) size 113x21
        text run at (2,0) width 113 RTL: "\x{5DE}\x{5E9}\x{5D4}\x{5D5} \x{5E2}\x{5DD} \x{5E0}\x{5B4}\x{5E7}\x{5BC}\x{5D5}\x{5BC}\x{5D3}"
    LayoutBlockFlow {OPTION} at (1,113.97) size 331.80x25
      LayoutText {#text} at (2,0) size 74x21
        text run at (2,0) width 74 RTL: "\x{627}\x{644}\x{644}\x{63A}\x{629} \x{627}\x{644}\x{639}\x{631}\x{628}\x{64A}\x{629}"
    LayoutBlockFlow {OPTION} at (1,138.97) size 331.80x22.59
      LayoutText {#text} at (2,0) size 132x21
        text run at (2,0) width 132: "Et volia\x{300}: ATSUI!"
    LayoutBlockFlow {OPTION} at (1,161.56) size 331.80x22.59
      LayoutText {#text} at (2,0) size 312x21
        text run at (2,0) width 101: "Directional "
        text run at (102,0) width 82 RTL override: "\x{202E}overrides"
        text run at (183,0) width 131: "\x{202C} are confusing."
    LayoutBlockFlow {OPTION} at (1,184.16) size 331.80x22.59
      LayoutText {#text} at (2,0) size 328x21
        text run at (2,0) width 86: "She said \x{201C}"
        text run at (87,0) width 74 RTL: " \x{5D1}\x{5DE}\x{5D6}\x{5D5}\x{5D5}\x{5D3}\x{5D4}!"
        text run at (160,0) width 37: "TNT"
        text run at (196,0) width 25 RTL: "\x{202B}\x{5D9}\x{5E9} "
        text run at (220,0) width 110: "\x{202C}\x{201D} and ran off"
layer at (8,247) size 390x18 clip at (9,248) size 377x16
  LayoutListBox {SELECT} at (0,239.34) size 390.30x18 [bgcolor=#FFFFFF] [border: (1px solid #999999)]
    LayoutBlockFlow {OPTION} at (1,1) size 377.30x16
      LayoutText {#text} at (2,0) size 374x15
        text run at (2,0) width 374: "There are two ways to measure text: my way and the wrong way"
