layer at (0,0) size 800x600
  LayoutView at (0,0) size 800x600
layer at (0,0) size 800x104
  LayoutBlockFlow {html} at (0,0) size 800x104
    LayoutInline {head} at (0,0) size 80x17
      LayoutText {#text} at (0,0) size 0x0
      LayoutInline {title} at (0,0) size 76x17
        LayoutText {#text} at (0,86) size 76x17
          text run at (0,86) width 76: "SVG Image"
      LayoutText {#text} at (75,86) size 5x17
        text run at (75,86) width 5: " "
    LayoutText {#text} at (0,0) size 0x0
    LayoutInline {body} at (0,0) size 601x17
      LayoutText {#text} at (0,0) size 0x0
      LayoutSVGRoot {svg} at (89,10) size 101x60
        LayoutSVGImage {image} at (89,10) size 101x60
      LayoutText {#text} at (0,0) size 0x0
    LayoutText {#text} at (0,0) size 0x0
