layer at (0,0) size 800x600
  LayoutView at (0,0) size 800x600
layer at (0,0) size 400x400
  LayoutSVGRoot {svg} at (0,0) size 400x400
    LayoutSVGHiddenContainer {defs} at (0,0) size 0x0
      LayoutSVGResourceLinearGradient {linearGradient} [id="gradient"] [gradientUnits=objectBoundingBox] [start=(0,0)] [end=(0,1)]
        LayoutSVGGradientStop {stop} [offset=0.00] [color=#FF72B480]
        LayoutSVGGradientStop {stop} [offset=1.00] [color=#FF007B]
      LayoutSVGResourceLinearGradient {linearGradient} [id="h_stroke_gradient"] [gradientUnits=objectBoundingBox] [start=(0,0)] [end=(1,0)]
        LayoutSVGGradientStop {stop} [offset=0.00] [color=#000000]
        LayoutSVGGradientStop {stop} [offset=1.00] [color=#00000000]
      LayoutSVGResourceLinearGradient {linearGradient} [id="v_stroke_gradient"] [gradientUnits=objectBoundingBox] [start=(0,0)] [end=(0,1)]
        LayoutSVGGradientStop {stop} [offset=0.00] [color=#000000]
        LayoutSVGGradientStop {stop} [offset=1.00] [color=#00000000]
    LayoutSVGRect {rect} at (0,0) size 400x400 [fill={[type=LINEAR-GRADIENT] [id="gradient"]}] [x=0.00] [y=0.00] [width=400.00] [height=400.00]
    LayoutSVGContainer {g} at (9,6) size 381x29 [transform={m=((1.00,0.00)(0.00,1.00)) t=(10.00,10.00)}]
      LayoutSVGRect {rect} at (10,10) size 380x25 [opacity=0.50] [fill={[type=SOLID] [color=#FFFFFF]}] [x=0.00] [y=0.00] [width=380.00] [height=25.00]
      LayoutSVGContainer {g} at (9,9) size 381x26 [transform={m=((1.00,0.00)(0.00,1.00)) t=(-0.50,-0.50)}]
        LayoutSVGPath {line} at (9,9) size 381x1 [stroke={[type=LINEAR-GRADIENT] [id="h_stroke_gradient"]}] [fill={[type=SOLID] [color=#000000]}] [x1=0.00] [y1=0.00] [x2=380.00] [y2=0.00]
        LayoutSVGPath {line} at (9,9) size 1x26 [stroke={[type=LINEAR-GRADIENT] [id="v_stroke_gradient"]}] [fill={[type=SOLID] [color=#000000]}] [x1=0.00] [y1=-0.50] [x2=0.00] [y2=25.00]
      LayoutSVGText {text} at (2,-4) size 317x23 contains 1 chunk(s)
        LayoutSVGInlineText {#text} at (0,0) size 317x22
          chunk 1 text run 1 at (2.00,14.40) startOffset 0 endOffset 40 width 316.58: "This is hanging from the top-left corner"
    LayoutSVGForeignObject {foreignObject} at (10,45) size 380x150
      LayoutBlockFlow {html} at (0,0) size 380x124
        LayoutBlockFlow {body} at (8,0) size 364x124
          LayoutBlockFlow {p} at (0,0) size 364x90
            LayoutText {#text} at (0,0) size 353x35
              text run at (0,0) width 353: "The piece of text above should be aligned with the top-"
              text run at (0,18) width 293: "left corner of the rectangle below it. Both the "
            LayoutInline {code} at (0,0) size 49x16
              LayoutText {#text} at (292,20) size 49x16
                text run at (292,20) width 49: "<text>"
            LayoutText {#text} at (0,36) size 51x17
              text run at (0,36) width 51: "and the "
            LayoutInline {code} at (0,0) size 49x16
              LayoutText {#text} at (50,38) size 49x16
                text run at (50,38) width 49: "<rect>"
            LayoutText {#text} at (98,36) size 354x35
              text run at (98,36) width 256: " are located at the same coordinates and"
              text run at (0,54) width 24: "the "
            LayoutInline {code} at (0,0) size 49x16
              LayoutText {#text} at (23,56) size 49x16
                text run at (23,56) width 49: "<text>"
            LayoutText {#text} at (71,54) size 115x17
              text run at (71,54) width 115: " element uses the "
            LayoutInline {code} at (0,0) size 57x16
              LayoutText {#text} at (185,56) size 57x16
                text run at (185,56) width 57: "hanging"
            LayoutText {#text} at (241,54) size 81x17
              text run at (241,54) width 81: " value for its"
            LayoutInline {code} at (0,0) size 136x16
              LayoutText {#text} at (0,74) size 136x16
                text run at (0,74) width 136: "dominant-baseline"
            LayoutText {#text} at (136,72) size 62x17
              text run at (136,72) width 62: " attribute."
          LayoutBlockFlow {p} at (0,106) size 364x18
            LayoutInline {a} at (0,0) size 92x17 [color=#800000]
              LayoutText {#text} at (0,0) size 92x17
                text run at (0,0) width 92: "Antoine Quint"
            LayoutText {#text} at (91,0) size 92x17
              text run at (91,0) width 92: ", January 27th"
