layer at (0,0) size 800x600
  LayoutView at (0,0) size 800x600
layer at (0,0) size 800x600
  LayoutSVGRoot {svg} at (9,9) size 791x591
    LayoutSVGForeignObject {foreignObject} at (10,10) size 580x380
      LayoutBlockFlow {xhtml:div} at (0,0) size 580x18
        LayoutText {#text} at (0,0) size 81x17
          text run at (0,0) width 81: "This is a test"
      LayoutBlockFlow (anonymous) at (0,18) size 580x41
        LayoutInline {xhtml:a} at (0,0) size 68x17 [color=#0000EE]
          LayoutText {#text} at (0,0) size 68x17
            text run at (0,0) width 68: "and a link."
        LayoutBR {xhtml:br} at (67,0) size 1x17
        LayoutButton {xhtml:input} at (0,18) size 16x22 [bgcolor=#C0C0C0] [border: (2px outset #C0C0C0)]
        LayoutText {#text} at (0,0) size 0x0
    LayoutSVGRect {rect} at (9,9) size 582x382 [stroke={[type=SOLID] [color=#008000]}] [x=10.00] [y=10.00] [width=580.00] [height=380.00]
