layer at (0,0) size 800x600
  LayoutView at (0,0) size 800x600
layer at (0,0) size 800x0
  LayoutBlockFlow {html} at (0,0) size 800x0
layer at (48,38) size 722x542 layerType: background only
layer at (49,39) size 720x540
  LayoutSVGRoot (positioned) {svg} at (49,39) size 720x540
    LayoutSVGResourceLinearGradient {linearGradient} [id="gradient"] [gradientUnits=objectBoundingBox] [start=(0,0)] [end=(1,0)]
      LayoutSVGGradientStop {stop} [offset=0.00] [color=#FFFF00]
      LayoutSVGGradientStop {stop} [offset=1.00] [color=#008000]
    LayoutSVGRect {rect} at (49,39) size 720x540 [fill={[type=LINEAR-GRADIENT] [id="gradient"]}] [x=0.00] [y=0.00] [width=100.00] [height=100.00]
    LayoutSVGEllipse {circle} at (193,93) size 432x432 [fill={[type=LINEAR-GRADIENT] [id="gradient"]}] [cx=50.00] [cy=50.00] [r=30.00]
layer at (48,38) size 722x542 layerType: foreground only
  LayoutBlockFlow (positioned) {body} at (48,38) size 722x542 [border: (1px solid #000000)]
    LayoutBlockFlow {form} at (1,1) size 720x127.59
      LayoutFieldset {fieldset} at (2,0) size 716x127.59 [border: (2px groove #C0C0C0)]
        LayoutBlockFlow {legend} at (14,0) size 88x18
          LayoutText {#text} at (2,0) size 84x17
            text run at (2,0) width 84: "HTML Form"
        LayoutBlockFlow {p} at (14,39.59) size 688x22
          LayoutInline {label} at (0,0) size 110x17
            LayoutText {#text} at (0,2) size 110x17
              text run at (0,2) width 110: "Enter something:"
          LayoutText {#text} at (109,2) size 5x17
            text run at (109,2) width 5: " "
          LayoutTextControl {input} at (113.75,0) size 173x22 [bgcolor=#FFFFFF] [border: (2px inset #EEEEEE)]
          LayoutText {#text} at (0,0) size 0x0
        LayoutBlockFlow {p} at (14,77.59) size 688x22
          LayoutButton {button} at (0,0) size 65x22 [bgcolor=#C0C0C0] [border: (2px outset #C0C0C0)]
            LayoutBlockFlow (anonymous) at (8,3) size 49x16
              LayoutText {#text} at (0,0) size 49x16
                text run at (0,0) width 49: "Activate!"
layer at (181,82) size 169x16
  LayoutBlockFlow {div} at (2,3) size 169x16
