layer at (0,0) size 800x600
  LayoutView at (0,0) size 800x600
layer at (0,0) size 800x518
  LayoutBlockFlow {HTML} at (0,0) size 800x517.53
layer at (173,32) size 454x454
  LayoutBlockFlow (relative positioned) {BODY} at (173.23,32) size 453.53x453.53 [color=#FFFFFF] [bgcolor=#DD6600]
    LayoutBlockFlow {DIV} at (0,0) size 453.53x0
      LayoutBlockFlow {DIV} at (0,0) size 453.53x0
        LayoutBlockFlow {DIV} at (0,0) size 453.53x0
    LayoutBlockFlow {DIV} at (0,0) size 453.53x0
      LayoutInline {SPAN} at (0,0) size 0x0
    LayoutBlockFlow {DIV} at (0,0) size 453.53x0
      LayoutInline {SPAN} at (0,0) size 0x0
    LayoutBlockFlow {DIV} at (0,0) size 453.53x0
      LayoutInline {SPAN} at (0,0) size 0x0
    LayoutBlockFlow {DIV} at (0,0) size 453.53x0
      LayoutInline {SPAN} at (0,0) size 0x0
    LayoutBlockFlow {DIV} at (0,0) size 453.53x0
      LayoutInline {SPAN} at (0,0) size 0x0
    LayoutBlockFlow {DIV} at (0,0) size 453.53x0
      LayoutInline {SPAN} at (0,0) size 0x0
layer at (173,47) size 454x188
  LayoutBlockFlow (positioned) {H1} at (0,15.11) size 453.53x188 [color=#DD9955]
    LayoutInline {SPAN} at (0,0) size 343x191
      LayoutText {#text} at (63,-2) size 343x191
        text run at (63,-2) width 328: "CSS ZEN"
        text run at (55,92) width 343: "GARDEN"
layer at (173,119) size 454x22
  LayoutBlockFlow (positioned) {H2} at (0,87.47) size 453.53x22 [color=#EEFF00]
    LayoutInline {SPAN} at (0,0) size 206x21
      LayoutText {#text} at (124,0) size 114x21
        text run at (124,0) width 114: "The Beauty of "
      LayoutInline {ACRONYM} at (0,0) size 34x21
        LayoutText {#text} at (237,0) size 34x21
          text run at (237,0) width 34: "CSS"
      LayoutText {#text} at (270,0) size 60x21
        text run at (270,0) width 60: " Design"
layer at (173,351) size 454x135
  LayoutBlockFlow (positioned) {DIV} at (0,319.34) size 453.53x134.19
    LayoutInline {P} at (0,0) size 431x28
      LayoutInline {SPAN} at (0,0) size 431x28
        LayoutText {#text} at (11,0) size 431x28
          text run at (11,0) width 431: "Littering a dark and dreary road lay the past relics of browser-"
          text run at (11,14) width 197: "specific tags, incompatible "
        LayoutInline {ACRONYM} at (0,0) size 33x14
          LayoutText {#text} at (207,14) size 33x14
            text run at (207,14) width 33: "DOM"
        LayoutText {#text} at (239,14) size 112x14
          text run at (239,14) width 112: "s, and broken "
        LayoutInline {ACRONYM} at (0,0) size 28x14
          LayoutText {#text} at (350,14) size 28x14
            text run at (350,14) width 28: "CSS"
        LayoutText {#text} at (377,14) size 65x14
          text run at (377,14) width 65: " support."
    LayoutText {#text} at (0,0) size 0x0
    LayoutInline {P} at (0,0) size 431x42
      LayoutInline {SPAN} at (0,0) size 431x42
        LayoutText {#text} at (11,28) size 431x42
          text run at (11,28) width 431: "Today, we must clear the mind of past practices. Web"
          text run at (11,42) width 431: "enlightenment has been achieved thanks to the tireless efforts of"
          text run at (11,56) width 89: "folk like the "
        LayoutInline {ACRONYM} at (0,0) size 33x14
          LayoutText {#text} at (99,56) size 33x14
            text run at (99,56) width 33: "W3C"
        LayoutText {#text} at (131,56) size 11x14
          text run at (131,56) width 11: ", "
        LayoutInline {ACRONYM} at (0,0) size 41x14
          LayoutText {#text} at (141,56) size 41x14
            text run at (141,56) width 41: "WaSP"
        LayoutText {#text} at (181,56) size 230x14
          text run at (181,56) width 230: " and the major browser creators."
    LayoutText {#text} at (410,56) size 8x14
      text run at (410,56) width 8: " "
    LayoutInline {P} at (0,0) size 431x70
      LayoutInline {SPAN} at (0,0) size 431x70
        LayoutText {#text} at (417,56) size 431x70
          text run at (417,56) width 25: "The"
          text run at (11,70) width 431: "css Zen Garden invites you to relax and meditate on the"
          text run at (11,84) width 431: "important lessons of the masters. Begin to see with clarity. Learn"
          text run at (11,98) width 431: "to use the (yet to be) time-honored techniques in new and"
          text run at (11,112) width 314: "invigorating fashion. Become one with the web."
    LayoutText {#text} at (0,0) size 0x0
layer at (321,235) size 306x80
  LayoutBlockFlow (positioned) {H3} at (148.19,-115.88) size 305.34x80 [color=#CCCC77] [bgcolor=#888811] [border: (3px solid #888811) none (3px solid #888811)]
    LayoutInline {SPAN} at (0,0) size 276x83
      LayoutText {#text} at (45,-2) size 276x83
        text run at (45,-2) width 231: "The Road to"
        text run at (3,35) width 276: "Enlightenment"
