layer at (0,0) size 800x600 clip at (0,0) size 785x600 scrollY 2566.00 scrollHeight 3166
  LayoutView at (0,0) size 800x600
layer at (0,0) size 785x3166 backgroundClip at (0,0) size 785x600 clip at (0,0) size 785x600
  LayoutBlockFlow {HTML} at (0,0) size 785x3166
    LayoutBlockFlow {BODY} at (8,8) size 769x3142
      LayoutBlockFlow {P} at (0,0) size 769x18
        LayoutText {#text} at (0,0) size 54x17
          text run at (0,0) width 54: "Test for "
        LayoutInline {A} at (0,0) size 69x17 [color=#0000EE]
          LayoutText {#text} at (53,0) size 69x17
            text run at (53,0) width 69: "bug 12331"
        LayoutText {#text} at (121,0) size 5x17
          text run at (121,0) width 5: "."
      LayoutBlockFlow {P} at (0,34) size 769x36
        LayoutText {#text} at (0,0) size 754x35
          text run at (0,0) width 754: "To test manually, scroll down until you find the input element. Select some text. If the bug occurs, the page will scroll"
          text run at (0,18) width 119: "back up to the top."
      LayoutBlockFlow {DIV} at (0,86) size 769x3000
      LayoutBlockFlow (anonymous) at (0,3086) size 769x22
        LayoutTextControl {INPUT} at (0,0) size 173x22 [bgcolor=#FFFFFF] [border: (2px inset #EEEEEE)]
        LayoutText {#text} at (0,0) size 0x0
      LayoutBlockFlow {P} at (0,3124) size 769x18
        LayoutText {#text} at (0,0) size 411x17
          text run at (0,0) width 411: "If the bug does not occur, you'll be left down here at the bottom."
layer at (10,3097) size 169x16 backgroundClip at (0,0) size 0x0 clip at (0,0) size 0x0
  LayoutBlockFlow {DIV} at (2,3) size 169x16
    LayoutText {#text} at (0,0) size 136x16
      text run at (0,0) width 136: "select some of this text"
selection start: position 1 of child 0 {#text} of child 0 {DIV} of {#document-fragment} of child 7 {INPUT} of body
selection end:   position 15 of child 0 {#text} of child 0 {DIV} of {#document-fragment} of child 7 {INPUT} of body
scrolled to 0,2566
