layer at (0,0) size 800x600
  LayoutView at (0,0) size 800x600
layer at (0,0) size 800x82
  LayoutBlockFlow {HTML} at (0,0) size 800x82
    LayoutBlockFlow {BODY} at (8,16) size 784x58
      LayoutBlockFlow {P} at (0,0) size 784x18
        LayoutText {#text} at (0,0) size 164x18
          text run at (0,0) width 164: "This test should not crash"
      LayoutBlockFlow (anonymous) at (0,34) size 784x24
        LayoutText {#text} at (0,0) size 0x0
layer at (8,50) size 20x20
  LayoutBlockFlow {IMG} at (0,0) size 20x20
layer at (8,50) size 20x20 clip at (9,51) size 18x18
  LayoutBlockFlow {DIV} at (0,0) size 20x20 [border: (1px solid #C0C0C0)]
    LayoutImage {IMG} at (2,2) size 16x16
layer at (26,52) size 0x0
  LayoutBlockFlow {DIV} at (18,2) size 0x0
