layer at (0,0) size 800x600
  LayoutView at (0,0) size 800x600
layer at (0,0) size 800x173
  LayoutBlockFlow {HTML} at (0,0) size 800x173.44
    LayoutBlockFlow {BODY} at (8,18.72) size 784x138.72
      LayoutBlockFlow {H3} at (0,0) size 784x22
        LayoutText {#text} at (0,0) size 759x22
          text run at (0,0) width 759: "The glyph for JHA should look different for Nepali and Hindi, depending on the lang attribute."
      LayoutBlockFlow {P} at (0,40.72) size 784x22
        LayoutText {#text} at (0,1) size 91x21
          text run at (0,1) width 91: "Hindi:JHA \x{91D}"
      LayoutBlockFlow {P} at (0,78.72) size 784x22
        LayoutText {#text} at (0,1) size 102x21
          text run at (0,1) width 102: "Nepali:JHA \x{91D}"
      LayoutBlockFlow {P} at (0,116.72) size 784x22
        LayoutText {#text} at (0,1) size 87x21
          text run at (0,1) width 87: "Nepali:JHA "
        LayoutInline {SPAN} at (0,0) size 16x21
          LayoutText {#text} at (86,1) size 16x21
            text run at (86,1) width 16: "\x{91D}"
        LayoutText {#text} at (101,1) size 353x21
          text run at (101,1) width 353: " - \"ne\" in \"hi\" should look the same as above."
