layer at (0,0) size 800x600
  LayoutView at (0,0) size 800x600
layer at (0,0) size 800x241
  LayoutBlockFlow {HTML} at (0,0) size 800x241
    LayoutBlockFlow {BODY} at (8,8) size 784x225
      LayoutTextControl {INPUT} at (4,4) size 153x22 [bgcolor=#FFFFFF] [border: (2px inset #EEEEEE)]
      LayoutText {#text} at (161,5) size 4x19
        text run at (161,5) width 4: " "
      LayoutBR {BR} at (165,5) size 0x19
      LayoutTextControl {INPUT} at (4,34) size 155x24 [bgcolor=#FFFFFF] [border: (3px solid #00FF00)]
      LayoutText {#text} at (163,36) size 4x19
        text run at (163,36) width 4: " "
      LayoutTextControl {INPUT} at (171,35) size 153x22 [bgcolor=#FFFFFF] [border: (2px inset #EEEEEE)]
      LayoutText {#text} at (328,36) size 4x19
        text run at (328,36) width 4: " "
      LayoutBR {BR} at (332,36) size 0x19
      LayoutTextControl {INPUT} at (4,66) size 153x22 [border: (2px inset #EEEEEE)]
      LayoutText {#text} at (161,67) size 4x19
        text run at (161,67) width 4: " "
      LayoutBR {BR} at (165,67) size 0x19
      LayoutTextControl {INPUT} at (4,96) size 153x22 [bgcolor=#FFFFFF] [border: (2px inset #EEEEEE)]
      LayoutText {#text} at (161,97) size 4x19
        text run at (161,97) width 4: " "
      LayoutBR {BR} at (165,97) size 0x19
      LayoutTextControl {INPUT} at (4,132) size 180x25 [bgcolor=#FFFFFF] [border: (2px inset #EEEEEE)]
      LayoutText {#text} at (188,135) size 4x19
        text run at (188,135) width 4: " "
      LayoutTextControl {INPUT} at (196,128) size 228x30 [bgcolor=#FFFFFF] [border: (2px inset #EEEEEE)]
      LayoutText {#text} at (428,135) size 4x19
        text run at (428,135) width 4: " "
      LayoutTextControl {INPUT} at (436,126) size 277x34 [bgcolor=#FFFFFF] [border: (2px inset #EEEEEE)]
      LayoutText {#text} at (717,135) size 4x19
        text run at (717,135) width 4: " "
      LayoutBR {BR} at (721,135) size 0x19
      LayoutTextControl {INPUT} at (6,181) size 230x33 [bgcolor=#FFFFFF] [border: (3px inset #EEEEEE)]
      LayoutText {#text} at (242,189) size 4x19
        text run at (242,189) width 4: " "
      LayoutTextControl {INPUT} at (254,172) size 308x45 [bgcolor=#FFFFFF] [border: (4px inset #EEEEEE)]
      LayoutText {#text} at (570,189) size 4x19
        text run at (570,189) width 4: " "
      LayoutBR {BR} at (574,189) size 0x19
layer at (14,15) size 149x16
  LayoutBlockFlow {DIV} at (2,3) size 149x16
    LayoutText {#text} at (0,0) size 17x16
      text run at (0,0) width 17: "foo"
layer at (15,46) size 149x16
  LayoutBlockFlow {DIV} at (3,4) size 149x16
    LayoutText {#text} at (0,0) size 17x16
      text run at (0,0) width 17: "foo"
layer at (181,46) size 149x16
  LayoutBlockFlow {DIV} at (2,3) size 149x16
    LayoutText {#text} at (0,0) size 17x16
      text run at (0,0) width 17: "foo"
layer at (14,77) size 149x16
  LayoutBlockFlow {DIV} at (2,3) size 149x16
    LayoutText {#text} at (0,0) size 17x16
      text run at (0,0) width 17: "foo"
layer at (14,107) size 149x16
  LayoutBlockFlow {DIV} at (2,3) size 149x16
    LayoutText {#text} at (0,0) size 17x16
      text run at (0,0) width 17: "foo"
layer at (14,143) size 176x19
  LayoutBlockFlow {DIV} at (2,3) size 176x19
    LayoutText {#text} at (0,0) size 22x18
      text run at (0,0) width 22: "foo"
layer at (206,139) size 224x24
  LayoutBlockFlow {DIV} at (2,3) size 224x24
    LayoutText {#text} at (0,0) size 28x23
      text run at (0,0) width 28: "foo"
layer at (446,137) size 273x28
  LayoutBlockFlow {DIV} at (2,3) size 273x28
    LayoutText {#text} at (0,0) size 33x27
      text run at (0,0) width 33: "foo"
layer at (17,194) size 224x24
  LayoutBlockFlow {DIV} at (3,4.50) size 224x24
    LayoutText {#text} at (0,0) size 28x23
      text run at (0,0) width 28: "foo"
layer at (266,186) size 300x33
  LayoutBlockFlow {DIV} at (4,6) size 300x33
    LayoutText {#text} at (0,0) size 37x32
      text run at (0,0) width 37: "foo"
